[2026-07-01T09:09:41.877+0000] {processor.py:186} INFO - Started process (PID=103) to work on /home/airflow/.local/lib/python3.12/site-packages/airflow/example_dags/example_sensor_decorator.py
[2026-07-01T09:09:41.878+0000] {processor.py:914} INFO - Processing file /home/airflow/.local/lib/python3.12/site-packages/airflow/example_dags/example_sensor_decorator.py for tasks to queue
[2026-07-01T09:09:41.881+0000] {logging_mixin.py:190} INFO - [2026-07-01T09:09:41.880+0000] {dagbag.py:587} INFO - Filling up the DagBag from /home/airflow/.local/lib/python3.12/site-packages/airflow/example_dags/example_sensor_decorator.py
[2026-07-01T09:09:41.889+0000] {processor.py:925} INFO - DAG(s) 'example_sensor_decorator' retrieved from /home/airflow/.local/lib/python3.12/site-packages/airflow/example_dags/example_sensor_decorator.py
[2026-07-01T09:09:41.966+0000] {logging_mixin.py:190} INFO - [2026-07-01T09:09:41.965+0000] {override.py:1858} INFO - Created Permission View: can read on DAG:example_sensor_decorator
[2026-07-01T09:09:41.974+0000] {logging_mixin.py:190} INFO - [2026-07-01T09:09:41.973+0000] {override.py:1858} INFO - Created Permission View: can delete on DAG:example_sensor_decorator
[2026-07-01T09:09:41.979+0000] {logging_mixin.py:190} INFO - [2026-07-01T09:09:41.979+0000] {override.py:1858} INFO - Created Permission View: can edit on DAG:example_sensor_decorator
[2026-07-01T09:09:41.981+0000] {logging_mixin.py:190} INFO - [2026-07-01T09:09:41.981+0000] {dag.py:3211} INFO - Sync 1 DAGs
[2026-07-01T09:09:41.992+0000] {logging_mixin.py:190} INFO - [2026-07-01T09:09:41.992+0000] {dag.py:3234} INFO - Creating ORM DAG for example_sensor_decorator
[2026-07-01T09:09:41.993+0000] {logging_mixin.py:190} INFO - [2026-07-01T09:09:41.993+0000] {dag.py:4138} INFO - Setting next_dagrun for example_sensor_decorator to None, run_after=None
[2026-07-01T09:09:42.008+0000] {processor.py:208} INFO - Processing /home/airflow/.local/lib/python3.12/site-packages/airflow/example_dags/example_sensor_decorator.py took 0.136 seconds
[2026-07-01T09:10:12.118+0000] {processor.py:186} INFO - Started process (PID=165) to work on /home/airflow/.local/lib/python3.12/site-packages/airflow/example_dags/example_sensor_decorator.py
[2026-07-01T09:10:12.119+0000] {processor.py:914} INFO - Processing file /home/airflow/.local/lib/python3.12/site-packages/airflow/example_dags/example_sensor_decorator.py for tasks to queue
[2026-07-01T09:10:12.122+0000] {logging_mixin.py:190} INFO - [2026-07-01T09:10:12.122+0000] {dagbag.py:587} INFO - Filling up the DagBag from /home/airflow/.local/lib/python3.12/site-packages/airflow/example_dags/example_sensor_decorator.py
[2026-07-01T09:10:12.128+0000] {processor.py:925} INFO - DAG(s) 'example_sensor_decorator' retrieved from /home/airflow/.local/lib/python3.12/site-packages/airflow/example_dags/example_sensor_decorator.py
[2026-07-01T09:10:12.144+0000] {logging_mixin.py:190} INFO - [2026-07-01T09:10:12.144+0000] {dag.py:3211} INFO - Sync 1 DAGs
[2026-07-01T09:10:12.155+0000] {logging_mixin.py:190} INFO - [2026-07-01T09:10:12.155+0000] {dag.py:4138} INFO - Setting next_dagrun for example_sensor_decorator to None, run_after=None
[2026-07-01T09:10:12.169+0000] {processor.py:208} INFO - Processing /home/airflow/.local/lib/python3.12/site-packages/airflow/example_dags/example_sensor_decorator.py took 0.056 seconds
[2026-07-01T09:10:42.277+0000] {processor.py:186} INFO - Started process (PID=227) to work on /home/airflow/.local/lib/python3.12/site-packages/airflow/example_dags/example_sensor_decorator.py
[2026-07-01T09:10:42.278+0000] {processor.py:914} INFO - Processing file /home/airflow/.local/lib/python3.12/site-packages/airflow/example_dags/example_sensor_decorator.py for tasks to queue
[2026-07-01T09:10:42.279+0000] {logging_mixin.py:190} INFO - [2026-07-01T09:10:42.279+0000] {dagbag.py:587} INFO - Filling up the DagBag from /home/airflow/.local/lib/python3.12/site-packages/airflow/example_dags/example_sensor_decorator.py
[2026-07-01T09:10:42.285+0000] {processor.py:925} INFO - DAG(s) 'example_sensor_decorator' retrieved from /home/airflow/.local/lib/python3.12/site-packages/airflow/example_dags/example_sensor_decorator.py
[2026-07-01T09:10:42.297+0000] {logging_mixin.py:190} INFO - [2026-07-01T09:10:42.297+0000] {dag.py:3211} INFO - Sync 1 DAGs
[2026-07-01T09:10:42.307+0000] {logging_mixin.py:190} INFO - [2026-07-01T09:10:42.307+0000] {dag.py:4138} INFO - Setting next_dagrun for example_sensor_decorator to None, run_after=None
[2026-07-01T09:10:42.319+0000] {processor.py:208} INFO - Processing /home/airflow/.local/lib/python3.12/site-packages/airflow/example_dags/example_sensor_decorator.py took 0.045 seconds
[2026-07-01T09:11:12.563+0000] {processor.py:186} INFO - Started process (PID=289) to work on /home/airflow/.local/lib/python3.12/site-packages/airflow/example_dags/example_sensor_decorator.py
[2026-07-01T09:11:12.563+0000] {processor.py:914} INFO - Processing file /home/airflow/.local/lib/python3.12/site-packages/airflow/example_dags/example_sensor_decorator.py for tasks to queue
[2026-07-01T09:11:12.565+0000] {logging_mixin.py:190} INFO - [2026-07-01T09:11:12.565+0000] {dagbag.py:587} INFO - Filling up the DagBag from /home/airflow/.local/lib/python3.12/site-packages/airflow/example_dags/example_sensor_decorator.py
[2026-07-01T09:11:12.571+0000] {processor.py:925} INFO - DAG(s) 'example_sensor_decorator' retrieved from /home/airflow/.local/lib/python3.12/site-packages/airflow/example_dags/example_sensor_decorator.py
[2026-07-01T09:11:12.585+0000] {logging_mixin.py:190} INFO - [2026-07-01T09:11:12.585+0000] {dag.py:3211} INFO - Sync 1 DAGs
[2026-07-01T09:11:12.594+0000] {logging_mixin.py:190} INFO - [2026-07-01T09:11:12.593+0000] {dag.py:4138} INFO - Setting next_dagrun for example_sensor_decorator to None, run_after=None
[2026-07-01T09:11:12.604+0000] {processor.py:208} INFO - Processing /home/airflow/.local/lib/python3.12/site-packages/airflow/example_dags/example_sensor_decorator.py took 0.046 seconds
[2026-07-01T09:11:42.958+0000] {processor.py:186} INFO - Started process (PID=351) to work on /home/airflow/.local/lib/python3.12/site-packages/airflow/example_dags/example_sensor_decorator.py
[2026-07-01T09:11:42.959+0000] {processor.py:914} INFO - Processing file /home/airflow/.local/lib/python3.12/site-packages/airflow/example_dags/example_sensor_decorator.py for tasks to queue
[2026-07-01T09:11:42.962+0000] {logging_mixin.py:190} INFO - [2026-07-01T09:11:42.961+0000] {dagbag.py:587} INFO - Filling up the DagBag from /home/airflow/.local/lib/python3.12/site-packages/airflow/example_dags/example_sensor_decorator.py
[2026-07-01T09:11:42.971+0000] {processor.py:925} INFO - DAG(s) 'example_sensor_decorator' retrieved from /home/airflow/.local/lib/python3.12/site-packages/airflow/example_dags/example_sensor_decorator.py
[2026-07-01T09:11:42.989+0000] {logging_mixin.py:190} INFO - [2026-07-01T09:11:42.989+0000] {dag.py:3211} INFO - Sync 1 DAGs
[2026-07-01T09:11:43.000+0000] {logging_mixin.py:190} INFO - [2026-07-01T09:11:43.000+0000] {dag.py:4138} INFO - Setting next_dagrun for example_sensor_decorator to None, run_after=None
[2026-07-01T09:11:43.016+0000] {processor.py:208} INFO - Processing /home/airflow/.local/lib/python3.12/site-packages/airflow/example_dags/example_sensor_decorator.py took 0.063 seconds
[2026-07-01T09:12:13.316+0000] {processor.py:186} INFO - Started process (PID=413) to work on /home/airflow/.local/lib/python3.12/site-packages/airflow/example_dags/example_sensor_decorator.py
[2026-07-01T09:12:13.317+0000] {processor.py:914} INFO - Processing file /home/airflow/.local/lib/python3.12/site-packages/airflow/example_dags/example_sensor_decorator.py for tasks to queue
[2026-07-01T09:12:13.319+0000] {logging_mixin.py:190} INFO - [2026-07-01T09:12:13.319+0000] {dagbag.py:587} INFO - Filling up the DagBag from /home/airflow/.local/lib/python3.12/site-packages/airflow/example_dags/example_sensor_decorator.py
[2026-07-01T09:12:13.325+0000] {processor.py:925} INFO - DAG(s) 'example_sensor_decorator' retrieved from /home/airflow/.local/lib/python3.12/site-packages/airflow/example_dags/example_sensor_decorator.py
[2026-07-01T09:12:13.341+0000] {logging_mixin.py:190} INFO - [2026-07-01T09:12:13.340+0000] {dag.py:3211} INFO - Sync 1 DAGs
[2026-07-01T09:12:13.352+0000] {logging_mixin.py:190} INFO - [2026-07-01T09:12:13.352+0000] {dag.py:4138} INFO - Setting next_dagrun for example_sensor_decorator to None, run_after=None
[2026-07-01T09:12:13.365+0000] {processor.py:208} INFO - Processing /home/airflow/.local/lib/python3.12/site-packages/airflow/example_dags/example_sensor_decorator.py took 0.053 seconds
[2026-07-01T09:12:43.708+0000] {processor.py:186} INFO - Started process (PID=475) to work on /home/airflow/.local/lib/python3.12/site-packages/airflow/example_dags/example_sensor_decorator.py
[2026-07-01T09:12:43.708+0000] {processor.py:914} INFO - Processing file /home/airflow/.local/lib/python3.12/site-packages/airflow/example_dags/example_sensor_decorator.py for tasks to queue
[2026-07-01T09:12:43.710+0000] {logging_mixin.py:190} INFO - [2026-07-01T09:12:43.710+0000] {dagbag.py:587} INFO - Filling up the DagBag from /home/airflow/.local/lib/python3.12/site-packages/airflow/example_dags/example_sensor_decorator.py
[2026-07-01T09:12:43.716+0000] {processor.py:925} INFO - DAG(s) 'example_sensor_decorator' retrieved from /home/airflow/.local/lib/python3.12/site-packages/airflow/example_dags/example_sensor_decorator.py
[2026-07-01T09:12:43.731+0000] {logging_mixin.py:190} INFO - [2026-07-01T09:12:43.730+0000] {dag.py:3211} INFO - Sync 1 DAGs
[2026-07-01T09:12:43.739+0000] {logging_mixin.py:190} INFO - [2026-07-01T09:12:43.739+0000] {dag.py:4138} INFO - Setting next_dagrun for example_sensor_decorator to None, run_after=None
[2026-07-01T09:12:43.752+0000] {processor.py:208} INFO - Processing /home/airflow/.local/lib/python3.12/site-packages/airflow/example_dags/example_sensor_decorator.py took 0.048 seconds
[2026-07-01T09:13:14.251+0000] {processor.py:186} INFO - Started process (PID=537) to work on /home/airflow/.local/lib/python3.12/site-packages/airflow/example_dags/example_sensor_decorator.py
[2026-07-01T09:13:14.252+0000] {processor.py:914} INFO - Processing file /home/airflow/.local/lib/python3.12/site-packages/airflow/example_dags/example_sensor_decorator.py for tasks to queue
[2026-07-01T09:13:14.255+0000] {logging_mixin.py:190} INFO - [2026-07-01T09:13:14.254+0000] {dagbag.py:587} INFO - Filling up the DagBag from /home/airflow/.local/lib/python3.12/site-packages/airflow/example_dags/example_sensor_decorator.py
[2026-07-01T09:13:14.261+0000] {processor.py:925} INFO - DAG(s) 'example_sensor_decorator' retrieved from /home/airflow/.local/lib/python3.12/site-packages/airflow/example_dags/example_sensor_decorator.py
[2026-07-01T09:13:14.276+0000] {logging_mixin.py:190} INFO - [2026-07-01T09:13:14.275+0000] {dag.py:3211} INFO - Sync 1 DAGs
[2026-07-01T09:13:14.284+0000] {logging_mixin.py:190} INFO - [2026-07-01T09:13:14.284+0000] {dag.py:4138} INFO - Setting next_dagrun for example_sensor_decorator to None, run_after=None
[2026-07-01T09:13:14.296+0000] {processor.py:208} INFO - Processing /home/airflow/.local/lib/python3.12/site-packages/airflow/example_dags/example_sensor_decorator.py took 0.049 seconds
[2026-07-01T09:13:45.117+0000] {processor.py:186} INFO - Started process (PID=599) to work on /home/airflow/.local/lib/python3.12/site-packages/airflow/example_dags/example_sensor_decorator.py
[2026-07-01T09:13:45.118+0000] {processor.py:914} INFO - Processing file /home/airflow/.local/lib/python3.12/site-packages/airflow/example_dags/example_sensor_decorator.py for tasks to queue
[2026-07-01T09:13:45.120+0000] {logging_mixin.py:190} INFO - [2026-07-01T09:13:45.120+0000] {dagbag.py:587} INFO - Filling up the DagBag from /home/airflow/.local/lib/python3.12/site-packages/airflow/example_dags/example_sensor_decorator.py
[2026-07-01T09:13:45.126+0000] {processor.py:925} INFO - DAG(s) 'example_sensor_decorator' retrieved from /home/airflow/.local/lib/python3.12/site-packages/airflow/example_dags/example_sensor_decorator.py
[2026-07-01T09:13:45.141+0000] {logging_mixin.py:190} INFO - [2026-07-01T09:13:45.141+0000] {dag.py:3211} INFO - Sync 1 DAGs
[2026-07-01T09:13:45.152+0000] {logging_mixin.py:190} INFO - [2026-07-01T09:13:45.152+0000] {dag.py:4138} INFO - Setting next_dagrun for example_sensor_decorator to None, run_after=None
[2026-07-01T09:13:45.164+0000] {processor.py:208} INFO - Processing /home/airflow/.local/lib/python3.12/site-packages/airflow/example_dags/example_sensor_decorator.py took 0.053 seconds
[2026-07-01T09:14:16.355+0000] {processor.py:186} INFO - Started process (PID=661) to work on /home/airflow/.local/lib/python3.12/site-packages/airflow/example_dags/example_sensor_decorator.py
[2026-07-01T09:14:16.356+0000] {processor.py:914} INFO - Processing file /home/airflow/.local/lib/python3.12/site-packages/airflow/example_dags/example_sensor_decorator.py for tasks to queue
[2026-07-01T09:14:16.358+0000] {logging_mixin.py:190} INFO - [2026-07-01T09:14:16.357+0000] {dagbag.py:587} INFO - Filling up the DagBag from /home/airflow/.local/lib/python3.12/site-packages/airflow/example_dags/example_sensor_decorator.py
[2026-07-01T09:14:16.365+0000] {processor.py:925} INFO - DAG(s) 'example_sensor_decorator' retrieved from /home/airflow/.local/lib/python3.12/site-packages/airflow/example_dags/example_sensor_decorator.py
[2026-07-01T09:14:16.381+0000] {logging_mixin.py:190} INFO - [2026-07-01T09:14:16.381+0000] {dag.py:3211} INFO - Sync 1 DAGs
[2026-07-01T09:14:16.391+0000] {logging_mixin.py:190} INFO - [2026-07-01T09:14:16.390+0000] {dag.py:4138} INFO - Setting next_dagrun for example_sensor_decorator to None, run_after=None
[2026-07-01T09:14:16.404+0000] {processor.py:208} INFO - Processing /home/airflow/.local/lib/python3.12/site-packages/airflow/example_dags/example_sensor_decorator.py took 0.055 seconds
[2026-07-01T09:14:46.547+0000] {processor.py:186} INFO - Started process (PID=723) to work on /home/airflow/.local/lib/python3.12/site-packages/airflow/example_dags/example_sensor_decorator.py
[2026-07-01T09:14:46.548+0000] {processor.py:914} INFO - Processing file /home/airflow/.local/lib/python3.12/site-packages/airflow/example_dags/example_sensor_decorator.py for tasks to queue
[2026-07-01T09:14:46.550+0000] {logging_mixin.py:190} INFO - [2026-07-01T09:14:46.550+0000] {dagbag.py:587} INFO - Filling up the DagBag from /home/airflow/.local/lib/python3.12/site-packages/airflow/example_dags/example_sensor_decorator.py
[2026-07-01T09:14:46.557+0000] {processor.py:925} INFO - DAG(s) 'example_sensor_decorator' retrieved from /home/airflow/.local/lib/python3.12/site-packages/airflow/example_dags/example_sensor_decorator.py
[2026-07-01T09:14:46.572+0000] {logging_mixin.py:190} INFO - [2026-07-01T09:14:46.572+0000] {dag.py:3211} INFO - Sync 1 DAGs
[2026-07-01T09:14:46.583+0000] {logging_mixin.py:190} INFO - [2026-07-01T09:14:46.582+0000] {dag.py:4138} INFO - Setting next_dagrun for example_sensor_decorator to None, run_after=None
[2026-07-01T09:14:46.595+0000] {processor.py:208} INFO - Processing /home/airflow/.local/lib/python3.12/site-packages/airflow/example_dags/example_sensor_decorator.py took 0.052 seconds
[2026-07-01T09:15:17.368+0000] {processor.py:186} INFO - Started process (PID=785) to work on /home/airflow/.local/lib/python3.12/site-packages/airflow/example_dags/example_sensor_decorator.py
[2026-07-01T09:15:17.368+0000] {processor.py:914} INFO - Processing file /home/airflow/.local/lib/python3.12/site-packages/airflow/example_dags/example_sensor_decorator.py for tasks to queue
[2026-07-01T09:15:17.370+0000] {logging_mixin.py:190} INFO - [2026-07-01T09:15:17.370+0000] {dagbag.py:587} INFO - Filling up the DagBag from /home/airflow/.local/lib/python3.12/site-packages/airflow/example_dags/example_sensor_decorator.py
[2026-07-01T09:15:17.376+0000] {processor.py:925} INFO - DAG(s) 'example_sensor_decorator' retrieved from /home/airflow/.local/lib/python3.12/site-packages/airflow/example_dags/example_sensor_decorator.py
[2026-07-01T09:15:17.392+0000] {logging_mixin.py:190} INFO - [2026-07-01T09:15:17.391+0000] {dag.py:3211} INFO - Sync 1 DAGs
[2026-07-01T09:15:17.401+0000] {logging_mixin.py:190} INFO - [2026-07-01T09:15:17.401+0000] {dag.py:4138} INFO - Setting next_dagrun for example_sensor_decorator to None, run_after=None
[2026-07-01T09:15:17.414+0000] {processor.py:208} INFO - Processing /home/airflow/.local/lib/python3.12/site-packages/airflow/example_dags/example_sensor_decorator.py took 0.051 seconds
[2026-07-01T09:15:48.336+0000] {processor.py:186} INFO - Started process (PID=847) to work on /home/airflow/.local/lib/python3.12/site-packages/airflow/example_dags/example_sensor_decorator.py
[2026-07-01T09:15:48.337+0000] {processor.py:914} INFO - Processing file /home/airflow/.local/lib/python3.12/site-packages/airflow/example_dags/example_sensor_decorator.py for tasks to queue
[2026-07-01T09:15:48.339+0000] {logging_mixin.py:190} INFO - [2026-07-01T09:15:48.339+0000] {dagbag.py:587} INFO - Filling up the DagBag from /home/airflow/.local/lib/python3.12/site-packages/airflow/example_dags/example_sensor_decorator.py
[2026-07-01T09:15:48.345+0000] {processor.py:925} INFO - DAG(s) 'example_sensor_decorator' retrieved from /home/airflow/.local/lib/python3.12/site-packages/airflow/example_dags/example_sensor_decorator.py
[2026-07-01T09:15:48.360+0000] {logging_mixin.py:190} INFO - [2026-07-01T09:15:48.360+0000] {dag.py:3211} INFO - Sync 1 DAGs
[2026-07-01T09:15:48.370+0000] {logging_mixin.py:190} INFO - [2026-07-01T09:15:48.370+0000] {dag.py:4138} INFO - Setting next_dagrun for example_sensor_decorator to None, run_after=None
[2026-07-01T09:15:48.382+0000] {processor.py:208} INFO - Processing /home/airflow/.local/lib/python3.12/site-packages/airflow/example_dags/example_sensor_decorator.py took 0.050 seconds
[2026-07-01T09:16:18.627+0000] {processor.py:186} INFO - Started process (PID=909) to work on /home/airflow/.local/lib/python3.12/site-packages/airflow/example_dags/example_sensor_decorator.py
[2026-07-01T09:16:18.629+0000] {processor.py:914} INFO - Processing file /home/airflow/.local/lib/python3.12/site-packages/airflow/example_dags/example_sensor_decorator.py for tasks to queue
[2026-07-01T09:16:18.631+0000] {logging_mixin.py:190} INFO - [2026-07-01T09:16:18.631+0000] {dagbag.py:587} INFO - Filling up the DagBag from /home/airflow/.local/lib/python3.12/site-packages/airflow/example_dags/example_sensor_decorator.py
[2026-07-01T09:16:18.638+0000] {processor.py:925} INFO - DAG(s) 'example_sensor_decorator' retrieved from /home/airflow/.local/lib/python3.12/site-packages/airflow/example_dags/example_sensor_decorator.py
[2026-07-01T09:16:18.657+0000] {logging_mixin.py:190} INFO - [2026-07-01T09:16:18.657+0000] {dag.py:3211} INFO - Sync 1 DAGs
[2026-07-01T09:16:18.669+0000] {logging_mixin.py:190} INFO - [2026-07-01T09:16:18.668+0000] {dag.py:4138} INFO - Setting next_dagrun for example_sensor_decorator to None, run_after=None
[2026-07-01T09:16:18.682+0000] {processor.py:208} INFO - Processing /home/airflow/.local/lib/python3.12/site-packages/airflow/example_dags/example_sensor_decorator.py took 0.059 seconds
[2026-07-01T09:16:48.840+0000] {processor.py:186} INFO - Started process (PID=971) to work on /home/airflow/.local/lib/python3.12/site-packages/airflow/example_dags/example_sensor_decorator.py
[2026-07-01T09:16:48.841+0000] {processor.py:914} INFO - Processing file /home/airflow/.local/lib/python3.12/site-packages/airflow/example_dags/example_sensor_decorator.py for tasks to queue
[2026-07-01T09:16:48.843+0000] {logging_mixin.py:190} INFO - [2026-07-01T09:16:48.843+0000] {dagbag.py:587} INFO - Filling up the DagBag from /home/airflow/.local/lib/python3.12/site-packages/airflow/example_dags/example_sensor_decorator.py
[2026-07-01T09:16:48.851+0000] {processor.py:925} INFO - DAG(s) 'example_sensor_decorator' retrieved from /home/airflow/.local/lib/python3.12/site-packages/airflow/example_dags/example_sensor_decorator.py
[2026-07-01T09:16:48.867+0000] {logging_mixin.py:190} INFO - [2026-07-01T09:16:48.867+0000] {dag.py:3211} INFO - Sync 1 DAGs
[2026-07-01T09:16:48.881+0000] {logging_mixin.py:190} INFO - [2026-07-01T09:16:48.881+0000] {dag.py:4138} INFO - Setting next_dagrun for example_sensor_decorator to None, run_after=None
[2026-07-01T09:16:48.894+0000] {processor.py:208} INFO - Processing /home/airflow/.local/lib/python3.12/site-packages/airflow/example_dags/example_sensor_decorator.py took 0.059 seconds
[2026-07-01T09:17:19.317+0000] {processor.py:186} INFO - Started process (PID=1033) to work on /home/airflow/.local/lib/python3.12/site-packages/airflow/example_dags/example_sensor_decorator.py
[2026-07-01T09:17:19.318+0000] {processor.py:914} INFO - Processing file /home/airflow/.local/lib/python3.12/site-packages/airflow/example_dags/example_sensor_decorator.py for tasks to queue
[2026-07-01T09:17:19.321+0000] {logging_mixin.py:190} INFO - [2026-07-01T09:17:19.320+0000] {dagbag.py:587} INFO - Filling up the DagBag from /home/airflow/.local/lib/python3.12/site-packages/airflow/example_dags/example_sensor_decorator.py
[2026-07-01T09:17:19.328+0000] {processor.py:925} INFO - DAG(s) 'example_sensor_decorator' retrieved from /home/airflow/.local/lib/python3.12/site-packages/airflow/example_dags/example_sensor_decorator.py
[2026-07-01T09:17:19.346+0000] {logging_mixin.py:190} INFO - [2026-07-01T09:17:19.345+0000] {dag.py:3211} INFO - Sync 1 DAGs
[2026-07-01T09:17:19.357+0000] {logging_mixin.py:190} INFO - [2026-07-01T09:17:19.357+0000] {dag.py:4138} INFO - Setting next_dagrun for example_sensor_decorator to None, run_after=None
[2026-07-01T09:17:19.372+0000] {processor.py:208} INFO - Processing /home/airflow/.local/lib/python3.12/site-packages/airflow/example_dags/example_sensor_decorator.py took 0.060 seconds
[2026-07-01T09:17:49.512+0000] {processor.py:186} INFO - Started process (PID=1095) to work on /home/airflow/.local/lib/python3.12/site-packages/airflow/example_dags/example_sensor_decorator.py
[2026-07-01T09:17:49.513+0000] {processor.py:914} INFO - Processing file /home/airflow/.local/lib/python3.12/site-packages/airflow/example_dags/example_sensor_decorator.py for tasks to queue
[2026-07-01T09:17:49.515+0000] {logging_mixin.py:190} INFO - [2026-07-01T09:17:49.515+0000] {dagbag.py:587} INFO - Filling up the DagBag from /home/airflow/.local/lib/python3.12/site-packages/airflow/example_dags/example_sensor_decorator.py
[2026-07-01T09:17:49.524+0000] {processor.py:925} INFO - DAG(s) 'example_sensor_decorator' retrieved from /home/airflow/.local/lib/python3.12/site-packages/airflow/example_dags/example_sensor_decorator.py
[2026-07-01T09:17:49.543+0000] {logging_mixin.py:190} INFO - [2026-07-01T09:17:49.543+0000] {dag.py:3211} INFO - Sync 1 DAGs
[2026-07-01T09:17:49.557+0000] {logging_mixin.py:190} INFO - [2026-07-01T09:17:49.556+0000] {dag.py:4138} INFO - Setting next_dagrun for example_sensor_decorator to None, run_after=None
[2026-07-01T09:17:49.574+0000] {processor.py:208} INFO - Processing /home/airflow/.local/lib/python3.12/site-packages/airflow/example_dags/example_sensor_decorator.py took 0.068 seconds
[2026-07-01T09:18:19.983+0000] {processor.py:186} INFO - Started process (PID=1157) to work on /home/airflow/.local/lib/python3.12/site-packages/airflow/example_dags/example_sensor_decorator.py
[2026-07-01T09:18:19.984+0000] {processor.py:914} INFO - Processing file /home/airflow/.local/lib/python3.12/site-packages/airflow/example_dags/example_sensor_decorator.py for tasks to queue
[2026-07-01T09:18:19.986+0000] {logging_mixin.py:190} INFO - [2026-07-01T09:18:19.986+0000] {dagbag.py:587} INFO - Filling up the DagBag from /home/airflow/.local/lib/python3.12/site-packages/airflow/example_dags/example_sensor_decorator.py
[2026-07-01T09:18:19.991+0000] {processor.py:925} INFO - DAG(s) 'example_sensor_decorator' retrieved from /home/airflow/.local/lib/python3.12/site-packages/airflow/example_dags/example_sensor_decorator.py
[2026-07-01T09:18:20.005+0000] {logging_mixin.py:190} INFO - [2026-07-01T09:18:20.004+0000] {dag.py:3211} INFO - Sync 1 DAGs
[2026-07-01T09:18:20.013+0000] {logging_mixin.py:190} INFO - [2026-07-01T09:18:20.013+0000] {dag.py:4138} INFO - Setting next_dagrun for example_sensor_decorator to None, run_after=None
[2026-07-01T09:18:20.026+0000] {processor.py:208} INFO - Processing /home/airflow/.local/lib/python3.12/site-packages/airflow/example_dags/example_sensor_decorator.py took 0.047 seconds
[2026-07-01T09:18:50.990+0000] {processor.py:186} INFO - Started process (PID=1219) to work on /home/airflow/.local/lib/python3.12/site-packages/airflow/example_dags/example_sensor_decorator.py
[2026-07-01T09:18:50.992+0000] {processor.py:914} INFO - Processing file /home/airflow/.local/lib/python3.12/site-packages/airflow/example_dags/example_sensor_decorator.py for tasks to queue
[2026-07-01T09:18:50.995+0000] {logging_mixin.py:190} INFO - [2026-07-01T09:18:50.994+0000] {dagbag.py:587} INFO - Filling up the DagBag from /home/airflow/.local/lib/python3.12/site-packages/airflow/example_dags/example_sensor_decorator.py
[2026-07-01T09:18:51.003+0000] {processor.py:925} INFO - DAG(s) 'example_sensor_decorator' retrieved from /home/airflow/.local/lib/python3.12/site-packages/airflow/example_dags/example_sensor_decorator.py
[2026-07-01T09:18:51.024+0000] {logging_mixin.py:190} INFO - [2026-07-01T09:18:51.024+0000] {dag.py:3211} INFO - Sync 1 DAGs
[2026-07-01T09:18:51.037+0000] {logging_mixin.py:190} INFO - [2026-07-01T09:18:51.037+0000] {dag.py:4138} INFO - Setting next_dagrun for example_sensor_decorator to None, run_after=None
[2026-07-01T09:18:51.054+0000] {processor.py:208} INFO - Processing /home/airflow/.local/lib/python3.12/site-packages/airflow/example_dags/example_sensor_decorator.py took 0.071 seconds
[2026-07-01T09:19:21.685+0000] {processor.py:186} INFO - Started process (PID=1281) to work on /home/airflow/.local/lib/python3.12/site-packages/airflow/example_dags/example_sensor_decorator.py
[2026-07-01T09:19:21.686+0000] {processor.py:914} INFO - Processing file /home/airflow/.local/lib/python3.12/site-packages/airflow/example_dags/example_sensor_decorator.py for tasks to queue
[2026-07-01T09:19:21.688+0000] {logging_mixin.py:190} INFO - [2026-07-01T09:19:21.688+0000] {dagbag.py:587} INFO - Filling up the DagBag from /home/airflow/.local/lib/python3.12/site-packages/airflow/example_dags/example_sensor_decorator.py
[2026-07-01T09:19:21.694+0000] {processor.py:925} INFO - DAG(s) 'example_sensor_decorator' retrieved from /home/airflow/.local/lib/python3.12/site-packages/airflow/example_dags/example_sensor_decorator.py
[2026-07-01T09:19:21.708+0000] {logging_mixin.py:190} INFO - [2026-07-01T09:19:21.708+0000] {dag.py:3211} INFO - Sync 1 DAGs
[2026-07-01T09:19:21.719+0000] {logging_mixin.py:190} INFO - [2026-07-01T09:19:21.719+0000] {dag.py:4138} INFO - Setting next_dagrun for example_sensor_decorator to None, run_after=None
[2026-07-01T09:19:21.732+0000] {processor.py:208} INFO - Processing /home/airflow/.local/lib/python3.12/site-packages/airflow/example_dags/example_sensor_decorator.py took 0.051 seconds
[2026-07-01T09:19:52.407+0000] {processor.py:186} INFO - Started process (PID=1343) to work on /home/airflow/.local/lib/python3.12/site-packages/airflow/example_dags/example_sensor_decorator.py
[2026-07-01T09:19:52.408+0000] {processor.py:914} INFO - Processing file /home/airflow/.local/lib/python3.12/site-packages/airflow/example_dags/example_sensor_decorator.py for tasks to queue
[2026-07-01T09:19:52.410+0000] {logging_mixin.py:190} INFO - [2026-07-01T09:19:52.410+0000] {dagbag.py:587} INFO - Filling up the DagBag from /home/airflow/.local/lib/python3.12/site-packages/airflow/example_dags/example_sensor_decorator.py
[2026-07-01T09:19:52.416+0000] {processor.py:925} INFO - DAG(s) 'example_sensor_decorator' retrieved from /home/airflow/.local/lib/python3.12/site-packages/airflow/example_dags/example_sensor_decorator.py
[2026-07-01T09:19:52.430+0000] {logging_mixin.py:190} INFO - [2026-07-01T09:19:52.430+0000] {dag.py:3211} INFO - Sync 1 DAGs
[2026-07-01T09:19:52.441+0000] {logging_mixin.py:190} INFO - [2026-07-01T09:19:52.440+0000] {dag.py:4138} INFO - Setting next_dagrun for example_sensor_decorator to None, run_after=None
[2026-07-01T09:19:52.453+0000] {processor.py:208} INFO - Processing /home/airflow/.local/lib/python3.12/site-packages/airflow/example_dags/example_sensor_decorator.py took 0.050 seconds
[2026-07-01T09:20:23.189+0000] {processor.py:186} INFO - Started process (PID=1405) to work on /home/airflow/.local/lib/python3.12/site-packages/airflow/example_dags/example_sensor_decorator.py
[2026-07-01T09:20:23.190+0000] {processor.py:914} INFO - Processing file /home/airflow/.local/lib/python3.12/site-packages/airflow/example_dags/example_sensor_decorator.py for tasks to queue
[2026-07-01T09:20:23.193+0000] {logging_mixin.py:190} INFO - [2026-07-01T09:20:23.193+0000] {dagbag.py:587} INFO - Filling up the DagBag from /home/airflow/.local/lib/python3.12/site-packages/airflow/example_dags/example_sensor_decorator.py
[2026-07-01T09:20:23.200+0000] {processor.py:925} INFO - DAG(s) 'example_sensor_decorator' retrieved from /home/airflow/.local/lib/python3.12/site-packages/airflow/example_dags/example_sensor_decorator.py
[2026-07-01T09:20:23.219+0000] {logging_mixin.py:190} INFO - [2026-07-01T09:20:23.219+0000] {dag.py:3211} INFO - Sync 1 DAGs
[2026-07-01T09:20:23.236+0000] {logging_mixin.py:190} INFO - [2026-07-01T09:20:23.236+0000] {dag.py:4138} INFO - Setting next_dagrun for example_sensor_decorator to None, run_after=None
[2026-07-01T09:20:23.252+0000] {processor.py:208} INFO - Processing /home/airflow/.local/lib/python3.12/site-packages/airflow/example_dags/example_sensor_decorator.py took 0.068 seconds
[2026-07-01T09:20:53.917+0000] {processor.py:186} INFO - Started process (PID=1467) to work on /home/airflow/.local/lib/python3.12/site-packages/airflow/example_dags/example_sensor_decorator.py
[2026-07-01T09:20:53.918+0000] {processor.py:914} INFO - Processing file /home/airflow/.local/lib/python3.12/site-packages/airflow/example_dags/example_sensor_decorator.py for tasks to queue
[2026-07-01T09:20:53.920+0000] {logging_mixin.py:190} INFO - [2026-07-01T09:20:53.920+0000] {dagbag.py:587} INFO - Filling up the DagBag from /home/airflow/.local/lib/python3.12/site-packages/airflow/example_dags/example_sensor_decorator.py
[2026-07-01T09:20:53.926+0000] {processor.py:925} INFO - DAG(s) 'example_sensor_decorator' retrieved from /home/airflow/.local/lib/python3.12/site-packages/airflow/example_dags/example_sensor_decorator.py
[2026-07-01T09:20:53.942+0000] {logging_mixin.py:190} INFO - [2026-07-01T09:20:53.942+0000] {dag.py:3211} INFO - Sync 1 DAGs
[2026-07-01T09:20:53.953+0000] {logging_mixin.py:190} INFO - [2026-07-01T09:20:53.952+0000] {dag.py:4138} INFO - Setting next_dagrun for example_sensor_decorator to None, run_after=None
[2026-07-01T09:20:53.964+0000] {processor.py:208} INFO - Processing /home/airflow/.local/lib/python3.12/site-packages/airflow/example_dags/example_sensor_decorator.py took 0.050 seconds
[2026-07-01T09:21:24.203+0000] {processor.py:186} INFO - Started process (PID=1529) to work on /home/airflow/.local/lib/python3.12/site-packages/airflow/example_dags/example_sensor_decorator.py
[2026-07-01T09:21:24.204+0000] {processor.py:914} INFO - Processing file /home/airflow/.local/lib/python3.12/site-packages/airflow/example_dags/example_sensor_decorator.py for tasks to queue
[2026-07-01T09:21:24.206+0000] {logging_mixin.py:190} INFO - [2026-07-01T09:21:24.205+0000] {dagbag.py:587} INFO - Filling up the DagBag from /home/airflow/.local/lib/python3.12/site-packages/airflow/example_dags/example_sensor_decorator.py
[2026-07-01T09:21:24.212+0000] {processor.py:925} INFO - DAG(s) 'example_sensor_decorator' retrieved from /home/airflow/.local/lib/python3.12/site-packages/airflow/example_dags/example_sensor_decorator.py
[2026-07-01T09:21:24.226+0000] {logging_mixin.py:190} INFO - [2026-07-01T09:21:24.226+0000] {dag.py:3211} INFO - Sync 1 DAGs
[2026-07-01T09:21:24.237+0000] {logging_mixin.py:190} INFO - [2026-07-01T09:21:24.236+0000] {dag.py:4138} INFO - Setting next_dagrun for example_sensor_decorator to None, run_after=None
[2026-07-01T09:21:24.250+0000] {processor.py:208} INFO - Processing /home/airflow/.local/lib/python3.12/site-packages/airflow/example_dags/example_sensor_decorator.py took 0.052 seconds
[2026-07-01T09:21:54.555+0000] {processor.py:186} INFO - Started process (PID=1591) to work on /home/airflow/.local/lib/python3.12/site-packages/airflow/example_dags/example_sensor_decorator.py
[2026-07-01T09:21:54.556+0000] {processor.py:914} INFO - Processing file /home/airflow/.local/lib/python3.12/site-packages/airflow/example_dags/example_sensor_decorator.py for tasks to queue
[2026-07-01T09:21:54.558+0000] {logging_mixin.py:190} INFO - [2026-07-01T09:21:54.558+0000] {dagbag.py:587} INFO - Filling up the DagBag from /home/airflow/.local/lib/python3.12/site-packages/airflow/example_dags/example_sensor_decorator.py
[2026-07-01T09:21:54.565+0000] {processor.py:925} INFO - DAG(s) 'example_sensor_decorator' retrieved from /home/airflow/.local/lib/python3.12/site-packages/airflow/example_dags/example_sensor_decorator.py
[2026-07-01T09:21:54.579+0000] {logging_mixin.py:190} INFO - [2026-07-01T09:21:54.579+0000] {dag.py:3211} INFO - Sync 1 DAGs
[2026-07-01T09:21:54.589+0000] {logging_mixin.py:190} INFO - [2026-07-01T09:21:54.589+0000] {dag.py:4138} INFO - Setting next_dagrun for example_sensor_decorator to None, run_after=None
[2026-07-01T09:21:54.603+0000] {processor.py:208} INFO - Processing /home/airflow/.local/lib/python3.12/site-packages/airflow/example_dags/example_sensor_decorator.py took 0.053 seconds
[2026-07-01T09:22:24.923+0000] {processor.py:186} INFO - Started process (PID=1653) to work on /home/airflow/.local/lib/python3.12/site-packages/airflow/example_dags/example_sensor_decorator.py
[2026-07-01T09:22:24.923+0000] {processor.py:914} INFO - Processing file /home/airflow/.local/lib/python3.12/site-packages/airflow/example_dags/example_sensor_decorator.py for tasks to queue
[2026-07-01T09:22:24.925+0000] {logging_mixin.py:190} INFO - [2026-07-01T09:22:24.925+0000] {dagbag.py:587} INFO - Filling up the DagBag from /home/airflow/.local/lib/python3.12/site-packages/airflow/example_dags/example_sensor_decorator.py
[2026-07-01T09:22:24.931+0000] {processor.py:925} INFO - DAG(s) 'example_sensor_decorator' retrieved from /home/airflow/.local/lib/python3.12/site-packages/airflow/example_dags/example_sensor_decorator.py
[2026-07-01T09:22:24.945+0000] {logging_mixin.py:190} INFO - [2026-07-01T09:22:24.944+0000] {dag.py:3211} INFO - Sync 1 DAGs
[2026-07-01T09:22:24.954+0000] {logging_mixin.py:190} INFO - [2026-07-01T09:22:24.953+0000] {dag.py:4138} INFO - Setting next_dagrun for example_sensor_decorator to None, run_after=None
[2026-07-01T09:22:24.966+0000] {processor.py:208} INFO - Processing /home/airflow/.local/lib/python3.12/site-packages/airflow/example_dags/example_sensor_decorator.py took 0.048 seconds
[2026-07-01T09:22:55.878+0000] {processor.py:186} INFO - Started process (PID=1715) to work on /home/airflow/.local/lib/python3.12/site-packages/airflow/example_dags/example_sensor_decorator.py
[2026-07-01T09:22:55.879+0000] {processor.py:914} INFO - Processing file /home/airflow/.local/lib/python3.12/site-packages/airflow/example_dags/example_sensor_decorator.py for tasks to queue
[2026-07-01T09:22:55.881+0000] {logging_mixin.py:190} INFO - [2026-07-01T09:22:55.881+0000] {dagbag.py:587} INFO - Filling up the DagBag from /home/airflow/.local/lib/python3.12/site-packages/airflow/example_dags/example_sensor_decorator.py
[2026-07-01T09:22:55.886+0000] {processor.py:925} INFO - DAG(s) 'example_sensor_decorator' retrieved from /home/airflow/.local/lib/python3.12/site-packages/airflow/example_dags/example_sensor_decorator.py
[2026-07-01T09:22:55.900+0000] {logging_mixin.py:190} INFO - [2026-07-01T09:22:55.899+0000] {dag.py:3211} INFO - Sync 1 DAGs
[2026-07-01T09:22:55.908+0000] {logging_mixin.py:190} INFO - [2026-07-01T09:22:55.908+0000] {dag.py:4138} INFO - Setting next_dagrun for example_sensor_decorator to None, run_after=None
[2026-07-01T09:22:55.920+0000] {processor.py:208} INFO - Processing /home/airflow/.local/lib/python3.12/site-packages/airflow/example_dags/example_sensor_decorator.py took 0.046 seconds
[2026-07-01T09:23:26.233+0000] {processor.py:186} INFO - Started process (PID=1777) to work on /home/airflow/.local/lib/python3.12/site-packages/airflow/example_dags/example_sensor_decorator.py
[2026-07-01T09:23:26.234+0000] {processor.py:914} INFO - Processing file /home/airflow/.local/lib/python3.12/site-packages/airflow/example_dags/example_sensor_decorator.py for tasks to queue
[2026-07-01T09:23:26.236+0000] {logging_mixin.py:190} INFO - [2026-07-01T09:23:26.236+0000] {dagbag.py:587} INFO - Filling up the DagBag from /home/airflow/.local/lib/python3.12/site-packages/airflow/example_dags/example_sensor_decorator.py
[2026-07-01T09:23:26.243+0000] {processor.py:925} INFO - DAG(s) 'example_sensor_decorator' retrieved from /home/airflow/.local/lib/python3.12/site-packages/airflow/example_dags/example_sensor_decorator.py
[2026-07-01T09:23:26.260+0000] {logging_mixin.py:190} INFO - [2026-07-01T09:23:26.260+0000] {dag.py:3211} INFO - Sync 1 DAGs
[2026-07-01T09:23:26.271+0000] {logging_mixin.py:190} INFO - [2026-07-01T09:23:26.271+0000] {dag.py:4138} INFO - Setting next_dagrun for example_sensor_decorator to None, run_after=None
[2026-07-01T09:23:26.287+0000] {processor.py:208} INFO - Processing /home/airflow/.local/lib/python3.12/site-packages/airflow/example_dags/example_sensor_decorator.py took 0.059 seconds
[2026-07-01T09:23:56.535+0000] {processor.py:186} INFO - Started process (PID=1839) to work on /home/airflow/.local/lib/python3.12/site-packages/airflow/example_dags/example_sensor_decorator.py
[2026-07-01T09:23:56.536+0000] {processor.py:914} INFO - Processing file /home/airflow/.local/lib/python3.12/site-packages/airflow/example_dags/example_sensor_decorator.py for tasks to queue
[2026-07-01T09:23:56.540+0000] {logging_mixin.py:190} INFO - [2026-07-01T09:23:56.540+0000] {dagbag.py:587} INFO - Filling up the DagBag from /home/airflow/.local/lib/python3.12/site-packages/airflow/example_dags/example_sensor_decorator.py
[2026-07-01T09:23:56.546+0000] {processor.py:925} INFO - DAG(s) 'example_sensor_decorator' retrieved from /home/airflow/.local/lib/python3.12/site-packages/airflow/example_dags/example_sensor_decorator.py
[2026-07-01T09:23:56.561+0000] {logging_mixin.py:190} INFO - [2026-07-01T09:23:56.561+0000] {dag.py:3211} INFO - Sync 1 DAGs
[2026-07-01T09:23:56.574+0000] {logging_mixin.py:190} INFO - [2026-07-01T09:23:56.574+0000] {dag.py:4138} INFO - Setting next_dagrun for example_sensor_decorator to None, run_after=None
[2026-07-01T09:23:56.589+0000] {processor.py:208} INFO - Processing /home/airflow/.local/lib/python3.12/site-packages/airflow/example_dags/example_sensor_decorator.py took 0.059 seconds
[2026-07-01T09:24:26.879+0000] {processor.py:186} INFO - Started process (PID=1901) to work on /home/airflow/.local/lib/python3.12/site-packages/airflow/example_dags/example_sensor_decorator.py
[2026-07-01T09:24:26.880+0000] {processor.py:914} INFO - Processing file /home/airflow/.local/lib/python3.12/site-packages/airflow/example_dags/example_sensor_decorator.py for tasks to queue
[2026-07-01T09:24:26.882+0000] {logging_mixin.py:190} INFO - [2026-07-01T09:24:26.882+0000] {dagbag.py:587} INFO - Filling up the DagBag from /home/airflow/.local/lib/python3.12/site-packages/airflow/example_dags/example_sensor_decorator.py
[2026-07-01T09:24:26.887+0000] {processor.py:925} INFO - DAG(s) 'example_sensor_decorator' retrieved from /home/airflow/.local/lib/python3.12/site-packages/airflow/example_dags/example_sensor_decorator.py
[2026-07-01T09:24:26.902+0000] {logging_mixin.py:190} INFO - [2026-07-01T09:24:26.902+0000] {dag.py:3211} INFO - Sync 1 DAGs
[2026-07-01T09:24:26.911+0000] {logging_mixin.py:190} INFO - [2026-07-01T09:24:26.911+0000] {dag.py:4138} INFO - Setting next_dagrun for example_sensor_decorator to None, run_after=None
[2026-07-01T09:24:26.924+0000] {processor.py:208} INFO - Processing /home/airflow/.local/lib/python3.12/site-packages/airflow/example_dags/example_sensor_decorator.py took 0.049 seconds
[2026-07-01T09:24:57.803+0000] {processor.py:186} INFO - Started process (PID=1963) to work on /home/airflow/.local/lib/python3.12/site-packages/airflow/example_dags/example_sensor_decorator.py
[2026-07-01T09:24:57.804+0000] {processor.py:914} INFO - Processing file /home/airflow/.local/lib/python3.12/site-packages/airflow/example_dags/example_sensor_decorator.py for tasks to queue
[2026-07-01T09:24:57.811+0000] {logging_mixin.py:190} INFO - [2026-07-01T09:24:57.811+0000] {dagbag.py:587} INFO - Filling up the DagBag from /home/airflow/.local/lib/python3.12/site-packages/airflow/example_dags/example_sensor_decorator.py
[2026-07-01T09:24:57.818+0000] {processor.py:925} INFO - DAG(s) 'example_sensor_decorator' retrieved from /home/airflow/.local/lib/python3.12/site-packages/airflow/example_dags/example_sensor_decorator.py
[2026-07-01T09:24:57.831+0000] {logging_mixin.py:190} INFO - [2026-07-01T09:24:57.831+0000] {dag.py:3211} INFO - Sync 1 DAGs
[2026-07-01T09:24:57.840+0000] {logging_mixin.py:190} INFO - [2026-07-01T09:24:57.840+0000] {dag.py:4138} INFO - Setting next_dagrun for example_sensor_decorator to None, run_after=None
[2026-07-01T09:24:57.852+0000] {processor.py:208} INFO - Processing /home/airflow/.local/lib/python3.12/site-packages/airflow/example_dags/example_sensor_decorator.py took 0.054 seconds
[2026-07-01T09:25:28.291+0000] {processor.py:186} INFO - Started process (PID=2025) to work on /home/airflow/.local/lib/python3.12/site-packages/airflow/example_dags/example_sensor_decorator.py
[2026-07-01T09:25:28.292+0000] {processor.py:914} INFO - Processing file /home/airflow/.local/lib/python3.12/site-packages/airflow/example_dags/example_sensor_decorator.py for tasks to queue
[2026-07-01T09:25:28.294+0000] {logging_mixin.py:190} INFO - [2026-07-01T09:25:28.294+0000] {dagbag.py:587} INFO - Filling up the DagBag from /home/airflow/.local/lib/python3.12/site-packages/airflow/example_dags/example_sensor_decorator.py
[2026-07-01T09:25:28.302+0000] {processor.py:925} INFO - DAG(s) 'example_sensor_decorator' retrieved from /home/airflow/.local/lib/python3.12/site-packages/airflow/example_dags/example_sensor_decorator.py
[2026-07-01T09:25:28.318+0000] {logging_mixin.py:190} INFO - [2026-07-01T09:25:28.318+0000] {dag.py:3211} INFO - Sync 1 DAGs
[2026-07-01T09:25:28.328+0000] {logging_mixin.py:190} INFO - [2026-07-01T09:25:28.328+0000] {dag.py:4138} INFO - Setting next_dagrun for example_sensor_decorator to None, run_after=None
[2026-07-01T09:25:28.345+0000] {processor.py:208} INFO - Processing /home/airflow/.local/lib/python3.12/site-packages/airflow/example_dags/example_sensor_decorator.py took 0.060 seconds
[2026-07-01T09:30:09.015+0000] {processor.py:186} INFO - Started process (PID=2081) to work on /home/airflow/.local/lib/python3.12/site-packages/airflow/example_dags/example_sensor_decorator.py
[2026-07-01T09:30:09.016+0000] {processor.py:914} INFO - Processing file /home/airflow/.local/lib/python3.12/site-packages/airflow/example_dags/example_sensor_decorator.py for tasks to queue
[2026-07-01T09:30:09.018+0000] {logging_mixin.py:190} INFO - [2026-07-01T09:30:09.018+0000] {dagbag.py:587} INFO - Filling up the DagBag from /home/airflow/.local/lib/python3.12/site-packages/airflow/example_dags/example_sensor_decorator.py
[2026-07-01T09:30:09.025+0000] {processor.py:925} INFO - DAG(s) 'example_sensor_decorator' retrieved from /home/airflow/.local/lib/python3.12/site-packages/airflow/example_dags/example_sensor_decorator.py
[2026-07-01T09:30:09.043+0000] {logging_mixin.py:190} INFO - [2026-07-01T09:30:09.043+0000] {dag.py:3211} INFO - Sync 1 DAGs
[2026-07-01T09:30:09.054+0000] {logging_mixin.py:190} INFO - [2026-07-01T09:30:09.054+0000] {dag.py:4138} INFO - Setting next_dagrun for example_sensor_decorator to None, run_after=None
[2026-07-01T09:30:09.068+0000] {processor.py:208} INFO - Processing /home/airflow/.local/lib/python3.12/site-packages/airflow/example_dags/example_sensor_decorator.py took 0.057 seconds
[2026-07-01T09:30:39.530+0000] {processor.py:186} INFO - Started process (PID=2143) to work on /home/airflow/.local/lib/python3.12/site-packages/airflow/example_dags/example_sensor_decorator.py
[2026-07-01T09:30:39.531+0000] {processor.py:914} INFO - Processing file /home/airflow/.local/lib/python3.12/site-packages/airflow/example_dags/example_sensor_decorator.py for tasks to queue
[2026-07-01T09:30:39.533+0000] {logging_mixin.py:190} INFO - [2026-07-01T09:30:39.533+0000] {dagbag.py:587} INFO - Filling up the DagBag from /home/airflow/.local/lib/python3.12/site-packages/airflow/example_dags/example_sensor_decorator.py
[2026-07-01T09:30:39.540+0000] {processor.py:925} INFO - DAG(s) 'example_sensor_decorator' retrieved from /home/airflow/.local/lib/python3.12/site-packages/airflow/example_dags/example_sensor_decorator.py
[2026-07-01T09:30:39.557+0000] {logging_mixin.py:190} INFO - [2026-07-01T09:30:39.557+0000] {dag.py:3211} INFO - Sync 1 DAGs
[2026-07-01T09:30:39.568+0000] {logging_mixin.py:190} INFO - [2026-07-01T09:30:39.568+0000] {dag.py:4138} INFO - Setting next_dagrun for example_sensor_decorator to None, run_after=None
[2026-07-01T09:30:39.581+0000] {processor.py:208} INFO - Processing /home/airflow/.local/lib/python3.12/site-packages/airflow/example_dags/example_sensor_decorator.py took 0.056 seconds
[2026-07-01T09:31:09.932+0000] {processor.py:186} INFO - Started process (PID=2205) to work on /home/airflow/.local/lib/python3.12/site-packages/airflow/example_dags/example_sensor_decorator.py
[2026-07-01T09:31:09.934+0000] {processor.py:914} INFO - Processing file /home/airflow/.local/lib/python3.12/site-packages/airflow/example_dags/example_sensor_decorator.py for tasks to queue
[2026-07-01T09:31:09.935+0000] {logging_mixin.py:190} INFO - [2026-07-01T09:31:09.935+0000] {dagbag.py:587} INFO - Filling up the DagBag from /home/airflow/.local/lib/python3.12/site-packages/airflow/example_dags/example_sensor_decorator.py
[2026-07-01T09:31:09.942+0000] {processor.py:925} INFO - DAG(s) 'example_sensor_decorator' retrieved from /home/airflow/.local/lib/python3.12/site-packages/airflow/example_dags/example_sensor_decorator.py
[2026-07-01T09:31:09.957+0000] {logging_mixin.py:190} INFO - [2026-07-01T09:31:09.957+0000] {dag.py:3211} INFO - Sync 1 DAGs
[2026-07-01T09:31:09.967+0000] {logging_mixin.py:190} INFO - [2026-07-01T09:31:09.967+0000] {dag.py:4138} INFO - Setting next_dagrun for example_sensor_decorator to None, run_after=None
[2026-07-01T09:31:09.979+0000] {processor.py:208} INFO - Processing /home/airflow/.local/lib/python3.12/site-packages/airflow/example_dags/example_sensor_decorator.py took 0.052 seconds
[2026-07-01T09:31:40.472+0000] {processor.py:186} INFO - Started process (PID=2267) to work on /home/airflow/.local/lib/python3.12/site-packages/airflow/example_dags/example_sensor_decorator.py
[2026-07-01T09:31:40.473+0000] {processor.py:914} INFO - Processing file /home/airflow/.local/lib/python3.12/site-packages/airflow/example_dags/example_sensor_decorator.py for tasks to queue
[2026-07-01T09:31:40.475+0000] {logging_mixin.py:190} INFO - [2026-07-01T09:31:40.475+0000] {dagbag.py:587} INFO - Filling up the DagBag from /home/airflow/.local/lib/python3.12/site-packages/airflow/example_dags/example_sensor_decorator.py
[2026-07-01T09:31:40.482+0000] {processor.py:925} INFO - DAG(s) 'example_sensor_decorator' retrieved from /home/airflow/.local/lib/python3.12/site-packages/airflow/example_dags/example_sensor_decorator.py
[2026-07-01T09:31:40.496+0000] {logging_mixin.py:190} INFO - [2026-07-01T09:31:40.496+0000] {dag.py:3211} INFO - Sync 1 DAGs
[2026-07-01T09:31:40.506+0000] {logging_mixin.py:190} INFO - [2026-07-01T09:31:40.505+0000] {dag.py:4138} INFO - Setting next_dagrun for example_sensor_decorator to None, run_after=None
[2026-07-01T09:31:40.520+0000] {processor.py:208} INFO - Processing /home/airflow/.local/lib/python3.12/site-packages/airflow/example_dags/example_sensor_decorator.py took 0.053 seconds
[2026-07-01T09:32:10.758+0000] {processor.py:186} INFO - Started process (PID=2329) to work on /home/airflow/.local/lib/python3.12/site-packages/airflow/example_dags/example_sensor_decorator.py
[2026-07-01T09:32:10.759+0000] {processor.py:914} INFO - Processing file /home/airflow/.local/lib/python3.12/site-packages/airflow/example_dags/example_sensor_decorator.py for tasks to queue
[2026-07-01T09:32:10.761+0000] {logging_mixin.py:190} INFO - [2026-07-01T09:32:10.761+0000] {dagbag.py:587} INFO - Filling up the DagBag from /home/airflow/.local/lib/python3.12/site-packages/airflow/example_dags/example_sensor_decorator.py
[2026-07-01T09:32:10.767+0000] {processor.py:925} INFO - DAG(s) 'example_sensor_decorator' retrieved from /home/airflow/.local/lib/python3.12/site-packages/airflow/example_dags/example_sensor_decorator.py
[2026-07-01T09:32:10.782+0000] {logging_mixin.py:190} INFO - [2026-07-01T09:32:10.781+0000] {dag.py:3211} INFO - Sync 1 DAGs
[2026-07-01T09:32:10.791+0000] {logging_mixin.py:190} INFO - [2026-07-01T09:32:10.791+0000] {dag.py:4138} INFO - Setting next_dagrun for example_sensor_decorator to None, run_after=None
[2026-07-01T09:32:10.805+0000] {processor.py:208} INFO - Processing /home/airflow/.local/lib/python3.12/site-packages/airflow/example_dags/example_sensor_decorator.py took 0.052 seconds
[2026-07-01T09:32:41.393+0000] {processor.py:186} INFO - Started process (PID=2391) to work on /home/airflow/.local/lib/python3.12/site-packages/airflow/example_dags/example_sensor_decorator.py
[2026-07-01T09:32:41.394+0000] {processor.py:914} INFO - Processing file /home/airflow/.local/lib/python3.12/site-packages/airflow/example_dags/example_sensor_decorator.py for tasks to queue
[2026-07-01T09:32:41.396+0000] {logging_mixin.py:190} INFO - [2026-07-01T09:32:41.395+0000] {dagbag.py:587} INFO - Filling up the DagBag from /home/airflow/.local/lib/python3.12/site-packages/airflow/example_dags/example_sensor_decorator.py
[2026-07-01T09:32:41.402+0000] {processor.py:925} INFO - DAG(s) 'example_sensor_decorator' retrieved from /home/airflow/.local/lib/python3.12/site-packages/airflow/example_dags/example_sensor_decorator.py
[2026-07-01T09:32:41.418+0000] {logging_mixin.py:190} INFO - [2026-07-01T09:32:41.417+0000] {dag.py:3211} INFO - Sync 1 DAGs
[2026-07-01T09:32:41.429+0000] {logging_mixin.py:190} INFO - [2026-07-01T09:32:41.428+0000] {dag.py:4138} INFO - Setting next_dagrun for example_sensor_decorator to None, run_after=None
[2026-07-01T09:32:41.443+0000] {processor.py:208} INFO - Processing /home/airflow/.local/lib/python3.12/site-packages/airflow/example_dags/example_sensor_decorator.py took 0.055 seconds
[2026-07-01T09:33:11.966+0000] {processor.py:186} INFO - Started process (PID=2453) to work on /home/airflow/.local/lib/python3.12/site-packages/airflow/example_dags/example_sensor_decorator.py
[2026-07-01T09:33:11.967+0000] {processor.py:914} INFO - Processing file /home/airflow/.local/lib/python3.12/site-packages/airflow/example_dags/example_sensor_decorator.py for tasks to queue
[2026-07-01T09:33:11.970+0000] {logging_mixin.py:190} INFO - [2026-07-01T09:33:11.969+0000] {dagbag.py:587} INFO - Filling up the DagBag from /home/airflow/.local/lib/python3.12/site-packages/airflow/example_dags/example_sensor_decorator.py
[2026-07-01T09:33:11.976+0000] {processor.py:925} INFO - DAG(s) 'example_sensor_decorator' retrieved from /home/airflow/.local/lib/python3.12/site-packages/airflow/example_dags/example_sensor_decorator.py
[2026-07-01T09:33:11.990+0000] {logging_mixin.py:190} INFO - [2026-07-01T09:33:11.990+0000] {dag.py:3211} INFO - Sync 1 DAGs
[2026-07-01T09:33:12.000+0000] {logging_mixin.py:190} INFO - [2026-07-01T09:33:11.999+0000] {dag.py:4138} INFO - Setting next_dagrun for example_sensor_decorator to None, run_after=None
[2026-07-01T09:33:12.013+0000] {processor.py:208} INFO - Processing /home/airflow/.local/lib/python3.12/site-packages/airflow/example_dags/example_sensor_decorator.py took 0.051 seconds
[2026-07-01T09:33:42.716+0000] {processor.py:186} INFO - Started process (PID=2515) to work on /home/airflow/.local/lib/python3.12/site-packages/airflow/example_dags/example_sensor_decorator.py
[2026-07-01T09:33:42.718+0000] {processor.py:914} INFO - Processing file /home/airflow/.local/lib/python3.12/site-packages/airflow/example_dags/example_sensor_decorator.py for tasks to queue
[2026-07-01T09:33:42.721+0000] {logging_mixin.py:190} INFO - [2026-07-01T09:33:42.720+0000] {dagbag.py:587} INFO - Filling up the DagBag from /home/airflow/.local/lib/python3.12/site-packages/airflow/example_dags/example_sensor_decorator.py
[2026-07-01T09:33:42.730+0000] {processor.py:925} INFO - DAG(s) 'example_sensor_decorator' retrieved from /home/airflow/.local/lib/python3.12/site-packages/airflow/example_dags/example_sensor_decorator.py
[2026-07-01T09:33:42.749+0000] {logging_mixin.py:190} INFO - [2026-07-01T09:33:42.749+0000] {dag.py:3211} INFO - Sync 1 DAGs
[2026-07-01T09:33:42.762+0000] {logging_mixin.py:190} INFO - [2026-07-01T09:33:42.762+0000] {dag.py:4138} INFO - Setting next_dagrun for example_sensor_decorator to None, run_after=None
[2026-07-01T09:33:42.778+0000] {processor.py:208} INFO - Processing /home/airflow/.local/lib/python3.12/site-packages/airflow/example_dags/example_sensor_decorator.py took 0.067 seconds
[2026-07-01T09:34:13.531+0000] {processor.py:186} INFO - Started process (PID=2577) to work on /home/airflow/.local/lib/python3.12/site-packages/airflow/example_dags/example_sensor_decorator.py
[2026-07-01T09:34:13.533+0000] {processor.py:914} INFO - Processing file /home/airflow/.local/lib/python3.12/site-packages/airflow/example_dags/example_sensor_decorator.py for tasks to queue
[2026-07-01T09:34:13.535+0000] {logging_mixin.py:190} INFO - [2026-07-01T09:34:13.535+0000] {dagbag.py:587} INFO - Filling up the DagBag from /home/airflow/.local/lib/python3.12/site-packages/airflow/example_dags/example_sensor_decorator.py
[2026-07-01T09:34:13.543+0000] {processor.py:925} INFO - DAG(s) 'example_sensor_decorator' retrieved from /home/airflow/.local/lib/python3.12/site-packages/airflow/example_dags/example_sensor_decorator.py
[2026-07-01T09:34:13.560+0000] {logging_mixin.py:190} INFO - [2026-07-01T09:34:13.560+0000] {dag.py:3211} INFO - Sync 1 DAGs
[2026-07-01T09:34:13.572+0000] {logging_mixin.py:190} INFO - [2026-07-01T09:34:13.571+0000] {dag.py:4138} INFO - Setting next_dagrun for example_sensor_decorator to None, run_after=None
[2026-07-01T09:34:13.589+0000] {processor.py:208} INFO - Processing /home/airflow/.local/lib/python3.12/site-packages/airflow/example_dags/example_sensor_decorator.py took 0.063 seconds
[2026-07-01T09:34:44.515+0000] {processor.py:186} INFO - Started process (PID=2639) to work on /home/airflow/.local/lib/python3.12/site-packages/airflow/example_dags/example_sensor_decorator.py
[2026-07-01T09:34:44.516+0000] {processor.py:914} INFO - Processing file /home/airflow/.local/lib/python3.12/site-packages/airflow/example_dags/example_sensor_decorator.py for tasks to queue
[2026-07-01T09:34:44.518+0000] {logging_mixin.py:190} INFO - [2026-07-01T09:34:44.518+0000] {dagbag.py:587} INFO - Filling up the DagBag from /home/airflow/.local/lib/python3.12/site-packages/airflow/example_dags/example_sensor_decorator.py
[2026-07-01T09:34:44.524+0000] {processor.py:925} INFO - DAG(s) 'example_sensor_decorator' retrieved from /home/airflow/.local/lib/python3.12/site-packages/airflow/example_dags/example_sensor_decorator.py
[2026-07-01T09:34:44.538+0000] {logging_mixin.py:190} INFO - [2026-07-01T09:34:44.538+0000] {dag.py:3211} INFO - Sync 1 DAGs
[2026-07-01T09:34:44.549+0000] {logging_mixin.py:190} INFO - [2026-07-01T09:34:44.549+0000] {dag.py:4138} INFO - Setting next_dagrun for example_sensor_decorator to None, run_after=None
[2026-07-01T09:34:44.560+0000] {processor.py:208} INFO - Processing /home/airflow/.local/lib/python3.12/site-packages/airflow/example_dags/example_sensor_decorator.py took 0.050 seconds
[2026-07-01T09:35:15.204+0000] {processor.py:186} INFO - Started process (PID=2701) to work on /home/airflow/.local/lib/python3.12/site-packages/airflow/example_dags/example_sensor_decorator.py
[2026-07-01T09:35:15.205+0000] {processor.py:914} INFO - Processing file /home/airflow/.local/lib/python3.12/site-packages/airflow/example_dags/example_sensor_decorator.py for tasks to queue
[2026-07-01T09:35:15.206+0000] {logging_mixin.py:190} INFO - [2026-07-01T09:35:15.206+0000] {dagbag.py:587} INFO - Filling up the DagBag from /home/airflow/.local/lib/python3.12/site-packages/airflow/example_dags/example_sensor_decorator.py
[2026-07-01T09:35:15.212+0000] {processor.py:925} INFO - DAG(s) 'example_sensor_decorator' retrieved from /home/airflow/.local/lib/python3.12/site-packages/airflow/example_dags/example_sensor_decorator.py
[2026-07-01T09:35:15.225+0000] {logging_mixin.py:190} INFO - [2026-07-01T09:35:15.225+0000] {dag.py:3211} INFO - Sync 1 DAGs
[2026-07-01T09:35:15.234+0000] {logging_mixin.py:190} INFO - [2026-07-01T09:35:15.234+0000] {dag.py:4138} INFO - Setting next_dagrun for example_sensor_decorator to None, run_after=None
[2026-07-01T09:35:15.247+0000] {processor.py:208} INFO - Processing /home/airflow/.local/lib/python3.12/site-packages/airflow/example_dags/example_sensor_decorator.py took 0.047 seconds
[2026-07-01T09:35:45.629+0000] {processor.py:186} INFO - Started process (PID=2763) to work on /home/airflow/.local/lib/python3.12/site-packages/airflow/example_dags/example_sensor_decorator.py
[2026-07-01T09:35:45.630+0000] {processor.py:914} INFO - Processing file /home/airflow/.local/lib/python3.12/site-packages/airflow/example_dags/example_sensor_decorator.py for tasks to queue
[2026-07-01T09:35:45.632+0000] {logging_mixin.py:190} INFO - [2026-07-01T09:35:45.631+0000] {dagbag.py:587} INFO - Filling up the DagBag from /home/airflow/.local/lib/python3.12/site-packages/airflow/example_dags/example_sensor_decorator.py
[2026-07-01T09:35:45.637+0000] {processor.py:925} INFO - DAG(s) 'example_sensor_decorator' retrieved from /home/airflow/.local/lib/python3.12/site-packages/airflow/example_dags/example_sensor_decorator.py
[2026-07-01T09:35:45.653+0000] {logging_mixin.py:190} INFO - [2026-07-01T09:35:45.653+0000] {dag.py:3211} INFO - Sync 1 DAGs
[2026-07-01T09:35:45.662+0000] {logging_mixin.py:190} INFO - [2026-07-01T09:35:45.662+0000] {dag.py:4138} INFO - Setting next_dagrun for example_sensor_decorator to None, run_after=None
[2026-07-01T09:35:45.676+0000] {processor.py:208} INFO - Processing /home/airflow/.local/lib/python3.12/site-packages/airflow/example_dags/example_sensor_decorator.py took 0.051 seconds
[2026-07-01T09:36:16.500+0000] {processor.py:186} INFO - Started process (PID=2825) to work on /home/airflow/.local/lib/python3.12/site-packages/airflow/example_dags/example_sensor_decorator.py
[2026-07-01T09:36:16.501+0000] {processor.py:914} INFO - Processing file /home/airflow/.local/lib/python3.12/site-packages/airflow/example_dags/example_sensor_decorator.py for tasks to queue
[2026-07-01T09:36:16.504+0000] {logging_mixin.py:190} INFO - [2026-07-01T09:36:16.503+0000] {dagbag.py:587} INFO - Filling up the DagBag from /home/airflow/.local/lib/python3.12/site-packages/airflow/example_dags/example_sensor_decorator.py
[2026-07-01T09:36:16.510+0000] {processor.py:925} INFO - DAG(s) 'example_sensor_decorator' retrieved from /home/airflow/.local/lib/python3.12/site-packages/airflow/example_dags/example_sensor_decorator.py
[2026-07-01T09:36:16.528+0000] {logging_mixin.py:190} INFO - [2026-07-01T09:36:16.528+0000] {dag.py:3211} INFO - Sync 1 DAGs
[2026-07-01T09:36:16.539+0000] {logging_mixin.py:190} INFO - [2026-07-01T09:36:16.539+0000] {dag.py:4138} INFO - Setting next_dagrun for example_sensor_decorator to None, run_after=None
[2026-07-01T09:36:16.555+0000] {processor.py:208} INFO - Processing /home/airflow/.local/lib/python3.12/site-packages/airflow/example_dags/example_sensor_decorator.py took 0.060 seconds
[2026-07-01T09:36:47.317+0000] {processor.py:186} INFO - Started process (PID=2887) to work on /home/airflow/.local/lib/python3.12/site-packages/airflow/example_dags/example_sensor_decorator.py
[2026-07-01T09:36:47.318+0000] {processor.py:914} INFO - Processing file /home/airflow/.local/lib/python3.12/site-packages/airflow/example_dags/example_sensor_decorator.py for tasks to queue
[2026-07-01T09:36:47.320+0000] {logging_mixin.py:190} INFO - [2026-07-01T09:36:47.320+0000] {dagbag.py:587} INFO - Filling up the DagBag from /home/airflow/.local/lib/python3.12/site-packages/airflow/example_dags/example_sensor_decorator.py
[2026-07-01T09:36:47.326+0000] {processor.py:925} INFO - DAG(s) 'example_sensor_decorator' retrieved from /home/airflow/.local/lib/python3.12/site-packages/airflow/example_dags/example_sensor_decorator.py
[2026-07-01T09:36:47.341+0000] {logging_mixin.py:190} INFO - [2026-07-01T09:36:47.341+0000] {dag.py:3211} INFO - Sync 1 DAGs
[2026-07-01T09:36:47.350+0000] {logging_mixin.py:190} INFO - [2026-07-01T09:36:47.350+0000] {dag.py:4138} INFO - Setting next_dagrun for example_sensor_decorator to None, run_after=None
[2026-07-01T09:36:47.363+0000] {processor.py:208} INFO - Processing /home/airflow/.local/lib/python3.12/site-packages/airflow/example_dags/example_sensor_decorator.py took 0.050 seconds
[2026-07-01T09:37:19.253+0000] {processor.py:186} INFO - Started process (PID=2955) to work on /home/airflow/.local/lib/python3.12/site-packages/airflow/example_dags/example_sensor_decorator.py
[2026-07-01T09:37:19.254+0000] {processor.py:914} INFO - Processing file /home/airflow/.local/lib/python3.12/site-packages/airflow/example_dags/example_sensor_decorator.py for tasks to queue
[2026-07-01T09:37:19.256+0000] {logging_mixin.py:190} INFO - [2026-07-01T09:37:19.255+0000] {dagbag.py:587} INFO - Filling up the DagBag from /home/airflow/.local/lib/python3.12/site-packages/airflow/example_dags/example_sensor_decorator.py
[2026-07-01T09:37:19.262+0000] {processor.py:925} INFO - DAG(s) 'example_sensor_decorator' retrieved from /home/airflow/.local/lib/python3.12/site-packages/airflow/example_dags/example_sensor_decorator.py
[2026-07-01T09:37:19.277+0000] {logging_mixin.py:190} INFO - [2026-07-01T09:37:19.276+0000] {dag.py:3211} INFO - Sync 1 DAGs
[2026-07-01T09:37:19.287+0000] {logging_mixin.py:190} INFO - [2026-07-01T09:37:19.286+0000] {dag.py:4138} INFO - Setting next_dagrun for example_sensor_decorator to None, run_after=None
[2026-07-01T09:37:19.301+0000] {processor.py:208} INFO - Processing /home/airflow/.local/lib/python3.12/site-packages/airflow/example_dags/example_sensor_decorator.py took 0.052 seconds
[2026-07-01T09:37:50.429+0000] {processor.py:186} INFO - Started process (PID=3017) to work on /home/airflow/.local/lib/python3.12/site-packages/airflow/example_dags/example_sensor_decorator.py
[2026-07-01T09:37:50.430+0000] {processor.py:914} INFO - Processing file /home/airflow/.local/lib/python3.12/site-packages/airflow/example_dags/example_sensor_decorator.py for tasks to queue
[2026-07-01T09:37:50.432+0000] {logging_mixin.py:190} INFO - [2026-07-01T09:37:50.432+0000] {dagbag.py:587} INFO - Filling up the DagBag from /home/airflow/.local/lib/python3.12/site-packages/airflow/example_dags/example_sensor_decorator.py
[2026-07-01T09:37:50.439+0000] {processor.py:925} INFO - DAG(s) 'example_sensor_decorator' retrieved from /home/airflow/.local/lib/python3.12/site-packages/airflow/example_dags/example_sensor_decorator.py
[2026-07-01T09:37:50.455+0000] {logging_mixin.py:190} INFO - [2026-07-01T09:37:50.454+0000] {dag.py:3211} INFO - Sync 1 DAGs
[2026-07-01T09:37:50.466+0000] {logging_mixin.py:190} INFO - [2026-07-01T09:37:50.466+0000] {dag.py:4138} INFO - Setting next_dagrun for example_sensor_decorator to None, run_after=None
[2026-07-01T09:37:50.479+0000] {processor.py:208} INFO - Processing /home/airflow/.local/lib/python3.12/site-packages/airflow/example_dags/example_sensor_decorator.py took 0.055 seconds
[2026-07-01T09:38:21.883+0000] {processor.py:186} INFO - Started process (PID=3079) to work on /home/airflow/.local/lib/python3.12/site-packages/airflow/example_dags/example_sensor_decorator.py
[2026-07-01T09:38:21.884+0000] {processor.py:914} INFO - Processing file /home/airflow/.local/lib/python3.12/site-packages/airflow/example_dags/example_sensor_decorator.py for tasks to queue
[2026-07-01T09:38:21.886+0000] {logging_mixin.py:190} INFO - [2026-07-01T09:38:21.886+0000] {dagbag.py:587} INFO - Filling up the DagBag from /home/airflow/.local/lib/python3.12/site-packages/airflow/example_dags/example_sensor_decorator.py
[2026-07-01T09:38:21.892+0000] {processor.py:925} INFO - DAG(s) 'example_sensor_decorator' retrieved from /home/airflow/.local/lib/python3.12/site-packages/airflow/example_dags/example_sensor_decorator.py
[2026-07-01T09:38:21.906+0000] {logging_mixin.py:190} INFO - [2026-07-01T09:38:21.906+0000] {dag.py:3211} INFO - Sync 1 DAGs
[2026-07-01T09:38:22.090+0000] {logging_mixin.py:190} INFO - [2026-07-01T09:38:22.090+0000] {dag.py:4138} INFO - Setting next_dagrun for example_sensor_decorator to None, run_after=None
[2026-07-01T09:38:22.115+0000] {processor.py:208} INFO - Processing /home/airflow/.local/lib/python3.12/site-packages/airflow/example_dags/example_sensor_decorator.py took 0.237 seconds
[2026-07-01T09:38:52.180+0000] {processor.py:186} INFO - Started process (PID=3141) to work on /home/airflow/.local/lib/python3.12/site-packages/airflow/example_dags/example_sensor_decorator.py
[2026-07-01T09:38:52.181+0000] {processor.py:914} INFO - Processing file /home/airflow/.local/lib/python3.12/site-packages/airflow/example_dags/example_sensor_decorator.py for tasks to queue
[2026-07-01T09:38:52.183+0000] {logging_mixin.py:190} INFO - [2026-07-01T09:38:52.183+0000] {dagbag.py:587} INFO - Filling up the DagBag from /home/airflow/.local/lib/python3.12/site-packages/airflow/example_dags/example_sensor_decorator.py
[2026-07-01T09:38:52.188+0000] {processor.py:925} INFO - DAG(s) 'example_sensor_decorator' retrieved from /home/airflow/.local/lib/python3.12/site-packages/airflow/example_dags/example_sensor_decorator.py
[2026-07-01T09:38:52.202+0000] {logging_mixin.py:190} INFO - [2026-07-01T09:38:52.202+0000] {dag.py:3211} INFO - Sync 1 DAGs
[2026-07-01T09:38:52.337+0000] {logging_mixin.py:190} INFO - [2026-07-01T09:38:52.336+0000] {dag.py:4138} INFO - Setting next_dagrun for example_sensor_decorator to None, run_after=None
[2026-07-01T09:38:52.348+0000] {processor.py:208} INFO - Processing /home/airflow/.local/lib/python3.12/site-packages/airflow/example_dags/example_sensor_decorator.py took 0.172 seconds
[2026-07-01T09:39:22.840+0000] {processor.py:186} INFO - Started process (PID=3203) to work on /home/airflow/.local/lib/python3.12/site-packages/airflow/example_dags/example_sensor_decorator.py
[2026-07-01T09:39:22.841+0000] {processor.py:914} INFO - Processing file /home/airflow/.local/lib/python3.12/site-packages/airflow/example_dags/example_sensor_decorator.py for tasks to queue
[2026-07-01T09:39:22.843+0000] {logging_mixin.py:190} INFO - [2026-07-01T09:39:22.843+0000] {dagbag.py:587} INFO - Filling up the DagBag from /home/airflow/.local/lib/python3.12/site-packages/airflow/example_dags/example_sensor_decorator.py
[2026-07-01T09:39:22.853+0000] {processor.py:925} INFO - DAG(s) 'example_sensor_decorator' retrieved from /home/airflow/.local/lib/python3.12/site-packages/airflow/example_dags/example_sensor_decorator.py
[2026-07-01T09:39:22.870+0000] {logging_mixin.py:190} INFO - [2026-07-01T09:39:22.870+0000] {dag.py:3211} INFO - Sync 1 DAGs
[2026-07-01T09:39:23.032+0000] {logging_mixin.py:190} INFO - [2026-07-01T09:39:23.032+0000] {dag.py:4138} INFO - Setting next_dagrun for example_sensor_decorator to None, run_after=None
[2026-07-01T09:39:23.047+0000] {processor.py:208} INFO - Processing /home/airflow/.local/lib/python3.12/site-packages/airflow/example_dags/example_sensor_decorator.py took 0.212 seconds
[2026-07-01T09:39:54.044+0000] {processor.py:186} INFO - Started process (PID=3265) to work on /home/airflow/.local/lib/python3.12/site-packages/airflow/example_dags/example_sensor_decorator.py
[2026-07-01T09:39:54.046+0000] {processor.py:914} INFO - Processing file /home/airflow/.local/lib/python3.12/site-packages/airflow/example_dags/example_sensor_decorator.py for tasks to queue
[2026-07-01T09:39:54.048+0000] {logging_mixin.py:190} INFO - [2026-07-01T09:39:54.047+0000] {dagbag.py:587} INFO - Filling up the DagBag from /home/airflow/.local/lib/python3.12/site-packages/airflow/example_dags/example_sensor_decorator.py
[2026-07-01T09:39:54.054+0000] {processor.py:925} INFO - DAG(s) 'example_sensor_decorator' retrieved from /home/airflow/.local/lib/python3.12/site-packages/airflow/example_dags/example_sensor_decorator.py
[2026-07-01T09:39:54.069+0000] {logging_mixin.py:190} INFO - [2026-07-01T09:39:54.069+0000] {dag.py:3211} INFO - Sync 1 DAGs
[2026-07-01T09:39:54.079+0000] {logging_mixin.py:190} INFO - [2026-07-01T09:39:54.079+0000] {dag.py:4138} INFO - Setting next_dagrun for example_sensor_decorator to None, run_after=None
[2026-07-01T09:39:54.220+0000] {processor.py:208} INFO - Processing /home/airflow/.local/lib/python3.12/site-packages/airflow/example_dags/example_sensor_decorator.py took 0.180 seconds
[2026-07-01T09:40:24.298+0000] {processor.py:186} INFO - Started process (PID=3327) to work on /home/airflow/.local/lib/python3.12/site-packages/airflow/example_dags/example_sensor_decorator.py
[2026-07-01T09:40:24.299+0000] {processor.py:914} INFO - Processing file /home/airflow/.local/lib/python3.12/site-packages/airflow/example_dags/example_sensor_decorator.py for tasks to queue
[2026-07-01T09:40:24.301+0000] {logging_mixin.py:190} INFO - [2026-07-01T09:40:24.301+0000] {dagbag.py:587} INFO - Filling up the DagBag from /home/airflow/.local/lib/python3.12/site-packages/airflow/example_dags/example_sensor_decorator.py
[2026-07-01T09:40:24.308+0000] {processor.py:925} INFO - DAG(s) 'example_sensor_decorator' retrieved from /home/airflow/.local/lib/python3.12/site-packages/airflow/example_dags/example_sensor_decorator.py
[2026-07-01T09:40:24.325+0000] {logging_mixin.py:190} INFO - [2026-07-01T09:40:24.325+0000] {dag.py:3211} INFO - Sync 1 DAGs
[2026-07-01T09:40:24.335+0000] {logging_mixin.py:190} INFO - [2026-07-01T09:40:24.335+0000] {dag.py:4138} INFO - Setting next_dagrun for example_sensor_decorator to None, run_after=None
[2026-07-01T09:40:24.350+0000] {processor.py:208} INFO - Processing /home/airflow/.local/lib/python3.12/site-packages/airflow/example_dags/example_sensor_decorator.py took 0.058 seconds
[2026-07-01T09:40:54.693+0000] {processor.py:186} INFO - Started process (PID=3389) to work on /home/airflow/.local/lib/python3.12/site-packages/airflow/example_dags/example_sensor_decorator.py
[2026-07-01T09:40:54.694+0000] {processor.py:914} INFO - Processing file /home/airflow/.local/lib/python3.12/site-packages/airflow/example_dags/example_sensor_decorator.py for tasks to queue
[2026-07-01T09:40:54.696+0000] {logging_mixin.py:190} INFO - [2026-07-01T09:40:54.696+0000] {dagbag.py:587} INFO - Filling up the DagBag from /home/airflow/.local/lib/python3.12/site-packages/airflow/example_dags/example_sensor_decorator.py
[2026-07-01T09:40:54.703+0000] {processor.py:925} INFO - DAG(s) 'example_sensor_decorator' retrieved from /home/airflow/.local/lib/python3.12/site-packages/airflow/example_dags/example_sensor_decorator.py
[2026-07-01T09:40:54.717+0000] {logging_mixin.py:190} INFO - [2026-07-01T09:40:54.717+0000] {dag.py:3211} INFO - Sync 1 DAGs
[2026-07-01T09:40:54.727+0000] {logging_mixin.py:190} INFO - [2026-07-01T09:40:54.727+0000] {dag.py:4138} INFO - Setting next_dagrun for example_sensor_decorator to None, run_after=None
[2026-07-01T09:40:54.741+0000] {processor.py:208} INFO - Processing /home/airflow/.local/lib/python3.12/site-packages/airflow/example_dags/example_sensor_decorator.py took 0.053 seconds
[2026-07-01T09:41:25.015+0000] {processor.py:186} INFO - Started process (PID=3451) to work on /home/airflow/.local/lib/python3.12/site-packages/airflow/example_dags/example_sensor_decorator.py
[2026-07-01T09:41:25.017+0000] {processor.py:914} INFO - Processing file /home/airflow/.local/lib/python3.12/site-packages/airflow/example_dags/example_sensor_decorator.py for tasks to queue
[2026-07-01T09:41:25.019+0000] {logging_mixin.py:190} INFO - [2026-07-01T09:41:25.019+0000] {dagbag.py:587} INFO - Filling up the DagBag from /home/airflow/.local/lib/python3.12/site-packages/airflow/example_dags/example_sensor_decorator.py
[2026-07-01T09:41:25.025+0000] {processor.py:925} INFO - DAG(s) 'example_sensor_decorator' retrieved from /home/airflow/.local/lib/python3.12/site-packages/airflow/example_dags/example_sensor_decorator.py
[2026-07-01T09:41:25.041+0000] {logging_mixin.py:190} INFO - [2026-07-01T09:41:25.041+0000] {dag.py:3211} INFO - Sync 1 DAGs
[2026-07-01T09:41:25.051+0000] {logging_mixin.py:190} INFO - [2026-07-01T09:41:25.051+0000] {dag.py:4138} INFO - Setting next_dagrun for example_sensor_decorator to None, run_after=None
[2026-07-01T09:41:25.064+0000] {processor.py:208} INFO - Processing /home/airflow/.local/lib/python3.12/site-packages/airflow/example_dags/example_sensor_decorator.py took 0.053 seconds
[2026-07-01T09:41:55.219+0000] {processor.py:186} INFO - Started process (PID=3513) to work on /home/airflow/.local/lib/python3.12/site-packages/airflow/example_dags/example_sensor_decorator.py
[2026-07-01T09:41:55.220+0000] {processor.py:914} INFO - Processing file /home/airflow/.local/lib/python3.12/site-packages/airflow/example_dags/example_sensor_decorator.py for tasks to queue
[2026-07-01T09:41:55.223+0000] {logging_mixin.py:190} INFO - [2026-07-01T09:41:55.223+0000] {dagbag.py:587} INFO - Filling up the DagBag from /home/airflow/.local/lib/python3.12/site-packages/airflow/example_dags/example_sensor_decorator.py
[2026-07-01T09:41:55.230+0000] {processor.py:925} INFO - DAG(s) 'example_sensor_decorator' retrieved from /home/airflow/.local/lib/python3.12/site-packages/airflow/example_dags/example_sensor_decorator.py
[2026-07-01T09:41:55.245+0000] {logging_mixin.py:190} INFO - [2026-07-01T09:41:55.245+0000] {dag.py:3211} INFO - Sync 1 DAGs
[2026-07-01T09:41:55.256+0000] {logging_mixin.py:190} INFO - [2026-07-01T09:41:55.256+0000] {dag.py:4138} INFO - Setting next_dagrun for example_sensor_decorator to None, run_after=None
[2026-07-01T09:41:55.270+0000] {processor.py:208} INFO - Processing /home/airflow/.local/lib/python3.12/site-packages/airflow/example_dags/example_sensor_decorator.py took 0.055 seconds
[2026-07-01T09:42:25.658+0000] {processor.py:186} INFO - Started process (PID=3575) to work on /home/airflow/.local/lib/python3.12/site-packages/airflow/example_dags/example_sensor_decorator.py
[2026-07-01T09:42:25.659+0000] {processor.py:914} INFO - Processing file /home/airflow/.local/lib/python3.12/site-packages/airflow/example_dags/example_sensor_decorator.py for tasks to queue
[2026-07-01T09:42:25.661+0000] {logging_mixin.py:190} INFO - [2026-07-01T09:42:25.661+0000] {dagbag.py:587} INFO - Filling up the DagBag from /home/airflow/.local/lib/python3.12/site-packages/airflow/example_dags/example_sensor_decorator.py
[2026-07-01T09:42:25.667+0000] {processor.py:925} INFO - DAG(s) 'example_sensor_decorator' retrieved from /home/airflow/.local/lib/python3.12/site-packages/airflow/example_dags/example_sensor_decorator.py
[2026-07-01T09:42:25.683+0000] {logging_mixin.py:190} INFO - [2026-07-01T09:42:25.682+0000] {dag.py:3211} INFO - Sync 1 DAGs
[2026-07-01T09:42:25.694+0000] {logging_mixin.py:190} INFO - [2026-07-01T09:42:25.694+0000] {dag.py:4138} INFO - Setting next_dagrun for example_sensor_decorator to None, run_after=None
[2026-07-01T09:42:25.708+0000] {processor.py:208} INFO - Processing /home/airflow/.local/lib/python3.12/site-packages/airflow/example_dags/example_sensor_decorator.py took 0.055 seconds
[2026-07-01T09:42:56.115+0000] {processor.py:186} INFO - Started process (PID=3637) to work on /home/airflow/.local/lib/python3.12/site-packages/airflow/example_dags/example_sensor_decorator.py
[2026-07-01T09:42:56.116+0000] {processor.py:914} INFO - Processing file /home/airflow/.local/lib/python3.12/site-packages/airflow/example_dags/example_sensor_decorator.py for tasks to queue
[2026-07-01T09:42:56.118+0000] {logging_mixin.py:190} INFO - [2026-07-01T09:42:56.118+0000] {dagbag.py:587} INFO - Filling up the DagBag from /home/airflow/.local/lib/python3.12/site-packages/airflow/example_dags/example_sensor_decorator.py
[2026-07-01T09:42:56.124+0000] {processor.py:925} INFO - DAG(s) 'example_sensor_decorator' retrieved from /home/airflow/.local/lib/python3.12/site-packages/airflow/example_dags/example_sensor_decorator.py
[2026-07-01T09:42:56.140+0000] {logging_mixin.py:190} INFO - [2026-07-01T09:42:56.140+0000] {dag.py:3211} INFO - Sync 1 DAGs
[2026-07-01T09:42:56.149+0000] {logging_mixin.py:190} INFO - [2026-07-01T09:42:56.149+0000] {dag.py:4138} INFO - Setting next_dagrun for example_sensor_decorator to None, run_after=None
[2026-07-01T09:42:56.162+0000] {processor.py:208} INFO - Processing /home/airflow/.local/lib/python3.12/site-packages/airflow/example_dags/example_sensor_decorator.py took 0.052 seconds
[2026-07-01T09:43:26.401+0000] {processor.py:186} INFO - Started process (PID=3699) to work on /home/airflow/.local/lib/python3.12/site-packages/airflow/example_dags/example_sensor_decorator.py
[2026-07-01T09:43:26.402+0000] {processor.py:914} INFO - Processing file /home/airflow/.local/lib/python3.12/site-packages/airflow/example_dags/example_sensor_decorator.py for tasks to queue
[2026-07-01T09:43:26.404+0000] {logging_mixin.py:190} INFO - [2026-07-01T09:43:26.404+0000] {dagbag.py:587} INFO - Filling up the DagBag from /home/airflow/.local/lib/python3.12/site-packages/airflow/example_dags/example_sensor_decorator.py
[2026-07-01T09:43:26.412+0000] {processor.py:925} INFO - DAG(s) 'example_sensor_decorator' retrieved from /home/airflow/.local/lib/python3.12/site-packages/airflow/example_dags/example_sensor_decorator.py
[2026-07-01T09:43:26.431+0000] {logging_mixin.py:190} INFO - [2026-07-01T09:43:26.431+0000] {dag.py:3211} INFO - Sync 1 DAGs
[2026-07-01T09:43:26.444+0000] {logging_mixin.py:190} INFO - [2026-07-01T09:43:26.443+0000] {dag.py:4138} INFO - Setting next_dagrun for example_sensor_decorator to None, run_after=None
[2026-07-01T09:43:26.459+0000] {processor.py:208} INFO - Processing /home/airflow/.local/lib/python3.12/site-packages/airflow/example_dags/example_sensor_decorator.py took 0.064 seconds
[2026-07-01T09:43:56.770+0000] {processor.py:186} INFO - Started process (PID=3761) to work on /home/airflow/.local/lib/python3.12/site-packages/airflow/example_dags/example_sensor_decorator.py
[2026-07-01T09:43:56.772+0000] {processor.py:914} INFO - Processing file /home/airflow/.local/lib/python3.12/site-packages/airflow/example_dags/example_sensor_decorator.py for tasks to queue
[2026-07-01T09:43:56.775+0000] {logging_mixin.py:190} INFO - [2026-07-01T09:43:56.774+0000] {dagbag.py:587} INFO - Filling up the DagBag from /home/airflow/.local/lib/python3.12/site-packages/airflow/example_dags/example_sensor_decorator.py
[2026-07-01T09:43:56.784+0000] {processor.py:925} INFO - DAG(s) 'example_sensor_decorator' retrieved from /home/airflow/.local/lib/python3.12/site-packages/airflow/example_dags/example_sensor_decorator.py
[2026-07-01T09:43:56.802+0000] {logging_mixin.py:190} INFO - [2026-07-01T09:43:56.802+0000] {dag.py:3211} INFO - Sync 1 DAGs
[2026-07-01T09:43:56.814+0000] {logging_mixin.py:190} INFO - [2026-07-01T09:43:56.813+0000] {dag.py:4138} INFO - Setting next_dagrun for example_sensor_decorator to None, run_after=None
[2026-07-01T09:43:56.828+0000] {processor.py:208} INFO - Processing /home/airflow/.local/lib/python3.12/site-packages/airflow/example_dags/example_sensor_decorator.py took 0.064 seconds
[2026-07-01T09:44:27.054+0000] {processor.py:186} INFO - Started process (PID=3823) to work on /home/airflow/.local/lib/python3.12/site-packages/airflow/example_dags/example_sensor_decorator.py
[2026-07-01T09:44:27.055+0000] {processor.py:914} INFO - Processing file /home/airflow/.local/lib/python3.12/site-packages/airflow/example_dags/example_sensor_decorator.py for tasks to queue
[2026-07-01T09:44:27.056+0000] {logging_mixin.py:190} INFO - [2026-07-01T09:44:27.056+0000] {dagbag.py:587} INFO - Filling up the DagBag from /home/airflow/.local/lib/python3.12/site-packages/airflow/example_dags/example_sensor_decorator.py
[2026-07-01T09:44:27.062+0000] {processor.py:925} INFO - DAG(s) 'example_sensor_decorator' retrieved from /home/airflow/.local/lib/python3.12/site-packages/airflow/example_dags/example_sensor_decorator.py
[2026-07-01T09:44:27.079+0000] {logging_mixin.py:190} INFO - [2026-07-01T09:44:27.079+0000] {dag.py:3211} INFO - Sync 1 DAGs
[2026-07-01T09:44:27.089+0000] {logging_mixin.py:190} INFO - [2026-07-01T09:44:27.089+0000] {dag.py:4138} INFO - Setting next_dagrun for example_sensor_decorator to None, run_after=None
[2026-07-01T09:44:27.103+0000] {processor.py:208} INFO - Processing /home/airflow/.local/lib/python3.12/site-packages/airflow/example_dags/example_sensor_decorator.py took 0.054 seconds
[2026-07-01T09:44:57.448+0000] {processor.py:186} INFO - Started process (PID=3885) to work on /home/airflow/.local/lib/python3.12/site-packages/airflow/example_dags/example_sensor_decorator.py
[2026-07-01T09:44:57.449+0000] {processor.py:914} INFO - Processing file /home/airflow/.local/lib/python3.12/site-packages/airflow/example_dags/example_sensor_decorator.py for tasks to queue
[2026-07-01T09:44:57.451+0000] {logging_mixin.py:190} INFO - [2026-07-01T09:44:57.451+0000] {dagbag.py:587} INFO - Filling up the DagBag from /home/airflow/.local/lib/python3.12/site-packages/airflow/example_dags/example_sensor_decorator.py
[2026-07-01T09:44:57.457+0000] {processor.py:925} INFO - DAG(s) 'example_sensor_decorator' retrieved from /home/airflow/.local/lib/python3.12/site-packages/airflow/example_dags/example_sensor_decorator.py
[2026-07-01T09:44:57.474+0000] {logging_mixin.py:190} INFO - [2026-07-01T09:44:57.474+0000] {dag.py:3211} INFO - Sync 1 DAGs
[2026-07-01T09:44:57.483+0000] {logging_mixin.py:190} INFO - [2026-07-01T09:44:57.483+0000] {dag.py:4138} INFO - Setting next_dagrun for example_sensor_decorator to None, run_after=None
[2026-07-01T09:44:57.497+0000] {processor.py:208} INFO - Processing /home/airflow/.local/lib/python3.12/site-packages/airflow/example_dags/example_sensor_decorator.py took 0.053 seconds
[2026-07-01T09:45:27.806+0000] {processor.py:186} INFO - Started process (PID=3947) to work on /home/airflow/.local/lib/python3.12/site-packages/airflow/example_dags/example_sensor_decorator.py
[2026-07-01T09:45:27.807+0000] {processor.py:914} INFO - Processing file /home/airflow/.local/lib/python3.12/site-packages/airflow/example_dags/example_sensor_decorator.py for tasks to queue
[2026-07-01T09:45:27.810+0000] {logging_mixin.py:190} INFO - [2026-07-01T09:45:27.809+0000] {dagbag.py:587} INFO - Filling up the DagBag from /home/airflow/.local/lib/python3.12/site-packages/airflow/example_dags/example_sensor_decorator.py
[2026-07-01T09:45:27.817+0000] {processor.py:925} INFO - DAG(s) 'example_sensor_decorator' retrieved from /home/airflow/.local/lib/python3.12/site-packages/airflow/example_dags/example_sensor_decorator.py
[2026-07-01T09:45:27.833+0000] {logging_mixin.py:190} INFO - [2026-07-01T09:45:27.832+0000] {dag.py:3211} INFO - Sync 1 DAGs
[2026-07-01T09:45:27.842+0000] {logging_mixin.py:190} INFO - [2026-07-01T09:45:27.842+0000] {dag.py:4138} INFO - Setting next_dagrun for example_sensor_decorator to None, run_after=None
[2026-07-01T09:45:27.856+0000] {processor.py:208} INFO - Processing /home/airflow/.local/lib/python3.12/site-packages/airflow/example_dags/example_sensor_decorator.py took 0.054 seconds
