[2026-07-01T09:09:38.817+0000] {processor.py:186} INFO - Started process (PID=68) to work on /home/airflow/.local/lib/python3.12/site-packages/airflow/example_dags/example_nested_branch_dag.py
[2026-07-01T09:09:38.819+0000] {processor.py:914} INFO - Processing file /home/airflow/.local/lib/python3.12/site-packages/airflow/example_dags/example_nested_branch_dag.py for tasks to queue
[2026-07-01T09:09:38.821+0000] {logging_mixin.py:190} INFO - [2026-07-01T09:09:38.821+0000] {dagbag.py:587} INFO - Filling up the DagBag from /home/airflow/.local/lib/python3.12/site-packages/airflow/example_dags/example_nested_branch_dag.py
[2026-07-01T09:09:38.834+0000] {processor.py:925} INFO - DAG(s) 'example_nested_branch_dag' retrieved from /home/airflow/.local/lib/python3.12/site-packages/airflow/example_dags/example_nested_branch_dag.py
[2026-07-01T09:09:38.924+0000] {logging_mixin.py:190} INFO - [2026-07-01T09:09:38.924+0000] {override.py:1858} INFO - Created Permission View: can read on DAG:example_nested_branch_dag
[2026-07-01T09:09:38.932+0000] {logging_mixin.py:190} INFO - [2026-07-01T09:09:38.932+0000] {override.py:1858} INFO - Created Permission View: can delete on DAG:example_nested_branch_dag
[2026-07-01T09:09:38.937+0000] {logging_mixin.py:190} INFO - [2026-07-01T09:09:38.937+0000] {override.py:1858} INFO - Created Permission View: can edit on DAG:example_nested_branch_dag
[2026-07-01T09:09:38.938+0000] {logging_mixin.py:190} INFO - [2026-07-01T09:09:38.938+0000] {dag.py:3211} INFO - Sync 1 DAGs
[2026-07-01T09:09:38.948+0000] {logging_mixin.py:190} INFO - [2026-07-01T09:09:38.948+0000] {dag.py:3234} INFO - Creating ORM DAG for example_nested_branch_dag
[2026-07-01T09:09:38.957+0000] {logging_mixin.py:190} INFO - [2026-07-01T09:09:38.957+0000] {dag.py:4138} INFO - Setting next_dagrun for example_nested_branch_dag to 2026-06-30 00:00:00+00:00, run_after=2026-07-01 00:00:00+00:00
[2026-07-01T09:09:38.969+0000] {processor.py:208} INFO - Processing /home/airflow/.local/lib/python3.12/site-packages/airflow/example_dags/example_nested_branch_dag.py took 0.157 seconds
[2026-07-01T09:10:09.171+0000] {processor.py:186} INFO - Started process (PID=130) to work on /home/airflow/.local/lib/python3.12/site-packages/airflow/example_dags/example_nested_branch_dag.py
[2026-07-01T09:10:09.172+0000] {processor.py:914} INFO - Processing file /home/airflow/.local/lib/python3.12/site-packages/airflow/example_dags/example_nested_branch_dag.py for tasks to queue
[2026-07-01T09:10:09.174+0000] {logging_mixin.py:190} INFO - [2026-07-01T09:10:09.174+0000] {dagbag.py:587} INFO - Filling up the DagBag from /home/airflow/.local/lib/python3.12/site-packages/airflow/example_dags/example_nested_branch_dag.py
[2026-07-01T09:10:09.182+0000] {processor.py:925} INFO - DAG(s) 'example_nested_branch_dag' retrieved from /home/airflow/.local/lib/python3.12/site-packages/airflow/example_dags/example_nested_branch_dag.py
[2026-07-01T09:10:09.197+0000] {logging_mixin.py:190} INFO - [2026-07-01T09:10:09.197+0000] {dag.py:3211} INFO - Sync 1 DAGs
[2026-07-01T09:10:09.213+0000] {logging_mixin.py:190} INFO - [2026-07-01T09:10:09.212+0000] {dag.py:4138} INFO - Setting next_dagrun for example_nested_branch_dag to 2026-06-30 00:00:00+00:00, run_after=2026-07-01 00:00:00+00:00
[2026-07-01T09:10:09.225+0000] {processor.py:208} INFO - Processing /home/airflow/.local/lib/python3.12/site-packages/airflow/example_dags/example_nested_branch_dag.py took 0.058 seconds
[2026-07-01T09:10:39.613+0000] {processor.py:186} INFO - Started process (PID=192) to work on /home/airflow/.local/lib/python3.12/site-packages/airflow/example_dags/example_nested_branch_dag.py
[2026-07-01T09:10:39.614+0000] {processor.py:914} INFO - Processing file /home/airflow/.local/lib/python3.12/site-packages/airflow/example_dags/example_nested_branch_dag.py for tasks to queue
[2026-07-01T09:10:39.617+0000] {logging_mixin.py:190} INFO - [2026-07-01T09:10:39.616+0000] {dagbag.py:587} INFO - Filling up the DagBag from /home/airflow/.local/lib/python3.12/site-packages/airflow/example_dags/example_nested_branch_dag.py
[2026-07-01T09:10:39.626+0000] {processor.py:925} INFO - DAG(s) 'example_nested_branch_dag' retrieved from /home/airflow/.local/lib/python3.12/site-packages/airflow/example_dags/example_nested_branch_dag.py
[2026-07-01T09:10:39.645+0000] {logging_mixin.py:190} INFO - [2026-07-01T09:10:39.644+0000] {dag.py:3211} INFO - Sync 1 DAGs
[2026-07-01T09:10:39.670+0000] {logging_mixin.py:190} INFO - [2026-07-01T09:10:39.670+0000] {dag.py:4138} INFO - Setting next_dagrun for example_nested_branch_dag to 2026-06-30 00:00:00+00:00, run_after=2026-07-01 00:00:00+00:00
[2026-07-01T09:10:39.688+0000] {processor.py:208} INFO - Processing /home/airflow/.local/lib/python3.12/site-packages/airflow/example_dags/example_nested_branch_dag.py took 0.080 seconds
[2026-07-01T09:11:09.851+0000] {processor.py:186} INFO - Started process (PID=254) to work on /home/airflow/.local/lib/python3.12/site-packages/airflow/example_dags/example_nested_branch_dag.py
[2026-07-01T09:11:09.852+0000] {processor.py:914} INFO - Processing file /home/airflow/.local/lib/python3.12/site-packages/airflow/example_dags/example_nested_branch_dag.py for tasks to queue
[2026-07-01T09:11:09.854+0000] {logging_mixin.py:190} INFO - [2026-07-01T09:11:09.853+0000] {dagbag.py:587} INFO - Filling up the DagBag from /home/airflow/.local/lib/python3.12/site-packages/airflow/example_dags/example_nested_branch_dag.py
[2026-07-01T09:11:09.864+0000] {processor.py:925} INFO - DAG(s) 'example_nested_branch_dag' retrieved from /home/airflow/.local/lib/python3.12/site-packages/airflow/example_dags/example_nested_branch_dag.py
[2026-07-01T09:11:09.879+0000] {logging_mixin.py:190} INFO - [2026-07-01T09:11:09.878+0000] {dag.py:3211} INFO - Sync 1 DAGs
[2026-07-01T09:11:09.894+0000] {logging_mixin.py:190} INFO - [2026-07-01T09:11:09.893+0000] {dag.py:4138} INFO - Setting next_dagrun for example_nested_branch_dag to 2026-06-30 00:00:00+00:00, run_after=2026-07-01 00:00:00+00:00
[2026-07-01T09:11:09.906+0000] {processor.py:208} INFO - Processing /home/airflow/.local/lib/python3.12/site-packages/airflow/example_dags/example_nested_branch_dag.py took 0.060 seconds
[2026-07-01T09:11:39.980+0000] {processor.py:186} INFO - Started process (PID=316) to work on /home/airflow/.local/lib/python3.12/site-packages/airflow/example_dags/example_nested_branch_dag.py
[2026-07-01T09:11:39.982+0000] {processor.py:914} INFO - Processing file /home/airflow/.local/lib/python3.12/site-packages/airflow/example_dags/example_nested_branch_dag.py for tasks to queue
[2026-07-01T09:11:39.986+0000] {logging_mixin.py:190} INFO - [2026-07-01T09:11:39.985+0000] {dagbag.py:587} INFO - Filling up the DagBag from /home/airflow/.local/lib/python3.12/site-packages/airflow/example_dags/example_nested_branch_dag.py
[2026-07-01T09:11:39.995+0000] {processor.py:925} INFO - DAG(s) 'example_nested_branch_dag' retrieved from /home/airflow/.local/lib/python3.12/site-packages/airflow/example_dags/example_nested_branch_dag.py
[2026-07-01T09:11:40.016+0000] {logging_mixin.py:190} INFO - [2026-07-01T09:11:40.016+0000] {dag.py:3211} INFO - Sync 1 DAGs
[2026-07-01T09:11:40.037+0000] {logging_mixin.py:190} INFO - [2026-07-01T09:11:40.037+0000] {dag.py:4138} INFO - Setting next_dagrun for example_nested_branch_dag to 2026-06-30 00:00:00+00:00, run_after=2026-07-01 00:00:00+00:00
[2026-07-01T09:11:40.055+0000] {processor.py:208} INFO - Processing /home/airflow/.local/lib/python3.12/site-packages/airflow/example_dags/example_nested_branch_dag.py took 0.079 seconds
[2026-07-01T09:12:10.489+0000] {processor.py:186} INFO - Started process (PID=378) to work on /home/airflow/.local/lib/python3.12/site-packages/airflow/example_dags/example_nested_branch_dag.py
[2026-07-01T09:12:10.491+0000] {processor.py:914} INFO - Processing file /home/airflow/.local/lib/python3.12/site-packages/airflow/example_dags/example_nested_branch_dag.py for tasks to queue
[2026-07-01T09:12:10.493+0000] {logging_mixin.py:190} INFO - [2026-07-01T09:12:10.492+0000] {dagbag.py:587} INFO - Filling up the DagBag from /home/airflow/.local/lib/python3.12/site-packages/airflow/example_dags/example_nested_branch_dag.py
[2026-07-01T09:12:10.501+0000] {processor.py:925} INFO - DAG(s) 'example_nested_branch_dag' retrieved from /home/airflow/.local/lib/python3.12/site-packages/airflow/example_dags/example_nested_branch_dag.py
[2026-07-01T09:12:10.518+0000] {logging_mixin.py:190} INFO - [2026-07-01T09:12:10.518+0000] {dag.py:3211} INFO - Sync 1 DAGs
[2026-07-01T09:12:10.533+0000] {logging_mixin.py:190} INFO - [2026-07-01T09:12:10.533+0000] {dag.py:4138} INFO - Setting next_dagrun for example_nested_branch_dag to 2026-06-30 00:00:00+00:00, run_after=2026-07-01 00:00:00+00:00
[2026-07-01T09:12:10.545+0000] {processor.py:208} INFO - Processing /home/airflow/.local/lib/python3.12/site-packages/airflow/example_dags/example_nested_branch_dag.py took 0.061 seconds
[2026-07-01T09:12:41.063+0000] {processor.py:186} INFO - Started process (PID=440) to work on /home/airflow/.local/lib/python3.12/site-packages/airflow/example_dags/example_nested_branch_dag.py
[2026-07-01T09:12:41.064+0000] {processor.py:914} INFO - Processing file /home/airflow/.local/lib/python3.12/site-packages/airflow/example_dags/example_nested_branch_dag.py for tasks to queue
[2026-07-01T09:12:41.066+0000] {logging_mixin.py:190} INFO - [2026-07-01T09:12:41.066+0000] {dagbag.py:587} INFO - Filling up the DagBag from /home/airflow/.local/lib/python3.12/site-packages/airflow/example_dags/example_nested_branch_dag.py
[2026-07-01T09:12:41.076+0000] {processor.py:925} INFO - DAG(s) 'example_nested_branch_dag' retrieved from /home/airflow/.local/lib/python3.12/site-packages/airflow/example_dags/example_nested_branch_dag.py
[2026-07-01T09:12:41.094+0000] {logging_mixin.py:190} INFO - [2026-07-01T09:12:41.094+0000] {dag.py:3211} INFO - Sync 1 DAGs
[2026-07-01T09:12:41.113+0000] {logging_mixin.py:190} INFO - [2026-07-01T09:12:41.113+0000] {dag.py:4138} INFO - Setting next_dagrun for example_nested_branch_dag to 2026-06-30 00:00:00+00:00, run_after=2026-07-01 00:00:00+00:00
[2026-07-01T09:12:41.128+0000] {processor.py:208} INFO - Processing /home/airflow/.local/lib/python3.12/site-packages/airflow/example_dags/example_nested_branch_dag.py took 0.071 seconds
[2026-07-01T09:13:11.427+0000] {processor.py:186} INFO - Started process (PID=508) to work on /home/airflow/.local/lib/python3.12/site-packages/airflow/example_dags/example_nested_branch_dag.py
[2026-07-01T09:13:11.428+0000] {processor.py:914} INFO - Processing file /home/airflow/.local/lib/python3.12/site-packages/airflow/example_dags/example_nested_branch_dag.py for tasks to queue
[2026-07-01T09:13:11.431+0000] {logging_mixin.py:190} INFO - [2026-07-01T09:13:11.431+0000] {dagbag.py:587} INFO - Filling up the DagBag from /home/airflow/.local/lib/python3.12/site-packages/airflow/example_dags/example_nested_branch_dag.py
[2026-07-01T09:13:11.444+0000] {processor.py:925} INFO - DAG(s) 'example_nested_branch_dag' retrieved from /home/airflow/.local/lib/python3.12/site-packages/airflow/example_dags/example_nested_branch_dag.py
[2026-07-01T09:13:11.467+0000] {logging_mixin.py:190} INFO - [2026-07-01T09:13:11.467+0000] {dag.py:3211} INFO - Sync 1 DAGs
[2026-07-01T09:13:11.488+0000] {logging_mixin.py:190} INFO - [2026-07-01T09:13:11.488+0000] {dag.py:4138} INFO - Setting next_dagrun for example_nested_branch_dag to 2026-06-30 00:00:00+00:00, run_after=2026-07-01 00:00:00+00:00
[2026-07-01T09:13:11.508+0000] {processor.py:208} INFO - Processing /home/airflow/.local/lib/python3.12/site-packages/airflow/example_dags/example_nested_branch_dag.py took 0.088 seconds
[2026-07-01T09:13:42.467+0000] {processor.py:186} INFO - Started process (PID=570) to work on /home/airflow/.local/lib/python3.12/site-packages/airflow/example_dags/example_nested_branch_dag.py
[2026-07-01T09:13:42.468+0000] {processor.py:914} INFO - Processing file /home/airflow/.local/lib/python3.12/site-packages/airflow/example_dags/example_nested_branch_dag.py for tasks to queue
[2026-07-01T09:13:42.470+0000] {logging_mixin.py:190} INFO - [2026-07-01T09:13:42.470+0000] {dagbag.py:587} INFO - Filling up the DagBag from /home/airflow/.local/lib/python3.12/site-packages/airflow/example_dags/example_nested_branch_dag.py
[2026-07-01T09:13:42.479+0000] {processor.py:925} INFO - DAG(s) 'example_nested_branch_dag' retrieved from /home/airflow/.local/lib/python3.12/site-packages/airflow/example_dags/example_nested_branch_dag.py
[2026-07-01T09:13:42.499+0000] {logging_mixin.py:190} INFO - [2026-07-01T09:13:42.499+0000] {dag.py:3211} INFO - Sync 1 DAGs
[2026-07-01T09:13:42.521+0000] {logging_mixin.py:190} INFO - [2026-07-01T09:13:42.520+0000] {dag.py:4138} INFO - Setting next_dagrun for example_nested_branch_dag to 2026-06-30 00:00:00+00:00, run_after=2026-07-01 00:00:00+00:00
[2026-07-01T09:13:42.537+0000] {processor.py:208} INFO - Processing /home/airflow/.local/lib/python3.12/site-packages/airflow/example_dags/example_nested_branch_dag.py took 0.075 seconds
[2026-07-01T09:14:13.551+0000] {processor.py:186} INFO - Started process (PID=632) to work on /home/airflow/.local/lib/python3.12/site-packages/airflow/example_dags/example_nested_branch_dag.py
[2026-07-01T09:14:13.552+0000] {processor.py:914} INFO - Processing file /home/airflow/.local/lib/python3.12/site-packages/airflow/example_dags/example_nested_branch_dag.py for tasks to queue
[2026-07-01T09:14:13.554+0000] {logging_mixin.py:190} INFO - [2026-07-01T09:14:13.554+0000] {dagbag.py:587} INFO - Filling up the DagBag from /home/airflow/.local/lib/python3.12/site-packages/airflow/example_dags/example_nested_branch_dag.py
[2026-07-01T09:14:13.563+0000] {processor.py:925} INFO - DAG(s) 'example_nested_branch_dag' retrieved from /home/airflow/.local/lib/python3.12/site-packages/airflow/example_dags/example_nested_branch_dag.py
[2026-07-01T09:14:13.579+0000] {logging_mixin.py:190} INFO - [2026-07-01T09:14:13.578+0000] {dag.py:3211} INFO - Sync 1 DAGs
[2026-07-01T09:14:13.597+0000] {logging_mixin.py:190} INFO - [2026-07-01T09:14:13.597+0000] {dag.py:4138} INFO - Setting next_dagrun for example_nested_branch_dag to 2026-06-30 00:00:00+00:00, run_after=2026-07-01 00:00:00+00:00
[2026-07-01T09:14:13.613+0000] {processor.py:208} INFO - Processing /home/airflow/.local/lib/python3.12/site-packages/airflow/example_dags/example_nested_branch_dag.py took 0.067 seconds
[2026-07-01T09:14:43.755+0000] {processor.py:186} INFO - Started process (PID=693) to work on /home/airflow/.local/lib/python3.12/site-packages/airflow/example_dags/example_nested_branch_dag.py
[2026-07-01T09:14:43.759+0000] {processor.py:914} INFO - Processing file /home/airflow/.local/lib/python3.12/site-packages/airflow/example_dags/example_nested_branch_dag.py for tasks to queue
[2026-07-01T09:14:43.761+0000] {logging_mixin.py:190} INFO - [2026-07-01T09:14:43.761+0000] {dagbag.py:587} INFO - Filling up the DagBag from /home/airflow/.local/lib/python3.12/site-packages/airflow/example_dags/example_nested_branch_dag.py
[2026-07-01T09:14:43.771+0000] {processor.py:925} INFO - DAG(s) 'example_nested_branch_dag' retrieved from /home/airflow/.local/lib/python3.12/site-packages/airflow/example_dags/example_nested_branch_dag.py
[2026-07-01T09:14:43.789+0000] {logging_mixin.py:190} INFO - [2026-07-01T09:14:43.789+0000] {dag.py:3211} INFO - Sync 1 DAGs
[2026-07-01T09:14:43.808+0000] {logging_mixin.py:190} INFO - [2026-07-01T09:14:43.808+0000] {dag.py:4138} INFO - Setting next_dagrun for example_nested_branch_dag to 2026-06-30 00:00:00+00:00, run_after=2026-07-01 00:00:00+00:00
[2026-07-01T09:14:43.824+0000] {processor.py:208} INFO - Processing /home/airflow/.local/lib/python3.12/site-packages/airflow/example_dags/example_nested_branch_dag.py took 0.075 seconds
[2026-07-01T09:15:14.636+0000] {processor.py:186} INFO - Started process (PID=756) to work on /home/airflow/.local/lib/python3.12/site-packages/airflow/example_dags/example_nested_branch_dag.py
[2026-07-01T09:15:14.637+0000] {processor.py:914} INFO - Processing file /home/airflow/.local/lib/python3.12/site-packages/airflow/example_dags/example_nested_branch_dag.py for tasks to queue
[2026-07-01T09:15:14.640+0000] {logging_mixin.py:190} INFO - [2026-07-01T09:15:14.639+0000] {dagbag.py:587} INFO - Filling up the DagBag from /home/airflow/.local/lib/python3.12/site-packages/airflow/example_dags/example_nested_branch_dag.py
[2026-07-01T09:15:14.650+0000] {processor.py:925} INFO - DAG(s) 'example_nested_branch_dag' retrieved from /home/airflow/.local/lib/python3.12/site-packages/airflow/example_dags/example_nested_branch_dag.py
[2026-07-01T09:15:14.672+0000] {logging_mixin.py:190} INFO - [2026-07-01T09:15:14.672+0000] {dag.py:3211} INFO - Sync 1 DAGs
[2026-07-01T09:15:14.693+0000] {logging_mixin.py:190} INFO - [2026-07-01T09:15:14.693+0000] {dag.py:4138} INFO - Setting next_dagrun for example_nested_branch_dag to 2026-06-30 00:00:00+00:00, run_after=2026-07-01 00:00:00+00:00
[2026-07-01T09:15:14.710+0000] {processor.py:208} INFO - Processing /home/airflow/.local/lib/python3.12/site-packages/airflow/example_dags/example_nested_branch_dag.py took 0.080 seconds
[2026-07-01T09:15:45.599+0000] {processor.py:186} INFO - Started process (PID=818) to work on /home/airflow/.local/lib/python3.12/site-packages/airflow/example_dags/example_nested_branch_dag.py
[2026-07-01T09:15:45.600+0000] {processor.py:914} INFO - Processing file /home/airflow/.local/lib/python3.12/site-packages/airflow/example_dags/example_nested_branch_dag.py for tasks to queue
[2026-07-01T09:15:45.602+0000] {logging_mixin.py:190} INFO - [2026-07-01T09:15:45.602+0000] {dagbag.py:587} INFO - Filling up the DagBag from /home/airflow/.local/lib/python3.12/site-packages/airflow/example_dags/example_nested_branch_dag.py
[2026-07-01T09:15:45.611+0000] {processor.py:925} INFO - DAG(s) 'example_nested_branch_dag' retrieved from /home/airflow/.local/lib/python3.12/site-packages/airflow/example_dags/example_nested_branch_dag.py
[2026-07-01T09:15:45.625+0000] {logging_mixin.py:190} INFO - [2026-07-01T09:15:45.625+0000] {dag.py:3211} INFO - Sync 1 DAGs
[2026-07-01T09:15:45.646+0000] {logging_mixin.py:190} INFO - [2026-07-01T09:15:45.645+0000] {dag.py:4138} INFO - Setting next_dagrun for example_nested_branch_dag to 2026-06-30 00:00:00+00:00, run_after=2026-07-01 00:00:00+00:00
[2026-07-01T09:15:45.658+0000] {processor.py:208} INFO - Processing /home/airflow/.local/lib/python3.12/site-packages/airflow/example_dags/example_nested_branch_dag.py took 0.063 seconds
[2026-07-01T09:16:15.712+0000] {processor.py:186} INFO - Started process (PID=879) to work on /home/airflow/.local/lib/python3.12/site-packages/airflow/example_dags/example_nested_branch_dag.py
[2026-07-01T09:16:15.713+0000] {processor.py:914} INFO - Processing file /home/airflow/.local/lib/python3.12/site-packages/airflow/example_dags/example_nested_branch_dag.py for tasks to queue
[2026-07-01T09:16:15.715+0000] {logging_mixin.py:190} INFO - [2026-07-01T09:16:15.714+0000] {dagbag.py:587} INFO - Filling up the DagBag from /home/airflow/.local/lib/python3.12/site-packages/airflow/example_dags/example_nested_branch_dag.py
[2026-07-01T09:16:15.723+0000] {processor.py:925} INFO - DAG(s) 'example_nested_branch_dag' retrieved from /home/airflow/.local/lib/python3.12/site-packages/airflow/example_dags/example_nested_branch_dag.py
[2026-07-01T09:16:15.739+0000] {logging_mixin.py:190} INFO - [2026-07-01T09:16:15.739+0000] {dag.py:3211} INFO - Sync 1 DAGs
[2026-07-01T09:16:15.757+0000] {logging_mixin.py:190} INFO - [2026-07-01T09:16:15.757+0000] {dag.py:4138} INFO - Setting next_dagrun for example_nested_branch_dag to 2026-06-30 00:00:00+00:00, run_after=2026-07-01 00:00:00+00:00
[2026-07-01T09:16:15.771+0000] {processor.py:208} INFO - Processing /home/airflow/.local/lib/python3.12/site-packages/airflow/example_dags/example_nested_branch_dag.py took 0.064 seconds
[2026-07-01T09:16:45.909+0000] {processor.py:186} INFO - Started process (PID=941) to work on /home/airflow/.local/lib/python3.12/site-packages/airflow/example_dags/example_nested_branch_dag.py
[2026-07-01T09:16:45.910+0000] {processor.py:914} INFO - Processing file /home/airflow/.local/lib/python3.12/site-packages/airflow/example_dags/example_nested_branch_dag.py for tasks to queue
[2026-07-01T09:16:45.912+0000] {logging_mixin.py:190} INFO - [2026-07-01T09:16:45.912+0000] {dagbag.py:587} INFO - Filling up the DagBag from /home/airflow/.local/lib/python3.12/site-packages/airflow/example_dags/example_nested_branch_dag.py
[2026-07-01T09:16:45.920+0000] {processor.py:925} INFO - DAG(s) 'example_nested_branch_dag' retrieved from /home/airflow/.local/lib/python3.12/site-packages/airflow/example_dags/example_nested_branch_dag.py
[2026-07-01T09:16:45.934+0000] {logging_mixin.py:190} INFO - [2026-07-01T09:16:45.934+0000] {dag.py:3211} INFO - Sync 1 DAGs
[2026-07-01T09:16:45.953+0000] {logging_mixin.py:190} INFO - [2026-07-01T09:16:45.952+0000] {dag.py:4138} INFO - Setting next_dagrun for example_nested_branch_dag to 2026-06-30 00:00:00+00:00, run_after=2026-07-01 00:00:00+00:00
[2026-07-01T09:16:45.969+0000] {processor.py:208} INFO - Processing /home/airflow/.local/lib/python3.12/site-packages/airflow/example_dags/example_nested_branch_dag.py took 0.064 seconds
[2026-07-01T09:17:16.156+0000] {processor.py:186} INFO - Started process (PID=1003) to work on /home/airflow/.local/lib/python3.12/site-packages/airflow/example_dags/example_nested_branch_dag.py
[2026-07-01T09:17:16.157+0000] {processor.py:914} INFO - Processing file /home/airflow/.local/lib/python3.12/site-packages/airflow/example_dags/example_nested_branch_dag.py for tasks to queue
[2026-07-01T09:17:16.161+0000] {logging_mixin.py:190} INFO - [2026-07-01T09:17:16.160+0000] {dagbag.py:587} INFO - Filling up the DagBag from /home/airflow/.local/lib/python3.12/site-packages/airflow/example_dags/example_nested_branch_dag.py
[2026-07-01T09:17:16.174+0000] {processor.py:925} INFO - DAG(s) 'example_nested_branch_dag' retrieved from /home/airflow/.local/lib/python3.12/site-packages/airflow/example_dags/example_nested_branch_dag.py
[2026-07-01T09:17:16.197+0000] {logging_mixin.py:190} INFO - [2026-07-01T09:17:16.196+0000] {dag.py:3211} INFO - Sync 1 DAGs
[2026-07-01T09:17:16.219+0000] {logging_mixin.py:190} INFO - [2026-07-01T09:17:16.219+0000] {dag.py:4138} INFO - Setting next_dagrun for example_nested_branch_dag to 2026-06-30 00:00:00+00:00, run_after=2026-07-01 00:00:00+00:00
[2026-07-01T09:17:16.238+0000] {processor.py:208} INFO - Processing /home/airflow/.local/lib/python3.12/site-packages/airflow/example_dags/example_nested_branch_dag.py took 0.089 seconds
[2026-07-01T09:17:46.624+0000] {processor.py:186} INFO - Started process (PID=1065) to work on /home/airflow/.local/lib/python3.12/site-packages/airflow/example_dags/example_nested_branch_dag.py
[2026-07-01T09:17:46.625+0000] {processor.py:914} INFO - Processing file /home/airflow/.local/lib/python3.12/site-packages/airflow/example_dags/example_nested_branch_dag.py for tasks to queue
[2026-07-01T09:17:46.627+0000] {logging_mixin.py:190} INFO - [2026-07-01T09:17:46.627+0000] {dagbag.py:587} INFO - Filling up the DagBag from /home/airflow/.local/lib/python3.12/site-packages/airflow/example_dags/example_nested_branch_dag.py
[2026-07-01T09:17:46.635+0000] {processor.py:925} INFO - DAG(s) 'example_nested_branch_dag' retrieved from /home/airflow/.local/lib/python3.12/site-packages/airflow/example_dags/example_nested_branch_dag.py
[2026-07-01T09:17:46.651+0000] {logging_mixin.py:190} INFO - [2026-07-01T09:17:46.651+0000] {dag.py:3211} INFO - Sync 1 DAGs
[2026-07-01T09:17:46.666+0000] {logging_mixin.py:190} INFO - [2026-07-01T09:17:46.666+0000] {dag.py:4138} INFO - Setting next_dagrun for example_nested_branch_dag to 2026-06-30 00:00:00+00:00, run_after=2026-07-01 00:00:00+00:00
[2026-07-01T09:17:46.680+0000] {processor.py:208} INFO - Processing /home/airflow/.local/lib/python3.12/site-packages/airflow/example_dags/example_nested_branch_dag.py took 0.060 seconds
[2026-07-01T09:18:16.725+0000] {processor.py:186} INFO - Started process (PID=1127) to work on /home/airflow/.local/lib/python3.12/site-packages/airflow/example_dags/example_nested_branch_dag.py
[2026-07-01T09:18:16.727+0000] {processor.py:914} INFO - Processing file /home/airflow/.local/lib/python3.12/site-packages/airflow/example_dags/example_nested_branch_dag.py for tasks to queue
[2026-07-01T09:18:16.729+0000] {logging_mixin.py:190} INFO - [2026-07-01T09:18:16.728+0000] {dagbag.py:587} INFO - Filling up the DagBag from /home/airflow/.local/lib/python3.12/site-packages/airflow/example_dags/example_nested_branch_dag.py
[2026-07-01T09:18:16.738+0000] {processor.py:925} INFO - DAG(s) 'example_nested_branch_dag' retrieved from /home/airflow/.local/lib/python3.12/site-packages/airflow/example_dags/example_nested_branch_dag.py
[2026-07-01T09:18:16.755+0000] {logging_mixin.py:190} INFO - [2026-07-01T09:18:16.755+0000] {dag.py:3211} INFO - Sync 1 DAGs
[2026-07-01T09:18:16.772+0000] {logging_mixin.py:190} INFO - [2026-07-01T09:18:16.772+0000] {dag.py:4138} INFO - Setting next_dagrun for example_nested_branch_dag to 2026-06-30 00:00:00+00:00, run_after=2026-07-01 00:00:00+00:00
[2026-07-01T09:18:16.785+0000] {processor.py:208} INFO - Processing /home/airflow/.local/lib/python3.12/site-packages/airflow/example_dags/example_nested_branch_dag.py took 0.064 seconds
[2026-07-01T09:18:47.282+0000] {processor.py:186} INFO - Started process (PID=1189) to work on /home/airflow/.local/lib/python3.12/site-packages/airflow/example_dags/example_nested_branch_dag.py
[2026-07-01T09:18:47.284+0000] {processor.py:914} INFO - Processing file /home/airflow/.local/lib/python3.12/site-packages/airflow/example_dags/example_nested_branch_dag.py for tasks to queue
[2026-07-01T09:18:47.286+0000] {logging_mixin.py:190} INFO - [2026-07-01T09:18:47.285+0000] {dagbag.py:587} INFO - Filling up the DagBag from /home/airflow/.local/lib/python3.12/site-packages/airflow/example_dags/example_nested_branch_dag.py
[2026-07-01T09:18:47.296+0000] {processor.py:925} INFO - DAG(s) 'example_nested_branch_dag' retrieved from /home/airflow/.local/lib/python3.12/site-packages/airflow/example_dags/example_nested_branch_dag.py
[2026-07-01T09:18:47.317+0000] {logging_mixin.py:190} INFO - [2026-07-01T09:18:47.317+0000] {dag.py:3211} INFO - Sync 1 DAGs
[2026-07-01T09:18:47.337+0000] {logging_mixin.py:190} INFO - [2026-07-01T09:18:47.337+0000] {dag.py:4138} INFO - Setting next_dagrun for example_nested_branch_dag to 2026-06-30 00:00:00+00:00, run_after=2026-07-01 00:00:00+00:00
[2026-07-01T09:18:47.355+0000] {processor.py:208} INFO - Processing /home/airflow/.local/lib/python3.12/site-packages/airflow/example_dags/example_nested_branch_dag.py took 0.078 seconds
[2026-07-01T09:19:18.141+0000] {processor.py:186} INFO - Started process (PID=1252) to work on /home/airflow/.local/lib/python3.12/site-packages/airflow/example_dags/example_nested_branch_dag.py
[2026-07-01T09:19:18.142+0000] {processor.py:914} INFO - Processing file /home/airflow/.local/lib/python3.12/site-packages/airflow/example_dags/example_nested_branch_dag.py for tasks to queue
[2026-07-01T09:19:18.143+0000] {logging_mixin.py:190} INFO - [2026-07-01T09:19:18.143+0000] {dagbag.py:587} INFO - Filling up the DagBag from /home/airflow/.local/lib/python3.12/site-packages/airflow/example_dags/example_nested_branch_dag.py
[2026-07-01T09:19:18.151+0000] {processor.py:925} INFO - DAG(s) 'example_nested_branch_dag' retrieved from /home/airflow/.local/lib/python3.12/site-packages/airflow/example_dags/example_nested_branch_dag.py
[2026-07-01T09:19:18.165+0000] {logging_mixin.py:190} INFO - [2026-07-01T09:19:18.165+0000] {dag.py:3211} INFO - Sync 1 DAGs
[2026-07-01T09:19:18.181+0000] {logging_mixin.py:190} INFO - [2026-07-01T09:19:18.181+0000] {dag.py:4138} INFO - Setting next_dagrun for example_nested_branch_dag to 2026-06-30 00:00:00+00:00, run_after=2026-07-01 00:00:00+00:00
[2026-07-01T09:19:18.193+0000] {processor.py:208} INFO - Processing /home/airflow/.local/lib/python3.12/site-packages/airflow/example_dags/example_nested_branch_dag.py took 0.057 seconds
[2026-07-01T09:19:48.864+0000] {processor.py:186} INFO - Started process (PID=1314) to work on /home/airflow/.local/lib/python3.12/site-packages/airflow/example_dags/example_nested_branch_dag.py
[2026-07-01T09:19:48.866+0000] {processor.py:914} INFO - Processing file /home/airflow/.local/lib/python3.12/site-packages/airflow/example_dags/example_nested_branch_dag.py for tasks to queue
[2026-07-01T09:19:48.868+0000] {logging_mixin.py:190} INFO - [2026-07-01T09:19:48.868+0000] {dagbag.py:587} INFO - Filling up the DagBag from /home/airflow/.local/lib/python3.12/site-packages/airflow/example_dags/example_nested_branch_dag.py
[2026-07-01T09:19:48.880+0000] {processor.py:925} INFO - DAG(s) 'example_nested_branch_dag' retrieved from /home/airflow/.local/lib/python3.12/site-packages/airflow/example_dags/example_nested_branch_dag.py
[2026-07-01T09:19:48.900+0000] {logging_mixin.py:190} INFO - [2026-07-01T09:19:48.900+0000] {dag.py:3211} INFO - Sync 1 DAGs
[2026-07-01T09:19:48.919+0000] {logging_mixin.py:190} INFO - [2026-07-01T09:19:48.919+0000] {dag.py:4138} INFO - Setting next_dagrun for example_nested_branch_dag to 2026-06-30 00:00:00+00:00, run_after=2026-07-01 00:00:00+00:00
[2026-07-01T09:19:48.935+0000] {processor.py:208} INFO - Processing /home/airflow/.local/lib/python3.12/site-packages/airflow/example_dags/example_nested_branch_dag.py took 0.076 seconds
[2026-07-01T09:20:19.568+0000] {processor.py:186} INFO - Started process (PID=1376) to work on /home/airflow/.local/lib/python3.12/site-packages/airflow/example_dags/example_nested_branch_dag.py
[2026-07-01T09:20:19.568+0000] {processor.py:914} INFO - Processing file /home/airflow/.local/lib/python3.12/site-packages/airflow/example_dags/example_nested_branch_dag.py for tasks to queue
[2026-07-01T09:20:19.570+0000] {logging_mixin.py:190} INFO - [2026-07-01T09:20:19.570+0000] {dagbag.py:587} INFO - Filling up the DagBag from /home/airflow/.local/lib/python3.12/site-packages/airflow/example_dags/example_nested_branch_dag.py
[2026-07-01T09:20:19.578+0000] {processor.py:925} INFO - DAG(s) 'example_nested_branch_dag' retrieved from /home/airflow/.local/lib/python3.12/site-packages/airflow/example_dags/example_nested_branch_dag.py
[2026-07-01T09:20:19.593+0000] {logging_mixin.py:190} INFO - [2026-07-01T09:20:19.592+0000] {dag.py:3211} INFO - Sync 1 DAGs
[2026-07-01T09:20:19.609+0000] {logging_mixin.py:190} INFO - [2026-07-01T09:20:19.609+0000] {dag.py:4138} INFO - Setting next_dagrun for example_nested_branch_dag to 2026-06-30 00:00:00+00:00, run_after=2026-07-01 00:00:00+00:00
[2026-07-01T09:20:19.622+0000] {processor.py:208} INFO - Processing /home/airflow/.local/lib/python3.12/site-packages/airflow/example_dags/example_nested_branch_dag.py took 0.059 seconds
[2026-07-01T09:20:50.378+0000] {processor.py:186} INFO - Started process (PID=1438) to work on /home/airflow/.local/lib/python3.12/site-packages/airflow/example_dags/example_nested_branch_dag.py
[2026-07-01T09:20:50.379+0000] {processor.py:914} INFO - Processing file /home/airflow/.local/lib/python3.12/site-packages/airflow/example_dags/example_nested_branch_dag.py for tasks to queue
[2026-07-01T09:20:50.381+0000] {logging_mixin.py:190} INFO - [2026-07-01T09:20:50.380+0000] {dagbag.py:587} INFO - Filling up the DagBag from /home/airflow/.local/lib/python3.12/site-packages/airflow/example_dags/example_nested_branch_dag.py
[2026-07-01T09:20:50.388+0000] {processor.py:925} INFO - DAG(s) 'example_nested_branch_dag' retrieved from /home/airflow/.local/lib/python3.12/site-packages/airflow/example_dags/example_nested_branch_dag.py
[2026-07-01T09:20:50.402+0000] {logging_mixin.py:190} INFO - [2026-07-01T09:20:50.402+0000] {dag.py:3211} INFO - Sync 1 DAGs
[2026-07-01T09:20:50.419+0000] {logging_mixin.py:190} INFO - [2026-07-01T09:20:50.419+0000] {dag.py:4138} INFO - Setting next_dagrun for example_nested_branch_dag to 2026-06-30 00:00:00+00:00, run_after=2026-07-01 00:00:00+00:00
[2026-07-01T09:20:50.434+0000] {processor.py:208} INFO - Processing /home/airflow/.local/lib/python3.12/site-packages/airflow/example_dags/example_nested_branch_dag.py took 0.060 seconds
[2026-07-01T09:21:20.488+0000] {processor.py:186} INFO - Started process (PID=1499) to work on /home/airflow/.local/lib/python3.12/site-packages/airflow/example_dags/example_nested_branch_dag.py
[2026-07-01T09:21:20.489+0000] {processor.py:914} INFO - Processing file /home/airflow/.local/lib/python3.12/site-packages/airflow/example_dags/example_nested_branch_dag.py for tasks to queue
[2026-07-01T09:21:20.491+0000] {logging_mixin.py:190} INFO - [2026-07-01T09:21:20.490+0000] {dagbag.py:587} INFO - Filling up the DagBag from /home/airflow/.local/lib/python3.12/site-packages/airflow/example_dags/example_nested_branch_dag.py
[2026-07-01T09:21:20.498+0000] {processor.py:925} INFO - DAG(s) 'example_nested_branch_dag' retrieved from /home/airflow/.local/lib/python3.12/site-packages/airflow/example_dags/example_nested_branch_dag.py
[2026-07-01T09:21:20.513+0000] {logging_mixin.py:190} INFO - [2026-07-01T09:21:20.513+0000] {dag.py:3211} INFO - Sync 1 DAGs
[2026-07-01T09:21:20.527+0000] {logging_mixin.py:190} INFO - [2026-07-01T09:21:20.527+0000] {dag.py:4138} INFO - Setting next_dagrun for example_nested_branch_dag to 2026-06-30 00:00:00+00:00, run_after=2026-07-01 00:00:00+00:00
[2026-07-01T09:21:20.540+0000] {processor.py:208} INFO - Processing /home/airflow/.local/lib/python3.12/site-packages/airflow/example_dags/example_nested_branch_dag.py took 0.057 seconds
[2026-07-01T09:21:50.605+0000] {processor.py:186} INFO - Started process (PID=1561) to work on /home/airflow/.local/lib/python3.12/site-packages/airflow/example_dags/example_nested_branch_dag.py
[2026-07-01T09:21:50.607+0000] {processor.py:914} INFO - Processing file /home/airflow/.local/lib/python3.12/site-packages/airflow/example_dags/example_nested_branch_dag.py for tasks to queue
[2026-07-01T09:21:50.609+0000] {logging_mixin.py:190} INFO - [2026-07-01T09:21:50.609+0000] {dagbag.py:587} INFO - Filling up the DagBag from /home/airflow/.local/lib/python3.12/site-packages/airflow/example_dags/example_nested_branch_dag.py
[2026-07-01T09:21:50.619+0000] {processor.py:925} INFO - DAG(s) 'example_nested_branch_dag' retrieved from /home/airflow/.local/lib/python3.12/site-packages/airflow/example_dags/example_nested_branch_dag.py
[2026-07-01T09:21:50.639+0000] {logging_mixin.py:190} INFO - [2026-07-01T09:21:50.639+0000] {dag.py:3211} INFO - Sync 1 DAGs
[2026-07-01T09:21:50.658+0000] {logging_mixin.py:190} INFO - [2026-07-01T09:21:50.658+0000] {dag.py:4138} INFO - Setting next_dagrun for example_nested_branch_dag to 2026-06-30 00:00:00+00:00, run_after=2026-07-01 00:00:00+00:00
[2026-07-01T09:21:50.673+0000] {processor.py:208} INFO - Processing /home/airflow/.local/lib/python3.12/site-packages/airflow/example_dags/example_nested_branch_dag.py took 0.074 seconds
[2026-07-01T09:22:20.950+0000] {processor.py:186} INFO - Started process (PID=1623) to work on /home/airflow/.local/lib/python3.12/site-packages/airflow/example_dags/example_nested_branch_dag.py
[2026-07-01T09:22:20.952+0000] {processor.py:914} INFO - Processing file /home/airflow/.local/lib/python3.12/site-packages/airflow/example_dags/example_nested_branch_dag.py for tasks to queue
[2026-07-01T09:22:20.954+0000] {logging_mixin.py:190} INFO - [2026-07-01T09:22:20.954+0000] {dagbag.py:587} INFO - Filling up the DagBag from /home/airflow/.local/lib/python3.12/site-packages/airflow/example_dags/example_nested_branch_dag.py
[2026-07-01T09:22:20.963+0000] {processor.py:925} INFO - DAG(s) 'example_nested_branch_dag' retrieved from /home/airflow/.local/lib/python3.12/site-packages/airflow/example_dags/example_nested_branch_dag.py
[2026-07-01T09:22:20.980+0000] {logging_mixin.py:190} INFO - [2026-07-01T09:22:20.979+0000] {dag.py:3211} INFO - Sync 1 DAGs
[2026-07-01T09:22:20.995+0000] {logging_mixin.py:190} INFO - [2026-07-01T09:22:20.995+0000] {dag.py:4138} INFO - Setting next_dagrun for example_nested_branch_dag to 2026-06-30 00:00:00+00:00, run_after=2026-07-01 00:00:00+00:00
[2026-07-01T09:22:21.006+0000] {processor.py:208} INFO - Processing /home/airflow/.local/lib/python3.12/site-packages/airflow/example_dags/example_nested_branch_dag.py took 0.060 seconds
[2026-07-01T09:22:51.073+0000] {processor.py:186} INFO - Started process (PID=1685) to work on /home/airflow/.local/lib/python3.12/site-packages/airflow/example_dags/example_nested_branch_dag.py
[2026-07-01T09:22:51.075+0000] {processor.py:914} INFO - Processing file /home/airflow/.local/lib/python3.12/site-packages/airflow/example_dags/example_nested_branch_dag.py for tasks to queue
[2026-07-01T09:22:51.077+0000] {logging_mixin.py:190} INFO - [2026-07-01T09:22:51.077+0000] {dagbag.py:587} INFO - Filling up the DagBag from /home/airflow/.local/lib/python3.12/site-packages/airflow/example_dags/example_nested_branch_dag.py
[2026-07-01T09:22:51.087+0000] {processor.py:925} INFO - DAG(s) 'example_nested_branch_dag' retrieved from /home/airflow/.local/lib/python3.12/site-packages/airflow/example_dags/example_nested_branch_dag.py
[2026-07-01T09:22:51.114+0000] {logging_mixin.py:190} INFO - [2026-07-01T09:22:51.113+0000] {dag.py:3211} INFO - Sync 1 DAGs
[2026-07-01T09:22:51.134+0000] {logging_mixin.py:190} INFO - [2026-07-01T09:22:51.134+0000] {dag.py:4138} INFO - Setting next_dagrun for example_nested_branch_dag to 2026-06-30 00:00:00+00:00, run_after=2026-07-01 00:00:00+00:00
[2026-07-01T09:22:51.151+0000] {processor.py:208} INFO - Processing /home/airflow/.local/lib/python3.12/site-packages/airflow/example_dags/example_nested_branch_dag.py took 0.082 seconds
[2026-07-01T09:23:21.307+0000] {processor.py:186} INFO - Started process (PID=1747) to work on /home/airflow/.local/lib/python3.12/site-packages/airflow/example_dags/example_nested_branch_dag.py
[2026-07-01T09:23:21.308+0000] {processor.py:914} INFO - Processing file /home/airflow/.local/lib/python3.12/site-packages/airflow/example_dags/example_nested_branch_dag.py for tasks to queue
[2026-07-01T09:23:21.310+0000] {logging_mixin.py:190} INFO - [2026-07-01T09:23:21.310+0000] {dagbag.py:587} INFO - Filling up the DagBag from /home/airflow/.local/lib/python3.12/site-packages/airflow/example_dags/example_nested_branch_dag.py
[2026-07-01T09:23:21.319+0000] {processor.py:925} INFO - DAG(s) 'example_nested_branch_dag' retrieved from /home/airflow/.local/lib/python3.12/site-packages/airflow/example_dags/example_nested_branch_dag.py
[2026-07-01T09:23:21.335+0000] {logging_mixin.py:190} INFO - [2026-07-01T09:23:21.335+0000] {dag.py:3211} INFO - Sync 1 DAGs
[2026-07-01T09:23:21.351+0000] {logging_mixin.py:190} INFO - [2026-07-01T09:23:21.351+0000] {dag.py:4138} INFO - Setting next_dagrun for example_nested_branch_dag to 2026-06-30 00:00:00+00:00, run_after=2026-07-01 00:00:00+00:00
[2026-07-01T09:23:21.363+0000] {processor.py:208} INFO - Processing /home/airflow/.local/lib/python3.12/site-packages/airflow/example_dags/example_nested_branch_dag.py took 0.061 seconds
[2026-07-01T09:23:51.801+0000] {processor.py:186} INFO - Started process (PID=1809) to work on /home/airflow/.local/lib/python3.12/site-packages/airflow/example_dags/example_nested_branch_dag.py
[2026-07-01T09:23:51.802+0000] {processor.py:914} INFO - Processing file /home/airflow/.local/lib/python3.12/site-packages/airflow/example_dags/example_nested_branch_dag.py for tasks to queue
[2026-07-01T09:23:51.804+0000] {logging_mixin.py:190} INFO - [2026-07-01T09:23:51.803+0000] {dagbag.py:587} INFO - Filling up the DagBag from /home/airflow/.local/lib/python3.12/site-packages/airflow/example_dags/example_nested_branch_dag.py
[2026-07-01T09:23:51.812+0000] {processor.py:925} INFO - DAG(s) 'example_nested_branch_dag' retrieved from /home/airflow/.local/lib/python3.12/site-packages/airflow/example_dags/example_nested_branch_dag.py
[2026-07-01T09:23:51.826+0000] {logging_mixin.py:190} INFO - [2026-07-01T09:23:51.825+0000] {dag.py:3211} INFO - Sync 1 DAGs
[2026-07-01T09:23:51.840+0000] {logging_mixin.py:190} INFO - [2026-07-01T09:23:51.840+0000] {dag.py:4138} INFO - Setting next_dagrun for example_nested_branch_dag to 2026-06-30 00:00:00+00:00, run_after=2026-07-01 00:00:00+00:00
[2026-07-01T09:23:51.852+0000] {processor.py:208} INFO - Processing /home/airflow/.local/lib/python3.12/site-packages/airflow/example_dags/example_nested_branch_dag.py took 0.056 seconds
[2026-07-01T09:24:22.047+0000] {processor.py:186} INFO - Started process (PID=1871) to work on /home/airflow/.local/lib/python3.12/site-packages/airflow/example_dags/example_nested_branch_dag.py
[2026-07-01T09:24:22.048+0000] {processor.py:914} INFO - Processing file /home/airflow/.local/lib/python3.12/site-packages/airflow/example_dags/example_nested_branch_dag.py for tasks to queue
[2026-07-01T09:24:22.050+0000] {logging_mixin.py:190} INFO - [2026-07-01T09:24:22.049+0000] {dagbag.py:587} INFO - Filling up the DagBag from /home/airflow/.local/lib/python3.12/site-packages/airflow/example_dags/example_nested_branch_dag.py
[2026-07-01T09:24:22.058+0000] {processor.py:925} INFO - DAG(s) 'example_nested_branch_dag' retrieved from /home/airflow/.local/lib/python3.12/site-packages/airflow/example_dags/example_nested_branch_dag.py
[2026-07-01T09:24:22.072+0000] {logging_mixin.py:190} INFO - [2026-07-01T09:24:22.072+0000] {dag.py:3211} INFO - Sync 1 DAGs
[2026-07-01T09:24:22.088+0000] {logging_mixin.py:190} INFO - [2026-07-01T09:24:22.088+0000] {dag.py:4138} INFO - Setting next_dagrun for example_nested_branch_dag to 2026-06-30 00:00:00+00:00, run_after=2026-07-01 00:00:00+00:00
[2026-07-01T09:24:22.100+0000] {processor.py:208} INFO - Processing /home/airflow/.local/lib/python3.12/site-packages/airflow/example_dags/example_nested_branch_dag.py took 0.057 seconds
[2026-07-01T09:24:52.233+0000] {processor.py:186} INFO - Started process (PID=1933) to work on /home/airflow/.local/lib/python3.12/site-packages/airflow/example_dags/example_nested_branch_dag.py
[2026-07-01T09:24:52.234+0000] {processor.py:914} INFO - Processing file /home/airflow/.local/lib/python3.12/site-packages/airflow/example_dags/example_nested_branch_dag.py for tasks to queue
[2026-07-01T09:24:52.236+0000] {logging_mixin.py:190} INFO - [2026-07-01T09:24:52.236+0000] {dagbag.py:587} INFO - Filling up the DagBag from /home/airflow/.local/lib/python3.12/site-packages/airflow/example_dags/example_nested_branch_dag.py
[2026-07-01T09:24:52.244+0000] {processor.py:925} INFO - DAG(s) 'example_nested_branch_dag' retrieved from /home/airflow/.local/lib/python3.12/site-packages/airflow/example_dags/example_nested_branch_dag.py
[2026-07-01T09:24:52.258+0000] {logging_mixin.py:190} INFO - [2026-07-01T09:24:52.258+0000] {dag.py:3211} INFO - Sync 1 DAGs
[2026-07-01T09:24:52.274+0000] {logging_mixin.py:190} INFO - [2026-07-01T09:24:52.274+0000] {dag.py:4138} INFO - Setting next_dagrun for example_nested_branch_dag to 2026-06-30 00:00:00+00:00, run_after=2026-07-01 00:00:00+00:00
[2026-07-01T09:24:52.286+0000] {processor.py:208} INFO - Processing /home/airflow/.local/lib/python3.12/site-packages/airflow/example_dags/example_nested_branch_dag.py took 0.057 seconds
[2026-07-01T09:25:22.395+0000] {processor.py:186} INFO - Started process (PID=1995) to work on /home/airflow/.local/lib/python3.12/site-packages/airflow/example_dags/example_nested_branch_dag.py
[2026-07-01T09:25:22.395+0000] {processor.py:914} INFO - Processing file /home/airflow/.local/lib/python3.12/site-packages/airflow/example_dags/example_nested_branch_dag.py for tasks to queue
[2026-07-01T09:25:22.397+0000] {logging_mixin.py:190} INFO - [2026-07-01T09:25:22.397+0000] {dagbag.py:587} INFO - Filling up the DagBag from /home/airflow/.local/lib/python3.12/site-packages/airflow/example_dags/example_nested_branch_dag.py
[2026-07-01T09:25:22.405+0000] {processor.py:925} INFO - DAG(s) 'example_nested_branch_dag' retrieved from /home/airflow/.local/lib/python3.12/site-packages/airflow/example_dags/example_nested_branch_dag.py
[2026-07-01T09:25:22.419+0000] {logging_mixin.py:190} INFO - [2026-07-01T09:25:22.418+0000] {dag.py:3211} INFO - Sync 1 DAGs
[2026-07-01T09:25:22.433+0000] {logging_mixin.py:190} INFO - [2026-07-01T09:25:22.433+0000] {dag.py:4138} INFO - Setting next_dagrun for example_nested_branch_dag to 2026-06-30 00:00:00+00:00, run_after=2026-07-01 00:00:00+00:00
[2026-07-01T09:25:22.445+0000] {processor.py:208} INFO - Processing /home/airflow/.local/lib/python3.12/site-packages/airflow/example_dags/example_nested_branch_dag.py took 0.055 seconds
[2026-07-01T09:30:06.996+0000] {processor.py:186} INFO - Started process (PID=2052) to work on /home/airflow/.local/lib/python3.12/site-packages/airflow/example_dags/example_nested_branch_dag.py
[2026-07-01T09:30:06.997+0000] {processor.py:914} INFO - Processing file /home/airflow/.local/lib/python3.12/site-packages/airflow/example_dags/example_nested_branch_dag.py for tasks to queue
[2026-07-01T09:30:06.999+0000] {logging_mixin.py:190} INFO - [2026-07-01T09:30:06.999+0000] {dagbag.py:587} INFO - Filling up the DagBag from /home/airflow/.local/lib/python3.12/site-packages/airflow/example_dags/example_nested_branch_dag.py
[2026-07-01T09:30:07.008+0000] {processor.py:925} INFO - DAG(s) 'example_nested_branch_dag' retrieved from /home/airflow/.local/lib/python3.12/site-packages/airflow/example_dags/example_nested_branch_dag.py
[2026-07-01T09:30:07.022+0000] {logging_mixin.py:190} INFO - [2026-07-01T09:30:07.022+0000] {dag.py:3211} INFO - Sync 1 DAGs
[2026-07-01T09:30:07.039+0000] {logging_mixin.py:190} INFO - [2026-07-01T09:30:07.039+0000] {dag.py:4138} INFO - Setting next_dagrun for example_nested_branch_dag to 2026-06-30 00:00:00+00:00, run_after=2026-07-01 00:00:00+00:00
[2026-07-01T09:30:07.052+0000] {processor.py:208} INFO - Processing /home/airflow/.local/lib/python3.12/site-packages/airflow/example_dags/example_nested_branch_dag.py took 0.060 seconds
[2026-07-01T09:30:37.901+0000] {processor.py:186} INFO - Started process (PID=2114) to work on /home/airflow/.local/lib/python3.12/site-packages/airflow/example_dags/example_nested_branch_dag.py
[2026-07-01T09:30:37.902+0000] {processor.py:914} INFO - Processing file /home/airflow/.local/lib/python3.12/site-packages/airflow/example_dags/example_nested_branch_dag.py for tasks to queue
[2026-07-01T09:30:37.904+0000] {logging_mixin.py:190} INFO - [2026-07-01T09:30:37.904+0000] {dagbag.py:587} INFO - Filling up the DagBag from /home/airflow/.local/lib/python3.12/site-packages/airflow/example_dags/example_nested_branch_dag.py
[2026-07-01T09:30:37.913+0000] {processor.py:925} INFO - DAG(s) 'example_nested_branch_dag' retrieved from /home/airflow/.local/lib/python3.12/site-packages/airflow/example_dags/example_nested_branch_dag.py
[2026-07-01T09:30:37.928+0000] {logging_mixin.py:190} INFO - [2026-07-01T09:30:37.928+0000] {dag.py:3211} INFO - Sync 1 DAGs
[2026-07-01T09:30:37.945+0000] {logging_mixin.py:190} INFO - [2026-07-01T09:30:37.944+0000] {dag.py:4138} INFO - Setting next_dagrun for example_nested_branch_dag to 2026-06-30 00:00:00+00:00, run_after=2026-07-01 00:00:00+00:00
[2026-07-01T09:30:37.957+0000] {processor.py:208} INFO - Processing /home/airflow/.local/lib/python3.12/site-packages/airflow/example_dags/example_nested_branch_dag.py took 0.060 seconds
[2026-07-01T09:31:08.190+0000] {processor.py:186} INFO - Started process (PID=2176) to work on /home/airflow/.local/lib/python3.12/site-packages/airflow/example_dags/example_nested_branch_dag.py
[2026-07-01T09:31:08.191+0000] {processor.py:914} INFO - Processing file /home/airflow/.local/lib/python3.12/site-packages/airflow/example_dags/example_nested_branch_dag.py for tasks to queue
[2026-07-01T09:31:08.193+0000] {logging_mixin.py:190} INFO - [2026-07-01T09:31:08.193+0000] {dagbag.py:587} INFO - Filling up the DagBag from /home/airflow/.local/lib/python3.12/site-packages/airflow/example_dags/example_nested_branch_dag.py
[2026-07-01T09:31:08.202+0000] {processor.py:925} INFO - DAG(s) 'example_nested_branch_dag' retrieved from /home/airflow/.local/lib/python3.12/site-packages/airflow/example_dags/example_nested_branch_dag.py
[2026-07-01T09:31:08.217+0000] {logging_mixin.py:190} INFO - [2026-07-01T09:31:08.217+0000] {dag.py:3211} INFO - Sync 1 DAGs
[2026-07-01T09:31:08.233+0000] {logging_mixin.py:190} INFO - [2026-07-01T09:31:08.233+0000] {dag.py:4138} INFO - Setting next_dagrun for example_nested_branch_dag to 2026-06-30 00:00:00+00:00, run_after=2026-07-01 00:00:00+00:00
[2026-07-01T09:31:08.246+0000] {processor.py:208} INFO - Processing /home/airflow/.local/lib/python3.12/site-packages/airflow/example_dags/example_nested_branch_dag.py took 0.060 seconds
[2026-07-01T09:31:38.510+0000] {processor.py:186} INFO - Started process (PID=2237) to work on /home/airflow/.local/lib/python3.12/site-packages/airflow/example_dags/example_nested_branch_dag.py
[2026-07-01T09:31:38.511+0000] {processor.py:914} INFO - Processing file /home/airflow/.local/lib/python3.12/site-packages/airflow/example_dags/example_nested_branch_dag.py for tasks to queue
[2026-07-01T09:31:38.513+0000] {logging_mixin.py:190} INFO - [2026-07-01T09:31:38.513+0000] {dagbag.py:587} INFO - Filling up the DagBag from /home/airflow/.local/lib/python3.12/site-packages/airflow/example_dags/example_nested_branch_dag.py
[2026-07-01T09:31:38.521+0000] {processor.py:925} INFO - DAG(s) 'example_nested_branch_dag' retrieved from /home/airflow/.local/lib/python3.12/site-packages/airflow/example_dags/example_nested_branch_dag.py
[2026-07-01T09:31:38.536+0000] {logging_mixin.py:190} INFO - [2026-07-01T09:31:38.536+0000] {dag.py:3211} INFO - Sync 1 DAGs
[2026-07-01T09:31:38.552+0000] {logging_mixin.py:190} INFO - [2026-07-01T09:31:38.552+0000] {dag.py:4138} INFO - Setting next_dagrun for example_nested_branch_dag to 2026-06-30 00:00:00+00:00, run_after=2026-07-01 00:00:00+00:00
[2026-07-01T09:31:38.564+0000] {processor.py:208} INFO - Processing /home/airflow/.local/lib/python3.12/site-packages/airflow/example_dags/example_nested_branch_dag.py took 0.058 seconds
[2026-07-01T09:32:08.883+0000] {processor.py:186} INFO - Started process (PID=2299) to work on /home/airflow/.local/lib/python3.12/site-packages/airflow/example_dags/example_nested_branch_dag.py
[2026-07-01T09:32:08.884+0000] {processor.py:914} INFO - Processing file /home/airflow/.local/lib/python3.12/site-packages/airflow/example_dags/example_nested_branch_dag.py for tasks to queue
[2026-07-01T09:32:08.886+0000] {logging_mixin.py:190} INFO - [2026-07-01T09:32:08.885+0000] {dagbag.py:587} INFO - Filling up the DagBag from /home/airflow/.local/lib/python3.12/site-packages/airflow/example_dags/example_nested_branch_dag.py
[2026-07-01T09:32:08.894+0000] {processor.py:925} INFO - DAG(s) 'example_nested_branch_dag' retrieved from /home/airflow/.local/lib/python3.12/site-packages/airflow/example_dags/example_nested_branch_dag.py
[2026-07-01T09:32:08.908+0000] {logging_mixin.py:190} INFO - [2026-07-01T09:32:08.908+0000] {dag.py:3211} INFO - Sync 1 DAGs
[2026-07-01T09:32:08.923+0000] {logging_mixin.py:190} INFO - [2026-07-01T09:32:08.923+0000] {dag.py:4138} INFO - Setting next_dagrun for example_nested_branch_dag to 2026-06-30 00:00:00+00:00, run_after=2026-07-01 00:00:00+00:00
[2026-07-01T09:32:08.935+0000] {processor.py:208} INFO - Processing /home/airflow/.local/lib/python3.12/site-packages/airflow/example_dags/example_nested_branch_dag.py took 0.056 seconds
[2026-07-01T09:32:39.190+0000] {processor.py:186} INFO - Started process (PID=2361) to work on /home/airflow/.local/lib/python3.12/site-packages/airflow/example_dags/example_nested_branch_dag.py
[2026-07-01T09:32:39.191+0000] {processor.py:914} INFO - Processing file /home/airflow/.local/lib/python3.12/site-packages/airflow/example_dags/example_nested_branch_dag.py for tasks to queue
[2026-07-01T09:32:39.192+0000] {logging_mixin.py:190} INFO - [2026-07-01T09:32:39.192+0000] {dagbag.py:587} INFO - Filling up the DagBag from /home/airflow/.local/lib/python3.12/site-packages/airflow/example_dags/example_nested_branch_dag.py
[2026-07-01T09:32:39.201+0000] {processor.py:925} INFO - DAG(s) 'example_nested_branch_dag' retrieved from /home/airflow/.local/lib/python3.12/site-packages/airflow/example_dags/example_nested_branch_dag.py
[2026-07-01T09:32:39.215+0000] {logging_mixin.py:190} INFO - [2026-07-01T09:32:39.215+0000] {dag.py:3211} INFO - Sync 1 DAGs
[2026-07-01T09:32:39.230+0000] {logging_mixin.py:190} INFO - [2026-07-01T09:32:39.229+0000] {dag.py:4138} INFO - Setting next_dagrun for example_nested_branch_dag to 2026-06-30 00:00:00+00:00, run_after=2026-07-01 00:00:00+00:00
[2026-07-01T09:32:39.242+0000] {processor.py:208} INFO - Processing /home/airflow/.local/lib/python3.12/site-packages/airflow/example_dags/example_nested_branch_dag.py took 0.057 seconds
[2026-07-01T09:33:09.841+0000] {processor.py:186} INFO - Started process (PID=2423) to work on /home/airflow/.local/lib/python3.12/site-packages/airflow/example_dags/example_nested_branch_dag.py
[2026-07-01T09:33:09.842+0000] {processor.py:914} INFO - Processing file /home/airflow/.local/lib/python3.12/site-packages/airflow/example_dags/example_nested_branch_dag.py for tasks to queue
[2026-07-01T09:33:09.844+0000] {logging_mixin.py:190} INFO - [2026-07-01T09:33:09.844+0000] {dagbag.py:587} INFO - Filling up the DagBag from /home/airflow/.local/lib/python3.12/site-packages/airflow/example_dags/example_nested_branch_dag.py
[2026-07-01T09:33:09.852+0000] {processor.py:925} INFO - DAG(s) 'example_nested_branch_dag' retrieved from /home/airflow/.local/lib/python3.12/site-packages/airflow/example_dags/example_nested_branch_dag.py
[2026-07-01T09:33:09.866+0000] {logging_mixin.py:190} INFO - [2026-07-01T09:33:09.866+0000] {dag.py:3211} INFO - Sync 1 DAGs
[2026-07-01T09:33:09.881+0000] {logging_mixin.py:190} INFO - [2026-07-01T09:33:09.881+0000] {dag.py:4138} INFO - Setting next_dagrun for example_nested_branch_dag to 2026-06-30 00:00:00+00:00, run_after=2026-07-01 00:00:00+00:00
[2026-07-01T09:33:09.893+0000] {processor.py:208} INFO - Processing /home/airflow/.local/lib/python3.12/site-packages/airflow/example_dags/example_nested_branch_dag.py took 0.056 seconds
[2026-07-01T09:33:40.480+0000] {processor.py:186} INFO - Started process (PID=2485) to work on /home/airflow/.local/lib/python3.12/site-packages/airflow/example_dags/example_nested_branch_dag.py
[2026-07-01T09:33:40.481+0000] {processor.py:914} INFO - Processing file /home/airflow/.local/lib/python3.12/site-packages/airflow/example_dags/example_nested_branch_dag.py for tasks to queue
[2026-07-01T09:33:40.483+0000] {logging_mixin.py:190} INFO - [2026-07-01T09:33:40.483+0000] {dagbag.py:587} INFO - Filling up the DagBag from /home/airflow/.local/lib/python3.12/site-packages/airflow/example_dags/example_nested_branch_dag.py
[2026-07-01T09:33:40.491+0000] {processor.py:925} INFO - DAG(s) 'example_nested_branch_dag' retrieved from /home/airflow/.local/lib/python3.12/site-packages/airflow/example_dags/example_nested_branch_dag.py
[2026-07-01T09:33:40.507+0000] {logging_mixin.py:190} INFO - [2026-07-01T09:33:40.506+0000] {dag.py:3211} INFO - Sync 1 DAGs
[2026-07-01T09:33:40.522+0000] {logging_mixin.py:190} INFO - [2026-07-01T09:33:40.522+0000] {dag.py:4138} INFO - Setting next_dagrun for example_nested_branch_dag to 2026-06-30 00:00:00+00:00, run_after=2026-07-01 00:00:00+00:00
[2026-07-01T09:33:40.538+0000] {processor.py:208} INFO - Processing /home/airflow/.local/lib/python3.12/site-packages/airflow/example_dags/example_nested_branch_dag.py took 0.062 seconds
[2026-07-01T09:34:11.439+0000] {processor.py:186} INFO - Started process (PID=2547) to work on /home/airflow/.local/lib/python3.12/site-packages/airflow/example_dags/example_nested_branch_dag.py
[2026-07-01T09:34:11.441+0000] {processor.py:914} INFO - Processing file /home/airflow/.local/lib/python3.12/site-packages/airflow/example_dags/example_nested_branch_dag.py for tasks to queue
[2026-07-01T09:34:11.443+0000] {logging_mixin.py:190} INFO - [2026-07-01T09:34:11.443+0000] {dagbag.py:587} INFO - Filling up the DagBag from /home/airflow/.local/lib/python3.12/site-packages/airflow/example_dags/example_nested_branch_dag.py
[2026-07-01T09:34:11.453+0000] {processor.py:925} INFO - DAG(s) 'example_nested_branch_dag' retrieved from /home/airflow/.local/lib/python3.12/site-packages/airflow/example_dags/example_nested_branch_dag.py
[2026-07-01T09:34:11.470+0000] {logging_mixin.py:190} INFO - [2026-07-01T09:34:11.470+0000] {dag.py:3211} INFO - Sync 1 DAGs
[2026-07-01T09:34:11.488+0000] {logging_mixin.py:190} INFO - [2026-07-01T09:34:11.488+0000] {dag.py:4138} INFO - Setting next_dagrun for example_nested_branch_dag to 2026-06-30 00:00:00+00:00, run_after=2026-07-01 00:00:00+00:00
[2026-07-01T09:34:11.502+0000] {processor.py:208} INFO - Processing /home/airflow/.local/lib/python3.12/site-packages/airflow/example_dags/example_nested_branch_dag.py took 0.069 seconds
[2026-07-01T09:34:42.312+0000] {processor.py:186} INFO - Started process (PID=2609) to work on /home/airflow/.local/lib/python3.12/site-packages/airflow/example_dags/example_nested_branch_dag.py
[2026-07-01T09:34:42.313+0000] {processor.py:914} INFO - Processing file /home/airflow/.local/lib/python3.12/site-packages/airflow/example_dags/example_nested_branch_dag.py for tasks to queue
[2026-07-01T09:34:42.316+0000] {logging_mixin.py:190} INFO - [2026-07-01T09:34:42.316+0000] {dagbag.py:587} INFO - Filling up the DagBag from /home/airflow/.local/lib/python3.12/site-packages/airflow/example_dags/example_nested_branch_dag.py
[2026-07-01T09:34:42.325+0000] {processor.py:925} INFO - DAG(s) 'example_nested_branch_dag' retrieved from /home/airflow/.local/lib/python3.12/site-packages/airflow/example_dags/example_nested_branch_dag.py
[2026-07-01T09:34:42.341+0000] {logging_mixin.py:190} INFO - [2026-07-01T09:34:42.341+0000] {dag.py:3211} INFO - Sync 1 DAGs
[2026-07-01T09:34:42.356+0000] {logging_mixin.py:190} INFO - [2026-07-01T09:34:42.356+0000] {dag.py:4138} INFO - Setting next_dagrun for example_nested_branch_dag to 2026-06-30 00:00:00+00:00, run_after=2026-07-01 00:00:00+00:00
[2026-07-01T09:34:42.371+0000] {processor.py:208} INFO - Processing /home/airflow/.local/lib/python3.12/site-packages/airflow/example_dags/example_nested_branch_dag.py took 0.063 seconds
[2026-07-01T09:35:12.993+0000] {processor.py:186} INFO - Started process (PID=2671) to work on /home/airflow/.local/lib/python3.12/site-packages/airflow/example_dags/example_nested_branch_dag.py
[2026-07-01T09:35:12.994+0000] {processor.py:914} INFO - Processing file /home/airflow/.local/lib/python3.12/site-packages/airflow/example_dags/example_nested_branch_dag.py for tasks to queue
[2026-07-01T09:35:12.996+0000] {logging_mixin.py:190} INFO - [2026-07-01T09:35:12.996+0000] {dagbag.py:587} INFO - Filling up the DagBag from /home/airflow/.local/lib/python3.12/site-packages/airflow/example_dags/example_nested_branch_dag.py
[2026-07-01T09:35:13.005+0000] {processor.py:925} INFO - DAG(s) 'example_nested_branch_dag' retrieved from /home/airflow/.local/lib/python3.12/site-packages/airflow/example_dags/example_nested_branch_dag.py
[2026-07-01T09:35:13.020+0000] {logging_mixin.py:190} INFO - [2026-07-01T09:35:13.020+0000] {dag.py:3211} INFO - Sync 1 DAGs
[2026-07-01T09:35:13.039+0000] {logging_mixin.py:190} INFO - [2026-07-01T09:35:13.039+0000] {dag.py:4138} INFO - Setting next_dagrun for example_nested_branch_dag to 2026-06-30 00:00:00+00:00, run_after=2026-07-01 00:00:00+00:00
[2026-07-01T09:35:13.056+0000] {processor.py:208} INFO - Processing /home/airflow/.local/lib/python3.12/site-packages/airflow/example_dags/example_nested_branch_dag.py took 0.068 seconds
[2026-07-01T09:35:43.658+0000] {processor.py:186} INFO - Started process (PID=2734) to work on /home/airflow/.local/lib/python3.12/site-packages/airflow/example_dags/example_nested_branch_dag.py
[2026-07-01T09:35:43.660+0000] {processor.py:914} INFO - Processing file /home/airflow/.local/lib/python3.12/site-packages/airflow/example_dags/example_nested_branch_dag.py for tasks to queue
[2026-07-01T09:35:43.662+0000] {logging_mixin.py:190} INFO - [2026-07-01T09:35:43.662+0000] {dagbag.py:587} INFO - Filling up the DagBag from /home/airflow/.local/lib/python3.12/site-packages/airflow/example_dags/example_nested_branch_dag.py
[2026-07-01T09:35:43.671+0000] {processor.py:925} INFO - DAG(s) 'example_nested_branch_dag' retrieved from /home/airflow/.local/lib/python3.12/site-packages/airflow/example_dags/example_nested_branch_dag.py
[2026-07-01T09:35:43.690+0000] {logging_mixin.py:190} INFO - [2026-07-01T09:35:43.690+0000] {dag.py:3211} INFO - Sync 1 DAGs
[2026-07-01T09:35:43.708+0000] {logging_mixin.py:190} INFO - [2026-07-01T09:35:43.708+0000] {dag.py:4138} INFO - Setting next_dagrun for example_nested_branch_dag to 2026-06-30 00:00:00+00:00, run_after=2026-07-01 00:00:00+00:00
[2026-07-01T09:35:43.727+0000] {processor.py:208} INFO - Processing /home/airflow/.local/lib/python3.12/site-packages/airflow/example_dags/example_nested_branch_dag.py took 0.073 seconds
[2026-07-01T09:36:14.166+0000] {processor.py:186} INFO - Started process (PID=2796) to work on /home/airflow/.local/lib/python3.12/site-packages/airflow/example_dags/example_nested_branch_dag.py
[2026-07-01T09:36:14.167+0000] {processor.py:914} INFO - Processing file /home/airflow/.local/lib/python3.12/site-packages/airflow/example_dags/example_nested_branch_dag.py for tasks to queue
[2026-07-01T09:36:14.169+0000] {logging_mixin.py:190} INFO - [2026-07-01T09:36:14.169+0000] {dagbag.py:587} INFO - Filling up the DagBag from /home/airflow/.local/lib/python3.12/site-packages/airflow/example_dags/example_nested_branch_dag.py
[2026-07-01T09:36:14.177+0000] {processor.py:925} INFO - DAG(s) 'example_nested_branch_dag' retrieved from /home/airflow/.local/lib/python3.12/site-packages/airflow/example_dags/example_nested_branch_dag.py
[2026-07-01T09:36:14.196+0000] {logging_mixin.py:190} INFO - [2026-07-01T09:36:14.195+0000] {dag.py:3211} INFO - Sync 1 DAGs
[2026-07-01T09:36:14.215+0000] {logging_mixin.py:190} INFO - [2026-07-01T09:36:14.214+0000] {dag.py:4138} INFO - Setting next_dagrun for example_nested_branch_dag to 2026-06-30 00:00:00+00:00, run_after=2026-07-01 00:00:00+00:00
[2026-07-01T09:36:14.231+0000] {processor.py:208} INFO - Processing /home/airflow/.local/lib/python3.12/site-packages/airflow/example_dags/example_nested_branch_dag.py took 0.069 seconds
[2026-07-01T09:36:45.324+0000] {processor.py:186} INFO - Started process (PID=2858) to work on /home/airflow/.local/lib/python3.12/site-packages/airflow/example_dags/example_nested_branch_dag.py
[2026-07-01T09:36:45.325+0000] {processor.py:914} INFO - Processing file /home/airflow/.local/lib/python3.12/site-packages/airflow/example_dags/example_nested_branch_dag.py for tasks to queue
[2026-07-01T09:36:45.328+0000] {logging_mixin.py:190} INFO - [2026-07-01T09:36:45.327+0000] {dagbag.py:587} INFO - Filling up the DagBag from /home/airflow/.local/lib/python3.12/site-packages/airflow/example_dags/example_nested_branch_dag.py
[2026-07-01T09:36:45.339+0000] {processor.py:925} INFO - DAG(s) 'example_nested_branch_dag' retrieved from /home/airflow/.local/lib/python3.12/site-packages/airflow/example_dags/example_nested_branch_dag.py
[2026-07-01T09:36:45.361+0000] {logging_mixin.py:190} INFO - [2026-07-01T09:36:45.361+0000] {dag.py:3211} INFO - Sync 1 DAGs
[2026-07-01T09:36:45.382+0000] {logging_mixin.py:190} INFO - [2026-07-01T09:36:45.382+0000] {dag.py:4138} INFO - Setting next_dagrun for example_nested_branch_dag to 2026-06-30 00:00:00+00:00, run_after=2026-07-01 00:00:00+00:00
[2026-07-01T09:36:45.398+0000] {processor.py:208} INFO - Processing /home/airflow/.local/lib/python3.12/site-packages/airflow/example_dags/example_nested_branch_dag.py took 0.080 seconds
[2026-07-01T09:37:16.452+0000] {processor.py:186} INFO - Started process (PID=2920) to work on /home/airflow/.local/lib/python3.12/site-packages/airflow/example_dags/example_nested_branch_dag.py
[2026-07-01T09:37:16.453+0000] {processor.py:914} INFO - Processing file /home/airflow/.local/lib/python3.12/site-packages/airflow/example_dags/example_nested_branch_dag.py for tasks to queue
[2026-07-01T09:37:16.455+0000] {logging_mixin.py:190} INFO - [2026-07-01T09:37:16.455+0000] {dagbag.py:587} INFO - Filling up the DagBag from /home/airflow/.local/lib/python3.12/site-packages/airflow/example_dags/example_nested_branch_dag.py
[2026-07-01T09:37:16.465+0000] {processor.py:925} INFO - DAG(s) 'example_nested_branch_dag' retrieved from /home/airflow/.local/lib/python3.12/site-packages/airflow/example_dags/example_nested_branch_dag.py
[2026-07-01T09:37:16.481+0000] {logging_mixin.py:190} INFO - [2026-07-01T09:37:16.481+0000] {dag.py:3211} INFO - Sync 1 DAGs
[2026-07-01T09:37:16.638+0000] {logging_mixin.py:190} INFO - [2026-07-01T09:37:16.638+0000] {dag.py:4138} INFO - Setting next_dagrun for example_nested_branch_dag to 2026-06-30 00:00:00+00:00, run_after=2026-07-01 00:00:00+00:00
[2026-07-01T09:37:16.653+0000] {processor.py:208} INFO - Processing /home/airflow/.local/lib/python3.12/site-packages/airflow/example_dags/example_nested_branch_dag.py took 0.207 seconds
[2026-07-01T09:37:47.180+0000] {processor.py:186} INFO - Started process (PID=2982) to work on /home/airflow/.local/lib/python3.12/site-packages/airflow/example_dags/example_nested_branch_dag.py
[2026-07-01T09:37:47.182+0000] {processor.py:914} INFO - Processing file /home/airflow/.local/lib/python3.12/site-packages/airflow/example_dags/example_nested_branch_dag.py for tasks to queue
[2026-07-01T09:37:47.184+0000] {logging_mixin.py:190} INFO - [2026-07-01T09:37:47.184+0000] {dagbag.py:587} INFO - Filling up the DagBag from /home/airflow/.local/lib/python3.12/site-packages/airflow/example_dags/example_nested_branch_dag.py
[2026-07-01T09:37:47.193+0000] {processor.py:925} INFO - DAG(s) 'example_nested_branch_dag' retrieved from /home/airflow/.local/lib/python3.12/site-packages/airflow/example_dags/example_nested_branch_dag.py
[2026-07-01T09:37:47.209+0000] {logging_mixin.py:190} INFO - [2026-07-01T09:37:47.209+0000] {dag.py:3211} INFO - Sync 1 DAGs
[2026-07-01T09:37:47.229+0000] {logging_mixin.py:190} INFO - [2026-07-01T09:37:47.228+0000] {dag.py:4138} INFO - Setting next_dagrun for example_nested_branch_dag to 2026-06-30 00:00:00+00:00, run_after=2026-07-01 00:00:00+00:00
[2026-07-01T09:37:47.388+0000] {processor.py:208} INFO - Processing /home/airflow/.local/lib/python3.12/site-packages/airflow/example_dags/example_nested_branch_dag.py took 0.212 seconds
[2026-07-01T09:38:18.061+0000] {processor.py:186} INFO - Started process (PID=3044) to work on /home/airflow/.local/lib/python3.12/site-packages/airflow/example_dags/example_nested_branch_dag.py
[2026-07-01T09:38:18.063+0000] {processor.py:914} INFO - Processing file /home/airflow/.local/lib/python3.12/site-packages/airflow/example_dags/example_nested_branch_dag.py for tasks to queue
[2026-07-01T09:38:18.066+0000] {logging_mixin.py:190} INFO - [2026-07-01T09:38:18.065+0000] {dagbag.py:587} INFO - Filling up the DagBag from /home/airflow/.local/lib/python3.12/site-packages/airflow/example_dags/example_nested_branch_dag.py
[2026-07-01T09:38:18.075+0000] {processor.py:925} INFO - DAG(s) 'example_nested_branch_dag' retrieved from /home/airflow/.local/lib/python3.12/site-packages/airflow/example_dags/example_nested_branch_dag.py
[2026-07-01T09:38:18.093+0000] {logging_mixin.py:190} INFO - [2026-07-01T09:38:18.093+0000] {dag.py:3211} INFO - Sync 1 DAGs
[2026-07-01T09:38:18.109+0000] {logging_mixin.py:190} INFO - [2026-07-01T09:38:18.109+0000] {dag.py:4138} INFO - Setting next_dagrun for example_nested_branch_dag to 2026-06-30 00:00:00+00:00, run_after=2026-07-01 00:00:00+00:00
[2026-07-01T09:38:18.123+0000] {processor.py:208} INFO - Processing /home/airflow/.local/lib/python3.12/site-packages/airflow/example_dags/example_nested_branch_dag.py took 0.066 seconds
[2026-07-01T09:38:49.096+0000] {processor.py:186} INFO - Started process (PID=3106) to work on /home/airflow/.local/lib/python3.12/site-packages/airflow/example_dags/example_nested_branch_dag.py
[2026-07-01T09:38:49.097+0000] {processor.py:914} INFO - Processing file /home/airflow/.local/lib/python3.12/site-packages/airflow/example_dags/example_nested_branch_dag.py for tasks to queue
[2026-07-01T09:38:49.100+0000] {logging_mixin.py:190} INFO - [2026-07-01T09:38:49.099+0000] {dagbag.py:587} INFO - Filling up the DagBag from /home/airflow/.local/lib/python3.12/site-packages/airflow/example_dags/example_nested_branch_dag.py
[2026-07-01T09:38:49.110+0000] {processor.py:925} INFO - DAG(s) 'example_nested_branch_dag' retrieved from /home/airflow/.local/lib/python3.12/site-packages/airflow/example_dags/example_nested_branch_dag.py
[2026-07-01T09:38:49.128+0000] {logging_mixin.py:190} INFO - [2026-07-01T09:38:49.128+0000] {dag.py:3211} INFO - Sync 1 DAGs
[2026-07-01T09:38:49.145+0000] {logging_mixin.py:190} INFO - [2026-07-01T09:38:49.145+0000] {dag.py:4138} INFO - Setting next_dagrun for example_nested_branch_dag to 2026-06-30 00:00:00+00:00, run_after=2026-07-01 00:00:00+00:00
[2026-07-01T09:38:49.159+0000] {processor.py:208} INFO - Processing /home/airflow/.local/lib/python3.12/site-packages/airflow/example_dags/example_nested_branch_dag.py took 0.068 seconds
[2026-07-01T09:39:19.785+0000] {processor.py:186} INFO - Started process (PID=3174) to work on /home/airflow/.local/lib/python3.12/site-packages/airflow/example_dags/example_nested_branch_dag.py
[2026-07-01T09:39:19.786+0000] {processor.py:914} INFO - Processing file /home/airflow/.local/lib/python3.12/site-packages/airflow/example_dags/example_nested_branch_dag.py for tasks to queue
[2026-07-01T09:39:19.788+0000] {logging_mixin.py:190} INFO - [2026-07-01T09:39:19.788+0000] {dagbag.py:587} INFO - Filling up the DagBag from /home/airflow/.local/lib/python3.12/site-packages/airflow/example_dags/example_nested_branch_dag.py
[2026-07-01T09:39:19.797+0000] {processor.py:925} INFO - DAG(s) 'example_nested_branch_dag' retrieved from /home/airflow/.local/lib/python3.12/site-packages/airflow/example_dags/example_nested_branch_dag.py
[2026-07-01T09:39:19.812+0000] {logging_mixin.py:190} INFO - [2026-07-01T09:39:19.812+0000] {dag.py:3211} INFO - Sync 1 DAGs
[2026-07-01T09:39:19.828+0000] {logging_mixin.py:190} INFO - [2026-07-01T09:39:19.828+0000] {dag.py:4138} INFO - Setting next_dagrun for example_nested_branch_dag to 2026-06-30 00:00:00+00:00, run_after=2026-07-01 00:00:00+00:00
[2026-07-01T09:39:19.840+0000] {processor.py:208} INFO - Processing /home/airflow/.local/lib/python3.12/site-packages/airflow/example_dags/example_nested_branch_dag.py took 0.059 seconds
[2026-07-01T09:39:50.218+0000] {processor.py:186} INFO - Started process (PID=3235) to work on /home/airflow/.local/lib/python3.12/site-packages/airflow/example_dags/example_nested_branch_dag.py
[2026-07-01T09:39:50.219+0000] {processor.py:914} INFO - Processing file /home/airflow/.local/lib/python3.12/site-packages/airflow/example_dags/example_nested_branch_dag.py for tasks to queue
[2026-07-01T09:39:50.221+0000] {logging_mixin.py:190} INFO - [2026-07-01T09:39:50.221+0000] {dagbag.py:587} INFO - Filling up the DagBag from /home/airflow/.local/lib/python3.12/site-packages/airflow/example_dags/example_nested_branch_dag.py
[2026-07-01T09:39:50.230+0000] {processor.py:925} INFO - DAG(s) 'example_nested_branch_dag' retrieved from /home/airflow/.local/lib/python3.12/site-packages/airflow/example_dags/example_nested_branch_dag.py
[2026-07-01T09:39:50.246+0000] {logging_mixin.py:190} INFO - [2026-07-01T09:39:50.246+0000] {dag.py:3211} INFO - Sync 1 DAGs
[2026-07-01T09:39:50.264+0000] {logging_mixin.py:190} INFO - [2026-07-01T09:39:50.263+0000] {dag.py:4138} INFO - Setting next_dagrun for example_nested_branch_dag to 2026-06-30 00:00:00+00:00, run_after=2026-07-01 00:00:00+00:00
[2026-07-01T09:39:50.278+0000] {processor.py:208} INFO - Processing /home/airflow/.local/lib/python3.12/site-packages/airflow/example_dags/example_nested_branch_dag.py took 0.064 seconds
[2026-07-01T09:40:21.126+0000] {processor.py:186} INFO - Started process (PID=3297) to work on /home/airflow/.local/lib/python3.12/site-packages/airflow/example_dags/example_nested_branch_dag.py
[2026-07-01T09:40:21.127+0000] {processor.py:914} INFO - Processing file /home/airflow/.local/lib/python3.12/site-packages/airflow/example_dags/example_nested_branch_dag.py for tasks to queue
[2026-07-01T09:40:21.129+0000] {logging_mixin.py:190} INFO - [2026-07-01T09:40:21.129+0000] {dagbag.py:587} INFO - Filling up the DagBag from /home/airflow/.local/lib/python3.12/site-packages/airflow/example_dags/example_nested_branch_dag.py
[2026-07-01T09:40:21.268+0000] {processor.py:925} INFO - DAG(s) 'example_nested_branch_dag' retrieved from /home/airflow/.local/lib/python3.12/site-packages/airflow/example_dags/example_nested_branch_dag.py
[2026-07-01T09:40:21.279+0000] {logging_mixin.py:190} INFO - [2026-07-01T09:40:21.279+0000] {dag.py:3211} INFO - Sync 1 DAGs
[2026-07-01T09:40:21.291+0000] {logging_mixin.py:190} INFO - [2026-07-01T09:40:21.291+0000] {dag.py:4138} INFO - Setting next_dagrun for example_nested_branch_dag to 2026-06-30 00:00:00+00:00, run_after=2026-07-01 00:00:00+00:00
[2026-07-01T09:40:21.301+0000] {processor.py:208} INFO - Processing /home/airflow/.local/lib/python3.12/site-packages/airflow/example_dags/example_nested_branch_dag.py took 0.180 seconds
[2026-07-01T09:40:51.780+0000] {processor.py:186} INFO - Started process (PID=3359) to work on /home/airflow/.local/lib/python3.12/site-packages/airflow/example_dags/example_nested_branch_dag.py
[2026-07-01T09:40:51.782+0000] {processor.py:914} INFO - Processing file /home/airflow/.local/lib/python3.12/site-packages/airflow/example_dags/example_nested_branch_dag.py for tasks to queue
[2026-07-01T09:40:51.784+0000] {logging_mixin.py:190} INFO - [2026-07-01T09:40:51.784+0000] {dagbag.py:587} INFO - Filling up the DagBag from /home/airflow/.local/lib/python3.12/site-packages/airflow/example_dags/example_nested_branch_dag.py
[2026-07-01T09:40:51.792+0000] {processor.py:925} INFO - DAG(s) 'example_nested_branch_dag' retrieved from /home/airflow/.local/lib/python3.12/site-packages/airflow/example_dags/example_nested_branch_dag.py
[2026-07-01T09:40:51.807+0000] {logging_mixin.py:190} INFO - [2026-07-01T09:40:51.807+0000] {dag.py:3211} INFO - Sync 1 DAGs
[2026-07-01T09:40:51.822+0000] {logging_mixin.py:190} INFO - [2026-07-01T09:40:51.822+0000] {dag.py:4138} INFO - Setting next_dagrun for example_nested_branch_dag to 2026-06-30 00:00:00+00:00, run_after=2026-07-01 00:00:00+00:00
[2026-07-01T09:40:51.833+0000] {processor.py:208} INFO - Processing /home/airflow/.local/lib/python3.12/site-packages/airflow/example_dags/example_nested_branch_dag.py took 0.057 seconds
[2026-07-01T09:41:22.343+0000] {processor.py:186} INFO - Started process (PID=3422) to work on /home/airflow/.local/lib/python3.12/site-packages/airflow/example_dags/example_nested_branch_dag.py
[2026-07-01T09:41:22.344+0000] {processor.py:914} INFO - Processing file /home/airflow/.local/lib/python3.12/site-packages/airflow/example_dags/example_nested_branch_dag.py for tasks to queue
[2026-07-01T09:41:22.346+0000] {logging_mixin.py:190} INFO - [2026-07-01T09:41:22.346+0000] {dagbag.py:587} INFO - Filling up the DagBag from /home/airflow/.local/lib/python3.12/site-packages/airflow/example_dags/example_nested_branch_dag.py
[2026-07-01T09:41:22.356+0000] {processor.py:925} INFO - DAG(s) 'example_nested_branch_dag' retrieved from /home/airflow/.local/lib/python3.12/site-packages/airflow/example_dags/example_nested_branch_dag.py
[2026-07-01T09:41:22.376+0000] {logging_mixin.py:190} INFO - [2026-07-01T09:41:22.376+0000] {dag.py:3211} INFO - Sync 1 DAGs
[2026-07-01T09:41:22.394+0000] {logging_mixin.py:190} INFO - [2026-07-01T09:41:22.393+0000] {dag.py:4138} INFO - Setting next_dagrun for example_nested_branch_dag to 2026-06-30 00:00:00+00:00, run_after=2026-07-01 00:00:00+00:00
[2026-07-01T09:41:22.407+0000] {processor.py:208} INFO - Processing /home/airflow/.local/lib/python3.12/site-packages/airflow/example_dags/example_nested_branch_dag.py took 0.069 seconds
[2026-07-01T09:41:52.600+0000] {processor.py:186} INFO - Started process (PID=3484) to work on /home/airflow/.local/lib/python3.12/site-packages/airflow/example_dags/example_nested_branch_dag.py
[2026-07-01T09:41:52.601+0000] {processor.py:914} INFO - Processing file /home/airflow/.local/lib/python3.12/site-packages/airflow/example_dags/example_nested_branch_dag.py for tasks to queue
[2026-07-01T09:41:52.604+0000] {logging_mixin.py:190} INFO - [2026-07-01T09:41:52.603+0000] {dagbag.py:587} INFO - Filling up the DagBag from /home/airflow/.local/lib/python3.12/site-packages/airflow/example_dags/example_nested_branch_dag.py
[2026-07-01T09:41:52.612+0000] {processor.py:925} INFO - DAG(s) 'example_nested_branch_dag' retrieved from /home/airflow/.local/lib/python3.12/site-packages/airflow/example_dags/example_nested_branch_dag.py
[2026-07-01T09:41:52.629+0000] {logging_mixin.py:190} INFO - [2026-07-01T09:41:52.629+0000] {dag.py:3211} INFO - Sync 1 DAGs
[2026-07-01T09:41:52.646+0000] {logging_mixin.py:190} INFO - [2026-07-01T09:41:52.646+0000] {dag.py:4138} INFO - Setting next_dagrun for example_nested_branch_dag to 2026-06-30 00:00:00+00:00, run_after=2026-07-01 00:00:00+00:00
[2026-07-01T09:41:52.659+0000] {processor.py:208} INFO - Processing /home/airflow/.local/lib/python3.12/site-packages/airflow/example_dags/example_nested_branch_dag.py took 0.063 seconds
[2026-07-01T09:42:22.719+0000] {processor.py:186} INFO - Started process (PID=3545) to work on /home/airflow/.local/lib/python3.12/site-packages/airflow/example_dags/example_nested_branch_dag.py
[2026-07-01T09:42:22.720+0000] {processor.py:914} INFO - Processing file /home/airflow/.local/lib/python3.12/site-packages/airflow/example_dags/example_nested_branch_dag.py for tasks to queue
[2026-07-01T09:42:22.722+0000] {logging_mixin.py:190} INFO - [2026-07-01T09:42:22.721+0000] {dagbag.py:587} INFO - Filling up the DagBag from /home/airflow/.local/lib/python3.12/site-packages/airflow/example_dags/example_nested_branch_dag.py
[2026-07-01T09:42:22.731+0000] {processor.py:925} INFO - DAG(s) 'example_nested_branch_dag' retrieved from /home/airflow/.local/lib/python3.12/site-packages/airflow/example_dags/example_nested_branch_dag.py
[2026-07-01T09:42:22.749+0000] {logging_mixin.py:190} INFO - [2026-07-01T09:42:22.749+0000] {dag.py:3211} INFO - Sync 1 DAGs
[2026-07-01T09:42:22.766+0000] {logging_mixin.py:190} INFO - [2026-07-01T09:42:22.766+0000] {dag.py:4138} INFO - Setting next_dagrun for example_nested_branch_dag to 2026-06-30 00:00:00+00:00, run_after=2026-07-01 00:00:00+00:00
[2026-07-01T09:42:22.778+0000] {processor.py:208} INFO - Processing /home/airflow/.local/lib/python3.12/site-packages/airflow/example_dags/example_nested_branch_dag.py took 0.065 seconds
[2026-07-01T09:42:53.039+0000] {processor.py:186} INFO - Started process (PID=3607) to work on /home/airflow/.local/lib/python3.12/site-packages/airflow/example_dags/example_nested_branch_dag.py
[2026-07-01T09:42:53.041+0000] {processor.py:914} INFO - Processing file /home/airflow/.local/lib/python3.12/site-packages/airflow/example_dags/example_nested_branch_dag.py for tasks to queue
[2026-07-01T09:42:53.043+0000] {logging_mixin.py:190} INFO - [2026-07-01T09:42:53.043+0000] {dagbag.py:587} INFO - Filling up the DagBag from /home/airflow/.local/lib/python3.12/site-packages/airflow/example_dags/example_nested_branch_dag.py
[2026-07-01T09:42:53.051+0000] {processor.py:925} INFO - DAG(s) 'example_nested_branch_dag' retrieved from /home/airflow/.local/lib/python3.12/site-packages/airflow/example_dags/example_nested_branch_dag.py
[2026-07-01T09:42:53.067+0000] {logging_mixin.py:190} INFO - [2026-07-01T09:42:53.067+0000] {dag.py:3211} INFO - Sync 1 DAGs
[2026-07-01T09:42:53.083+0000] {logging_mixin.py:190} INFO - [2026-07-01T09:42:53.083+0000] {dag.py:4138} INFO - Setting next_dagrun for example_nested_branch_dag to 2026-06-30 00:00:00+00:00, run_after=2026-07-01 00:00:00+00:00
[2026-07-01T09:42:53.096+0000] {processor.py:208} INFO - Processing /home/airflow/.local/lib/python3.12/site-packages/airflow/example_dags/example_nested_branch_dag.py took 0.061 seconds
[2026-07-01T09:43:23.501+0000] {processor.py:186} INFO - Started process (PID=3669) to work on /home/airflow/.local/lib/python3.12/site-packages/airflow/example_dags/example_nested_branch_dag.py
[2026-07-01T09:43:23.502+0000] {processor.py:914} INFO - Processing file /home/airflow/.local/lib/python3.12/site-packages/airflow/example_dags/example_nested_branch_dag.py for tasks to queue
[2026-07-01T09:43:23.504+0000] {logging_mixin.py:190} INFO - [2026-07-01T09:43:23.503+0000] {dagbag.py:587} INFO - Filling up the DagBag from /home/airflow/.local/lib/python3.12/site-packages/airflow/example_dags/example_nested_branch_dag.py
[2026-07-01T09:43:23.512+0000] {processor.py:925} INFO - DAG(s) 'example_nested_branch_dag' retrieved from /home/airflow/.local/lib/python3.12/site-packages/airflow/example_dags/example_nested_branch_dag.py
[2026-07-01T09:43:23.527+0000] {logging_mixin.py:190} INFO - [2026-07-01T09:43:23.527+0000] {dag.py:3211} INFO - Sync 1 DAGs
[2026-07-01T09:43:23.543+0000] {logging_mixin.py:190} INFO - [2026-07-01T09:43:23.543+0000] {dag.py:4138} INFO - Setting next_dagrun for example_nested_branch_dag to 2026-06-30 00:00:00+00:00, run_after=2026-07-01 00:00:00+00:00
[2026-07-01T09:43:23.555+0000] {processor.py:208} INFO - Processing /home/airflow/.local/lib/python3.12/site-packages/airflow/example_dags/example_nested_branch_dag.py took 0.059 seconds
[2026-07-01T09:43:53.729+0000] {processor.py:186} INFO - Started process (PID=3731) to work on /home/airflow/.local/lib/python3.12/site-packages/airflow/example_dags/example_nested_branch_dag.py
[2026-07-01T09:43:53.730+0000] {processor.py:914} INFO - Processing file /home/airflow/.local/lib/python3.12/site-packages/airflow/example_dags/example_nested_branch_dag.py for tasks to queue
[2026-07-01T09:43:53.732+0000] {logging_mixin.py:190} INFO - [2026-07-01T09:43:53.732+0000] {dagbag.py:587} INFO - Filling up the DagBag from /home/airflow/.local/lib/python3.12/site-packages/airflow/example_dags/example_nested_branch_dag.py
[2026-07-01T09:43:53.741+0000] {processor.py:925} INFO - DAG(s) 'example_nested_branch_dag' retrieved from /home/airflow/.local/lib/python3.12/site-packages/airflow/example_dags/example_nested_branch_dag.py
[2026-07-01T09:43:53.758+0000] {logging_mixin.py:190} INFO - [2026-07-01T09:43:53.758+0000] {dag.py:3211} INFO - Sync 1 DAGs
[2026-07-01T09:43:53.775+0000] {logging_mixin.py:190} INFO - [2026-07-01T09:43:53.774+0000] {dag.py:4138} INFO - Setting next_dagrun for example_nested_branch_dag to 2026-06-30 00:00:00+00:00, run_after=2026-07-01 00:00:00+00:00
[2026-07-01T09:43:53.787+0000] {processor.py:208} INFO - Processing /home/airflow/.local/lib/python3.12/site-packages/airflow/example_dags/example_nested_branch_dag.py took 0.063 seconds
[2026-07-01T09:44:24.289+0000] {processor.py:186} INFO - Started process (PID=3793) to work on /home/airflow/.local/lib/python3.12/site-packages/airflow/example_dags/example_nested_branch_dag.py
[2026-07-01T09:44:24.290+0000] {processor.py:914} INFO - Processing file /home/airflow/.local/lib/python3.12/site-packages/airflow/example_dags/example_nested_branch_dag.py for tasks to queue
[2026-07-01T09:44:24.292+0000] {logging_mixin.py:190} INFO - [2026-07-01T09:44:24.292+0000] {dagbag.py:587} INFO - Filling up the DagBag from /home/airflow/.local/lib/python3.12/site-packages/airflow/example_dags/example_nested_branch_dag.py
[2026-07-01T09:44:24.300+0000] {processor.py:925} INFO - DAG(s) 'example_nested_branch_dag' retrieved from /home/airflow/.local/lib/python3.12/site-packages/airflow/example_dags/example_nested_branch_dag.py
[2026-07-01T09:44:24.316+0000] {logging_mixin.py:190} INFO - [2026-07-01T09:44:24.316+0000] {dag.py:3211} INFO - Sync 1 DAGs
[2026-07-01T09:44:24.331+0000] {logging_mixin.py:190} INFO - [2026-07-01T09:44:24.331+0000] {dag.py:4138} INFO - Setting next_dagrun for example_nested_branch_dag to 2026-06-30 00:00:00+00:00, run_after=2026-07-01 00:00:00+00:00
[2026-07-01T09:44:24.343+0000] {processor.py:208} INFO - Processing /home/airflow/.local/lib/python3.12/site-packages/airflow/example_dags/example_nested_branch_dag.py took 0.058 seconds
[2026-07-01T09:44:54.562+0000] {processor.py:186} INFO - Started process (PID=3855) to work on /home/airflow/.local/lib/python3.12/site-packages/airflow/example_dags/example_nested_branch_dag.py
[2026-07-01T09:44:54.563+0000] {processor.py:914} INFO - Processing file /home/airflow/.local/lib/python3.12/site-packages/airflow/example_dags/example_nested_branch_dag.py for tasks to queue
[2026-07-01T09:44:54.565+0000] {logging_mixin.py:190} INFO - [2026-07-01T09:44:54.565+0000] {dagbag.py:587} INFO - Filling up the DagBag from /home/airflow/.local/lib/python3.12/site-packages/airflow/example_dags/example_nested_branch_dag.py
[2026-07-01T09:44:54.573+0000] {processor.py:925} INFO - DAG(s) 'example_nested_branch_dag' retrieved from /home/airflow/.local/lib/python3.12/site-packages/airflow/example_dags/example_nested_branch_dag.py
[2026-07-01T09:44:54.589+0000] {logging_mixin.py:190} INFO - [2026-07-01T09:44:54.588+0000] {dag.py:3211} INFO - Sync 1 DAGs
[2026-07-01T09:44:54.604+0000] {logging_mixin.py:190} INFO - [2026-07-01T09:44:54.604+0000] {dag.py:4138} INFO - Setting next_dagrun for example_nested_branch_dag to 2026-06-30 00:00:00+00:00, run_after=2026-07-01 00:00:00+00:00
[2026-07-01T09:44:54.617+0000] {processor.py:208} INFO - Processing /home/airflow/.local/lib/python3.12/site-packages/airflow/example_dags/example_nested_branch_dag.py took 0.060 seconds
[2026-07-01T09:45:24.951+0000] {processor.py:186} INFO - Started process (PID=3917) to work on /home/airflow/.local/lib/python3.12/site-packages/airflow/example_dags/example_nested_branch_dag.py
[2026-07-01T09:45:24.952+0000] {processor.py:914} INFO - Processing file /home/airflow/.local/lib/python3.12/site-packages/airflow/example_dags/example_nested_branch_dag.py for tasks to queue
[2026-07-01T09:45:24.955+0000] {logging_mixin.py:190} INFO - [2026-07-01T09:45:24.955+0000] {dagbag.py:587} INFO - Filling up the DagBag from /home/airflow/.local/lib/python3.12/site-packages/airflow/example_dags/example_nested_branch_dag.py
[2026-07-01T09:45:24.966+0000] {processor.py:925} INFO - DAG(s) 'example_nested_branch_dag' retrieved from /home/airflow/.local/lib/python3.12/site-packages/airflow/example_dags/example_nested_branch_dag.py
[2026-07-01T09:45:24.985+0000] {logging_mixin.py:190} INFO - [2026-07-01T09:45:24.985+0000] {dag.py:3211} INFO - Sync 1 DAGs
[2026-07-01T09:45:25.006+0000] {logging_mixin.py:190} INFO - [2026-07-01T09:45:25.006+0000] {dag.py:4138} INFO - Setting next_dagrun for example_nested_branch_dag to 2026-06-30 00:00:00+00:00, run_after=2026-07-01 00:00:00+00:00
[2026-07-01T09:45:25.023+0000] {processor.py:208} INFO - Processing /home/airflow/.local/lib/python3.12/site-packages/airflow/example_dags/example_nested_branch_dag.py took 0.078 seconds
