[2026-07-01T09:09:39.009+0000] {processor.py:186} INFO - Started process (PID=70) to work on /home/airflow/.local/lib/python3.12/site-packages/airflow/example_dags/example_setup_teardown.py
[2026-07-01T09:09:39.011+0000] {processor.py:914} INFO - Processing file /home/airflow/.local/lib/python3.12/site-packages/airflow/example_dags/example_setup_teardown.py for tasks to queue
[2026-07-01T09:09:39.014+0000] {logging_mixin.py:190} INFO - [2026-07-01T09:09:39.014+0000] {dagbag.py:587} INFO - Filling up the DagBag from /home/airflow/.local/lib/python3.12/site-packages/airflow/example_dags/example_setup_teardown.py
[2026-07-01T09:09:39.024+0000] {processor.py:925} INFO - DAG(s) 'example_setup_teardown' retrieved from /home/airflow/.local/lib/python3.12/site-packages/airflow/example_dags/example_setup_teardown.py
[2026-07-01T09:09:39.108+0000] {logging_mixin.py:190} INFO - [2026-07-01T09:09:39.108+0000] {override.py:1858} INFO - Created Permission View: can read on DAG:example_setup_teardown
[2026-07-01T09:09:39.117+0000] {logging_mixin.py:190} INFO - [2026-07-01T09:09:39.117+0000] {override.py:1858} INFO - Created Permission View: can delete on DAG:example_setup_teardown
[2026-07-01T09:09:39.123+0000] {logging_mixin.py:190} INFO - [2026-07-01T09:09:39.123+0000] {override.py:1858} INFO - Created Permission View: can edit on DAG:example_setup_teardown
[2026-07-01T09:09:39.124+0000] {logging_mixin.py:190} INFO - [2026-07-01T09:09:39.124+0000] {dag.py:3211} INFO - Sync 1 DAGs
[2026-07-01T09:09:39.134+0000] {logging_mixin.py:190} INFO - [2026-07-01T09:09:39.133+0000] {dag.py:3234} INFO - Creating ORM DAG for example_setup_teardown
[2026-07-01T09:09:39.144+0000] {logging_mixin.py:190} INFO - [2026-07-01T09:09:39.144+0000] {dag.py:4138} INFO - Setting next_dagrun for example_setup_teardown to 2026-06-30 00:00:00+00:00, run_after=2026-07-01 00:00:00+00:00
[2026-07-01T09:09:39.160+0000] {processor.py:208} INFO - Processing /home/airflow/.local/lib/python3.12/site-packages/airflow/example_dags/example_setup_teardown.py took 0.156 seconds
[2026-07-01T09:10:09.260+0000] {processor.py:186} INFO - Started process (PID=132) to work on /home/airflow/.local/lib/python3.12/site-packages/airflow/example_dags/example_setup_teardown.py
[2026-07-01T09:10:09.261+0000] {processor.py:914} INFO - Processing file /home/airflow/.local/lib/python3.12/site-packages/airflow/example_dags/example_setup_teardown.py for tasks to queue
[2026-07-01T09:10:09.263+0000] {logging_mixin.py:190} INFO - [2026-07-01T09:10:09.263+0000] {dagbag.py:587} INFO - Filling up the DagBag from /home/airflow/.local/lib/python3.12/site-packages/airflow/example_dags/example_setup_teardown.py
[2026-07-01T09:10:09.270+0000] {processor.py:925} INFO - DAG(s) 'example_setup_teardown' retrieved from /home/airflow/.local/lib/python3.12/site-packages/airflow/example_dags/example_setup_teardown.py
[2026-07-01T09:10:09.285+0000] {logging_mixin.py:190} INFO - [2026-07-01T09:10:09.285+0000] {dag.py:3211} INFO - Sync 1 DAGs
[2026-07-01T09:10:09.300+0000] {logging_mixin.py:190} INFO - [2026-07-01T09:10:09.300+0000] {dag.py:4138} INFO - Setting next_dagrun for example_setup_teardown to 2026-06-30 00:00:00+00:00, run_after=2026-07-01 00:00:00+00:00
[2026-07-01T09:10:09.313+0000] {processor.py:208} INFO - Processing /home/airflow/.local/lib/python3.12/site-packages/airflow/example_dags/example_setup_teardown.py took 0.058 seconds
[2026-07-01T09:10:39.722+0000] {processor.py:186} INFO - Started process (PID=194) to work on /home/airflow/.local/lib/python3.12/site-packages/airflow/example_dags/example_setup_teardown.py
[2026-07-01T09:10:39.723+0000] {processor.py:914} INFO - Processing file /home/airflow/.local/lib/python3.12/site-packages/airflow/example_dags/example_setup_teardown.py for tasks to queue
[2026-07-01T09:10:39.725+0000] {logging_mixin.py:190} INFO - [2026-07-01T09:10:39.725+0000] {dagbag.py:587} INFO - Filling up the DagBag from /home/airflow/.local/lib/python3.12/site-packages/airflow/example_dags/example_setup_teardown.py
[2026-07-01T09:10:39.734+0000] {processor.py:925} INFO - DAG(s) 'example_setup_teardown' retrieved from /home/airflow/.local/lib/python3.12/site-packages/airflow/example_dags/example_setup_teardown.py
[2026-07-01T09:10:39.751+0000] {logging_mixin.py:190} INFO - [2026-07-01T09:10:39.751+0000] {dag.py:3211} INFO - Sync 1 DAGs
[2026-07-01T09:10:39.769+0000] {logging_mixin.py:190} INFO - [2026-07-01T09:10:39.769+0000] {dag.py:4138} INFO - Setting next_dagrun for example_setup_teardown to 2026-06-30 00:00:00+00:00, run_after=2026-07-01 00:00:00+00:00
[2026-07-01T09:10:39.783+0000] {processor.py:208} INFO - Processing /home/airflow/.local/lib/python3.12/site-packages/airflow/example_dags/example_setup_teardown.py took 0.067 seconds
[2026-07-01T09:11:09.942+0000] {processor.py:186} INFO - Started process (PID=256) to work on /home/airflow/.local/lib/python3.12/site-packages/airflow/example_dags/example_setup_teardown.py
[2026-07-01T09:11:09.945+0000] {processor.py:914} INFO - Processing file /home/airflow/.local/lib/python3.12/site-packages/airflow/example_dags/example_setup_teardown.py for tasks to queue
[2026-07-01T09:11:09.947+0000] {logging_mixin.py:190} INFO - [2026-07-01T09:11:09.946+0000] {dagbag.py:587} INFO - Filling up the DagBag from /home/airflow/.local/lib/python3.12/site-packages/airflow/example_dags/example_setup_teardown.py
[2026-07-01T09:11:09.953+0000] {processor.py:925} INFO - DAG(s) 'example_setup_teardown' retrieved from /home/airflow/.local/lib/python3.12/site-packages/airflow/example_dags/example_setup_teardown.py
[2026-07-01T09:11:09.968+0000] {logging_mixin.py:190} INFO - [2026-07-01T09:11:09.968+0000] {dag.py:3211} INFO - Sync 1 DAGs
[2026-07-01T09:11:09.984+0000] {logging_mixin.py:190} INFO - [2026-07-01T09:11:09.984+0000] {dag.py:4138} INFO - Setting next_dagrun for example_setup_teardown to 2026-06-30 00:00:00+00:00, run_after=2026-07-01 00:00:00+00:00
[2026-07-01T09:11:09.997+0000] {processor.py:208} INFO - Processing /home/airflow/.local/lib/python3.12/site-packages/airflow/example_dags/example_setup_teardown.py took 0.059 seconds
[2026-07-01T09:11:40.147+0000] {processor.py:186} INFO - Started process (PID=318) to work on /home/airflow/.local/lib/python3.12/site-packages/airflow/example_dags/example_setup_teardown.py
[2026-07-01T09:11:40.148+0000] {processor.py:914} INFO - Processing file /home/airflow/.local/lib/python3.12/site-packages/airflow/example_dags/example_setup_teardown.py for tasks to queue
[2026-07-01T09:11:40.150+0000] {logging_mixin.py:190} INFO - [2026-07-01T09:11:40.150+0000] {dagbag.py:587} INFO - Filling up the DagBag from /home/airflow/.local/lib/python3.12/site-packages/airflow/example_dags/example_setup_teardown.py
[2026-07-01T09:11:40.164+0000] {processor.py:925} INFO - DAG(s) 'example_setup_teardown' retrieved from /home/airflow/.local/lib/python3.12/site-packages/airflow/example_dags/example_setup_teardown.py
[2026-07-01T09:11:40.187+0000] {logging_mixin.py:190} INFO - [2026-07-01T09:11:40.187+0000] {dag.py:3211} INFO - Sync 1 DAGs
[2026-07-01T09:11:40.206+0000] {logging_mixin.py:190} INFO - [2026-07-01T09:11:40.206+0000] {dag.py:4138} INFO - Setting next_dagrun for example_setup_teardown to 2026-06-30 00:00:00+00:00, run_after=2026-07-01 00:00:00+00:00
[2026-07-01T09:11:40.222+0000] {processor.py:208} INFO - Processing /home/airflow/.local/lib/python3.12/site-packages/airflow/example_dags/example_setup_teardown.py took 0.081 seconds
[2026-07-01T09:12:10.570+0000] {processor.py:186} INFO - Started process (PID=380) to work on /home/airflow/.local/lib/python3.12/site-packages/airflow/example_dags/example_setup_teardown.py
[2026-07-01T09:12:10.571+0000] {processor.py:914} INFO - Processing file /home/airflow/.local/lib/python3.12/site-packages/airflow/example_dags/example_setup_teardown.py for tasks to queue
[2026-07-01T09:12:10.574+0000] {logging_mixin.py:190} INFO - [2026-07-01T09:12:10.574+0000] {dagbag.py:587} INFO - Filling up the DagBag from /home/airflow/.local/lib/python3.12/site-packages/airflow/example_dags/example_setup_teardown.py
[2026-07-01T09:12:10.581+0000] {processor.py:925} INFO - DAG(s) 'example_setup_teardown' retrieved from /home/airflow/.local/lib/python3.12/site-packages/airflow/example_dags/example_setup_teardown.py
[2026-07-01T09:12:10.597+0000] {logging_mixin.py:190} INFO - [2026-07-01T09:12:10.597+0000] {dag.py:3211} INFO - Sync 1 DAGs
[2026-07-01T09:12:10.613+0000] {logging_mixin.py:190} INFO - [2026-07-01T09:12:10.613+0000] {dag.py:4138} INFO - Setting next_dagrun for example_setup_teardown to 2026-06-30 00:00:00+00:00, run_after=2026-07-01 00:00:00+00:00
[2026-07-01T09:12:10.629+0000] {processor.py:208} INFO - Processing /home/airflow/.local/lib/python3.12/site-packages/airflow/example_dags/example_setup_teardown.py took 0.063 seconds
[2026-07-01T09:12:41.157+0000] {processor.py:186} INFO - Started process (PID=448) to work on /home/airflow/.local/lib/python3.12/site-packages/airflow/example_dags/example_setup_teardown.py
[2026-07-01T09:12:41.158+0000] {processor.py:914} INFO - Processing file /home/airflow/.local/lib/python3.12/site-packages/airflow/example_dags/example_setup_teardown.py for tasks to queue
[2026-07-01T09:12:41.160+0000] {logging_mixin.py:190} INFO - [2026-07-01T09:12:41.160+0000] {dagbag.py:587} INFO - Filling up the DagBag from /home/airflow/.local/lib/python3.12/site-packages/airflow/example_dags/example_setup_teardown.py
[2026-07-01T09:12:41.167+0000] {processor.py:925} INFO - DAG(s) 'example_setup_teardown' retrieved from /home/airflow/.local/lib/python3.12/site-packages/airflow/example_dags/example_setup_teardown.py
[2026-07-01T09:12:41.184+0000] {logging_mixin.py:190} INFO - [2026-07-01T09:12:41.184+0000] {dag.py:3211} INFO - Sync 1 DAGs
[2026-07-01T09:12:41.200+0000] {logging_mixin.py:190} INFO - [2026-07-01T09:12:41.200+0000] {dag.py:4138} INFO - Setting next_dagrun for example_setup_teardown to 2026-06-30 00:00:00+00:00, run_after=2026-07-01 00:00:00+00:00
[2026-07-01T09:12:41.214+0000] {processor.py:208} INFO - Processing /home/airflow/.local/lib/python3.12/site-packages/airflow/example_dags/example_setup_teardown.py took 0.062 seconds
[2026-07-01T09:13:11.556+0000] {processor.py:186} INFO - Started process (PID=510) to work on /home/airflow/.local/lib/python3.12/site-packages/airflow/example_dags/example_setup_teardown.py
[2026-07-01T09:13:11.557+0000] {processor.py:914} INFO - Processing file /home/airflow/.local/lib/python3.12/site-packages/airflow/example_dags/example_setup_teardown.py for tasks to queue
[2026-07-01T09:13:11.560+0000] {logging_mixin.py:190} INFO - [2026-07-01T09:13:11.560+0000] {dagbag.py:587} INFO - Filling up the DagBag from /home/airflow/.local/lib/python3.12/site-packages/airflow/example_dags/example_setup_teardown.py
[2026-07-01T09:13:11.568+0000] {processor.py:925} INFO - DAG(s) 'example_setup_teardown' retrieved from /home/airflow/.local/lib/python3.12/site-packages/airflow/example_dags/example_setup_teardown.py
[2026-07-01T09:13:11.589+0000] {logging_mixin.py:190} INFO - [2026-07-01T09:13:11.589+0000] {dag.py:3211} INFO - Sync 1 DAGs
[2026-07-01T09:13:11.609+0000] {logging_mixin.py:190} INFO - [2026-07-01T09:13:11.609+0000] {dag.py:4138} INFO - Setting next_dagrun for example_setup_teardown to 2026-06-30 00:00:00+00:00, run_after=2026-07-01 00:00:00+00:00
[2026-07-01T09:13:11.628+0000] {processor.py:208} INFO - Processing /home/airflow/.local/lib/python3.12/site-packages/airflow/example_dags/example_setup_teardown.py took 0.078 seconds
[2026-07-01T09:13:42.633+0000] {processor.py:186} INFO - Started process (PID=572) to work on /home/airflow/.local/lib/python3.12/site-packages/airflow/example_dags/example_setup_teardown.py
[2026-07-01T09:13:42.636+0000] {processor.py:914} INFO - Processing file /home/airflow/.local/lib/python3.12/site-packages/airflow/example_dags/example_setup_teardown.py for tasks to queue
[2026-07-01T09:13:42.638+0000] {logging_mixin.py:190} INFO - [2026-07-01T09:13:42.637+0000] {dagbag.py:587} INFO - Filling up the DagBag from /home/airflow/.local/lib/python3.12/site-packages/airflow/example_dags/example_setup_teardown.py
[2026-07-01T09:13:42.648+0000] {processor.py:925} INFO - DAG(s) 'example_setup_teardown' retrieved from /home/airflow/.local/lib/python3.12/site-packages/airflow/example_dags/example_setup_teardown.py
[2026-07-01T09:13:42.662+0000] {logging_mixin.py:190} INFO - [2026-07-01T09:13:42.662+0000] {dag.py:3211} INFO - Sync 1 DAGs
[2026-07-01T09:13:42.677+0000] {logging_mixin.py:190} INFO - [2026-07-01T09:13:42.677+0000] {dag.py:4138} INFO - Setting next_dagrun for example_setup_teardown to 2026-06-30 00:00:00+00:00, run_after=2026-07-01 00:00:00+00:00
[2026-07-01T09:13:42.689+0000] {processor.py:208} INFO - Processing /home/airflow/.local/lib/python3.12/site-packages/airflow/example_dags/example_setup_teardown.py took 0.060 seconds
[2026-07-01T09:14:13.738+0000] {processor.py:186} INFO - Started process (PID=634) to work on /home/airflow/.local/lib/python3.12/site-packages/airflow/example_dags/example_setup_teardown.py
[2026-07-01T09:14:13.739+0000] {processor.py:914} INFO - Processing file /home/airflow/.local/lib/python3.12/site-packages/airflow/example_dags/example_setup_teardown.py for tasks to queue
[2026-07-01T09:14:13.741+0000] {logging_mixin.py:190} INFO - [2026-07-01T09:14:13.741+0000] {dagbag.py:587} INFO - Filling up the DagBag from /home/airflow/.local/lib/python3.12/site-packages/airflow/example_dags/example_setup_teardown.py
[2026-07-01T09:14:13.747+0000] {processor.py:925} INFO - DAG(s) 'example_setup_teardown' retrieved from /home/airflow/.local/lib/python3.12/site-packages/airflow/example_dags/example_setup_teardown.py
[2026-07-01T09:14:13.762+0000] {logging_mixin.py:190} INFO - [2026-07-01T09:14:13.762+0000] {dag.py:3211} INFO - Sync 1 DAGs
[2026-07-01T09:14:13.779+0000] {logging_mixin.py:190} INFO - [2026-07-01T09:14:13.778+0000] {dag.py:4138} INFO - Setting next_dagrun for example_setup_teardown to 2026-06-30 00:00:00+00:00, run_after=2026-07-01 00:00:00+00:00
[2026-07-01T09:14:13.791+0000] {processor.py:208} INFO - Processing /home/airflow/.local/lib/python3.12/site-packages/airflow/example_dags/example_setup_teardown.py took 0.057 seconds
[2026-07-01T09:14:43.862+0000] {processor.py:186} INFO - Started process (PID=696) to work on /home/airflow/.local/lib/python3.12/site-packages/airflow/example_dags/example_setup_teardown.py
[2026-07-01T09:14:43.864+0000] {processor.py:914} INFO - Processing file /home/airflow/.local/lib/python3.12/site-packages/airflow/example_dags/example_setup_teardown.py for tasks to queue
[2026-07-01T09:14:43.867+0000] {logging_mixin.py:190} INFO - [2026-07-01T09:14:43.866+0000] {dagbag.py:587} INFO - Filling up the DagBag from /home/airflow/.local/lib/python3.12/site-packages/airflow/example_dags/example_setup_teardown.py
[2026-07-01T09:14:43.874+0000] {processor.py:925} INFO - DAG(s) 'example_setup_teardown' retrieved from /home/airflow/.local/lib/python3.12/site-packages/airflow/example_dags/example_setup_teardown.py
[2026-07-01T09:14:43.891+0000] {logging_mixin.py:190} INFO - [2026-07-01T09:14:43.890+0000] {dag.py:3211} INFO - Sync 1 DAGs
[2026-07-01T09:14:43.908+0000] {logging_mixin.py:190} INFO - [2026-07-01T09:14:43.908+0000] {dag.py:4138} INFO - Setting next_dagrun for example_setup_teardown to 2026-06-30 00:00:00+00:00, run_after=2026-07-01 00:00:00+00:00
[2026-07-01T09:14:43.922+0000] {processor.py:208} INFO - Processing /home/airflow/.local/lib/python3.12/site-packages/airflow/example_dags/example_setup_teardown.py took 0.065 seconds
[2026-07-01T09:15:14.870+0000] {processor.py:186} INFO - Started process (PID=758) to work on /home/airflow/.local/lib/python3.12/site-packages/airflow/example_dags/example_setup_teardown.py
[2026-07-01T09:15:14.871+0000] {processor.py:914} INFO - Processing file /home/airflow/.local/lib/python3.12/site-packages/airflow/example_dags/example_setup_teardown.py for tasks to queue
[2026-07-01T09:15:14.873+0000] {logging_mixin.py:190} INFO - [2026-07-01T09:15:14.872+0000] {dagbag.py:587} INFO - Filling up the DagBag from /home/airflow/.local/lib/python3.12/site-packages/airflow/example_dags/example_setup_teardown.py
[2026-07-01T09:15:14.879+0000] {processor.py:925} INFO - DAG(s) 'example_setup_teardown' retrieved from /home/airflow/.local/lib/python3.12/site-packages/airflow/example_dags/example_setup_teardown.py
[2026-07-01T09:15:14.895+0000] {logging_mixin.py:190} INFO - [2026-07-01T09:15:14.895+0000] {dag.py:3211} INFO - Sync 1 DAGs
[2026-07-01T09:15:14.911+0000] {logging_mixin.py:190} INFO - [2026-07-01T09:15:14.911+0000] {dag.py:4138} INFO - Setting next_dagrun for example_setup_teardown to 2026-06-30 00:00:00+00:00, run_after=2026-07-01 00:00:00+00:00
[2026-07-01T09:15:14.923+0000] {processor.py:208} INFO - Processing /home/airflow/.local/lib/python3.12/site-packages/airflow/example_dags/example_setup_teardown.py took 0.058 seconds
[2026-07-01T09:15:45.771+0000] {processor.py:186} INFO - Started process (PID=820) to work on /home/airflow/.local/lib/python3.12/site-packages/airflow/example_dags/example_setup_teardown.py
[2026-07-01T09:15:45.772+0000] {processor.py:914} INFO - Processing file /home/airflow/.local/lib/python3.12/site-packages/airflow/example_dags/example_setup_teardown.py for tasks to queue
[2026-07-01T09:15:45.775+0000] {logging_mixin.py:190} INFO - [2026-07-01T09:15:45.775+0000] {dagbag.py:587} INFO - Filling up the DagBag from /home/airflow/.local/lib/python3.12/site-packages/airflow/example_dags/example_setup_teardown.py
[2026-07-01T09:15:45.781+0000] {processor.py:925} INFO - DAG(s) 'example_setup_teardown' retrieved from /home/airflow/.local/lib/python3.12/site-packages/airflow/example_dags/example_setup_teardown.py
[2026-07-01T09:15:45.795+0000] {logging_mixin.py:190} INFO - [2026-07-01T09:15:45.795+0000] {dag.py:3211} INFO - Sync 1 DAGs
[2026-07-01T09:15:45.812+0000] {logging_mixin.py:190} INFO - [2026-07-01T09:15:45.812+0000] {dag.py:4138} INFO - Setting next_dagrun for example_setup_teardown to 2026-06-30 00:00:00+00:00, run_after=2026-07-01 00:00:00+00:00
[2026-07-01T09:15:45.824+0000] {processor.py:208} INFO - Processing /home/airflow/.local/lib/python3.12/site-packages/airflow/example_dags/example_setup_teardown.py took 0.057 seconds
[2026-07-01T09:16:15.890+0000] {processor.py:186} INFO - Started process (PID=882) to work on /home/airflow/.local/lib/python3.12/site-packages/airflow/example_dags/example_setup_teardown.py
[2026-07-01T09:16:15.891+0000] {processor.py:914} INFO - Processing file /home/airflow/.local/lib/python3.12/site-packages/airflow/example_dags/example_setup_teardown.py for tasks to queue
[2026-07-01T09:16:15.894+0000] {logging_mixin.py:190} INFO - [2026-07-01T09:16:15.893+0000] {dagbag.py:587} INFO - Filling up the DagBag from /home/airflow/.local/lib/python3.12/site-packages/airflow/example_dags/example_setup_teardown.py
[2026-07-01T09:16:15.901+0000] {processor.py:925} INFO - DAG(s) 'example_setup_teardown' retrieved from /home/airflow/.local/lib/python3.12/site-packages/airflow/example_dags/example_setup_teardown.py
[2026-07-01T09:16:15.919+0000] {logging_mixin.py:190} INFO - [2026-07-01T09:16:15.919+0000] {dag.py:3211} INFO - Sync 1 DAGs
[2026-07-01T09:16:15.938+0000] {logging_mixin.py:190} INFO - [2026-07-01T09:16:15.937+0000] {dag.py:4138} INFO - Setting next_dagrun for example_setup_teardown to 2026-06-30 00:00:00+00:00, run_after=2026-07-01 00:00:00+00:00
[2026-07-01T09:16:15.952+0000] {processor.py:208} INFO - Processing /home/airflow/.local/lib/python3.12/site-packages/airflow/example_dags/example_setup_teardown.py took 0.066 seconds
[2026-07-01T09:16:46.000+0000] {processor.py:186} INFO - Started process (PID=943) to work on /home/airflow/.local/lib/python3.12/site-packages/airflow/example_dags/example_setup_teardown.py
[2026-07-01T09:16:46.001+0000] {processor.py:914} INFO - Processing file /home/airflow/.local/lib/python3.12/site-packages/airflow/example_dags/example_setup_teardown.py for tasks to queue
[2026-07-01T09:16:46.004+0000] {logging_mixin.py:190} INFO - [2026-07-01T09:16:46.003+0000] {dagbag.py:587} INFO - Filling up the DagBag from /home/airflow/.local/lib/python3.12/site-packages/airflow/example_dags/example_setup_teardown.py
[2026-07-01T09:16:46.012+0000] {processor.py:925} INFO - DAG(s) 'example_setup_teardown' retrieved from /home/airflow/.local/lib/python3.12/site-packages/airflow/example_dags/example_setup_teardown.py
[2026-07-01T09:16:46.030+0000] {logging_mixin.py:190} INFO - [2026-07-01T09:16:46.029+0000] {dag.py:3211} INFO - Sync 1 DAGs
[2026-07-01T09:16:46.049+0000] {logging_mixin.py:190} INFO - [2026-07-01T09:16:46.048+0000] {dag.py:4138} INFO - Setting next_dagrun for example_setup_teardown to 2026-06-30 00:00:00+00:00, run_after=2026-07-01 00:00:00+00:00
[2026-07-01T09:16:46.063+0000] {processor.py:208} INFO - Processing /home/airflow/.local/lib/python3.12/site-packages/airflow/example_dags/example_setup_teardown.py took 0.067 seconds
[2026-07-01T09:17:16.276+0000] {processor.py:186} INFO - Started process (PID=1005) to work on /home/airflow/.local/lib/python3.12/site-packages/airflow/example_dags/example_setup_teardown.py
[2026-07-01T09:17:16.278+0000] {processor.py:914} INFO - Processing file /home/airflow/.local/lib/python3.12/site-packages/airflow/example_dags/example_setup_teardown.py for tasks to queue
[2026-07-01T09:17:16.280+0000] {logging_mixin.py:190} INFO - [2026-07-01T09:17:16.280+0000] {dagbag.py:587} INFO - Filling up the DagBag from /home/airflow/.local/lib/python3.12/site-packages/airflow/example_dags/example_setup_teardown.py
[2026-07-01T09:17:16.289+0000] {processor.py:925} INFO - DAG(s) 'example_setup_teardown' retrieved from /home/airflow/.local/lib/python3.12/site-packages/airflow/example_dags/example_setup_teardown.py
[2026-07-01T09:17:16.308+0000] {logging_mixin.py:190} INFO - [2026-07-01T09:17:16.308+0000] {dag.py:3211} INFO - Sync 1 DAGs
[2026-07-01T09:17:16.326+0000] {logging_mixin.py:190} INFO - [2026-07-01T09:17:16.326+0000] {dag.py:4138} INFO - Setting next_dagrun for example_setup_teardown to 2026-06-30 00:00:00+00:00, run_after=2026-07-01 00:00:00+00:00
[2026-07-01T09:17:16.339+0000] {processor.py:208} INFO - Processing /home/airflow/.local/lib/python3.12/site-packages/airflow/example_dags/example_setup_teardown.py took 0.070 seconds
[2026-07-01T09:17:46.716+0000] {processor.py:186} INFO - Started process (PID=1067) to work on /home/airflow/.local/lib/python3.12/site-packages/airflow/example_dags/example_setup_teardown.py
[2026-07-01T09:17:46.717+0000] {processor.py:914} INFO - Processing file /home/airflow/.local/lib/python3.12/site-packages/airflow/example_dags/example_setup_teardown.py for tasks to queue
[2026-07-01T09:17:46.719+0000] {logging_mixin.py:190} INFO - [2026-07-01T09:17:46.719+0000] {dagbag.py:587} INFO - Filling up the DagBag from /home/airflow/.local/lib/python3.12/site-packages/airflow/example_dags/example_setup_teardown.py
[2026-07-01T09:17:46.727+0000] {processor.py:925} INFO - DAG(s) 'example_setup_teardown' retrieved from /home/airflow/.local/lib/python3.12/site-packages/airflow/example_dags/example_setup_teardown.py
[2026-07-01T09:17:46.745+0000] {logging_mixin.py:190} INFO - [2026-07-01T09:17:46.744+0000] {dag.py:3211} INFO - Sync 1 DAGs
[2026-07-01T09:17:46.761+0000] {logging_mixin.py:190} INFO - [2026-07-01T09:17:46.761+0000] {dag.py:4138} INFO - Setting next_dagrun for example_setup_teardown to 2026-06-30 00:00:00+00:00, run_after=2026-07-01 00:00:00+00:00
[2026-07-01T09:17:46.776+0000] {processor.py:208} INFO - Processing /home/airflow/.local/lib/python3.12/site-packages/airflow/example_dags/example_setup_teardown.py took 0.065 seconds
[2026-07-01T09:18:16.819+0000] {processor.py:186} INFO - Started process (PID=1129) to work on /home/airflow/.local/lib/python3.12/site-packages/airflow/example_dags/example_setup_teardown.py
[2026-07-01T09:18:16.819+0000] {processor.py:914} INFO - Processing file /home/airflow/.local/lib/python3.12/site-packages/airflow/example_dags/example_setup_teardown.py for tasks to queue
[2026-07-01T09:18:16.822+0000] {logging_mixin.py:190} INFO - [2026-07-01T09:18:16.821+0000] {dagbag.py:587} INFO - Filling up the DagBag from /home/airflow/.local/lib/python3.12/site-packages/airflow/example_dags/example_setup_teardown.py
[2026-07-01T09:18:16.828+0000] {processor.py:925} INFO - DAG(s) 'example_setup_teardown' retrieved from /home/airflow/.local/lib/python3.12/site-packages/airflow/example_dags/example_setup_teardown.py
[2026-07-01T09:18:16.844+0000] {logging_mixin.py:190} INFO - [2026-07-01T09:18:16.844+0000] {dag.py:3211} INFO - Sync 1 DAGs
[2026-07-01T09:18:16.858+0000] {logging_mixin.py:190} INFO - [2026-07-01T09:18:16.858+0000] {dag.py:4138} INFO - Setting next_dagrun for example_setup_teardown to 2026-06-30 00:00:00+00:00, run_after=2026-07-01 00:00:00+00:00
[2026-07-01T09:18:16.870+0000] {processor.py:208} INFO - Processing /home/airflow/.local/lib/python3.12/site-packages/airflow/example_dags/example_setup_teardown.py took 0.056 seconds
[2026-07-01T09:18:47.396+0000] {processor.py:186} INFO - Started process (PID=1191) to work on /home/airflow/.local/lib/python3.12/site-packages/airflow/example_dags/example_setup_teardown.py
[2026-07-01T09:18:47.397+0000] {processor.py:914} INFO - Processing file /home/airflow/.local/lib/python3.12/site-packages/airflow/example_dags/example_setup_teardown.py for tasks to queue
[2026-07-01T09:18:47.400+0000] {logging_mixin.py:190} INFO - [2026-07-01T09:18:47.400+0000] {dagbag.py:587} INFO - Filling up the DagBag from /home/airflow/.local/lib/python3.12/site-packages/airflow/example_dags/example_setup_teardown.py
[2026-07-01T09:18:47.408+0000] {processor.py:925} INFO - DAG(s) 'example_setup_teardown' retrieved from /home/airflow/.local/lib/python3.12/site-packages/airflow/example_dags/example_setup_teardown.py
[2026-07-01T09:18:47.429+0000] {logging_mixin.py:190} INFO - [2026-07-01T09:18:47.429+0000] {dag.py:3211} INFO - Sync 1 DAGs
[2026-07-01T09:18:47.449+0000] {logging_mixin.py:190} INFO - [2026-07-01T09:18:47.449+0000] {dag.py:4138} INFO - Setting next_dagrun for example_setup_teardown to 2026-06-30 00:00:00+00:00, run_after=2026-07-01 00:00:00+00:00
[2026-07-01T09:18:47.467+0000] {processor.py:208} INFO - Processing /home/airflow/.local/lib/python3.12/site-packages/airflow/example_dags/example_setup_teardown.py took 0.077 seconds
[2026-07-01T09:19:18.309+0000] {processor.py:186} INFO - Started process (PID=1254) to work on /home/airflow/.local/lib/python3.12/site-packages/airflow/example_dags/example_setup_teardown.py
[2026-07-01T09:19:18.310+0000] {processor.py:914} INFO - Processing file /home/airflow/.local/lib/python3.12/site-packages/airflow/example_dags/example_setup_teardown.py for tasks to queue
[2026-07-01T09:19:18.312+0000] {logging_mixin.py:190} INFO - [2026-07-01T09:19:18.311+0000] {dagbag.py:587} INFO - Filling up the DagBag from /home/airflow/.local/lib/python3.12/site-packages/airflow/example_dags/example_setup_teardown.py
[2026-07-01T09:19:18.320+0000] {processor.py:925} INFO - DAG(s) 'example_setup_teardown' retrieved from /home/airflow/.local/lib/python3.12/site-packages/airflow/example_dags/example_setup_teardown.py
[2026-07-01T09:19:18.337+0000] {logging_mixin.py:190} INFO - [2026-07-01T09:19:18.337+0000] {dag.py:3211} INFO - Sync 1 DAGs
[2026-07-01T09:19:18.358+0000] {logging_mixin.py:190} INFO - [2026-07-01T09:19:18.357+0000] {dag.py:4138} INFO - Setting next_dagrun for example_setup_teardown to 2026-06-30 00:00:00+00:00, run_after=2026-07-01 00:00:00+00:00
[2026-07-01T09:19:18.371+0000] {processor.py:208} INFO - Processing /home/airflow/.local/lib/python3.12/site-packages/airflow/example_dags/example_setup_teardown.py took 0.066 seconds
[2026-07-01T09:19:49.053+0000] {processor.py:186} INFO - Started process (PID=1316) to work on /home/airflow/.local/lib/python3.12/site-packages/airflow/example_dags/example_setup_teardown.py
[2026-07-01T09:19:49.054+0000] {processor.py:914} INFO - Processing file /home/airflow/.local/lib/python3.12/site-packages/airflow/example_dags/example_setup_teardown.py for tasks to queue
[2026-07-01T09:19:49.056+0000] {logging_mixin.py:190} INFO - [2026-07-01T09:19:49.056+0000] {dagbag.py:587} INFO - Filling up the DagBag from /home/airflow/.local/lib/python3.12/site-packages/airflow/example_dags/example_setup_teardown.py
[2026-07-01T09:19:49.063+0000] {processor.py:925} INFO - DAG(s) 'example_setup_teardown' retrieved from /home/airflow/.local/lib/python3.12/site-packages/airflow/example_dags/example_setup_teardown.py
[2026-07-01T09:19:49.078+0000] {logging_mixin.py:190} INFO - [2026-07-01T09:19:49.078+0000] {dag.py:3211} INFO - Sync 1 DAGs
[2026-07-01T09:19:49.096+0000] {logging_mixin.py:190} INFO - [2026-07-01T09:19:49.095+0000] {dag.py:4138} INFO - Setting next_dagrun for example_setup_teardown to 2026-06-30 00:00:00+00:00, run_after=2026-07-01 00:00:00+00:00
[2026-07-01T09:19:49.108+0000] {processor.py:208} INFO - Processing /home/airflow/.local/lib/python3.12/site-packages/airflow/example_dags/example_setup_teardown.py took 0.060 seconds
[2026-07-01T09:20:19.742+0000] {processor.py:186} INFO - Started process (PID=1378) to work on /home/airflow/.local/lib/python3.12/site-packages/airflow/example_dags/example_setup_teardown.py
[2026-07-01T09:20:19.743+0000] {processor.py:914} INFO - Processing file /home/airflow/.local/lib/python3.12/site-packages/airflow/example_dags/example_setup_teardown.py for tasks to queue
[2026-07-01T09:20:19.745+0000] {logging_mixin.py:190} INFO - [2026-07-01T09:20:19.745+0000] {dagbag.py:587} INFO - Filling up the DagBag from /home/airflow/.local/lib/python3.12/site-packages/airflow/example_dags/example_setup_teardown.py
[2026-07-01T09:20:19.751+0000] {processor.py:925} INFO - DAG(s) 'example_setup_teardown' retrieved from /home/airflow/.local/lib/python3.12/site-packages/airflow/example_dags/example_setup_teardown.py
[2026-07-01T09:20:19.766+0000] {logging_mixin.py:190} INFO - [2026-07-01T09:20:19.766+0000] {dag.py:3211} INFO - Sync 1 DAGs
[2026-07-01T09:20:19.784+0000] {logging_mixin.py:190} INFO - [2026-07-01T09:20:19.784+0000] {dag.py:4138} INFO - Setting next_dagrun for example_setup_teardown to 2026-06-30 00:00:00+00:00, run_after=2026-07-01 00:00:00+00:00
[2026-07-01T09:20:19.796+0000] {processor.py:208} INFO - Processing /home/airflow/.local/lib/python3.12/site-packages/airflow/example_dags/example_setup_teardown.py took 0.059 seconds
[2026-07-01T09:20:50.551+0000] {processor.py:186} INFO - Started process (PID=1440) to work on /home/airflow/.local/lib/python3.12/site-packages/airflow/example_dags/example_setup_teardown.py
[2026-07-01T09:20:50.552+0000] {processor.py:914} INFO - Processing file /home/airflow/.local/lib/python3.12/site-packages/airflow/example_dags/example_setup_teardown.py for tasks to queue
[2026-07-01T09:20:50.553+0000] {logging_mixin.py:190} INFO - [2026-07-01T09:20:50.553+0000] {dagbag.py:587} INFO - Filling up the DagBag from /home/airflow/.local/lib/python3.12/site-packages/airflow/example_dags/example_setup_teardown.py
[2026-07-01T09:20:50.560+0000] {processor.py:925} INFO - DAG(s) 'example_setup_teardown' retrieved from /home/airflow/.local/lib/python3.12/site-packages/airflow/example_dags/example_setup_teardown.py
[2026-07-01T09:20:50.575+0000] {logging_mixin.py:190} INFO - [2026-07-01T09:20:50.574+0000] {dag.py:3211} INFO - Sync 1 DAGs
[2026-07-01T09:20:50.590+0000] {logging_mixin.py:190} INFO - [2026-07-01T09:20:50.590+0000] {dag.py:4138} INFO - Setting next_dagrun for example_setup_teardown to 2026-06-30 00:00:00+00:00, run_after=2026-07-01 00:00:00+00:00
[2026-07-01T09:20:50.603+0000] {processor.py:208} INFO - Processing /home/airflow/.local/lib/python3.12/site-packages/airflow/example_dags/example_setup_teardown.py took 0.056 seconds
[2026-07-01T09:21:20.648+0000] {processor.py:186} INFO - Started process (PID=1502) to work on /home/airflow/.local/lib/python3.12/site-packages/airflow/example_dags/example_setup_teardown.py
[2026-07-01T09:21:20.649+0000] {processor.py:914} INFO - Processing file /home/airflow/.local/lib/python3.12/site-packages/airflow/example_dags/example_setup_teardown.py for tasks to queue
[2026-07-01T09:21:20.651+0000] {logging_mixin.py:190} INFO - [2026-07-01T09:21:20.651+0000] {dagbag.py:587} INFO - Filling up the DagBag from /home/airflow/.local/lib/python3.12/site-packages/airflow/example_dags/example_setup_teardown.py
[2026-07-01T09:21:20.657+0000] {processor.py:925} INFO - DAG(s) 'example_setup_teardown' retrieved from /home/airflow/.local/lib/python3.12/site-packages/airflow/example_dags/example_setup_teardown.py
[2026-07-01T09:21:20.672+0000] {logging_mixin.py:190} INFO - [2026-07-01T09:21:20.672+0000] {dag.py:3211} INFO - Sync 1 DAGs
[2026-07-01T09:21:20.689+0000] {logging_mixin.py:190} INFO - [2026-07-01T09:21:20.688+0000] {dag.py:4138} INFO - Setting next_dagrun for example_setup_teardown to 2026-06-30 00:00:00+00:00, run_after=2026-07-01 00:00:00+00:00
[2026-07-01T09:21:20.702+0000] {processor.py:208} INFO - Processing /home/airflow/.local/lib/python3.12/site-packages/airflow/example_dags/example_setup_teardown.py took 0.058 seconds
[2026-07-01T09:21:50.804+0000] {processor.py:186} INFO - Started process (PID=1563) to work on /home/airflow/.local/lib/python3.12/site-packages/airflow/example_dags/example_setup_teardown.py
[2026-07-01T09:21:50.805+0000] {processor.py:914} INFO - Processing file /home/airflow/.local/lib/python3.12/site-packages/airflow/example_dags/example_setup_teardown.py for tasks to queue
[2026-07-01T09:21:50.807+0000] {logging_mixin.py:190} INFO - [2026-07-01T09:21:50.807+0000] {dagbag.py:587} INFO - Filling up the DagBag from /home/airflow/.local/lib/python3.12/site-packages/airflow/example_dags/example_setup_teardown.py
[2026-07-01T09:21:50.814+0000] {processor.py:925} INFO - DAG(s) 'example_setup_teardown' retrieved from /home/airflow/.local/lib/python3.12/site-packages/airflow/example_dags/example_setup_teardown.py
[2026-07-01T09:21:50.831+0000] {logging_mixin.py:190} INFO - [2026-07-01T09:21:50.831+0000] {dag.py:3211} INFO - Sync 1 DAGs
[2026-07-01T09:21:50.851+0000] {logging_mixin.py:190} INFO - [2026-07-01T09:21:50.850+0000] {dag.py:4138} INFO - Setting next_dagrun for example_setup_teardown to 2026-06-30 00:00:00+00:00, run_after=2026-07-01 00:00:00+00:00
[2026-07-01T09:21:50.866+0000] {processor.py:208} INFO - Processing /home/airflow/.local/lib/python3.12/site-packages/airflow/example_dags/example_setup_teardown.py took 0.067 seconds
[2026-07-01T09:22:21.156+0000] {processor.py:186} INFO - Started process (PID=1625) to work on /home/airflow/.local/lib/python3.12/site-packages/airflow/example_dags/example_setup_teardown.py
[2026-07-01T09:22:21.157+0000] {processor.py:914} INFO - Processing file /home/airflow/.local/lib/python3.12/site-packages/airflow/example_dags/example_setup_teardown.py for tasks to queue
[2026-07-01T09:22:21.159+0000] {logging_mixin.py:190} INFO - [2026-07-01T09:22:21.158+0000] {dagbag.py:587} INFO - Filling up the DagBag from /home/airflow/.local/lib/python3.12/site-packages/airflow/example_dags/example_setup_teardown.py
[2026-07-01T09:22:21.168+0000] {processor.py:925} INFO - DAG(s) 'example_setup_teardown' retrieved from /home/airflow/.local/lib/python3.12/site-packages/airflow/example_dags/example_setup_teardown.py
[2026-07-01T09:22:21.189+0000] {logging_mixin.py:190} INFO - [2026-07-01T09:22:21.188+0000] {dag.py:3211} INFO - Sync 1 DAGs
[2026-07-01T09:22:21.208+0000] {logging_mixin.py:190} INFO - [2026-07-01T09:22:21.208+0000] {dag.py:4138} INFO - Setting next_dagrun for example_setup_teardown to 2026-06-30 00:00:00+00:00, run_after=2026-07-01 00:00:00+00:00
[2026-07-01T09:22:21.223+0000] {processor.py:208} INFO - Processing /home/airflow/.local/lib/python3.12/site-packages/airflow/example_dags/example_setup_teardown.py took 0.073 seconds
[2026-07-01T09:22:51.285+0000] {processor.py:186} INFO - Started process (PID=1687) to work on /home/airflow/.local/lib/python3.12/site-packages/airflow/example_dags/example_setup_teardown.py
[2026-07-01T09:22:51.287+0000] {processor.py:914} INFO - Processing file /home/airflow/.local/lib/python3.12/site-packages/airflow/example_dags/example_setup_teardown.py for tasks to queue
[2026-07-01T09:22:51.289+0000] {logging_mixin.py:190} INFO - [2026-07-01T09:22:51.289+0000] {dagbag.py:587} INFO - Filling up the DagBag from /home/airflow/.local/lib/python3.12/site-packages/airflow/example_dags/example_setup_teardown.py
[2026-07-01T09:22:51.297+0000] {processor.py:925} INFO - DAG(s) 'example_setup_teardown' retrieved from /home/airflow/.local/lib/python3.12/site-packages/airflow/example_dags/example_setup_teardown.py
[2026-07-01T09:22:51.314+0000] {logging_mixin.py:190} INFO - [2026-07-01T09:22:51.314+0000] {dag.py:3211} INFO - Sync 1 DAGs
[2026-07-01T09:22:51.331+0000] {logging_mixin.py:190} INFO - [2026-07-01T09:22:51.331+0000] {dag.py:4138} INFO - Setting next_dagrun for example_setup_teardown to 2026-06-30 00:00:00+00:00, run_after=2026-07-01 00:00:00+00:00
[2026-07-01T09:22:51.342+0000] {processor.py:208} INFO - Processing /home/airflow/.local/lib/python3.12/site-packages/airflow/example_dags/example_setup_teardown.py took 0.063 seconds
[2026-07-01T09:23:21.393+0000] {processor.py:186} INFO - Started process (PID=1749) to work on /home/airflow/.local/lib/python3.12/site-packages/airflow/example_dags/example_setup_teardown.py
[2026-07-01T09:23:21.394+0000] {processor.py:914} INFO - Processing file /home/airflow/.local/lib/python3.12/site-packages/airflow/example_dags/example_setup_teardown.py for tasks to queue
[2026-07-01T09:23:21.396+0000] {logging_mixin.py:190} INFO - [2026-07-01T09:23:21.396+0000] {dagbag.py:587} INFO - Filling up the DagBag from /home/airflow/.local/lib/python3.12/site-packages/airflow/example_dags/example_setup_teardown.py
[2026-07-01T09:23:21.403+0000] {processor.py:925} INFO - DAG(s) 'example_setup_teardown' retrieved from /home/airflow/.local/lib/python3.12/site-packages/airflow/example_dags/example_setup_teardown.py
[2026-07-01T09:23:21.418+0000] {logging_mixin.py:190} INFO - [2026-07-01T09:23:21.417+0000] {dag.py:3211} INFO - Sync 1 DAGs
[2026-07-01T09:23:21.432+0000] {logging_mixin.py:190} INFO - [2026-07-01T09:23:21.432+0000] {dag.py:4138} INFO - Setting next_dagrun for example_setup_teardown to 2026-06-30 00:00:00+00:00, run_after=2026-07-01 00:00:00+00:00
[2026-07-01T09:23:21.445+0000] {processor.py:208} INFO - Processing /home/airflow/.local/lib/python3.12/site-packages/airflow/example_dags/example_setup_teardown.py took 0.056 seconds
[2026-07-01T09:23:51.888+0000] {processor.py:186} INFO - Started process (PID=1811) to work on /home/airflow/.local/lib/python3.12/site-packages/airflow/example_dags/example_setup_teardown.py
[2026-07-01T09:23:51.889+0000] {processor.py:914} INFO - Processing file /home/airflow/.local/lib/python3.12/site-packages/airflow/example_dags/example_setup_teardown.py for tasks to queue
[2026-07-01T09:23:51.891+0000] {logging_mixin.py:190} INFO - [2026-07-01T09:23:51.890+0000] {dagbag.py:587} INFO - Filling up the DagBag from /home/airflow/.local/lib/python3.12/site-packages/airflow/example_dags/example_setup_teardown.py
[2026-07-01T09:23:51.896+0000] {processor.py:925} INFO - DAG(s) 'example_setup_teardown' retrieved from /home/airflow/.local/lib/python3.12/site-packages/airflow/example_dags/example_setup_teardown.py
[2026-07-01T09:23:51.910+0000] {logging_mixin.py:190} INFO - [2026-07-01T09:23:51.909+0000] {dag.py:3211} INFO - Sync 1 DAGs
[2026-07-01T09:23:51.923+0000] {logging_mixin.py:190} INFO - [2026-07-01T09:23:51.923+0000] {dag.py:4138} INFO - Setting next_dagrun for example_setup_teardown to 2026-06-30 00:00:00+00:00, run_after=2026-07-01 00:00:00+00:00
[2026-07-01T09:23:51.935+0000] {processor.py:208} INFO - Processing /home/airflow/.local/lib/python3.12/site-packages/airflow/example_dags/example_setup_teardown.py took 0.051 seconds
[2026-07-01T09:24:22.142+0000] {processor.py:186} INFO - Started process (PID=1873) to work on /home/airflow/.local/lib/python3.12/site-packages/airflow/example_dags/example_setup_teardown.py
[2026-07-01T09:24:22.142+0000] {processor.py:914} INFO - Processing file /home/airflow/.local/lib/python3.12/site-packages/airflow/example_dags/example_setup_teardown.py for tasks to queue
[2026-07-01T09:24:22.144+0000] {logging_mixin.py:190} INFO - [2026-07-01T09:24:22.144+0000] {dagbag.py:587} INFO - Filling up the DagBag from /home/airflow/.local/lib/python3.12/site-packages/airflow/example_dags/example_setup_teardown.py
[2026-07-01T09:24:22.150+0000] {processor.py:925} INFO - DAG(s) 'example_setup_teardown' retrieved from /home/airflow/.local/lib/python3.12/site-packages/airflow/example_dags/example_setup_teardown.py
[2026-07-01T09:24:22.164+0000] {logging_mixin.py:190} INFO - [2026-07-01T09:24:22.164+0000] {dag.py:3211} INFO - Sync 1 DAGs
[2026-07-01T09:24:22.177+0000] {logging_mixin.py:190} INFO - [2026-07-01T09:24:22.177+0000] {dag.py:4138} INFO - Setting next_dagrun for example_setup_teardown to 2026-06-30 00:00:00+00:00, run_after=2026-07-01 00:00:00+00:00
[2026-07-01T09:24:22.189+0000] {processor.py:208} INFO - Processing /home/airflow/.local/lib/python3.12/site-packages/airflow/example_dags/example_setup_teardown.py took 0.051 seconds
[2026-07-01T09:24:52.313+0000] {processor.py:186} INFO - Started process (PID=1935) to work on /home/airflow/.local/lib/python3.12/site-packages/airflow/example_dags/example_setup_teardown.py
[2026-07-01T09:24:52.314+0000] {processor.py:914} INFO - Processing file /home/airflow/.local/lib/python3.12/site-packages/airflow/example_dags/example_setup_teardown.py for tasks to queue
[2026-07-01T09:24:52.316+0000] {logging_mixin.py:190} INFO - [2026-07-01T09:24:52.316+0000] {dagbag.py:587} INFO - Filling up the DagBag from /home/airflow/.local/lib/python3.12/site-packages/airflow/example_dags/example_setup_teardown.py
[2026-07-01T09:24:52.322+0000] {processor.py:925} INFO - DAG(s) 'example_setup_teardown' retrieved from /home/airflow/.local/lib/python3.12/site-packages/airflow/example_dags/example_setup_teardown.py
[2026-07-01T09:24:52.337+0000] {logging_mixin.py:190} INFO - [2026-07-01T09:24:52.337+0000] {dag.py:3211} INFO - Sync 1 DAGs
[2026-07-01T09:24:52.354+0000] {logging_mixin.py:190} INFO - [2026-07-01T09:24:52.354+0000] {dag.py:4138} INFO - Setting next_dagrun for example_setup_teardown to 2026-06-30 00:00:00+00:00, run_after=2026-07-01 00:00:00+00:00
[2026-07-01T09:24:52.370+0000] {processor.py:208} INFO - Processing /home/airflow/.local/lib/python3.12/site-packages/airflow/example_dags/example_setup_teardown.py took 0.061 seconds
[2026-07-01T09:25:22.477+0000] {processor.py:186} INFO - Started process (PID=1997) to work on /home/airflow/.local/lib/python3.12/site-packages/airflow/example_dags/example_setup_teardown.py
[2026-07-01T09:25:22.478+0000] {processor.py:914} INFO - Processing file /home/airflow/.local/lib/python3.12/site-packages/airflow/example_dags/example_setup_teardown.py for tasks to queue
[2026-07-01T09:25:22.480+0000] {logging_mixin.py:190} INFO - [2026-07-01T09:25:22.479+0000] {dagbag.py:587} INFO - Filling up the DagBag from /home/airflow/.local/lib/python3.12/site-packages/airflow/example_dags/example_setup_teardown.py
[2026-07-01T09:25:22.486+0000] {processor.py:925} INFO - DAG(s) 'example_setup_teardown' retrieved from /home/airflow/.local/lib/python3.12/site-packages/airflow/example_dags/example_setup_teardown.py
[2026-07-01T09:25:22.499+0000] {logging_mixin.py:190} INFO - [2026-07-01T09:25:22.499+0000] {dag.py:3211} INFO - Sync 1 DAGs
[2026-07-01T09:25:22.513+0000] {logging_mixin.py:190} INFO - [2026-07-01T09:25:22.513+0000] {dag.py:4138} INFO - Setting next_dagrun for example_setup_teardown to 2026-06-30 00:00:00+00:00, run_after=2026-07-01 00:00:00+00:00
[2026-07-01T09:25:22.525+0000] {processor.py:208} INFO - Processing /home/airflow/.local/lib/python3.12/site-packages/airflow/example_dags/example_setup_teardown.py took 0.053 seconds
[2026-07-01T09:30:07.091+0000] {processor.py:186} INFO - Started process (PID=2054) to work on /home/airflow/.local/lib/python3.12/site-packages/airflow/example_dags/example_setup_teardown.py
[2026-07-01T09:30:07.092+0000] {processor.py:914} INFO - Processing file /home/airflow/.local/lib/python3.12/site-packages/airflow/example_dags/example_setup_teardown.py for tasks to queue
[2026-07-01T09:30:07.095+0000] {logging_mixin.py:190} INFO - [2026-07-01T09:30:07.094+0000] {dagbag.py:587} INFO - Filling up the DagBag from /home/airflow/.local/lib/python3.12/site-packages/airflow/example_dags/example_setup_teardown.py
[2026-07-01T09:30:07.103+0000] {processor.py:925} INFO - DAG(s) 'example_setup_teardown' retrieved from /home/airflow/.local/lib/python3.12/site-packages/airflow/example_dags/example_setup_teardown.py
[2026-07-01T09:30:07.121+0000] {logging_mixin.py:190} INFO - [2026-07-01T09:30:07.121+0000] {dag.py:3211} INFO - Sync 1 DAGs
[2026-07-01T09:30:07.136+0000] {logging_mixin.py:190} INFO - [2026-07-01T09:30:07.136+0000] {dag.py:4138} INFO - Setting next_dagrun for example_setup_teardown to 2026-06-30 00:00:00+00:00, run_after=2026-07-01 00:00:00+00:00
[2026-07-01T09:30:07.148+0000] {processor.py:208} INFO - Processing /home/airflow/.local/lib/python3.12/site-packages/airflow/example_dags/example_setup_teardown.py took 0.062 seconds
[2026-07-01T09:30:37.981+0000] {processor.py:186} INFO - Started process (PID=2116) to work on /home/airflow/.local/lib/python3.12/site-packages/airflow/example_dags/example_setup_teardown.py
[2026-07-01T09:30:37.984+0000] {processor.py:914} INFO - Processing file /home/airflow/.local/lib/python3.12/site-packages/airflow/example_dags/example_setup_teardown.py for tasks to queue
[2026-07-01T09:30:37.988+0000] {logging_mixin.py:190} INFO - [2026-07-01T09:30:37.988+0000] {dagbag.py:587} INFO - Filling up the DagBag from /home/airflow/.local/lib/python3.12/site-packages/airflow/example_dags/example_setup_teardown.py
[2026-07-01T09:30:37.996+0000] {processor.py:925} INFO - DAG(s) 'example_setup_teardown' retrieved from /home/airflow/.local/lib/python3.12/site-packages/airflow/example_dags/example_setup_teardown.py
[2026-07-01T09:30:38.010+0000] {logging_mixin.py:190} INFO - [2026-07-01T09:30:38.009+0000] {dag.py:3211} INFO - Sync 1 DAGs
[2026-07-01T09:30:38.025+0000] {logging_mixin.py:190} INFO - [2026-07-01T09:30:38.024+0000] {dag.py:4138} INFO - Setting next_dagrun for example_setup_teardown to 2026-06-30 00:00:00+00:00, run_after=2026-07-01 00:00:00+00:00
[2026-07-01T09:30:38.037+0000] {processor.py:208} INFO - Processing /home/airflow/.local/lib/python3.12/site-packages/airflow/example_dags/example_setup_teardown.py took 0.060 seconds
[2026-07-01T09:31:08.368+0000] {processor.py:186} INFO - Started process (PID=2178) to work on /home/airflow/.local/lib/python3.12/site-packages/airflow/example_dags/example_setup_teardown.py
[2026-07-01T09:31:08.369+0000] {processor.py:914} INFO - Processing file /home/airflow/.local/lib/python3.12/site-packages/airflow/example_dags/example_setup_teardown.py for tasks to queue
[2026-07-01T09:31:08.371+0000] {logging_mixin.py:190} INFO - [2026-07-01T09:31:08.371+0000] {dagbag.py:587} INFO - Filling up the DagBag from /home/airflow/.local/lib/python3.12/site-packages/airflow/example_dags/example_setup_teardown.py
[2026-07-01T09:31:08.378+0000] {processor.py:925} INFO - DAG(s) 'example_setup_teardown' retrieved from /home/airflow/.local/lib/python3.12/site-packages/airflow/example_dags/example_setup_teardown.py
[2026-07-01T09:31:08.394+0000] {logging_mixin.py:190} INFO - [2026-07-01T09:31:08.393+0000] {dag.py:3211} INFO - Sync 1 DAGs
[2026-07-01T09:31:08.410+0000] {logging_mixin.py:190} INFO - [2026-07-01T09:31:08.410+0000] {dag.py:4138} INFO - Setting next_dagrun for example_setup_teardown to 2026-06-30 00:00:00+00:00, run_after=2026-07-01 00:00:00+00:00
[2026-07-01T09:31:08.423+0000] {processor.py:208} INFO - Processing /home/airflow/.local/lib/python3.12/site-packages/airflow/example_dags/example_setup_teardown.py took 0.060 seconds
[2026-07-01T09:31:38.698+0000] {processor.py:186} INFO - Started process (PID=2240) to work on /home/airflow/.local/lib/python3.12/site-packages/airflow/example_dags/example_setup_teardown.py
[2026-07-01T09:31:38.699+0000] {processor.py:914} INFO - Processing file /home/airflow/.local/lib/python3.12/site-packages/airflow/example_dags/example_setup_teardown.py for tasks to queue
[2026-07-01T09:31:38.701+0000] {logging_mixin.py:190} INFO - [2026-07-01T09:31:38.701+0000] {dagbag.py:587} INFO - Filling up the DagBag from /home/airflow/.local/lib/python3.12/site-packages/airflow/example_dags/example_setup_teardown.py
[2026-07-01T09:31:38.707+0000] {processor.py:925} INFO - DAG(s) 'example_setup_teardown' retrieved from /home/airflow/.local/lib/python3.12/site-packages/airflow/example_dags/example_setup_teardown.py
[2026-07-01T09:31:38.724+0000] {logging_mixin.py:190} INFO - [2026-07-01T09:31:38.723+0000] {dag.py:3211} INFO - Sync 1 DAGs
[2026-07-01T09:31:38.740+0000] {logging_mixin.py:190} INFO - [2026-07-01T09:31:38.740+0000] {dag.py:4138} INFO - Setting next_dagrun for example_setup_teardown to 2026-06-30 00:00:00+00:00, run_after=2026-07-01 00:00:00+00:00
[2026-07-01T09:31:38.752+0000] {processor.py:208} INFO - Processing /home/airflow/.local/lib/python3.12/site-packages/airflow/example_dags/example_setup_teardown.py took 0.058 seconds
[2026-07-01T09:32:09.045+0000] {processor.py:186} INFO - Started process (PID=2301) to work on /home/airflow/.local/lib/python3.12/site-packages/airflow/example_dags/example_setup_teardown.py
[2026-07-01T09:32:09.045+0000] {processor.py:914} INFO - Processing file /home/airflow/.local/lib/python3.12/site-packages/airflow/example_dags/example_setup_teardown.py for tasks to queue
[2026-07-01T09:32:09.049+0000] {logging_mixin.py:190} INFO - [2026-07-01T09:32:09.048+0000] {dagbag.py:587} INFO - Filling up the DagBag from /home/airflow/.local/lib/python3.12/site-packages/airflow/example_dags/example_setup_teardown.py
[2026-07-01T09:32:09.055+0000] {processor.py:925} INFO - DAG(s) 'example_setup_teardown' retrieved from /home/airflow/.local/lib/python3.12/site-packages/airflow/example_dags/example_setup_teardown.py
[2026-07-01T09:32:09.068+0000] {logging_mixin.py:190} INFO - [2026-07-01T09:32:09.068+0000] {dag.py:3211} INFO - Sync 1 DAGs
[2026-07-01T09:32:09.084+0000] {logging_mixin.py:190} INFO - [2026-07-01T09:32:09.084+0000] {dag.py:4138} INFO - Setting next_dagrun for example_setup_teardown to 2026-06-30 00:00:00+00:00, run_after=2026-07-01 00:00:00+00:00
[2026-07-01T09:32:09.096+0000] {processor.py:208} INFO - Processing /home/airflow/.local/lib/python3.12/site-packages/airflow/example_dags/example_setup_teardown.py took 0.056 seconds
[2026-07-01T09:32:39.270+0000] {processor.py:186} INFO - Started process (PID=2363) to work on /home/airflow/.local/lib/python3.12/site-packages/airflow/example_dags/example_setup_teardown.py
[2026-07-01T09:32:39.271+0000] {processor.py:914} INFO - Processing file /home/airflow/.local/lib/python3.12/site-packages/airflow/example_dags/example_setup_teardown.py for tasks to queue
[2026-07-01T09:32:39.272+0000] {logging_mixin.py:190} INFO - [2026-07-01T09:32:39.272+0000] {dagbag.py:587} INFO - Filling up the DagBag from /home/airflow/.local/lib/python3.12/site-packages/airflow/example_dags/example_setup_teardown.py
[2026-07-01T09:32:39.280+0000] {processor.py:925} INFO - DAG(s) 'example_setup_teardown' retrieved from /home/airflow/.local/lib/python3.12/site-packages/airflow/example_dags/example_setup_teardown.py
[2026-07-01T09:32:39.297+0000] {logging_mixin.py:190} INFO - [2026-07-01T09:32:39.296+0000] {dag.py:3211} INFO - Sync 1 DAGs
[2026-07-01T09:32:39.312+0000] {logging_mixin.py:190} INFO - [2026-07-01T09:32:39.312+0000] {dag.py:4138} INFO - Setting next_dagrun for example_setup_teardown to 2026-06-30 00:00:00+00:00, run_after=2026-07-01 00:00:00+00:00
[2026-07-01T09:32:39.325+0000] {processor.py:208} INFO - Processing /home/airflow/.local/lib/python3.12/site-packages/airflow/example_dags/example_setup_teardown.py took 0.059 seconds
[2026-07-01T09:33:09.927+0000] {processor.py:186} INFO - Started process (PID=2425) to work on /home/airflow/.local/lib/python3.12/site-packages/airflow/example_dags/example_setup_teardown.py
[2026-07-01T09:33:09.927+0000] {processor.py:914} INFO - Processing file /home/airflow/.local/lib/python3.12/site-packages/airflow/example_dags/example_setup_teardown.py for tasks to queue
[2026-07-01T09:33:09.929+0000] {logging_mixin.py:190} INFO - [2026-07-01T09:33:09.929+0000] {dagbag.py:587} INFO - Filling up the DagBag from /home/airflow/.local/lib/python3.12/site-packages/airflow/example_dags/example_setup_teardown.py
[2026-07-01T09:33:09.936+0000] {processor.py:925} INFO - DAG(s) 'example_setup_teardown' retrieved from /home/airflow/.local/lib/python3.12/site-packages/airflow/example_dags/example_setup_teardown.py
[2026-07-01T09:33:09.949+0000] {logging_mixin.py:190} INFO - [2026-07-01T09:33:09.949+0000] {dag.py:3211} INFO - Sync 1 DAGs
[2026-07-01T09:33:09.964+0000] {logging_mixin.py:190} INFO - [2026-07-01T09:33:09.963+0000] {dag.py:4138} INFO - Setting next_dagrun for example_setup_teardown to 2026-06-30 00:00:00+00:00, run_after=2026-07-01 00:00:00+00:00
[2026-07-01T09:33:09.976+0000] {processor.py:208} INFO - Processing /home/airflow/.local/lib/python3.12/site-packages/airflow/example_dags/example_setup_teardown.py took 0.054 seconds
[2026-07-01T09:33:40.575+0000] {processor.py:186} INFO - Started process (PID=2487) to work on /home/airflow/.local/lib/python3.12/site-packages/airflow/example_dags/example_setup_teardown.py
[2026-07-01T09:33:40.577+0000] {processor.py:914} INFO - Processing file /home/airflow/.local/lib/python3.12/site-packages/airflow/example_dags/example_setup_teardown.py for tasks to queue
[2026-07-01T09:33:40.579+0000] {logging_mixin.py:190} INFO - [2026-07-01T09:33:40.579+0000] {dagbag.py:587} INFO - Filling up the DagBag from /home/airflow/.local/lib/python3.12/site-packages/airflow/example_dags/example_setup_teardown.py
[2026-07-01T09:33:40.587+0000] {processor.py:925} INFO - DAG(s) 'example_setup_teardown' retrieved from /home/airflow/.local/lib/python3.12/site-packages/airflow/example_dags/example_setup_teardown.py
[2026-07-01T09:33:40.604+0000] {logging_mixin.py:190} INFO - [2026-07-01T09:33:40.604+0000] {dag.py:3211} INFO - Sync 1 DAGs
[2026-07-01T09:33:40.619+0000] {logging_mixin.py:190} INFO - [2026-07-01T09:33:40.619+0000] {dag.py:4138} INFO - Setting next_dagrun for example_setup_teardown to 2026-06-30 00:00:00+00:00, run_after=2026-07-01 00:00:00+00:00
[2026-07-01T09:33:40.633+0000] {processor.py:208} INFO - Processing /home/airflow/.local/lib/python3.12/site-packages/airflow/example_dags/example_setup_teardown.py took 0.063 seconds
[2026-07-01T09:34:11.535+0000] {processor.py:186} INFO - Started process (PID=2549) to work on /home/airflow/.local/lib/python3.12/site-packages/airflow/example_dags/example_setup_teardown.py
[2026-07-01T09:34:11.536+0000] {processor.py:914} INFO - Processing file /home/airflow/.local/lib/python3.12/site-packages/airflow/example_dags/example_setup_teardown.py for tasks to queue
[2026-07-01T09:34:11.538+0000] {logging_mixin.py:190} INFO - [2026-07-01T09:34:11.538+0000] {dagbag.py:587} INFO - Filling up the DagBag from /home/airflow/.local/lib/python3.12/site-packages/airflow/example_dags/example_setup_teardown.py
[2026-07-01T09:34:11.545+0000] {processor.py:925} INFO - DAG(s) 'example_setup_teardown' retrieved from /home/airflow/.local/lib/python3.12/site-packages/airflow/example_dags/example_setup_teardown.py
[2026-07-01T09:34:11.562+0000] {logging_mixin.py:190} INFO - [2026-07-01T09:34:11.561+0000] {dag.py:3211} INFO - Sync 1 DAGs
[2026-07-01T09:34:11.580+0000] {logging_mixin.py:190} INFO - [2026-07-01T09:34:11.579+0000] {dag.py:4138} INFO - Setting next_dagrun for example_setup_teardown to 2026-06-30 00:00:00+00:00, run_after=2026-07-01 00:00:00+00:00
[2026-07-01T09:34:11.594+0000] {processor.py:208} INFO - Processing /home/airflow/.local/lib/python3.12/site-packages/airflow/example_dags/example_setup_teardown.py took 0.065 seconds
[2026-07-01T09:34:42.502+0000] {processor.py:186} INFO - Started process (PID=2611) to work on /home/airflow/.local/lib/python3.12/site-packages/airflow/example_dags/example_setup_teardown.py
[2026-07-01T09:34:42.505+0000] {processor.py:914} INFO - Processing file /home/airflow/.local/lib/python3.12/site-packages/airflow/example_dags/example_setup_teardown.py for tasks to queue
[2026-07-01T09:34:42.508+0000] {logging_mixin.py:190} INFO - [2026-07-01T09:34:42.507+0000] {dagbag.py:587} INFO - Filling up the DagBag from /home/airflow/.local/lib/python3.12/site-packages/airflow/example_dags/example_setup_teardown.py
[2026-07-01T09:34:42.515+0000] {processor.py:925} INFO - DAG(s) 'example_setup_teardown' retrieved from /home/airflow/.local/lib/python3.12/site-packages/airflow/example_dags/example_setup_teardown.py
[2026-07-01T09:34:42.530+0000] {logging_mixin.py:190} INFO - [2026-07-01T09:34:42.530+0000] {dag.py:3211} INFO - Sync 1 DAGs
[2026-07-01T09:34:42.545+0000] {logging_mixin.py:190} INFO - [2026-07-01T09:34:42.545+0000] {dag.py:4138} INFO - Setting next_dagrun for example_setup_teardown to 2026-06-30 00:00:00+00:00, run_after=2026-07-01 00:00:00+00:00
[2026-07-01T09:34:42.560+0000] {processor.py:208} INFO - Processing /home/airflow/.local/lib/python3.12/site-packages/airflow/example_dags/example_setup_teardown.py took 0.063 seconds
[2026-07-01T09:35:13.166+0000] {processor.py:186} INFO - Started process (PID=2674) to work on /home/airflow/.local/lib/python3.12/site-packages/airflow/example_dags/example_setup_teardown.py
[2026-07-01T09:35:13.168+0000] {processor.py:914} INFO - Processing file /home/airflow/.local/lib/python3.12/site-packages/airflow/example_dags/example_setup_teardown.py for tasks to queue
[2026-07-01T09:35:13.169+0000] {logging_mixin.py:190} INFO - [2026-07-01T09:35:13.169+0000] {dagbag.py:587} INFO - Filling up the DagBag from /home/airflow/.local/lib/python3.12/site-packages/airflow/example_dags/example_setup_teardown.py
[2026-07-01T09:35:13.176+0000] {processor.py:925} INFO - DAG(s) 'example_setup_teardown' retrieved from /home/airflow/.local/lib/python3.12/site-packages/airflow/example_dags/example_setup_teardown.py
[2026-07-01T09:35:13.192+0000] {logging_mixin.py:190} INFO - [2026-07-01T09:35:13.192+0000] {dag.py:3211} INFO - Sync 1 DAGs
[2026-07-01T09:35:13.207+0000] {logging_mixin.py:190} INFO - [2026-07-01T09:35:13.207+0000] {dag.py:4138} INFO - Setting next_dagrun for example_setup_teardown to 2026-06-30 00:00:00+00:00, run_after=2026-07-01 00:00:00+00:00
[2026-07-01T09:35:13.221+0000] {processor.py:208} INFO - Processing /home/airflow/.local/lib/python3.12/site-packages/airflow/example_dags/example_setup_teardown.py took 0.060 seconds
[2026-07-01T09:35:43.859+0000] {processor.py:186} INFO - Started process (PID=2736) to work on /home/airflow/.local/lib/python3.12/site-packages/airflow/example_dags/example_setup_teardown.py
[2026-07-01T09:35:43.860+0000] {processor.py:914} INFO - Processing file /home/airflow/.local/lib/python3.12/site-packages/airflow/example_dags/example_setup_teardown.py for tasks to queue
[2026-07-01T09:35:43.863+0000] {logging_mixin.py:190} INFO - [2026-07-01T09:35:43.862+0000] {dagbag.py:587} INFO - Filling up the DagBag from /home/airflow/.local/lib/python3.12/site-packages/airflow/example_dags/example_setup_teardown.py
[2026-07-01T09:35:43.874+0000] {processor.py:925} INFO - DAG(s) 'example_setup_teardown' retrieved from /home/airflow/.local/lib/python3.12/site-packages/airflow/example_dags/example_setup_teardown.py
[2026-07-01T09:35:43.893+0000] {logging_mixin.py:190} INFO - [2026-07-01T09:35:43.892+0000] {dag.py:3211} INFO - Sync 1 DAGs
[2026-07-01T09:35:43.912+0000] {logging_mixin.py:190} INFO - [2026-07-01T09:35:43.911+0000] {dag.py:4138} INFO - Setting next_dagrun for example_setup_teardown to 2026-06-30 00:00:00+00:00, run_after=2026-07-01 00:00:00+00:00
[2026-07-01T09:35:43.927+0000] {processor.py:208} INFO - Processing /home/airflow/.local/lib/python3.12/site-packages/airflow/example_dags/example_setup_teardown.py took 0.074 seconds
[2026-07-01T09:36:14.359+0000] {processor.py:186} INFO - Started process (PID=2798) to work on /home/airflow/.local/lib/python3.12/site-packages/airflow/example_dags/example_setup_teardown.py
[2026-07-01T09:36:14.361+0000] {processor.py:914} INFO - Processing file /home/airflow/.local/lib/python3.12/site-packages/airflow/example_dags/example_setup_teardown.py for tasks to queue
[2026-07-01T09:36:14.364+0000] {logging_mixin.py:190} INFO - [2026-07-01T09:36:14.363+0000] {dagbag.py:587} INFO - Filling up the DagBag from /home/airflow/.local/lib/python3.12/site-packages/airflow/example_dags/example_setup_teardown.py
[2026-07-01T09:36:14.373+0000] {processor.py:925} INFO - DAG(s) 'example_setup_teardown' retrieved from /home/airflow/.local/lib/python3.12/site-packages/airflow/example_dags/example_setup_teardown.py
[2026-07-01T09:36:14.392+0000] {logging_mixin.py:190} INFO - [2026-07-01T09:36:14.392+0000] {dag.py:3211} INFO - Sync 1 DAGs
[2026-07-01T09:36:14.410+0000] {logging_mixin.py:190} INFO - [2026-07-01T09:36:14.410+0000] {dag.py:4138} INFO - Setting next_dagrun for example_setup_teardown to 2026-06-30 00:00:00+00:00, run_after=2026-07-01 00:00:00+00:00
[2026-07-01T09:36:14.423+0000] {processor.py:208} INFO - Processing /home/airflow/.local/lib/python3.12/site-packages/airflow/example_dags/example_setup_teardown.py took 0.072 seconds
[2026-07-01T09:36:45.427+0000] {processor.py:186} INFO - Started process (PID=2860) to work on /home/airflow/.local/lib/python3.12/site-packages/airflow/example_dags/example_setup_teardown.py
[2026-07-01T09:36:45.428+0000] {processor.py:914} INFO - Processing file /home/airflow/.local/lib/python3.12/site-packages/airflow/example_dags/example_setup_teardown.py for tasks to queue
[2026-07-01T09:36:45.430+0000] {logging_mixin.py:190} INFO - [2026-07-01T09:36:45.430+0000] {dagbag.py:587} INFO - Filling up the DagBag from /home/airflow/.local/lib/python3.12/site-packages/airflow/example_dags/example_setup_teardown.py
[2026-07-01T09:36:45.438+0000] {processor.py:925} INFO - DAG(s) 'example_setup_teardown' retrieved from /home/airflow/.local/lib/python3.12/site-packages/airflow/example_dags/example_setup_teardown.py
[2026-07-01T09:36:45.453+0000] {logging_mixin.py:190} INFO - [2026-07-01T09:36:45.453+0000] {dag.py:3211} INFO - Sync 1 DAGs
[2026-07-01T09:36:45.469+0000] {logging_mixin.py:190} INFO - [2026-07-01T09:36:45.469+0000] {dag.py:4138} INFO - Setting next_dagrun for example_setup_teardown to 2026-06-30 00:00:00+00:00, run_after=2026-07-01 00:00:00+00:00
[2026-07-01T09:36:45.483+0000] {processor.py:208} INFO - Processing /home/airflow/.local/lib/python3.12/site-packages/airflow/example_dags/example_setup_teardown.py took 0.060 seconds
[2026-07-01T09:37:16.686+0000] {processor.py:186} INFO - Started process (PID=2922) to work on /home/airflow/.local/lib/python3.12/site-packages/airflow/example_dags/example_setup_teardown.py
[2026-07-01T09:37:16.687+0000] {processor.py:914} INFO - Processing file /home/airflow/.local/lib/python3.12/site-packages/airflow/example_dags/example_setup_teardown.py for tasks to queue
[2026-07-01T09:37:16.689+0000] {logging_mixin.py:190} INFO - [2026-07-01T09:37:16.689+0000] {dagbag.py:587} INFO - Filling up the DagBag from /home/airflow/.local/lib/python3.12/site-packages/airflow/example_dags/example_setup_teardown.py
[2026-07-01T09:37:16.697+0000] {processor.py:925} INFO - DAG(s) 'example_setup_teardown' retrieved from /home/airflow/.local/lib/python3.12/site-packages/airflow/example_dags/example_setup_teardown.py
[2026-07-01T09:37:16.714+0000] {logging_mixin.py:190} INFO - [2026-07-01T09:37:16.714+0000] {dag.py:3211} INFO - Sync 1 DAGs
[2026-07-01T09:37:16.862+0000] {logging_mixin.py:190} INFO - [2026-07-01T09:37:16.862+0000] {dag.py:4138} INFO - Setting next_dagrun for example_setup_teardown to 2026-06-30 00:00:00+00:00, run_after=2026-07-01 00:00:00+00:00
[2026-07-01T09:37:16.874+0000] {processor.py:208} INFO - Processing /home/airflow/.local/lib/python3.12/site-packages/airflow/example_dags/example_setup_teardown.py took 0.194 seconds
[2026-07-01T09:37:47.425+0000] {processor.py:186} INFO - Started process (PID=2984) to work on /home/airflow/.local/lib/python3.12/site-packages/airflow/example_dags/example_setup_teardown.py
[2026-07-01T09:37:47.426+0000] {processor.py:914} INFO - Processing file /home/airflow/.local/lib/python3.12/site-packages/airflow/example_dags/example_setup_teardown.py for tasks to queue
[2026-07-01T09:37:47.428+0000] {logging_mixin.py:190} INFO - [2026-07-01T09:37:47.428+0000] {dagbag.py:587} INFO - Filling up the DagBag from /home/airflow/.local/lib/python3.12/site-packages/airflow/example_dags/example_setup_teardown.py
[2026-07-01T09:37:47.437+0000] {processor.py:925} INFO - DAG(s) 'example_setup_teardown' retrieved from /home/airflow/.local/lib/python3.12/site-packages/airflow/example_dags/example_setup_teardown.py
[2026-07-01T09:37:47.454+0000] {logging_mixin.py:190} INFO - [2026-07-01T09:37:47.454+0000] {dag.py:3211} INFO - Sync 1 DAGs
[2026-07-01T09:37:47.473+0000] {logging_mixin.py:190} INFO - [2026-07-01T09:37:47.473+0000] {dag.py:4138} INFO - Setting next_dagrun for example_setup_teardown to 2026-06-30 00:00:00+00:00, run_after=2026-07-01 00:00:00+00:00
[2026-07-01T09:37:47.648+0000] {processor.py:208} INFO - Processing /home/airflow/.local/lib/python3.12/site-packages/airflow/example_dags/example_setup_teardown.py took 0.228 seconds
[2026-07-01T09:38:18.152+0000] {processor.py:186} INFO - Started process (PID=3046) to work on /home/airflow/.local/lib/python3.12/site-packages/airflow/example_dags/example_setup_teardown.py
[2026-07-01T09:38:18.153+0000] {processor.py:914} INFO - Processing file /home/airflow/.local/lib/python3.12/site-packages/airflow/example_dags/example_setup_teardown.py for tasks to queue
[2026-07-01T09:38:18.155+0000] {logging_mixin.py:190} INFO - [2026-07-01T09:38:18.154+0000] {dagbag.py:587} INFO - Filling up the DagBag from /home/airflow/.local/lib/python3.12/site-packages/airflow/example_dags/example_setup_teardown.py
[2026-07-01T09:38:18.161+0000] {processor.py:925} INFO - DAG(s) 'example_setup_teardown' retrieved from /home/airflow/.local/lib/python3.12/site-packages/airflow/example_dags/example_setup_teardown.py
[2026-07-01T09:38:18.176+0000] {logging_mixin.py:190} INFO - [2026-07-01T09:38:18.176+0000] {dag.py:3211} INFO - Sync 1 DAGs
[2026-07-01T09:38:18.192+0000] {logging_mixin.py:190} INFO - [2026-07-01T09:38:18.191+0000] {dag.py:4138} INFO - Setting next_dagrun for example_setup_teardown to 2026-06-30 00:00:00+00:00, run_after=2026-07-01 00:00:00+00:00
[2026-07-01T09:38:18.206+0000] {processor.py:208} INFO - Processing /home/airflow/.local/lib/python3.12/site-packages/airflow/example_dags/example_setup_teardown.py took 0.060 seconds
[2026-07-01T09:38:49.296+0000] {processor.py:186} INFO - Started process (PID=3114) to work on /home/airflow/.local/lib/python3.12/site-packages/airflow/example_dags/example_setup_teardown.py
[2026-07-01T09:38:49.297+0000] {processor.py:914} INFO - Processing file /home/airflow/.local/lib/python3.12/site-packages/airflow/example_dags/example_setup_teardown.py for tasks to queue
[2026-07-01T09:38:49.299+0000] {logging_mixin.py:190} INFO - [2026-07-01T09:38:49.298+0000] {dagbag.py:587} INFO - Filling up the DagBag from /home/airflow/.local/lib/python3.12/site-packages/airflow/example_dags/example_setup_teardown.py
[2026-07-01T09:38:49.306+0000] {processor.py:925} INFO - DAG(s) 'example_setup_teardown' retrieved from /home/airflow/.local/lib/python3.12/site-packages/airflow/example_dags/example_setup_teardown.py
[2026-07-01T09:38:49.321+0000] {logging_mixin.py:190} INFO - [2026-07-01T09:38:49.321+0000] {dag.py:3211} INFO - Sync 1 DAGs
[2026-07-01T09:38:49.337+0000] {logging_mixin.py:190} INFO - [2026-07-01T09:38:49.336+0000] {dag.py:4138} INFO - Setting next_dagrun for example_setup_teardown to 2026-06-30 00:00:00+00:00, run_after=2026-07-01 00:00:00+00:00
[2026-07-01T09:38:49.350+0000] {processor.py:208} INFO - Processing /home/airflow/.local/lib/python3.12/site-packages/airflow/example_dags/example_setup_teardown.py took 0.059 seconds
[2026-07-01T09:39:19.971+0000] {processor.py:186} INFO - Started process (PID=3176) to work on /home/airflow/.local/lib/python3.12/site-packages/airflow/example_dags/example_setup_teardown.py
[2026-07-01T09:39:19.972+0000] {processor.py:914} INFO - Processing file /home/airflow/.local/lib/python3.12/site-packages/airflow/example_dags/example_setup_teardown.py for tasks to queue
[2026-07-01T09:39:19.974+0000] {logging_mixin.py:190} INFO - [2026-07-01T09:39:19.974+0000] {dagbag.py:587} INFO - Filling up the DagBag from /home/airflow/.local/lib/python3.12/site-packages/airflow/example_dags/example_setup_teardown.py
[2026-07-01T09:39:19.981+0000] {processor.py:925} INFO - DAG(s) 'example_setup_teardown' retrieved from /home/airflow/.local/lib/python3.12/site-packages/airflow/example_dags/example_setup_teardown.py
[2026-07-01T09:39:19.996+0000] {logging_mixin.py:190} INFO - [2026-07-01T09:39:19.996+0000] {dag.py:3211} INFO - Sync 1 DAGs
[2026-07-01T09:39:20.011+0000] {logging_mixin.py:190} INFO - [2026-07-01T09:39:20.011+0000] {dag.py:4138} INFO - Setting next_dagrun for example_setup_teardown to 2026-06-30 00:00:00+00:00, run_after=2026-07-01 00:00:00+00:00
[2026-07-01T09:39:20.025+0000] {processor.py:208} INFO - Processing /home/airflow/.local/lib/python3.12/site-packages/airflow/example_dags/example_setup_teardown.py took 0.058 seconds
[2026-07-01T09:39:50.392+0000] {processor.py:186} INFO - Started process (PID=3237) to work on /home/airflow/.local/lib/python3.12/site-packages/airflow/example_dags/example_setup_teardown.py
[2026-07-01T09:39:50.393+0000] {processor.py:914} INFO - Processing file /home/airflow/.local/lib/python3.12/site-packages/airflow/example_dags/example_setup_teardown.py for tasks to queue
[2026-07-01T09:39:50.395+0000] {logging_mixin.py:190} INFO - [2026-07-01T09:39:50.395+0000] {dagbag.py:587} INFO - Filling up the DagBag from /home/airflow/.local/lib/python3.12/site-packages/airflow/example_dags/example_setup_teardown.py
[2026-07-01T09:39:50.401+0000] {processor.py:925} INFO - DAG(s) 'example_setup_teardown' retrieved from /home/airflow/.local/lib/python3.12/site-packages/airflow/example_dags/example_setup_teardown.py
[2026-07-01T09:39:50.414+0000] {logging_mixin.py:190} INFO - [2026-07-01T09:39:50.414+0000] {dag.py:3211} INFO - Sync 1 DAGs
[2026-07-01T09:39:50.428+0000] {logging_mixin.py:190} INFO - [2026-07-01T09:39:50.428+0000] {dag.py:4138} INFO - Setting next_dagrun for example_setup_teardown to 2026-06-30 00:00:00+00:00, run_after=2026-07-01 00:00:00+00:00
[2026-07-01T09:39:50.440+0000] {processor.py:208} INFO - Processing /home/airflow/.local/lib/python3.12/site-packages/airflow/example_dags/example_setup_teardown.py took 0.053 seconds
[2026-07-01T09:40:21.733+0000] {processor.py:186} INFO - Started process (PID=3300) to work on /home/airflow/.local/lib/python3.12/site-packages/airflow/example_dags/example_setup_teardown.py
[2026-07-01T09:40:21.733+0000] {processor.py:914} INFO - Processing file /home/airflow/.local/lib/python3.12/site-packages/airflow/example_dags/example_setup_teardown.py for tasks to queue
[2026-07-01T09:40:21.735+0000] {logging_mixin.py:190} INFO - [2026-07-01T09:40:21.735+0000] {dagbag.py:587} INFO - Filling up the DagBag from /home/airflow/.local/lib/python3.12/site-packages/airflow/example_dags/example_setup_teardown.py
[2026-07-01T09:40:21.741+0000] {processor.py:925} INFO - DAG(s) 'example_setup_teardown' retrieved from /home/airflow/.local/lib/python3.12/site-packages/airflow/example_dags/example_setup_teardown.py
[2026-07-01T09:40:21.756+0000] {logging_mixin.py:190} INFO - [2026-07-01T09:40:21.756+0000] {dag.py:3211} INFO - Sync 1 DAGs
[2026-07-01T09:40:21.773+0000] {logging_mixin.py:190} INFO - [2026-07-01T09:40:21.773+0000] {dag.py:4138} INFO - Setting next_dagrun for example_setup_teardown to 2026-06-30 00:00:00+00:00, run_after=2026-07-01 00:00:00+00:00
[2026-07-01T09:40:21.787+0000] {processor.py:208} INFO - Processing /home/airflow/.local/lib/python3.12/site-packages/airflow/example_dags/example_setup_teardown.py took 0.059 seconds
[2026-07-01T09:40:51.962+0000] {processor.py:186} INFO - Started process (PID=3361) to work on /home/airflow/.local/lib/python3.12/site-packages/airflow/example_dags/example_setup_teardown.py
[2026-07-01T09:40:51.963+0000] {processor.py:914} INFO - Processing file /home/airflow/.local/lib/python3.12/site-packages/airflow/example_dags/example_setup_teardown.py for tasks to queue
[2026-07-01T09:40:51.965+0000] {logging_mixin.py:190} INFO - [2026-07-01T09:40:51.965+0000] {dagbag.py:587} INFO - Filling up the DagBag from /home/airflow/.local/lib/python3.12/site-packages/airflow/example_dags/example_setup_teardown.py
[2026-07-01T09:40:51.972+0000] {processor.py:925} INFO - DAG(s) 'example_setup_teardown' retrieved from /home/airflow/.local/lib/python3.12/site-packages/airflow/example_dags/example_setup_teardown.py
[2026-07-01T09:40:51.988+0000] {logging_mixin.py:190} INFO - [2026-07-01T09:40:51.988+0000] {dag.py:3211} INFO - Sync 1 DAGs
[2026-07-01T09:40:52.005+0000] {logging_mixin.py:190} INFO - [2026-07-01T09:40:52.005+0000] {dag.py:4138} INFO - Setting next_dagrun for example_setup_teardown to 2026-06-30 00:00:00+00:00, run_after=2026-07-01 00:00:00+00:00
[2026-07-01T09:40:52.019+0000] {processor.py:208} INFO - Processing /home/airflow/.local/lib/python3.12/site-packages/airflow/example_dags/example_setup_teardown.py took 0.062 seconds
[2026-07-01T09:41:22.523+0000] {processor.py:186} INFO - Started process (PID=3424) to work on /home/airflow/.local/lib/python3.12/site-packages/airflow/example_dags/example_setup_teardown.py
[2026-07-01T09:41:22.524+0000] {processor.py:914} INFO - Processing file /home/airflow/.local/lib/python3.12/site-packages/airflow/example_dags/example_setup_teardown.py for tasks to queue
[2026-07-01T09:41:22.526+0000] {logging_mixin.py:190} INFO - [2026-07-01T09:41:22.526+0000] {dagbag.py:587} INFO - Filling up the DagBag from /home/airflow/.local/lib/python3.12/site-packages/airflow/example_dags/example_setup_teardown.py
[2026-07-01T09:41:22.533+0000] {processor.py:925} INFO - DAG(s) 'example_setup_teardown' retrieved from /home/airflow/.local/lib/python3.12/site-packages/airflow/example_dags/example_setup_teardown.py
[2026-07-01T09:41:22.548+0000] {logging_mixin.py:190} INFO - [2026-07-01T09:41:22.548+0000] {dag.py:3211} INFO - Sync 1 DAGs
[2026-07-01T09:41:22.564+0000] {logging_mixin.py:190} INFO - [2026-07-01T09:41:22.564+0000] {dag.py:4138} INFO - Setting next_dagrun for example_setup_teardown to 2026-06-30 00:00:00+00:00, run_after=2026-07-01 00:00:00+00:00
[2026-07-01T09:41:22.577+0000] {processor.py:208} INFO - Processing /home/airflow/.local/lib/python3.12/site-packages/airflow/example_dags/example_setup_teardown.py took 0.058 seconds
[2026-07-01T09:41:52.787+0000] {processor.py:186} INFO - Started process (PID=3486) to work on /home/airflow/.local/lib/python3.12/site-packages/airflow/example_dags/example_setup_teardown.py
[2026-07-01T09:41:52.788+0000] {processor.py:914} INFO - Processing file /home/airflow/.local/lib/python3.12/site-packages/airflow/example_dags/example_setup_teardown.py for tasks to queue
[2026-07-01T09:41:52.790+0000] {logging_mixin.py:190} INFO - [2026-07-01T09:41:52.790+0000] {dagbag.py:587} INFO - Filling up the DagBag from /home/airflow/.local/lib/python3.12/site-packages/airflow/example_dags/example_setup_teardown.py
[2026-07-01T09:41:52.796+0000] {processor.py:925} INFO - DAG(s) 'example_setup_teardown' retrieved from /home/airflow/.local/lib/python3.12/site-packages/airflow/example_dags/example_setup_teardown.py
[2026-07-01T09:41:52.813+0000] {logging_mixin.py:190} INFO - [2026-07-01T09:41:52.813+0000] {dag.py:3211} INFO - Sync 1 DAGs
[2026-07-01T09:41:52.830+0000] {logging_mixin.py:190} INFO - [2026-07-01T09:41:52.830+0000] {dag.py:4138} INFO - Setting next_dagrun for example_setup_teardown to 2026-06-30 00:00:00+00:00, run_after=2026-07-01 00:00:00+00:00
[2026-07-01T09:41:52.844+0000] {processor.py:208} INFO - Processing /home/airflow/.local/lib/python3.12/site-packages/airflow/example_dags/example_setup_teardown.py took 0.063 seconds
[2026-07-01T09:42:22.913+0000] {processor.py:186} INFO - Started process (PID=3548) to work on /home/airflow/.local/lib/python3.12/site-packages/airflow/example_dags/example_setup_teardown.py
[2026-07-01T09:42:22.917+0000] {processor.py:914} INFO - Processing file /home/airflow/.local/lib/python3.12/site-packages/airflow/example_dags/example_setup_teardown.py for tasks to queue
[2026-07-01T09:42:22.919+0000] {logging_mixin.py:190} INFO - [2026-07-01T09:42:22.919+0000] {dagbag.py:587} INFO - Filling up the DagBag from /home/airflow/.local/lib/python3.12/site-packages/airflow/example_dags/example_setup_teardown.py
[2026-07-01T09:42:22.926+0000] {processor.py:925} INFO - DAG(s) 'example_setup_teardown' retrieved from /home/airflow/.local/lib/python3.12/site-packages/airflow/example_dags/example_setup_teardown.py
[2026-07-01T09:42:22.940+0000] {logging_mixin.py:190} INFO - [2026-07-01T09:42:22.940+0000] {dag.py:3211} INFO - Sync 1 DAGs
[2026-07-01T09:42:22.955+0000] {logging_mixin.py:190} INFO - [2026-07-01T09:42:22.954+0000] {dag.py:4138} INFO - Setting next_dagrun for example_setup_teardown to 2026-06-30 00:00:00+00:00, run_after=2026-07-01 00:00:00+00:00
[2026-07-01T09:42:22.967+0000] {processor.py:208} INFO - Processing /home/airflow/.local/lib/python3.12/site-packages/airflow/example_dags/example_setup_teardown.py took 0.059 seconds
[2026-07-01T09:42:53.216+0000] {processor.py:186} INFO - Started process (PID=3609) to work on /home/airflow/.local/lib/python3.12/site-packages/airflow/example_dags/example_setup_teardown.py
[2026-07-01T09:42:53.217+0000] {processor.py:914} INFO - Processing file /home/airflow/.local/lib/python3.12/site-packages/airflow/example_dags/example_setup_teardown.py for tasks to queue
[2026-07-01T09:42:53.219+0000] {logging_mixin.py:190} INFO - [2026-07-01T09:42:53.219+0000] {dagbag.py:587} INFO - Filling up the DagBag from /home/airflow/.local/lib/python3.12/site-packages/airflow/example_dags/example_setup_teardown.py
[2026-07-01T09:42:53.225+0000] {processor.py:925} INFO - DAG(s) 'example_setup_teardown' retrieved from /home/airflow/.local/lib/python3.12/site-packages/airflow/example_dags/example_setup_teardown.py
[2026-07-01T09:42:53.240+0000] {logging_mixin.py:190} INFO - [2026-07-01T09:42:53.240+0000] {dag.py:3211} INFO - Sync 1 DAGs
[2026-07-01T09:42:53.256+0000] {logging_mixin.py:190} INFO - [2026-07-01T09:42:53.256+0000] {dag.py:4138} INFO - Setting next_dagrun for example_setup_teardown to 2026-06-30 00:00:00+00:00, run_after=2026-07-01 00:00:00+00:00
[2026-07-01T09:42:53.269+0000] {processor.py:208} INFO - Processing /home/airflow/.local/lib/python3.12/site-packages/airflow/example_dags/example_setup_teardown.py took 0.057 seconds
[2026-07-01T09:43:23.584+0000] {processor.py:186} INFO - Started process (PID=3671) to work on /home/airflow/.local/lib/python3.12/site-packages/airflow/example_dags/example_setup_teardown.py
[2026-07-01T09:43:23.585+0000] {processor.py:914} INFO - Processing file /home/airflow/.local/lib/python3.12/site-packages/airflow/example_dags/example_setup_teardown.py for tasks to queue
[2026-07-01T09:43:23.587+0000] {logging_mixin.py:190} INFO - [2026-07-01T09:43:23.587+0000] {dagbag.py:587} INFO - Filling up the DagBag from /home/airflow/.local/lib/python3.12/site-packages/airflow/example_dags/example_setup_teardown.py
[2026-07-01T09:43:23.594+0000] {processor.py:925} INFO - DAG(s) 'example_setup_teardown' retrieved from /home/airflow/.local/lib/python3.12/site-packages/airflow/example_dags/example_setup_teardown.py
[2026-07-01T09:43:23.612+0000] {logging_mixin.py:190} INFO - [2026-07-01T09:43:23.611+0000] {dag.py:3211} INFO - Sync 1 DAGs
[2026-07-01T09:43:23.636+0000] {logging_mixin.py:190} INFO - [2026-07-01T09:43:23.636+0000] {dag.py:4138} INFO - Setting next_dagrun for example_setup_teardown to 2026-06-30 00:00:00+00:00, run_after=2026-07-01 00:00:00+00:00
[2026-07-01T09:43:23.652+0000] {processor.py:208} INFO - Processing /home/airflow/.local/lib/python3.12/site-packages/airflow/example_dags/example_setup_teardown.py took 0.072 seconds
[2026-07-01T09:43:53.817+0000] {processor.py:186} INFO - Started process (PID=3733) to work on /home/airflow/.local/lib/python3.12/site-packages/airflow/example_dags/example_setup_teardown.py
[2026-07-01T09:43:53.818+0000] {processor.py:914} INFO - Processing file /home/airflow/.local/lib/python3.12/site-packages/airflow/example_dags/example_setup_teardown.py for tasks to queue
[2026-07-01T09:43:53.821+0000] {logging_mixin.py:190} INFO - [2026-07-01T09:43:53.820+0000] {dagbag.py:587} INFO - Filling up the DagBag from /home/airflow/.local/lib/python3.12/site-packages/airflow/example_dags/example_setup_teardown.py
[2026-07-01T09:43:53.828+0000] {processor.py:925} INFO - DAG(s) 'example_setup_teardown' retrieved from /home/airflow/.local/lib/python3.12/site-packages/airflow/example_dags/example_setup_teardown.py
[2026-07-01T09:43:53.843+0000] {logging_mixin.py:190} INFO - [2026-07-01T09:43:53.843+0000] {dag.py:3211} INFO - Sync 1 DAGs
[2026-07-01T09:43:53.861+0000] {logging_mixin.py:190} INFO - [2026-07-01T09:43:53.861+0000] {dag.py:4138} INFO - Setting next_dagrun for example_setup_teardown to 2026-06-30 00:00:00+00:00, run_after=2026-07-01 00:00:00+00:00
[2026-07-01T09:43:53.873+0000] {processor.py:208} INFO - Processing /home/airflow/.local/lib/python3.12/site-packages/airflow/example_dags/example_setup_teardown.py took 0.062 seconds
[2026-07-01T09:44:24.385+0000] {processor.py:186} INFO - Started process (PID=3795) to work on /home/airflow/.local/lib/python3.12/site-packages/airflow/example_dags/example_setup_teardown.py
[2026-07-01T09:44:24.386+0000] {processor.py:914} INFO - Processing file /home/airflow/.local/lib/python3.12/site-packages/airflow/example_dags/example_setup_teardown.py for tasks to queue
[2026-07-01T09:44:24.388+0000] {logging_mixin.py:190} INFO - [2026-07-01T09:44:24.388+0000] {dagbag.py:587} INFO - Filling up the DagBag from /home/airflow/.local/lib/python3.12/site-packages/airflow/example_dags/example_setup_teardown.py
[2026-07-01T09:44:24.393+0000] {processor.py:925} INFO - DAG(s) 'example_setup_teardown' retrieved from /home/airflow/.local/lib/python3.12/site-packages/airflow/example_dags/example_setup_teardown.py
[2026-07-01T09:44:24.407+0000] {logging_mixin.py:190} INFO - [2026-07-01T09:44:24.407+0000] {dag.py:3211} INFO - Sync 1 DAGs
[2026-07-01T09:44:24.421+0000] {logging_mixin.py:190} INFO - [2026-07-01T09:44:24.421+0000] {dag.py:4138} INFO - Setting next_dagrun for example_setup_teardown to 2026-06-30 00:00:00+00:00, run_after=2026-07-01 00:00:00+00:00
[2026-07-01T09:44:24.434+0000] {processor.py:208} INFO - Processing /home/airflow/.local/lib/python3.12/site-packages/airflow/example_dags/example_setup_teardown.py took 0.056 seconds
[2026-07-01T09:44:54.646+0000] {processor.py:186} INFO - Started process (PID=3857) to work on /home/airflow/.local/lib/python3.12/site-packages/airflow/example_dags/example_setup_teardown.py
[2026-07-01T09:44:54.647+0000] {processor.py:914} INFO - Processing file /home/airflow/.local/lib/python3.12/site-packages/airflow/example_dags/example_setup_teardown.py for tasks to queue
[2026-07-01T09:44:54.650+0000] {logging_mixin.py:190} INFO - [2026-07-01T09:44:54.650+0000] {dagbag.py:587} INFO - Filling up the DagBag from /home/airflow/.local/lib/python3.12/site-packages/airflow/example_dags/example_setup_teardown.py
[2026-07-01T09:44:54.656+0000] {processor.py:925} INFO - DAG(s) 'example_setup_teardown' retrieved from /home/airflow/.local/lib/python3.12/site-packages/airflow/example_dags/example_setup_teardown.py
[2026-07-01T09:44:54.671+0000] {logging_mixin.py:190} INFO - [2026-07-01T09:44:54.671+0000] {dag.py:3211} INFO - Sync 1 DAGs
[2026-07-01T09:44:54.687+0000] {logging_mixin.py:190} INFO - [2026-07-01T09:44:54.687+0000] {dag.py:4138} INFO - Setting next_dagrun for example_setup_teardown to 2026-06-30 00:00:00+00:00, run_after=2026-07-01 00:00:00+00:00
[2026-07-01T09:44:54.700+0000] {processor.py:208} INFO - Processing /home/airflow/.local/lib/python3.12/site-packages/airflow/example_dags/example_setup_teardown.py took 0.058 seconds
[2026-07-01T09:45:25.065+0000] {processor.py:186} INFO - Started process (PID=3919) to work on /home/airflow/.local/lib/python3.12/site-packages/airflow/example_dags/example_setup_teardown.py
[2026-07-01T09:45:25.066+0000] {processor.py:914} INFO - Processing file /home/airflow/.local/lib/python3.12/site-packages/airflow/example_dags/example_setup_teardown.py for tasks to queue
[2026-07-01T09:45:25.069+0000] {logging_mixin.py:190} INFO - [2026-07-01T09:45:25.069+0000] {dagbag.py:587} INFO - Filling up the DagBag from /home/airflow/.local/lib/python3.12/site-packages/airflow/example_dags/example_setup_teardown.py
[2026-07-01T09:45:25.079+0000] {processor.py:925} INFO - DAG(s) 'example_setup_teardown' retrieved from /home/airflow/.local/lib/python3.12/site-packages/airflow/example_dags/example_setup_teardown.py
[2026-07-01T09:45:25.100+0000] {logging_mixin.py:190} INFO - [2026-07-01T09:45:25.100+0000] {dag.py:3211} INFO - Sync 1 DAGs
[2026-07-01T09:45:25.126+0000] {logging_mixin.py:190} INFO - [2026-07-01T09:45:25.126+0000] {dag.py:4138} INFO - Setting next_dagrun for example_setup_teardown to 2026-06-30 00:00:00+00:00, run_after=2026-07-01 00:00:00+00:00
[2026-07-01T09:45:25.147+0000] {processor.py:208} INFO - Processing /home/airflow/.local/lib/python3.12/site-packages/airflow/example_dags/example_setup_teardown.py took 0.090 seconds
