[2026-07-01T09:09:37.407+0000] {processor.py:186} INFO - Started process (PID=61) to work on /home/airflow/.local/lib/python3.12/site-packages/airflow/example_dags/example_python_operator.py
[2026-07-01T09:09:37.409+0000] {processor.py:914} INFO - Processing file /home/airflow/.local/lib/python3.12/site-packages/airflow/example_dags/example_python_operator.py for tasks to queue
[2026-07-01T09:09:37.416+0000] {logging_mixin.py:190} INFO - [2026-07-01T09:09:37.415+0000] {dagbag.py:587} INFO - Filling up the DagBag from /home/airflow/.local/lib/python3.12/site-packages/airflow/example_dags/example_python_operator.py
[2026-07-01T09:09:37.448+0000] {processor.py:925} INFO - DAG(s) 'example_python_operator' retrieved from /home/airflow/.local/lib/python3.12/site-packages/airflow/example_dags/example_python_operator.py
[2026-07-01T09:09:37.557+0000] {logging_mixin.py:190} INFO - [2026-07-01T09:09:37.556+0000] {override.py:1858} INFO - Created Permission View: can read on DAG:example_python_operator
[2026-07-01T09:09:37.565+0000] {logging_mixin.py:190} INFO - [2026-07-01T09:09:37.565+0000] {override.py:1858} INFO - Created Permission View: can delete on DAG:example_python_operator
[2026-07-01T09:09:37.572+0000] {logging_mixin.py:190} INFO - [2026-07-01T09:09:37.571+0000] {override.py:1858} INFO - Created Permission View: can edit on DAG:example_python_operator
[2026-07-01T09:09:37.572+0000] {logging_mixin.py:190} INFO - [2026-07-01T09:09:37.572+0000] {dag.py:3211} INFO - Sync 1 DAGs
[2026-07-01T09:09:37.584+0000] {logging_mixin.py:190} INFO - [2026-07-01T09:09:37.584+0000] {dag.py:3234} INFO - Creating ORM DAG for example_python_operator
[2026-07-01T09:09:37.585+0000] {logging_mixin.py:190} INFO - [2026-07-01T09:09:37.585+0000] {dag.py:4138} INFO - Setting next_dagrun for example_python_operator to None, run_after=None
[2026-07-01T09:09:37.600+0000] {processor.py:208} INFO - Processing /home/airflow/.local/lib/python3.12/site-packages/airflow/example_dags/example_python_operator.py took 0.203 seconds
[2026-07-01T09:10:07.686+0000] {processor.py:186} INFO - Started process (PID=123) to work on /home/airflow/.local/lib/python3.12/site-packages/airflow/example_dags/example_python_operator.py
[2026-07-01T09:10:07.687+0000] {processor.py:914} INFO - Processing file /home/airflow/.local/lib/python3.12/site-packages/airflow/example_dags/example_python_operator.py for tasks to queue
[2026-07-01T09:10:07.689+0000] {logging_mixin.py:190} INFO - [2026-07-01T09:10:07.689+0000] {dagbag.py:587} INFO - Filling up the DagBag from /home/airflow/.local/lib/python3.12/site-packages/airflow/example_dags/example_python_operator.py
[2026-07-01T09:10:07.699+0000] {processor.py:925} INFO - DAG(s) 'example_python_operator' retrieved from /home/airflow/.local/lib/python3.12/site-packages/airflow/example_dags/example_python_operator.py
[2026-07-01T09:10:07.717+0000] {logging_mixin.py:190} INFO - [2026-07-01T09:10:07.717+0000] {dag.py:3211} INFO - Sync 1 DAGs
[2026-07-01T09:10:07.728+0000] {logging_mixin.py:190} INFO - [2026-07-01T09:10:07.727+0000] {dag.py:4138} INFO - Setting next_dagrun for example_python_operator to None, run_after=None
[2026-07-01T09:10:07.743+0000] {processor.py:208} INFO - Processing /home/airflow/.local/lib/python3.12/site-packages/airflow/example_dags/example_python_operator.py took 0.061 seconds
[2026-07-01T09:10:38.276+0000] {processor.py:186} INFO - Started process (PID=185) to work on /home/airflow/.local/lib/python3.12/site-packages/airflow/example_dags/example_python_operator.py
[2026-07-01T09:10:38.277+0000] {processor.py:914} INFO - Processing file /home/airflow/.local/lib/python3.12/site-packages/airflow/example_dags/example_python_operator.py for tasks to queue
[2026-07-01T09:10:38.279+0000] {logging_mixin.py:190} INFO - [2026-07-01T09:10:38.279+0000] {dagbag.py:587} INFO - Filling up the DagBag from /home/airflow/.local/lib/python3.12/site-packages/airflow/example_dags/example_python_operator.py
[2026-07-01T09:10:38.287+0000] {processor.py:925} INFO - DAG(s) 'example_python_operator' retrieved from /home/airflow/.local/lib/python3.12/site-packages/airflow/example_dags/example_python_operator.py
[2026-07-01T09:10:38.303+0000] {logging_mixin.py:190} INFO - [2026-07-01T09:10:38.302+0000] {dag.py:3211} INFO - Sync 1 DAGs
[2026-07-01T09:10:38.311+0000] {logging_mixin.py:190} INFO - [2026-07-01T09:10:38.311+0000] {dag.py:4138} INFO - Setting next_dagrun for example_python_operator to None, run_after=None
[2026-07-01T09:10:38.323+0000] {processor.py:208} INFO - Processing /home/airflow/.local/lib/python3.12/site-packages/airflow/example_dags/example_python_operator.py took 0.051 seconds
[2026-07-01T09:11:08.539+0000] {processor.py:186} INFO - Started process (PID=247) to work on /home/airflow/.local/lib/python3.12/site-packages/airflow/example_dags/example_python_operator.py
[2026-07-01T09:11:08.540+0000] {processor.py:914} INFO - Processing file /home/airflow/.local/lib/python3.12/site-packages/airflow/example_dags/example_python_operator.py for tasks to queue
[2026-07-01T09:11:08.542+0000] {logging_mixin.py:190} INFO - [2026-07-01T09:11:08.542+0000] {dagbag.py:587} INFO - Filling up the DagBag from /home/airflow/.local/lib/python3.12/site-packages/airflow/example_dags/example_python_operator.py
[2026-07-01T09:11:08.550+0000] {processor.py:925} INFO - DAG(s) 'example_python_operator' retrieved from /home/airflow/.local/lib/python3.12/site-packages/airflow/example_dags/example_python_operator.py
[2026-07-01T09:11:08.564+0000] {logging_mixin.py:190} INFO - [2026-07-01T09:11:08.564+0000] {dag.py:3211} INFO - Sync 1 DAGs
[2026-07-01T09:11:08.572+0000] {logging_mixin.py:190} INFO - [2026-07-01T09:11:08.572+0000] {dag.py:4138} INFO - Setting next_dagrun for example_python_operator to None, run_after=None
[2026-07-01T09:11:08.583+0000] {processor.py:208} INFO - Processing /home/airflow/.local/lib/python3.12/site-packages/airflow/example_dags/example_python_operator.py took 0.048 seconds
[2026-07-01T09:11:38.692+0000] {processor.py:186} INFO - Started process (PID=309) to work on /home/airflow/.local/lib/python3.12/site-packages/airflow/example_dags/example_python_operator.py
[2026-07-01T09:11:38.693+0000] {processor.py:914} INFO - Processing file /home/airflow/.local/lib/python3.12/site-packages/airflow/example_dags/example_python_operator.py for tasks to queue
[2026-07-01T09:11:38.694+0000] {logging_mixin.py:190} INFO - [2026-07-01T09:11:38.694+0000] {dagbag.py:587} INFO - Filling up the DagBag from /home/airflow/.local/lib/python3.12/site-packages/airflow/example_dags/example_python_operator.py
[2026-07-01T09:11:38.703+0000] {processor.py:925} INFO - DAG(s) 'example_python_operator' retrieved from /home/airflow/.local/lib/python3.12/site-packages/airflow/example_dags/example_python_operator.py
[2026-07-01T09:11:38.716+0000] {logging_mixin.py:190} INFO - [2026-07-01T09:11:38.716+0000] {dag.py:3211} INFO - Sync 1 DAGs
[2026-07-01T09:11:38.725+0000] {logging_mixin.py:190} INFO - [2026-07-01T09:11:38.725+0000] {dag.py:4138} INFO - Setting next_dagrun for example_python_operator to None, run_after=None
[2026-07-01T09:11:38.736+0000] {processor.py:208} INFO - Processing /home/airflow/.local/lib/python3.12/site-packages/airflow/example_dags/example_python_operator.py took 0.048 seconds
[2026-07-01T09:12:09.181+0000] {processor.py:186} INFO - Started process (PID=371) to work on /home/airflow/.local/lib/python3.12/site-packages/airflow/example_dags/example_python_operator.py
[2026-07-01T09:12:09.182+0000] {processor.py:914} INFO - Processing file /home/airflow/.local/lib/python3.12/site-packages/airflow/example_dags/example_python_operator.py for tasks to queue
[2026-07-01T09:12:09.186+0000] {logging_mixin.py:190} INFO - [2026-07-01T09:12:09.186+0000] {dagbag.py:587} INFO - Filling up the DagBag from /home/airflow/.local/lib/python3.12/site-packages/airflow/example_dags/example_python_operator.py
[2026-07-01T09:12:09.195+0000] {processor.py:925} INFO - DAG(s) 'example_python_operator' retrieved from /home/airflow/.local/lib/python3.12/site-packages/airflow/example_dags/example_python_operator.py
[2026-07-01T09:12:09.210+0000] {logging_mixin.py:190} INFO - [2026-07-01T09:12:09.209+0000] {dag.py:3211} INFO - Sync 1 DAGs
[2026-07-01T09:12:09.219+0000] {logging_mixin.py:190} INFO - [2026-07-01T09:12:09.219+0000] {dag.py:4138} INFO - Setting next_dagrun for example_python_operator to None, run_after=None
[2026-07-01T09:12:09.232+0000] {processor.py:208} INFO - Processing /home/airflow/.local/lib/python3.12/site-packages/airflow/example_dags/example_python_operator.py took 0.055 seconds
[2026-07-01T09:12:39.649+0000] {processor.py:186} INFO - Started process (PID=433) to work on /home/airflow/.local/lib/python3.12/site-packages/airflow/example_dags/example_python_operator.py
[2026-07-01T09:12:39.650+0000] {processor.py:914} INFO - Processing file /home/airflow/.local/lib/python3.12/site-packages/airflow/example_dags/example_python_operator.py for tasks to queue
[2026-07-01T09:12:39.652+0000] {logging_mixin.py:190} INFO - [2026-07-01T09:12:39.651+0000] {dagbag.py:587} INFO - Filling up the DagBag from /home/airflow/.local/lib/python3.12/site-packages/airflow/example_dags/example_python_operator.py
[2026-07-01T09:12:39.661+0000] {processor.py:925} INFO - DAG(s) 'example_python_operator' retrieved from /home/airflow/.local/lib/python3.12/site-packages/airflow/example_dags/example_python_operator.py
[2026-07-01T09:12:39.676+0000] {logging_mixin.py:190} INFO - [2026-07-01T09:12:39.676+0000] {dag.py:3211} INFO - Sync 1 DAGs
[2026-07-01T09:12:39.685+0000] {logging_mixin.py:190} INFO - [2026-07-01T09:12:39.685+0000] {dag.py:4138} INFO - Setting next_dagrun for example_python_operator to None, run_after=None
[2026-07-01T09:12:39.696+0000] {processor.py:208} INFO - Processing /home/airflow/.local/lib/python3.12/site-packages/airflow/example_dags/example_python_operator.py took 0.052 seconds
[2026-07-01T09:13:09.926+0000] {processor.py:186} INFO - Started process (PID=495) to work on /home/airflow/.local/lib/python3.12/site-packages/airflow/example_dags/example_python_operator.py
[2026-07-01T09:13:09.926+0000] {processor.py:914} INFO - Processing file /home/airflow/.local/lib/python3.12/site-packages/airflow/example_dags/example_python_operator.py for tasks to queue
[2026-07-01T09:13:09.928+0000] {logging_mixin.py:190} INFO - [2026-07-01T09:13:09.928+0000] {dagbag.py:587} INFO - Filling up the DagBag from /home/airflow/.local/lib/python3.12/site-packages/airflow/example_dags/example_python_operator.py
[2026-07-01T09:13:09.936+0000] {processor.py:925} INFO - DAG(s) 'example_python_operator' retrieved from /home/airflow/.local/lib/python3.12/site-packages/airflow/example_dags/example_python_operator.py
[2026-07-01T09:13:09.951+0000] {logging_mixin.py:190} INFO - [2026-07-01T09:13:09.951+0000] {dag.py:3211} INFO - Sync 1 DAGs
[2026-07-01T09:13:09.959+0000] {logging_mixin.py:190} INFO - [2026-07-01T09:13:09.959+0000] {dag.py:4138} INFO - Setting next_dagrun for example_python_operator to None, run_after=None
[2026-07-01T09:13:09.971+0000] {processor.py:208} INFO - Processing /home/airflow/.local/lib/python3.12/site-packages/airflow/example_dags/example_python_operator.py took 0.050 seconds
[2026-07-01T09:13:40.188+0000] {processor.py:186} INFO - Started process (PID=557) to work on /home/airflow/.local/lib/python3.12/site-packages/airflow/example_dags/example_python_operator.py
[2026-07-01T09:13:40.189+0000] {processor.py:914} INFO - Processing file /home/airflow/.local/lib/python3.12/site-packages/airflow/example_dags/example_python_operator.py for tasks to queue
[2026-07-01T09:13:40.191+0000] {logging_mixin.py:190} INFO - [2026-07-01T09:13:40.191+0000] {dagbag.py:587} INFO - Filling up the DagBag from /home/airflow/.local/lib/python3.12/site-packages/airflow/example_dags/example_python_operator.py
[2026-07-01T09:13:40.199+0000] {processor.py:925} INFO - DAG(s) 'example_python_operator' retrieved from /home/airflow/.local/lib/python3.12/site-packages/airflow/example_dags/example_python_operator.py
[2026-07-01T09:13:40.213+0000] {logging_mixin.py:190} INFO - [2026-07-01T09:13:40.213+0000] {dag.py:3211} INFO - Sync 1 DAGs
[2026-07-01T09:13:40.222+0000] {logging_mixin.py:190} INFO - [2026-07-01T09:13:40.222+0000] {dag.py:4138} INFO - Setting next_dagrun for example_python_operator to None, run_after=None
[2026-07-01T09:13:40.234+0000] {processor.py:208} INFO - Processing /home/airflow/.local/lib/python3.12/site-packages/airflow/example_dags/example_python_operator.py took 0.050 seconds
[2026-07-01T09:14:10.324+0000] {processor.py:186} INFO - Started process (PID=619) to work on /home/airflow/.local/lib/python3.12/site-packages/airflow/example_dags/example_python_operator.py
[2026-07-01T09:14:10.325+0000] {processor.py:914} INFO - Processing file /home/airflow/.local/lib/python3.12/site-packages/airflow/example_dags/example_python_operator.py for tasks to queue
[2026-07-01T09:14:10.327+0000] {logging_mixin.py:190} INFO - [2026-07-01T09:14:10.326+0000] {dagbag.py:587} INFO - Filling up the DagBag from /home/airflow/.local/lib/python3.12/site-packages/airflow/example_dags/example_python_operator.py
[2026-07-01T09:14:10.336+0000] {processor.py:925} INFO - DAG(s) 'example_python_operator' retrieved from /home/airflow/.local/lib/python3.12/site-packages/airflow/example_dags/example_python_operator.py
[2026-07-01T09:14:10.352+0000] {logging_mixin.py:190} INFO - [2026-07-01T09:14:10.351+0000] {dag.py:3211} INFO - Sync 1 DAGs
[2026-07-01T09:14:10.360+0000] {logging_mixin.py:190} INFO - [2026-07-01T09:14:10.360+0000] {dag.py:4138} INFO - Setting next_dagrun for example_python_operator to None, run_after=None
[2026-07-01T09:14:10.375+0000] {processor.py:208} INFO - Processing /home/airflow/.local/lib/python3.12/site-packages/airflow/example_dags/example_python_operator.py took 0.055 seconds
[2026-07-01T09:14:40.540+0000] {processor.py:186} INFO - Started process (PID=681) to work on /home/airflow/.local/lib/python3.12/site-packages/airflow/example_dags/example_python_operator.py
[2026-07-01T09:14:40.541+0000] {processor.py:914} INFO - Processing file /home/airflow/.local/lib/python3.12/site-packages/airflow/example_dags/example_python_operator.py for tasks to queue
[2026-07-01T09:14:40.543+0000] {logging_mixin.py:190} INFO - [2026-07-01T09:14:40.543+0000] {dagbag.py:587} INFO - Filling up the DagBag from /home/airflow/.local/lib/python3.12/site-packages/airflow/example_dags/example_python_operator.py
[2026-07-01T09:14:40.552+0000] {processor.py:925} INFO - DAG(s) 'example_python_operator' retrieved from /home/airflow/.local/lib/python3.12/site-packages/airflow/example_dags/example_python_operator.py
[2026-07-01T09:14:40.567+0000] {logging_mixin.py:190} INFO - [2026-07-01T09:14:40.567+0000] {dag.py:3211} INFO - Sync 1 DAGs
[2026-07-01T09:14:40.575+0000] {logging_mixin.py:190} INFO - [2026-07-01T09:14:40.575+0000] {dag.py:4138} INFO - Setting next_dagrun for example_python_operator to None, run_after=None
[2026-07-01T09:14:40.588+0000] {processor.py:208} INFO - Processing /home/airflow/.local/lib/python3.12/site-packages/airflow/example_dags/example_python_operator.py took 0.051 seconds
[2026-07-01T09:15:11.497+0000] {processor.py:186} INFO - Started process (PID=744) to work on /home/airflow/.local/lib/python3.12/site-packages/airflow/example_dags/example_python_operator.py
[2026-07-01T09:15:11.498+0000] {processor.py:914} INFO - Processing file /home/airflow/.local/lib/python3.12/site-packages/airflow/example_dags/example_python_operator.py for tasks to queue
[2026-07-01T09:15:11.500+0000] {logging_mixin.py:190} INFO - [2026-07-01T09:15:11.500+0000] {dagbag.py:587} INFO - Filling up the DagBag from /home/airflow/.local/lib/python3.12/site-packages/airflow/example_dags/example_python_operator.py
[2026-07-01T09:15:11.509+0000] {processor.py:925} INFO - DAG(s) 'example_python_operator' retrieved from /home/airflow/.local/lib/python3.12/site-packages/airflow/example_dags/example_python_operator.py
[2026-07-01T09:15:11.529+0000] {logging_mixin.py:190} INFO - [2026-07-01T09:15:11.529+0000] {dag.py:3211} INFO - Sync 1 DAGs
[2026-07-01T09:15:11.538+0000] {logging_mixin.py:190} INFO - [2026-07-01T09:15:11.538+0000] {dag.py:4138} INFO - Setting next_dagrun for example_python_operator to None, run_after=None
[2026-07-01T09:15:11.551+0000] {processor.py:208} INFO - Processing /home/airflow/.local/lib/python3.12/site-packages/airflow/example_dags/example_python_operator.py took 0.059 seconds
[2026-07-01T09:15:42.302+0000] {processor.py:186} INFO - Started process (PID=811) to work on /home/airflow/.local/lib/python3.12/site-packages/airflow/example_dags/example_python_operator.py
[2026-07-01T09:15:42.304+0000] {processor.py:914} INFO - Processing file /home/airflow/.local/lib/python3.12/site-packages/airflow/example_dags/example_python_operator.py for tasks to queue
[2026-07-01T09:15:42.305+0000] {logging_mixin.py:190} INFO - [2026-07-01T09:15:42.305+0000] {dagbag.py:587} INFO - Filling up the DagBag from /home/airflow/.local/lib/python3.12/site-packages/airflow/example_dags/example_python_operator.py
[2026-07-01T09:15:42.315+0000] {processor.py:925} INFO - DAG(s) 'example_python_operator' retrieved from /home/airflow/.local/lib/python3.12/site-packages/airflow/example_dags/example_python_operator.py
[2026-07-01T09:15:42.330+0000] {logging_mixin.py:190} INFO - [2026-07-01T09:15:42.330+0000] {dag.py:3211} INFO - Sync 1 DAGs
[2026-07-01T09:15:42.340+0000] {logging_mixin.py:190} INFO - [2026-07-01T09:15:42.340+0000] {dag.py:4138} INFO - Setting next_dagrun for example_python_operator to None, run_after=None
[2026-07-01T09:15:42.369+0000] {processor.py:208} INFO - Processing /home/airflow/.local/lib/python3.12/site-packages/airflow/example_dags/example_python_operator.py took 0.072 seconds
[2026-07-01T09:16:12.569+0000] {processor.py:186} INFO - Started process (PID=873) to work on /home/airflow/.local/lib/python3.12/site-packages/airflow/example_dags/example_python_operator.py
[2026-07-01T09:16:12.570+0000] {processor.py:914} INFO - Processing file /home/airflow/.local/lib/python3.12/site-packages/airflow/example_dags/example_python_operator.py for tasks to queue
[2026-07-01T09:16:12.572+0000] {logging_mixin.py:190} INFO - [2026-07-01T09:16:12.572+0000] {dagbag.py:587} INFO - Filling up the DagBag from /home/airflow/.local/lib/python3.12/site-packages/airflow/example_dags/example_python_operator.py
[2026-07-01T09:16:12.581+0000] {processor.py:925} INFO - DAG(s) 'example_python_operator' retrieved from /home/airflow/.local/lib/python3.12/site-packages/airflow/example_dags/example_python_operator.py
[2026-07-01T09:16:12.595+0000] {logging_mixin.py:190} INFO - [2026-07-01T09:16:12.595+0000] {dag.py:3211} INFO - Sync 1 DAGs
[2026-07-01T09:16:12.604+0000] {logging_mixin.py:190} INFO - [2026-07-01T09:16:12.604+0000] {dag.py:4138} INFO - Setting next_dagrun for example_python_operator to None, run_after=None
[2026-07-01T09:16:12.616+0000] {processor.py:208} INFO - Processing /home/airflow/.local/lib/python3.12/site-packages/airflow/example_dags/example_python_operator.py took 0.050 seconds
[2026-07-01T09:16:42.697+0000] {processor.py:186} INFO - Started process (PID=935) to work on /home/airflow/.local/lib/python3.12/site-packages/airflow/example_dags/example_python_operator.py
[2026-07-01T09:16:42.698+0000] {processor.py:914} INFO - Processing file /home/airflow/.local/lib/python3.12/site-packages/airflow/example_dags/example_python_operator.py for tasks to queue
[2026-07-01T09:16:42.700+0000] {logging_mixin.py:190} INFO - [2026-07-01T09:16:42.700+0000] {dagbag.py:587} INFO - Filling up the DagBag from /home/airflow/.local/lib/python3.12/site-packages/airflow/example_dags/example_python_operator.py
[2026-07-01T09:16:42.711+0000] {processor.py:925} INFO - DAG(s) 'example_python_operator' retrieved from /home/airflow/.local/lib/python3.12/site-packages/airflow/example_dags/example_python_operator.py
[2026-07-01T09:16:42.728+0000] {logging_mixin.py:190} INFO - [2026-07-01T09:16:42.728+0000] {dag.py:3211} INFO - Sync 1 DAGs
[2026-07-01T09:16:42.738+0000] {logging_mixin.py:190} INFO - [2026-07-01T09:16:42.738+0000] {dag.py:4138} INFO - Setting next_dagrun for example_python_operator to None, run_after=None
[2026-07-01T09:16:42.753+0000] {processor.py:208} INFO - Processing /home/airflow/.local/lib/python3.12/site-packages/airflow/example_dags/example_python_operator.py took 0.060 seconds
[2026-07-01T09:17:12.850+0000] {processor.py:186} INFO - Started process (PID=997) to work on /home/airflow/.local/lib/python3.12/site-packages/airflow/example_dags/example_python_operator.py
[2026-07-01T09:17:12.852+0000] {processor.py:914} INFO - Processing file /home/airflow/.local/lib/python3.12/site-packages/airflow/example_dags/example_python_operator.py for tasks to queue
[2026-07-01T09:17:12.854+0000] {logging_mixin.py:190} INFO - [2026-07-01T09:17:12.853+0000] {dagbag.py:587} INFO - Filling up the DagBag from /home/airflow/.local/lib/python3.12/site-packages/airflow/example_dags/example_python_operator.py
[2026-07-01T09:17:12.864+0000] {processor.py:925} INFO - DAG(s) 'example_python_operator' retrieved from /home/airflow/.local/lib/python3.12/site-packages/airflow/example_dags/example_python_operator.py
[2026-07-01T09:17:12.884+0000] {logging_mixin.py:190} INFO - [2026-07-01T09:17:12.884+0000] {dag.py:3211} INFO - Sync 1 DAGs
[2026-07-01T09:17:12.895+0000] {logging_mixin.py:190} INFO - [2026-07-01T09:17:12.895+0000] {dag.py:4138} INFO - Setting next_dagrun for example_python_operator to None, run_after=None
[2026-07-01T09:17:12.910+0000] {processor.py:208} INFO - Processing /home/airflow/.local/lib/python3.12/site-packages/airflow/example_dags/example_python_operator.py took 0.065 seconds
[2026-07-01T09:17:43.413+0000] {processor.py:186} INFO - Started process (PID=1059) to work on /home/airflow/.local/lib/python3.12/site-packages/airflow/example_dags/example_python_operator.py
[2026-07-01T09:17:43.414+0000] {processor.py:914} INFO - Processing file /home/airflow/.local/lib/python3.12/site-packages/airflow/example_dags/example_python_operator.py for tasks to queue
[2026-07-01T09:17:43.416+0000] {logging_mixin.py:190} INFO - [2026-07-01T09:17:43.416+0000] {dagbag.py:587} INFO - Filling up the DagBag from /home/airflow/.local/lib/python3.12/site-packages/airflow/example_dags/example_python_operator.py
[2026-07-01T09:17:43.425+0000] {processor.py:925} INFO - DAG(s) 'example_python_operator' retrieved from /home/airflow/.local/lib/python3.12/site-packages/airflow/example_dags/example_python_operator.py
[2026-07-01T09:17:43.442+0000] {logging_mixin.py:190} INFO - [2026-07-01T09:17:43.442+0000] {dag.py:3211} INFO - Sync 1 DAGs
[2026-07-01T09:17:43.453+0000] {logging_mixin.py:190} INFO - [2026-07-01T09:17:43.453+0000] {dag.py:4138} INFO - Setting next_dagrun for example_python_operator to None, run_after=None
[2026-07-01T09:17:43.464+0000] {processor.py:208} INFO - Processing /home/airflow/.local/lib/python3.12/site-packages/airflow/example_dags/example_python_operator.py took 0.057 seconds
[2026-07-01T09:18:13.586+0000] {processor.py:186} INFO - Started process (PID=1121) to work on /home/airflow/.local/lib/python3.12/site-packages/airflow/example_dags/example_python_operator.py
[2026-07-01T09:18:13.587+0000] {processor.py:914} INFO - Processing file /home/airflow/.local/lib/python3.12/site-packages/airflow/example_dags/example_python_operator.py for tasks to queue
[2026-07-01T09:18:13.589+0000] {logging_mixin.py:190} INFO - [2026-07-01T09:18:13.589+0000] {dagbag.py:587} INFO - Filling up the DagBag from /home/airflow/.local/lib/python3.12/site-packages/airflow/example_dags/example_python_operator.py
[2026-07-01T09:18:13.597+0000] {processor.py:925} INFO - DAG(s) 'example_python_operator' retrieved from /home/airflow/.local/lib/python3.12/site-packages/airflow/example_dags/example_python_operator.py
[2026-07-01T09:18:13.612+0000] {logging_mixin.py:190} INFO - [2026-07-01T09:18:13.612+0000] {dag.py:3211} INFO - Sync 1 DAGs
[2026-07-01T09:18:13.621+0000] {logging_mixin.py:190} INFO - [2026-07-01T09:18:13.620+0000] {dag.py:4138} INFO - Setting next_dagrun for example_python_operator to None, run_after=None
[2026-07-01T09:18:13.632+0000] {processor.py:208} INFO - Processing /home/airflow/.local/lib/python3.12/site-packages/airflow/example_dags/example_python_operator.py took 0.050 seconds
[2026-07-01T09:18:44.064+0000] {processor.py:186} INFO - Started process (PID=1183) to work on /home/airflow/.local/lib/python3.12/site-packages/airflow/example_dags/example_python_operator.py
[2026-07-01T09:18:44.066+0000] {processor.py:914} INFO - Processing file /home/airflow/.local/lib/python3.12/site-packages/airflow/example_dags/example_python_operator.py for tasks to queue
[2026-07-01T09:18:44.068+0000] {logging_mixin.py:190} INFO - [2026-07-01T09:18:44.068+0000] {dagbag.py:587} INFO - Filling up the DagBag from /home/airflow/.local/lib/python3.12/site-packages/airflow/example_dags/example_python_operator.py
[2026-07-01T09:18:44.077+0000] {processor.py:925} INFO - DAG(s) 'example_python_operator' retrieved from /home/airflow/.local/lib/python3.12/site-packages/airflow/example_dags/example_python_operator.py
[2026-07-01T09:18:44.095+0000] {logging_mixin.py:190} INFO - [2026-07-01T09:18:44.095+0000] {dag.py:3211} INFO - Sync 1 DAGs
[2026-07-01T09:18:44.105+0000] {logging_mixin.py:190} INFO - [2026-07-01T09:18:44.105+0000] {dag.py:4138} INFO - Setting next_dagrun for example_python_operator to None, run_after=None
[2026-07-01T09:18:44.117+0000] {processor.py:208} INFO - Processing /home/airflow/.local/lib/python3.12/site-packages/airflow/example_dags/example_python_operator.py took 0.057 seconds
[2026-07-01T09:19:15.011+0000] {processor.py:186} INFO - Started process (PID=1245) to work on /home/airflow/.local/lib/python3.12/site-packages/airflow/example_dags/example_python_operator.py
[2026-07-01T09:19:15.012+0000] {processor.py:914} INFO - Processing file /home/airflow/.local/lib/python3.12/site-packages/airflow/example_dags/example_python_operator.py for tasks to queue
[2026-07-01T09:19:15.014+0000] {logging_mixin.py:190} INFO - [2026-07-01T09:19:15.014+0000] {dagbag.py:587} INFO - Filling up the DagBag from /home/airflow/.local/lib/python3.12/site-packages/airflow/example_dags/example_python_operator.py
[2026-07-01T09:19:15.023+0000] {processor.py:925} INFO - DAG(s) 'example_python_operator' retrieved from /home/airflow/.local/lib/python3.12/site-packages/airflow/example_dags/example_python_operator.py
[2026-07-01T09:19:15.039+0000] {logging_mixin.py:190} INFO - [2026-07-01T09:19:15.039+0000] {dag.py:3211} INFO - Sync 1 DAGs
[2026-07-01T09:19:15.049+0000] {logging_mixin.py:190} INFO - [2026-07-01T09:19:15.049+0000] {dag.py:4138} INFO - Setting next_dagrun for example_python_operator to None, run_after=None
[2026-07-01T09:19:15.061+0000] {processor.py:208} INFO - Processing /home/airflow/.local/lib/python3.12/site-packages/airflow/example_dags/example_python_operator.py took 0.054 seconds
[2026-07-01T09:19:45.665+0000] {processor.py:186} INFO - Started process (PID=1307) to work on /home/airflow/.local/lib/python3.12/site-packages/airflow/example_dags/example_python_operator.py
[2026-07-01T09:19:45.666+0000] {processor.py:914} INFO - Processing file /home/airflow/.local/lib/python3.12/site-packages/airflow/example_dags/example_python_operator.py for tasks to queue
[2026-07-01T09:19:45.667+0000] {logging_mixin.py:190} INFO - [2026-07-01T09:19:45.667+0000] {dagbag.py:587} INFO - Filling up the DagBag from /home/airflow/.local/lib/python3.12/site-packages/airflow/example_dags/example_python_operator.py
[2026-07-01T09:19:45.676+0000] {processor.py:925} INFO - DAG(s) 'example_python_operator' retrieved from /home/airflow/.local/lib/python3.12/site-packages/airflow/example_dags/example_python_operator.py
[2026-07-01T09:19:45.690+0000] {logging_mixin.py:190} INFO - [2026-07-01T09:19:45.690+0000] {dag.py:3211} INFO - Sync 1 DAGs
[2026-07-01T09:19:45.699+0000] {logging_mixin.py:190} INFO - [2026-07-01T09:19:45.699+0000] {dag.py:4138} INFO - Setting next_dagrun for example_python_operator to None, run_after=None
[2026-07-01T09:19:45.710+0000] {processor.py:208} INFO - Processing /home/airflow/.local/lib/python3.12/site-packages/airflow/example_dags/example_python_operator.py took 0.050 seconds
[2026-07-01T09:20:16.358+0000] {processor.py:186} INFO - Started process (PID=1369) to work on /home/airflow/.local/lib/python3.12/site-packages/airflow/example_dags/example_python_operator.py
[2026-07-01T09:20:16.358+0000] {processor.py:914} INFO - Processing file /home/airflow/.local/lib/python3.12/site-packages/airflow/example_dags/example_python_operator.py for tasks to queue
[2026-07-01T09:20:16.360+0000] {logging_mixin.py:190} INFO - [2026-07-01T09:20:16.360+0000] {dagbag.py:587} INFO - Filling up the DagBag from /home/airflow/.local/lib/python3.12/site-packages/airflow/example_dags/example_python_operator.py
[2026-07-01T09:20:16.368+0000] {processor.py:925} INFO - DAG(s) 'example_python_operator' retrieved from /home/airflow/.local/lib/python3.12/site-packages/airflow/example_dags/example_python_operator.py
[2026-07-01T09:20:16.383+0000] {logging_mixin.py:190} INFO - [2026-07-01T09:20:16.383+0000] {dag.py:3211} INFO - Sync 1 DAGs
[2026-07-01T09:20:16.392+0000] {logging_mixin.py:190} INFO - [2026-07-01T09:20:16.392+0000] {dag.py:4138} INFO - Setting next_dagrun for example_python_operator to None, run_after=None
[2026-07-01T09:20:16.402+0000] {processor.py:208} INFO - Processing /home/airflow/.local/lib/python3.12/site-packages/airflow/example_dags/example_python_operator.py took 0.049 seconds
[2026-07-01T09:20:47.228+0000] {processor.py:186} INFO - Started process (PID=1431) to work on /home/airflow/.local/lib/python3.12/site-packages/airflow/example_dags/example_python_operator.py
[2026-07-01T09:20:47.229+0000] {processor.py:914} INFO - Processing file /home/airflow/.local/lib/python3.12/site-packages/airflow/example_dags/example_python_operator.py for tasks to queue
[2026-07-01T09:20:47.231+0000] {logging_mixin.py:190} INFO - [2026-07-01T09:20:47.231+0000] {dagbag.py:587} INFO - Filling up the DagBag from /home/airflow/.local/lib/python3.12/site-packages/airflow/example_dags/example_python_operator.py
[2026-07-01T09:20:47.242+0000] {processor.py:925} INFO - DAG(s) 'example_python_operator' retrieved from /home/airflow/.local/lib/python3.12/site-packages/airflow/example_dags/example_python_operator.py
[2026-07-01T09:20:47.262+0000] {logging_mixin.py:190} INFO - [2026-07-01T09:20:47.262+0000] {dag.py:3211} INFO - Sync 1 DAGs
[2026-07-01T09:20:47.274+0000] {logging_mixin.py:190} INFO - [2026-07-01T09:20:47.274+0000] {dag.py:4138} INFO - Setting next_dagrun for example_python_operator to None, run_after=None
[2026-07-01T09:20:47.290+0000] {processor.py:208} INFO - Processing /home/airflow/.local/lib/python3.12/site-packages/airflow/example_dags/example_python_operator.py took 0.067 seconds
[2026-07-01T09:21:18.180+0000] {processor.py:186} INFO - Started process (PID=1493) to work on /home/airflow/.local/lib/python3.12/site-packages/airflow/example_dags/example_python_operator.py
[2026-07-01T09:21:18.182+0000] {processor.py:914} INFO - Processing file /home/airflow/.local/lib/python3.12/site-packages/airflow/example_dags/example_python_operator.py for tasks to queue
[2026-07-01T09:21:18.184+0000] {logging_mixin.py:190} INFO - [2026-07-01T09:21:18.183+0000] {dagbag.py:587} INFO - Filling up the DagBag from /home/airflow/.local/lib/python3.12/site-packages/airflow/example_dags/example_python_operator.py
[2026-07-01T09:21:18.193+0000] {processor.py:925} INFO - DAG(s) 'example_python_operator' retrieved from /home/airflow/.local/lib/python3.12/site-packages/airflow/example_dags/example_python_operator.py
[2026-07-01T09:21:18.211+0000] {logging_mixin.py:190} INFO - [2026-07-01T09:21:18.210+0000] {dag.py:3211} INFO - Sync 1 DAGs
[2026-07-01T09:21:18.221+0000] {logging_mixin.py:190} INFO - [2026-07-01T09:21:18.221+0000] {dag.py:4138} INFO - Setting next_dagrun for example_python_operator to None, run_after=None
[2026-07-01T09:21:18.236+0000] {processor.py:208} INFO - Processing /home/airflow/.local/lib/python3.12/site-packages/airflow/example_dags/example_python_operator.py took 0.059 seconds
[2026-07-01T09:21:48.407+0000] {processor.py:186} INFO - Started process (PID=1555) to work on /home/airflow/.local/lib/python3.12/site-packages/airflow/example_dags/example_python_operator.py
[2026-07-01T09:21:48.408+0000] {processor.py:914} INFO - Processing file /home/airflow/.local/lib/python3.12/site-packages/airflow/example_dags/example_python_operator.py for tasks to queue
[2026-07-01T09:21:48.409+0000] {logging_mixin.py:190} INFO - [2026-07-01T09:21:48.409+0000] {dagbag.py:587} INFO - Filling up the DagBag from /home/airflow/.local/lib/python3.12/site-packages/airflow/example_dags/example_python_operator.py
[2026-07-01T09:21:48.418+0000] {processor.py:925} INFO - DAG(s) 'example_python_operator' retrieved from /home/airflow/.local/lib/python3.12/site-packages/airflow/example_dags/example_python_operator.py
[2026-07-01T09:21:48.435+0000] {logging_mixin.py:190} INFO - [2026-07-01T09:21:48.435+0000] {dag.py:3211} INFO - Sync 1 DAGs
[2026-07-01T09:21:48.445+0000] {logging_mixin.py:190} INFO - [2026-07-01T09:21:48.445+0000] {dag.py:4138} INFO - Setting next_dagrun for example_python_operator to None, run_after=None
[2026-07-01T09:21:48.459+0000] {processor.py:208} INFO - Processing /home/airflow/.local/lib/python3.12/site-packages/airflow/example_dags/example_python_operator.py took 0.056 seconds
[2026-07-01T09:22:18.767+0000] {processor.py:186} INFO - Started process (PID=1617) to work on /home/airflow/.local/lib/python3.12/site-packages/airflow/example_dags/example_python_operator.py
[2026-07-01T09:22:18.767+0000] {processor.py:914} INFO - Processing file /home/airflow/.local/lib/python3.12/site-packages/airflow/example_dags/example_python_operator.py for tasks to queue
[2026-07-01T09:22:18.769+0000] {logging_mixin.py:190} INFO - [2026-07-01T09:22:18.769+0000] {dagbag.py:587} INFO - Filling up the DagBag from /home/airflow/.local/lib/python3.12/site-packages/airflow/example_dags/example_python_operator.py
[2026-07-01T09:22:18.778+0000] {processor.py:925} INFO - DAG(s) 'example_python_operator' retrieved from /home/airflow/.local/lib/python3.12/site-packages/airflow/example_dags/example_python_operator.py
[2026-07-01T09:22:18.794+0000] {logging_mixin.py:190} INFO - [2026-07-01T09:22:18.794+0000] {dag.py:3211} INFO - Sync 1 DAGs
[2026-07-01T09:22:18.803+0000] {logging_mixin.py:190} INFO - [2026-07-01T09:22:18.803+0000] {dag.py:4138} INFO - Setting next_dagrun for example_python_operator to None, run_after=None
[2026-07-01T09:22:18.815+0000] {processor.py:208} INFO - Processing /home/airflow/.local/lib/python3.12/site-packages/airflow/example_dags/example_python_operator.py took 0.052 seconds
[2026-07-01T09:22:48.949+0000] {processor.py:186} INFO - Started process (PID=1679) to work on /home/airflow/.local/lib/python3.12/site-packages/airflow/example_dags/example_python_operator.py
[2026-07-01T09:22:48.949+0000] {processor.py:914} INFO - Processing file /home/airflow/.local/lib/python3.12/site-packages/airflow/example_dags/example_python_operator.py for tasks to queue
[2026-07-01T09:22:48.951+0000] {logging_mixin.py:190} INFO - [2026-07-01T09:22:48.951+0000] {dagbag.py:587} INFO - Filling up the DagBag from /home/airflow/.local/lib/python3.12/site-packages/airflow/example_dags/example_python_operator.py
[2026-07-01T09:22:48.959+0000] {processor.py:925} INFO - DAG(s) 'example_python_operator' retrieved from /home/airflow/.local/lib/python3.12/site-packages/airflow/example_dags/example_python_operator.py
[2026-07-01T09:22:48.974+0000] {logging_mixin.py:190} INFO - [2026-07-01T09:22:48.974+0000] {dag.py:3211} INFO - Sync 1 DAGs
[2026-07-01T09:22:48.983+0000] {logging_mixin.py:190} INFO - [2026-07-01T09:22:48.983+0000] {dag.py:4138} INFO - Setting next_dagrun for example_python_operator to None, run_after=None
[2026-07-01T09:22:48.995+0000] {processor.py:208} INFO - Processing /home/airflow/.local/lib/python3.12/site-packages/airflow/example_dags/example_python_operator.py took 0.050 seconds
[2026-07-01T09:23:19.935+0000] {processor.py:186} INFO - Started process (PID=1741) to work on /home/airflow/.local/lib/python3.12/site-packages/airflow/example_dags/example_python_operator.py
[2026-07-01T09:23:19.937+0000] {processor.py:914} INFO - Processing file /home/airflow/.local/lib/python3.12/site-packages/airflow/example_dags/example_python_operator.py for tasks to queue
[2026-07-01T09:23:19.939+0000] {logging_mixin.py:190} INFO - [2026-07-01T09:23:19.939+0000] {dagbag.py:587} INFO - Filling up the DagBag from /home/airflow/.local/lib/python3.12/site-packages/airflow/example_dags/example_python_operator.py
[2026-07-01T09:23:19.952+0000] {processor.py:925} INFO - DAG(s) 'example_python_operator' retrieved from /home/airflow/.local/lib/python3.12/site-packages/airflow/example_dags/example_python_operator.py
[2026-07-01T09:23:19.969+0000] {logging_mixin.py:190} INFO - [2026-07-01T09:23:19.968+0000] {dag.py:3211} INFO - Sync 1 DAGs
[2026-07-01T09:23:19.979+0000] {logging_mixin.py:190} INFO - [2026-07-01T09:23:19.979+0000] {dag.py:4138} INFO - Setting next_dagrun for example_python_operator to None, run_after=None
[2026-07-01T09:23:19.993+0000] {processor.py:208} INFO - Processing /home/airflow/.local/lib/python3.12/site-packages/airflow/example_dags/example_python_operator.py took 0.063 seconds
[2026-07-01T09:23:50.532+0000] {processor.py:186} INFO - Started process (PID=1803) to work on /home/airflow/.local/lib/python3.12/site-packages/airflow/example_dags/example_python_operator.py
[2026-07-01T09:23:50.533+0000] {processor.py:914} INFO - Processing file /home/airflow/.local/lib/python3.12/site-packages/airflow/example_dags/example_python_operator.py for tasks to queue
[2026-07-01T09:23:50.535+0000] {logging_mixin.py:190} INFO - [2026-07-01T09:23:50.535+0000] {dagbag.py:587} INFO - Filling up the DagBag from /home/airflow/.local/lib/python3.12/site-packages/airflow/example_dags/example_python_operator.py
[2026-07-01T09:23:50.543+0000] {processor.py:925} INFO - DAG(s) 'example_python_operator' retrieved from /home/airflow/.local/lib/python3.12/site-packages/airflow/example_dags/example_python_operator.py
[2026-07-01T09:23:50.557+0000] {logging_mixin.py:190} INFO - [2026-07-01T09:23:50.557+0000] {dag.py:3211} INFO - Sync 1 DAGs
[2026-07-01T09:23:50.566+0000] {logging_mixin.py:190} INFO - [2026-07-01T09:23:50.566+0000] {dag.py:4138} INFO - Setting next_dagrun for example_python_operator to None, run_after=None
[2026-07-01T09:23:50.578+0000] {processor.py:208} INFO - Processing /home/airflow/.local/lib/python3.12/site-packages/airflow/example_dags/example_python_operator.py took 0.050 seconds
[2026-07-01T09:24:20.766+0000] {processor.py:186} INFO - Started process (PID=1865) to work on /home/airflow/.local/lib/python3.12/site-packages/airflow/example_dags/example_python_operator.py
[2026-07-01T09:24:20.766+0000] {processor.py:914} INFO - Processing file /home/airflow/.local/lib/python3.12/site-packages/airflow/example_dags/example_python_operator.py for tasks to queue
[2026-07-01T09:24:20.768+0000] {logging_mixin.py:190} INFO - [2026-07-01T09:24:20.768+0000] {dagbag.py:587} INFO - Filling up the DagBag from /home/airflow/.local/lib/python3.12/site-packages/airflow/example_dags/example_python_operator.py
[2026-07-01T09:24:20.776+0000] {processor.py:925} INFO - DAG(s) 'example_python_operator' retrieved from /home/airflow/.local/lib/python3.12/site-packages/airflow/example_dags/example_python_operator.py
[2026-07-01T09:24:20.790+0000] {logging_mixin.py:190} INFO - [2026-07-01T09:24:20.790+0000] {dag.py:3211} INFO - Sync 1 DAGs
[2026-07-01T09:24:20.799+0000] {logging_mixin.py:190} INFO - [2026-07-01T09:24:20.798+0000] {dag.py:4138} INFO - Setting next_dagrun for example_python_operator to None, run_after=None
[2026-07-01T09:24:20.810+0000] {processor.py:208} INFO - Processing /home/airflow/.local/lib/python3.12/site-packages/airflow/example_dags/example_python_operator.py took 0.048 seconds
[2026-07-01T09:24:50.964+0000] {processor.py:186} INFO - Started process (PID=1927) to work on /home/airflow/.local/lib/python3.12/site-packages/airflow/example_dags/example_python_operator.py
[2026-07-01T09:24:50.965+0000] {processor.py:914} INFO - Processing file /home/airflow/.local/lib/python3.12/site-packages/airflow/example_dags/example_python_operator.py for tasks to queue
[2026-07-01T09:24:50.966+0000] {logging_mixin.py:190} INFO - [2026-07-01T09:24:50.966+0000] {dagbag.py:587} INFO - Filling up the DagBag from /home/airflow/.local/lib/python3.12/site-packages/airflow/example_dags/example_python_operator.py
[2026-07-01T09:24:50.974+0000] {processor.py:925} INFO - DAG(s) 'example_python_operator' retrieved from /home/airflow/.local/lib/python3.12/site-packages/airflow/example_dags/example_python_operator.py
[2026-07-01T09:24:50.989+0000] {logging_mixin.py:190} INFO - [2026-07-01T09:24:50.989+0000] {dag.py:3211} INFO - Sync 1 DAGs
[2026-07-01T09:24:50.998+0000] {logging_mixin.py:190} INFO - [2026-07-01T09:24:50.998+0000] {dag.py:4138} INFO - Setting next_dagrun for example_python_operator to None, run_after=None
[2026-07-01T09:24:51.009+0000] {processor.py:208} INFO - Processing /home/airflow/.local/lib/python3.12/site-packages/airflow/example_dags/example_python_operator.py took 0.049 seconds
[2026-07-01T09:25:22.016+0000] {processor.py:186} INFO - Started process (PID=1989) to work on /home/airflow/.local/lib/python3.12/site-packages/airflow/example_dags/example_python_operator.py
[2026-07-01T09:25:22.017+0000] {processor.py:914} INFO - Processing file /home/airflow/.local/lib/python3.12/site-packages/airflow/example_dags/example_python_operator.py for tasks to queue
[2026-07-01T09:25:22.019+0000] {logging_mixin.py:190} INFO - [2026-07-01T09:25:22.019+0000] {dagbag.py:587} INFO - Filling up the DagBag from /home/airflow/.local/lib/python3.12/site-packages/airflow/example_dags/example_python_operator.py
[2026-07-01T09:25:22.029+0000] {processor.py:925} INFO - DAG(s) 'example_python_operator' retrieved from /home/airflow/.local/lib/python3.12/site-packages/airflow/example_dags/example_python_operator.py
[2026-07-01T09:25:22.044+0000] {logging_mixin.py:190} INFO - [2026-07-01T09:25:22.044+0000] {dag.py:3211} INFO - Sync 1 DAGs
[2026-07-01T09:25:22.054+0000] {logging_mixin.py:190} INFO - [2026-07-01T09:25:22.054+0000] {dag.py:4138} INFO - Setting next_dagrun for example_python_operator to None, run_after=None
[2026-07-01T09:25:22.066+0000] {processor.py:208} INFO - Processing /home/airflow/.local/lib/python3.12/site-packages/airflow/example_dags/example_python_operator.py took 0.054 seconds
[2026-07-01T09:30:06.592+0000] {processor.py:186} INFO - Started process (PID=2045) to work on /home/airflow/.local/lib/python3.12/site-packages/airflow/example_dags/example_python_operator.py
[2026-07-01T09:30:06.593+0000] {processor.py:914} INFO - Processing file /home/airflow/.local/lib/python3.12/site-packages/airflow/example_dags/example_python_operator.py for tasks to queue
[2026-07-01T09:30:06.595+0000] {logging_mixin.py:190} INFO - [2026-07-01T09:30:06.595+0000] {dagbag.py:587} INFO - Filling up the DagBag from /home/airflow/.local/lib/python3.12/site-packages/airflow/example_dags/example_python_operator.py
[2026-07-01T09:30:06.604+0000] {processor.py:925} INFO - DAG(s) 'example_python_operator' retrieved from /home/airflow/.local/lib/python3.12/site-packages/airflow/example_dags/example_python_operator.py
[2026-07-01T09:30:06.621+0000] {logging_mixin.py:190} INFO - [2026-07-01T09:30:06.621+0000] {dag.py:3211} INFO - Sync 1 DAGs
[2026-07-01T09:30:06.631+0000] {logging_mixin.py:190} INFO - [2026-07-01T09:30:06.631+0000] {dag.py:4138} INFO - Setting next_dagrun for example_python_operator to None, run_after=None
[2026-07-01T09:30:06.644+0000] {processor.py:208} INFO - Processing /home/airflow/.local/lib/python3.12/site-packages/airflow/example_dags/example_python_operator.py took 0.057 seconds
[2026-07-01T09:30:37.362+0000] {processor.py:186} INFO - Started process (PID=2107) to work on /home/airflow/.local/lib/python3.12/site-packages/airflow/example_dags/example_python_operator.py
[2026-07-01T09:30:37.363+0000] {processor.py:914} INFO - Processing file /home/airflow/.local/lib/python3.12/site-packages/airflow/example_dags/example_python_operator.py for tasks to queue
[2026-07-01T09:30:37.364+0000] {logging_mixin.py:190} INFO - [2026-07-01T09:30:37.364+0000] {dagbag.py:587} INFO - Filling up the DagBag from /home/airflow/.local/lib/python3.12/site-packages/airflow/example_dags/example_python_operator.py
[2026-07-01T09:30:37.373+0000] {processor.py:925} INFO - DAG(s) 'example_python_operator' retrieved from /home/airflow/.local/lib/python3.12/site-packages/airflow/example_dags/example_python_operator.py
[2026-07-01T09:30:37.387+0000] {logging_mixin.py:190} INFO - [2026-07-01T09:30:37.387+0000] {dag.py:3211} INFO - Sync 1 DAGs
[2026-07-01T09:30:37.396+0000] {logging_mixin.py:190} INFO - [2026-07-01T09:30:37.396+0000] {dag.py:4138} INFO - Setting next_dagrun for example_python_operator to None, run_after=None
[2026-07-01T09:30:37.408+0000] {processor.py:208} INFO - Processing /home/airflow/.local/lib/python3.12/site-packages/airflow/example_dags/example_python_operator.py took 0.050 seconds
[2026-07-01T09:31:07.745+0000] {processor.py:186} INFO - Started process (PID=2169) to work on /home/airflow/.local/lib/python3.12/site-packages/airflow/example_dags/example_python_operator.py
[2026-07-01T09:31:07.746+0000] {processor.py:914} INFO - Processing file /home/airflow/.local/lib/python3.12/site-packages/airflow/example_dags/example_python_operator.py for tasks to queue
[2026-07-01T09:31:07.748+0000] {logging_mixin.py:190} INFO - [2026-07-01T09:31:07.747+0000] {dagbag.py:587} INFO - Filling up the DagBag from /home/airflow/.local/lib/python3.12/site-packages/airflow/example_dags/example_python_operator.py
[2026-07-01T09:31:07.757+0000] {processor.py:925} INFO - DAG(s) 'example_python_operator' retrieved from /home/airflow/.local/lib/python3.12/site-packages/airflow/example_dags/example_python_operator.py
[2026-07-01T09:31:07.772+0000] {logging_mixin.py:190} INFO - [2026-07-01T09:31:07.772+0000] {dag.py:3211} INFO - Sync 1 DAGs
[2026-07-01T09:31:07.781+0000] {logging_mixin.py:190} INFO - [2026-07-01T09:31:07.781+0000] {dag.py:4138} INFO - Setting next_dagrun for example_python_operator to None, run_after=None
[2026-07-01T09:31:07.794+0000] {processor.py:208} INFO - Processing /home/airflow/.local/lib/python3.12/site-packages/airflow/example_dags/example_python_operator.py took 0.052 seconds
[2026-07-01T09:31:38.167+0000] {processor.py:186} INFO - Started process (PID=2231) to work on /home/airflow/.local/lib/python3.12/site-packages/airflow/example_dags/example_python_operator.py
[2026-07-01T09:31:38.168+0000] {processor.py:914} INFO - Processing file /home/airflow/.local/lib/python3.12/site-packages/airflow/example_dags/example_python_operator.py for tasks to queue
[2026-07-01T09:31:38.170+0000] {logging_mixin.py:190} INFO - [2026-07-01T09:31:38.169+0000] {dagbag.py:587} INFO - Filling up the DagBag from /home/airflow/.local/lib/python3.12/site-packages/airflow/example_dags/example_python_operator.py
[2026-07-01T09:31:38.179+0000] {processor.py:925} INFO - DAG(s) 'example_python_operator' retrieved from /home/airflow/.local/lib/python3.12/site-packages/airflow/example_dags/example_python_operator.py
[2026-07-01T09:31:38.193+0000] {logging_mixin.py:190} INFO - [2026-07-01T09:31:38.193+0000] {dag.py:3211} INFO - Sync 1 DAGs
[2026-07-01T09:31:38.202+0000] {logging_mixin.py:190} INFO - [2026-07-01T09:31:38.202+0000] {dag.py:4138} INFO - Setting next_dagrun for example_python_operator to None, run_after=None
[2026-07-01T09:31:38.213+0000] {processor.py:208} INFO - Processing /home/airflow/.local/lib/python3.12/site-packages/airflow/example_dags/example_python_operator.py took 0.051 seconds
[2026-07-01T09:32:08.545+0000] {processor.py:186} INFO - Started process (PID=2293) to work on /home/airflow/.local/lib/python3.12/site-packages/airflow/example_dags/example_python_operator.py
[2026-07-01T09:32:08.546+0000] {processor.py:914} INFO - Processing file /home/airflow/.local/lib/python3.12/site-packages/airflow/example_dags/example_python_operator.py for tasks to queue
[2026-07-01T09:32:08.547+0000] {logging_mixin.py:190} INFO - [2026-07-01T09:32:08.547+0000] {dagbag.py:587} INFO - Filling up the DagBag from /home/airflow/.local/lib/python3.12/site-packages/airflow/example_dags/example_python_operator.py
[2026-07-01T09:32:08.556+0000] {processor.py:925} INFO - DAG(s) 'example_python_operator' retrieved from /home/airflow/.local/lib/python3.12/site-packages/airflow/example_dags/example_python_operator.py
[2026-07-01T09:32:08.571+0000] {logging_mixin.py:190} INFO - [2026-07-01T09:32:08.571+0000] {dag.py:3211} INFO - Sync 1 DAGs
[2026-07-01T09:32:08.580+0000] {logging_mixin.py:190} INFO - [2026-07-01T09:32:08.580+0000] {dag.py:4138} INFO - Setting next_dagrun for example_python_operator to None, run_after=None
[2026-07-01T09:32:08.592+0000] {processor.py:208} INFO - Processing /home/airflow/.local/lib/python3.12/site-packages/airflow/example_dags/example_python_operator.py took 0.051 seconds
[2026-07-01T09:32:38.833+0000] {processor.py:186} INFO - Started process (PID=2355) to work on /home/airflow/.local/lib/python3.12/site-packages/airflow/example_dags/example_python_operator.py
[2026-07-01T09:32:38.834+0000] {processor.py:914} INFO - Processing file /home/airflow/.local/lib/python3.12/site-packages/airflow/example_dags/example_python_operator.py for tasks to queue
[2026-07-01T09:32:38.836+0000] {logging_mixin.py:190} INFO - [2026-07-01T09:32:38.836+0000] {dagbag.py:587} INFO - Filling up the DagBag from /home/airflow/.local/lib/python3.12/site-packages/airflow/example_dags/example_python_operator.py
[2026-07-01T09:32:38.844+0000] {processor.py:925} INFO - DAG(s) 'example_python_operator' retrieved from /home/airflow/.local/lib/python3.12/site-packages/airflow/example_dags/example_python_operator.py
[2026-07-01T09:32:38.859+0000] {logging_mixin.py:190} INFO - [2026-07-01T09:32:38.859+0000] {dag.py:3211} INFO - Sync 1 DAGs
[2026-07-01T09:32:38.867+0000] {logging_mixin.py:190} INFO - [2026-07-01T09:32:38.867+0000] {dag.py:4138} INFO - Setting next_dagrun for example_python_operator to None, run_after=None
[2026-07-01T09:32:38.880+0000] {processor.py:208} INFO - Processing /home/airflow/.local/lib/python3.12/site-packages/airflow/example_dags/example_python_operator.py took 0.051 seconds
[2026-07-01T09:33:09.424+0000] {processor.py:186} INFO - Started process (PID=2417) to work on /home/airflow/.local/lib/python3.12/site-packages/airflow/example_dags/example_python_operator.py
[2026-07-01T09:33:09.425+0000] {processor.py:914} INFO - Processing file /home/airflow/.local/lib/python3.12/site-packages/airflow/example_dags/example_python_operator.py for tasks to queue
[2026-07-01T09:33:09.426+0000] {logging_mixin.py:190} INFO - [2026-07-01T09:33:09.426+0000] {dagbag.py:587} INFO - Filling up the DagBag from /home/airflow/.local/lib/python3.12/site-packages/airflow/example_dags/example_python_operator.py
[2026-07-01T09:33:09.435+0000] {processor.py:925} INFO - DAG(s) 'example_python_operator' retrieved from /home/airflow/.local/lib/python3.12/site-packages/airflow/example_dags/example_python_operator.py
[2026-07-01T09:33:09.450+0000] {logging_mixin.py:190} INFO - [2026-07-01T09:33:09.449+0000] {dag.py:3211} INFO - Sync 1 DAGs
[2026-07-01T09:33:09.458+0000] {logging_mixin.py:190} INFO - [2026-07-01T09:33:09.458+0000] {dag.py:4138} INFO - Setting next_dagrun for example_python_operator to None, run_after=None
[2026-07-01T09:33:09.471+0000] {processor.py:208} INFO - Processing /home/airflow/.local/lib/python3.12/site-packages/airflow/example_dags/example_python_operator.py took 0.051 seconds
[2026-07-01T09:33:40.064+0000] {processor.py:186} INFO - Started process (PID=2479) to work on /home/airflow/.local/lib/python3.12/site-packages/airflow/example_dags/example_python_operator.py
[2026-07-01T09:33:40.065+0000] {processor.py:914} INFO - Processing file /home/airflow/.local/lib/python3.12/site-packages/airflow/example_dags/example_python_operator.py for tasks to queue
[2026-07-01T09:33:40.067+0000] {logging_mixin.py:190} INFO - [2026-07-01T09:33:40.066+0000] {dagbag.py:587} INFO - Filling up the DagBag from /home/airflow/.local/lib/python3.12/site-packages/airflow/example_dags/example_python_operator.py
[2026-07-01T09:33:40.076+0000] {processor.py:925} INFO - DAG(s) 'example_python_operator' retrieved from /home/airflow/.local/lib/python3.12/site-packages/airflow/example_dags/example_python_operator.py
[2026-07-01T09:33:40.093+0000] {logging_mixin.py:190} INFO - [2026-07-01T09:33:40.093+0000] {dag.py:3211} INFO - Sync 1 DAGs
[2026-07-01T09:33:40.102+0000] {logging_mixin.py:190} INFO - [2026-07-01T09:33:40.102+0000] {dag.py:4138} INFO - Setting next_dagrun for example_python_operator to None, run_after=None
[2026-07-01T09:33:40.114+0000] {processor.py:208} INFO - Processing /home/airflow/.local/lib/python3.12/site-packages/airflow/example_dags/example_python_operator.py took 0.055 seconds
[2026-07-01T09:34:11.106+0000] {processor.py:186} INFO - Started process (PID=2541) to work on /home/airflow/.local/lib/python3.12/site-packages/airflow/example_dags/example_python_operator.py
[2026-07-01T09:34:11.107+0000] {processor.py:914} INFO - Processing file /home/airflow/.local/lib/python3.12/site-packages/airflow/example_dags/example_python_operator.py for tasks to queue
[2026-07-01T09:34:11.109+0000] {logging_mixin.py:190} INFO - [2026-07-01T09:34:11.109+0000] {dagbag.py:587} INFO - Filling up the DagBag from /home/airflow/.local/lib/python3.12/site-packages/airflow/example_dags/example_python_operator.py
[2026-07-01T09:34:11.123+0000] {processor.py:925} INFO - DAG(s) 'example_python_operator' retrieved from /home/airflow/.local/lib/python3.12/site-packages/airflow/example_dags/example_python_operator.py
[2026-07-01T09:34:11.151+0000] {logging_mixin.py:190} INFO - [2026-07-01T09:34:11.150+0000] {dag.py:3211} INFO - Sync 1 DAGs
[2026-07-01T09:34:11.170+0000] {logging_mixin.py:190} INFO - [2026-07-01T09:34:11.169+0000] {dag.py:4138} INFO - Setting next_dagrun for example_python_operator to None, run_after=None
[2026-07-01T09:34:11.196+0000] {processor.py:208} INFO - Processing /home/airflow/.local/lib/python3.12/site-packages/airflow/example_dags/example_python_operator.py took 0.095 seconds
[2026-07-01T09:34:41.953+0000] {processor.py:186} INFO - Started process (PID=2603) to work on /home/airflow/.local/lib/python3.12/site-packages/airflow/example_dags/example_python_operator.py
[2026-07-01T09:34:41.954+0000] {processor.py:914} INFO - Processing file /home/airflow/.local/lib/python3.12/site-packages/airflow/example_dags/example_python_operator.py for tasks to queue
[2026-07-01T09:34:41.956+0000] {logging_mixin.py:190} INFO - [2026-07-01T09:34:41.956+0000] {dagbag.py:587} INFO - Filling up the DagBag from /home/airflow/.local/lib/python3.12/site-packages/airflow/example_dags/example_python_operator.py
[2026-07-01T09:34:41.969+0000] {processor.py:925} INFO - DAG(s) 'example_python_operator' retrieved from /home/airflow/.local/lib/python3.12/site-packages/airflow/example_dags/example_python_operator.py
[2026-07-01T09:34:41.987+0000] {logging_mixin.py:190} INFO - [2026-07-01T09:34:41.986+0000] {dag.py:3211} INFO - Sync 1 DAGs
[2026-07-01T09:34:41.998+0000] {logging_mixin.py:190} INFO - [2026-07-01T09:34:41.998+0000] {dag.py:4138} INFO - Setting next_dagrun for example_python_operator to None, run_after=None
[2026-07-01T09:34:42.011+0000] {processor.py:208} INFO - Processing /home/airflow/.local/lib/python3.12/site-packages/airflow/example_dags/example_python_operator.py took 0.063 seconds
[2026-07-01T09:35:12.740+0000] {processor.py:186} INFO - Started process (PID=2665) to work on /home/airflow/.local/lib/python3.12/site-packages/airflow/example_dags/example_python_operator.py
[2026-07-01T09:35:12.741+0000] {processor.py:914} INFO - Processing file /home/airflow/.local/lib/python3.12/site-packages/airflow/example_dags/example_python_operator.py for tasks to queue
[2026-07-01T09:35:12.743+0000] {logging_mixin.py:190} INFO - [2026-07-01T09:35:12.743+0000] {dagbag.py:587} INFO - Filling up the DagBag from /home/airflow/.local/lib/python3.12/site-packages/airflow/example_dags/example_python_operator.py
[2026-07-01T09:35:12.754+0000] {processor.py:925} INFO - DAG(s) 'example_python_operator' retrieved from /home/airflow/.local/lib/python3.12/site-packages/airflow/example_dags/example_python_operator.py
[2026-07-01T09:35:12.772+0000] {logging_mixin.py:190} INFO - [2026-07-01T09:35:12.771+0000] {dag.py:3211} INFO - Sync 1 DAGs
[2026-07-01T09:35:12.781+0000] {logging_mixin.py:190} INFO - [2026-07-01T09:35:12.781+0000] {dag.py:4138} INFO - Setting next_dagrun for example_python_operator to None, run_after=None
[2026-07-01T09:35:12.793+0000] {processor.py:208} INFO - Processing /home/airflow/.local/lib/python3.12/site-packages/airflow/example_dags/example_python_operator.py took 0.058 seconds
[2026-07-01T09:35:43.272+0000] {processor.py:186} INFO - Started process (PID=2727) to work on /home/airflow/.local/lib/python3.12/site-packages/airflow/example_dags/example_python_operator.py
[2026-07-01T09:35:43.273+0000] {processor.py:914} INFO - Processing file /home/airflow/.local/lib/python3.12/site-packages/airflow/example_dags/example_python_operator.py for tasks to queue
[2026-07-01T09:35:43.275+0000] {logging_mixin.py:190} INFO - [2026-07-01T09:35:43.275+0000] {dagbag.py:587} INFO - Filling up the DagBag from /home/airflow/.local/lib/python3.12/site-packages/airflow/example_dags/example_python_operator.py
[2026-07-01T09:35:43.287+0000] {processor.py:925} INFO - DAG(s) 'example_python_operator' retrieved from /home/airflow/.local/lib/python3.12/site-packages/airflow/example_dags/example_python_operator.py
[2026-07-01T09:35:43.307+0000] {logging_mixin.py:190} INFO - [2026-07-01T09:35:43.306+0000] {dag.py:3211} INFO - Sync 1 DAGs
[2026-07-01T09:35:43.325+0000] {logging_mixin.py:190} INFO - [2026-07-01T09:35:43.325+0000] {dag.py:4138} INFO - Setting next_dagrun for example_python_operator to None, run_after=None
[2026-07-01T09:35:43.346+0000] {processor.py:208} INFO - Processing /home/airflow/.local/lib/python3.12/site-packages/airflow/example_dags/example_python_operator.py took 0.080 seconds
[2026-07-01T09:36:13.763+0000] {processor.py:186} INFO - Started process (PID=2789) to work on /home/airflow/.local/lib/python3.12/site-packages/airflow/example_dags/example_python_operator.py
[2026-07-01T09:36:13.764+0000] {processor.py:914} INFO - Processing file /home/airflow/.local/lib/python3.12/site-packages/airflow/example_dags/example_python_operator.py for tasks to queue
[2026-07-01T09:36:13.766+0000] {logging_mixin.py:190} INFO - [2026-07-01T09:36:13.766+0000] {dagbag.py:587} INFO - Filling up the DagBag from /home/airflow/.local/lib/python3.12/site-packages/airflow/example_dags/example_python_operator.py
[2026-07-01T09:36:13.774+0000] {processor.py:925} INFO - DAG(s) 'example_python_operator' retrieved from /home/airflow/.local/lib/python3.12/site-packages/airflow/example_dags/example_python_operator.py
[2026-07-01T09:36:13.789+0000] {logging_mixin.py:190} INFO - [2026-07-01T09:36:13.789+0000] {dag.py:3211} INFO - Sync 1 DAGs
[2026-07-01T09:36:13.797+0000] {logging_mixin.py:190} INFO - [2026-07-01T09:36:13.797+0000] {dag.py:4138} INFO - Setting next_dagrun for example_python_operator to None, run_after=None
[2026-07-01T09:36:13.808+0000] {processor.py:208} INFO - Processing /home/airflow/.local/lib/python3.12/site-packages/airflow/example_dags/example_python_operator.py took 0.049 seconds
[2026-07-01T09:36:44.771+0000] {processor.py:186} INFO - Started process (PID=2851) to work on /home/airflow/.local/lib/python3.12/site-packages/airflow/example_dags/example_python_operator.py
[2026-07-01T09:36:44.772+0000] {processor.py:914} INFO - Processing file /home/airflow/.local/lib/python3.12/site-packages/airflow/example_dags/example_python_operator.py for tasks to queue
[2026-07-01T09:36:44.775+0000] {logging_mixin.py:190} INFO - [2026-07-01T09:36:44.774+0000] {dagbag.py:587} INFO - Filling up the DagBag from /home/airflow/.local/lib/python3.12/site-packages/airflow/example_dags/example_python_operator.py
[2026-07-01T09:36:44.788+0000] {processor.py:925} INFO - DAG(s) 'example_python_operator' retrieved from /home/airflow/.local/lib/python3.12/site-packages/airflow/example_dags/example_python_operator.py
[2026-07-01T09:36:44.810+0000] {logging_mixin.py:190} INFO - [2026-07-01T09:36:44.809+0000] {dag.py:3211} INFO - Sync 1 DAGs
[2026-07-01T09:36:44.823+0000] {logging_mixin.py:190} INFO - [2026-07-01T09:36:44.823+0000] {dag.py:4138} INFO - Setting next_dagrun for example_python_operator to None, run_after=None
[2026-07-01T09:36:44.839+0000] {processor.py:208} INFO - Processing /home/airflow/.local/lib/python3.12/site-packages/airflow/example_dags/example_python_operator.py took 0.074 seconds
[2026-07-01T09:37:15.743+0000] {processor.py:186} INFO - Started process (PID=2913) to work on /home/airflow/.local/lib/python3.12/site-packages/airflow/example_dags/example_python_operator.py
[2026-07-01T09:37:15.744+0000] {processor.py:914} INFO - Processing file /home/airflow/.local/lib/python3.12/site-packages/airflow/example_dags/example_python_operator.py for tasks to queue
[2026-07-01T09:37:15.746+0000] {logging_mixin.py:190} INFO - [2026-07-01T09:37:15.745+0000] {dagbag.py:587} INFO - Filling up the DagBag from /home/airflow/.local/lib/python3.12/site-packages/airflow/example_dags/example_python_operator.py
[2026-07-01T09:37:15.754+0000] {processor.py:925} INFO - DAG(s) 'example_python_operator' retrieved from /home/airflow/.local/lib/python3.12/site-packages/airflow/example_dags/example_python_operator.py
[2026-07-01T09:37:15.768+0000] {logging_mixin.py:190} INFO - [2026-07-01T09:37:15.768+0000] {dag.py:3211} INFO - Sync 1 DAGs
[2026-07-01T09:37:15.777+0000] {logging_mixin.py:190} INFO - [2026-07-01T09:37:15.777+0000] {dag.py:4138} INFO - Setting next_dagrun for example_python_operator to None, run_after=None
[2026-07-01T09:37:15.790+0000] {processor.py:208} INFO - Processing /home/airflow/.local/lib/python3.12/site-packages/airflow/example_dags/example_python_operator.py took 0.052 seconds
[2026-07-01T09:37:46.581+0000] {processor.py:186} INFO - Started process (PID=2975) to work on /home/airflow/.local/lib/python3.12/site-packages/airflow/example_dags/example_python_operator.py
[2026-07-01T09:37:46.582+0000] {processor.py:914} INFO - Processing file /home/airflow/.local/lib/python3.12/site-packages/airflow/example_dags/example_python_operator.py for tasks to queue
[2026-07-01T09:37:46.584+0000] {logging_mixin.py:190} INFO - [2026-07-01T09:37:46.584+0000] {dagbag.py:587} INFO - Filling up the DagBag from /home/airflow/.local/lib/python3.12/site-packages/airflow/example_dags/example_python_operator.py
[2026-07-01T09:37:46.594+0000] {processor.py:925} INFO - DAG(s) 'example_python_operator' retrieved from /home/airflow/.local/lib/python3.12/site-packages/airflow/example_dags/example_python_operator.py
[2026-07-01T09:37:46.612+0000] {logging_mixin.py:190} INFO - [2026-07-01T09:37:46.612+0000] {dag.py:3211} INFO - Sync 1 DAGs
[2026-07-01T09:37:46.623+0000] {logging_mixin.py:190} INFO - [2026-07-01T09:37:46.623+0000] {dag.py:4138} INFO - Setting next_dagrun for example_python_operator to None, run_after=None
[2026-07-01T09:37:46.639+0000] {processor.py:208} INFO - Processing /home/airflow/.local/lib/python3.12/site-packages/airflow/example_dags/example_python_operator.py took 0.063 seconds
[2026-07-01T09:38:17.560+0000] {processor.py:186} INFO - Started process (PID=3037) to work on /home/airflow/.local/lib/python3.12/site-packages/airflow/example_dags/example_python_operator.py
[2026-07-01T09:38:17.561+0000] {processor.py:914} INFO - Processing file /home/airflow/.local/lib/python3.12/site-packages/airflow/example_dags/example_python_operator.py for tasks to queue
[2026-07-01T09:38:17.563+0000] {logging_mixin.py:190} INFO - [2026-07-01T09:38:17.563+0000] {dagbag.py:587} INFO - Filling up the DagBag from /home/airflow/.local/lib/python3.12/site-packages/airflow/example_dags/example_python_operator.py
[2026-07-01T09:38:17.572+0000] {processor.py:925} INFO - DAG(s) 'example_python_operator' retrieved from /home/airflow/.local/lib/python3.12/site-packages/airflow/example_dags/example_python_operator.py
[2026-07-01T09:38:17.588+0000] {logging_mixin.py:190} INFO - [2026-07-01T09:38:17.588+0000] {dag.py:3211} INFO - Sync 1 DAGs
[2026-07-01T09:38:17.597+0000] {logging_mixin.py:190} INFO - [2026-07-01T09:38:17.597+0000] {dag.py:4138} INFO - Setting next_dagrun for example_python_operator to None, run_after=None
[2026-07-01T09:38:17.609+0000] {processor.py:208} INFO - Processing /home/airflow/.local/lib/python3.12/site-packages/airflow/example_dags/example_python_operator.py took 0.053 seconds
[2026-07-01T09:38:48.621+0000] {processor.py:186} INFO - Started process (PID=3099) to work on /home/airflow/.local/lib/python3.12/site-packages/airflow/example_dags/example_python_operator.py
[2026-07-01T09:38:48.622+0000] {processor.py:914} INFO - Processing file /home/airflow/.local/lib/python3.12/site-packages/airflow/example_dags/example_python_operator.py for tasks to queue
[2026-07-01T09:38:48.626+0000] {logging_mixin.py:190} INFO - [2026-07-01T09:38:48.625+0000] {dagbag.py:587} INFO - Filling up the DagBag from /home/airflow/.local/lib/python3.12/site-packages/airflow/example_dags/example_python_operator.py
[2026-07-01T09:38:48.635+0000] {processor.py:925} INFO - DAG(s) 'example_python_operator' retrieved from /home/airflow/.local/lib/python3.12/site-packages/airflow/example_dags/example_python_operator.py
[2026-07-01T09:38:48.656+0000] {logging_mixin.py:190} INFO - [2026-07-01T09:38:48.656+0000] {dag.py:3211} INFO - Sync 1 DAGs
[2026-07-01T09:38:48.668+0000] {logging_mixin.py:190} INFO - [2026-07-01T09:38:48.668+0000] {dag.py:4138} INFO - Setting next_dagrun for example_python_operator to None, run_after=None
[2026-07-01T09:38:48.684+0000] {processor.py:208} INFO - Processing /home/airflow/.local/lib/python3.12/site-packages/airflow/example_dags/example_python_operator.py took 0.068 seconds
[2026-07-01T09:39:19.368+0000] {processor.py:186} INFO - Started process (PID=3167) to work on /home/airflow/.local/lib/python3.12/site-packages/airflow/example_dags/example_python_operator.py
[2026-07-01T09:39:19.369+0000] {processor.py:914} INFO - Processing file /home/airflow/.local/lib/python3.12/site-packages/airflow/example_dags/example_python_operator.py for tasks to queue
[2026-07-01T09:39:19.371+0000] {logging_mixin.py:190} INFO - [2026-07-01T09:39:19.371+0000] {dagbag.py:587} INFO - Filling up the DagBag from /home/airflow/.local/lib/python3.12/site-packages/airflow/example_dags/example_python_operator.py
[2026-07-01T09:39:19.380+0000] {processor.py:925} INFO - DAG(s) 'example_python_operator' retrieved from /home/airflow/.local/lib/python3.12/site-packages/airflow/example_dags/example_python_operator.py
[2026-07-01T09:39:19.396+0000] {logging_mixin.py:190} INFO - [2026-07-01T09:39:19.395+0000] {dag.py:3211} INFO - Sync 1 DAGs
[2026-07-01T09:39:19.404+0000] {logging_mixin.py:190} INFO - [2026-07-01T09:39:19.404+0000] {dag.py:4138} INFO - Setting next_dagrun for example_python_operator to None, run_after=None
[2026-07-01T09:39:19.416+0000] {processor.py:208} INFO - Processing /home/airflow/.local/lib/python3.12/site-packages/airflow/example_dags/example_python_operator.py took 0.052 seconds
[2026-07-01T09:39:49.856+0000] {processor.py:186} INFO - Started process (PID=3229) to work on /home/airflow/.local/lib/python3.12/site-packages/airflow/example_dags/example_python_operator.py
[2026-07-01T09:39:49.857+0000] {processor.py:914} INFO - Processing file /home/airflow/.local/lib/python3.12/site-packages/airflow/example_dags/example_python_operator.py for tasks to queue
[2026-07-01T09:39:49.859+0000] {logging_mixin.py:190} INFO - [2026-07-01T09:39:49.858+0000] {dagbag.py:587} INFO - Filling up the DagBag from /home/airflow/.local/lib/python3.12/site-packages/airflow/example_dags/example_python_operator.py
[2026-07-01T09:39:49.868+0000] {processor.py:925} INFO - DAG(s) 'example_python_operator' retrieved from /home/airflow/.local/lib/python3.12/site-packages/airflow/example_dags/example_python_operator.py
[2026-07-01T09:39:49.895+0000] {logging_mixin.py:190} INFO - [2026-07-01T09:39:49.894+0000] {dag.py:3211} INFO - Sync 1 DAGs
[2026-07-01T09:39:49.912+0000] {logging_mixin.py:190} INFO - [2026-07-01T09:39:49.912+0000] {dag.py:4138} INFO - Setting next_dagrun for example_python_operator to None, run_after=None
[2026-07-01T09:39:49.931+0000] {processor.py:208} INFO - Processing /home/airflow/.local/lib/python3.12/site-packages/airflow/example_dags/example_python_operator.py took 0.079 seconds
[2026-07-01T09:40:20.244+0000] {processor.py:186} INFO - Started process (PID=3291) to work on /home/airflow/.local/lib/python3.12/site-packages/airflow/example_dags/example_python_operator.py
[2026-07-01T09:40:20.245+0000] {processor.py:914} INFO - Processing file /home/airflow/.local/lib/python3.12/site-packages/airflow/example_dags/example_python_operator.py for tasks to queue
[2026-07-01T09:40:20.247+0000] {logging_mixin.py:190} INFO - [2026-07-01T09:40:20.247+0000] {dagbag.py:587} INFO - Filling up the DagBag from /home/airflow/.local/lib/python3.12/site-packages/airflow/example_dags/example_python_operator.py
[2026-07-01T09:40:20.257+0000] {processor.py:925} INFO - DAG(s) 'example_python_operator' retrieved from /home/airflow/.local/lib/python3.12/site-packages/airflow/example_dags/example_python_operator.py
[2026-07-01T09:40:20.416+0000] {logging_mixin.py:190} INFO - [2026-07-01T09:40:20.416+0000] {dag.py:3211} INFO - Sync 1 DAGs
[2026-07-01T09:40:20.425+0000] {logging_mixin.py:190} INFO - [2026-07-01T09:40:20.424+0000] {dag.py:4138} INFO - Setting next_dagrun for example_python_operator to None, run_after=None
[2026-07-01T09:40:20.435+0000] {processor.py:208} INFO - Processing /home/airflow/.local/lib/python3.12/site-packages/airflow/example_dags/example_python_operator.py took 0.196 seconds
[2026-07-01T09:40:51.352+0000] {processor.py:186} INFO - Started process (PID=3353) to work on /home/airflow/.local/lib/python3.12/site-packages/airflow/example_dags/example_python_operator.py
[2026-07-01T09:40:51.353+0000] {processor.py:914} INFO - Processing file /home/airflow/.local/lib/python3.12/site-packages/airflow/example_dags/example_python_operator.py for tasks to queue
[2026-07-01T09:40:51.355+0000] {logging_mixin.py:190} INFO - [2026-07-01T09:40:51.355+0000] {dagbag.py:587} INFO - Filling up the DagBag from /home/airflow/.local/lib/python3.12/site-packages/airflow/example_dags/example_python_operator.py
[2026-07-01T09:40:51.365+0000] {processor.py:925} INFO - DAG(s) 'example_python_operator' retrieved from /home/airflow/.local/lib/python3.12/site-packages/airflow/example_dags/example_python_operator.py
[2026-07-01T09:40:51.389+0000] {logging_mixin.py:190} INFO - [2026-07-01T09:40:51.389+0000] {dag.py:3211} INFO - Sync 1 DAGs
[2026-07-01T09:40:51.402+0000] {logging_mixin.py:190} INFO - [2026-07-01T09:40:51.401+0000] {dag.py:4138} INFO - Setting next_dagrun for example_python_operator to None, run_after=None
[2026-07-01T09:40:51.421+0000] {processor.py:208} INFO - Processing /home/airflow/.local/lib/python3.12/site-packages/airflow/example_dags/example_python_operator.py took 0.073 seconds
[2026-07-01T09:41:21.865+0000] {processor.py:186} INFO - Started process (PID=3415) to work on /home/airflow/.local/lib/python3.12/site-packages/airflow/example_dags/example_python_operator.py
[2026-07-01T09:41:21.865+0000] {processor.py:914} INFO - Processing file /home/airflow/.local/lib/python3.12/site-packages/airflow/example_dags/example_python_operator.py for tasks to queue
[2026-07-01T09:41:21.867+0000] {logging_mixin.py:190} INFO - [2026-07-01T09:41:21.867+0000] {dagbag.py:587} INFO - Filling up the DagBag from /home/airflow/.local/lib/python3.12/site-packages/airflow/example_dags/example_python_operator.py
[2026-07-01T09:41:21.877+0000] {processor.py:925} INFO - DAG(s) 'example_python_operator' retrieved from /home/airflow/.local/lib/python3.12/site-packages/airflow/example_dags/example_python_operator.py
[2026-07-01T09:41:21.895+0000] {logging_mixin.py:190} INFO - [2026-07-01T09:41:21.895+0000] {dag.py:3211} INFO - Sync 1 DAGs
[2026-07-01T09:41:21.905+0000] {logging_mixin.py:190} INFO - [2026-07-01T09:41:21.905+0000] {dag.py:4138} INFO - Setting next_dagrun for example_python_operator to None, run_after=None
[2026-07-01T09:41:21.918+0000] {processor.py:208} INFO - Processing /home/airflow/.local/lib/python3.12/site-packages/airflow/example_dags/example_python_operator.py took 0.058 seconds
[2026-07-01T09:41:52.172+0000] {processor.py:186} INFO - Started process (PID=3477) to work on /home/airflow/.local/lib/python3.12/site-packages/airflow/example_dags/example_python_operator.py
[2026-07-01T09:41:52.173+0000] {processor.py:914} INFO - Processing file /home/airflow/.local/lib/python3.12/site-packages/airflow/example_dags/example_python_operator.py for tasks to queue
[2026-07-01T09:41:52.175+0000] {logging_mixin.py:190} INFO - [2026-07-01T09:41:52.175+0000] {dagbag.py:587} INFO - Filling up the DagBag from /home/airflow/.local/lib/python3.12/site-packages/airflow/example_dags/example_python_operator.py
[2026-07-01T09:41:52.185+0000] {processor.py:925} INFO - DAG(s) 'example_python_operator' retrieved from /home/airflow/.local/lib/python3.12/site-packages/airflow/example_dags/example_python_operator.py
[2026-07-01T09:41:52.199+0000] {logging_mixin.py:190} INFO - [2026-07-01T09:41:52.199+0000] {dag.py:3211} INFO - Sync 1 DAGs
[2026-07-01T09:41:52.208+0000] {logging_mixin.py:190} INFO - [2026-07-01T09:41:52.208+0000] {dag.py:4138} INFO - Setting next_dagrun for example_python_operator to None, run_after=None
[2026-07-01T09:41:52.219+0000] {processor.py:208} INFO - Processing /home/airflow/.local/lib/python3.12/site-packages/airflow/example_dags/example_python_operator.py took 0.051 seconds
[2026-07-01T09:42:22.265+0000] {processor.py:186} INFO - Started process (PID=3539) to work on /home/airflow/.local/lib/python3.12/site-packages/airflow/example_dags/example_python_operator.py
[2026-07-01T09:42:22.266+0000] {processor.py:914} INFO - Processing file /home/airflow/.local/lib/python3.12/site-packages/airflow/example_dags/example_python_operator.py for tasks to queue
[2026-07-01T09:42:22.268+0000] {logging_mixin.py:190} INFO - [2026-07-01T09:42:22.267+0000] {dagbag.py:587} INFO - Filling up the DagBag from /home/airflow/.local/lib/python3.12/site-packages/airflow/example_dags/example_python_operator.py
[2026-07-01T09:42:22.277+0000] {processor.py:925} INFO - DAG(s) 'example_python_operator' retrieved from /home/airflow/.local/lib/python3.12/site-packages/airflow/example_dags/example_python_operator.py
[2026-07-01T09:42:22.293+0000] {logging_mixin.py:190} INFO - [2026-07-01T09:42:22.293+0000] {dag.py:3211} INFO - Sync 1 DAGs
[2026-07-01T09:42:22.303+0000] {logging_mixin.py:190} INFO - [2026-07-01T09:42:22.302+0000] {dag.py:4138} INFO - Setting next_dagrun for example_python_operator to None, run_after=None
[2026-07-01T09:42:22.315+0000] {processor.py:208} INFO - Processing /home/airflow/.local/lib/python3.12/site-packages/airflow/example_dags/example_python_operator.py took 0.055 seconds
[2026-07-01T09:42:52.670+0000] {processor.py:186} INFO - Started process (PID=3601) to work on /home/airflow/.local/lib/python3.12/site-packages/airflow/example_dags/example_python_operator.py
[2026-07-01T09:42:52.671+0000] {processor.py:914} INFO - Processing file /home/airflow/.local/lib/python3.12/site-packages/airflow/example_dags/example_python_operator.py for tasks to queue
[2026-07-01T09:42:52.674+0000] {logging_mixin.py:190} INFO - [2026-07-01T09:42:52.674+0000] {dagbag.py:587} INFO - Filling up the DagBag from /home/airflow/.local/lib/python3.12/site-packages/airflow/example_dags/example_python_operator.py
[2026-07-01T09:42:52.683+0000] {processor.py:925} INFO - DAG(s) 'example_python_operator' retrieved from /home/airflow/.local/lib/python3.12/site-packages/airflow/example_dags/example_python_operator.py
[2026-07-01T09:42:52.700+0000] {logging_mixin.py:190} INFO - [2026-07-01T09:42:52.700+0000] {dag.py:3211} INFO - Sync 1 DAGs
[2026-07-01T09:42:52.710+0000] {logging_mixin.py:190} INFO - [2026-07-01T09:42:52.709+0000] {dag.py:4138} INFO - Setting next_dagrun for example_python_operator to None, run_after=None
[2026-07-01T09:42:52.724+0000] {processor.py:208} INFO - Processing /home/airflow/.local/lib/python3.12/site-packages/airflow/example_dags/example_python_operator.py took 0.058 seconds
[2026-07-01T09:43:23.155+0000] {processor.py:186} INFO - Started process (PID=3663) to work on /home/airflow/.local/lib/python3.12/site-packages/airflow/example_dags/example_python_operator.py
[2026-07-01T09:43:23.156+0000] {processor.py:914} INFO - Processing file /home/airflow/.local/lib/python3.12/site-packages/airflow/example_dags/example_python_operator.py for tasks to queue
[2026-07-01T09:43:23.158+0000] {logging_mixin.py:190} INFO - [2026-07-01T09:43:23.158+0000] {dagbag.py:587} INFO - Filling up the DagBag from /home/airflow/.local/lib/python3.12/site-packages/airflow/example_dags/example_python_operator.py
[2026-07-01T09:43:23.167+0000] {processor.py:925} INFO - DAG(s) 'example_python_operator' retrieved from /home/airflow/.local/lib/python3.12/site-packages/airflow/example_dags/example_python_operator.py
[2026-07-01T09:43:23.183+0000] {logging_mixin.py:190} INFO - [2026-07-01T09:43:23.183+0000] {dag.py:3211} INFO - Sync 1 DAGs
[2026-07-01T09:43:23.192+0000] {logging_mixin.py:190} INFO - [2026-07-01T09:43:23.192+0000] {dag.py:4138} INFO - Setting next_dagrun for example_python_operator to None, run_after=None
[2026-07-01T09:43:23.205+0000] {processor.py:208} INFO - Processing /home/airflow/.local/lib/python3.12/site-packages/airflow/example_dags/example_python_operator.py took 0.055 seconds
[2026-07-01T09:43:53.459+0000] {processor.py:186} INFO - Started process (PID=3725) to work on /home/airflow/.local/lib/python3.12/site-packages/airflow/example_dags/example_python_operator.py
[2026-07-01T09:43:53.460+0000] {processor.py:914} INFO - Processing file /home/airflow/.local/lib/python3.12/site-packages/airflow/example_dags/example_python_operator.py for tasks to queue
[2026-07-01T09:43:53.462+0000] {logging_mixin.py:190} INFO - [2026-07-01T09:43:53.461+0000] {dagbag.py:587} INFO - Filling up the DagBag from /home/airflow/.local/lib/python3.12/site-packages/airflow/example_dags/example_python_operator.py
[2026-07-01T09:43:53.470+0000] {processor.py:925} INFO - DAG(s) 'example_python_operator' retrieved from /home/airflow/.local/lib/python3.12/site-packages/airflow/example_dags/example_python_operator.py
[2026-07-01T09:43:53.486+0000] {logging_mixin.py:190} INFO - [2026-07-01T09:43:53.485+0000] {dag.py:3211} INFO - Sync 1 DAGs
[2026-07-01T09:43:53.495+0000] {logging_mixin.py:190} INFO - [2026-07-01T09:43:53.495+0000] {dag.py:4138} INFO - Setting next_dagrun for example_python_operator to None, run_after=None
[2026-07-01T09:43:53.507+0000] {processor.py:208} INFO - Processing /home/airflow/.local/lib/python3.12/site-packages/airflow/example_dags/example_python_operator.py took 0.053 seconds
[2026-07-01T09:44:23.868+0000] {processor.py:186} INFO - Started process (PID=3787) to work on /home/airflow/.local/lib/python3.12/site-packages/airflow/example_dags/example_python_operator.py
[2026-07-01T09:44:23.871+0000] {processor.py:914} INFO - Processing file /home/airflow/.local/lib/python3.12/site-packages/airflow/example_dags/example_python_operator.py for tasks to queue
[2026-07-01T09:44:23.873+0000] {logging_mixin.py:190} INFO - [2026-07-01T09:44:23.873+0000] {dagbag.py:587} INFO - Filling up the DagBag from /home/airflow/.local/lib/python3.12/site-packages/airflow/example_dags/example_python_operator.py
[2026-07-01T09:44:23.882+0000] {processor.py:925} INFO - DAG(s) 'example_python_operator' retrieved from /home/airflow/.local/lib/python3.12/site-packages/airflow/example_dags/example_python_operator.py
[2026-07-01T09:44:23.897+0000] {logging_mixin.py:190} INFO - [2026-07-01T09:44:23.897+0000] {dag.py:3211} INFO - Sync 1 DAGs
[2026-07-01T09:44:23.906+0000] {logging_mixin.py:190} INFO - [2026-07-01T09:44:23.906+0000] {dag.py:4138} INFO - Setting next_dagrun for example_python_operator to None, run_after=None
[2026-07-01T09:44:23.917+0000] {processor.py:208} INFO - Processing /home/airflow/.local/lib/python3.12/site-packages/airflow/example_dags/example_python_operator.py took 0.056 seconds
[2026-07-01T09:44:54.111+0000] {processor.py:186} INFO - Started process (PID=3849) to work on /home/airflow/.local/lib/python3.12/site-packages/airflow/example_dags/example_python_operator.py
[2026-07-01T09:44:54.113+0000] {processor.py:914} INFO - Processing file /home/airflow/.local/lib/python3.12/site-packages/airflow/example_dags/example_python_operator.py for tasks to queue
[2026-07-01T09:44:54.115+0000] {logging_mixin.py:190} INFO - [2026-07-01T09:44:54.115+0000] {dagbag.py:587} INFO - Filling up the DagBag from /home/airflow/.local/lib/python3.12/site-packages/airflow/example_dags/example_python_operator.py
[2026-07-01T09:44:54.125+0000] {processor.py:925} INFO - DAG(s) 'example_python_operator' retrieved from /home/airflow/.local/lib/python3.12/site-packages/airflow/example_dags/example_python_operator.py
[2026-07-01T09:44:54.140+0000] {logging_mixin.py:190} INFO - [2026-07-01T09:44:54.140+0000] {dag.py:3211} INFO - Sync 1 DAGs
[2026-07-01T09:44:54.150+0000] {logging_mixin.py:190} INFO - [2026-07-01T09:44:54.150+0000] {dag.py:4138} INFO - Setting next_dagrun for example_python_operator to None, run_after=None
[2026-07-01T09:44:54.163+0000] {processor.py:208} INFO - Processing /home/airflow/.local/lib/python3.12/site-packages/airflow/example_dags/example_python_operator.py took 0.056 seconds
[2026-07-01T09:45:24.586+0000] {processor.py:186} INFO - Started process (PID=3911) to work on /home/airflow/.local/lib/python3.12/site-packages/airflow/example_dags/example_python_operator.py
[2026-07-01T09:45:24.587+0000] {processor.py:914} INFO - Processing file /home/airflow/.local/lib/python3.12/site-packages/airflow/example_dags/example_python_operator.py for tasks to queue
[2026-07-01T09:45:24.589+0000] {logging_mixin.py:190} INFO - [2026-07-01T09:45:24.589+0000] {dagbag.py:587} INFO - Filling up the DagBag from /home/airflow/.local/lib/python3.12/site-packages/airflow/example_dags/example_python_operator.py
[2026-07-01T09:45:24.598+0000] {processor.py:925} INFO - DAG(s) 'example_python_operator' retrieved from /home/airflow/.local/lib/python3.12/site-packages/airflow/example_dags/example_python_operator.py
[2026-07-01T09:45:24.614+0000] {logging_mixin.py:190} INFO - [2026-07-01T09:45:24.614+0000] {dag.py:3211} INFO - Sync 1 DAGs
[2026-07-01T09:45:24.623+0000] {logging_mixin.py:190} INFO - [2026-07-01T09:45:24.623+0000] {dag.py:4138} INFO - Setting next_dagrun for example_python_operator to None, run_after=None
[2026-07-01T09:45:24.634+0000] {processor.py:208} INFO - Processing /home/airflow/.local/lib/python3.12/site-packages/airflow/example_dags/example_python_operator.py took 0.052 seconds
