[2026-07-01T09:09:40.116+0000] {processor.py:186} INFO - Started process (PID=80) to work on /home/airflow/.local/lib/python3.12/site-packages/airflow/example_dags/example_sensors.py
[2026-07-01T09:09:40.117+0000] {processor.py:914} INFO - Processing file /home/airflow/.local/lib/python3.12/site-packages/airflow/example_dags/example_sensors.py for tasks to queue
[2026-07-01T09:09:40.120+0000] {logging_mixin.py:190} INFO - [2026-07-01T09:09:40.120+0000] {dagbag.py:587} INFO - Filling up the DagBag from /home/airflow/.local/lib/python3.12/site-packages/airflow/example_dags/example_sensors.py
[2026-07-01T09:09:40.134+0000] {processor.py:925} INFO - DAG(s) 'example_sensors' retrieved from /home/airflow/.local/lib/python3.12/site-packages/airflow/example_dags/example_sensors.py
[2026-07-01T09:09:40.222+0000] {logging_mixin.py:190} INFO - [2026-07-01T09:09:40.221+0000] {override.py:1858} INFO - Created Permission View: can read on DAG:example_sensors
[2026-07-01T09:09:40.230+0000] {logging_mixin.py:190} INFO - [2026-07-01T09:09:40.229+0000] {override.py:1858} INFO - Created Permission View: can delete on DAG:example_sensors
[2026-07-01T09:09:40.236+0000] {logging_mixin.py:190} INFO - [2026-07-01T09:09:40.235+0000] {override.py:1858} INFO - Created Permission View: can edit on DAG:example_sensors
[2026-07-01T09:09:40.237+0000] {logging_mixin.py:190} INFO - [2026-07-01T09:09:40.236+0000] {dag.py:3211} INFO - Sync 1 DAGs
[2026-07-01T09:09:40.247+0000] {logging_mixin.py:190} INFO - [2026-07-01T09:09:40.246+0000] {dag.py:3234} INFO - Creating ORM DAG for example_sensors
[2026-07-01T09:09:40.248+0000] {logging_mixin.py:190} INFO - [2026-07-01T09:09:40.248+0000] {dag.py:4138} INFO - Setting next_dagrun for example_sensors to None, run_after=None
[2026-07-01T09:09:40.261+0000] {processor.py:208} INFO - Processing /home/airflow/.local/lib/python3.12/site-packages/airflow/example_dags/example_sensors.py took 0.151 seconds
[2026-07-01T09:10:10.924+0000] {processor.py:186} INFO - Started process (PID=148) to work on /home/airflow/.local/lib/python3.12/site-packages/airflow/example_dags/example_sensors.py
[2026-07-01T09:10:10.925+0000] {processor.py:914} INFO - Processing file /home/airflow/.local/lib/python3.12/site-packages/airflow/example_dags/example_sensors.py for tasks to queue
[2026-07-01T09:10:10.927+0000] {logging_mixin.py:190} INFO - [2026-07-01T09:10:10.927+0000] {dagbag.py:587} INFO - Filling up the DagBag from /home/airflow/.local/lib/python3.12/site-packages/airflow/example_dags/example_sensors.py
[2026-07-01T09:10:10.935+0000] {processor.py:925} INFO - DAG(s) 'example_sensors' retrieved from /home/airflow/.local/lib/python3.12/site-packages/airflow/example_dags/example_sensors.py
[2026-07-01T09:10:10.952+0000] {logging_mixin.py:190} INFO - [2026-07-01T09:10:10.952+0000] {dag.py:3211} INFO - Sync 1 DAGs
[2026-07-01T09:10:10.961+0000] {logging_mixin.py:190} INFO - [2026-07-01T09:10:10.961+0000] {dag.py:4138} INFO - Setting next_dagrun for example_sensors to None, run_after=None
[2026-07-01T09:10:10.972+0000] {processor.py:208} INFO - Processing /home/airflow/.local/lib/python3.12/site-packages/airflow/example_dags/example_sensors.py took 0.052 seconds
[2026-07-01T09:10:41.281+0000] {processor.py:186} INFO - Started process (PID=210) to work on /home/airflow/.local/lib/python3.12/site-packages/airflow/example_dags/example_sensors.py
[2026-07-01T09:10:41.282+0000] {processor.py:914} INFO - Processing file /home/airflow/.local/lib/python3.12/site-packages/airflow/example_dags/example_sensors.py for tasks to queue
[2026-07-01T09:10:41.284+0000] {logging_mixin.py:190} INFO - [2026-07-01T09:10:41.284+0000] {dagbag.py:587} INFO - Filling up the DagBag from /home/airflow/.local/lib/python3.12/site-packages/airflow/example_dags/example_sensors.py
[2026-07-01T09:10:41.291+0000] {processor.py:925} INFO - DAG(s) 'example_sensors' retrieved from /home/airflow/.local/lib/python3.12/site-packages/airflow/example_dags/example_sensors.py
[2026-07-01T09:10:41.306+0000] {logging_mixin.py:190} INFO - [2026-07-01T09:10:41.306+0000] {dag.py:3211} INFO - Sync 1 DAGs
[2026-07-01T09:10:41.315+0000] {logging_mixin.py:190} INFO - [2026-07-01T09:10:41.315+0000] {dag.py:4138} INFO - Setting next_dagrun for example_sensors to None, run_after=None
[2026-07-01T09:10:41.328+0000] {processor.py:208} INFO - Processing /home/airflow/.local/lib/python3.12/site-packages/airflow/example_dags/example_sensors.py took 0.050 seconds
[2026-07-01T09:11:11.527+0000] {processor.py:186} INFO - Started process (PID=272) to work on /home/airflow/.local/lib/python3.12/site-packages/airflow/example_dags/example_sensors.py
[2026-07-01T09:11:11.529+0000] {processor.py:914} INFO - Processing file /home/airflow/.local/lib/python3.12/site-packages/airflow/example_dags/example_sensors.py for tasks to queue
[2026-07-01T09:11:11.531+0000] {logging_mixin.py:190} INFO - [2026-07-01T09:11:11.531+0000] {dagbag.py:587} INFO - Filling up the DagBag from /home/airflow/.local/lib/python3.12/site-packages/airflow/example_dags/example_sensors.py
[2026-07-01T09:11:11.538+0000] {processor.py:925} INFO - DAG(s) 'example_sensors' retrieved from /home/airflow/.local/lib/python3.12/site-packages/airflow/example_dags/example_sensors.py
[2026-07-01T09:11:11.557+0000] {logging_mixin.py:190} INFO - [2026-07-01T09:11:11.556+0000] {dag.py:3211} INFO - Sync 1 DAGs
[2026-07-01T09:11:11.568+0000] {logging_mixin.py:190} INFO - [2026-07-01T09:11:11.567+0000] {dag.py:4138} INFO - Setting next_dagrun for example_sensors to None, run_after=None
[2026-07-01T09:11:11.583+0000] {processor.py:208} INFO - Processing /home/airflow/.local/lib/python3.12/site-packages/airflow/example_dags/example_sensors.py took 0.060 seconds
[2026-07-01T09:11:41.897+0000] {processor.py:186} INFO - Started process (PID=334) to work on /home/airflow/.local/lib/python3.12/site-packages/airflow/example_dags/example_sensors.py
[2026-07-01T09:11:41.898+0000] {processor.py:914} INFO - Processing file /home/airflow/.local/lib/python3.12/site-packages/airflow/example_dags/example_sensors.py for tasks to queue
[2026-07-01T09:11:41.900+0000] {logging_mixin.py:190} INFO - [2026-07-01T09:11:41.900+0000] {dagbag.py:587} INFO - Filling up the DagBag from /home/airflow/.local/lib/python3.12/site-packages/airflow/example_dags/example_sensors.py
[2026-07-01T09:11:41.909+0000] {processor.py:925} INFO - DAG(s) 'example_sensors' retrieved from /home/airflow/.local/lib/python3.12/site-packages/airflow/example_dags/example_sensors.py
[2026-07-01T09:11:41.934+0000] {logging_mixin.py:190} INFO - [2026-07-01T09:11:41.934+0000] {dag.py:3211} INFO - Sync 1 DAGs
[2026-07-01T09:11:41.947+0000] {logging_mixin.py:190} INFO - [2026-07-01T09:11:41.947+0000] {dag.py:4138} INFO - Setting next_dagrun for example_sensors to None, run_after=None
[2026-07-01T09:11:41.963+0000] {processor.py:208} INFO - Processing /home/airflow/.local/lib/python3.12/site-packages/airflow/example_dags/example_sensors.py took 0.071 seconds
[2026-07-01T09:12:12.194+0000] {processor.py:186} INFO - Started process (PID=396) to work on /home/airflow/.local/lib/python3.12/site-packages/airflow/example_dags/example_sensors.py
[2026-07-01T09:12:12.195+0000] {processor.py:914} INFO - Processing file /home/airflow/.local/lib/python3.12/site-packages/airflow/example_dags/example_sensors.py for tasks to queue
[2026-07-01T09:12:12.198+0000] {logging_mixin.py:190} INFO - [2026-07-01T09:12:12.197+0000] {dagbag.py:587} INFO - Filling up the DagBag from /home/airflow/.local/lib/python3.12/site-packages/airflow/example_dags/example_sensors.py
[2026-07-01T09:12:12.205+0000] {processor.py:925} INFO - DAG(s) 'example_sensors' retrieved from /home/airflow/.local/lib/python3.12/site-packages/airflow/example_dags/example_sensors.py
[2026-07-01T09:12:12.223+0000] {logging_mixin.py:190} INFO - [2026-07-01T09:12:12.222+0000] {dag.py:3211} INFO - Sync 1 DAGs
[2026-07-01T09:12:12.232+0000] {logging_mixin.py:190} INFO - [2026-07-01T09:12:12.231+0000] {dag.py:4138} INFO - Setting next_dagrun for example_sensors to None, run_after=None
[2026-07-01T09:12:12.243+0000] {processor.py:208} INFO - Processing /home/airflow/.local/lib/python3.12/site-packages/airflow/example_dags/example_sensors.py took 0.053 seconds
[2026-07-01T09:12:42.809+0000] {processor.py:186} INFO - Started process (PID=458) to work on /home/airflow/.local/lib/python3.12/site-packages/airflow/example_dags/example_sensors.py
[2026-07-01T09:12:42.810+0000] {processor.py:914} INFO - Processing file /home/airflow/.local/lib/python3.12/site-packages/airflow/example_dags/example_sensors.py for tasks to queue
[2026-07-01T09:12:42.812+0000] {logging_mixin.py:190} INFO - [2026-07-01T09:12:42.812+0000] {dagbag.py:587} INFO - Filling up the DagBag from /home/airflow/.local/lib/python3.12/site-packages/airflow/example_dags/example_sensors.py
[2026-07-01T09:12:42.820+0000] {processor.py:925} INFO - DAG(s) 'example_sensors' retrieved from /home/airflow/.local/lib/python3.12/site-packages/airflow/example_dags/example_sensors.py
[2026-07-01T09:12:42.841+0000] {logging_mixin.py:190} INFO - [2026-07-01T09:12:42.840+0000] {dag.py:3211} INFO - Sync 1 DAGs
[2026-07-01T09:12:42.857+0000] {logging_mixin.py:190} INFO - [2026-07-01T09:12:42.856+0000] {dag.py:4138} INFO - Setting next_dagrun for example_sensors to None, run_after=None
[2026-07-01T09:12:42.873+0000] {processor.py:208} INFO - Processing /home/airflow/.local/lib/python3.12/site-packages/airflow/example_dags/example_sensors.py took 0.068 seconds
[2026-07-01T09:13:13.314+0000] {processor.py:186} INFO - Started process (PID=520) to work on /home/airflow/.local/lib/python3.12/site-packages/airflow/example_dags/example_sensors.py
[2026-07-01T09:13:13.315+0000] {processor.py:914} INFO - Processing file /home/airflow/.local/lib/python3.12/site-packages/airflow/example_dags/example_sensors.py for tasks to queue
[2026-07-01T09:13:13.316+0000] {logging_mixin.py:190} INFO - [2026-07-01T09:13:13.316+0000] {dagbag.py:587} INFO - Filling up the DagBag from /home/airflow/.local/lib/python3.12/site-packages/airflow/example_dags/example_sensors.py
[2026-07-01T09:13:13.324+0000] {processor.py:925} INFO - DAG(s) 'example_sensors' retrieved from /home/airflow/.local/lib/python3.12/site-packages/airflow/example_dags/example_sensors.py
[2026-07-01T09:13:13.341+0000] {logging_mixin.py:190} INFO - [2026-07-01T09:13:13.341+0000] {dag.py:3211} INFO - Sync 1 DAGs
[2026-07-01T09:13:13.350+0000] {logging_mixin.py:190} INFO - [2026-07-01T09:13:13.350+0000] {dag.py:4138} INFO - Setting next_dagrun for example_sensors to None, run_after=None
[2026-07-01T09:13:13.363+0000] {processor.py:208} INFO - Processing /home/airflow/.local/lib/python3.12/site-packages/airflow/example_dags/example_sensors.py took 0.053 seconds
[2026-07-01T09:13:44.127+0000] {processor.py:186} INFO - Started process (PID=582) to work on /home/airflow/.local/lib/python3.12/site-packages/airflow/example_dags/example_sensors.py
[2026-07-01T09:13:44.128+0000] {processor.py:914} INFO - Processing file /home/airflow/.local/lib/python3.12/site-packages/airflow/example_dags/example_sensors.py for tasks to queue
[2026-07-01T09:13:44.130+0000] {logging_mixin.py:190} INFO - [2026-07-01T09:13:44.129+0000] {dagbag.py:587} INFO - Filling up the DagBag from /home/airflow/.local/lib/python3.12/site-packages/airflow/example_dags/example_sensors.py
[2026-07-01T09:13:44.137+0000] {processor.py:925} INFO - DAG(s) 'example_sensors' retrieved from /home/airflow/.local/lib/python3.12/site-packages/airflow/example_dags/example_sensors.py
[2026-07-01T09:13:44.155+0000] {logging_mixin.py:190} INFO - [2026-07-01T09:13:44.155+0000] {dag.py:3211} INFO - Sync 1 DAGs
[2026-07-01T09:13:44.164+0000] {logging_mixin.py:190} INFO - [2026-07-01T09:13:44.164+0000] {dag.py:4138} INFO - Setting next_dagrun for example_sensors to None, run_after=None
[2026-07-01T09:13:44.176+0000] {processor.py:208} INFO - Processing /home/airflow/.local/lib/python3.12/site-packages/airflow/example_dags/example_sensors.py took 0.054 seconds
[2026-07-01T09:14:15.325+0000] {processor.py:186} INFO - Started process (PID=644) to work on /home/airflow/.local/lib/python3.12/site-packages/airflow/example_dags/example_sensors.py
[2026-07-01T09:14:15.326+0000] {processor.py:914} INFO - Processing file /home/airflow/.local/lib/python3.12/site-packages/airflow/example_dags/example_sensors.py for tasks to queue
[2026-07-01T09:14:15.328+0000] {logging_mixin.py:190} INFO - [2026-07-01T09:14:15.328+0000] {dagbag.py:587} INFO - Filling up the DagBag from /home/airflow/.local/lib/python3.12/site-packages/airflow/example_dags/example_sensors.py
[2026-07-01T09:14:15.336+0000] {processor.py:925} INFO - DAG(s) 'example_sensors' retrieved from /home/airflow/.local/lib/python3.12/site-packages/airflow/example_dags/example_sensors.py
[2026-07-01T09:14:15.353+0000] {logging_mixin.py:190} INFO - [2026-07-01T09:14:15.353+0000] {dag.py:3211} INFO - Sync 1 DAGs
[2026-07-01T09:14:15.362+0000] {logging_mixin.py:190} INFO - [2026-07-01T09:14:15.362+0000] {dag.py:4138} INFO - Setting next_dagrun for example_sensors to None, run_after=None
[2026-07-01T09:14:15.375+0000] {processor.py:208} INFO - Processing /home/airflow/.local/lib/python3.12/site-packages/airflow/example_dags/example_sensors.py took 0.055 seconds
[2026-07-01T09:14:45.511+0000] {processor.py:186} INFO - Started process (PID=706) to work on /home/airflow/.local/lib/python3.12/site-packages/airflow/example_dags/example_sensors.py
[2026-07-01T09:14:45.512+0000] {processor.py:914} INFO - Processing file /home/airflow/.local/lib/python3.12/site-packages/airflow/example_dags/example_sensors.py for tasks to queue
[2026-07-01T09:14:45.513+0000] {logging_mixin.py:190} INFO - [2026-07-01T09:14:45.513+0000] {dagbag.py:587} INFO - Filling up the DagBag from /home/airflow/.local/lib/python3.12/site-packages/airflow/example_dags/example_sensors.py
[2026-07-01T09:14:45.521+0000] {processor.py:925} INFO - DAG(s) 'example_sensors' retrieved from /home/airflow/.local/lib/python3.12/site-packages/airflow/example_dags/example_sensors.py
[2026-07-01T09:14:45.537+0000] {logging_mixin.py:190} INFO - [2026-07-01T09:14:45.537+0000] {dag.py:3211} INFO - Sync 1 DAGs
[2026-07-01T09:14:45.546+0000] {logging_mixin.py:190} INFO - [2026-07-01T09:14:45.546+0000] {dag.py:4138} INFO - Setting next_dagrun for example_sensors to None, run_after=None
[2026-07-01T09:14:45.558+0000] {processor.py:208} INFO - Processing /home/airflow/.local/lib/python3.12/site-packages/airflow/example_dags/example_sensors.py took 0.052 seconds
[2026-07-01T09:15:16.464+0000] {processor.py:186} INFO - Started process (PID=768) to work on /home/airflow/.local/lib/python3.12/site-packages/airflow/example_dags/example_sensors.py
[2026-07-01T09:15:16.465+0000] {processor.py:914} INFO - Processing file /home/airflow/.local/lib/python3.12/site-packages/airflow/example_dags/example_sensors.py for tasks to queue
[2026-07-01T09:15:16.467+0000] {logging_mixin.py:190} INFO - [2026-07-01T09:15:16.467+0000] {dagbag.py:587} INFO - Filling up the DagBag from /home/airflow/.local/lib/python3.12/site-packages/airflow/example_dags/example_sensors.py
[2026-07-01T09:15:16.478+0000] {processor.py:925} INFO - DAG(s) 'example_sensors' retrieved from /home/airflow/.local/lib/python3.12/site-packages/airflow/example_dags/example_sensors.py
[2026-07-01T09:15:16.495+0000] {logging_mixin.py:190} INFO - [2026-07-01T09:15:16.495+0000] {dag.py:3211} INFO - Sync 1 DAGs
[2026-07-01T09:15:16.504+0000] {logging_mixin.py:190} INFO - [2026-07-01T09:15:16.504+0000] {dag.py:4138} INFO - Setting next_dagrun for example_sensors to None, run_after=None
[2026-07-01T09:15:16.517+0000] {processor.py:208} INFO - Processing /home/airflow/.local/lib/python3.12/site-packages/airflow/example_dags/example_sensors.py took 0.058 seconds
[2026-07-01T09:15:47.308+0000] {processor.py:186} INFO - Started process (PID=830) to work on /home/airflow/.local/lib/python3.12/site-packages/airflow/example_dags/example_sensors.py
[2026-07-01T09:15:47.309+0000] {processor.py:914} INFO - Processing file /home/airflow/.local/lib/python3.12/site-packages/airflow/example_dags/example_sensors.py for tasks to queue
[2026-07-01T09:15:47.311+0000] {logging_mixin.py:190} INFO - [2026-07-01T09:15:47.311+0000] {dagbag.py:587} INFO - Filling up the DagBag from /home/airflow/.local/lib/python3.12/site-packages/airflow/example_dags/example_sensors.py
[2026-07-01T09:15:47.319+0000] {processor.py:925} INFO - DAG(s) 'example_sensors' retrieved from /home/airflow/.local/lib/python3.12/site-packages/airflow/example_dags/example_sensors.py
[2026-07-01T09:15:47.340+0000] {logging_mixin.py:190} INFO - [2026-07-01T09:15:47.340+0000] {dag.py:3211} INFO - Sync 1 DAGs
[2026-07-01T09:15:47.356+0000] {logging_mixin.py:190} INFO - [2026-07-01T09:15:47.356+0000] {dag.py:4138} INFO - Setting next_dagrun for example_sensors to None, run_after=None
[2026-07-01T09:15:47.400+0000] {processor.py:208} INFO - Processing /home/airflow/.local/lib/python3.12/site-packages/airflow/example_dags/example_sensors.py took 0.097 seconds
[2026-07-01T09:16:17.612+0000] {processor.py:186} INFO - Started process (PID=892) to work on /home/airflow/.local/lib/python3.12/site-packages/airflow/example_dags/example_sensors.py
[2026-07-01T09:16:17.614+0000] {processor.py:914} INFO - Processing file /home/airflow/.local/lib/python3.12/site-packages/airflow/example_dags/example_sensors.py for tasks to queue
[2026-07-01T09:16:17.616+0000] {logging_mixin.py:190} INFO - [2026-07-01T09:16:17.616+0000] {dagbag.py:587} INFO - Filling up the DagBag from /home/airflow/.local/lib/python3.12/site-packages/airflow/example_dags/example_sensors.py
[2026-07-01T09:16:17.626+0000] {processor.py:925} INFO - DAG(s) 'example_sensors' retrieved from /home/airflow/.local/lib/python3.12/site-packages/airflow/example_dags/example_sensors.py
[2026-07-01T09:16:17.647+0000] {logging_mixin.py:190} INFO - [2026-07-01T09:16:17.647+0000] {dag.py:3211} INFO - Sync 1 DAGs
[2026-07-01T09:16:17.658+0000] {logging_mixin.py:190} INFO - [2026-07-01T09:16:17.658+0000] {dag.py:4138} INFO - Setting next_dagrun for example_sensors to None, run_after=None
[2026-07-01T09:16:17.672+0000] {processor.py:208} INFO - Processing /home/airflow/.local/lib/python3.12/site-packages/airflow/example_dags/example_sensors.py took 0.065 seconds
[2026-07-01T09:16:47.818+0000] {processor.py:186} INFO - Started process (PID=954) to work on /home/airflow/.local/lib/python3.12/site-packages/airflow/example_dags/example_sensors.py
[2026-07-01T09:16:47.819+0000] {processor.py:914} INFO - Processing file /home/airflow/.local/lib/python3.12/site-packages/airflow/example_dags/example_sensors.py for tasks to queue
[2026-07-01T09:16:47.821+0000] {logging_mixin.py:190} INFO - [2026-07-01T09:16:47.820+0000] {dagbag.py:587} INFO - Filling up the DagBag from /home/airflow/.local/lib/python3.12/site-packages/airflow/example_dags/example_sensors.py
[2026-07-01T09:16:47.828+0000] {processor.py:925} INFO - DAG(s) 'example_sensors' retrieved from /home/airflow/.local/lib/python3.12/site-packages/airflow/example_dags/example_sensors.py
[2026-07-01T09:16:47.845+0000] {logging_mixin.py:190} INFO - [2026-07-01T09:16:47.845+0000] {dag.py:3211} INFO - Sync 1 DAGs
[2026-07-01T09:16:47.854+0000] {logging_mixin.py:190} INFO - [2026-07-01T09:16:47.854+0000] {dag.py:4138} INFO - Setting next_dagrun for example_sensors to None, run_after=None
[2026-07-01T09:16:47.866+0000] {processor.py:208} INFO - Processing /home/airflow/.local/lib/python3.12/site-packages/airflow/example_dags/example_sensors.py took 0.053 seconds
[2026-07-01T09:17:18.256+0000] {processor.py:186} INFO - Started process (PID=1016) to work on /home/airflow/.local/lib/python3.12/site-packages/airflow/example_dags/example_sensors.py
[2026-07-01T09:17:18.257+0000] {processor.py:914} INFO - Processing file /home/airflow/.local/lib/python3.12/site-packages/airflow/example_dags/example_sensors.py for tasks to queue
[2026-07-01T09:17:18.260+0000] {logging_mixin.py:190} INFO - [2026-07-01T09:17:18.259+0000] {dagbag.py:587} INFO - Filling up the DagBag from /home/airflow/.local/lib/python3.12/site-packages/airflow/example_dags/example_sensors.py
[2026-07-01T09:17:18.272+0000] {processor.py:925} INFO - DAG(s) 'example_sensors' retrieved from /home/airflow/.local/lib/python3.12/site-packages/airflow/example_dags/example_sensors.py
[2026-07-01T09:17:18.298+0000] {logging_mixin.py:190} INFO - [2026-07-01T09:17:18.298+0000] {dag.py:3211} INFO - Sync 1 DAGs
[2026-07-01T09:17:18.311+0000] {logging_mixin.py:190} INFO - [2026-07-01T09:17:18.311+0000] {dag.py:4138} INFO - Setting next_dagrun for example_sensors to None, run_after=None
[2026-07-01T09:17:18.335+0000] {processor.py:208} INFO - Processing /home/airflow/.local/lib/python3.12/site-packages/airflow/example_dags/example_sensors.py took 0.088 seconds
[2026-07-01T09:17:48.586+0000] {processor.py:186} INFO - Started process (PID=1078) to work on /home/airflow/.local/lib/python3.12/site-packages/airflow/example_dags/example_sensors.py
[2026-07-01T09:17:48.587+0000] {processor.py:914} INFO - Processing file /home/airflow/.local/lib/python3.12/site-packages/airflow/example_dags/example_sensors.py for tasks to queue
[2026-07-01T09:17:48.590+0000] {logging_mixin.py:190} INFO - [2026-07-01T09:17:48.590+0000] {dagbag.py:587} INFO - Filling up the DagBag from /home/airflow/.local/lib/python3.12/site-packages/airflow/example_dags/example_sensors.py
[2026-07-01T09:17:48.600+0000] {processor.py:925} INFO - DAG(s) 'example_sensors' retrieved from /home/airflow/.local/lib/python3.12/site-packages/airflow/example_dags/example_sensors.py
[2026-07-01T09:17:48.624+0000] {logging_mixin.py:190} INFO - [2026-07-01T09:17:48.624+0000] {dag.py:3211} INFO - Sync 1 DAGs
[2026-07-01T09:17:48.637+0000] {logging_mixin.py:190} INFO - [2026-07-01T09:17:48.636+0000] {dag.py:4138} INFO - Setting next_dagrun for example_sensors to None, run_after=None
[2026-07-01T09:17:48.669+0000] {processor.py:208} INFO - Processing /home/airflow/.local/lib/python3.12/site-packages/airflow/example_dags/example_sensors.py took 0.088 seconds
[2026-07-01T09:18:18.830+0000] {processor.py:186} INFO - Started process (PID=1140) to work on /home/airflow/.local/lib/python3.12/site-packages/airflow/example_dags/example_sensors.py
[2026-07-01T09:18:18.831+0000] {processor.py:914} INFO - Processing file /home/airflow/.local/lib/python3.12/site-packages/airflow/example_dags/example_sensors.py for tasks to queue
[2026-07-01T09:18:18.832+0000] {logging_mixin.py:190} INFO - [2026-07-01T09:18:18.832+0000] {dagbag.py:587} INFO - Filling up the DagBag from /home/airflow/.local/lib/python3.12/site-packages/airflow/example_dags/example_sensors.py
[2026-07-01T09:18:18.839+0000] {processor.py:925} INFO - DAG(s) 'example_sensors' retrieved from /home/airflow/.local/lib/python3.12/site-packages/airflow/example_dags/example_sensors.py
[2026-07-01T09:18:18.855+0000] {logging_mixin.py:190} INFO - [2026-07-01T09:18:18.855+0000] {dag.py:3211} INFO - Sync 1 DAGs
[2026-07-01T09:18:18.863+0000] {logging_mixin.py:190} INFO - [2026-07-01T09:18:18.863+0000] {dag.py:4138} INFO - Setting next_dagrun for example_sensors to None, run_after=None
[2026-07-01T09:18:18.875+0000] {processor.py:208} INFO - Processing /home/airflow/.local/lib/python3.12/site-packages/airflow/example_dags/example_sensors.py took 0.049 seconds
[2026-07-01T09:18:49.062+0000] {processor.py:186} INFO - Started process (PID=1202) to work on /home/airflow/.local/lib/python3.12/site-packages/airflow/example_dags/example_sensors.py
[2026-07-01T09:18:49.064+0000] {processor.py:914} INFO - Processing file /home/airflow/.local/lib/python3.12/site-packages/airflow/example_dags/example_sensors.py for tasks to queue
[2026-07-01T09:18:49.066+0000] {logging_mixin.py:190} INFO - [2026-07-01T09:18:49.066+0000] {dagbag.py:587} INFO - Filling up the DagBag from /home/airflow/.local/lib/python3.12/site-packages/airflow/example_dags/example_sensors.py
[2026-07-01T09:18:49.074+0000] {processor.py:925} INFO - DAG(s) 'example_sensors' retrieved from /home/airflow/.local/lib/python3.12/site-packages/airflow/example_dags/example_sensors.py
[2026-07-01T09:18:49.091+0000] {logging_mixin.py:190} INFO - [2026-07-01T09:18:49.091+0000] {dag.py:3211} INFO - Sync 1 DAGs
[2026-07-01T09:18:49.100+0000] {logging_mixin.py:190} INFO - [2026-07-01T09:18:49.100+0000] {dag.py:4138} INFO - Setting next_dagrun for example_sensors to None, run_after=None
[2026-07-01T09:18:49.112+0000] {processor.py:208} INFO - Processing /home/airflow/.local/lib/python3.12/site-packages/airflow/example_dags/example_sensors.py took 0.055 seconds
[2026-07-01T09:19:19.831+0000] {processor.py:186} INFO - Started process (PID=1264) to work on /home/airflow/.local/lib/python3.12/site-packages/airflow/example_dags/example_sensors.py
[2026-07-01T09:19:19.832+0000] {processor.py:914} INFO - Processing file /home/airflow/.local/lib/python3.12/site-packages/airflow/example_dags/example_sensors.py for tasks to queue
[2026-07-01T09:19:19.834+0000] {logging_mixin.py:190} INFO - [2026-07-01T09:19:19.833+0000] {dagbag.py:587} INFO - Filling up the DagBag from /home/airflow/.local/lib/python3.12/site-packages/airflow/example_dags/example_sensors.py
[2026-07-01T09:19:19.840+0000] {processor.py:925} INFO - DAG(s) 'example_sensors' retrieved from /home/airflow/.local/lib/python3.12/site-packages/airflow/example_dags/example_sensors.py
[2026-07-01T09:19:19.856+0000] {logging_mixin.py:190} INFO - [2026-07-01T09:19:19.856+0000] {dag.py:3211} INFO - Sync 1 DAGs
[2026-07-01T09:19:19.865+0000] {logging_mixin.py:190} INFO - [2026-07-01T09:19:19.865+0000] {dag.py:4138} INFO - Setting next_dagrun for example_sensors to None, run_after=None
[2026-07-01T09:19:19.877+0000] {processor.py:208} INFO - Processing /home/airflow/.local/lib/python3.12/site-packages/airflow/example_dags/example_sensors.py took 0.050 seconds
[2026-07-01T09:19:50.599+0000] {processor.py:186} INFO - Started process (PID=1326) to work on /home/airflow/.local/lib/python3.12/site-packages/airflow/example_dags/example_sensors.py
[2026-07-01T09:19:50.600+0000] {processor.py:914} INFO - Processing file /home/airflow/.local/lib/python3.12/site-packages/airflow/example_dags/example_sensors.py for tasks to queue
[2026-07-01T09:19:50.603+0000] {logging_mixin.py:190} INFO - [2026-07-01T09:19:50.603+0000] {dagbag.py:587} INFO - Filling up the DagBag from /home/airflow/.local/lib/python3.12/site-packages/airflow/example_dags/example_sensors.py
[2026-07-01T09:19:50.611+0000] {processor.py:925} INFO - DAG(s) 'example_sensors' retrieved from /home/airflow/.local/lib/python3.12/site-packages/airflow/example_dags/example_sensors.py
[2026-07-01T09:19:50.629+0000] {logging_mixin.py:190} INFO - [2026-07-01T09:19:50.628+0000] {dag.py:3211} INFO - Sync 1 DAGs
[2026-07-01T09:19:50.639+0000] {logging_mixin.py:190} INFO - [2026-07-01T09:19:50.639+0000] {dag.py:4138} INFO - Setting next_dagrun for example_sensors to None, run_after=None
[2026-07-01T09:19:50.656+0000] {processor.py:208} INFO - Processing /home/airflow/.local/lib/python3.12/site-packages/airflow/example_dags/example_sensors.py took 0.061 seconds
[2026-07-01T09:20:21.295+0000] {processor.py:186} INFO - Started process (PID=1388) to work on /home/airflow/.local/lib/python3.12/site-packages/airflow/example_dags/example_sensors.py
[2026-07-01T09:20:21.297+0000] {processor.py:914} INFO - Processing file /home/airflow/.local/lib/python3.12/site-packages/airflow/example_dags/example_sensors.py for tasks to queue
[2026-07-01T09:20:21.300+0000] {logging_mixin.py:190} INFO - [2026-07-01T09:20:21.300+0000] {dagbag.py:587} INFO - Filling up the DagBag from /home/airflow/.local/lib/python3.12/site-packages/airflow/example_dags/example_sensors.py
[2026-07-01T09:20:21.309+0000] {processor.py:925} INFO - DAG(s) 'example_sensors' retrieved from /home/airflow/.local/lib/python3.12/site-packages/airflow/example_dags/example_sensors.py
[2026-07-01T09:20:21.327+0000] {logging_mixin.py:190} INFO - [2026-07-01T09:20:21.327+0000] {dag.py:3211} INFO - Sync 1 DAGs
[2026-07-01T09:20:21.337+0000] {logging_mixin.py:190} INFO - [2026-07-01T09:20:21.336+0000] {dag.py:4138} INFO - Setting next_dagrun for example_sensors to None, run_after=None
[2026-07-01T09:20:21.349+0000] {processor.py:208} INFO - Processing /home/airflow/.local/lib/python3.12/site-packages/airflow/example_dags/example_sensors.py took 0.059 seconds
[2026-07-01T09:20:52.168+0000] {processor.py:186} INFO - Started process (PID=1450) to work on /home/airflow/.local/lib/python3.12/site-packages/airflow/example_dags/example_sensors.py
[2026-07-01T09:20:52.168+0000] {processor.py:914} INFO - Processing file /home/airflow/.local/lib/python3.12/site-packages/airflow/example_dags/example_sensors.py for tasks to queue
[2026-07-01T09:20:52.171+0000] {logging_mixin.py:190} INFO - [2026-07-01T09:20:52.170+0000] {dagbag.py:587} INFO - Filling up the DagBag from /home/airflow/.local/lib/python3.12/site-packages/airflow/example_dags/example_sensors.py
[2026-07-01T09:20:52.178+0000] {processor.py:925} INFO - DAG(s) 'example_sensors' retrieved from /home/airflow/.local/lib/python3.12/site-packages/airflow/example_dags/example_sensors.py
[2026-07-01T09:20:52.195+0000] {logging_mixin.py:190} INFO - [2026-07-01T09:20:52.195+0000] {dag.py:3211} INFO - Sync 1 DAGs
[2026-07-01T09:20:52.204+0000] {logging_mixin.py:190} INFO - [2026-07-01T09:20:52.204+0000] {dag.py:4138} INFO - Setting next_dagrun for example_sensors to None, run_after=None
[2026-07-01T09:20:52.216+0000] {processor.py:208} INFO - Processing /home/airflow/.local/lib/python3.12/site-packages/airflow/example_dags/example_sensors.py took 0.052 seconds
[2026-07-01T09:21:22.282+0000] {processor.py:186} INFO - Started process (PID=1512) to work on /home/airflow/.local/lib/python3.12/site-packages/airflow/example_dags/example_sensors.py
[2026-07-01T09:21:22.283+0000] {processor.py:914} INFO - Processing file /home/airflow/.local/lib/python3.12/site-packages/airflow/example_dags/example_sensors.py for tasks to queue
[2026-07-01T09:21:22.285+0000] {logging_mixin.py:190} INFO - [2026-07-01T09:21:22.285+0000] {dagbag.py:587} INFO - Filling up the DagBag from /home/airflow/.local/lib/python3.12/site-packages/airflow/example_dags/example_sensors.py
[2026-07-01T09:21:22.295+0000] {processor.py:925} INFO - DAG(s) 'example_sensors' retrieved from /home/airflow/.local/lib/python3.12/site-packages/airflow/example_dags/example_sensors.py
[2026-07-01T09:21:22.314+0000] {logging_mixin.py:190} INFO - [2026-07-01T09:21:22.314+0000] {dag.py:3211} INFO - Sync 1 DAGs
[2026-07-01T09:21:22.325+0000] {logging_mixin.py:190} INFO - [2026-07-01T09:21:22.325+0000] {dag.py:4138} INFO - Setting next_dagrun for example_sensors to None, run_after=None
[2026-07-01T09:21:22.340+0000] {processor.py:208} INFO - Processing /home/airflow/.local/lib/python3.12/site-packages/airflow/example_dags/example_sensors.py took 0.064 seconds
[2026-07-01T09:21:52.531+0000] {processor.py:186} INFO - Started process (PID=1574) to work on /home/airflow/.local/lib/python3.12/site-packages/airflow/example_dags/example_sensors.py
[2026-07-01T09:21:52.532+0000] {processor.py:914} INFO - Processing file /home/airflow/.local/lib/python3.12/site-packages/airflow/example_dags/example_sensors.py for tasks to queue
[2026-07-01T09:21:52.535+0000] {logging_mixin.py:190} INFO - [2026-07-01T09:21:52.534+0000] {dagbag.py:587} INFO - Filling up the DagBag from /home/airflow/.local/lib/python3.12/site-packages/airflow/example_dags/example_sensors.py
[2026-07-01T09:21:52.544+0000] {processor.py:925} INFO - DAG(s) 'example_sensors' retrieved from /home/airflow/.local/lib/python3.12/site-packages/airflow/example_dags/example_sensors.py
[2026-07-01T09:21:52.562+0000] {logging_mixin.py:190} INFO - [2026-07-01T09:21:52.562+0000] {dag.py:3211} INFO - Sync 1 DAGs
[2026-07-01T09:21:52.571+0000] {logging_mixin.py:190} INFO - [2026-07-01T09:21:52.571+0000] {dag.py:4138} INFO - Setting next_dagrun for example_sensors to None, run_after=None
[2026-07-01T09:21:52.584+0000] {processor.py:208} INFO - Processing /home/airflow/.local/lib/python3.12/site-packages/airflow/example_dags/example_sensors.py took 0.058 seconds
[2026-07-01T09:22:22.907+0000] {processor.py:186} INFO - Started process (PID=1636) to work on /home/airflow/.local/lib/python3.12/site-packages/airflow/example_dags/example_sensors.py
[2026-07-01T09:22:22.908+0000] {processor.py:914} INFO - Processing file /home/airflow/.local/lib/python3.12/site-packages/airflow/example_dags/example_sensors.py for tasks to queue
[2026-07-01T09:22:22.911+0000] {logging_mixin.py:190} INFO - [2026-07-01T09:22:22.910+0000] {dagbag.py:587} INFO - Filling up the DagBag from /home/airflow/.local/lib/python3.12/site-packages/airflow/example_dags/example_sensors.py
[2026-07-01T09:22:22.921+0000] {processor.py:925} INFO - DAG(s) 'example_sensors' retrieved from /home/airflow/.local/lib/python3.12/site-packages/airflow/example_dags/example_sensors.py
[2026-07-01T09:22:22.944+0000] {logging_mixin.py:190} INFO - [2026-07-01T09:22:22.944+0000] {dag.py:3211} INFO - Sync 1 DAGs
[2026-07-01T09:22:22.956+0000] {logging_mixin.py:190} INFO - [2026-07-01T09:22:22.956+0000] {dag.py:4138} INFO - Setting next_dagrun for example_sensors to None, run_after=None
[2026-07-01T09:22:22.972+0000] {processor.py:208} INFO - Processing /home/airflow/.local/lib/python3.12/site-packages/airflow/example_dags/example_sensors.py took 0.069 seconds
[2026-07-01T09:22:53.861+0000] {processor.py:186} INFO - Started process (PID=1698) to work on /home/airflow/.local/lib/python3.12/site-packages/airflow/example_dags/example_sensors.py
[2026-07-01T09:22:53.862+0000] {processor.py:914} INFO - Processing file /home/airflow/.local/lib/python3.12/site-packages/airflow/example_dags/example_sensors.py for tasks to queue
[2026-07-01T09:22:53.865+0000] {logging_mixin.py:190} INFO - [2026-07-01T09:22:53.865+0000] {dagbag.py:587} INFO - Filling up the DagBag from /home/airflow/.local/lib/python3.12/site-packages/airflow/example_dags/example_sensors.py
[2026-07-01T09:22:53.875+0000] {processor.py:925} INFO - DAG(s) 'example_sensors' retrieved from /home/airflow/.local/lib/python3.12/site-packages/airflow/example_dags/example_sensors.py
[2026-07-01T09:22:53.895+0000] {logging_mixin.py:190} INFO - [2026-07-01T09:22:53.894+0000] {dag.py:3211} INFO - Sync 1 DAGs
[2026-07-01T09:22:53.905+0000] {logging_mixin.py:190} INFO - [2026-07-01T09:22:53.905+0000] {dag.py:4138} INFO - Setting next_dagrun for example_sensors to None, run_after=None
[2026-07-01T09:22:53.920+0000] {processor.py:208} INFO - Processing /home/airflow/.local/lib/python3.12/site-packages/airflow/example_dags/example_sensors.py took 0.064 seconds
[2026-07-01T09:23:24.154+0000] {processor.py:186} INFO - Started process (PID=1760) to work on /home/airflow/.local/lib/python3.12/site-packages/airflow/example_dags/example_sensors.py
[2026-07-01T09:23:24.155+0000] {processor.py:914} INFO - Processing file /home/airflow/.local/lib/python3.12/site-packages/airflow/example_dags/example_sensors.py for tasks to queue
[2026-07-01T09:23:24.157+0000] {logging_mixin.py:190} INFO - [2026-07-01T09:23:24.156+0000] {dagbag.py:587} INFO - Filling up the DagBag from /home/airflow/.local/lib/python3.12/site-packages/airflow/example_dags/example_sensors.py
[2026-07-01T09:23:24.164+0000] {processor.py:925} INFO - DAG(s) 'example_sensors' retrieved from /home/airflow/.local/lib/python3.12/site-packages/airflow/example_dags/example_sensors.py
[2026-07-01T09:23:24.180+0000] {logging_mixin.py:190} INFO - [2026-07-01T09:23:24.180+0000] {dag.py:3211} INFO - Sync 1 DAGs
[2026-07-01T09:23:24.190+0000] {logging_mixin.py:190} INFO - [2026-07-01T09:23:24.190+0000] {dag.py:4138} INFO - Setting next_dagrun for example_sensors to None, run_after=None
[2026-07-01T09:23:24.202+0000] {processor.py:208} INFO - Processing /home/airflow/.local/lib/python3.12/site-packages/airflow/example_dags/example_sensors.py took 0.053 seconds
[2026-07-01T09:23:54.483+0000] {processor.py:186} INFO - Started process (PID=1822) to work on /home/airflow/.local/lib/python3.12/site-packages/airflow/example_dags/example_sensors.py
[2026-07-01T09:23:54.484+0000] {processor.py:914} INFO - Processing file /home/airflow/.local/lib/python3.12/site-packages/airflow/example_dags/example_sensors.py for tasks to queue
[2026-07-01T09:23:54.486+0000] {logging_mixin.py:190} INFO - [2026-07-01T09:23:54.486+0000] {dagbag.py:587} INFO - Filling up the DagBag from /home/airflow/.local/lib/python3.12/site-packages/airflow/example_dags/example_sensors.py
[2026-07-01T09:23:54.494+0000] {processor.py:925} INFO - DAG(s) 'example_sensors' retrieved from /home/airflow/.local/lib/python3.12/site-packages/airflow/example_dags/example_sensors.py
[2026-07-01T09:23:54.511+0000] {logging_mixin.py:190} INFO - [2026-07-01T09:23:54.511+0000] {dag.py:3211} INFO - Sync 1 DAGs
[2026-07-01T09:23:54.520+0000] {logging_mixin.py:190} INFO - [2026-07-01T09:23:54.520+0000] {dag.py:4138} INFO - Setting next_dagrun for example_sensors to None, run_after=None
[2026-07-01T09:23:54.534+0000] {processor.py:208} INFO - Processing /home/airflow/.local/lib/python3.12/site-packages/airflow/example_dags/example_sensors.py took 0.055 seconds
[2026-07-01T09:24:24.723+0000] {processor.py:186} INFO - Started process (PID=1884) to work on /home/airflow/.local/lib/python3.12/site-packages/airflow/example_dags/example_sensors.py
[2026-07-01T09:24:24.724+0000] {processor.py:914} INFO - Processing file /home/airflow/.local/lib/python3.12/site-packages/airflow/example_dags/example_sensors.py for tasks to queue
[2026-07-01T09:24:24.726+0000] {logging_mixin.py:190} INFO - [2026-07-01T09:24:24.726+0000] {dagbag.py:587} INFO - Filling up the DagBag from /home/airflow/.local/lib/python3.12/site-packages/airflow/example_dags/example_sensors.py
[2026-07-01T09:24:24.733+0000] {processor.py:925} INFO - DAG(s) 'example_sensors' retrieved from /home/airflow/.local/lib/python3.12/site-packages/airflow/example_dags/example_sensors.py
[2026-07-01T09:24:24.750+0000] {logging_mixin.py:190} INFO - [2026-07-01T09:24:24.750+0000] {dag.py:3211} INFO - Sync 1 DAGs
[2026-07-01T09:24:24.759+0000] {logging_mixin.py:190} INFO - [2026-07-01T09:24:24.759+0000] {dag.py:4138} INFO - Setting next_dagrun for example_sensors to None, run_after=None
[2026-07-01T09:24:24.772+0000] {processor.py:208} INFO - Processing /home/airflow/.local/lib/python3.12/site-packages/airflow/example_dags/example_sensors.py took 0.053 seconds
[2026-07-01T09:24:54.884+0000] {processor.py:186} INFO - Started process (PID=1945) to work on /home/airflow/.local/lib/python3.12/site-packages/airflow/example_dags/example_sensors.py
[2026-07-01T09:24:54.885+0000] {processor.py:914} INFO - Processing file /home/airflow/.local/lib/python3.12/site-packages/airflow/example_dags/example_sensors.py for tasks to queue
[2026-07-01T09:24:54.887+0000] {logging_mixin.py:190} INFO - [2026-07-01T09:24:54.887+0000] {dagbag.py:587} INFO - Filling up the DagBag from /home/airflow/.local/lib/python3.12/site-packages/airflow/example_dags/example_sensors.py
[2026-07-01T09:24:54.895+0000] {processor.py:925} INFO - DAG(s) 'example_sensors' retrieved from /home/airflow/.local/lib/python3.12/site-packages/airflow/example_dags/example_sensors.py
[2026-07-01T09:24:54.912+0000] {logging_mixin.py:190} INFO - [2026-07-01T09:24:54.912+0000] {dag.py:3211} INFO - Sync 1 DAGs
[2026-07-01T09:24:54.923+0000] {logging_mixin.py:190} INFO - [2026-07-01T09:24:54.923+0000] {dag.py:4138} INFO - Setting next_dagrun for example_sensors to None, run_after=None
[2026-07-01T09:24:54.940+0000] {processor.py:208} INFO - Processing /home/airflow/.local/lib/python3.12/site-packages/airflow/example_dags/example_sensors.py took 0.061 seconds
[2026-07-01T09:25:25.238+0000] {processor.py:186} INFO - Started process (PID=2008) to work on /home/airflow/.local/lib/python3.12/site-packages/airflow/example_dags/example_sensors.py
[2026-07-01T09:25:25.239+0000] {processor.py:914} INFO - Processing file /home/airflow/.local/lib/python3.12/site-packages/airflow/example_dags/example_sensors.py for tasks to queue
[2026-07-01T09:25:25.240+0000] {logging_mixin.py:190} INFO - [2026-07-01T09:25:25.240+0000] {dagbag.py:587} INFO - Filling up the DagBag from /home/airflow/.local/lib/python3.12/site-packages/airflow/example_dags/example_sensors.py
[2026-07-01T09:25:25.247+0000] {processor.py:925} INFO - DAG(s) 'example_sensors' retrieved from /home/airflow/.local/lib/python3.12/site-packages/airflow/example_dags/example_sensors.py
[2026-07-01T09:25:25.265+0000] {logging_mixin.py:190} INFO - [2026-07-01T09:25:25.265+0000] {dag.py:3211} INFO - Sync 1 DAGs
[2026-07-01T09:25:25.274+0000] {logging_mixin.py:190} INFO - [2026-07-01T09:25:25.274+0000] {dag.py:4138} INFO - Setting next_dagrun for example_sensors to None, run_after=None
[2026-07-01T09:25:25.286+0000] {processor.py:208} INFO - Processing /home/airflow/.local/lib/python3.12/site-packages/airflow/example_dags/example_sensors.py took 0.052 seconds
[2026-07-01T09:30:07.929+0000] {processor.py:186} INFO - Started process (PID=2064) to work on /home/airflow/.local/lib/python3.12/site-packages/airflow/example_dags/example_sensors.py
[2026-07-01T09:30:07.930+0000] {processor.py:914} INFO - Processing file /home/airflow/.local/lib/python3.12/site-packages/airflow/example_dags/example_sensors.py for tasks to queue
[2026-07-01T09:30:07.932+0000] {logging_mixin.py:190} INFO - [2026-07-01T09:30:07.932+0000] {dagbag.py:587} INFO - Filling up the DagBag from /home/airflow/.local/lib/python3.12/site-packages/airflow/example_dags/example_sensors.py
[2026-07-01T09:30:07.940+0000] {processor.py:925} INFO - DAG(s) 'example_sensors' retrieved from /home/airflow/.local/lib/python3.12/site-packages/airflow/example_dags/example_sensors.py
[2026-07-01T09:30:07.959+0000] {logging_mixin.py:190} INFO - [2026-07-01T09:30:07.959+0000] {dag.py:3211} INFO - Sync 1 DAGs
[2026-07-01T09:30:07.969+0000] {logging_mixin.py:190} INFO - [2026-07-01T09:30:07.969+0000] {dag.py:4138} INFO - Setting next_dagrun for example_sensors to None, run_after=None
[2026-07-01T09:30:07.986+0000] {processor.py:208} INFO - Processing /home/airflow/.local/lib/python3.12/site-packages/airflow/example_dags/example_sensors.py took 0.062 seconds
[2026-07-01T09:30:38.634+0000] {processor.py:186} INFO - Started process (PID=2126) to work on /home/airflow/.local/lib/python3.12/site-packages/airflow/example_dags/example_sensors.py
[2026-07-01T09:30:38.635+0000] {processor.py:914} INFO - Processing file /home/airflow/.local/lib/python3.12/site-packages/airflow/example_dags/example_sensors.py for tasks to queue
[2026-07-01T09:30:38.637+0000] {logging_mixin.py:190} INFO - [2026-07-01T09:30:38.636+0000] {dagbag.py:587} INFO - Filling up the DagBag from /home/airflow/.local/lib/python3.12/site-packages/airflow/example_dags/example_sensors.py
[2026-07-01T09:30:38.645+0000] {processor.py:925} INFO - DAG(s) 'example_sensors' retrieved from /home/airflow/.local/lib/python3.12/site-packages/airflow/example_dags/example_sensors.py
[2026-07-01T09:30:38.664+0000] {logging_mixin.py:190} INFO - [2026-07-01T09:30:38.664+0000] {dag.py:3211} INFO - Sync 1 DAGs
[2026-07-01T09:30:38.674+0000] {logging_mixin.py:190} INFO - [2026-07-01T09:30:38.674+0000] {dag.py:4138} INFO - Setting next_dagrun for example_sensors to None, run_after=None
[2026-07-01T09:30:38.687+0000] {processor.py:208} INFO - Processing /home/airflow/.local/lib/python3.12/site-packages/airflow/example_dags/example_sensors.py took 0.058 seconds
[2026-07-01T09:31:09.042+0000] {processor.py:186} INFO - Started process (PID=2188) to work on /home/airflow/.local/lib/python3.12/site-packages/airflow/example_dags/example_sensors.py
[2026-07-01T09:31:09.043+0000] {processor.py:914} INFO - Processing file /home/airflow/.local/lib/python3.12/site-packages/airflow/example_dags/example_sensors.py for tasks to queue
[2026-07-01T09:31:09.045+0000] {logging_mixin.py:190} INFO - [2026-07-01T09:31:09.045+0000] {dagbag.py:587} INFO - Filling up the DagBag from /home/airflow/.local/lib/python3.12/site-packages/airflow/example_dags/example_sensors.py
[2026-07-01T09:31:09.053+0000] {processor.py:925} INFO - DAG(s) 'example_sensors' retrieved from /home/airflow/.local/lib/python3.12/site-packages/airflow/example_dags/example_sensors.py
[2026-07-01T09:31:09.070+0000] {logging_mixin.py:190} INFO - [2026-07-01T09:31:09.069+0000] {dag.py:3211} INFO - Sync 1 DAGs
[2026-07-01T09:31:09.080+0000] {logging_mixin.py:190} INFO - [2026-07-01T09:31:09.080+0000] {dag.py:4138} INFO - Setting next_dagrun for example_sensors to None, run_after=None
[2026-07-01T09:31:09.093+0000] {processor.py:208} INFO - Processing /home/airflow/.local/lib/python3.12/site-packages/airflow/example_dags/example_sensors.py took 0.056 seconds
[2026-07-01T09:31:39.471+0000] {processor.py:186} INFO - Started process (PID=2250) to work on /home/airflow/.local/lib/python3.12/site-packages/airflow/example_dags/example_sensors.py
[2026-07-01T09:31:39.472+0000] {processor.py:914} INFO - Processing file /home/airflow/.local/lib/python3.12/site-packages/airflow/example_dags/example_sensors.py for tasks to queue
[2026-07-01T09:31:39.474+0000] {logging_mixin.py:190} INFO - [2026-07-01T09:31:39.473+0000] {dagbag.py:587} INFO - Filling up the DagBag from /home/airflow/.local/lib/python3.12/site-packages/airflow/example_dags/example_sensors.py
[2026-07-01T09:31:39.481+0000] {processor.py:925} INFO - DAG(s) 'example_sensors' retrieved from /home/airflow/.local/lib/python3.12/site-packages/airflow/example_dags/example_sensors.py
[2026-07-01T09:31:39.499+0000] {logging_mixin.py:190} INFO - [2026-07-01T09:31:39.499+0000] {dag.py:3211} INFO - Sync 1 DAGs
[2026-07-01T09:31:39.509+0000] {logging_mixin.py:190} INFO - [2026-07-01T09:31:39.509+0000] {dag.py:4138} INFO - Setting next_dagrun for example_sensors to None, run_after=None
[2026-07-01T09:31:39.522+0000] {processor.py:208} INFO - Processing /home/airflow/.local/lib/python3.12/site-packages/airflow/example_dags/example_sensors.py took 0.055 seconds
[2026-07-01T09:32:09.823+0000] {processor.py:186} INFO - Started process (PID=2312) to work on /home/airflow/.local/lib/python3.12/site-packages/airflow/example_dags/example_sensors.py
[2026-07-01T09:32:09.824+0000] {processor.py:914} INFO - Processing file /home/airflow/.local/lib/python3.12/site-packages/airflow/example_dags/example_sensors.py for tasks to queue
[2026-07-01T09:32:09.826+0000] {logging_mixin.py:190} INFO - [2026-07-01T09:32:09.826+0000] {dagbag.py:587} INFO - Filling up the DagBag from /home/airflow/.local/lib/python3.12/site-packages/airflow/example_dags/example_sensors.py
[2026-07-01T09:32:09.835+0000] {processor.py:925} INFO - DAG(s) 'example_sensors' retrieved from /home/airflow/.local/lib/python3.12/site-packages/airflow/example_dags/example_sensors.py
[2026-07-01T09:32:09.853+0000] {logging_mixin.py:190} INFO - [2026-07-01T09:32:09.853+0000] {dag.py:3211} INFO - Sync 1 DAGs
[2026-07-01T09:32:09.862+0000] {logging_mixin.py:190} INFO - [2026-07-01T09:32:09.862+0000] {dag.py:4138} INFO - Setting next_dagrun for example_sensors to None, run_after=None
[2026-07-01T09:32:09.875+0000] {processor.py:208} INFO - Processing /home/airflow/.local/lib/python3.12/site-packages/airflow/example_dags/example_sensors.py took 0.057 seconds
[2026-07-01T09:32:40.215+0000] {processor.py:186} INFO - Started process (PID=2373) to work on /home/airflow/.local/lib/python3.12/site-packages/airflow/example_dags/example_sensors.py
[2026-07-01T09:32:40.216+0000] {processor.py:914} INFO - Processing file /home/airflow/.local/lib/python3.12/site-packages/airflow/example_dags/example_sensors.py for tasks to queue
[2026-07-01T09:32:40.218+0000] {logging_mixin.py:190} INFO - [2026-07-01T09:32:40.218+0000] {dagbag.py:587} INFO - Filling up the DagBag from /home/airflow/.local/lib/python3.12/site-packages/airflow/example_dags/example_sensors.py
[2026-07-01T09:32:40.227+0000] {processor.py:925} INFO - DAG(s) 'example_sensors' retrieved from /home/airflow/.local/lib/python3.12/site-packages/airflow/example_dags/example_sensors.py
[2026-07-01T09:32:40.247+0000] {logging_mixin.py:190} INFO - [2026-07-01T09:32:40.247+0000] {dag.py:3211} INFO - Sync 1 DAGs
[2026-07-01T09:32:40.261+0000] {logging_mixin.py:190} INFO - [2026-07-01T09:32:40.261+0000] {dag.py:4138} INFO - Setting next_dagrun for example_sensors to None, run_after=None
[2026-07-01T09:32:40.278+0000] {processor.py:208} INFO - Processing /home/airflow/.local/lib/python3.12/site-packages/airflow/example_dags/example_sensors.py took 0.069 seconds
[2026-07-01T09:33:10.601+0000] {processor.py:186} INFO - Started process (PID=2435) to work on /home/airflow/.local/lib/python3.12/site-packages/airflow/example_dags/example_sensors.py
[2026-07-01T09:33:10.602+0000] {processor.py:914} INFO - Processing file /home/airflow/.local/lib/python3.12/site-packages/airflow/example_dags/example_sensors.py for tasks to queue
[2026-07-01T09:33:10.604+0000] {logging_mixin.py:190} INFO - [2026-07-01T09:33:10.603+0000] {dagbag.py:587} INFO - Filling up the DagBag from /home/airflow/.local/lib/python3.12/site-packages/airflow/example_dags/example_sensors.py
[2026-07-01T09:33:10.611+0000] {processor.py:925} INFO - DAG(s) 'example_sensors' retrieved from /home/airflow/.local/lib/python3.12/site-packages/airflow/example_dags/example_sensors.py
[2026-07-01T09:33:10.628+0000] {logging_mixin.py:190} INFO - [2026-07-01T09:33:10.627+0000] {dag.py:3211} INFO - Sync 1 DAGs
[2026-07-01T09:33:10.637+0000] {logging_mixin.py:190} INFO - [2026-07-01T09:33:10.637+0000] {dag.py:4138} INFO - Setting next_dagrun for example_sensors to None, run_after=None
[2026-07-01T09:33:10.650+0000] {processor.py:208} INFO - Processing /home/airflow/.local/lib/python3.12/site-packages/airflow/example_dags/example_sensors.py took 0.053 seconds
[2026-07-01T09:33:41.367+0000] {processor.py:186} INFO - Started process (PID=2497) to work on /home/airflow/.local/lib/python3.12/site-packages/airflow/example_dags/example_sensors.py
[2026-07-01T09:33:41.368+0000] {processor.py:914} INFO - Processing file /home/airflow/.local/lib/python3.12/site-packages/airflow/example_dags/example_sensors.py for tasks to queue
[2026-07-01T09:33:41.370+0000] {logging_mixin.py:190} INFO - [2026-07-01T09:33:41.370+0000] {dagbag.py:587} INFO - Filling up the DagBag from /home/airflow/.local/lib/python3.12/site-packages/airflow/example_dags/example_sensors.py
[2026-07-01T09:33:41.379+0000] {processor.py:925} INFO - DAG(s) 'example_sensors' retrieved from /home/airflow/.local/lib/python3.12/site-packages/airflow/example_dags/example_sensors.py
[2026-07-01T09:33:41.398+0000] {logging_mixin.py:190} INFO - [2026-07-01T09:33:41.398+0000] {dag.py:3211} INFO - Sync 1 DAGs
[2026-07-01T09:33:41.408+0000] {logging_mixin.py:190} INFO - [2026-07-01T09:33:41.408+0000] {dag.py:4138} INFO - Setting next_dagrun for example_sensors to None, run_after=None
[2026-07-01T09:33:41.422+0000] {processor.py:208} INFO - Processing /home/airflow/.local/lib/python3.12/site-packages/airflow/example_dags/example_sensors.py took 0.060 seconds
[2026-07-01T09:34:12.460+0000] {processor.py:186} INFO - Started process (PID=2560) to work on /home/airflow/.local/lib/python3.12/site-packages/airflow/example_dags/example_sensors.py
[2026-07-01T09:34:12.461+0000] {processor.py:914} INFO - Processing file /home/airflow/.local/lib/python3.12/site-packages/airflow/example_dags/example_sensors.py for tasks to queue
[2026-07-01T09:34:12.463+0000] {logging_mixin.py:190} INFO - [2026-07-01T09:34:12.463+0000] {dagbag.py:587} INFO - Filling up the DagBag from /home/airflow/.local/lib/python3.12/site-packages/airflow/example_dags/example_sensors.py
[2026-07-01T09:34:12.471+0000] {processor.py:925} INFO - DAG(s) 'example_sensors' retrieved from /home/airflow/.local/lib/python3.12/site-packages/airflow/example_dags/example_sensors.py
[2026-07-01T09:34:12.491+0000] {logging_mixin.py:190} INFO - [2026-07-01T09:34:12.491+0000] {dag.py:3211} INFO - Sync 1 DAGs
[2026-07-01T09:34:12.502+0000] {logging_mixin.py:190} INFO - [2026-07-01T09:34:12.501+0000] {dag.py:4138} INFO - Setting next_dagrun for example_sensors to None, run_after=None
[2026-07-01T09:34:12.516+0000] {processor.py:208} INFO - Processing /home/airflow/.local/lib/python3.12/site-packages/airflow/example_dags/example_sensors.py took 0.061 seconds
[2026-07-01T09:34:43.382+0000] {processor.py:186} INFO - Started process (PID=2622) to work on /home/airflow/.local/lib/python3.12/site-packages/airflow/example_dags/example_sensors.py
[2026-07-01T09:34:43.383+0000] {processor.py:914} INFO - Processing file /home/airflow/.local/lib/python3.12/site-packages/airflow/example_dags/example_sensors.py for tasks to queue
[2026-07-01T09:34:43.385+0000] {logging_mixin.py:190} INFO - [2026-07-01T09:34:43.385+0000] {dagbag.py:587} INFO - Filling up the DagBag from /home/airflow/.local/lib/python3.12/site-packages/airflow/example_dags/example_sensors.py
[2026-07-01T09:34:43.394+0000] {processor.py:925} INFO - DAG(s) 'example_sensors' retrieved from /home/airflow/.local/lib/python3.12/site-packages/airflow/example_dags/example_sensors.py
[2026-07-01T09:34:43.412+0000] {logging_mixin.py:190} INFO - [2026-07-01T09:34:43.412+0000] {dag.py:3211} INFO - Sync 1 DAGs
[2026-07-01T09:34:43.424+0000] {logging_mixin.py:190} INFO - [2026-07-01T09:34:43.424+0000] {dag.py:4138} INFO - Setting next_dagrun for example_sensors to None, run_after=None
[2026-07-01T09:34:43.439+0000] {processor.py:208} INFO - Processing /home/airflow/.local/lib/python3.12/site-packages/airflow/example_dags/example_sensors.py took 0.062 seconds
[2026-07-01T09:35:13.947+0000] {processor.py:186} INFO - Started process (PID=2684) to work on /home/airflow/.local/lib/python3.12/site-packages/airflow/example_dags/example_sensors.py
[2026-07-01T09:35:13.948+0000] {processor.py:914} INFO - Processing file /home/airflow/.local/lib/python3.12/site-packages/airflow/example_dags/example_sensors.py for tasks to queue
[2026-07-01T09:35:13.950+0000] {logging_mixin.py:190} INFO - [2026-07-01T09:35:13.950+0000] {dagbag.py:587} INFO - Filling up the DagBag from /home/airflow/.local/lib/python3.12/site-packages/airflow/example_dags/example_sensors.py
[2026-07-01T09:35:13.958+0000] {processor.py:925} INFO - DAG(s) 'example_sensors' retrieved from /home/airflow/.local/lib/python3.12/site-packages/airflow/example_dags/example_sensors.py
[2026-07-01T09:35:13.977+0000] {logging_mixin.py:190} INFO - [2026-07-01T09:35:13.977+0000] {dag.py:3211} INFO - Sync 1 DAGs
[2026-07-01T09:35:13.987+0000] {logging_mixin.py:190} INFO - [2026-07-01T09:35:13.987+0000] {dag.py:4138} INFO - Setting next_dagrun for example_sensors to None, run_after=None
[2026-07-01T09:35:14.001+0000] {processor.py:208} INFO - Processing /home/airflow/.local/lib/python3.12/site-packages/airflow/example_dags/example_sensors.py took 0.060 seconds
[2026-07-01T09:35:44.703+0000] {processor.py:186} INFO - Started process (PID=2746) to work on /home/airflow/.local/lib/python3.12/site-packages/airflow/example_dags/example_sensors.py
[2026-07-01T09:35:44.704+0000] {processor.py:914} INFO - Processing file /home/airflow/.local/lib/python3.12/site-packages/airflow/example_dags/example_sensors.py for tasks to queue
[2026-07-01T09:35:44.706+0000] {logging_mixin.py:190} INFO - [2026-07-01T09:35:44.706+0000] {dagbag.py:587} INFO - Filling up the DagBag from /home/airflow/.local/lib/python3.12/site-packages/airflow/example_dags/example_sensors.py
[2026-07-01T09:35:44.714+0000] {processor.py:925} INFO - DAG(s) 'example_sensors' retrieved from /home/airflow/.local/lib/python3.12/site-packages/airflow/example_dags/example_sensors.py
[2026-07-01T09:35:44.737+0000] {logging_mixin.py:190} INFO - [2026-07-01T09:35:44.737+0000] {dag.py:3211} INFO - Sync 1 DAGs
[2026-07-01T09:35:44.748+0000] {logging_mixin.py:190} INFO - [2026-07-01T09:35:44.747+0000] {dag.py:4138} INFO - Setting next_dagrun for example_sensors to None, run_after=None
[2026-07-01T09:35:44.762+0000] {processor.py:208} INFO - Processing /home/airflow/.local/lib/python3.12/site-packages/airflow/example_dags/example_sensors.py took 0.064 seconds
[2026-07-01T09:36:15.402+0000] {processor.py:186} INFO - Started process (PID=2808) to work on /home/airflow/.local/lib/python3.12/site-packages/airflow/example_dags/example_sensors.py
[2026-07-01T09:36:15.403+0000] {processor.py:914} INFO - Processing file /home/airflow/.local/lib/python3.12/site-packages/airflow/example_dags/example_sensors.py for tasks to queue
[2026-07-01T09:36:15.406+0000] {logging_mixin.py:190} INFO - [2026-07-01T09:36:15.405+0000] {dagbag.py:587} INFO - Filling up the DagBag from /home/airflow/.local/lib/python3.12/site-packages/airflow/example_dags/example_sensors.py
[2026-07-01T09:36:15.417+0000] {processor.py:925} INFO - DAG(s) 'example_sensors' retrieved from /home/airflow/.local/lib/python3.12/site-packages/airflow/example_dags/example_sensors.py
[2026-07-01T09:36:15.439+0000] {logging_mixin.py:190} INFO - [2026-07-01T09:36:15.439+0000] {dag.py:3211} INFO - Sync 1 DAGs
[2026-07-01T09:36:15.451+0000] {logging_mixin.py:190} INFO - [2026-07-01T09:36:15.451+0000] {dag.py:4138} INFO - Setting next_dagrun for example_sensors to None, run_after=None
[2026-07-01T09:36:15.467+0000] {processor.py:208} INFO - Processing /home/airflow/.local/lib/python3.12/site-packages/airflow/example_dags/example_sensors.py took 0.072 seconds
[2026-07-01T09:36:46.299+0000] {processor.py:186} INFO - Started process (PID=2870) to work on /home/airflow/.local/lib/python3.12/site-packages/airflow/example_dags/example_sensors.py
[2026-07-01T09:36:46.300+0000] {processor.py:914} INFO - Processing file /home/airflow/.local/lib/python3.12/site-packages/airflow/example_dags/example_sensors.py for tasks to queue
[2026-07-01T09:36:46.302+0000] {logging_mixin.py:190} INFO - [2026-07-01T09:36:46.302+0000] {dagbag.py:587} INFO - Filling up the DagBag from /home/airflow/.local/lib/python3.12/site-packages/airflow/example_dags/example_sensors.py
[2026-07-01T09:36:46.310+0000] {processor.py:925} INFO - DAG(s) 'example_sensors' retrieved from /home/airflow/.local/lib/python3.12/site-packages/airflow/example_dags/example_sensors.py
[2026-07-01T09:36:46.329+0000] {logging_mixin.py:190} INFO - [2026-07-01T09:36:46.329+0000] {dag.py:3211} INFO - Sync 1 DAGs
[2026-07-01T09:36:46.339+0000] {logging_mixin.py:190} INFO - [2026-07-01T09:36:46.339+0000] {dag.py:4138} INFO - Setting next_dagrun for example_sensors to None, run_after=None
[2026-07-01T09:36:46.352+0000] {processor.py:208} INFO - Processing /home/airflow/.local/lib/python3.12/site-packages/airflow/example_dags/example_sensors.py took 0.057 seconds
[2026-07-01T09:37:18.025+0000] {processor.py:186} INFO - Started process (PID=2932) to work on /home/airflow/.local/lib/python3.12/site-packages/airflow/example_dags/example_sensors.py
[2026-07-01T09:37:18.026+0000] {processor.py:914} INFO - Processing file /home/airflow/.local/lib/python3.12/site-packages/airflow/example_dags/example_sensors.py for tasks to queue
[2026-07-01T09:37:18.028+0000] {logging_mixin.py:190} INFO - [2026-07-01T09:37:18.028+0000] {dagbag.py:587} INFO - Filling up the DagBag from /home/airflow/.local/lib/python3.12/site-packages/airflow/example_dags/example_sensors.py
[2026-07-01T09:37:18.036+0000] {processor.py:925} INFO - DAG(s) 'example_sensors' retrieved from /home/airflow/.local/lib/python3.12/site-packages/airflow/example_dags/example_sensors.py
[2026-07-01T09:37:18.053+0000] {logging_mixin.py:190} INFO - [2026-07-01T09:37:18.053+0000] {dag.py:3211} INFO - Sync 1 DAGs
[2026-07-01T09:37:18.063+0000] {logging_mixin.py:190} INFO - [2026-07-01T09:37:18.063+0000] {dag.py:4138} INFO - Setting next_dagrun for example_sensors to None, run_after=None
[2026-07-01T09:37:18.078+0000] {processor.py:208} INFO - Processing /home/airflow/.local/lib/python3.12/site-packages/airflow/example_dags/example_sensors.py took 0.057 seconds
[2026-07-01T09:37:48.502+0000] {processor.py:186} INFO - Started process (PID=2993) to work on /home/airflow/.local/lib/python3.12/site-packages/airflow/example_dags/example_sensors.py
[2026-07-01T09:37:48.503+0000] {processor.py:914} INFO - Processing file /home/airflow/.local/lib/python3.12/site-packages/airflow/example_dags/example_sensors.py for tasks to queue
[2026-07-01T09:37:48.506+0000] {logging_mixin.py:190} INFO - [2026-07-01T09:37:48.506+0000] {dagbag.py:587} INFO - Filling up the DagBag from /home/airflow/.local/lib/python3.12/site-packages/airflow/example_dags/example_sensors.py
[2026-07-01T09:37:48.519+0000] {processor.py:925} INFO - DAG(s) 'example_sensors' retrieved from /home/airflow/.local/lib/python3.12/site-packages/airflow/example_dags/example_sensors.py
[2026-07-01T09:37:48.541+0000] {logging_mixin.py:190} INFO - [2026-07-01T09:37:48.541+0000] {dag.py:3211} INFO - Sync 1 DAGs
[2026-07-01T09:37:48.700+0000] {logging_mixin.py:190} INFO - [2026-07-01T09:37:48.700+0000] {dag.py:4138} INFO - Setting next_dagrun for example_sensors to None, run_after=None
[2026-07-01T09:37:48.716+0000] {processor.py:208} INFO - Processing /home/airflow/.local/lib/python3.12/site-packages/airflow/example_dags/example_sensors.py took 0.220 seconds
[2026-07-01T09:38:19.525+0000] {processor.py:186} INFO - Started process (PID=3062) to work on /home/airflow/.local/lib/python3.12/site-packages/airflow/example_dags/example_sensors.py
[2026-07-01T09:38:19.525+0000] {processor.py:914} INFO - Processing file /home/airflow/.local/lib/python3.12/site-packages/airflow/example_dags/example_sensors.py for tasks to queue
[2026-07-01T09:38:19.527+0000] {logging_mixin.py:190} INFO - [2026-07-01T09:38:19.527+0000] {dagbag.py:587} INFO - Filling up the DagBag from /home/airflow/.local/lib/python3.12/site-packages/airflow/example_dags/example_sensors.py
[2026-07-01T09:38:19.534+0000] {processor.py:925} INFO - DAG(s) 'example_sensors' retrieved from /home/airflow/.local/lib/python3.12/site-packages/airflow/example_dags/example_sensors.py
[2026-07-01T09:38:19.551+0000] {logging_mixin.py:190} INFO - [2026-07-01T09:38:19.551+0000] {dag.py:3211} INFO - Sync 1 DAGs
[2026-07-01T09:38:19.560+0000] {logging_mixin.py:190} INFO - [2026-07-01T09:38:19.560+0000] {dag.py:4138} INFO - Setting next_dagrun for example_sensors to None, run_after=None
[2026-07-01T09:38:19.693+0000] {processor.py:208} INFO - Processing /home/airflow/.local/lib/python3.12/site-packages/airflow/example_dags/example_sensors.py took 0.173 seconds
[2026-07-01T09:38:50.097+0000] {processor.py:186} INFO - Started process (PID=3124) to work on /home/airflow/.local/lib/python3.12/site-packages/airflow/example_dags/example_sensors.py
[2026-07-01T09:38:50.098+0000] {processor.py:914} INFO - Processing file /home/airflow/.local/lib/python3.12/site-packages/airflow/example_dags/example_sensors.py for tasks to queue
[2026-07-01T09:38:50.100+0000] {logging_mixin.py:190} INFO - [2026-07-01T09:38:50.100+0000] {dagbag.py:587} INFO - Filling up the DagBag from /home/airflow/.local/lib/python3.12/site-packages/airflow/example_dags/example_sensors.py
[2026-07-01T09:38:50.109+0000] {processor.py:925} INFO - DAG(s) 'example_sensors' retrieved from /home/airflow/.local/lib/python3.12/site-packages/airflow/example_dags/example_sensors.py
[2026-07-01T09:38:50.127+0000] {logging_mixin.py:190} INFO - [2026-07-01T09:38:50.127+0000] {dag.py:3211} INFO - Sync 1 DAGs
[2026-07-01T09:38:50.136+0000] {logging_mixin.py:190} INFO - [2026-07-01T09:38:50.136+0000] {dag.py:4138} INFO - Setting next_dagrun for example_sensors to None, run_after=None
[2026-07-01T09:38:50.150+0000] {processor.py:208} INFO - Processing /home/airflow/.local/lib/python3.12/site-packages/airflow/example_dags/example_sensors.py took 0.058 seconds
[2026-07-01T09:39:20.891+0000] {processor.py:186} INFO - Started process (PID=3186) to work on /home/airflow/.local/lib/python3.12/site-packages/airflow/example_dags/example_sensors.py
[2026-07-01T09:39:20.892+0000] {processor.py:914} INFO - Processing file /home/airflow/.local/lib/python3.12/site-packages/airflow/example_dags/example_sensors.py for tasks to queue
[2026-07-01T09:39:20.895+0000] {logging_mixin.py:190} INFO - [2026-07-01T09:39:20.894+0000] {dagbag.py:587} INFO - Filling up the DagBag from /home/airflow/.local/lib/python3.12/site-packages/airflow/example_dags/example_sensors.py
[2026-07-01T09:39:20.904+0000] {processor.py:925} INFO - DAG(s) 'example_sensors' retrieved from /home/airflow/.local/lib/python3.12/site-packages/airflow/example_dags/example_sensors.py
[2026-07-01T09:39:20.927+0000] {logging_mixin.py:190} INFO - [2026-07-01T09:39:20.926+0000] {dag.py:3211} INFO - Sync 1 DAGs
[2026-07-01T09:39:20.937+0000] {logging_mixin.py:190} INFO - [2026-07-01T09:39:20.937+0000] {dag.py:4138} INFO - Setting next_dagrun for example_sensors to None, run_after=None
[2026-07-01T09:39:20.953+0000] {processor.py:208} INFO - Processing /home/airflow/.local/lib/python3.12/site-packages/airflow/example_dags/example_sensors.py took 0.067 seconds
[2026-07-01T09:39:51.296+0000] {processor.py:186} INFO - Started process (PID=3248) to work on /home/airflow/.local/lib/python3.12/site-packages/airflow/example_dags/example_sensors.py
[2026-07-01T09:39:51.297+0000] {processor.py:914} INFO - Processing file /home/airflow/.local/lib/python3.12/site-packages/airflow/example_dags/example_sensors.py for tasks to queue
[2026-07-01T09:39:51.299+0000] {logging_mixin.py:190} INFO - [2026-07-01T09:39:51.299+0000] {dagbag.py:587} INFO - Filling up the DagBag from /home/airflow/.local/lib/python3.12/site-packages/airflow/example_dags/example_sensors.py
[2026-07-01T09:39:51.307+0000] {processor.py:925} INFO - DAG(s) 'example_sensors' retrieved from /home/airflow/.local/lib/python3.12/site-packages/airflow/example_dags/example_sensors.py
[2026-07-01T09:39:51.330+0000] {logging_mixin.py:190} INFO - [2026-07-01T09:39:51.330+0000] {dag.py:3211} INFO - Sync 1 DAGs
[2026-07-01T09:39:51.340+0000] {logging_mixin.py:190} INFO - [2026-07-01T09:39:51.340+0000] {dag.py:4138} INFO - Setting next_dagrun for example_sensors to None, run_after=None
[2026-07-01T09:39:51.354+0000] {processor.py:208} INFO - Processing /home/airflow/.local/lib/python3.12/site-packages/airflow/example_dags/example_sensors.py took 0.062 seconds
[2026-07-01T09:40:22.457+0000] {processor.py:186} INFO - Started process (PID=3310) to work on /home/airflow/.local/lib/python3.12/site-packages/airflow/example_dags/example_sensors.py
[2026-07-01T09:40:22.458+0000] {processor.py:914} INFO - Processing file /home/airflow/.local/lib/python3.12/site-packages/airflow/example_dags/example_sensors.py for tasks to queue
[2026-07-01T09:40:22.460+0000] {logging_mixin.py:190} INFO - [2026-07-01T09:40:22.460+0000] {dagbag.py:587} INFO - Filling up the DagBag from /home/airflow/.local/lib/python3.12/site-packages/airflow/example_dags/example_sensors.py
[2026-07-01T09:40:22.473+0000] {processor.py:925} INFO - DAG(s) 'example_sensors' retrieved from /home/airflow/.local/lib/python3.12/site-packages/airflow/example_dags/example_sensors.py
[2026-07-01T09:40:22.492+0000] {logging_mixin.py:190} INFO - [2026-07-01T09:40:22.492+0000] {dag.py:3211} INFO - Sync 1 DAGs
[2026-07-01T09:40:22.501+0000] {logging_mixin.py:190} INFO - [2026-07-01T09:40:22.501+0000] {dag.py:4138} INFO - Setting next_dagrun for example_sensors to None, run_after=None
[2026-07-01T09:40:22.515+0000] {processor.py:208} INFO - Processing /home/airflow/.local/lib/python3.12/site-packages/airflow/example_dags/example_sensors.py took 0.063 seconds
[2026-07-01T09:40:52.680+0000] {processor.py:186} INFO - Started process (PID=3372) to work on /home/airflow/.local/lib/python3.12/site-packages/airflow/example_dags/example_sensors.py
[2026-07-01T09:40:52.681+0000] {processor.py:914} INFO - Processing file /home/airflow/.local/lib/python3.12/site-packages/airflow/example_dags/example_sensors.py for tasks to queue
[2026-07-01T09:40:52.684+0000] {logging_mixin.py:190} INFO - [2026-07-01T09:40:52.683+0000] {dagbag.py:587} INFO - Filling up the DagBag from /home/airflow/.local/lib/python3.12/site-packages/airflow/example_dags/example_sensors.py
[2026-07-01T09:40:52.694+0000] {processor.py:925} INFO - DAG(s) 'example_sensors' retrieved from /home/airflow/.local/lib/python3.12/site-packages/airflow/example_dags/example_sensors.py
[2026-07-01T09:40:52.715+0000] {logging_mixin.py:190} INFO - [2026-07-01T09:40:52.715+0000] {dag.py:3211} INFO - Sync 1 DAGs
[2026-07-01T09:40:52.726+0000] {logging_mixin.py:190} INFO - [2026-07-01T09:40:52.726+0000] {dag.py:4138} INFO - Setting next_dagrun for example_sensors to None, run_after=None
[2026-07-01T09:40:52.740+0000] {processor.py:208} INFO - Processing /home/airflow/.local/lib/python3.12/site-packages/airflow/example_dags/example_sensors.py took 0.066 seconds
[2026-07-01T09:41:23.121+0000] {processor.py:186} INFO - Started process (PID=3434) to work on /home/airflow/.local/lib/python3.12/site-packages/airflow/example_dags/example_sensors.py
[2026-07-01T09:41:23.122+0000] {processor.py:914} INFO - Processing file /home/airflow/.local/lib/python3.12/site-packages/airflow/example_dags/example_sensors.py for tasks to queue
[2026-07-01T09:41:23.124+0000] {logging_mixin.py:190} INFO - [2026-07-01T09:41:23.124+0000] {dagbag.py:587} INFO - Filling up the DagBag from /home/airflow/.local/lib/python3.12/site-packages/airflow/example_dags/example_sensors.py
[2026-07-01T09:41:23.132+0000] {processor.py:925} INFO - DAG(s) 'example_sensors' retrieved from /home/airflow/.local/lib/python3.12/site-packages/airflow/example_dags/example_sensors.py
[2026-07-01T09:41:23.150+0000] {logging_mixin.py:190} INFO - [2026-07-01T09:41:23.150+0000] {dag.py:3211} INFO - Sync 1 DAGs
[2026-07-01T09:41:23.159+0000] {logging_mixin.py:190} INFO - [2026-07-01T09:41:23.158+0000] {dag.py:4138} INFO - Setting next_dagrun for example_sensors to None, run_after=None
[2026-07-01T09:41:23.172+0000] {processor.py:208} INFO - Processing /home/airflow/.local/lib/python3.12/site-packages/airflow/example_dags/example_sensors.py took 0.055 seconds
[2026-07-01T09:41:53.355+0000] {processor.py:186} INFO - Started process (PID=3496) to work on /home/airflow/.local/lib/python3.12/site-packages/airflow/example_dags/example_sensors.py
[2026-07-01T09:41:53.356+0000] {processor.py:914} INFO - Processing file /home/airflow/.local/lib/python3.12/site-packages/airflow/example_dags/example_sensors.py for tasks to queue
[2026-07-01T09:41:53.358+0000] {logging_mixin.py:190} INFO - [2026-07-01T09:41:53.358+0000] {dagbag.py:587} INFO - Filling up the DagBag from /home/airflow/.local/lib/python3.12/site-packages/airflow/example_dags/example_sensors.py
[2026-07-01T09:41:53.367+0000] {processor.py:925} INFO - DAG(s) 'example_sensors' retrieved from /home/airflow/.local/lib/python3.12/site-packages/airflow/example_dags/example_sensors.py
[2026-07-01T09:41:53.384+0000] {logging_mixin.py:190} INFO - [2026-07-01T09:41:53.384+0000] {dag.py:3211} INFO - Sync 1 DAGs
[2026-07-01T09:41:53.396+0000] {logging_mixin.py:190} INFO - [2026-07-01T09:41:53.395+0000] {dag.py:4138} INFO - Setting next_dagrun for example_sensors to None, run_after=None
[2026-07-01T09:41:53.409+0000] {processor.py:208} INFO - Processing /home/airflow/.local/lib/python3.12/site-packages/airflow/example_dags/example_sensors.py took 0.058 seconds
[2026-07-01T09:42:23.724+0000] {processor.py:186} INFO - Started process (PID=3558) to work on /home/airflow/.local/lib/python3.12/site-packages/airflow/example_dags/example_sensors.py
[2026-07-01T09:42:23.725+0000] {processor.py:914} INFO - Processing file /home/airflow/.local/lib/python3.12/site-packages/airflow/example_dags/example_sensors.py for tasks to queue
[2026-07-01T09:42:23.728+0000] {logging_mixin.py:190} INFO - [2026-07-01T09:42:23.728+0000] {dagbag.py:587} INFO - Filling up the DagBag from /home/airflow/.local/lib/python3.12/site-packages/airflow/example_dags/example_sensors.py
[2026-07-01T09:42:23.741+0000] {processor.py:925} INFO - DAG(s) 'example_sensors' retrieved from /home/airflow/.local/lib/python3.12/site-packages/airflow/example_dags/example_sensors.py
[2026-07-01T09:42:23.769+0000] {logging_mixin.py:190} INFO - [2026-07-01T09:42:23.768+0000] {dag.py:3211} INFO - Sync 1 DAGs
[2026-07-01T09:42:23.783+0000] {logging_mixin.py:190} INFO - [2026-07-01T09:42:23.782+0000] {dag.py:4138} INFO - Setting next_dagrun for example_sensors to None, run_after=None
[2026-07-01T09:42:23.802+0000] {processor.py:208} INFO - Processing /home/airflow/.local/lib/python3.12/site-packages/airflow/example_dags/example_sensors.py took 0.085 seconds
[2026-07-01T09:42:54.090+0000] {processor.py:186} INFO - Started process (PID=3620) to work on /home/airflow/.local/lib/python3.12/site-packages/airflow/example_dags/example_sensors.py
[2026-07-01T09:42:54.091+0000] {processor.py:914} INFO - Processing file /home/airflow/.local/lib/python3.12/site-packages/airflow/example_dags/example_sensors.py for tasks to queue
[2026-07-01T09:42:54.093+0000] {logging_mixin.py:190} INFO - [2026-07-01T09:42:54.093+0000] {dagbag.py:587} INFO - Filling up the DagBag from /home/airflow/.local/lib/python3.12/site-packages/airflow/example_dags/example_sensors.py
[2026-07-01T09:42:54.101+0000] {processor.py:925} INFO - DAG(s) 'example_sensors' retrieved from /home/airflow/.local/lib/python3.12/site-packages/airflow/example_dags/example_sensors.py
[2026-07-01T09:42:54.120+0000] {logging_mixin.py:190} INFO - [2026-07-01T09:42:54.120+0000] {dag.py:3211} INFO - Sync 1 DAGs
[2026-07-01T09:42:54.130+0000] {logging_mixin.py:190} INFO - [2026-07-01T09:42:54.130+0000] {dag.py:4138} INFO - Setting next_dagrun for example_sensors to None, run_after=None
[2026-07-01T09:42:54.143+0000] {processor.py:208} INFO - Processing /home/airflow/.local/lib/python3.12/site-packages/airflow/example_dags/example_sensors.py took 0.058 seconds
[2026-07-01T09:43:24.306+0000] {processor.py:186} INFO - Started process (PID=3682) to work on /home/airflow/.local/lib/python3.12/site-packages/airflow/example_dags/example_sensors.py
[2026-07-01T09:43:24.307+0000] {processor.py:914} INFO - Processing file /home/airflow/.local/lib/python3.12/site-packages/airflow/example_dags/example_sensors.py for tasks to queue
[2026-07-01T09:43:24.309+0000] {logging_mixin.py:190} INFO - [2026-07-01T09:43:24.309+0000] {dagbag.py:587} INFO - Filling up the DagBag from /home/airflow/.local/lib/python3.12/site-packages/airflow/example_dags/example_sensors.py
[2026-07-01T09:43:24.317+0000] {processor.py:925} INFO - DAG(s) 'example_sensors' retrieved from /home/airflow/.local/lib/python3.12/site-packages/airflow/example_dags/example_sensors.py
[2026-07-01T09:43:24.339+0000] {logging_mixin.py:190} INFO - [2026-07-01T09:43:24.339+0000] {dag.py:3211} INFO - Sync 1 DAGs
[2026-07-01T09:43:24.349+0000] {logging_mixin.py:190} INFO - [2026-07-01T09:43:24.349+0000] {dag.py:4138} INFO - Setting next_dagrun for example_sensors to None, run_after=None
[2026-07-01T09:43:24.362+0000] {processor.py:208} INFO - Processing /home/airflow/.local/lib/python3.12/site-packages/airflow/example_dags/example_sensors.py took 0.062 seconds
[2026-07-01T09:43:54.760+0000] {processor.py:186} INFO - Started process (PID=3744) to work on /home/airflow/.local/lib/python3.12/site-packages/airflow/example_dags/example_sensors.py
[2026-07-01T09:43:54.761+0000] {processor.py:914} INFO - Processing file /home/airflow/.local/lib/python3.12/site-packages/airflow/example_dags/example_sensors.py for tasks to queue
[2026-07-01T09:43:54.763+0000] {logging_mixin.py:190} INFO - [2026-07-01T09:43:54.763+0000] {dagbag.py:587} INFO - Filling up the DagBag from /home/airflow/.local/lib/python3.12/site-packages/airflow/example_dags/example_sensors.py
[2026-07-01T09:43:54.771+0000] {processor.py:925} INFO - DAG(s) 'example_sensors' retrieved from /home/airflow/.local/lib/python3.12/site-packages/airflow/example_dags/example_sensors.py
[2026-07-01T09:43:54.789+0000] {logging_mixin.py:190} INFO - [2026-07-01T09:43:54.789+0000] {dag.py:3211} INFO - Sync 1 DAGs
[2026-07-01T09:43:54.798+0000] {logging_mixin.py:190} INFO - [2026-07-01T09:43:54.797+0000] {dag.py:4138} INFO - Setting next_dagrun for example_sensors to None, run_after=None
[2026-07-01T09:43:54.809+0000] {processor.py:208} INFO - Processing /home/airflow/.local/lib/python3.12/site-packages/airflow/example_dags/example_sensors.py took 0.054 seconds
[2026-07-01T09:44:25.108+0000] {processor.py:186} INFO - Started process (PID=3806) to work on /home/airflow/.local/lib/python3.12/site-packages/airflow/example_dags/example_sensors.py
[2026-07-01T09:44:25.109+0000] {processor.py:914} INFO - Processing file /home/airflow/.local/lib/python3.12/site-packages/airflow/example_dags/example_sensors.py for tasks to queue
[2026-07-01T09:44:25.111+0000] {logging_mixin.py:190} INFO - [2026-07-01T09:44:25.111+0000] {dagbag.py:587} INFO - Filling up the DagBag from /home/airflow/.local/lib/python3.12/site-packages/airflow/example_dags/example_sensors.py
[2026-07-01T09:44:25.120+0000] {processor.py:925} INFO - DAG(s) 'example_sensors' retrieved from /home/airflow/.local/lib/python3.12/site-packages/airflow/example_dags/example_sensors.py
[2026-07-01T09:44:25.138+0000] {logging_mixin.py:190} INFO - [2026-07-01T09:44:25.138+0000] {dag.py:3211} INFO - Sync 1 DAGs
[2026-07-01T09:44:25.147+0000] {logging_mixin.py:190} INFO - [2026-07-01T09:44:25.147+0000] {dag.py:4138} INFO - Setting next_dagrun for example_sensors to None, run_after=None
[2026-07-01T09:44:25.161+0000] {processor.py:208} INFO - Processing /home/airflow/.local/lib/python3.12/site-packages/airflow/example_dags/example_sensors.py took 0.057 seconds
[2026-07-01T09:44:55.478+0000] {processor.py:186} INFO - Started process (PID=3868) to work on /home/airflow/.local/lib/python3.12/site-packages/airflow/example_dags/example_sensors.py
[2026-07-01T09:44:55.479+0000] {processor.py:914} INFO - Processing file /home/airflow/.local/lib/python3.12/site-packages/airflow/example_dags/example_sensors.py for tasks to queue
[2026-07-01T09:44:55.481+0000] {logging_mixin.py:190} INFO - [2026-07-01T09:44:55.481+0000] {dagbag.py:587} INFO - Filling up the DagBag from /home/airflow/.local/lib/python3.12/site-packages/airflow/example_dags/example_sensors.py
[2026-07-01T09:44:55.491+0000] {processor.py:925} INFO - DAG(s) 'example_sensors' retrieved from /home/airflow/.local/lib/python3.12/site-packages/airflow/example_dags/example_sensors.py
[2026-07-01T09:44:55.508+0000] {logging_mixin.py:190} INFO - [2026-07-01T09:44:55.508+0000] {dag.py:3211} INFO - Sync 1 DAGs
[2026-07-01T09:44:55.518+0000] {logging_mixin.py:190} INFO - [2026-07-01T09:44:55.518+0000] {dag.py:4138} INFO - Setting next_dagrun for example_sensors to None, run_after=None
[2026-07-01T09:44:55.532+0000] {processor.py:208} INFO - Processing /home/airflow/.local/lib/python3.12/site-packages/airflow/example_dags/example_sensors.py took 0.059 seconds
[2026-07-01T09:45:25.917+0000] {processor.py:186} INFO - Started process (PID=3930) to work on /home/airflow/.local/lib/python3.12/site-packages/airflow/example_dags/example_sensors.py
[2026-07-01T09:45:25.918+0000] {processor.py:914} INFO - Processing file /home/airflow/.local/lib/python3.12/site-packages/airflow/example_dags/example_sensors.py for tasks to queue
[2026-07-01T09:45:25.920+0000] {logging_mixin.py:190} INFO - [2026-07-01T09:45:25.919+0000] {dagbag.py:587} INFO - Filling up the DagBag from /home/airflow/.local/lib/python3.12/site-packages/airflow/example_dags/example_sensors.py
[2026-07-01T09:45:25.928+0000] {processor.py:925} INFO - DAG(s) 'example_sensors' retrieved from /home/airflow/.local/lib/python3.12/site-packages/airflow/example_dags/example_sensors.py
[2026-07-01T09:45:25.948+0000] {logging_mixin.py:190} INFO - [2026-07-01T09:45:25.948+0000] {dag.py:3211} INFO - Sync 1 DAGs
[2026-07-01T09:45:25.958+0000] {logging_mixin.py:190} INFO - [2026-07-01T09:45:25.958+0000] {dag.py:4138} INFO - Setting next_dagrun for example_sensors to None, run_after=None
[2026-07-01T09:45:25.973+0000] {processor.py:208} INFO - Processing /home/airflow/.local/lib/python3.12/site-packages/airflow/example_dags/example_sensors.py took 0.061 seconds
