[2026-07-01T09:09:42.985+0000] {processor.py:186} INFO - Started process (PID=113) to work on /home/airflow/.local/lib/python3.12/site-packages/airflow/example_dags/example_xcomargs.py
[2026-07-01T09:09:42.986+0000] {processor.py:914} INFO - Processing file /home/airflow/.local/lib/python3.12/site-packages/airflow/example_dags/example_xcomargs.py for tasks to queue
[2026-07-01T09:09:42.988+0000] {logging_mixin.py:190} INFO - [2026-07-01T09:09:42.988+0000] {dagbag.py:587} INFO - Filling up the DagBag from /home/airflow/.local/lib/python3.12/site-packages/airflow/example_dags/example_xcomargs.py
[2026-07-01T09:09:43.002+0000] {processor.py:925} INFO - DAG(s) 'example_xcom_args_with_operators', 'example_xcom_args' retrieved from /home/airflow/.local/lib/python3.12/site-packages/airflow/example_dags/example_xcomargs.py
[2026-07-01T09:09:43.093+0000] {logging_mixin.py:190} INFO - [2026-07-01T09:09:43.093+0000] {override.py:1858} INFO - Created Permission View: can read on DAG:example_xcom_args_with_operators
[2026-07-01T09:09:43.104+0000] {logging_mixin.py:190} INFO - [2026-07-01T09:09:43.103+0000] {override.py:1858} INFO - Created Permission View: can delete on DAG:example_xcom_args_with_operators
[2026-07-01T09:09:43.110+0000] {logging_mixin.py:190} INFO - [2026-07-01T09:09:43.110+0000] {override.py:1858} INFO - Created Permission View: can edit on DAG:example_xcom_args_with_operators
[2026-07-01T09:09:43.124+0000] {logging_mixin.py:190} INFO - [2026-07-01T09:09:43.124+0000] {override.py:1858} INFO - Created Permission View: can read on DAG:example_xcom_args
[2026-07-01T09:09:43.130+0000] {logging_mixin.py:190} INFO - [2026-07-01T09:09:43.130+0000] {override.py:1858} INFO - Created Permission View: can delete on DAG:example_xcom_args
[2026-07-01T09:09:43.137+0000] {logging_mixin.py:190} INFO - [2026-07-01T09:09:43.136+0000] {override.py:1858} INFO - Created Permission View: can edit on DAG:example_xcom_args
[2026-07-01T09:09:43.137+0000] {logging_mixin.py:190} INFO - [2026-07-01T09:09:43.137+0000] {dag.py:3211} INFO - Sync 2 DAGs
[2026-07-01T09:09:43.149+0000] {logging_mixin.py:190} INFO - [2026-07-01T09:09:43.149+0000] {dag.py:3234} INFO - Creating ORM DAG for example_xcom_args
[2026-07-01T09:09:43.150+0000] {logging_mixin.py:190} INFO - [2026-07-01T09:09:43.150+0000] {dag.py:3234} INFO - Creating ORM DAG for example_xcom_args_with_operators
[2026-07-01T09:09:43.150+0000] {logging_mixin.py:190} INFO - [2026-07-01T09:09:43.150+0000] {dag.py:4138} INFO - Setting next_dagrun for example_xcom_args to None, run_after=None
[2026-07-01T09:09:43.152+0000] {logging_mixin.py:190} INFO - [2026-07-01T09:09:43.151+0000] {dag.py:4138} INFO - Setting next_dagrun for example_xcom_args_with_operators to None, run_after=None
[2026-07-01T09:09:43.168+0000] {processor.py:208} INFO - Processing /home/airflow/.local/lib/python3.12/site-packages/airflow/example_dags/example_xcomargs.py took 0.190 seconds
[2026-07-01T09:10:13.772+0000] {processor.py:186} INFO - Started process (PID=176) to work on /home/airflow/.local/lib/python3.12/site-packages/airflow/example_dags/example_xcomargs.py
[2026-07-01T09:10:13.773+0000] {processor.py:914} INFO - Processing file /home/airflow/.local/lib/python3.12/site-packages/airflow/example_dags/example_xcomargs.py for tasks to queue
[2026-07-01T09:10:13.775+0000] {logging_mixin.py:190} INFO - [2026-07-01T09:10:13.774+0000] {dagbag.py:587} INFO - Filling up the DagBag from /home/airflow/.local/lib/python3.12/site-packages/airflow/example_dags/example_xcomargs.py
[2026-07-01T09:10:13.782+0000] {processor.py:925} INFO - DAG(s) 'example_xcom_args', 'example_xcom_args_with_operators' retrieved from /home/airflow/.local/lib/python3.12/site-packages/airflow/example_dags/example_xcomargs.py
[2026-07-01T09:10:13.799+0000] {logging_mixin.py:190} INFO - [2026-07-01T09:10:13.799+0000] {dag.py:3211} INFO - Sync 2 DAGs
[2026-07-01T09:10:13.810+0000] {logging_mixin.py:190} INFO - [2026-07-01T09:10:13.810+0000] {dag.py:4138} INFO - Setting next_dagrun for example_xcom_args to None, run_after=None
[2026-07-01T09:10:13.812+0000] {logging_mixin.py:190} INFO - [2026-07-01T09:10:13.812+0000] {dag.py:4138} INFO - Setting next_dagrun for example_xcom_args_with_operators to None, run_after=None
[2026-07-01T09:10:13.823+0000] {processor.py:208} INFO - Processing /home/airflow/.local/lib/python3.12/site-packages/airflow/example_dags/example_xcomargs.py took 0.056 seconds
[2026-07-01T09:10:44.027+0000] {processor.py:186} INFO - Started process (PID=239) to work on /home/airflow/.local/lib/python3.12/site-packages/airflow/example_dags/example_xcomargs.py
[2026-07-01T09:10:44.028+0000] {processor.py:914} INFO - Processing file /home/airflow/.local/lib/python3.12/site-packages/airflow/example_dags/example_xcomargs.py for tasks to queue
[2026-07-01T09:10:44.030+0000] {logging_mixin.py:190} INFO - [2026-07-01T09:10:44.030+0000] {dagbag.py:587} INFO - Filling up the DagBag from /home/airflow/.local/lib/python3.12/site-packages/airflow/example_dags/example_xcomargs.py
[2026-07-01T09:10:44.038+0000] {processor.py:925} INFO - DAG(s) 'example_xcom_args_with_operators', 'example_xcom_args' retrieved from /home/airflow/.local/lib/python3.12/site-packages/airflow/example_dags/example_xcomargs.py
[2026-07-01T09:10:44.055+0000] {logging_mixin.py:190} INFO - [2026-07-01T09:10:44.055+0000] {dag.py:3211} INFO - Sync 2 DAGs
[2026-07-01T09:10:44.066+0000] {logging_mixin.py:190} INFO - [2026-07-01T09:10:44.066+0000] {dag.py:4138} INFO - Setting next_dagrun for example_xcom_args to None, run_after=None
[2026-07-01T09:10:44.069+0000] {logging_mixin.py:190} INFO - [2026-07-01T09:10:44.069+0000] {dag.py:4138} INFO - Setting next_dagrun for example_xcom_args_with_operators to None, run_after=None
[2026-07-01T09:10:44.082+0000] {processor.py:208} INFO - Processing /home/airflow/.local/lib/python3.12/site-packages/airflow/example_dags/example_xcomargs.py took 0.059 seconds
[2026-07-01T09:11:14.171+0000] {processor.py:186} INFO - Started process (PID=300) to work on /home/airflow/.local/lib/python3.12/site-packages/airflow/example_dags/example_xcomargs.py
[2026-07-01T09:11:14.172+0000] {processor.py:914} INFO - Processing file /home/airflow/.local/lib/python3.12/site-packages/airflow/example_dags/example_xcomargs.py for tasks to queue
[2026-07-01T09:11:14.174+0000] {logging_mixin.py:190} INFO - [2026-07-01T09:11:14.174+0000] {dagbag.py:587} INFO - Filling up the DagBag from /home/airflow/.local/lib/python3.12/site-packages/airflow/example_dags/example_xcomargs.py
[2026-07-01T09:11:14.183+0000] {processor.py:925} INFO - DAG(s) 'example_xcom_args_with_operators', 'example_xcom_args' retrieved from /home/airflow/.local/lib/python3.12/site-packages/airflow/example_dags/example_xcomargs.py
[2026-07-01T09:11:14.203+0000] {logging_mixin.py:190} INFO - [2026-07-01T09:11:14.202+0000] {dag.py:3211} INFO - Sync 2 DAGs
[2026-07-01T09:11:14.213+0000] {logging_mixin.py:190} INFO - [2026-07-01T09:11:14.213+0000] {dag.py:4138} INFO - Setting next_dagrun for example_xcom_args to None, run_after=None
[2026-07-01T09:11:14.219+0000] {logging_mixin.py:190} INFO - [2026-07-01T09:11:14.219+0000] {dag.py:4138} INFO - Setting next_dagrun for example_xcom_args_with_operators to None, run_after=None
[2026-07-01T09:11:14.231+0000] {processor.py:208} INFO - Processing /home/airflow/.local/lib/python3.12/site-packages/airflow/example_dags/example_xcomargs.py took 0.064 seconds
[2026-07-01T09:11:44.600+0000] {processor.py:186} INFO - Started process (PID=361) to work on /home/airflow/.local/lib/python3.12/site-packages/airflow/example_dags/example_xcomargs.py
[2026-07-01T09:11:44.602+0000] {processor.py:914} INFO - Processing file /home/airflow/.local/lib/python3.12/site-packages/airflow/example_dags/example_xcomargs.py for tasks to queue
[2026-07-01T09:11:44.604+0000] {logging_mixin.py:190} INFO - [2026-07-01T09:11:44.604+0000] {dagbag.py:587} INFO - Filling up the DagBag from /home/airflow/.local/lib/python3.12/site-packages/airflow/example_dags/example_xcomargs.py
[2026-07-01T09:11:44.614+0000] {processor.py:925} INFO - DAG(s) 'example_xcom_args', 'example_xcom_args_with_operators' retrieved from /home/airflow/.local/lib/python3.12/site-packages/airflow/example_dags/example_xcomargs.py
[2026-07-01T09:11:44.634+0000] {logging_mixin.py:190} INFO - [2026-07-01T09:11:44.633+0000] {dag.py:3211} INFO - Sync 2 DAGs
[2026-07-01T09:11:44.645+0000] {logging_mixin.py:190} INFO - [2026-07-01T09:11:44.645+0000] {dag.py:4138} INFO - Setting next_dagrun for example_xcom_args to None, run_after=None
[2026-07-01T09:11:44.649+0000] {logging_mixin.py:190} INFO - [2026-07-01T09:11:44.648+0000] {dag.py:4138} INFO - Setting next_dagrun for example_xcom_args_with_operators to None, run_after=None
[2026-07-01T09:11:44.665+0000] {processor.py:208} INFO - Processing /home/airflow/.local/lib/python3.12/site-packages/airflow/example_dags/example_xcomargs.py took 0.070 seconds
[2026-07-01T09:12:15.024+0000] {processor.py:186} INFO - Started process (PID=423) to work on /home/airflow/.local/lib/python3.12/site-packages/airflow/example_dags/example_xcomargs.py
[2026-07-01T09:12:15.026+0000] {processor.py:914} INFO - Processing file /home/airflow/.local/lib/python3.12/site-packages/airflow/example_dags/example_xcomargs.py for tasks to queue
[2026-07-01T09:12:15.028+0000] {logging_mixin.py:190} INFO - [2026-07-01T09:12:15.028+0000] {dagbag.py:587} INFO - Filling up the DagBag from /home/airflow/.local/lib/python3.12/site-packages/airflow/example_dags/example_xcomargs.py
[2026-07-01T09:12:15.038+0000] {processor.py:925} INFO - DAG(s) 'example_xcom_args', 'example_xcom_args_with_operators' retrieved from /home/airflow/.local/lib/python3.12/site-packages/airflow/example_dags/example_xcomargs.py
[2026-07-01T09:12:15.061+0000] {logging_mixin.py:190} INFO - [2026-07-01T09:12:15.060+0000] {dag.py:3211} INFO - Sync 2 DAGs
[2026-07-01T09:12:15.072+0000] {logging_mixin.py:190} INFO - [2026-07-01T09:12:15.072+0000] {dag.py:4138} INFO - Setting next_dagrun for example_xcom_args to None, run_after=None
[2026-07-01T09:12:15.076+0000] {logging_mixin.py:190} INFO - [2026-07-01T09:12:15.076+0000] {dag.py:4138} INFO - Setting next_dagrun for example_xcom_args_with_operators to None, run_after=None
[2026-07-01T09:12:15.091+0000] {processor.py:208} INFO - Processing /home/airflow/.local/lib/python3.12/site-packages/airflow/example_dags/example_xcomargs.py took 0.073 seconds
[2026-07-01T09:12:45.338+0000] {processor.py:186} INFO - Started process (PID=485) to work on /home/airflow/.local/lib/python3.12/site-packages/airflow/example_dags/example_xcomargs.py
[2026-07-01T09:12:45.339+0000] {processor.py:914} INFO - Processing file /home/airflow/.local/lib/python3.12/site-packages/airflow/example_dags/example_xcomargs.py for tasks to queue
[2026-07-01T09:12:45.341+0000] {logging_mixin.py:190} INFO - [2026-07-01T09:12:45.341+0000] {dagbag.py:587} INFO - Filling up the DagBag from /home/airflow/.local/lib/python3.12/site-packages/airflow/example_dags/example_xcomargs.py
[2026-07-01T09:12:45.348+0000] {processor.py:925} INFO - DAG(s) 'example_xcom_args', 'example_xcom_args_with_operators' retrieved from /home/airflow/.local/lib/python3.12/site-packages/airflow/example_dags/example_xcomargs.py
[2026-07-01T09:12:45.364+0000] {logging_mixin.py:190} INFO - [2026-07-01T09:12:45.364+0000] {dag.py:3211} INFO - Sync 2 DAGs
[2026-07-01T09:12:45.373+0000] {logging_mixin.py:190} INFO - [2026-07-01T09:12:45.373+0000] {dag.py:4138} INFO - Setting next_dagrun for example_xcom_args to None, run_after=None
[2026-07-01T09:12:45.376+0000] {logging_mixin.py:190} INFO - [2026-07-01T09:12:45.376+0000] {dag.py:4138} INFO - Setting next_dagrun for example_xcom_args_with_operators to None, run_after=None
[2026-07-01T09:12:45.386+0000] {processor.py:208} INFO - Processing /home/airflow/.local/lib/python3.12/site-packages/airflow/example_dags/example_xcomargs.py took 0.053 seconds
[2026-07-01T09:13:15.682+0000] {processor.py:186} INFO - Started process (PID=547) to work on /home/airflow/.local/lib/python3.12/site-packages/airflow/example_dags/example_xcomargs.py
[2026-07-01T09:13:15.683+0000] {processor.py:914} INFO - Processing file /home/airflow/.local/lib/python3.12/site-packages/airflow/example_dags/example_xcomargs.py for tasks to queue
[2026-07-01T09:13:15.684+0000] {logging_mixin.py:190} INFO - [2026-07-01T09:13:15.684+0000] {dagbag.py:587} INFO - Filling up the DagBag from /home/airflow/.local/lib/python3.12/site-packages/airflow/example_dags/example_xcomargs.py
[2026-07-01T09:13:15.691+0000] {processor.py:925} INFO - DAG(s) 'example_xcom_args_with_operators', 'example_xcom_args' retrieved from /home/airflow/.local/lib/python3.12/site-packages/airflow/example_dags/example_xcomargs.py
[2026-07-01T09:13:15.706+0000] {logging_mixin.py:190} INFO - [2026-07-01T09:13:15.706+0000] {dag.py:3211} INFO - Sync 2 DAGs
[2026-07-01T09:13:15.715+0000] {logging_mixin.py:190} INFO - [2026-07-01T09:13:15.715+0000] {dag.py:4138} INFO - Setting next_dagrun for example_xcom_args to None, run_after=None
[2026-07-01T09:13:15.718+0000] {logging_mixin.py:190} INFO - [2026-07-01T09:13:15.717+0000] {dag.py:4138} INFO - Setting next_dagrun for example_xcom_args_with_operators to None, run_after=None
[2026-07-01T09:13:15.729+0000] {processor.py:208} INFO - Processing /home/airflow/.local/lib/python3.12/site-packages/airflow/example_dags/example_xcomargs.py took 0.051 seconds
[2026-07-01T09:13:46.789+0000] {processor.py:186} INFO - Started process (PID=609) to work on /home/airflow/.local/lib/python3.12/site-packages/airflow/example_dags/example_xcomargs.py
[2026-07-01T09:13:46.790+0000] {processor.py:914} INFO - Processing file /home/airflow/.local/lib/python3.12/site-packages/airflow/example_dags/example_xcomargs.py for tasks to queue
[2026-07-01T09:13:46.792+0000] {logging_mixin.py:190} INFO - [2026-07-01T09:13:46.792+0000] {dagbag.py:587} INFO - Filling up the DagBag from /home/airflow/.local/lib/python3.12/site-packages/airflow/example_dags/example_xcomargs.py
[2026-07-01T09:13:46.800+0000] {processor.py:925} INFO - DAG(s) 'example_xcom_args', 'example_xcom_args_with_operators' retrieved from /home/airflow/.local/lib/python3.12/site-packages/airflow/example_dags/example_xcomargs.py
[2026-07-01T09:13:46.818+0000] {logging_mixin.py:190} INFO - [2026-07-01T09:13:46.818+0000] {dag.py:3211} INFO - Sync 2 DAGs
[2026-07-01T09:13:46.829+0000] {logging_mixin.py:190} INFO - [2026-07-01T09:13:46.829+0000] {dag.py:4138} INFO - Setting next_dagrun for example_xcom_args to None, run_after=None
[2026-07-01T09:13:46.833+0000] {logging_mixin.py:190} INFO - [2026-07-01T09:13:46.833+0000] {dag.py:4138} INFO - Setting next_dagrun for example_xcom_args_with_operators to None, run_after=None
[2026-07-01T09:13:46.846+0000] {processor.py:208} INFO - Processing /home/airflow/.local/lib/python3.12/site-packages/airflow/example_dags/example_xcomargs.py took 0.061 seconds
[2026-07-01T09:14:17.025+0000] {processor.py:186} INFO - Started process (PID=671) to work on /home/airflow/.local/lib/python3.12/site-packages/airflow/example_dags/example_xcomargs.py
[2026-07-01T09:14:17.026+0000] {processor.py:914} INFO - Processing file /home/airflow/.local/lib/python3.12/site-packages/airflow/example_dags/example_xcomargs.py for tasks to queue
[2026-07-01T09:14:17.028+0000] {logging_mixin.py:190} INFO - [2026-07-01T09:14:17.028+0000] {dagbag.py:587} INFO - Filling up the DagBag from /home/airflow/.local/lib/python3.12/site-packages/airflow/example_dags/example_xcomargs.py
[2026-07-01T09:14:17.036+0000] {processor.py:925} INFO - DAG(s) 'example_xcom_args_with_operators', 'example_xcom_args' retrieved from /home/airflow/.local/lib/python3.12/site-packages/airflow/example_dags/example_xcomargs.py
[2026-07-01T09:14:17.053+0000] {logging_mixin.py:190} INFO - [2026-07-01T09:14:17.053+0000] {dag.py:3211} INFO - Sync 2 DAGs
[2026-07-01T09:14:17.065+0000] {logging_mixin.py:190} INFO - [2026-07-01T09:14:17.065+0000] {dag.py:4138} INFO - Setting next_dagrun for example_xcom_args to None, run_after=None
[2026-07-01T09:14:17.068+0000] {logging_mixin.py:190} INFO - [2026-07-01T09:14:17.068+0000] {dag.py:4138} INFO - Setting next_dagrun for example_xcom_args_with_operators to None, run_after=None
[2026-07-01T09:14:17.079+0000] {processor.py:208} INFO - Processing /home/airflow/.local/lib/python3.12/site-packages/airflow/example_dags/example_xcomargs.py took 0.059 seconds
[2026-07-01T09:14:48.034+0000] {processor.py:186} INFO - Started process (PID=733) to work on /home/airflow/.local/lib/python3.12/site-packages/airflow/example_dags/example_xcomargs.py
[2026-07-01T09:14:48.035+0000] {processor.py:914} INFO - Processing file /home/airflow/.local/lib/python3.12/site-packages/airflow/example_dags/example_xcomargs.py for tasks to queue
[2026-07-01T09:14:48.037+0000] {logging_mixin.py:190} INFO - [2026-07-01T09:14:48.037+0000] {dagbag.py:587} INFO - Filling up the DagBag from /home/airflow/.local/lib/python3.12/site-packages/airflow/example_dags/example_xcomargs.py
[2026-07-01T09:14:48.044+0000] {processor.py:925} INFO - DAG(s) 'example_xcom_args', 'example_xcom_args_with_operators' retrieved from /home/airflow/.local/lib/python3.12/site-packages/airflow/example_dags/example_xcomargs.py
[2026-07-01T09:14:48.061+0000] {logging_mixin.py:190} INFO - [2026-07-01T09:14:48.060+0000] {dag.py:3211} INFO - Sync 2 DAGs
[2026-07-01T09:14:48.071+0000] {logging_mixin.py:190} INFO - [2026-07-01T09:14:48.070+0000] {dag.py:4138} INFO - Setting next_dagrun for example_xcom_args to None, run_after=None
[2026-07-01T09:14:48.074+0000] {logging_mixin.py:190} INFO - [2026-07-01T09:14:48.073+0000] {dag.py:4138} INFO - Setting next_dagrun for example_xcom_args_with_operators to None, run_after=None
[2026-07-01T09:14:48.086+0000] {processor.py:208} INFO - Processing /home/airflow/.local/lib/python3.12/site-packages/airflow/example_dags/example_xcomargs.py took 0.057 seconds
[2026-07-01T09:15:18.807+0000] {processor.py:186} INFO - Started process (PID=795) to work on /home/airflow/.local/lib/python3.12/site-packages/airflow/example_dags/example_xcomargs.py
[2026-07-01T09:15:18.808+0000] {processor.py:914} INFO - Processing file /home/airflow/.local/lib/python3.12/site-packages/airflow/example_dags/example_xcomargs.py for tasks to queue
[2026-07-01T09:15:18.809+0000] {logging_mixin.py:190} INFO - [2026-07-01T09:15:18.809+0000] {dagbag.py:587} INFO - Filling up the DagBag from /home/airflow/.local/lib/python3.12/site-packages/airflow/example_dags/example_xcomargs.py
[2026-07-01T09:15:18.816+0000] {processor.py:925} INFO - DAG(s) 'example_xcom_args_with_operators', 'example_xcom_args' retrieved from /home/airflow/.local/lib/python3.12/site-packages/airflow/example_dags/example_xcomargs.py
[2026-07-01T09:15:18.832+0000] {logging_mixin.py:190} INFO - [2026-07-01T09:15:18.831+0000] {dag.py:3211} INFO - Sync 2 DAGs
[2026-07-01T09:15:18.841+0000] {logging_mixin.py:190} INFO - [2026-07-01T09:15:18.840+0000] {dag.py:4138} INFO - Setting next_dagrun for example_xcom_args to None, run_after=None
[2026-07-01T09:15:18.843+0000] {logging_mixin.py:190} INFO - [2026-07-01T09:15:18.843+0000] {dag.py:4138} INFO - Setting next_dagrun for example_xcom_args_with_operators to None, run_after=None
[2026-07-01T09:15:18.852+0000] {processor.py:208} INFO - Processing /home/airflow/.local/lib/python3.12/site-packages/airflow/example_dags/example_xcomargs.py took 0.049 seconds
[2026-07-01T09:15:49.008+0000] {processor.py:186} INFO - Started process (PID=857) to work on /home/airflow/.local/lib/python3.12/site-packages/airflow/example_dags/example_xcomargs.py
[2026-07-01T09:15:49.009+0000] {processor.py:914} INFO - Processing file /home/airflow/.local/lib/python3.12/site-packages/airflow/example_dags/example_xcomargs.py for tasks to queue
[2026-07-01T09:15:49.011+0000] {logging_mixin.py:190} INFO - [2026-07-01T09:15:49.010+0000] {dagbag.py:587} INFO - Filling up the DagBag from /home/airflow/.local/lib/python3.12/site-packages/airflow/example_dags/example_xcomargs.py
[2026-07-01T09:15:49.019+0000] {processor.py:925} INFO - DAG(s) 'example_xcom_args_with_operators', 'example_xcom_args' retrieved from /home/airflow/.local/lib/python3.12/site-packages/airflow/example_dags/example_xcomargs.py
[2026-07-01T09:15:49.042+0000] {logging_mixin.py:190} INFO - [2026-07-01T09:15:49.042+0000] {dag.py:3211} INFO - Sync 2 DAGs
[2026-07-01T09:15:49.062+0000] {logging_mixin.py:190} INFO - [2026-07-01T09:15:49.061+0000] {dag.py:4138} INFO - Setting next_dagrun for example_xcom_args to None, run_after=None
[2026-07-01T09:15:49.066+0000] {logging_mixin.py:190} INFO - [2026-07-01T09:15:49.066+0000] {dag.py:4138} INFO - Setting next_dagrun for example_xcom_args_with_operators to None, run_after=None
[2026-07-01T09:15:49.085+0000] {processor.py:208} INFO - Processing /home/airflow/.local/lib/python3.12/site-packages/airflow/example_dags/example_xcomargs.py took 0.083 seconds
[2026-07-01T09:16:19.241+0000] {processor.py:186} INFO - Started process (PID=920) to work on /home/airflow/.local/lib/python3.12/site-packages/airflow/example_dags/example_xcomargs.py
[2026-07-01T09:16:19.242+0000] {processor.py:914} INFO - Processing file /home/airflow/.local/lib/python3.12/site-packages/airflow/example_dags/example_xcomargs.py for tasks to queue
[2026-07-01T09:16:19.243+0000] {logging_mixin.py:190} INFO - [2026-07-01T09:16:19.243+0000] {dagbag.py:587} INFO - Filling up the DagBag from /home/airflow/.local/lib/python3.12/site-packages/airflow/example_dags/example_xcomargs.py
[2026-07-01T09:16:19.251+0000] {processor.py:925} INFO - DAG(s) 'example_xcom_args', 'example_xcom_args_with_operators' retrieved from /home/airflow/.local/lib/python3.12/site-packages/airflow/example_dags/example_xcomargs.py
[2026-07-01T09:16:19.269+0000] {logging_mixin.py:190} INFO - [2026-07-01T09:16:19.268+0000] {dag.py:3211} INFO - Sync 2 DAGs
[2026-07-01T09:16:19.280+0000] {logging_mixin.py:190} INFO - [2026-07-01T09:16:19.279+0000] {dag.py:4138} INFO - Setting next_dagrun for example_xcom_args to None, run_after=None
[2026-07-01T09:16:19.282+0000] {logging_mixin.py:190} INFO - [2026-07-01T09:16:19.282+0000] {dag.py:4138} INFO - Setting next_dagrun for example_xcom_args_with_operators to None, run_after=None
[2026-07-01T09:16:19.295+0000] {processor.py:208} INFO - Processing /home/airflow/.local/lib/python3.12/site-packages/airflow/example_dags/example_xcomargs.py took 0.059 seconds
[2026-07-01T09:16:49.327+0000] {processor.py:186} INFO - Started process (PID=982) to work on /home/airflow/.local/lib/python3.12/site-packages/airflow/example_dags/example_xcomargs.py
[2026-07-01T09:16:49.328+0000] {processor.py:914} INFO - Processing file /home/airflow/.local/lib/python3.12/site-packages/airflow/example_dags/example_xcomargs.py for tasks to queue
[2026-07-01T09:16:49.329+0000] {logging_mixin.py:190} INFO - [2026-07-01T09:16:49.329+0000] {dagbag.py:587} INFO - Filling up the DagBag from /home/airflow/.local/lib/python3.12/site-packages/airflow/example_dags/example_xcomargs.py
[2026-07-01T09:16:49.337+0000] {processor.py:925} INFO - DAG(s) 'example_xcom_args', 'example_xcom_args_with_operators' retrieved from /home/airflow/.local/lib/python3.12/site-packages/airflow/example_dags/example_xcomargs.py
[2026-07-01T09:16:49.353+0000] {logging_mixin.py:190} INFO - [2026-07-01T09:16:49.353+0000] {dag.py:3211} INFO - Sync 2 DAGs
[2026-07-01T09:16:49.363+0000] {logging_mixin.py:190} INFO - [2026-07-01T09:16:49.362+0000] {dag.py:4138} INFO - Setting next_dagrun for example_xcom_args to None, run_after=None
[2026-07-01T09:16:49.365+0000] {logging_mixin.py:190} INFO - [2026-07-01T09:16:49.365+0000] {dag.py:4138} INFO - Setting next_dagrun for example_xcom_args_with_operators to None, run_after=None
[2026-07-01T09:16:49.376+0000] {processor.py:208} INFO - Processing /home/airflow/.local/lib/python3.12/site-packages/airflow/example_dags/example_xcomargs.py took 0.054 seconds
[2026-07-01T09:17:19.872+0000] {processor.py:186} INFO - Started process (PID=1043) to work on /home/airflow/.local/lib/python3.12/site-packages/airflow/example_dags/example_xcomargs.py
[2026-07-01T09:17:19.874+0000] {processor.py:914} INFO - Processing file /home/airflow/.local/lib/python3.12/site-packages/airflow/example_dags/example_xcomargs.py for tasks to queue
[2026-07-01T09:17:19.876+0000] {logging_mixin.py:190} INFO - [2026-07-01T09:17:19.876+0000] {dagbag.py:587} INFO - Filling up the DagBag from /home/airflow/.local/lib/python3.12/site-packages/airflow/example_dags/example_xcomargs.py
[2026-07-01T09:17:19.889+0000] {processor.py:925} INFO - DAG(s) 'example_xcom_args', 'example_xcom_args_with_operators' retrieved from /home/airflow/.local/lib/python3.12/site-packages/airflow/example_dags/example_xcomargs.py
[2026-07-01T09:17:19.912+0000] {logging_mixin.py:190} INFO - [2026-07-01T09:17:19.912+0000] {dag.py:3211} INFO - Sync 2 DAGs
[2026-07-01T09:17:19.923+0000] {logging_mixin.py:190} INFO - [2026-07-01T09:17:19.923+0000] {dag.py:4138} INFO - Setting next_dagrun for example_xcom_args to None, run_after=None
[2026-07-01T09:17:19.927+0000] {logging_mixin.py:190} INFO - [2026-07-01T09:17:19.926+0000] {dag.py:4138} INFO - Setting next_dagrun for example_xcom_args_with_operators to None, run_after=None
[2026-07-01T09:17:19.940+0000] {processor.py:208} INFO - Processing /home/airflow/.local/lib/python3.12/site-packages/airflow/example_dags/example_xcomargs.py took 0.073 seconds
[2026-07-01T09:17:50.005+0000] {processor.py:186} INFO - Started process (PID=1105) to work on /home/airflow/.local/lib/python3.12/site-packages/airflow/example_dags/example_xcomargs.py
[2026-07-01T09:17:50.006+0000] {processor.py:914} INFO - Processing file /home/airflow/.local/lib/python3.12/site-packages/airflow/example_dags/example_xcomargs.py for tasks to queue
[2026-07-01T09:17:50.008+0000] {logging_mixin.py:190} INFO - [2026-07-01T09:17:50.008+0000] {dagbag.py:587} INFO - Filling up the DagBag from /home/airflow/.local/lib/python3.12/site-packages/airflow/example_dags/example_xcomargs.py
[2026-07-01T09:17:50.019+0000] {processor.py:925} INFO - DAG(s) 'example_xcom_args_with_operators', 'example_xcom_args' retrieved from /home/airflow/.local/lib/python3.12/site-packages/airflow/example_dags/example_xcomargs.py
[2026-07-01T09:17:50.039+0000] {logging_mixin.py:190} INFO - [2026-07-01T09:17:50.039+0000] {dag.py:3211} INFO - Sync 2 DAGs
[2026-07-01T09:17:50.053+0000] {logging_mixin.py:190} INFO - [2026-07-01T09:17:50.053+0000] {dag.py:4138} INFO - Setting next_dagrun for example_xcom_args to None, run_after=None
[2026-07-01T09:17:50.056+0000] {logging_mixin.py:190} INFO - [2026-07-01T09:17:50.056+0000] {dag.py:4138} INFO - Setting next_dagrun for example_xcom_args_with_operators to None, run_after=None
[2026-07-01T09:17:50.069+0000] {processor.py:208} INFO - Processing /home/airflow/.local/lib/python3.12/site-packages/airflow/example_dags/example_xcomargs.py took 0.069 seconds
[2026-07-01T09:18:20.501+0000] {processor.py:186} INFO - Started process (PID=1166) to work on /home/airflow/.local/lib/python3.12/site-packages/airflow/example_dags/example_xcomargs.py
[2026-07-01T09:18:20.501+0000] {processor.py:914} INFO - Processing file /home/airflow/.local/lib/python3.12/site-packages/airflow/example_dags/example_xcomargs.py for tasks to queue
[2026-07-01T09:18:20.503+0000] {logging_mixin.py:190} INFO - [2026-07-01T09:18:20.503+0000] {dagbag.py:587} INFO - Filling up the DagBag from /home/airflow/.local/lib/python3.12/site-packages/airflow/example_dags/example_xcomargs.py
[2026-07-01T09:18:20.510+0000] {processor.py:925} INFO - DAG(s) 'example_xcom_args', 'example_xcom_args_with_operators' retrieved from /home/airflow/.local/lib/python3.12/site-packages/airflow/example_dags/example_xcomargs.py
[2026-07-01T09:18:20.525+0000] {logging_mixin.py:190} INFO - [2026-07-01T09:18:20.525+0000] {dag.py:3211} INFO - Sync 2 DAGs
[2026-07-01T09:18:20.535+0000] {logging_mixin.py:190} INFO - [2026-07-01T09:18:20.535+0000] {dag.py:4138} INFO - Setting next_dagrun for example_xcom_args to None, run_after=None
[2026-07-01T09:18:20.538+0000] {logging_mixin.py:190} INFO - [2026-07-01T09:18:20.537+0000] {dag.py:4138} INFO - Setting next_dagrun for example_xcom_args_with_operators to None, run_after=None
[2026-07-01T09:18:20.549+0000] {processor.py:208} INFO - Processing /home/airflow/.local/lib/python3.12/site-packages/airflow/example_dags/example_xcomargs.py took 0.052 seconds
[2026-07-01T09:18:51.489+0000] {processor.py:186} INFO - Started process (PID=1229) to work on /home/airflow/.local/lib/python3.12/site-packages/airflow/example_dags/example_xcomargs.py
[2026-07-01T09:18:51.490+0000] {processor.py:914} INFO - Processing file /home/airflow/.local/lib/python3.12/site-packages/airflow/example_dags/example_xcomargs.py for tasks to queue
[2026-07-01T09:18:51.492+0000] {logging_mixin.py:190} INFO - [2026-07-01T09:18:51.492+0000] {dagbag.py:587} INFO - Filling up the DagBag from /home/airflow/.local/lib/python3.12/site-packages/airflow/example_dags/example_xcomargs.py
[2026-07-01T09:18:51.500+0000] {processor.py:925} INFO - DAG(s) 'example_xcom_args_with_operators', 'example_xcom_args' retrieved from /home/airflow/.local/lib/python3.12/site-packages/airflow/example_dags/example_xcomargs.py
[2026-07-01T09:18:51.517+0000] {logging_mixin.py:190} INFO - [2026-07-01T09:18:51.517+0000] {dag.py:3211} INFO - Sync 2 DAGs
[2026-07-01T09:18:51.527+0000] {logging_mixin.py:190} INFO - [2026-07-01T09:18:51.527+0000] {dag.py:4138} INFO - Setting next_dagrun for example_xcom_args to None, run_after=None
[2026-07-01T09:18:51.530+0000] {logging_mixin.py:190} INFO - [2026-07-01T09:18:51.530+0000] {dag.py:4138} INFO - Setting next_dagrun for example_xcom_args_with_operators to None, run_after=None
[2026-07-01T09:18:51.542+0000] {processor.py:208} INFO - Processing /home/airflow/.local/lib/python3.12/site-packages/airflow/example_dags/example_xcomargs.py took 0.058 seconds
[2026-07-01T09:19:22.143+0000] {processor.py:186} INFO - Started process (PID=1291) to work on /home/airflow/.local/lib/python3.12/site-packages/airflow/example_dags/example_xcomargs.py
[2026-07-01T09:19:22.144+0000] {processor.py:914} INFO - Processing file /home/airflow/.local/lib/python3.12/site-packages/airflow/example_dags/example_xcomargs.py for tasks to queue
[2026-07-01T09:19:22.146+0000] {logging_mixin.py:190} INFO - [2026-07-01T09:19:22.145+0000] {dagbag.py:587} INFO - Filling up the DagBag from /home/airflow/.local/lib/python3.12/site-packages/airflow/example_dags/example_xcomargs.py
[2026-07-01T09:19:22.153+0000] {processor.py:925} INFO - DAG(s) 'example_xcom_args_with_operators', 'example_xcom_args' retrieved from /home/airflow/.local/lib/python3.12/site-packages/airflow/example_dags/example_xcomargs.py
[2026-07-01T09:19:22.170+0000] {logging_mixin.py:190} INFO - [2026-07-01T09:19:22.170+0000] {dag.py:3211} INFO - Sync 2 DAGs
[2026-07-01T09:19:22.182+0000] {logging_mixin.py:190} INFO - [2026-07-01T09:19:22.181+0000] {dag.py:4138} INFO - Setting next_dagrun for example_xcom_args to None, run_after=None
[2026-07-01T09:19:22.185+0000] {logging_mixin.py:190} INFO - [2026-07-01T09:19:22.185+0000] {dag.py:4138} INFO - Setting next_dagrun for example_xcom_args_with_operators to None, run_after=None
[2026-07-01T09:19:22.197+0000] {processor.py:208} INFO - Processing /home/airflow/.local/lib/python3.12/site-packages/airflow/example_dags/example_xcomargs.py took 0.059 seconds
[2026-07-01T09:19:52.882+0000] {processor.py:186} INFO - Started process (PID=1353) to work on /home/airflow/.local/lib/python3.12/site-packages/airflow/example_dags/example_xcomargs.py
[2026-07-01T09:19:52.883+0000] {processor.py:914} INFO - Processing file /home/airflow/.local/lib/python3.12/site-packages/airflow/example_dags/example_xcomargs.py for tasks to queue
[2026-07-01T09:19:52.885+0000] {logging_mixin.py:190} INFO - [2026-07-01T09:19:52.885+0000] {dagbag.py:587} INFO - Filling up the DagBag from /home/airflow/.local/lib/python3.12/site-packages/airflow/example_dags/example_xcomargs.py
[2026-07-01T09:19:52.892+0000] {processor.py:925} INFO - DAG(s) 'example_xcom_args', 'example_xcom_args_with_operators' retrieved from /home/airflow/.local/lib/python3.12/site-packages/airflow/example_dags/example_xcomargs.py
[2026-07-01T09:19:52.910+0000] {logging_mixin.py:190} INFO - [2026-07-01T09:19:52.910+0000] {dag.py:3211} INFO - Sync 2 DAGs
[2026-07-01T09:19:52.920+0000] {logging_mixin.py:190} INFO - [2026-07-01T09:19:52.920+0000] {dag.py:4138} INFO - Setting next_dagrun for example_xcom_args to None, run_after=None
[2026-07-01T09:19:52.923+0000] {logging_mixin.py:190} INFO - [2026-07-01T09:19:52.923+0000] {dag.py:4138} INFO - Setting next_dagrun for example_xcom_args_with_operators to None, run_after=None
[2026-07-01T09:19:52.935+0000] {processor.py:208} INFO - Processing /home/airflow/.local/lib/python3.12/site-packages/airflow/example_dags/example_xcomargs.py took 0.057 seconds
[2026-07-01T09:20:23.665+0000] {processor.py:186} INFO - Started process (PID=1415) to work on /home/airflow/.local/lib/python3.12/site-packages/airflow/example_dags/example_xcomargs.py
[2026-07-01T09:20:23.666+0000] {processor.py:914} INFO - Processing file /home/airflow/.local/lib/python3.12/site-packages/airflow/example_dags/example_xcomargs.py for tasks to queue
[2026-07-01T09:20:23.668+0000] {logging_mixin.py:190} INFO - [2026-07-01T09:20:23.667+0000] {dagbag.py:587} INFO - Filling up the DagBag from /home/airflow/.local/lib/python3.12/site-packages/airflow/example_dags/example_xcomargs.py
[2026-07-01T09:20:23.674+0000] {processor.py:925} INFO - DAG(s) 'example_xcom_args_with_operators', 'example_xcom_args' retrieved from /home/airflow/.local/lib/python3.12/site-packages/airflow/example_dags/example_xcomargs.py
[2026-07-01T09:20:23.691+0000] {logging_mixin.py:190} INFO - [2026-07-01T09:20:23.691+0000] {dag.py:3211} INFO - Sync 2 DAGs
[2026-07-01T09:20:23.700+0000] {logging_mixin.py:190} INFO - [2026-07-01T09:20:23.700+0000] {dag.py:4138} INFO - Setting next_dagrun for example_xcom_args to None, run_after=None
[2026-07-01T09:20:23.702+0000] {logging_mixin.py:190} INFO - [2026-07-01T09:20:23.702+0000] {dag.py:4138} INFO - Setting next_dagrun for example_xcom_args_with_operators to None, run_after=None
[2026-07-01T09:20:23.712+0000] {processor.py:208} INFO - Processing /home/airflow/.local/lib/python3.12/site-packages/airflow/example_dags/example_xcomargs.py took 0.051 seconds
[2026-07-01T09:20:54.602+0000] {processor.py:186} INFO - Started process (PID=1477) to work on /home/airflow/.local/lib/python3.12/site-packages/airflow/example_dags/example_xcomargs.py
[2026-07-01T09:20:54.603+0000] {processor.py:914} INFO - Processing file /home/airflow/.local/lib/python3.12/site-packages/airflow/example_dags/example_xcomargs.py for tasks to queue
[2026-07-01T09:20:54.604+0000] {logging_mixin.py:190} INFO - [2026-07-01T09:20:54.604+0000] {dagbag.py:587} INFO - Filling up the DagBag from /home/airflow/.local/lib/python3.12/site-packages/airflow/example_dags/example_xcomargs.py
[2026-07-01T09:20:54.613+0000] {processor.py:925} INFO - DAG(s) 'example_xcom_args', 'example_xcom_args_with_operators' retrieved from /home/airflow/.local/lib/python3.12/site-packages/airflow/example_dags/example_xcomargs.py
[2026-07-01T09:20:54.630+0000] {logging_mixin.py:190} INFO - [2026-07-01T09:20:54.630+0000] {dag.py:3211} INFO - Sync 2 DAGs
[2026-07-01T09:20:54.639+0000] {logging_mixin.py:190} INFO - [2026-07-01T09:20:54.639+0000] {dag.py:4138} INFO - Setting next_dagrun for example_xcom_args to None, run_after=None
[2026-07-01T09:20:54.642+0000] {logging_mixin.py:190} INFO - [2026-07-01T09:20:54.642+0000] {dag.py:4138} INFO - Setting next_dagrun for example_xcom_args_with_operators to None, run_after=None
[2026-07-01T09:20:54.654+0000] {processor.py:208} INFO - Processing /home/airflow/.local/lib/python3.12/site-packages/airflow/example_dags/example_xcomargs.py took 0.057 seconds
[2026-07-01T09:21:24.894+0000] {processor.py:186} INFO - Started process (PID=1539) to work on /home/airflow/.local/lib/python3.12/site-packages/airflow/example_dags/example_xcomargs.py
[2026-07-01T09:21:24.895+0000] {processor.py:914} INFO - Processing file /home/airflow/.local/lib/python3.12/site-packages/airflow/example_dags/example_xcomargs.py for tasks to queue
[2026-07-01T09:21:24.897+0000] {logging_mixin.py:190} INFO - [2026-07-01T09:21:24.897+0000] {dagbag.py:587} INFO - Filling up the DagBag from /home/airflow/.local/lib/python3.12/site-packages/airflow/example_dags/example_xcomargs.py
[2026-07-01T09:21:24.911+0000] {processor.py:925} INFO - DAG(s) 'example_xcom_args', 'example_xcom_args_with_operators' retrieved from /home/airflow/.local/lib/python3.12/site-packages/airflow/example_dags/example_xcomargs.py
[2026-07-01T09:21:24.934+0000] {logging_mixin.py:190} INFO - [2026-07-01T09:21:24.934+0000] {dag.py:3211} INFO - Sync 2 DAGs
[2026-07-01T09:21:24.946+0000] {logging_mixin.py:190} INFO - [2026-07-01T09:21:24.946+0000] {dag.py:4138} INFO - Setting next_dagrun for example_xcom_args to None, run_after=None
[2026-07-01T09:21:24.949+0000] {logging_mixin.py:190} INFO - [2026-07-01T09:21:24.949+0000] {dag.py:4138} INFO - Setting next_dagrun for example_xcom_args_with_operators to None, run_after=None
[2026-07-01T09:21:24.962+0000] {processor.py:208} INFO - Processing /home/airflow/.local/lib/python3.12/site-packages/airflow/example_dags/example_xcomargs.py took 0.072 seconds
[2026-07-01T09:21:55.119+0000] {processor.py:186} INFO - Started process (PID=1601) to work on /home/airflow/.local/lib/python3.12/site-packages/airflow/example_dags/example_xcomargs.py
[2026-07-01T09:21:55.121+0000] {processor.py:914} INFO - Processing file /home/airflow/.local/lib/python3.12/site-packages/airflow/example_dags/example_xcomargs.py for tasks to queue
[2026-07-01T09:21:55.125+0000] {logging_mixin.py:190} INFO - [2026-07-01T09:21:55.125+0000] {dagbag.py:587} INFO - Filling up the DagBag from /home/airflow/.local/lib/python3.12/site-packages/airflow/example_dags/example_xcomargs.py
[2026-07-01T09:21:55.135+0000] {processor.py:925} INFO - DAG(s) 'example_xcom_args', 'example_xcom_args_with_operators' retrieved from /home/airflow/.local/lib/python3.12/site-packages/airflow/example_dags/example_xcomargs.py
[2026-07-01T09:21:55.157+0000] {logging_mixin.py:190} INFO - [2026-07-01T09:21:55.157+0000] {dag.py:3211} INFO - Sync 2 DAGs
[2026-07-01T09:21:55.170+0000] {logging_mixin.py:190} INFO - [2026-07-01T09:21:55.169+0000] {dag.py:4138} INFO - Setting next_dagrun for example_xcom_args to None, run_after=None
[2026-07-01T09:21:55.173+0000] {logging_mixin.py:190} INFO - [2026-07-01T09:21:55.173+0000] {dag.py:4138} INFO - Setting next_dagrun for example_xcom_args_with_operators to None, run_after=None
[2026-07-01T09:21:55.187+0000] {processor.py:208} INFO - Processing /home/airflow/.local/lib/python3.12/site-packages/airflow/example_dags/example_xcomargs.py took 0.074 seconds
[2026-07-01T09:22:25.411+0000] {processor.py:186} INFO - Started process (PID=1663) to work on /home/airflow/.local/lib/python3.12/site-packages/airflow/example_dags/example_xcomargs.py
[2026-07-01T09:22:25.412+0000] {processor.py:914} INFO - Processing file /home/airflow/.local/lib/python3.12/site-packages/airflow/example_dags/example_xcomargs.py for tasks to queue
[2026-07-01T09:22:25.414+0000] {logging_mixin.py:190} INFO - [2026-07-01T09:22:25.414+0000] {dagbag.py:587} INFO - Filling up the DagBag from /home/airflow/.local/lib/python3.12/site-packages/airflow/example_dags/example_xcomargs.py
[2026-07-01T09:22:25.422+0000] {processor.py:925} INFO - DAG(s) 'example_xcom_args', 'example_xcom_args_with_operators' retrieved from /home/airflow/.local/lib/python3.12/site-packages/airflow/example_dags/example_xcomargs.py
[2026-07-01T09:22:25.441+0000] {logging_mixin.py:190} INFO - [2026-07-01T09:22:25.440+0000] {dag.py:3211} INFO - Sync 2 DAGs
[2026-07-01T09:22:25.451+0000] {logging_mixin.py:190} INFO - [2026-07-01T09:22:25.451+0000] {dag.py:4138} INFO - Setting next_dagrun for example_xcom_args to None, run_after=None
[2026-07-01T09:22:25.454+0000] {logging_mixin.py:190} INFO - [2026-07-01T09:22:25.454+0000] {dag.py:4138} INFO - Setting next_dagrun for example_xcom_args_with_operators to None, run_after=None
[2026-07-01T09:22:25.466+0000] {processor.py:208} INFO - Processing /home/airflow/.local/lib/python3.12/site-packages/airflow/example_dags/example_xcomargs.py took 0.061 seconds
[2026-07-01T09:22:56.423+0000] {processor.py:186} INFO - Started process (PID=1725) to work on /home/airflow/.local/lib/python3.12/site-packages/airflow/example_dags/example_xcomargs.py
[2026-07-01T09:22:56.424+0000] {processor.py:914} INFO - Processing file /home/airflow/.local/lib/python3.12/site-packages/airflow/example_dags/example_xcomargs.py for tasks to queue
[2026-07-01T09:22:56.427+0000] {logging_mixin.py:190} INFO - [2026-07-01T09:22:56.426+0000] {dagbag.py:587} INFO - Filling up the DagBag from /home/airflow/.local/lib/python3.12/site-packages/airflow/example_dags/example_xcomargs.py
[2026-07-01T09:22:56.437+0000] {processor.py:925} INFO - DAG(s) 'example_xcom_args', 'example_xcom_args_with_operators' retrieved from /home/airflow/.local/lib/python3.12/site-packages/airflow/example_dags/example_xcomargs.py
[2026-07-01T09:22:56.455+0000] {logging_mixin.py:190} INFO - [2026-07-01T09:22:56.455+0000] {dag.py:3211} INFO - Sync 2 DAGs
[2026-07-01T09:22:56.465+0000] {logging_mixin.py:190} INFO - [2026-07-01T09:22:56.465+0000] {dag.py:4138} INFO - Setting next_dagrun for example_xcom_args to None, run_after=None
[2026-07-01T09:22:56.468+0000] {logging_mixin.py:190} INFO - [2026-07-01T09:22:56.468+0000] {dag.py:4138} INFO - Setting next_dagrun for example_xcom_args_with_operators to None, run_after=None
[2026-07-01T09:22:56.480+0000] {processor.py:208} INFO - Processing /home/airflow/.local/lib/python3.12/site-packages/airflow/example_dags/example_xcomargs.py took 0.063 seconds
[2026-07-01T09:23:26.977+0000] {processor.py:186} INFO - Started process (PID=1787) to work on /home/airflow/.local/lib/python3.12/site-packages/airflow/example_dags/example_xcomargs.py
[2026-07-01T09:23:26.978+0000] {processor.py:914} INFO - Processing file /home/airflow/.local/lib/python3.12/site-packages/airflow/example_dags/example_xcomargs.py for tasks to queue
[2026-07-01T09:23:26.981+0000] {logging_mixin.py:190} INFO - [2026-07-01T09:23:26.980+0000] {dagbag.py:587} INFO - Filling up the DagBag from /home/airflow/.local/lib/python3.12/site-packages/airflow/example_dags/example_xcomargs.py
[2026-07-01T09:23:26.989+0000] {processor.py:925} INFO - DAG(s) 'example_xcom_args_with_operators', 'example_xcom_args' retrieved from /home/airflow/.local/lib/python3.12/site-packages/airflow/example_dags/example_xcomargs.py
[2026-07-01T09:23:27.007+0000] {logging_mixin.py:190} INFO - [2026-07-01T09:23:27.007+0000] {dag.py:3211} INFO - Sync 2 DAGs
[2026-07-01T09:23:27.018+0000] {logging_mixin.py:190} INFO - [2026-07-01T09:23:27.018+0000] {dag.py:4138} INFO - Setting next_dagrun for example_xcom_args to None, run_after=None
[2026-07-01T09:23:27.021+0000] {logging_mixin.py:190} INFO - [2026-07-01T09:23:27.021+0000] {dag.py:4138} INFO - Setting next_dagrun for example_xcom_args_with_operators to None, run_after=None
[2026-07-01T09:23:27.034+0000] {processor.py:208} INFO - Processing /home/airflow/.local/lib/python3.12/site-packages/airflow/example_dags/example_xcomargs.py took 0.064 seconds
[2026-07-01T09:23:57.121+0000] {processor.py:186} INFO - Started process (PID=1849) to work on /home/airflow/.local/lib/python3.12/site-packages/airflow/example_dags/example_xcomargs.py
[2026-07-01T09:23:57.122+0000] {processor.py:914} INFO - Processing file /home/airflow/.local/lib/python3.12/site-packages/airflow/example_dags/example_xcomargs.py for tasks to queue
[2026-07-01T09:23:57.124+0000] {logging_mixin.py:190} INFO - [2026-07-01T09:23:57.124+0000] {dagbag.py:587} INFO - Filling up the DagBag from /home/airflow/.local/lib/python3.12/site-packages/airflow/example_dags/example_xcomargs.py
[2026-07-01T09:23:57.133+0000] {processor.py:925} INFO - DAG(s) 'example_xcom_args', 'example_xcom_args_with_operators' retrieved from /home/airflow/.local/lib/python3.12/site-packages/airflow/example_dags/example_xcomargs.py
[2026-07-01T09:23:57.153+0000] {logging_mixin.py:190} INFO - [2026-07-01T09:23:57.153+0000] {dag.py:3211} INFO - Sync 2 DAGs
[2026-07-01T09:23:57.165+0000] {logging_mixin.py:190} INFO - [2026-07-01T09:23:57.165+0000] {dag.py:4138} INFO - Setting next_dagrun for example_xcom_args to None, run_after=None
[2026-07-01T09:23:57.168+0000] {logging_mixin.py:190} INFO - [2026-07-01T09:23:57.168+0000] {dag.py:4138} INFO - Setting next_dagrun for example_xcom_args_with_operators to None, run_after=None
[2026-07-01T09:23:57.181+0000] {processor.py:208} INFO - Processing /home/airflow/.local/lib/python3.12/site-packages/airflow/example_dags/example_xcomargs.py took 0.064 seconds
[2026-07-01T09:24:27.330+0000] {processor.py:186} INFO - Started process (PID=1910) to work on /home/airflow/.local/lib/python3.12/site-packages/airflow/example_dags/example_xcomargs.py
[2026-07-01T09:24:27.332+0000] {processor.py:914} INFO - Processing file /home/airflow/.local/lib/python3.12/site-packages/airflow/example_dags/example_xcomargs.py for tasks to queue
[2026-07-01T09:24:27.334+0000] {logging_mixin.py:190} INFO - [2026-07-01T09:24:27.334+0000] {dagbag.py:587} INFO - Filling up the DagBag from /home/airflow/.local/lib/python3.12/site-packages/airflow/example_dags/example_xcomargs.py
[2026-07-01T09:24:27.341+0000] {processor.py:925} INFO - DAG(s) 'example_xcom_args', 'example_xcom_args_with_operators' retrieved from /home/airflow/.local/lib/python3.12/site-packages/airflow/example_dags/example_xcomargs.py
[2026-07-01T09:24:27.358+0000] {logging_mixin.py:190} INFO - [2026-07-01T09:24:27.358+0000] {dag.py:3211} INFO - Sync 2 DAGs
[2026-07-01T09:24:27.368+0000] {logging_mixin.py:190} INFO - [2026-07-01T09:24:27.368+0000] {dag.py:4138} INFO - Setting next_dagrun for example_xcom_args to None, run_after=None
[2026-07-01T09:24:27.371+0000] {logging_mixin.py:190} INFO - [2026-07-01T09:24:27.371+0000] {dag.py:4138} INFO - Setting next_dagrun for example_xcom_args_with_operators to None, run_after=None
[2026-07-01T09:24:27.384+0000] {processor.py:208} INFO - Processing /home/airflow/.local/lib/python3.12/site-packages/airflow/example_dags/example_xcomargs.py took 0.059 seconds
[2026-07-01T09:24:58.272+0000] {processor.py:186} INFO - Started process (PID=1973) to work on /home/airflow/.local/lib/python3.12/site-packages/airflow/example_dags/example_xcomargs.py
[2026-07-01T09:24:58.273+0000] {processor.py:914} INFO - Processing file /home/airflow/.local/lib/python3.12/site-packages/airflow/example_dags/example_xcomargs.py for tasks to queue
[2026-07-01T09:24:58.275+0000] {logging_mixin.py:190} INFO - [2026-07-01T09:24:58.275+0000] {dagbag.py:587} INFO - Filling up the DagBag from /home/airflow/.local/lib/python3.12/site-packages/airflow/example_dags/example_xcomargs.py
[2026-07-01T09:24:58.283+0000] {processor.py:925} INFO - DAG(s) 'example_xcom_args', 'example_xcom_args_with_operators' retrieved from /home/airflow/.local/lib/python3.12/site-packages/airflow/example_dags/example_xcomargs.py
[2026-07-01T09:24:58.299+0000] {logging_mixin.py:190} INFO - [2026-07-01T09:24:58.299+0000] {dag.py:3211} INFO - Sync 2 DAGs
[2026-07-01T09:24:58.309+0000] {logging_mixin.py:190} INFO - [2026-07-01T09:24:58.309+0000] {dag.py:4138} INFO - Setting next_dagrun for example_xcom_args to None, run_after=None
[2026-07-01T09:24:58.312+0000] {logging_mixin.py:190} INFO - [2026-07-01T09:24:58.312+0000] {dag.py:4138} INFO - Setting next_dagrun for example_xcom_args_with_operators to None, run_after=None
[2026-07-01T09:24:58.323+0000] {processor.py:208} INFO - Processing /home/airflow/.local/lib/python3.12/site-packages/airflow/example_dags/example_xcomargs.py took 0.056 seconds
[2026-07-01T09:25:28.929+0000] {processor.py:186} INFO - Started process (PID=2035) to work on /home/airflow/.local/lib/python3.12/site-packages/airflow/example_dags/example_xcomargs.py
[2026-07-01T09:25:28.930+0000] {processor.py:914} INFO - Processing file /home/airflow/.local/lib/python3.12/site-packages/airflow/example_dags/example_xcomargs.py for tasks to queue
[2026-07-01T09:25:28.932+0000] {logging_mixin.py:190} INFO - [2026-07-01T09:25:28.932+0000] {dagbag.py:587} INFO - Filling up the DagBag from /home/airflow/.local/lib/python3.12/site-packages/airflow/example_dags/example_xcomargs.py
[2026-07-01T09:25:28.943+0000] {processor.py:925} INFO - DAG(s) 'example_xcom_args', 'example_xcom_args_with_operators' retrieved from /home/airflow/.local/lib/python3.12/site-packages/airflow/example_dags/example_xcomargs.py
[2026-07-01T09:25:28.961+0000] {logging_mixin.py:190} INFO - [2026-07-01T09:25:28.961+0000] {dag.py:3211} INFO - Sync 2 DAGs
[2026-07-01T09:25:28.973+0000] {logging_mixin.py:190} INFO - [2026-07-01T09:25:28.973+0000] {dag.py:4138} INFO - Setting next_dagrun for example_xcom_args to None, run_after=None
[2026-07-01T09:25:28.976+0000] {logging_mixin.py:190} INFO - [2026-07-01T09:25:28.976+0000] {dag.py:4138} INFO - Setting next_dagrun for example_xcom_args_with_operators to None, run_after=None
[2026-07-01T09:25:28.990+0000] {processor.py:208} INFO - Processing /home/airflow/.local/lib/python3.12/site-packages/airflow/example_dags/example_xcomargs.py took 0.066 seconds
[2026-07-01T09:30:09.757+0000] {processor.py:186} INFO - Started process (PID=2091) to work on /home/airflow/.local/lib/python3.12/site-packages/airflow/example_dags/example_xcomargs.py
[2026-07-01T09:30:09.758+0000] {processor.py:914} INFO - Processing file /home/airflow/.local/lib/python3.12/site-packages/airflow/example_dags/example_xcomargs.py for tasks to queue
[2026-07-01T09:30:09.761+0000] {logging_mixin.py:190} INFO - [2026-07-01T09:30:09.761+0000] {dagbag.py:587} INFO - Filling up the DagBag from /home/airflow/.local/lib/python3.12/site-packages/airflow/example_dags/example_xcomargs.py
[2026-07-01T09:30:09.771+0000] {processor.py:925} INFO - DAG(s) 'example_xcom_args_with_operators', 'example_xcom_args' retrieved from /home/airflow/.local/lib/python3.12/site-packages/airflow/example_dags/example_xcomargs.py
[2026-07-01T09:30:09.793+0000] {logging_mixin.py:190} INFO - [2026-07-01T09:30:09.793+0000] {dag.py:3211} INFO - Sync 2 DAGs
[2026-07-01T09:30:09.806+0000] {logging_mixin.py:190} INFO - [2026-07-01T09:30:09.806+0000] {dag.py:4138} INFO - Setting next_dagrun for example_xcom_args to None, run_after=None
[2026-07-01T09:30:09.809+0000] {logging_mixin.py:190} INFO - [2026-07-01T09:30:09.809+0000] {dag.py:4138} INFO - Setting next_dagrun for example_xcom_args_with_operators to None, run_after=None
[2026-07-01T09:30:09.825+0000] {processor.py:208} INFO - Processing /home/airflow/.local/lib/python3.12/site-packages/airflow/example_dags/example_xcomargs.py took 0.073 seconds
[2026-07-01T09:30:40.089+0000] {processor.py:186} INFO - Started process (PID=2153) to work on /home/airflow/.local/lib/python3.12/site-packages/airflow/example_dags/example_xcomargs.py
[2026-07-01T09:30:40.090+0000] {processor.py:914} INFO - Processing file /home/airflow/.local/lib/python3.12/site-packages/airflow/example_dags/example_xcomargs.py for tasks to queue
[2026-07-01T09:30:40.093+0000] {logging_mixin.py:190} INFO - [2026-07-01T09:30:40.093+0000] {dagbag.py:587} INFO - Filling up the DagBag from /home/airflow/.local/lib/python3.12/site-packages/airflow/example_dags/example_xcomargs.py
[2026-07-01T09:30:40.106+0000] {processor.py:925} INFO - DAG(s) 'example_xcom_args_with_operators', 'example_xcom_args' retrieved from /home/airflow/.local/lib/python3.12/site-packages/airflow/example_dags/example_xcomargs.py
[2026-07-01T09:30:40.133+0000] {logging_mixin.py:190} INFO - [2026-07-01T09:30:40.133+0000] {dag.py:3211} INFO - Sync 2 DAGs
[2026-07-01T09:30:40.151+0000] {logging_mixin.py:190} INFO - [2026-07-01T09:30:40.150+0000] {dag.py:4138} INFO - Setting next_dagrun for example_xcom_args to None, run_after=None
[2026-07-01T09:30:40.155+0000] {logging_mixin.py:190} INFO - [2026-07-01T09:30:40.155+0000] {dag.py:4138} INFO - Setting next_dagrun for example_xcom_args_with_operators to None, run_after=None
[2026-07-01T09:30:40.170+0000] {processor.py:208} INFO - Processing /home/airflow/.local/lib/python3.12/site-packages/airflow/example_dags/example_xcomargs.py took 0.087 seconds
[2026-07-01T09:31:10.327+0000] {processor.py:186} INFO - Started process (PID=2214) to work on /home/airflow/.local/lib/python3.12/site-packages/airflow/example_dags/example_xcomargs.py
[2026-07-01T09:31:10.327+0000] {processor.py:914} INFO - Processing file /home/airflow/.local/lib/python3.12/site-packages/airflow/example_dags/example_xcomargs.py for tasks to queue
[2026-07-01T09:31:10.330+0000] {logging_mixin.py:190} INFO - [2026-07-01T09:31:10.329+0000] {dagbag.py:587} INFO - Filling up the DagBag from /home/airflow/.local/lib/python3.12/site-packages/airflow/example_dags/example_xcomargs.py
[2026-07-01T09:31:10.337+0000] {processor.py:925} INFO - DAG(s) 'example_xcom_args', 'example_xcom_args_with_operators' retrieved from /home/airflow/.local/lib/python3.12/site-packages/airflow/example_dags/example_xcomargs.py
[2026-07-01T09:31:10.356+0000] {logging_mixin.py:190} INFO - [2026-07-01T09:31:10.356+0000] {dag.py:3211} INFO - Sync 2 DAGs
[2026-07-01T09:31:10.369+0000] {logging_mixin.py:190} INFO - [2026-07-01T09:31:10.369+0000] {dag.py:4138} INFO - Setting next_dagrun for example_xcom_args to None, run_after=None
[2026-07-01T09:31:10.372+0000] {logging_mixin.py:190} INFO - [2026-07-01T09:31:10.372+0000] {dag.py:4138} INFO - Setting next_dagrun for example_xcom_args_with_operators to None, run_after=None
[2026-07-01T09:31:10.385+0000] {processor.py:208} INFO - Processing /home/airflow/.local/lib/python3.12/site-packages/airflow/example_dags/example_xcomargs.py took 0.063 seconds
[2026-07-01T09:31:40.878+0000] {processor.py:186} INFO - Started process (PID=2276) to work on /home/airflow/.local/lib/python3.12/site-packages/airflow/example_dags/example_xcomargs.py
[2026-07-01T09:31:40.879+0000] {processor.py:914} INFO - Processing file /home/airflow/.local/lib/python3.12/site-packages/airflow/example_dags/example_xcomargs.py for tasks to queue
[2026-07-01T09:31:40.881+0000] {logging_mixin.py:190} INFO - [2026-07-01T09:31:40.881+0000] {dagbag.py:587} INFO - Filling up the DagBag from /home/airflow/.local/lib/python3.12/site-packages/airflow/example_dags/example_xcomargs.py
[2026-07-01T09:31:40.890+0000] {processor.py:925} INFO - DAG(s) 'example_xcom_args_with_operators', 'example_xcom_args' retrieved from /home/airflow/.local/lib/python3.12/site-packages/airflow/example_dags/example_xcomargs.py
[2026-07-01T09:31:40.907+0000] {logging_mixin.py:190} INFO - [2026-07-01T09:31:40.907+0000] {dag.py:3211} INFO - Sync 2 DAGs
[2026-07-01T09:31:40.919+0000] {logging_mixin.py:190} INFO - [2026-07-01T09:31:40.919+0000] {dag.py:4138} INFO - Setting next_dagrun for example_xcom_args to None, run_after=None
[2026-07-01T09:31:40.922+0000] {logging_mixin.py:190} INFO - [2026-07-01T09:31:40.922+0000] {dag.py:4138} INFO - Setting next_dagrun for example_xcom_args_with_operators to None, run_after=None
[2026-07-01T09:31:40.934+0000] {processor.py:208} INFO - Processing /home/airflow/.local/lib/python3.12/site-packages/airflow/example_dags/example_xcomargs.py took 0.062 seconds
[2026-07-01T09:32:11.234+0000] {processor.py:186} INFO - Started process (PID=2338) to work on /home/airflow/.local/lib/python3.12/site-packages/airflow/example_dags/example_xcomargs.py
[2026-07-01T09:32:11.235+0000] {processor.py:914} INFO - Processing file /home/airflow/.local/lib/python3.12/site-packages/airflow/example_dags/example_xcomargs.py for tasks to queue
[2026-07-01T09:32:11.238+0000] {logging_mixin.py:190} INFO - [2026-07-01T09:32:11.237+0000] {dagbag.py:587} INFO - Filling up the DagBag from /home/airflow/.local/lib/python3.12/site-packages/airflow/example_dags/example_xcomargs.py
[2026-07-01T09:32:11.246+0000] {processor.py:925} INFO - DAG(s) 'example_xcom_args_with_operators', 'example_xcom_args' retrieved from /home/airflow/.local/lib/python3.12/site-packages/airflow/example_dags/example_xcomargs.py
[2026-07-01T09:32:11.265+0000] {logging_mixin.py:190} INFO - [2026-07-01T09:32:11.265+0000] {dag.py:3211} INFO - Sync 2 DAGs
[2026-07-01T09:32:11.276+0000] {logging_mixin.py:190} INFO - [2026-07-01T09:32:11.276+0000] {dag.py:4138} INFO - Setting next_dagrun for example_xcom_args to None, run_after=None
[2026-07-01T09:32:11.280+0000] {logging_mixin.py:190} INFO - [2026-07-01T09:32:11.279+0000] {dag.py:4138} INFO - Setting next_dagrun for example_xcom_args_with_operators to None, run_after=None
[2026-07-01T09:32:11.293+0000] {processor.py:208} INFO - Processing /home/airflow/.local/lib/python3.12/site-packages/airflow/example_dags/example_xcomargs.py took 0.063 seconds
[2026-07-01T09:32:41.820+0000] {processor.py:186} INFO - Started process (PID=2401) to work on /home/airflow/.local/lib/python3.12/site-packages/airflow/example_dags/example_xcomargs.py
[2026-07-01T09:32:41.821+0000] {processor.py:914} INFO - Processing file /home/airflow/.local/lib/python3.12/site-packages/airflow/example_dags/example_xcomargs.py for tasks to queue
[2026-07-01T09:32:41.823+0000] {logging_mixin.py:190} INFO - [2026-07-01T09:32:41.823+0000] {dagbag.py:587} INFO - Filling up the DagBag from /home/airflow/.local/lib/python3.12/site-packages/airflow/example_dags/example_xcomargs.py
[2026-07-01T09:32:41.831+0000] {processor.py:925} INFO - DAG(s) 'example_xcom_args_with_operators', 'example_xcom_args' retrieved from /home/airflow/.local/lib/python3.12/site-packages/airflow/example_dags/example_xcomargs.py
[2026-07-01T09:32:41.850+0000] {logging_mixin.py:190} INFO - [2026-07-01T09:32:41.849+0000] {dag.py:3211} INFO - Sync 2 DAGs
[2026-07-01T09:32:41.862+0000] {logging_mixin.py:190} INFO - [2026-07-01T09:32:41.862+0000] {dag.py:4138} INFO - Setting next_dagrun for example_xcom_args to None, run_after=None
[2026-07-01T09:32:41.865+0000] {logging_mixin.py:190} INFO - [2026-07-01T09:32:41.865+0000] {dag.py:4138} INFO - Setting next_dagrun for example_xcom_args_with_operators to None, run_after=None
[2026-07-01T09:32:41.878+0000] {processor.py:208} INFO - Processing /home/airflow/.local/lib/python3.12/site-packages/airflow/example_dags/example_xcomargs.py took 0.063 seconds
[2026-07-01T09:33:12.443+0000] {processor.py:186} INFO - Started process (PID=2463) to work on /home/airflow/.local/lib/python3.12/site-packages/airflow/example_dags/example_xcomargs.py
[2026-07-01T09:33:12.444+0000] {processor.py:914} INFO - Processing file /home/airflow/.local/lib/python3.12/site-packages/airflow/example_dags/example_xcomargs.py for tasks to queue
[2026-07-01T09:33:12.446+0000] {logging_mixin.py:190} INFO - [2026-07-01T09:33:12.445+0000] {dagbag.py:587} INFO - Filling up the DagBag from /home/airflow/.local/lib/python3.12/site-packages/airflow/example_dags/example_xcomargs.py
[2026-07-01T09:33:12.453+0000] {processor.py:925} INFO - DAG(s) 'example_xcom_args', 'example_xcom_args_with_operators' retrieved from /home/airflow/.local/lib/python3.12/site-packages/airflow/example_dags/example_xcomargs.py
[2026-07-01T09:33:12.469+0000] {logging_mixin.py:190} INFO - [2026-07-01T09:33:12.469+0000] {dag.py:3211} INFO - Sync 2 DAGs
[2026-07-01T09:33:12.479+0000] {logging_mixin.py:190} INFO - [2026-07-01T09:33:12.479+0000] {dag.py:4138} INFO - Setting next_dagrun for example_xcom_args to None, run_after=None
[2026-07-01T09:33:12.483+0000] {logging_mixin.py:190} INFO - [2026-07-01T09:33:12.482+0000] {dag.py:4138} INFO - Setting next_dagrun for example_xcom_args_with_operators to None, run_after=None
[2026-07-01T09:33:12.495+0000] {processor.py:208} INFO - Processing /home/airflow/.local/lib/python3.12/site-packages/airflow/example_dags/example_xcomargs.py took 0.056 seconds
[2026-07-01T09:33:43.509+0000] {processor.py:186} INFO - Started process (PID=2525) to work on /home/airflow/.local/lib/python3.12/site-packages/airflow/example_dags/example_xcomargs.py
[2026-07-01T09:33:43.510+0000] {processor.py:914} INFO - Processing file /home/airflow/.local/lib/python3.12/site-packages/airflow/example_dags/example_xcomargs.py for tasks to queue
[2026-07-01T09:33:43.513+0000] {logging_mixin.py:190} INFO - [2026-07-01T09:33:43.512+0000] {dagbag.py:587} INFO - Filling up the DagBag from /home/airflow/.local/lib/python3.12/site-packages/airflow/example_dags/example_xcomargs.py
[2026-07-01T09:33:43.520+0000] {processor.py:925} INFO - DAG(s) 'example_xcom_args', 'example_xcom_args_with_operators' retrieved from /home/airflow/.local/lib/python3.12/site-packages/airflow/example_dags/example_xcomargs.py
[2026-07-01T09:33:43.540+0000] {logging_mixin.py:190} INFO - [2026-07-01T09:33:43.540+0000] {dag.py:3211} INFO - Sync 2 DAGs
[2026-07-01T09:33:43.551+0000] {logging_mixin.py:190} INFO - [2026-07-01T09:33:43.551+0000] {dag.py:4138} INFO - Setting next_dagrun for example_xcom_args to None, run_after=None
[2026-07-01T09:33:43.554+0000] {logging_mixin.py:190} INFO - [2026-07-01T09:33:43.553+0000] {dag.py:4138} INFO - Setting next_dagrun for example_xcom_args_with_operators to None, run_after=None
[2026-07-01T09:33:43.565+0000] {processor.py:208} INFO - Processing /home/airflow/.local/lib/python3.12/site-packages/airflow/example_dags/example_xcomargs.py took 0.060 seconds
[2026-07-01T09:34:14.313+0000] {processor.py:186} INFO - Started process (PID=2587) to work on /home/airflow/.local/lib/python3.12/site-packages/airflow/example_dags/example_xcomargs.py
[2026-07-01T09:34:14.315+0000] {processor.py:914} INFO - Processing file /home/airflow/.local/lib/python3.12/site-packages/airflow/example_dags/example_xcomargs.py for tasks to queue
[2026-07-01T09:34:14.318+0000] {logging_mixin.py:190} INFO - [2026-07-01T09:34:14.317+0000] {dagbag.py:587} INFO - Filling up the DagBag from /home/airflow/.local/lib/python3.12/site-packages/airflow/example_dags/example_xcomargs.py
[2026-07-01T09:34:14.329+0000] {processor.py:925} INFO - DAG(s) 'example_xcom_args_with_operators', 'example_xcom_args' retrieved from /home/airflow/.local/lib/python3.12/site-packages/airflow/example_dags/example_xcomargs.py
[2026-07-01T09:34:14.359+0000] {logging_mixin.py:190} INFO - [2026-07-01T09:34:14.359+0000] {dag.py:3211} INFO - Sync 2 DAGs
[2026-07-01T09:34:14.379+0000] {logging_mixin.py:190} INFO - [2026-07-01T09:34:14.379+0000] {dag.py:4138} INFO - Setting next_dagrun for example_xcom_args to None, run_after=None
[2026-07-01T09:34:14.385+0000] {logging_mixin.py:190} INFO - [2026-07-01T09:34:14.384+0000] {dag.py:4138} INFO - Setting next_dagrun for example_xcom_args_with_operators to None, run_after=None
[2026-07-01T09:34:14.405+0000] {processor.py:208} INFO - Processing /home/airflow/.local/lib/python3.12/site-packages/airflow/example_dags/example_xcomargs.py took 0.099 seconds
[2026-07-01T09:34:44.986+0000] {processor.py:186} INFO - Started process (PID=2648) to work on /home/airflow/.local/lib/python3.12/site-packages/airflow/example_dags/example_xcomargs.py
[2026-07-01T09:34:44.987+0000] {processor.py:914} INFO - Processing file /home/airflow/.local/lib/python3.12/site-packages/airflow/example_dags/example_xcomargs.py for tasks to queue
[2026-07-01T09:34:44.989+0000] {logging_mixin.py:190} INFO - [2026-07-01T09:34:44.988+0000] {dagbag.py:587} INFO - Filling up the DagBag from /home/airflow/.local/lib/python3.12/site-packages/airflow/example_dags/example_xcomargs.py
[2026-07-01T09:34:44.996+0000] {processor.py:925} INFO - DAG(s) 'example_xcom_args_with_operators', 'example_xcom_args' retrieved from /home/airflow/.local/lib/python3.12/site-packages/airflow/example_dags/example_xcomargs.py
[2026-07-01T09:34:45.012+0000] {logging_mixin.py:190} INFO - [2026-07-01T09:34:45.011+0000] {dag.py:3211} INFO - Sync 2 DAGs
[2026-07-01T09:34:45.021+0000] {logging_mixin.py:190} INFO - [2026-07-01T09:34:45.021+0000] {dag.py:4138} INFO - Setting next_dagrun for example_xcom_args to None, run_after=None
[2026-07-01T09:34:45.024+0000] {logging_mixin.py:190} INFO - [2026-07-01T09:34:45.024+0000] {dag.py:4138} INFO - Setting next_dagrun for example_xcom_args_with_operators to None, run_after=None
[2026-07-01T09:34:45.038+0000] {processor.py:208} INFO - Processing /home/airflow/.local/lib/python3.12/site-packages/airflow/example_dags/example_xcomargs.py took 0.056 seconds
[2026-07-01T09:35:15.692+0000] {processor.py:186} INFO - Started process (PID=2710) to work on /home/airflow/.local/lib/python3.12/site-packages/airflow/example_dags/example_xcomargs.py
[2026-07-01T09:35:15.693+0000] {processor.py:914} INFO - Processing file /home/airflow/.local/lib/python3.12/site-packages/airflow/example_dags/example_xcomargs.py for tasks to queue
[2026-07-01T09:35:15.695+0000] {logging_mixin.py:190} INFO - [2026-07-01T09:35:15.694+0000] {dagbag.py:587} INFO - Filling up the DagBag from /home/airflow/.local/lib/python3.12/site-packages/airflow/example_dags/example_xcomargs.py
[2026-07-01T09:35:15.702+0000] {processor.py:925} INFO - DAG(s) 'example_xcom_args', 'example_xcom_args_with_operators' retrieved from /home/airflow/.local/lib/python3.12/site-packages/airflow/example_dags/example_xcomargs.py
[2026-07-01T09:35:15.717+0000] {logging_mixin.py:190} INFO - [2026-07-01T09:35:15.717+0000] {dag.py:3211} INFO - Sync 2 DAGs
[2026-07-01T09:35:15.727+0000] {logging_mixin.py:190} INFO - [2026-07-01T09:35:15.727+0000] {dag.py:4138} INFO - Setting next_dagrun for example_xcom_args to None, run_after=None
[2026-07-01T09:35:15.730+0000] {logging_mixin.py:190} INFO - [2026-07-01T09:35:15.730+0000] {dag.py:4138} INFO - Setting next_dagrun for example_xcom_args_with_operators to None, run_after=None
[2026-07-01T09:35:15.742+0000] {processor.py:208} INFO - Processing /home/airflow/.local/lib/python3.12/site-packages/airflow/example_dags/example_xcomargs.py took 0.054 seconds
[2026-07-01T09:35:46.113+0000] {processor.py:186} INFO - Started process (PID=2772) to work on /home/airflow/.local/lib/python3.12/site-packages/airflow/example_dags/example_xcomargs.py
[2026-07-01T09:35:46.114+0000] {processor.py:914} INFO - Processing file /home/airflow/.local/lib/python3.12/site-packages/airflow/example_dags/example_xcomargs.py for tasks to queue
[2026-07-01T09:35:46.117+0000] {logging_mixin.py:190} INFO - [2026-07-01T09:35:46.117+0000] {dagbag.py:587} INFO - Filling up the DagBag from /home/airflow/.local/lib/python3.12/site-packages/airflow/example_dags/example_xcomargs.py
[2026-07-01T09:35:46.127+0000] {processor.py:925} INFO - DAG(s) 'example_xcom_args_with_operators', 'example_xcom_args' retrieved from /home/airflow/.local/lib/python3.12/site-packages/airflow/example_dags/example_xcomargs.py
[2026-07-01T09:35:46.146+0000] {logging_mixin.py:190} INFO - [2026-07-01T09:35:46.146+0000] {dag.py:3211} INFO - Sync 2 DAGs
[2026-07-01T09:35:46.158+0000] {logging_mixin.py:190} INFO - [2026-07-01T09:35:46.158+0000] {dag.py:4138} INFO - Setting next_dagrun for example_xcom_args to None, run_after=None
[2026-07-01T09:35:46.163+0000] {logging_mixin.py:190} INFO - [2026-07-01T09:35:46.163+0000] {dag.py:4138} INFO - Setting next_dagrun for example_xcom_args_with_operators to None, run_after=None
[2026-07-01T09:35:46.178+0000] {processor.py:208} INFO - Processing /home/airflow/.local/lib/python3.12/site-packages/airflow/example_dags/example_xcomargs.py took 0.072 seconds
[2026-07-01T09:36:17.145+0000] {processor.py:186} INFO - Started process (PID=2835) to work on /home/airflow/.local/lib/python3.12/site-packages/airflow/example_dags/example_xcomargs.py
[2026-07-01T09:36:17.146+0000] {processor.py:914} INFO - Processing file /home/airflow/.local/lib/python3.12/site-packages/airflow/example_dags/example_xcomargs.py for tasks to queue
[2026-07-01T09:36:17.148+0000] {logging_mixin.py:190} INFO - [2026-07-01T09:36:17.148+0000] {dagbag.py:587} INFO - Filling up the DagBag from /home/airflow/.local/lib/python3.12/site-packages/airflow/example_dags/example_xcomargs.py
[2026-07-01T09:36:17.156+0000] {processor.py:925} INFO - DAG(s) 'example_xcom_args_with_operators', 'example_xcom_args' retrieved from /home/airflow/.local/lib/python3.12/site-packages/airflow/example_dags/example_xcomargs.py
[2026-07-01T09:36:17.176+0000] {logging_mixin.py:190} INFO - [2026-07-01T09:36:17.176+0000] {dag.py:3211} INFO - Sync 2 DAGs
[2026-07-01T09:36:17.188+0000] {logging_mixin.py:190} INFO - [2026-07-01T09:36:17.188+0000] {dag.py:4138} INFO - Setting next_dagrun for example_xcom_args to None, run_after=None
[2026-07-01T09:36:17.191+0000] {logging_mixin.py:190} INFO - [2026-07-01T09:36:17.191+0000] {dag.py:4138} INFO - Setting next_dagrun for example_xcom_args_with_operators to None, run_after=None
[2026-07-01T09:36:17.204+0000] {processor.py:208} INFO - Processing /home/airflow/.local/lib/python3.12/site-packages/airflow/example_dags/example_xcomargs.py took 0.065 seconds
[2026-07-01T09:36:48.098+0000] {processor.py:186} INFO - Started process (PID=2897) to work on /home/airflow/.local/lib/python3.12/site-packages/airflow/example_dags/example_xcomargs.py
[2026-07-01T09:36:48.100+0000] {processor.py:914} INFO - Processing file /home/airflow/.local/lib/python3.12/site-packages/airflow/example_dags/example_xcomargs.py for tasks to queue
[2026-07-01T09:36:48.102+0000] {logging_mixin.py:190} INFO - [2026-07-01T09:36:48.102+0000] {dagbag.py:587} INFO - Filling up the DagBag from /home/airflow/.local/lib/python3.12/site-packages/airflow/example_dags/example_xcomargs.py
[2026-07-01T09:36:48.111+0000] {processor.py:925} INFO - DAG(s) 'example_xcom_args', 'example_xcom_args_with_operators' retrieved from /home/airflow/.local/lib/python3.12/site-packages/airflow/example_dags/example_xcomargs.py
[2026-07-01T09:36:48.130+0000] {logging_mixin.py:190} INFO - [2026-07-01T09:36:48.130+0000] {dag.py:3211} INFO - Sync 2 DAGs
[2026-07-01T09:36:48.140+0000] {logging_mixin.py:190} INFO - [2026-07-01T09:36:48.140+0000] {dag.py:4138} INFO - Setting next_dagrun for example_xcom_args to None, run_after=None
[2026-07-01T09:36:48.143+0000] {logging_mixin.py:190} INFO - [2026-07-01T09:36:48.143+0000] {dag.py:4138} INFO - Setting next_dagrun for example_xcom_args_with_operators to None, run_after=None
[2026-07-01T09:36:48.155+0000] {processor.py:208} INFO - Processing /home/airflow/.local/lib/python3.12/site-packages/airflow/example_dags/example_xcomargs.py took 0.062 seconds
[2026-07-01T09:37:20.041+0000] {processor.py:186} INFO - Started process (PID=2965) to work on /home/airflow/.local/lib/python3.12/site-packages/airflow/example_dags/example_xcomargs.py
[2026-07-01T09:37:20.042+0000] {processor.py:914} INFO - Processing file /home/airflow/.local/lib/python3.12/site-packages/airflow/example_dags/example_xcomargs.py for tasks to queue
[2026-07-01T09:37:20.044+0000] {logging_mixin.py:190} INFO - [2026-07-01T09:37:20.044+0000] {dagbag.py:587} INFO - Filling up the DagBag from /home/airflow/.local/lib/python3.12/site-packages/airflow/example_dags/example_xcomargs.py
[2026-07-01T09:37:20.052+0000] {processor.py:925} INFO - DAG(s) 'example_xcom_args', 'example_xcom_args_with_operators' retrieved from /home/airflow/.local/lib/python3.12/site-packages/airflow/example_dags/example_xcomargs.py
[2026-07-01T09:37:20.069+0000] {logging_mixin.py:190} INFO - [2026-07-01T09:37:20.069+0000] {dag.py:3211} INFO - Sync 2 DAGs
[2026-07-01T09:37:20.079+0000] {logging_mixin.py:190} INFO - [2026-07-01T09:37:20.079+0000] {dag.py:4138} INFO - Setting next_dagrun for example_xcom_args to None, run_after=None
[2026-07-01T09:37:20.083+0000] {logging_mixin.py:190} INFO - [2026-07-01T09:37:20.083+0000] {dag.py:4138} INFO - Setting next_dagrun for example_xcom_args_with_operators to None, run_after=None
[2026-07-01T09:37:20.096+0000] {processor.py:208} INFO - Processing /home/airflow/.local/lib/python3.12/site-packages/airflow/example_dags/example_xcomargs.py took 0.059 seconds
[2026-07-01T09:37:51.058+0000] {processor.py:186} INFO - Started process (PID=3027) to work on /home/airflow/.local/lib/python3.12/site-packages/airflow/example_dags/example_xcomargs.py
[2026-07-01T09:37:51.059+0000] {processor.py:914} INFO - Processing file /home/airflow/.local/lib/python3.12/site-packages/airflow/example_dags/example_xcomargs.py for tasks to queue
[2026-07-01T09:37:51.061+0000] {logging_mixin.py:190} INFO - [2026-07-01T09:37:51.061+0000] {dagbag.py:587} INFO - Filling up the DagBag from /home/airflow/.local/lib/python3.12/site-packages/airflow/example_dags/example_xcomargs.py
[2026-07-01T09:37:51.068+0000] {processor.py:925} INFO - DAG(s) 'example_xcom_args', 'example_xcom_args_with_operators' retrieved from /home/airflow/.local/lib/python3.12/site-packages/airflow/example_dags/example_xcomargs.py
[2026-07-01T09:37:51.085+0000] {logging_mixin.py:190} INFO - [2026-07-01T09:37:51.085+0000] {dag.py:3211} INFO - Sync 2 DAGs
[2026-07-01T09:37:51.096+0000] {logging_mixin.py:190} INFO - [2026-07-01T09:37:51.096+0000] {dag.py:4138} INFO - Setting next_dagrun for example_xcom_args to None, run_after=None
[2026-07-01T09:37:51.099+0000] {logging_mixin.py:190} INFO - [2026-07-01T09:37:51.099+0000] {dag.py:4138} INFO - Setting next_dagrun for example_xcom_args_with_operators to None, run_after=None
[2026-07-01T09:37:51.112+0000] {processor.py:208} INFO - Processing /home/airflow/.local/lib/python3.12/site-packages/airflow/example_dags/example_xcomargs.py took 0.058 seconds
[2026-07-01T09:38:23.071+0000] {processor.py:186} INFO - Started process (PID=3089) to work on /home/airflow/.local/lib/python3.12/site-packages/airflow/example_dags/example_xcomargs.py
[2026-07-01T09:38:23.073+0000] {processor.py:914} INFO - Processing file /home/airflow/.local/lib/python3.12/site-packages/airflow/example_dags/example_xcomargs.py for tasks to queue
[2026-07-01T09:38:23.076+0000] {logging_mixin.py:190} INFO - [2026-07-01T09:38:23.076+0000] {dagbag.py:587} INFO - Filling up the DagBag from /home/airflow/.local/lib/python3.12/site-packages/airflow/example_dags/example_xcomargs.py
[2026-07-01T09:38:23.084+0000] {processor.py:925} INFO - DAG(s) 'example_xcom_args', 'example_xcom_args_with_operators' retrieved from /home/airflow/.local/lib/python3.12/site-packages/airflow/example_dags/example_xcomargs.py
[2026-07-01T09:38:23.101+0000] {logging_mixin.py:190} INFO - [2026-07-01T09:38:23.101+0000] {dag.py:3211} INFO - Sync 2 DAGs
[2026-07-01T09:38:23.113+0000] {logging_mixin.py:190} INFO - [2026-07-01T09:38:23.112+0000] {dag.py:4138} INFO - Setting next_dagrun for example_xcom_args to None, run_after=None
[2026-07-01T09:38:23.116+0000] {logging_mixin.py:190} INFO - [2026-07-01T09:38:23.116+0000] {dag.py:4138} INFO - Setting next_dagrun for example_xcom_args_with_operators to None, run_after=None
[2026-07-01T09:38:23.127+0000] {processor.py:208} INFO - Processing /home/airflow/.local/lib/python3.12/site-packages/airflow/example_dags/example_xcomargs.py took 0.061 seconds
[2026-07-01T09:38:53.704+0000] {processor.py:186} INFO - Started process (PID=3151) to work on /home/airflow/.local/lib/python3.12/site-packages/airflow/example_dags/example_xcomargs.py
[2026-07-01T09:38:53.705+0000] {processor.py:914} INFO - Processing file /home/airflow/.local/lib/python3.12/site-packages/airflow/example_dags/example_xcomargs.py for tasks to queue
[2026-07-01T09:38:53.707+0000] {logging_mixin.py:190} INFO - [2026-07-01T09:38:53.706+0000] {dagbag.py:587} INFO - Filling up the DagBag from /home/airflow/.local/lib/python3.12/site-packages/airflow/example_dags/example_xcomargs.py
[2026-07-01T09:38:53.714+0000] {processor.py:925} INFO - DAG(s) 'example_xcom_args', 'example_xcom_args_with_operators' retrieved from /home/airflow/.local/lib/python3.12/site-packages/airflow/example_dags/example_xcomargs.py
[2026-07-01T09:38:53.730+0000] {logging_mixin.py:190} INFO - [2026-07-01T09:38:53.730+0000] {dag.py:3211} INFO - Sync 2 DAGs
[2026-07-01T09:38:53.913+0000] {logging_mixin.py:190} INFO - [2026-07-01T09:38:53.912+0000] {dag.py:4138} INFO - Setting next_dagrun for example_xcom_args to None, run_after=None
[2026-07-01T09:38:53.916+0000] {logging_mixin.py:190} INFO - [2026-07-01T09:38:53.916+0000] {dag.py:4138} INFO - Setting next_dagrun for example_xcom_args_with_operators to None, run_after=None
[2026-07-01T09:38:53.930+0000] {processor.py:208} INFO - Processing /home/airflow/.local/lib/python3.12/site-packages/airflow/example_dags/example_xcomargs.py took 0.231 seconds
[2026-07-01T09:39:24.230+0000] {processor.py:186} INFO - Started process (PID=3213) to work on /home/airflow/.local/lib/python3.12/site-packages/airflow/example_dags/example_xcomargs.py
[2026-07-01T09:39:24.231+0000] {processor.py:914} INFO - Processing file /home/airflow/.local/lib/python3.12/site-packages/airflow/example_dags/example_xcomargs.py for tasks to queue
[2026-07-01T09:39:24.234+0000] {logging_mixin.py:190} INFO - [2026-07-01T09:39:24.234+0000] {dagbag.py:587} INFO - Filling up the DagBag from /home/airflow/.local/lib/python3.12/site-packages/airflow/example_dags/example_xcomargs.py
[2026-07-01T09:39:24.243+0000] {processor.py:925} INFO - DAG(s) 'example_xcom_args', 'example_xcom_args_with_operators' retrieved from /home/airflow/.local/lib/python3.12/site-packages/airflow/example_dags/example_xcomargs.py
[2026-07-01T09:39:24.260+0000] {logging_mixin.py:190} INFO - [2026-07-01T09:39:24.260+0000] {dag.py:3211} INFO - Sync 2 DAGs
[2026-07-01T09:39:24.406+0000] {logging_mixin.py:190} INFO - [2026-07-01T09:39:24.406+0000] {dag.py:4138} INFO - Setting next_dagrun for example_xcom_args to None, run_after=None
[2026-07-01T09:39:24.410+0000] {logging_mixin.py:190} INFO - [2026-07-01T09:39:24.410+0000] {dag.py:4138} INFO - Setting next_dagrun for example_xcom_args_with_operators to None, run_after=None
[2026-07-01T09:39:24.423+0000] {processor.py:208} INFO - Processing /home/airflow/.local/lib/python3.12/site-packages/airflow/example_dags/example_xcomargs.py took 0.201 seconds
[2026-07-01T09:39:55.259+0000] {processor.py:186} INFO - Started process (PID=3275) to work on /home/airflow/.local/lib/python3.12/site-packages/airflow/example_dags/example_xcomargs.py
[2026-07-01T09:39:55.260+0000] {processor.py:914} INFO - Processing file /home/airflow/.local/lib/python3.12/site-packages/airflow/example_dags/example_xcomargs.py for tasks to queue
[2026-07-01T09:39:55.262+0000] {logging_mixin.py:190} INFO - [2026-07-01T09:39:55.262+0000] {dagbag.py:587} INFO - Filling up the DagBag from /home/airflow/.local/lib/python3.12/site-packages/airflow/example_dags/example_xcomargs.py
[2026-07-01T09:39:55.270+0000] {processor.py:925} INFO - DAG(s) 'example_xcom_args_with_operators', 'example_xcom_args' retrieved from /home/airflow/.local/lib/python3.12/site-packages/airflow/example_dags/example_xcomargs.py
[2026-07-01T09:39:55.287+0000] {logging_mixin.py:190} INFO - [2026-07-01T09:39:55.287+0000] {dag.py:3211} INFO - Sync 2 DAGs
[2026-07-01T09:39:55.427+0000] {logging_mixin.py:190} INFO - [2026-07-01T09:39:55.427+0000] {dag.py:4138} INFO - Setting next_dagrun for example_xcom_args to None, run_after=None
[2026-07-01T09:39:55.430+0000] {logging_mixin.py:190} INFO - [2026-07-01T09:39:55.430+0000] {dag.py:4138} INFO - Setting next_dagrun for example_xcom_args_with_operators to None, run_after=None
[2026-07-01T09:39:55.440+0000] {processor.py:208} INFO - Processing /home/airflow/.local/lib/python3.12/site-packages/airflow/example_dags/example_xcomargs.py took 0.185 seconds
[2026-07-01T09:40:25.857+0000] {processor.py:186} INFO - Started process (PID=3337) to work on /home/airflow/.local/lib/python3.12/site-packages/airflow/example_dags/example_xcomargs.py
[2026-07-01T09:40:25.858+0000] {processor.py:914} INFO - Processing file /home/airflow/.local/lib/python3.12/site-packages/airflow/example_dags/example_xcomargs.py for tasks to queue
[2026-07-01T09:40:25.860+0000] {logging_mixin.py:190} INFO - [2026-07-01T09:40:25.860+0000] {dagbag.py:587} INFO - Filling up the DagBag from /home/airflow/.local/lib/python3.12/site-packages/airflow/example_dags/example_xcomargs.py
[2026-07-01T09:40:25.868+0000] {processor.py:925} INFO - DAG(s) 'example_xcom_args_with_operators', 'example_xcom_args' retrieved from /home/airflow/.local/lib/python3.12/site-packages/airflow/example_dags/example_xcomargs.py
[2026-07-01T09:40:25.885+0000] {logging_mixin.py:190} INFO - [2026-07-01T09:40:25.885+0000] {dag.py:3211} INFO - Sync 2 DAGs
[2026-07-01T09:40:25.895+0000] {logging_mixin.py:190} INFO - [2026-07-01T09:40:25.895+0000] {dag.py:4138} INFO - Setting next_dagrun for example_xcom_args to None, run_after=None
[2026-07-01T09:40:25.898+0000] {logging_mixin.py:190} INFO - [2026-07-01T09:40:25.898+0000] {dag.py:4138} INFO - Setting next_dagrun for example_xcom_args_with_operators to None, run_after=None
[2026-07-01T09:40:25.908+0000] {processor.py:208} INFO - Processing /home/airflow/.local/lib/python3.12/site-packages/airflow/example_dags/example_xcomargs.py took 0.055 seconds
[2026-07-01T09:40:56.317+0000] {processor.py:186} INFO - Started process (PID=3399) to work on /home/airflow/.local/lib/python3.12/site-packages/airflow/example_dags/example_xcomargs.py
[2026-07-01T09:40:56.332+0000] {processor.py:914} INFO - Processing file /home/airflow/.local/lib/python3.12/site-packages/airflow/example_dags/example_xcomargs.py for tasks to queue
[2026-07-01T09:40:56.340+0000] {logging_mixin.py:190} INFO - [2026-07-01T09:40:56.340+0000] {dagbag.py:587} INFO - Filling up the DagBag from /home/airflow/.local/lib/python3.12/site-packages/airflow/example_dags/example_xcomargs.py
[2026-07-01T09:40:56.354+0000] {processor.py:925} INFO - DAG(s) 'example_xcom_args', 'example_xcom_args_with_operators' retrieved from /home/airflow/.local/lib/python3.12/site-packages/airflow/example_dags/example_xcomargs.py
[2026-07-01T09:40:56.384+0000] {logging_mixin.py:190} INFO - [2026-07-01T09:40:56.384+0000] {dag.py:3211} INFO - Sync 2 DAGs
[2026-07-01T09:40:56.406+0000] {logging_mixin.py:190} INFO - [2026-07-01T09:40:56.406+0000] {dag.py:4138} INFO - Setting next_dagrun for example_xcom_args to None, run_after=None
[2026-07-01T09:40:56.419+0000] {logging_mixin.py:190} INFO - [2026-07-01T09:40:56.419+0000] {dag.py:4138} INFO - Setting next_dagrun for example_xcom_args_with_operators to None, run_after=None
[2026-07-01T09:40:56.439+0000] {processor.py:208} INFO - Processing /home/airflow/.local/lib/python3.12/site-packages/airflow/example_dags/example_xcomargs.py took 0.127 seconds
[2026-07-01T09:41:26.740+0000] {processor.py:186} INFO - Started process (PID=3461) to work on /home/airflow/.local/lib/python3.12/site-packages/airflow/example_dags/example_xcomargs.py
[2026-07-01T09:41:26.743+0000] {processor.py:914} INFO - Processing file /home/airflow/.local/lib/python3.12/site-packages/airflow/example_dags/example_xcomargs.py for tasks to queue
[2026-07-01T09:41:26.746+0000] {logging_mixin.py:190} INFO - [2026-07-01T09:41:26.745+0000] {dagbag.py:587} INFO - Filling up the DagBag from /home/airflow/.local/lib/python3.12/site-packages/airflow/example_dags/example_xcomargs.py
[2026-07-01T09:41:26.756+0000] {processor.py:925} INFO - DAG(s) 'example_xcom_args_with_operators', 'example_xcom_args' retrieved from /home/airflow/.local/lib/python3.12/site-packages/airflow/example_dags/example_xcomargs.py
[2026-07-01T09:41:26.777+0000] {logging_mixin.py:190} INFO - [2026-07-01T09:41:26.777+0000] {dag.py:3211} INFO - Sync 2 DAGs
[2026-07-01T09:41:26.791+0000] {logging_mixin.py:190} INFO - [2026-07-01T09:41:26.790+0000] {dag.py:4138} INFO - Setting next_dagrun for example_xcom_args to None, run_after=None
[2026-07-01T09:41:26.796+0000] {logging_mixin.py:190} INFO - [2026-07-01T09:41:26.796+0000] {dag.py:4138} INFO - Setting next_dagrun for example_xcom_args_with_operators to None, run_after=None
[2026-07-01T09:41:26.809+0000] {processor.py:208} INFO - Processing /home/airflow/.local/lib/python3.12/site-packages/airflow/example_dags/example_xcomargs.py took 0.075 seconds
[2026-07-01T09:41:57.725+0000] {processor.py:186} INFO - Started process (PID=3523) to work on /home/airflow/.local/lib/python3.12/site-packages/airflow/example_dags/example_xcomargs.py
[2026-07-01T09:41:57.726+0000] {processor.py:914} INFO - Processing file /home/airflow/.local/lib/python3.12/site-packages/airflow/example_dags/example_xcomargs.py for tasks to queue
[2026-07-01T09:41:57.729+0000] {logging_mixin.py:190} INFO - [2026-07-01T09:41:57.729+0000] {dagbag.py:587} INFO - Filling up the DagBag from /home/airflow/.local/lib/python3.12/site-packages/airflow/example_dags/example_xcomargs.py
[2026-07-01T09:41:57.740+0000] {processor.py:925} INFO - DAG(s) 'example_xcom_args', 'example_xcom_args_with_operators' retrieved from /home/airflow/.local/lib/python3.12/site-packages/airflow/example_dags/example_xcomargs.py
[2026-07-01T09:41:57.763+0000] {logging_mixin.py:190} INFO - [2026-07-01T09:41:57.763+0000] {dag.py:3211} INFO - Sync 2 DAGs
[2026-07-01T09:41:57.774+0000] {logging_mixin.py:190} INFO - [2026-07-01T09:41:57.774+0000] {dag.py:4138} INFO - Setting next_dagrun for example_xcom_args to None, run_after=None
[2026-07-01T09:41:57.778+0000] {logging_mixin.py:190} INFO - [2026-07-01T09:41:57.778+0000] {dag.py:4138} INFO - Setting next_dagrun for example_xcom_args_with_operators to None, run_after=None
[2026-07-01T09:41:57.789+0000] {processor.py:208} INFO - Processing /home/airflow/.local/lib/python3.12/site-packages/airflow/example_dags/example_xcomargs.py took 0.068 seconds
[2026-07-01T09:42:28.138+0000] {processor.py:186} INFO - Started process (PID=3585) to work on /home/airflow/.local/lib/python3.12/site-packages/airflow/example_dags/example_xcomargs.py
[2026-07-01T09:42:28.140+0000] {processor.py:914} INFO - Processing file /home/airflow/.local/lib/python3.12/site-packages/airflow/example_dags/example_xcomargs.py for tasks to queue
[2026-07-01T09:42:28.142+0000] {logging_mixin.py:190} INFO - [2026-07-01T09:42:28.141+0000] {dagbag.py:587} INFO - Filling up the DagBag from /home/airflow/.local/lib/python3.12/site-packages/airflow/example_dags/example_xcomargs.py
[2026-07-01T09:42:28.149+0000] {processor.py:925} INFO - DAG(s) 'example_xcom_args', 'example_xcom_args_with_operators' retrieved from /home/airflow/.local/lib/python3.12/site-packages/airflow/example_dags/example_xcomargs.py
[2026-07-01T09:42:28.166+0000] {logging_mixin.py:190} INFO - [2026-07-01T09:42:28.165+0000] {dag.py:3211} INFO - Sync 2 DAGs
[2026-07-01T09:42:28.176+0000] {logging_mixin.py:190} INFO - [2026-07-01T09:42:28.176+0000] {dag.py:4138} INFO - Setting next_dagrun for example_xcom_args to None, run_after=None
[2026-07-01T09:42:28.179+0000] {logging_mixin.py:190} INFO - [2026-07-01T09:42:28.178+0000] {dag.py:4138} INFO - Setting next_dagrun for example_xcom_args_with_operators to None, run_after=None
[2026-07-01T09:42:28.190+0000] {processor.py:208} INFO - Processing /home/airflow/.local/lib/python3.12/site-packages/airflow/example_dags/example_xcomargs.py took 0.056 seconds
[2026-07-01T09:42:58.603+0000] {processor.py:186} INFO - Started process (PID=3647) to work on /home/airflow/.local/lib/python3.12/site-packages/airflow/example_dags/example_xcomargs.py
[2026-07-01T09:42:58.604+0000] {processor.py:914} INFO - Processing file /home/airflow/.local/lib/python3.12/site-packages/airflow/example_dags/example_xcomargs.py for tasks to queue
[2026-07-01T09:42:58.605+0000] {logging_mixin.py:190} INFO - [2026-07-01T09:42:58.605+0000] {dagbag.py:587} INFO - Filling up the DagBag from /home/airflow/.local/lib/python3.12/site-packages/airflow/example_dags/example_xcomargs.py
[2026-07-01T09:42:58.613+0000] {processor.py:925} INFO - DAG(s) 'example_xcom_args', 'example_xcom_args_with_operators' retrieved from /home/airflow/.local/lib/python3.12/site-packages/airflow/example_dags/example_xcomargs.py
[2026-07-01T09:42:58.630+0000] {logging_mixin.py:190} INFO - [2026-07-01T09:42:58.630+0000] {dag.py:3211} INFO - Sync 2 DAGs
[2026-07-01T09:42:58.641+0000] {logging_mixin.py:190} INFO - [2026-07-01T09:42:58.641+0000] {dag.py:4138} INFO - Setting next_dagrun for example_xcom_args to None, run_after=None
[2026-07-01T09:42:58.646+0000] {logging_mixin.py:190} INFO - [2026-07-01T09:42:58.646+0000] {dag.py:4138} INFO - Setting next_dagrun for example_xcom_args_with_operators to None, run_after=None
[2026-07-01T09:42:58.658+0000] {processor.py:208} INFO - Processing /home/airflow/.local/lib/python3.12/site-packages/airflow/example_dags/example_xcomargs.py took 0.059 seconds
[2026-07-01T09:43:28.887+0000] {processor.py:186} INFO - Started process (PID=3709) to work on /home/airflow/.local/lib/python3.12/site-packages/airflow/example_dags/example_xcomargs.py
[2026-07-01T09:43:28.888+0000] {processor.py:914} INFO - Processing file /home/airflow/.local/lib/python3.12/site-packages/airflow/example_dags/example_xcomargs.py for tasks to queue
[2026-07-01T09:43:28.891+0000] {logging_mixin.py:190} INFO - [2026-07-01T09:43:28.890+0000] {dagbag.py:587} INFO - Filling up the DagBag from /home/airflow/.local/lib/python3.12/site-packages/airflow/example_dags/example_xcomargs.py
[2026-07-01T09:43:28.902+0000] {processor.py:925} INFO - DAG(s) 'example_xcom_args_with_operators', 'example_xcom_args' retrieved from /home/airflow/.local/lib/python3.12/site-packages/airflow/example_dags/example_xcomargs.py
[2026-07-01T09:43:28.922+0000] {logging_mixin.py:190} INFO - [2026-07-01T09:43:28.921+0000] {dag.py:3211} INFO - Sync 2 DAGs
[2026-07-01T09:43:28.933+0000] {logging_mixin.py:190} INFO - [2026-07-01T09:43:28.933+0000] {dag.py:4138} INFO - Setting next_dagrun for example_xcom_args to None, run_after=None
[2026-07-01T09:43:28.936+0000] {logging_mixin.py:190} INFO - [2026-07-01T09:43:28.936+0000] {dag.py:4138} INFO - Setting next_dagrun for example_xcom_args_with_operators to None, run_after=None
[2026-07-01T09:43:28.947+0000] {processor.py:208} INFO - Processing /home/airflow/.local/lib/python3.12/site-packages/airflow/example_dags/example_xcomargs.py took 0.066 seconds
[2026-07-01T09:43:59.271+0000] {processor.py:186} INFO - Started process (PID=3771) to work on /home/airflow/.local/lib/python3.12/site-packages/airflow/example_dags/example_xcomargs.py
[2026-07-01T09:43:59.272+0000] {processor.py:914} INFO - Processing file /home/airflow/.local/lib/python3.12/site-packages/airflow/example_dags/example_xcomargs.py for tasks to queue
[2026-07-01T09:43:59.274+0000] {logging_mixin.py:190} INFO - [2026-07-01T09:43:59.274+0000] {dagbag.py:587} INFO - Filling up the DagBag from /home/airflow/.local/lib/python3.12/site-packages/airflow/example_dags/example_xcomargs.py
[2026-07-01T09:43:59.281+0000] {processor.py:925} INFO - DAG(s) 'example_xcom_args', 'example_xcom_args_with_operators' retrieved from /home/airflow/.local/lib/python3.12/site-packages/airflow/example_dags/example_xcomargs.py
[2026-07-01T09:43:59.297+0000] {logging_mixin.py:190} INFO - [2026-07-01T09:43:59.297+0000] {dag.py:3211} INFO - Sync 2 DAGs
[2026-07-01T09:43:59.307+0000] {logging_mixin.py:190} INFO - [2026-07-01T09:43:59.307+0000] {dag.py:4138} INFO - Setting next_dagrun for example_xcom_args to None, run_after=None
[2026-07-01T09:43:59.309+0000] {logging_mixin.py:190} INFO - [2026-07-01T09:43:59.309+0000] {dag.py:4138} INFO - Setting next_dagrun for example_xcom_args_with_operators to None, run_after=None
[2026-07-01T09:43:59.319+0000] {processor.py:208} INFO - Processing /home/airflow/.local/lib/python3.12/site-packages/airflow/example_dags/example_xcomargs.py took 0.052 seconds
[2026-07-01T09:44:29.560+0000] {processor.py:186} INFO - Started process (PID=3833) to work on /home/airflow/.local/lib/python3.12/site-packages/airflow/example_dags/example_xcomargs.py
[2026-07-01T09:44:29.562+0000] {processor.py:914} INFO - Processing file /home/airflow/.local/lib/python3.12/site-packages/airflow/example_dags/example_xcomargs.py for tasks to queue
[2026-07-01T09:44:29.565+0000] {logging_mixin.py:190} INFO - [2026-07-01T09:44:29.564+0000] {dagbag.py:587} INFO - Filling up the DagBag from /home/airflow/.local/lib/python3.12/site-packages/airflow/example_dags/example_xcomargs.py
[2026-07-01T09:44:29.575+0000] {processor.py:925} INFO - DAG(s) 'example_xcom_args', 'example_xcom_args_with_operators' retrieved from /home/airflow/.local/lib/python3.12/site-packages/airflow/example_dags/example_xcomargs.py
[2026-07-01T09:44:29.597+0000] {logging_mixin.py:190} INFO - [2026-07-01T09:44:29.597+0000] {dag.py:3211} INFO - Sync 2 DAGs
[2026-07-01T09:44:29.609+0000] {logging_mixin.py:190} INFO - [2026-07-01T09:44:29.609+0000] {dag.py:4138} INFO - Setting next_dagrun for example_xcom_args to None, run_after=None
[2026-07-01T09:44:29.613+0000] {logging_mixin.py:190} INFO - [2026-07-01T09:44:29.613+0000] {dag.py:4138} INFO - Setting next_dagrun for example_xcom_args_with_operators to None, run_after=None
[2026-07-01T09:44:29.628+0000] {processor.py:208} INFO - Processing /home/airflow/.local/lib/python3.12/site-packages/airflow/example_dags/example_xcomargs.py took 0.073 seconds
[2026-07-01T09:45:00.035+0000] {processor.py:186} INFO - Started process (PID=3895) to work on /home/airflow/.local/lib/python3.12/site-packages/airflow/example_dags/example_xcomargs.py
[2026-07-01T09:45:00.036+0000] {processor.py:914} INFO - Processing file /home/airflow/.local/lib/python3.12/site-packages/airflow/example_dags/example_xcomargs.py for tasks to queue
[2026-07-01T09:45:00.038+0000] {logging_mixin.py:190} INFO - [2026-07-01T09:45:00.037+0000] {dagbag.py:587} INFO - Filling up the DagBag from /home/airflow/.local/lib/python3.12/site-packages/airflow/example_dags/example_xcomargs.py
[2026-07-01T09:45:00.046+0000] {processor.py:925} INFO - DAG(s) 'example_xcom_args_with_operators', 'example_xcom_args' retrieved from /home/airflow/.local/lib/python3.12/site-packages/airflow/example_dags/example_xcomargs.py
[2026-07-01T09:45:00.064+0000] {logging_mixin.py:190} INFO - [2026-07-01T09:45:00.064+0000] {dag.py:3211} INFO - Sync 2 DAGs
[2026-07-01T09:45:00.074+0000] {logging_mixin.py:190} INFO - [2026-07-01T09:45:00.074+0000] {dag.py:4138} INFO - Setting next_dagrun for example_xcom_args to None, run_after=None
[2026-07-01T09:45:00.077+0000] {logging_mixin.py:190} INFO - [2026-07-01T09:45:00.076+0000] {dag.py:4138} INFO - Setting next_dagrun for example_xcom_args_with_operators to None, run_after=None
[2026-07-01T09:45:00.086+0000] {processor.py:208} INFO - Processing /home/airflow/.local/lib/python3.12/site-packages/airflow/example_dags/example_xcomargs.py took 0.057 seconds
[2026-07-01T09:45:30.437+0000] {processor.py:186} INFO - Started process (PID=3957) to work on /home/airflow/.local/lib/python3.12/site-packages/airflow/example_dags/example_xcomargs.py
[2026-07-01T09:45:30.439+0000] {processor.py:914} INFO - Processing file /home/airflow/.local/lib/python3.12/site-packages/airflow/example_dags/example_xcomargs.py for tasks to queue
[2026-07-01T09:45:30.441+0000] {logging_mixin.py:190} INFO - [2026-07-01T09:45:30.440+0000] {dagbag.py:587} INFO - Filling up the DagBag from /home/airflow/.local/lib/python3.12/site-packages/airflow/example_dags/example_xcomargs.py
[2026-07-01T09:45:30.449+0000] {processor.py:925} INFO - DAG(s) 'example_xcom_args_with_operators', 'example_xcom_args' retrieved from /home/airflow/.local/lib/python3.12/site-packages/airflow/example_dags/example_xcomargs.py
[2026-07-01T09:45:30.467+0000] {logging_mixin.py:190} INFO - [2026-07-01T09:45:30.466+0000] {dag.py:3211} INFO - Sync 2 DAGs
[2026-07-01T09:45:30.477+0000] {logging_mixin.py:190} INFO - [2026-07-01T09:45:30.477+0000] {dag.py:4138} INFO - Setting next_dagrun for example_xcom_args to None, run_after=None
[2026-07-01T09:45:30.479+0000] {logging_mixin.py:190} INFO - [2026-07-01T09:45:30.479+0000] {dag.py:4138} INFO - Setting next_dagrun for example_xcom_args_with_operators to None, run_after=None
[2026-07-01T09:45:30.492+0000] {processor.py:208} INFO - Processing /home/airflow/.local/lib/python3.12/site-packages/airflow/example_dags/example_xcomargs.py took 0.059 seconds
