[2026-07-01T09:09:40.718+0000] {processor.py:186} INFO - Started process (PID=92) to work on /home/airflow/.local/lib/python3.12/site-packages/airflow/example_dags/example_latest_only.py
[2026-07-01T09:09:40.720+0000] {processor.py:914} INFO - Processing file /home/airflow/.local/lib/python3.12/site-packages/airflow/example_dags/example_latest_only.py for tasks to queue
[2026-07-01T09:09:40.723+0000] {logging_mixin.py:190} INFO - [2026-07-01T09:09:40.722+0000] {dagbag.py:587} INFO - Filling up the DagBag from /home/airflow/.local/lib/python3.12/site-packages/airflow/example_dags/example_latest_only.py
[2026-07-01T09:09:40.732+0000] {processor.py:925} INFO - DAG(s) 'latest_only' retrieved from /home/airflow/.local/lib/python3.12/site-packages/airflow/example_dags/example_latest_only.py
[2026-07-01T09:09:40.820+0000] {logging_mixin.py:190} INFO - [2026-07-01T09:09:40.820+0000] {override.py:1858} INFO - Created Permission View: can read on DAG:latest_only
[2026-07-01T09:09:40.830+0000] {logging_mixin.py:190} INFO - [2026-07-01T09:09:40.830+0000] {override.py:1858} INFO - Created Permission View: can delete on DAG:latest_only
[2026-07-01T09:09:40.837+0000] {logging_mixin.py:190} INFO - [2026-07-01T09:09:40.837+0000] {override.py:1858} INFO - Created Permission View: can edit on DAG:latest_only
[2026-07-01T09:09:40.838+0000] {logging_mixin.py:190} INFO - [2026-07-01T09:09:40.838+0000] {dag.py:3211} INFO - Sync 1 DAGs
[2026-07-01T09:09:40.850+0000] {logging_mixin.py:190} INFO - [2026-07-01T09:09:40.850+0000] {dag.py:3234} INFO - Creating ORM DAG for latest_only
[2026-07-01T09:09:40.859+0000] {logging_mixin.py:190} INFO - [2026-07-01T09:09:40.859+0000] {dag.py:4138} INFO - Setting next_dagrun for latest_only to 2026-07-01 04:00:00+00:00, run_after=2026-07-01 08:00:00+00:00
[2026-07-01T09:09:40.876+0000] {processor.py:208} INFO - Processing /home/airflow/.local/lib/python3.12/site-packages/airflow/example_dags/example_latest_only.py took 0.164 seconds
[2026-07-01T09:10:11.275+0000] {processor.py:186} INFO - Started process (PID=154) to work on /home/airflow/.local/lib/python3.12/site-packages/airflow/example_dags/example_latest_only.py
[2026-07-01T09:10:11.276+0000] {processor.py:914} INFO - Processing file /home/airflow/.local/lib/python3.12/site-packages/airflow/example_dags/example_latest_only.py for tasks to queue
[2026-07-01T09:10:11.278+0000] {logging_mixin.py:190} INFO - [2026-07-01T09:10:11.278+0000] {dagbag.py:587} INFO - Filling up the DagBag from /home/airflow/.local/lib/python3.12/site-packages/airflow/example_dags/example_latest_only.py
[2026-07-01T09:10:11.283+0000] {processor.py:925} INFO - DAG(s) 'latest_only' retrieved from /home/airflow/.local/lib/python3.12/site-packages/airflow/example_dags/example_latest_only.py
[2026-07-01T09:10:11.296+0000] {logging_mixin.py:190} INFO - [2026-07-01T09:10:11.296+0000] {dag.py:3211} INFO - Sync 1 DAGs
[2026-07-01T09:10:11.311+0000] {logging_mixin.py:190} INFO - [2026-07-01T09:10:11.311+0000] {dag.py:4138} INFO - Setting next_dagrun for latest_only to 2026-07-01 04:00:00+00:00, run_after=2026-07-01 08:00:00+00:00
[2026-07-01T09:10:11.323+0000] {processor.py:208} INFO - Processing /home/airflow/.local/lib/python3.12/site-packages/airflow/example_dags/example_latest_only.py took 0.053 seconds
[2026-07-01T09:10:41.532+0000] {processor.py:186} INFO - Started process (PID=216) to work on /home/airflow/.local/lib/python3.12/site-packages/airflow/example_dags/example_latest_only.py
[2026-07-01T09:10:41.533+0000] {processor.py:914} INFO - Processing file /home/airflow/.local/lib/python3.12/site-packages/airflow/example_dags/example_latest_only.py for tasks to queue
[2026-07-01T09:10:41.535+0000] {logging_mixin.py:190} INFO - [2026-07-01T09:10:41.535+0000] {dagbag.py:587} INFO - Filling up the DagBag from /home/airflow/.local/lib/python3.12/site-packages/airflow/example_dags/example_latest_only.py
[2026-07-01T09:10:41.540+0000] {processor.py:925} INFO - DAG(s) 'latest_only' retrieved from /home/airflow/.local/lib/python3.12/site-packages/airflow/example_dags/example_latest_only.py
[2026-07-01T09:10:41.554+0000] {logging_mixin.py:190} INFO - [2026-07-01T09:10:41.553+0000] {dag.py:3211} INFO - Sync 1 DAGs
[2026-07-01T09:10:41.568+0000] {logging_mixin.py:190} INFO - [2026-07-01T09:10:41.568+0000] {dag.py:4138} INFO - Setting next_dagrun for latest_only to 2026-07-01 04:00:00+00:00, run_after=2026-07-01 08:00:00+00:00
[2026-07-01T09:10:41.580+0000] {processor.py:208} INFO - Processing /home/airflow/.local/lib/python3.12/site-packages/airflow/example_dags/example_latest_only.py took 0.052 seconds
[2026-07-01T09:11:11.886+0000] {processor.py:186} INFO - Started process (PID=278) to work on /home/airflow/.local/lib/python3.12/site-packages/airflow/example_dags/example_latest_only.py
[2026-07-01T09:11:11.886+0000] {processor.py:914} INFO - Processing file /home/airflow/.local/lib/python3.12/site-packages/airflow/example_dags/example_latest_only.py for tasks to queue
[2026-07-01T09:11:11.888+0000] {logging_mixin.py:190} INFO - [2026-07-01T09:11:11.888+0000] {dagbag.py:587} INFO - Filling up the DagBag from /home/airflow/.local/lib/python3.12/site-packages/airflow/example_dags/example_latest_only.py
[2026-07-01T09:11:11.893+0000] {processor.py:925} INFO - DAG(s) 'latest_only' retrieved from /home/airflow/.local/lib/python3.12/site-packages/airflow/example_dags/example_latest_only.py
[2026-07-01T09:11:11.907+0000] {logging_mixin.py:190} INFO - [2026-07-01T09:11:11.907+0000] {dag.py:3211} INFO - Sync 1 DAGs
[2026-07-01T09:11:11.921+0000] {logging_mixin.py:190} INFO - [2026-07-01T09:11:11.921+0000] {dag.py:4138} INFO - Setting next_dagrun for latest_only to 2026-07-01 04:00:00+00:00, run_after=2026-07-01 08:00:00+00:00
[2026-07-01T09:11:11.932+0000] {processor.py:208} INFO - Processing /home/airflow/.local/lib/python3.12/site-packages/airflow/example_dags/example_latest_only.py took 0.050 seconds
[2026-07-01T09:11:42.273+0000] {processor.py:186} INFO - Started process (PID=340) to work on /home/airflow/.local/lib/python3.12/site-packages/airflow/example_dags/example_latest_only.py
[2026-07-01T09:11:42.275+0000] {processor.py:914} INFO - Processing file /home/airflow/.local/lib/python3.12/site-packages/airflow/example_dags/example_latest_only.py for tasks to queue
[2026-07-01T09:11:42.279+0000] {logging_mixin.py:190} INFO - [2026-07-01T09:11:42.278+0000] {dagbag.py:587} INFO - Filling up the DagBag from /home/airflow/.local/lib/python3.12/site-packages/airflow/example_dags/example_latest_only.py
[2026-07-01T09:11:42.287+0000] {processor.py:925} INFO - DAG(s) 'latest_only' retrieved from /home/airflow/.local/lib/python3.12/site-packages/airflow/example_dags/example_latest_only.py
[2026-07-01T09:11:42.310+0000] {logging_mixin.py:190} INFO - [2026-07-01T09:11:42.309+0000] {dag.py:3211} INFO - Sync 1 DAGs
[2026-07-01T09:11:42.335+0000] {logging_mixin.py:190} INFO - [2026-07-01T09:11:42.334+0000] {dag.py:4138} INFO - Setting next_dagrun for latest_only to 2026-07-01 04:00:00+00:00, run_after=2026-07-01 08:00:00+00:00
[2026-07-01T09:11:42.356+0000] {processor.py:208} INFO - Processing /home/airflow/.local/lib/python3.12/site-packages/airflow/example_dags/example_latest_only.py took 0.090 seconds
[2026-07-01T09:12:12.566+0000] {processor.py:186} INFO - Started process (PID=402) to work on /home/airflow/.local/lib/python3.12/site-packages/airflow/example_dags/example_latest_only.py
[2026-07-01T09:12:12.567+0000] {processor.py:914} INFO - Processing file /home/airflow/.local/lib/python3.12/site-packages/airflow/example_dags/example_latest_only.py for tasks to queue
[2026-07-01T09:12:12.569+0000] {logging_mixin.py:190} INFO - [2026-07-01T09:12:12.569+0000] {dagbag.py:587} INFO - Filling up the DagBag from /home/airflow/.local/lib/python3.12/site-packages/airflow/example_dags/example_latest_only.py
[2026-07-01T09:12:12.574+0000] {processor.py:925} INFO - DAG(s) 'latest_only' retrieved from /home/airflow/.local/lib/python3.12/site-packages/airflow/example_dags/example_latest_only.py
[2026-07-01T09:12:12.589+0000] {logging_mixin.py:190} INFO - [2026-07-01T09:12:12.589+0000] {dag.py:3211} INFO - Sync 1 DAGs
[2026-07-01T09:12:12.605+0000] {logging_mixin.py:190} INFO - [2026-07-01T09:12:12.605+0000] {dag.py:4138} INFO - Setting next_dagrun for latest_only to 2026-07-01 04:00:00+00:00, run_after=2026-07-01 08:00:00+00:00
[2026-07-01T09:12:12.618+0000] {processor.py:208} INFO - Processing /home/airflow/.local/lib/python3.12/site-packages/airflow/example_dags/example_latest_only.py took 0.056 seconds
[2026-07-01T09:12:43.127+0000] {processor.py:186} INFO - Started process (PID=464) to work on /home/airflow/.local/lib/python3.12/site-packages/airflow/example_dags/example_latest_only.py
[2026-07-01T09:12:43.128+0000] {processor.py:914} INFO - Processing file /home/airflow/.local/lib/python3.12/site-packages/airflow/example_dags/example_latest_only.py for tasks to queue
[2026-07-01T09:12:43.130+0000] {logging_mixin.py:190} INFO - [2026-07-01T09:12:43.130+0000] {dagbag.py:587} INFO - Filling up the DagBag from /home/airflow/.local/lib/python3.12/site-packages/airflow/example_dags/example_latest_only.py
[2026-07-01T09:12:43.136+0000] {processor.py:925} INFO - DAG(s) 'latest_only' retrieved from /home/airflow/.local/lib/python3.12/site-packages/airflow/example_dags/example_latest_only.py
[2026-07-01T09:12:43.151+0000] {logging_mixin.py:190} INFO - [2026-07-01T09:12:43.151+0000] {dag.py:3211} INFO - Sync 1 DAGs
[2026-07-01T09:12:43.168+0000] {logging_mixin.py:190} INFO - [2026-07-01T09:12:43.168+0000] {dag.py:4138} INFO - Setting next_dagrun for latest_only to 2026-07-01 04:00:00+00:00, run_after=2026-07-01 08:00:00+00:00
[2026-07-01T09:12:43.180+0000] {processor.py:208} INFO - Processing /home/airflow/.local/lib/python3.12/site-packages/airflow/example_dags/example_latest_only.py took 0.058 seconds
[2026-07-01T09:13:13.566+0000] {processor.py:186} INFO - Started process (PID=526) to work on /home/airflow/.local/lib/python3.12/site-packages/airflow/example_dags/example_latest_only.py
[2026-07-01T09:13:13.567+0000] {processor.py:914} INFO - Processing file /home/airflow/.local/lib/python3.12/site-packages/airflow/example_dags/example_latest_only.py for tasks to queue
[2026-07-01T09:13:13.569+0000] {logging_mixin.py:190} INFO - [2026-07-01T09:13:13.569+0000] {dagbag.py:587} INFO - Filling up the DagBag from /home/airflow/.local/lib/python3.12/site-packages/airflow/example_dags/example_latest_only.py
[2026-07-01T09:13:13.575+0000] {processor.py:925} INFO - DAG(s) 'latest_only' retrieved from /home/airflow/.local/lib/python3.12/site-packages/airflow/example_dags/example_latest_only.py
[2026-07-01T09:13:13.589+0000] {logging_mixin.py:190} INFO - [2026-07-01T09:13:13.589+0000] {dag.py:3211} INFO - Sync 1 DAGs
[2026-07-01T09:13:13.604+0000] {logging_mixin.py:190} INFO - [2026-07-01T09:13:13.604+0000] {dag.py:4138} INFO - Setting next_dagrun for latest_only to 2026-07-01 04:00:00+00:00, run_after=2026-07-01 08:00:00+00:00
[2026-07-01T09:13:13.616+0000] {processor.py:208} INFO - Processing /home/airflow/.local/lib/python3.12/site-packages/airflow/example_dags/example_latest_only.py took 0.054 seconds
[2026-07-01T09:13:44.456+0000] {processor.py:186} INFO - Started process (PID=588) to work on /home/airflow/.local/lib/python3.12/site-packages/airflow/example_dags/example_latest_only.py
[2026-07-01T09:13:44.457+0000] {processor.py:914} INFO - Processing file /home/airflow/.local/lib/python3.12/site-packages/airflow/example_dags/example_latest_only.py for tasks to queue
[2026-07-01T09:13:44.459+0000] {logging_mixin.py:190} INFO - [2026-07-01T09:13:44.459+0000] {dagbag.py:587} INFO - Filling up the DagBag from /home/airflow/.local/lib/python3.12/site-packages/airflow/example_dags/example_latest_only.py
[2026-07-01T09:13:44.464+0000] {processor.py:925} INFO - DAG(s) 'latest_only' retrieved from /home/airflow/.local/lib/python3.12/site-packages/airflow/example_dags/example_latest_only.py
[2026-07-01T09:13:44.478+0000] {logging_mixin.py:190} INFO - [2026-07-01T09:13:44.478+0000] {dag.py:3211} INFO - Sync 1 DAGs
[2026-07-01T09:13:44.492+0000] {logging_mixin.py:190} INFO - [2026-07-01T09:13:44.492+0000] {dag.py:4138} INFO - Setting next_dagrun for latest_only to 2026-07-01 04:00:00+00:00, run_after=2026-07-01 08:00:00+00:00
[2026-07-01T09:13:44.505+0000] {processor.py:208} INFO - Processing /home/airflow/.local/lib/python3.12/site-packages/airflow/example_dags/example_latest_only.py took 0.053 seconds
[2026-07-01T09:14:15.606+0000] {processor.py:186} INFO - Started process (PID=650) to work on /home/airflow/.local/lib/python3.12/site-packages/airflow/example_dags/example_latest_only.py
[2026-07-01T09:14:15.607+0000] {processor.py:914} INFO - Processing file /home/airflow/.local/lib/python3.12/site-packages/airflow/example_dags/example_latest_only.py for tasks to queue
[2026-07-01T09:14:15.610+0000] {logging_mixin.py:190} INFO - [2026-07-01T09:14:15.609+0000] {dagbag.py:587} INFO - Filling up the DagBag from /home/airflow/.local/lib/python3.12/site-packages/airflow/example_dags/example_latest_only.py
[2026-07-01T09:14:15.617+0000] {processor.py:925} INFO - DAG(s) 'latest_only' retrieved from /home/airflow/.local/lib/python3.12/site-packages/airflow/example_dags/example_latest_only.py
[2026-07-01T09:14:15.635+0000] {logging_mixin.py:190} INFO - [2026-07-01T09:14:15.634+0000] {dag.py:3211} INFO - Sync 1 DAGs
[2026-07-01T09:14:15.651+0000] {logging_mixin.py:190} INFO - [2026-07-01T09:14:15.651+0000] {dag.py:4138} INFO - Setting next_dagrun for latest_only to 2026-07-01 04:00:00+00:00, run_after=2026-07-01 08:00:00+00:00
[2026-07-01T09:14:15.665+0000] {processor.py:208} INFO - Processing /home/airflow/.local/lib/python3.12/site-packages/airflow/example_dags/example_latest_only.py took 0.063 seconds
[2026-07-01T09:14:45.829+0000] {processor.py:186} INFO - Started process (PID=712) to work on /home/airflow/.local/lib/python3.12/site-packages/airflow/example_dags/example_latest_only.py
[2026-07-01T09:14:45.830+0000] {processor.py:914} INFO - Processing file /home/airflow/.local/lib/python3.12/site-packages/airflow/example_dags/example_latest_only.py for tasks to queue
[2026-07-01T09:14:45.832+0000] {logging_mixin.py:190} INFO - [2026-07-01T09:14:45.831+0000] {dagbag.py:587} INFO - Filling up the DagBag from /home/airflow/.local/lib/python3.12/site-packages/airflow/example_dags/example_latest_only.py
[2026-07-01T09:14:45.837+0000] {processor.py:925} INFO - DAG(s) 'latest_only' retrieved from /home/airflow/.local/lib/python3.12/site-packages/airflow/example_dags/example_latest_only.py
[2026-07-01T09:14:45.850+0000] {logging_mixin.py:190} INFO - [2026-07-01T09:14:45.850+0000] {dag.py:3211} INFO - Sync 1 DAGs
[2026-07-01T09:14:45.864+0000] {logging_mixin.py:190} INFO - [2026-07-01T09:14:45.864+0000] {dag.py:4138} INFO - Setting next_dagrun for latest_only to 2026-07-01 04:00:00+00:00, run_after=2026-07-01 08:00:00+00:00
[2026-07-01T09:14:45.877+0000] {processor.py:208} INFO - Processing /home/airflow/.local/lib/python3.12/site-packages/airflow/example_dags/example_latest_only.py took 0.052 seconds
[2026-07-01T09:15:16.711+0000] {processor.py:186} INFO - Started process (PID=774) to work on /home/airflow/.local/lib/python3.12/site-packages/airflow/example_dags/example_latest_only.py
[2026-07-01T09:15:16.712+0000] {processor.py:914} INFO - Processing file /home/airflow/.local/lib/python3.12/site-packages/airflow/example_dags/example_latest_only.py for tasks to queue
[2026-07-01T09:15:16.714+0000] {logging_mixin.py:190} INFO - [2026-07-01T09:15:16.713+0000] {dagbag.py:587} INFO - Filling up the DagBag from /home/airflow/.local/lib/python3.12/site-packages/airflow/example_dags/example_latest_only.py
[2026-07-01T09:15:16.719+0000] {processor.py:925} INFO - DAG(s) 'latest_only' retrieved from /home/airflow/.local/lib/python3.12/site-packages/airflow/example_dags/example_latest_only.py
[2026-07-01T09:15:16.735+0000] {logging_mixin.py:190} INFO - [2026-07-01T09:15:16.735+0000] {dag.py:3211} INFO - Sync 1 DAGs
[2026-07-01T09:15:16.752+0000] {logging_mixin.py:190} INFO - [2026-07-01T09:15:16.752+0000] {dag.py:4138} INFO - Setting next_dagrun for latest_only to 2026-07-01 04:00:00+00:00, run_after=2026-07-01 08:00:00+00:00
[2026-07-01T09:15:16.765+0000] {processor.py:208} INFO - Processing /home/airflow/.local/lib/python3.12/site-packages/airflow/example_dags/example_latest_only.py took 0.059 seconds
[2026-07-01T09:15:47.643+0000] {processor.py:186} INFO - Started process (PID=836) to work on /home/airflow/.local/lib/python3.12/site-packages/airflow/example_dags/example_latest_only.py
[2026-07-01T09:15:47.645+0000] {processor.py:914} INFO - Processing file /home/airflow/.local/lib/python3.12/site-packages/airflow/example_dags/example_latest_only.py for tasks to queue
[2026-07-01T09:15:47.647+0000] {logging_mixin.py:190} INFO - [2026-07-01T09:15:47.646+0000] {dagbag.py:587} INFO - Filling up the DagBag from /home/airflow/.local/lib/python3.12/site-packages/airflow/example_dags/example_latest_only.py
[2026-07-01T09:15:47.652+0000] {processor.py:925} INFO - DAG(s) 'latest_only' retrieved from /home/airflow/.local/lib/python3.12/site-packages/airflow/example_dags/example_latest_only.py
[2026-07-01T09:15:47.668+0000] {logging_mixin.py:190} INFO - [2026-07-01T09:15:47.668+0000] {dag.py:3211} INFO - Sync 1 DAGs
[2026-07-01T09:15:47.684+0000] {logging_mixin.py:190} INFO - [2026-07-01T09:15:47.684+0000] {dag.py:4138} INFO - Setting next_dagrun for latest_only to 2026-07-01 04:00:00+00:00, run_after=2026-07-01 08:00:00+00:00
[2026-07-01T09:15:47.695+0000] {processor.py:208} INFO - Processing /home/airflow/.local/lib/python3.12/site-packages/airflow/example_dags/example_latest_only.py took 0.057 seconds
[2026-07-01T09:16:17.999+0000] {processor.py:186} INFO - Started process (PID=898) to work on /home/airflow/.local/lib/python3.12/site-packages/airflow/example_dags/example_latest_only.py
[2026-07-01T09:16:18.000+0000] {processor.py:914} INFO - Processing file /home/airflow/.local/lib/python3.12/site-packages/airflow/example_dags/example_latest_only.py for tasks to queue
[2026-07-01T09:16:18.001+0000] {logging_mixin.py:190} INFO - [2026-07-01T09:16:18.001+0000] {dagbag.py:587} INFO - Filling up the DagBag from /home/airflow/.local/lib/python3.12/site-packages/airflow/example_dags/example_latest_only.py
[2026-07-01T09:16:18.006+0000] {processor.py:925} INFO - DAG(s) 'latest_only' retrieved from /home/airflow/.local/lib/python3.12/site-packages/airflow/example_dags/example_latest_only.py
[2026-07-01T09:16:18.021+0000] {logging_mixin.py:190} INFO - [2026-07-01T09:16:18.021+0000] {dag.py:3211} INFO - Sync 1 DAGs
[2026-07-01T09:16:18.035+0000] {logging_mixin.py:190} INFO - [2026-07-01T09:16:18.035+0000] {dag.py:4138} INFO - Setting next_dagrun for latest_only to 2026-07-01 04:00:00+00:00, run_after=2026-07-01 08:00:00+00:00
[2026-07-01T09:16:18.047+0000] {processor.py:208} INFO - Processing /home/airflow/.local/lib/python3.12/site-packages/airflow/example_dags/example_latest_only.py took 0.053 seconds
[2026-07-01T09:16:48.162+0000] {processor.py:186} INFO - Started process (PID=960) to work on /home/airflow/.local/lib/python3.12/site-packages/airflow/example_dags/example_latest_only.py
[2026-07-01T09:16:48.163+0000] {processor.py:914} INFO - Processing file /home/airflow/.local/lib/python3.12/site-packages/airflow/example_dags/example_latest_only.py for tasks to queue
[2026-07-01T09:16:48.165+0000] {logging_mixin.py:190} INFO - [2026-07-01T09:16:48.165+0000] {dagbag.py:587} INFO - Filling up the DagBag from /home/airflow/.local/lib/python3.12/site-packages/airflow/example_dags/example_latest_only.py
[2026-07-01T09:16:48.170+0000] {processor.py:925} INFO - DAG(s) 'latest_only' retrieved from /home/airflow/.local/lib/python3.12/site-packages/airflow/example_dags/example_latest_only.py
[2026-07-01T09:16:48.185+0000] {logging_mixin.py:190} INFO - [2026-07-01T09:16:48.185+0000] {dag.py:3211} INFO - Sync 1 DAGs
[2026-07-01T09:16:48.201+0000] {logging_mixin.py:190} INFO - [2026-07-01T09:16:48.201+0000] {dag.py:4138} INFO - Setting next_dagrun for latest_only to 2026-07-01 04:00:00+00:00, run_after=2026-07-01 08:00:00+00:00
[2026-07-01T09:16:48.214+0000] {processor.py:208} INFO - Processing /home/airflow/.local/lib/python3.12/site-packages/airflow/example_dags/example_latest_only.py took 0.056 seconds
[2026-07-01T09:17:18.600+0000] {processor.py:186} INFO - Started process (PID=1022) to work on /home/airflow/.local/lib/python3.12/site-packages/airflow/example_dags/example_latest_only.py
[2026-07-01T09:17:18.602+0000] {processor.py:914} INFO - Processing file /home/airflow/.local/lib/python3.12/site-packages/airflow/example_dags/example_latest_only.py for tasks to queue
[2026-07-01T09:17:18.605+0000] {logging_mixin.py:190} INFO - [2026-07-01T09:17:18.604+0000] {dagbag.py:587} INFO - Filling up the DagBag from /home/airflow/.local/lib/python3.12/site-packages/airflow/example_dags/example_latest_only.py
[2026-07-01T09:17:18.614+0000] {processor.py:925} INFO - DAG(s) 'latest_only' retrieved from /home/airflow/.local/lib/python3.12/site-packages/airflow/example_dags/example_latest_only.py
[2026-07-01T09:17:18.634+0000] {logging_mixin.py:190} INFO - [2026-07-01T09:17:18.634+0000] {dag.py:3211} INFO - Sync 1 DAGs
[2026-07-01T09:17:18.655+0000] {logging_mixin.py:190} INFO - [2026-07-01T09:17:18.655+0000] {dag.py:4138} INFO - Setting next_dagrun for latest_only to 2026-07-01 04:00:00+00:00, run_after=2026-07-01 08:00:00+00:00
[2026-07-01T09:17:18.670+0000] {processor.py:208} INFO - Processing /home/airflow/.local/lib/python3.12/site-packages/airflow/example_dags/example_latest_only.py took 0.077 seconds
[2026-07-01T09:17:48.906+0000] {processor.py:186} INFO - Started process (PID=1084) to work on /home/airflow/.local/lib/python3.12/site-packages/airflow/example_dags/example_latest_only.py
[2026-07-01T09:17:48.907+0000] {processor.py:914} INFO - Processing file /home/airflow/.local/lib/python3.12/site-packages/airflow/example_dags/example_latest_only.py for tasks to queue
[2026-07-01T09:17:48.909+0000] {logging_mixin.py:190} INFO - [2026-07-01T09:17:48.909+0000] {dagbag.py:587} INFO - Filling up the DagBag from /home/airflow/.local/lib/python3.12/site-packages/airflow/example_dags/example_latest_only.py
[2026-07-01T09:17:48.915+0000] {processor.py:925} INFO - DAG(s) 'latest_only' retrieved from /home/airflow/.local/lib/python3.12/site-packages/airflow/example_dags/example_latest_only.py
[2026-07-01T09:17:48.930+0000] {logging_mixin.py:190} INFO - [2026-07-01T09:17:48.929+0000] {dag.py:3211} INFO - Sync 1 DAGs
[2026-07-01T09:17:48.944+0000] {logging_mixin.py:190} INFO - [2026-07-01T09:17:48.944+0000] {dag.py:4138} INFO - Setting next_dagrun for latest_only to 2026-07-01 04:00:00+00:00, run_after=2026-07-01 08:00:00+00:00
[2026-07-01T09:17:48.957+0000] {processor.py:208} INFO - Processing /home/airflow/.local/lib/python3.12/site-packages/airflow/example_dags/example_latest_only.py took 0.055 seconds
[2026-07-01T09:18:19.250+0000] {processor.py:186} INFO - Started process (PID=1146) to work on /home/airflow/.local/lib/python3.12/site-packages/airflow/example_dags/example_latest_only.py
[2026-07-01T09:18:19.251+0000] {processor.py:914} INFO - Processing file /home/airflow/.local/lib/python3.12/site-packages/airflow/example_dags/example_latest_only.py for tasks to queue
[2026-07-01T09:18:19.253+0000] {logging_mixin.py:190} INFO - [2026-07-01T09:18:19.252+0000] {dagbag.py:587} INFO - Filling up the DagBag from /home/airflow/.local/lib/python3.12/site-packages/airflow/example_dags/example_latest_only.py
[2026-07-01T09:18:19.257+0000] {processor.py:925} INFO - DAG(s) 'latest_only' retrieved from /home/airflow/.local/lib/python3.12/site-packages/airflow/example_dags/example_latest_only.py
[2026-07-01T09:18:19.271+0000] {logging_mixin.py:190} INFO - [2026-07-01T09:18:19.271+0000] {dag.py:3211} INFO - Sync 1 DAGs
[2026-07-01T09:18:19.286+0000] {logging_mixin.py:190} INFO - [2026-07-01T09:18:19.286+0000] {dag.py:4138} INFO - Setting next_dagrun for latest_only to 2026-07-01 04:00:00+00:00, run_after=2026-07-01 08:00:00+00:00
[2026-07-01T09:18:19.300+0000] {processor.py:208} INFO - Processing /home/airflow/.local/lib/python3.12/site-packages/airflow/example_dags/example_latest_only.py took 0.054 seconds
[2026-07-01T09:18:49.342+0000] {processor.py:186} INFO - Started process (PID=1208) to work on /home/airflow/.local/lib/python3.12/site-packages/airflow/example_dags/example_latest_only.py
[2026-07-01T09:18:49.343+0000] {processor.py:914} INFO - Processing file /home/airflow/.local/lib/python3.12/site-packages/airflow/example_dags/example_latest_only.py for tasks to queue
[2026-07-01T09:18:49.344+0000] {logging_mixin.py:190} INFO - [2026-07-01T09:18:49.344+0000] {dagbag.py:587} INFO - Filling up the DagBag from /home/airflow/.local/lib/python3.12/site-packages/airflow/example_dags/example_latest_only.py
[2026-07-01T09:18:49.349+0000] {processor.py:925} INFO - DAG(s) 'latest_only' retrieved from /home/airflow/.local/lib/python3.12/site-packages/airflow/example_dags/example_latest_only.py
[2026-07-01T09:18:49.364+0000] {logging_mixin.py:190} INFO - [2026-07-01T09:18:49.364+0000] {dag.py:3211} INFO - Sync 1 DAGs
[2026-07-01T09:18:49.379+0000] {logging_mixin.py:190} INFO - [2026-07-01T09:18:49.379+0000] {dag.py:4138} INFO - Setting next_dagrun for latest_only to 2026-07-01 04:00:00+00:00, run_after=2026-07-01 08:00:00+00:00
[2026-07-01T09:18:49.390+0000] {processor.py:208} INFO - Processing /home/airflow/.local/lib/python3.12/site-packages/airflow/example_dags/example_latest_only.py took 0.053 seconds
[2026-07-01T09:19:20.154+0000] {processor.py:186} INFO - Started process (PID=1270) to work on /home/airflow/.local/lib/python3.12/site-packages/airflow/example_dags/example_latest_only.py
[2026-07-01T09:19:20.155+0000] {processor.py:914} INFO - Processing file /home/airflow/.local/lib/python3.12/site-packages/airflow/example_dags/example_latest_only.py for tasks to queue
[2026-07-01T09:19:20.156+0000] {logging_mixin.py:190} INFO - [2026-07-01T09:19:20.156+0000] {dagbag.py:587} INFO - Filling up the DagBag from /home/airflow/.local/lib/python3.12/site-packages/airflow/example_dags/example_latest_only.py
[2026-07-01T09:19:20.162+0000] {processor.py:925} INFO - DAG(s) 'latest_only' retrieved from /home/airflow/.local/lib/python3.12/site-packages/airflow/example_dags/example_latest_only.py
[2026-07-01T09:19:20.175+0000] {logging_mixin.py:190} INFO - [2026-07-01T09:19:20.175+0000] {dag.py:3211} INFO - Sync 1 DAGs
[2026-07-01T09:19:20.190+0000] {logging_mixin.py:190} INFO - [2026-07-01T09:19:20.190+0000] {dag.py:4138} INFO - Setting next_dagrun for latest_only to 2026-07-01 04:00:00+00:00, run_after=2026-07-01 08:00:00+00:00
[2026-07-01T09:19:20.200+0000] {processor.py:208} INFO - Processing /home/airflow/.local/lib/python3.12/site-packages/airflow/example_dags/example_latest_only.py took 0.051 seconds
[2026-07-01T09:19:50.862+0000] {processor.py:186} INFO - Started process (PID=1332) to work on /home/airflow/.local/lib/python3.12/site-packages/airflow/example_dags/example_latest_only.py
[2026-07-01T09:19:50.864+0000] {processor.py:914} INFO - Processing file /home/airflow/.local/lib/python3.12/site-packages/airflow/example_dags/example_latest_only.py for tasks to queue
[2026-07-01T09:19:50.866+0000] {logging_mixin.py:190} INFO - [2026-07-01T09:19:50.866+0000] {dagbag.py:587} INFO - Filling up the DagBag from /home/airflow/.local/lib/python3.12/site-packages/airflow/example_dags/example_latest_only.py
[2026-07-01T09:19:50.872+0000] {processor.py:925} INFO - DAG(s) 'latest_only' retrieved from /home/airflow/.local/lib/python3.12/site-packages/airflow/example_dags/example_latest_only.py
[2026-07-01T09:19:50.887+0000] {logging_mixin.py:190} INFO - [2026-07-01T09:19:50.886+0000] {dag.py:3211} INFO - Sync 1 DAGs
[2026-07-01T09:19:50.901+0000] {logging_mixin.py:190} INFO - [2026-07-01T09:19:50.901+0000] {dag.py:4138} INFO - Setting next_dagrun for latest_only to 2026-07-01 04:00:00+00:00, run_after=2026-07-01 08:00:00+00:00
[2026-07-01T09:19:50.913+0000] {processor.py:208} INFO - Processing /home/airflow/.local/lib/python3.12/site-packages/airflow/example_dags/example_latest_only.py took 0.056 seconds
[2026-07-01T09:20:21.535+0000] {processor.py:186} INFO - Started process (PID=1394) to work on /home/airflow/.local/lib/python3.12/site-packages/airflow/example_dags/example_latest_only.py
[2026-07-01T09:20:21.536+0000] {processor.py:914} INFO - Processing file /home/airflow/.local/lib/python3.12/site-packages/airflow/example_dags/example_latest_only.py for tasks to queue
[2026-07-01T09:20:21.537+0000] {logging_mixin.py:190} INFO - [2026-07-01T09:20:21.537+0000] {dagbag.py:587} INFO - Filling up the DagBag from /home/airflow/.local/lib/python3.12/site-packages/airflow/example_dags/example_latest_only.py
[2026-07-01T09:20:21.543+0000] {processor.py:925} INFO - DAG(s) 'latest_only' retrieved from /home/airflow/.local/lib/python3.12/site-packages/airflow/example_dags/example_latest_only.py
[2026-07-01T09:20:21.557+0000] {logging_mixin.py:190} INFO - [2026-07-01T09:20:21.557+0000] {dag.py:3211} INFO - Sync 1 DAGs
[2026-07-01T09:20:21.571+0000] {logging_mixin.py:190} INFO - [2026-07-01T09:20:21.571+0000] {dag.py:4138} INFO - Setting next_dagrun for latest_only to 2026-07-01 04:00:00+00:00, run_after=2026-07-01 08:00:00+00:00
[2026-07-01T09:20:21.583+0000] {processor.py:208} INFO - Processing /home/airflow/.local/lib/python3.12/site-packages/airflow/example_dags/example_latest_only.py took 0.052 seconds
[2026-07-01T09:20:52.417+0000] {processor.py:186} INFO - Started process (PID=1456) to work on /home/airflow/.local/lib/python3.12/site-packages/airflow/example_dags/example_latest_only.py
[2026-07-01T09:20:52.418+0000] {processor.py:914} INFO - Processing file /home/airflow/.local/lib/python3.12/site-packages/airflow/example_dags/example_latest_only.py for tasks to queue
[2026-07-01T09:20:52.420+0000] {logging_mixin.py:190} INFO - [2026-07-01T09:20:52.420+0000] {dagbag.py:587} INFO - Filling up the DagBag from /home/airflow/.local/lib/python3.12/site-packages/airflow/example_dags/example_latest_only.py
[2026-07-01T09:20:52.426+0000] {processor.py:925} INFO - DAG(s) 'latest_only' retrieved from /home/airflow/.local/lib/python3.12/site-packages/airflow/example_dags/example_latest_only.py
[2026-07-01T09:20:52.441+0000] {logging_mixin.py:190} INFO - [2026-07-01T09:20:52.440+0000] {dag.py:3211} INFO - Sync 1 DAGs
[2026-07-01T09:20:52.456+0000] {logging_mixin.py:190} INFO - [2026-07-01T09:20:52.456+0000] {dag.py:4138} INFO - Setting next_dagrun for latest_only to 2026-07-01 04:00:00+00:00, run_after=2026-07-01 08:00:00+00:00
[2026-07-01T09:20:52.468+0000] {processor.py:208} INFO - Processing /home/airflow/.local/lib/python3.12/site-packages/airflow/example_dags/example_latest_only.py took 0.056 seconds
[2026-07-01T09:21:22.561+0000] {processor.py:186} INFO - Started process (PID=1518) to work on /home/airflow/.local/lib/python3.12/site-packages/airflow/example_dags/example_latest_only.py
[2026-07-01T09:21:22.562+0000] {processor.py:914} INFO - Processing file /home/airflow/.local/lib/python3.12/site-packages/airflow/example_dags/example_latest_only.py for tasks to queue
[2026-07-01T09:21:22.564+0000] {logging_mixin.py:190} INFO - [2026-07-01T09:21:22.563+0000] {dagbag.py:587} INFO - Filling up the DagBag from /home/airflow/.local/lib/python3.12/site-packages/airflow/example_dags/example_latest_only.py
[2026-07-01T09:21:22.569+0000] {processor.py:925} INFO - DAG(s) 'latest_only' retrieved from /home/airflow/.local/lib/python3.12/site-packages/airflow/example_dags/example_latest_only.py
[2026-07-01T09:21:22.586+0000] {logging_mixin.py:190} INFO - [2026-07-01T09:21:22.586+0000] {dag.py:3211} INFO - Sync 1 DAGs
[2026-07-01T09:21:22.605+0000] {logging_mixin.py:190} INFO - [2026-07-01T09:21:22.605+0000] {dag.py:4138} INFO - Setting next_dagrun for latest_only to 2026-07-01 04:00:00+00:00, run_after=2026-07-01 08:00:00+00:00
[2026-07-01T09:21:22.621+0000] {processor.py:208} INFO - Processing /home/airflow/.local/lib/python3.12/site-packages/airflow/example_dags/example_latest_only.py took 0.065 seconds
[2026-07-01T09:21:52.781+0000] {processor.py:186} INFO - Started process (PID=1580) to work on /home/airflow/.local/lib/python3.12/site-packages/airflow/example_dags/example_latest_only.py
[2026-07-01T09:21:52.782+0000] {processor.py:914} INFO - Processing file /home/airflow/.local/lib/python3.12/site-packages/airflow/example_dags/example_latest_only.py for tasks to queue
[2026-07-01T09:21:52.784+0000] {logging_mixin.py:190} INFO - [2026-07-01T09:21:52.784+0000] {dagbag.py:587} INFO - Filling up the DagBag from /home/airflow/.local/lib/python3.12/site-packages/airflow/example_dags/example_latest_only.py
[2026-07-01T09:21:52.790+0000] {processor.py:925} INFO - DAG(s) 'latest_only' retrieved from /home/airflow/.local/lib/python3.12/site-packages/airflow/example_dags/example_latest_only.py
[2026-07-01T09:21:52.805+0000] {logging_mixin.py:190} INFO - [2026-07-01T09:21:52.805+0000] {dag.py:3211} INFO - Sync 1 DAGs
[2026-07-01T09:21:52.825+0000] {logging_mixin.py:190} INFO - [2026-07-01T09:21:52.824+0000] {dag.py:4138} INFO - Setting next_dagrun for latest_only to 2026-07-01 04:00:00+00:00, run_after=2026-07-01 08:00:00+00:00
[2026-07-01T09:21:52.840+0000] {processor.py:208} INFO - Processing /home/airflow/.local/lib/python3.12/site-packages/airflow/example_dags/example_latest_only.py took 0.063 seconds
[2026-07-01T09:22:23.202+0000] {processor.py:186} INFO - Started process (PID=1642) to work on /home/airflow/.local/lib/python3.12/site-packages/airflow/example_dags/example_latest_only.py
[2026-07-01T09:22:23.203+0000] {processor.py:914} INFO - Processing file /home/airflow/.local/lib/python3.12/site-packages/airflow/example_dags/example_latest_only.py for tasks to queue
[2026-07-01T09:22:23.205+0000] {logging_mixin.py:190} INFO - [2026-07-01T09:22:23.205+0000] {dagbag.py:587} INFO - Filling up the DagBag from /home/airflow/.local/lib/python3.12/site-packages/airflow/example_dags/example_latest_only.py
[2026-07-01T09:22:23.212+0000] {processor.py:925} INFO - DAG(s) 'latest_only' retrieved from /home/airflow/.local/lib/python3.12/site-packages/airflow/example_dags/example_latest_only.py
[2026-07-01T09:22:23.229+0000] {logging_mixin.py:190} INFO - [2026-07-01T09:22:23.229+0000] {dag.py:3211} INFO - Sync 1 DAGs
[2026-07-01T09:22:23.246+0000] {logging_mixin.py:190} INFO - [2026-07-01T09:22:23.245+0000] {dag.py:4138} INFO - Setting next_dagrun for latest_only to 2026-07-01 04:00:00+00:00, run_after=2026-07-01 08:00:00+00:00
[2026-07-01T09:22:23.261+0000] {processor.py:208} INFO - Processing /home/airflow/.local/lib/python3.12/site-packages/airflow/example_dags/example_latest_only.py took 0.064 seconds
[2026-07-01T09:22:54.145+0000] {processor.py:186} INFO - Started process (PID=1704) to work on /home/airflow/.local/lib/python3.12/site-packages/airflow/example_dags/example_latest_only.py
[2026-07-01T09:22:54.146+0000] {processor.py:914} INFO - Processing file /home/airflow/.local/lib/python3.12/site-packages/airflow/example_dags/example_latest_only.py for tasks to queue
[2026-07-01T09:22:54.149+0000] {logging_mixin.py:190} INFO - [2026-07-01T09:22:54.148+0000] {dagbag.py:587} INFO - Filling up the DagBag from /home/airflow/.local/lib/python3.12/site-packages/airflow/example_dags/example_latest_only.py
[2026-07-01T09:22:54.156+0000] {processor.py:925} INFO - DAG(s) 'latest_only' retrieved from /home/airflow/.local/lib/python3.12/site-packages/airflow/example_dags/example_latest_only.py
[2026-07-01T09:22:54.174+0000] {logging_mixin.py:190} INFO - [2026-07-01T09:22:54.174+0000] {dag.py:3211} INFO - Sync 1 DAGs
[2026-07-01T09:22:54.192+0000] {logging_mixin.py:190} INFO - [2026-07-01T09:22:54.192+0000] {dag.py:4138} INFO - Setting next_dagrun for latest_only to 2026-07-01 04:00:00+00:00, run_after=2026-07-01 08:00:00+00:00
[2026-07-01T09:22:54.206+0000] {processor.py:208} INFO - Processing /home/airflow/.local/lib/python3.12/site-packages/airflow/example_dags/example_latest_only.py took 0.067 seconds
[2026-07-01T09:23:24.419+0000] {processor.py:186} INFO - Started process (PID=1766) to work on /home/airflow/.local/lib/python3.12/site-packages/airflow/example_dags/example_latest_only.py
[2026-07-01T09:23:24.420+0000] {processor.py:914} INFO - Processing file /home/airflow/.local/lib/python3.12/site-packages/airflow/example_dags/example_latest_only.py for tasks to queue
[2026-07-01T09:23:24.421+0000] {logging_mixin.py:190} INFO - [2026-07-01T09:23:24.421+0000] {dagbag.py:587} INFO - Filling up the DagBag from /home/airflow/.local/lib/python3.12/site-packages/airflow/example_dags/example_latest_only.py
[2026-07-01T09:23:24.426+0000] {processor.py:925} INFO - DAG(s) 'latest_only' retrieved from /home/airflow/.local/lib/python3.12/site-packages/airflow/example_dags/example_latest_only.py
[2026-07-01T09:23:24.440+0000] {logging_mixin.py:190} INFO - [2026-07-01T09:23:24.440+0000] {dag.py:3211} INFO - Sync 1 DAGs
[2026-07-01T09:23:24.454+0000] {logging_mixin.py:190} INFO - [2026-07-01T09:23:24.454+0000] {dag.py:4138} INFO - Setting next_dagrun for latest_only to 2026-07-01 04:00:00+00:00, run_after=2026-07-01 08:00:00+00:00
[2026-07-01T09:23:24.465+0000] {processor.py:208} INFO - Processing /home/airflow/.local/lib/python3.12/site-packages/airflow/example_dags/example_latest_only.py took 0.050 seconds
[2026-07-01T09:23:54.850+0000] {processor.py:186} INFO - Started process (PID=1828) to work on /home/airflow/.local/lib/python3.12/site-packages/airflow/example_dags/example_latest_only.py
[2026-07-01T09:23:54.851+0000] {processor.py:914} INFO - Processing file /home/airflow/.local/lib/python3.12/site-packages/airflow/example_dags/example_latest_only.py for tasks to queue
[2026-07-01T09:23:54.853+0000] {logging_mixin.py:190} INFO - [2026-07-01T09:23:54.853+0000] {dagbag.py:587} INFO - Filling up the DagBag from /home/airflow/.local/lib/python3.12/site-packages/airflow/example_dags/example_latest_only.py
[2026-07-01T09:23:54.859+0000] {processor.py:925} INFO - DAG(s) 'latest_only' retrieved from /home/airflow/.local/lib/python3.12/site-packages/airflow/example_dags/example_latest_only.py
[2026-07-01T09:23:54.873+0000] {logging_mixin.py:190} INFO - [2026-07-01T09:23:54.873+0000] {dag.py:3211} INFO - Sync 1 DAGs
[2026-07-01T09:23:54.887+0000] {logging_mixin.py:190} INFO - [2026-07-01T09:23:54.887+0000] {dag.py:4138} INFO - Setting next_dagrun for latest_only to 2026-07-01 04:00:00+00:00, run_after=2026-07-01 08:00:00+00:00
[2026-07-01T09:23:54.899+0000] {processor.py:208} INFO - Processing /home/airflow/.local/lib/python3.12/site-packages/airflow/example_dags/example_latest_only.py took 0.053 seconds
[2026-07-01T09:24:25.160+0000] {processor.py:186} INFO - Started process (PID=1890) to work on /home/airflow/.local/lib/python3.12/site-packages/airflow/example_dags/example_latest_only.py
[2026-07-01T09:24:25.161+0000] {processor.py:914} INFO - Processing file /home/airflow/.local/lib/python3.12/site-packages/airflow/example_dags/example_latest_only.py for tasks to queue
[2026-07-01T09:24:25.163+0000] {logging_mixin.py:190} INFO - [2026-07-01T09:24:25.163+0000] {dagbag.py:587} INFO - Filling up the DagBag from /home/airflow/.local/lib/python3.12/site-packages/airflow/example_dags/example_latest_only.py
[2026-07-01T09:24:25.169+0000] {processor.py:925} INFO - DAG(s) 'latest_only' retrieved from /home/airflow/.local/lib/python3.12/site-packages/airflow/example_dags/example_latest_only.py
[2026-07-01T09:24:25.183+0000] {logging_mixin.py:190} INFO - [2026-07-01T09:24:25.183+0000] {dag.py:3211} INFO - Sync 1 DAGs
[2026-07-01T09:24:25.200+0000] {logging_mixin.py:190} INFO - [2026-07-01T09:24:25.200+0000] {dag.py:4138} INFO - Setting next_dagrun for latest_only to 2026-07-01 04:00:00+00:00, run_after=2026-07-01 08:00:00+00:00
[2026-07-01T09:24:25.212+0000] {processor.py:208} INFO - Processing /home/airflow/.local/lib/python3.12/site-packages/airflow/example_dags/example_latest_only.py took 0.057 seconds
[2026-07-01T09:24:55.282+0000] {processor.py:186} INFO - Started process (PID=1952) to work on /home/airflow/.local/lib/python3.12/site-packages/airflow/example_dags/example_latest_only.py
[2026-07-01T09:24:55.283+0000] {processor.py:914} INFO - Processing file /home/airflow/.local/lib/python3.12/site-packages/airflow/example_dags/example_latest_only.py for tasks to queue
[2026-07-01T09:24:55.285+0000] {logging_mixin.py:190} INFO - [2026-07-01T09:24:55.285+0000] {dagbag.py:587} INFO - Filling up the DagBag from /home/airflow/.local/lib/python3.12/site-packages/airflow/example_dags/example_latest_only.py
[2026-07-01T09:24:55.290+0000] {processor.py:925} INFO - DAG(s) 'latest_only' retrieved from /home/airflow/.local/lib/python3.12/site-packages/airflow/example_dags/example_latest_only.py
[2026-07-01T09:24:55.304+0000] {logging_mixin.py:190} INFO - [2026-07-01T09:24:55.304+0000] {dag.py:3211} INFO - Sync 1 DAGs
[2026-07-01T09:24:55.318+0000] {logging_mixin.py:190} INFO - [2026-07-01T09:24:55.318+0000] {dag.py:4138} INFO - Setting next_dagrun for latest_only to 2026-07-01 04:00:00+00:00, run_after=2026-07-01 08:00:00+00:00
[2026-07-01T09:24:55.330+0000] {processor.py:208} INFO - Processing /home/airflow/.local/lib/python3.12/site-packages/airflow/example_dags/example_latest_only.py took 0.053 seconds
[2026-07-01T09:25:25.576+0000] {processor.py:186} INFO - Started process (PID=2014) to work on /home/airflow/.local/lib/python3.12/site-packages/airflow/example_dags/example_latest_only.py
[2026-07-01T09:25:25.577+0000] {processor.py:914} INFO - Processing file /home/airflow/.local/lib/python3.12/site-packages/airflow/example_dags/example_latest_only.py for tasks to queue
[2026-07-01T09:25:25.579+0000] {logging_mixin.py:190} INFO - [2026-07-01T09:25:25.579+0000] {dagbag.py:587} INFO - Filling up the DagBag from /home/airflow/.local/lib/python3.12/site-packages/airflow/example_dags/example_latest_only.py
[2026-07-01T09:25:25.584+0000] {processor.py:925} INFO - DAG(s) 'latest_only' retrieved from /home/airflow/.local/lib/python3.12/site-packages/airflow/example_dags/example_latest_only.py
[2026-07-01T09:25:25.599+0000] {logging_mixin.py:190} INFO - [2026-07-01T09:25:25.599+0000] {dag.py:3211} INFO - Sync 1 DAGs
[2026-07-01T09:25:25.627+0000] {logging_mixin.py:190} INFO - [2026-07-01T09:25:25.626+0000] {dag.py:4138} INFO - Setting next_dagrun for latest_only to 2026-07-01 04:00:00+00:00, run_after=2026-07-01 08:00:00+00:00
[2026-07-01T09:25:25.705+0000] {processor.py:208} INFO - Processing /home/airflow/.local/lib/python3.12/site-packages/airflow/example_dags/example_latest_only.py took 0.134 seconds
[2026-07-01T09:30:08.201+0000] {processor.py:186} INFO - Started process (PID=2070) to work on /home/airflow/.local/lib/python3.12/site-packages/airflow/example_dags/example_latest_only.py
[2026-07-01T09:30:08.202+0000] {processor.py:914} INFO - Processing file /home/airflow/.local/lib/python3.12/site-packages/airflow/example_dags/example_latest_only.py for tasks to queue
[2026-07-01T09:30:08.204+0000] {logging_mixin.py:190} INFO - [2026-07-01T09:30:08.204+0000] {dagbag.py:587} INFO - Filling up the DagBag from /home/airflow/.local/lib/python3.12/site-packages/airflow/example_dags/example_latest_only.py
[2026-07-01T09:30:08.209+0000] {processor.py:925} INFO - DAG(s) 'latest_only' retrieved from /home/airflow/.local/lib/python3.12/site-packages/airflow/example_dags/example_latest_only.py
[2026-07-01T09:30:08.224+0000] {logging_mixin.py:190} INFO - [2026-07-01T09:30:08.224+0000] {dag.py:3211} INFO - Sync 1 DAGs
[2026-07-01T09:30:08.240+0000] {logging_mixin.py:190} INFO - [2026-07-01T09:30:08.240+0000] {dag.py:4138} INFO - Setting next_dagrun for latest_only to 2026-07-01 04:00:00+00:00, run_after=2026-07-01 08:00:00+00:00
[2026-07-01T09:30:08.253+0000] {processor.py:208} INFO - Processing /home/airflow/.local/lib/python3.12/site-packages/airflow/example_dags/example_latest_only.py took 0.058 seconds
[2026-07-01T09:30:38.917+0000] {processor.py:186} INFO - Started process (PID=2132) to work on /home/airflow/.local/lib/python3.12/site-packages/airflow/example_dags/example_latest_only.py
[2026-07-01T09:30:38.918+0000] {processor.py:914} INFO - Processing file /home/airflow/.local/lib/python3.12/site-packages/airflow/example_dags/example_latest_only.py for tasks to queue
[2026-07-01T09:30:38.920+0000] {logging_mixin.py:190} INFO - [2026-07-01T09:30:38.920+0000] {dagbag.py:587} INFO - Filling up the DagBag from /home/airflow/.local/lib/python3.12/site-packages/airflow/example_dags/example_latest_only.py
[2026-07-01T09:30:38.926+0000] {processor.py:925} INFO - DAG(s) 'latest_only' retrieved from /home/airflow/.local/lib/python3.12/site-packages/airflow/example_dags/example_latest_only.py
[2026-07-01T09:30:38.941+0000] {logging_mixin.py:190} INFO - [2026-07-01T09:30:38.941+0000] {dag.py:3211} INFO - Sync 1 DAGs
[2026-07-01T09:30:38.958+0000] {logging_mixin.py:190} INFO - [2026-07-01T09:30:38.958+0000] {dag.py:4138} INFO - Setting next_dagrun for latest_only to 2026-07-01 04:00:00+00:00, run_after=2026-07-01 08:00:00+00:00
[2026-07-01T09:30:38.972+0000] {processor.py:208} INFO - Processing /home/airflow/.local/lib/python3.12/site-packages/airflow/example_dags/example_latest_only.py took 0.060 seconds
[2026-07-01T09:31:09.296+0000] {processor.py:186} INFO - Started process (PID=2194) to work on /home/airflow/.local/lib/python3.12/site-packages/airflow/example_dags/example_latest_only.py
[2026-07-01T09:31:09.297+0000] {processor.py:914} INFO - Processing file /home/airflow/.local/lib/python3.12/site-packages/airflow/example_dags/example_latest_only.py for tasks to queue
[2026-07-01T09:31:09.299+0000] {logging_mixin.py:190} INFO - [2026-07-01T09:31:09.298+0000] {dagbag.py:587} INFO - Filling up the DagBag from /home/airflow/.local/lib/python3.12/site-packages/airflow/example_dags/example_latest_only.py
[2026-07-01T09:31:09.304+0000] {processor.py:925} INFO - DAG(s) 'latest_only' retrieved from /home/airflow/.local/lib/python3.12/site-packages/airflow/example_dags/example_latest_only.py
[2026-07-01T09:31:09.319+0000] {logging_mixin.py:190} INFO - [2026-07-01T09:31:09.319+0000] {dag.py:3211} INFO - Sync 1 DAGs
[2026-07-01T09:31:09.335+0000] {logging_mixin.py:190} INFO - [2026-07-01T09:31:09.335+0000] {dag.py:4138} INFO - Setting next_dagrun for latest_only to 2026-07-01 04:00:00+00:00, run_after=2026-07-01 08:00:00+00:00
[2026-07-01T09:31:09.349+0000] {processor.py:208} INFO - Processing /home/airflow/.local/lib/python3.12/site-packages/airflow/example_dags/example_latest_only.py took 0.058 seconds
[2026-07-01T09:31:39.831+0000] {processor.py:186} INFO - Started process (PID=2256) to work on /home/airflow/.local/lib/python3.12/site-packages/airflow/example_dags/example_latest_only.py
[2026-07-01T09:31:39.832+0000] {processor.py:914} INFO - Processing file /home/airflow/.local/lib/python3.12/site-packages/airflow/example_dags/example_latest_only.py for tasks to queue
[2026-07-01T09:31:39.833+0000] {logging_mixin.py:190} INFO - [2026-07-01T09:31:39.833+0000] {dagbag.py:587} INFO - Filling up the DagBag from /home/airflow/.local/lib/python3.12/site-packages/airflow/example_dags/example_latest_only.py
[2026-07-01T09:31:39.839+0000] {processor.py:925} INFO - DAG(s) 'latest_only' retrieved from /home/airflow/.local/lib/python3.12/site-packages/airflow/example_dags/example_latest_only.py
[2026-07-01T09:31:39.856+0000] {logging_mixin.py:190} INFO - [2026-07-01T09:31:39.856+0000] {dag.py:3211} INFO - Sync 1 DAGs
[2026-07-01T09:31:39.871+0000] {logging_mixin.py:190} INFO - [2026-07-01T09:31:39.871+0000] {dag.py:4138} INFO - Setting next_dagrun for latest_only to 2026-07-01 04:00:00+00:00, run_after=2026-07-01 08:00:00+00:00
[2026-07-01T09:31:39.883+0000] {processor.py:208} INFO - Processing /home/airflow/.local/lib/python3.12/site-packages/airflow/example_dags/example_latest_only.py took 0.057 seconds
[2026-07-01T09:32:10.176+0000] {processor.py:186} INFO - Started process (PID=2318) to work on /home/airflow/.local/lib/python3.12/site-packages/airflow/example_dags/example_latest_only.py
[2026-07-01T09:32:10.177+0000] {processor.py:914} INFO - Processing file /home/airflow/.local/lib/python3.12/site-packages/airflow/example_dags/example_latest_only.py for tasks to queue
[2026-07-01T09:32:10.180+0000] {logging_mixin.py:190} INFO - [2026-07-01T09:32:10.179+0000] {dagbag.py:587} INFO - Filling up the DagBag from /home/airflow/.local/lib/python3.12/site-packages/airflow/example_dags/example_latest_only.py
[2026-07-01T09:32:10.186+0000] {processor.py:925} INFO - DAG(s) 'latest_only' retrieved from /home/airflow/.local/lib/python3.12/site-packages/airflow/example_dags/example_latest_only.py
[2026-07-01T09:32:10.199+0000] {logging_mixin.py:190} INFO - [2026-07-01T09:32:10.199+0000] {dag.py:3211} INFO - Sync 1 DAGs
[2026-07-01T09:32:10.214+0000] {logging_mixin.py:190} INFO - [2026-07-01T09:32:10.214+0000] {dag.py:4138} INFO - Setting next_dagrun for latest_only to 2026-07-01 04:00:00+00:00, run_after=2026-07-01 08:00:00+00:00
[2026-07-01T09:32:10.227+0000] {processor.py:208} INFO - Processing /home/airflow/.local/lib/python3.12/site-packages/airflow/example_dags/example_latest_only.py took 0.055 seconds
[2026-07-01T09:32:40.700+0000] {processor.py:186} INFO - Started process (PID=2380) to work on /home/airflow/.local/lib/python3.12/site-packages/airflow/example_dags/example_latest_only.py
[2026-07-01T09:32:40.702+0000] {processor.py:914} INFO - Processing file /home/airflow/.local/lib/python3.12/site-packages/airflow/example_dags/example_latest_only.py for tasks to queue
[2026-07-01T09:32:40.705+0000] {logging_mixin.py:190} INFO - [2026-07-01T09:32:40.705+0000] {dagbag.py:587} INFO - Filling up the DagBag from /home/airflow/.local/lib/python3.12/site-packages/airflow/example_dags/example_latest_only.py
[2026-07-01T09:32:40.710+0000] {processor.py:925} INFO - DAG(s) 'latest_only' retrieved from /home/airflow/.local/lib/python3.12/site-packages/airflow/example_dags/example_latest_only.py
[2026-07-01T09:32:40.724+0000] {logging_mixin.py:190} INFO - [2026-07-01T09:32:40.724+0000] {dag.py:3211} INFO - Sync 1 DAGs
[2026-07-01T09:32:40.738+0000] {logging_mixin.py:190} INFO - [2026-07-01T09:32:40.738+0000] {dag.py:4138} INFO - Setting next_dagrun for latest_only to 2026-07-01 04:00:00+00:00, run_after=2026-07-01 08:00:00+00:00
[2026-07-01T09:32:40.752+0000] {processor.py:208} INFO - Processing /home/airflow/.local/lib/python3.12/site-packages/airflow/example_dags/example_latest_only.py took 0.056 seconds
[2026-07-01T09:33:11.216+0000] {processor.py:186} INFO - Started process (PID=2442) to work on /home/airflow/.local/lib/python3.12/site-packages/airflow/example_dags/example_latest_only.py
[2026-07-01T09:33:11.218+0000] {processor.py:914} INFO - Processing file /home/airflow/.local/lib/python3.12/site-packages/airflow/example_dags/example_latest_only.py for tasks to queue
[2026-07-01T09:33:11.221+0000] {logging_mixin.py:190} INFO - [2026-07-01T09:33:11.221+0000] {dagbag.py:587} INFO - Filling up the DagBag from /home/airflow/.local/lib/python3.12/site-packages/airflow/example_dags/example_latest_only.py
[2026-07-01T09:33:11.228+0000] {processor.py:925} INFO - DAG(s) 'latest_only' retrieved from /home/airflow/.local/lib/python3.12/site-packages/airflow/example_dags/example_latest_only.py
[2026-07-01T09:33:11.246+0000] {logging_mixin.py:190} INFO - [2026-07-01T09:33:11.245+0000] {dag.py:3211} INFO - Sync 1 DAGs
[2026-07-01T09:33:11.265+0000] {logging_mixin.py:190} INFO - [2026-07-01T09:33:11.264+0000] {dag.py:4138} INFO - Setting next_dagrun for latest_only to 2026-07-01 04:00:00+00:00, run_after=2026-07-01 08:00:00+00:00
[2026-07-01T09:33:11.284+0000] {processor.py:208} INFO - Processing /home/airflow/.local/lib/python3.12/site-packages/airflow/example_dags/example_latest_only.py took 0.075 seconds
[2026-07-01T09:33:41.840+0000] {processor.py:186} INFO - Started process (PID=2504) to work on /home/airflow/.local/lib/python3.12/site-packages/airflow/example_dags/example_latest_only.py
[2026-07-01T09:33:41.841+0000] {processor.py:914} INFO - Processing file /home/airflow/.local/lib/python3.12/site-packages/airflow/example_dags/example_latest_only.py for tasks to queue
[2026-07-01T09:33:41.844+0000] {logging_mixin.py:190} INFO - [2026-07-01T09:33:41.844+0000] {dagbag.py:587} INFO - Filling up the DagBag from /home/airflow/.local/lib/python3.12/site-packages/airflow/example_dags/example_latest_only.py
[2026-07-01T09:33:41.851+0000] {processor.py:925} INFO - DAG(s) 'latest_only' retrieved from /home/airflow/.local/lib/python3.12/site-packages/airflow/example_dags/example_latest_only.py
[2026-07-01T09:33:41.870+0000] {logging_mixin.py:190} INFO - [2026-07-01T09:33:41.870+0000] {dag.py:3211} INFO - Sync 1 DAGs
[2026-07-01T09:33:41.891+0000] {logging_mixin.py:190} INFO - [2026-07-01T09:33:41.891+0000] {dag.py:4138} INFO - Setting next_dagrun for latest_only to 2026-07-01 04:00:00+00:00, run_after=2026-07-01 08:00:00+00:00
[2026-07-01T09:33:41.908+0000] {processor.py:208} INFO - Processing /home/airflow/.local/lib/python3.12/site-packages/airflow/example_dags/example_latest_only.py took 0.073 seconds
[2026-07-01T09:34:12.756+0000] {processor.py:186} INFO - Started process (PID=2566) to work on /home/airflow/.local/lib/python3.12/site-packages/airflow/example_dags/example_latest_only.py
[2026-07-01T09:34:12.757+0000] {processor.py:914} INFO - Processing file /home/airflow/.local/lib/python3.12/site-packages/airflow/example_dags/example_latest_only.py for tasks to queue
[2026-07-01T09:34:12.759+0000] {logging_mixin.py:190} INFO - [2026-07-01T09:34:12.758+0000] {dagbag.py:587} INFO - Filling up the DagBag from /home/airflow/.local/lib/python3.12/site-packages/airflow/example_dags/example_latest_only.py
[2026-07-01T09:34:12.765+0000] {processor.py:925} INFO - DAG(s) 'latest_only' retrieved from /home/airflow/.local/lib/python3.12/site-packages/airflow/example_dags/example_latest_only.py
[2026-07-01T09:34:12.780+0000] {logging_mixin.py:190} INFO - [2026-07-01T09:34:12.780+0000] {dag.py:3211} INFO - Sync 1 DAGs
[2026-07-01T09:34:12.796+0000] {logging_mixin.py:190} INFO - [2026-07-01T09:34:12.796+0000] {dag.py:4138} INFO - Setting next_dagrun for latest_only to 2026-07-01 04:00:00+00:00, run_after=2026-07-01 08:00:00+00:00
[2026-07-01T09:34:12.810+0000] {processor.py:208} INFO - Processing /home/airflow/.local/lib/python3.12/site-packages/airflow/example_dags/example_latest_only.py took 0.060 seconds
[2026-07-01T09:34:43.743+0000] {processor.py:186} INFO - Started process (PID=2628) to work on /home/airflow/.local/lib/python3.12/site-packages/airflow/example_dags/example_latest_only.py
[2026-07-01T09:34:43.744+0000] {processor.py:914} INFO - Processing file /home/airflow/.local/lib/python3.12/site-packages/airflow/example_dags/example_latest_only.py for tasks to queue
[2026-07-01T09:34:43.747+0000] {logging_mixin.py:190} INFO - [2026-07-01T09:34:43.746+0000] {dagbag.py:587} INFO - Filling up the DagBag from /home/airflow/.local/lib/python3.12/site-packages/airflow/example_dags/example_latest_only.py
[2026-07-01T09:34:43.753+0000] {processor.py:925} INFO - DAG(s) 'latest_only' retrieved from /home/airflow/.local/lib/python3.12/site-packages/airflow/example_dags/example_latest_only.py
[2026-07-01T09:34:43.769+0000] {logging_mixin.py:190} INFO - [2026-07-01T09:34:43.769+0000] {dag.py:3211} INFO - Sync 1 DAGs
[2026-07-01T09:34:43.785+0000] {logging_mixin.py:190} INFO - [2026-07-01T09:34:43.784+0000] {dag.py:4138} INFO - Setting next_dagrun for latest_only to 2026-07-01 04:00:00+00:00, run_after=2026-07-01 08:00:00+00:00
[2026-07-01T09:34:43.798+0000] {processor.py:208} INFO - Processing /home/airflow/.local/lib/python3.12/site-packages/airflow/example_dags/example_latest_only.py took 0.061 seconds
[2026-07-01T09:35:14.294+0000] {processor.py:186} INFO - Started process (PID=2690) to work on /home/airflow/.local/lib/python3.12/site-packages/airflow/example_dags/example_latest_only.py
[2026-07-01T09:35:14.295+0000] {processor.py:914} INFO - Processing file /home/airflow/.local/lib/python3.12/site-packages/airflow/example_dags/example_latest_only.py for tasks to queue
[2026-07-01T09:35:14.297+0000] {logging_mixin.py:190} INFO - [2026-07-01T09:35:14.297+0000] {dagbag.py:587} INFO - Filling up the DagBag from /home/airflow/.local/lib/python3.12/site-packages/airflow/example_dags/example_latest_only.py
[2026-07-01T09:35:14.304+0000] {processor.py:925} INFO - DAG(s) 'latest_only' retrieved from /home/airflow/.local/lib/python3.12/site-packages/airflow/example_dags/example_latest_only.py
[2026-07-01T09:35:14.322+0000] {logging_mixin.py:190} INFO - [2026-07-01T09:35:14.322+0000] {dag.py:3211} INFO - Sync 1 DAGs
[2026-07-01T09:35:14.339+0000] {logging_mixin.py:190} INFO - [2026-07-01T09:35:14.339+0000] {dag.py:4138} INFO - Setting next_dagrun for latest_only to 2026-07-01 04:00:00+00:00, run_after=2026-07-01 08:00:00+00:00
[2026-07-01T09:35:14.351+0000] {processor.py:208} INFO - Processing /home/airflow/.local/lib/python3.12/site-packages/airflow/example_dags/example_latest_only.py took 0.062 seconds
[2026-07-01T09:35:44.976+0000] {processor.py:186} INFO - Started process (PID=2752) to work on /home/airflow/.local/lib/python3.12/site-packages/airflow/example_dags/example_latest_only.py
[2026-07-01T09:35:44.977+0000] {processor.py:914} INFO - Processing file /home/airflow/.local/lib/python3.12/site-packages/airflow/example_dags/example_latest_only.py for tasks to queue
[2026-07-01T09:35:44.979+0000] {logging_mixin.py:190} INFO - [2026-07-01T09:35:44.979+0000] {dagbag.py:587} INFO - Filling up the DagBag from /home/airflow/.local/lib/python3.12/site-packages/airflow/example_dags/example_latest_only.py
[2026-07-01T09:35:44.985+0000] {processor.py:925} INFO - DAG(s) 'latest_only' retrieved from /home/airflow/.local/lib/python3.12/site-packages/airflow/example_dags/example_latest_only.py
[2026-07-01T09:35:44.999+0000] {logging_mixin.py:190} INFO - [2026-07-01T09:35:44.999+0000] {dag.py:3211} INFO - Sync 1 DAGs
[2026-07-01T09:35:45.016+0000] {logging_mixin.py:190} INFO - [2026-07-01T09:35:45.016+0000] {dag.py:4138} INFO - Setting next_dagrun for latest_only to 2026-07-01 04:00:00+00:00, run_after=2026-07-01 08:00:00+00:00
[2026-07-01T09:35:45.030+0000] {processor.py:208} INFO - Processing /home/airflow/.local/lib/python3.12/site-packages/airflow/example_dags/example_latest_only.py took 0.058 seconds
[2026-07-01T09:36:15.716+0000] {processor.py:186} INFO - Started process (PID=2814) to work on /home/airflow/.local/lib/python3.12/site-packages/airflow/example_dags/example_latest_only.py
[2026-07-01T09:36:15.717+0000] {processor.py:914} INFO - Processing file /home/airflow/.local/lib/python3.12/site-packages/airflow/example_dags/example_latest_only.py for tasks to queue
[2026-07-01T09:36:15.719+0000] {logging_mixin.py:190} INFO - [2026-07-01T09:36:15.719+0000] {dagbag.py:587} INFO - Filling up the DagBag from /home/airflow/.local/lib/python3.12/site-packages/airflow/example_dags/example_latest_only.py
[2026-07-01T09:36:15.726+0000] {processor.py:925} INFO - DAG(s) 'latest_only' retrieved from /home/airflow/.local/lib/python3.12/site-packages/airflow/example_dags/example_latest_only.py
[2026-07-01T09:36:15.742+0000] {logging_mixin.py:190} INFO - [2026-07-01T09:36:15.742+0000] {dag.py:3211} INFO - Sync 1 DAGs
[2026-07-01T09:36:15.758+0000] {logging_mixin.py:190} INFO - [2026-07-01T09:36:15.758+0000] {dag.py:4138} INFO - Setting next_dagrun for latest_only to 2026-07-01 04:00:00+00:00, run_after=2026-07-01 08:00:00+00:00
[2026-07-01T09:36:15.770+0000] {processor.py:208} INFO - Processing /home/airflow/.local/lib/python3.12/site-packages/airflow/example_dags/example_latest_only.py took 0.060 seconds
[2026-07-01T09:36:46.601+0000] {processor.py:186} INFO - Started process (PID=2876) to work on /home/airflow/.local/lib/python3.12/site-packages/airflow/example_dags/example_latest_only.py
[2026-07-01T09:36:46.603+0000] {processor.py:914} INFO - Processing file /home/airflow/.local/lib/python3.12/site-packages/airflow/example_dags/example_latest_only.py for tasks to queue
[2026-07-01T09:36:46.605+0000] {logging_mixin.py:190} INFO - [2026-07-01T09:36:46.605+0000] {dagbag.py:587} INFO - Filling up the DagBag from /home/airflow/.local/lib/python3.12/site-packages/airflow/example_dags/example_latest_only.py
[2026-07-01T09:36:46.615+0000] {processor.py:925} INFO - DAG(s) 'latest_only' retrieved from /home/airflow/.local/lib/python3.12/site-packages/airflow/example_dags/example_latest_only.py
[2026-07-01T09:36:46.636+0000] {logging_mixin.py:190} INFO - [2026-07-01T09:36:46.636+0000] {dag.py:3211} INFO - Sync 1 DAGs
[2026-07-01T09:36:46.655+0000] {logging_mixin.py:190} INFO - [2026-07-01T09:36:46.655+0000] {dag.py:4138} INFO - Setting next_dagrun for latest_only to 2026-07-01 04:00:00+00:00, run_after=2026-07-01 08:00:00+00:00
[2026-07-01T09:36:46.672+0000] {processor.py:208} INFO - Processing /home/airflow/.local/lib/python3.12/site-packages/airflow/example_dags/example_latest_only.py took 0.077 seconds
[2026-07-01T09:37:18.472+0000] {processor.py:186} INFO - Started process (PID=2938) to work on /home/airflow/.local/lib/python3.12/site-packages/airflow/example_dags/example_latest_only.py
[2026-07-01T09:37:18.473+0000] {processor.py:914} INFO - Processing file /home/airflow/.local/lib/python3.12/site-packages/airflow/example_dags/example_latest_only.py for tasks to queue
[2026-07-01T09:37:18.475+0000] {logging_mixin.py:190} INFO - [2026-07-01T09:37:18.474+0000] {dagbag.py:587} INFO - Filling up the DagBag from /home/airflow/.local/lib/python3.12/site-packages/airflow/example_dags/example_latest_only.py
[2026-07-01T09:37:18.480+0000] {processor.py:925} INFO - DAG(s) 'latest_only' retrieved from /home/airflow/.local/lib/python3.12/site-packages/airflow/example_dags/example_latest_only.py
[2026-07-01T09:37:18.495+0000] {logging_mixin.py:190} INFO - [2026-07-01T09:37:18.495+0000] {dag.py:3211} INFO - Sync 1 DAGs
[2026-07-01T09:37:18.510+0000] {logging_mixin.py:190} INFO - [2026-07-01T09:37:18.510+0000] {dag.py:4138} INFO - Setting next_dagrun for latest_only to 2026-07-01 04:00:00+00:00, run_after=2026-07-01 08:00:00+00:00
[2026-07-01T09:37:18.524+0000] {processor.py:208} INFO - Processing /home/airflow/.local/lib/python3.12/site-packages/airflow/example_dags/example_latest_only.py took 0.056 seconds
[2026-07-01T09:37:49.510+0000] {processor.py:186} INFO - Started process (PID=3006) to work on /home/airflow/.local/lib/python3.12/site-packages/airflow/example_dags/example_latest_only.py
[2026-07-01T09:37:49.511+0000] {processor.py:914} INFO - Processing file /home/airflow/.local/lib/python3.12/site-packages/airflow/example_dags/example_latest_only.py for tasks to queue
[2026-07-01T09:37:49.515+0000] {logging_mixin.py:190} INFO - [2026-07-01T09:37:49.514+0000] {dagbag.py:587} INFO - Filling up the DagBag from /home/airflow/.local/lib/python3.12/site-packages/airflow/example_dags/example_latest_only.py
[2026-07-01T09:37:49.520+0000] {processor.py:925} INFO - DAG(s) 'latest_only' retrieved from /home/airflow/.local/lib/python3.12/site-packages/airflow/example_dags/example_latest_only.py
[2026-07-01T09:37:49.535+0000] {logging_mixin.py:190} INFO - [2026-07-01T09:37:49.535+0000] {dag.py:3211} INFO - Sync 1 DAGs
[2026-07-01T09:37:49.695+0000] {logging_mixin.py:190} INFO - [2026-07-01T09:37:49.695+0000] {dag.py:4138} INFO - Setting next_dagrun for latest_only to 2026-07-01 04:00:00+00:00, run_after=2026-07-01 08:00:00+00:00
[2026-07-01T09:37:49.707+0000] {processor.py:208} INFO - Processing /home/airflow/.local/lib/python3.12/site-packages/airflow/example_dags/example_latest_only.py took 0.202 seconds
[2026-07-01T09:38:20.386+0000] {processor.py:186} INFO - Started process (PID=3068) to work on /home/airflow/.local/lib/python3.12/site-packages/airflow/example_dags/example_latest_only.py
[2026-07-01T09:38:20.387+0000] {processor.py:914} INFO - Processing file /home/airflow/.local/lib/python3.12/site-packages/airflow/example_dags/example_latest_only.py for tasks to queue
[2026-07-01T09:38:20.388+0000] {logging_mixin.py:190} INFO - [2026-07-01T09:38:20.388+0000] {dagbag.py:587} INFO - Filling up the DagBag from /home/airflow/.local/lib/python3.12/site-packages/airflow/example_dags/example_latest_only.py
[2026-07-01T09:38:20.394+0000] {processor.py:925} INFO - DAG(s) 'latest_only' retrieved from /home/airflow/.local/lib/python3.12/site-packages/airflow/example_dags/example_latest_only.py
[2026-07-01T09:38:20.407+0000] {logging_mixin.py:190} INFO - [2026-07-01T09:38:20.407+0000] {dag.py:3211} INFO - Sync 1 DAGs
[2026-07-01T09:38:20.539+0000] {logging_mixin.py:190} INFO - [2026-07-01T09:38:20.539+0000] {dag.py:4138} INFO - Setting next_dagrun for latest_only to 2026-07-01 04:00:00+00:00, run_after=2026-07-01 08:00:00+00:00
[2026-07-01T09:38:20.550+0000] {processor.py:208} INFO - Processing /home/airflow/.local/lib/python3.12/site-packages/airflow/example_dags/example_latest_only.py took 0.169 seconds
[2026-07-01T09:38:50.710+0000] {processor.py:186} INFO - Started process (PID=3130) to work on /home/airflow/.local/lib/python3.12/site-packages/airflow/example_dags/example_latest_only.py
[2026-07-01T09:38:50.711+0000] {processor.py:914} INFO - Processing file /home/airflow/.local/lib/python3.12/site-packages/airflow/example_dags/example_latest_only.py for tasks to queue
[2026-07-01T09:38:50.713+0000] {logging_mixin.py:190} INFO - [2026-07-01T09:38:50.713+0000] {dagbag.py:587} INFO - Filling up the DagBag from /home/airflow/.local/lib/python3.12/site-packages/airflow/example_dags/example_latest_only.py
[2026-07-01T09:38:50.719+0000] {processor.py:925} INFO - DAG(s) 'latest_only' retrieved from /home/airflow/.local/lib/python3.12/site-packages/airflow/example_dags/example_latest_only.py
[2026-07-01T09:38:50.734+0000] {logging_mixin.py:190} INFO - [2026-07-01T09:38:50.733+0000] {dag.py:3211} INFO - Sync 1 DAGs
[2026-07-01T09:38:50.751+0000] {logging_mixin.py:190} INFO - [2026-07-01T09:38:50.751+0000] {dag.py:4138} INFO - Setting next_dagrun for latest_only to 2026-07-01 04:00:00+00:00, run_after=2026-07-01 08:00:00+00:00
[2026-07-01T09:38:50.888+0000] {processor.py:208} INFO - Processing /home/airflow/.local/lib/python3.12/site-packages/airflow/example_dags/example_latest_only.py took 0.183 seconds
[2026-07-01T09:39:21.343+0000] {processor.py:186} INFO - Started process (PID=3192) to work on /home/airflow/.local/lib/python3.12/site-packages/airflow/example_dags/example_latest_only.py
[2026-07-01T09:39:21.344+0000] {processor.py:914} INFO - Processing file /home/airflow/.local/lib/python3.12/site-packages/airflow/example_dags/example_latest_only.py for tasks to queue
[2026-07-01T09:39:21.346+0000] {logging_mixin.py:190} INFO - [2026-07-01T09:39:21.346+0000] {dagbag.py:587} INFO - Filling up the DagBag from /home/airflow/.local/lib/python3.12/site-packages/airflow/example_dags/example_latest_only.py
[2026-07-01T09:39:21.356+0000] {processor.py:925} INFO - DAG(s) 'latest_only' retrieved from /home/airflow/.local/lib/python3.12/site-packages/airflow/example_dags/example_latest_only.py
[2026-07-01T09:39:21.380+0000] {logging_mixin.py:190} INFO - [2026-07-01T09:39:21.380+0000] {dag.py:3211} INFO - Sync 1 DAGs
[2026-07-01T09:39:21.403+0000] {logging_mixin.py:190} INFO - [2026-07-01T09:39:21.403+0000] {dag.py:4138} INFO - Setting next_dagrun for latest_only to 2026-07-01 04:00:00+00:00, run_after=2026-07-01 08:00:00+00:00
[2026-07-01T09:39:21.424+0000] {processor.py:208} INFO - Processing /home/airflow/.local/lib/python3.12/site-packages/airflow/example_dags/example_latest_only.py took 0.087 seconds
[2026-07-01T09:39:51.699+0000] {processor.py:186} INFO - Started process (PID=3254) to work on /home/airflow/.local/lib/python3.12/site-packages/airflow/example_dags/example_latest_only.py
[2026-07-01T09:39:51.699+0000] {processor.py:914} INFO - Processing file /home/airflow/.local/lib/python3.12/site-packages/airflow/example_dags/example_latest_only.py for tasks to queue
[2026-07-01T09:39:51.701+0000] {logging_mixin.py:190} INFO - [2026-07-01T09:39:51.701+0000] {dagbag.py:587} INFO - Filling up the DagBag from /home/airflow/.local/lib/python3.12/site-packages/airflow/example_dags/example_latest_only.py
[2026-07-01T09:39:51.707+0000] {processor.py:925} INFO - DAG(s) 'latest_only' retrieved from /home/airflow/.local/lib/python3.12/site-packages/airflow/example_dags/example_latest_only.py
[2026-07-01T09:39:51.721+0000] {logging_mixin.py:190} INFO - [2026-07-01T09:39:51.720+0000] {dag.py:3211} INFO - Sync 1 DAGs
[2026-07-01T09:39:51.736+0000] {logging_mixin.py:190} INFO - [2026-07-01T09:39:51.736+0000] {dag.py:4138} INFO - Setting next_dagrun for latest_only to 2026-07-01 04:00:00+00:00, run_after=2026-07-01 08:00:00+00:00
[2026-07-01T09:39:51.751+0000] {processor.py:208} INFO - Processing /home/airflow/.local/lib/python3.12/site-packages/airflow/example_dags/example_latest_only.py took 0.057 seconds
[2026-07-01T09:40:22.720+0000] {processor.py:186} INFO - Started process (PID=3316) to work on /home/airflow/.local/lib/python3.12/site-packages/airflow/example_dags/example_latest_only.py
[2026-07-01T09:40:22.721+0000] {processor.py:914} INFO - Processing file /home/airflow/.local/lib/python3.12/site-packages/airflow/example_dags/example_latest_only.py for tasks to queue
[2026-07-01T09:40:22.723+0000] {logging_mixin.py:190} INFO - [2026-07-01T09:40:22.723+0000] {dagbag.py:587} INFO - Filling up the DagBag from /home/airflow/.local/lib/python3.12/site-packages/airflow/example_dags/example_latest_only.py
[2026-07-01T09:40:22.730+0000] {processor.py:925} INFO - DAG(s) 'latest_only' retrieved from /home/airflow/.local/lib/python3.12/site-packages/airflow/example_dags/example_latest_only.py
[2026-07-01T09:40:22.745+0000] {logging_mixin.py:190} INFO - [2026-07-01T09:40:22.744+0000] {dag.py:3211} INFO - Sync 1 DAGs
[2026-07-01T09:40:22.760+0000] {logging_mixin.py:190} INFO - [2026-07-01T09:40:22.760+0000] {dag.py:4138} INFO - Setting next_dagrun for latest_only to 2026-07-01 04:00:00+00:00, run_after=2026-07-01 08:00:00+00:00
[2026-07-01T09:40:22.773+0000] {processor.py:208} INFO - Processing /home/airflow/.local/lib/python3.12/site-packages/airflow/example_dags/example_latest_only.py took 0.058 seconds
[2026-07-01T09:40:53.038+0000] {processor.py:186} INFO - Started process (PID=3378) to work on /home/airflow/.local/lib/python3.12/site-packages/airflow/example_dags/example_latest_only.py
[2026-07-01T09:40:53.040+0000] {processor.py:914} INFO - Processing file /home/airflow/.local/lib/python3.12/site-packages/airflow/example_dags/example_latest_only.py for tasks to queue
[2026-07-01T09:40:53.044+0000] {logging_mixin.py:190} INFO - [2026-07-01T09:40:53.044+0000] {dagbag.py:587} INFO - Filling up the DagBag from /home/airflow/.local/lib/python3.12/site-packages/airflow/example_dags/example_latest_only.py
[2026-07-01T09:40:53.054+0000] {processor.py:925} INFO - DAG(s) 'latest_only' retrieved from /home/airflow/.local/lib/python3.12/site-packages/airflow/example_dags/example_latest_only.py
[2026-07-01T09:40:53.078+0000] {logging_mixin.py:190} INFO - [2026-07-01T09:40:53.077+0000] {dag.py:3211} INFO - Sync 1 DAGs
[2026-07-01T09:40:53.100+0000] {logging_mixin.py:190} INFO - [2026-07-01T09:40:53.100+0000] {dag.py:4138} INFO - Setting next_dagrun for latest_only to 2026-07-01 04:00:00+00:00, run_after=2026-07-01 08:00:00+00:00
[2026-07-01T09:40:53.119+0000] {processor.py:208} INFO - Processing /home/airflow/.local/lib/python3.12/site-packages/airflow/example_dags/example_latest_only.py took 0.087 seconds
[2026-07-01T09:41:23.385+0000] {processor.py:186} INFO - Started process (PID=3440) to work on /home/airflow/.local/lib/python3.12/site-packages/airflow/example_dags/example_latest_only.py
[2026-07-01T09:41:23.386+0000] {processor.py:914} INFO - Processing file /home/airflow/.local/lib/python3.12/site-packages/airflow/example_dags/example_latest_only.py for tasks to queue
[2026-07-01T09:41:23.393+0000] {logging_mixin.py:190} INFO - [2026-07-01T09:41:23.392+0000] {dagbag.py:587} INFO - Filling up the DagBag from /home/airflow/.local/lib/python3.12/site-packages/airflow/example_dags/example_latest_only.py
[2026-07-01T09:41:23.402+0000] {processor.py:925} INFO - DAG(s) 'latest_only' retrieved from /home/airflow/.local/lib/python3.12/site-packages/airflow/example_dags/example_latest_only.py
[2026-07-01T09:41:23.426+0000] {logging_mixin.py:190} INFO - [2026-07-01T09:41:23.425+0000] {dag.py:3211} INFO - Sync 1 DAGs
[2026-07-01T09:41:23.453+0000] {logging_mixin.py:190} INFO - [2026-07-01T09:41:23.453+0000] {dag.py:4138} INFO - Setting next_dagrun for latest_only to 2026-07-01 04:00:00+00:00, run_after=2026-07-01 08:00:00+00:00
[2026-07-01T09:41:23.470+0000] {processor.py:208} INFO - Processing /home/airflow/.local/lib/python3.12/site-packages/airflow/example_dags/example_latest_only.py took 0.090 seconds
[2026-07-01T09:41:53.628+0000] {processor.py:186} INFO - Started process (PID=3502) to work on /home/airflow/.local/lib/python3.12/site-packages/airflow/example_dags/example_latest_only.py
[2026-07-01T09:41:53.629+0000] {processor.py:914} INFO - Processing file /home/airflow/.local/lib/python3.12/site-packages/airflow/example_dags/example_latest_only.py for tasks to queue
[2026-07-01T09:41:53.631+0000] {logging_mixin.py:190} INFO - [2026-07-01T09:41:53.631+0000] {dagbag.py:587} INFO - Filling up the DagBag from /home/airflow/.local/lib/python3.12/site-packages/airflow/example_dags/example_latest_only.py
[2026-07-01T09:41:53.637+0000] {processor.py:925} INFO - DAG(s) 'latest_only' retrieved from /home/airflow/.local/lib/python3.12/site-packages/airflow/example_dags/example_latest_only.py
[2026-07-01T09:41:53.655+0000] {logging_mixin.py:190} INFO - [2026-07-01T09:41:53.654+0000] {dag.py:3211} INFO - Sync 1 DAGs
[2026-07-01T09:41:53.672+0000] {logging_mixin.py:190} INFO - [2026-07-01T09:41:53.672+0000] {dag.py:4138} INFO - Setting next_dagrun for latest_only to 2026-07-01 04:00:00+00:00, run_after=2026-07-01 08:00:00+00:00
[2026-07-01T09:41:53.685+0000] {processor.py:208} INFO - Processing /home/airflow/.local/lib/python3.12/site-packages/airflow/example_dags/example_latest_only.py took 0.063 seconds
[2026-07-01T09:42:24.031+0000] {processor.py:186} INFO - Started process (PID=3564) to work on /home/airflow/.local/lib/python3.12/site-packages/airflow/example_dags/example_latest_only.py
[2026-07-01T09:42:24.032+0000] {processor.py:914} INFO - Processing file /home/airflow/.local/lib/python3.12/site-packages/airflow/example_dags/example_latest_only.py for tasks to queue
[2026-07-01T09:42:24.034+0000] {logging_mixin.py:190} INFO - [2026-07-01T09:42:24.034+0000] {dagbag.py:587} INFO - Filling up the DagBag from /home/airflow/.local/lib/python3.12/site-packages/airflow/example_dags/example_latest_only.py
[2026-07-01T09:42:24.040+0000] {processor.py:925} INFO - DAG(s) 'latest_only' retrieved from /home/airflow/.local/lib/python3.12/site-packages/airflow/example_dags/example_latest_only.py
[2026-07-01T09:42:24.056+0000] {logging_mixin.py:190} INFO - [2026-07-01T09:42:24.056+0000] {dag.py:3211} INFO - Sync 1 DAGs
[2026-07-01T09:42:24.075+0000] {logging_mixin.py:190} INFO - [2026-07-01T09:42:24.075+0000] {dag.py:4138} INFO - Setting next_dagrun for latest_only to 2026-07-01 04:00:00+00:00, run_after=2026-07-01 08:00:00+00:00
[2026-07-01T09:42:24.091+0000] {processor.py:208} INFO - Processing /home/airflow/.local/lib/python3.12/site-packages/airflow/example_dags/example_latest_only.py took 0.065 seconds
[2026-07-01T09:42:54.503+0000] {processor.py:186} INFO - Started process (PID=3626) to work on /home/airflow/.local/lib/python3.12/site-packages/airflow/example_dags/example_latest_only.py
[2026-07-01T09:42:54.505+0000] {processor.py:914} INFO - Processing file /home/airflow/.local/lib/python3.12/site-packages/airflow/example_dags/example_latest_only.py for tasks to queue
[2026-07-01T09:42:54.506+0000] {logging_mixin.py:190} INFO - [2026-07-01T09:42:54.506+0000] {dagbag.py:587} INFO - Filling up the DagBag from /home/airflow/.local/lib/python3.12/site-packages/airflow/example_dags/example_latest_only.py
[2026-07-01T09:42:54.512+0000] {processor.py:925} INFO - DAG(s) 'latest_only' retrieved from /home/airflow/.local/lib/python3.12/site-packages/airflow/example_dags/example_latest_only.py
[2026-07-01T09:42:54.528+0000] {logging_mixin.py:190} INFO - [2026-07-01T09:42:54.528+0000] {dag.py:3211} INFO - Sync 1 DAGs
[2026-07-01T09:42:54.544+0000] {logging_mixin.py:190} INFO - [2026-07-01T09:42:54.543+0000] {dag.py:4138} INFO - Setting next_dagrun for latest_only to 2026-07-01 04:00:00+00:00, run_after=2026-07-01 08:00:00+00:00
[2026-07-01T09:42:54.557+0000] {processor.py:208} INFO - Processing /home/airflow/.local/lib/python3.12/site-packages/airflow/example_dags/example_latest_only.py took 0.059 seconds
[2026-07-01T09:43:24.645+0000] {processor.py:186} INFO - Started process (PID=3688) to work on /home/airflow/.local/lib/python3.12/site-packages/airflow/example_dags/example_latest_only.py
[2026-07-01T09:43:24.646+0000] {processor.py:914} INFO - Processing file /home/airflow/.local/lib/python3.12/site-packages/airflow/example_dags/example_latest_only.py for tasks to queue
[2026-07-01T09:43:24.648+0000] {logging_mixin.py:190} INFO - [2026-07-01T09:43:24.648+0000] {dagbag.py:587} INFO - Filling up the DagBag from /home/airflow/.local/lib/python3.12/site-packages/airflow/example_dags/example_latest_only.py
[2026-07-01T09:43:24.654+0000] {processor.py:925} INFO - DAG(s) 'latest_only' retrieved from /home/airflow/.local/lib/python3.12/site-packages/airflow/example_dags/example_latest_only.py
[2026-07-01T09:43:24.672+0000] {logging_mixin.py:190} INFO - [2026-07-01T09:43:24.671+0000] {dag.py:3211} INFO - Sync 1 DAGs
[2026-07-01T09:43:24.689+0000] {logging_mixin.py:190} INFO - [2026-07-01T09:43:24.689+0000] {dag.py:4138} INFO - Setting next_dagrun for latest_only to 2026-07-01 04:00:00+00:00, run_after=2026-07-01 08:00:00+00:00
[2026-07-01T09:43:24.702+0000] {processor.py:208} INFO - Processing /home/airflow/.local/lib/python3.12/site-packages/airflow/example_dags/example_latest_only.py took 0.062 seconds
[2026-07-01T09:43:55.116+0000] {processor.py:186} INFO - Started process (PID=3750) to work on /home/airflow/.local/lib/python3.12/site-packages/airflow/example_dags/example_latest_only.py
[2026-07-01T09:43:55.117+0000] {processor.py:914} INFO - Processing file /home/airflow/.local/lib/python3.12/site-packages/airflow/example_dags/example_latest_only.py for tasks to queue
[2026-07-01T09:43:55.118+0000] {logging_mixin.py:190} INFO - [2026-07-01T09:43:55.118+0000] {dagbag.py:587} INFO - Filling up the DagBag from /home/airflow/.local/lib/python3.12/site-packages/airflow/example_dags/example_latest_only.py
[2026-07-01T09:43:55.124+0000] {processor.py:925} INFO - DAG(s) 'latest_only' retrieved from /home/airflow/.local/lib/python3.12/site-packages/airflow/example_dags/example_latest_only.py
[2026-07-01T09:43:55.138+0000] {logging_mixin.py:190} INFO - [2026-07-01T09:43:55.138+0000] {dag.py:3211} INFO - Sync 1 DAGs
[2026-07-01T09:43:55.154+0000] {logging_mixin.py:190} INFO - [2026-07-01T09:43:55.154+0000] {dag.py:4138} INFO - Setting next_dagrun for latest_only to 2026-07-01 04:00:00+00:00, run_after=2026-07-01 08:00:00+00:00
[2026-07-01T09:43:55.167+0000] {processor.py:208} INFO - Processing /home/airflow/.local/lib/python3.12/site-packages/airflow/example_dags/example_latest_only.py took 0.055 seconds
[2026-07-01T09:44:25.379+0000] {processor.py:186} INFO - Started process (PID=3812) to work on /home/airflow/.local/lib/python3.12/site-packages/airflow/example_dags/example_latest_only.py
[2026-07-01T09:44:25.380+0000] {processor.py:914} INFO - Processing file /home/airflow/.local/lib/python3.12/site-packages/airflow/example_dags/example_latest_only.py for tasks to queue
[2026-07-01T09:44:25.383+0000] {logging_mixin.py:190} INFO - [2026-07-01T09:44:25.382+0000] {dagbag.py:587} INFO - Filling up the DagBag from /home/airflow/.local/lib/python3.12/site-packages/airflow/example_dags/example_latest_only.py
[2026-07-01T09:44:25.389+0000] {processor.py:925} INFO - DAG(s) 'latest_only' retrieved from /home/airflow/.local/lib/python3.12/site-packages/airflow/example_dags/example_latest_only.py
[2026-07-01T09:44:25.405+0000] {logging_mixin.py:190} INFO - [2026-07-01T09:44:25.405+0000] {dag.py:3211} INFO - Sync 1 DAGs
[2026-07-01T09:44:25.422+0000] {logging_mixin.py:190} INFO - [2026-07-01T09:44:25.422+0000] {dag.py:4138} INFO - Setting next_dagrun for latest_only to 2026-07-01 04:00:00+00:00, run_after=2026-07-01 08:00:00+00:00
[2026-07-01T09:44:25.434+0000] {processor.py:208} INFO - Processing /home/airflow/.local/lib/python3.12/site-packages/airflow/example_dags/example_latest_only.py took 0.060 seconds
[2026-07-01T09:44:55.751+0000] {processor.py:186} INFO - Started process (PID=3874) to work on /home/airflow/.local/lib/python3.12/site-packages/airflow/example_dags/example_latest_only.py
[2026-07-01T09:44:55.754+0000] {processor.py:914} INFO - Processing file /home/airflow/.local/lib/python3.12/site-packages/airflow/example_dags/example_latest_only.py for tasks to queue
[2026-07-01T09:44:55.756+0000] {logging_mixin.py:190} INFO - [2026-07-01T09:44:55.756+0000] {dagbag.py:587} INFO - Filling up the DagBag from /home/airflow/.local/lib/python3.12/site-packages/airflow/example_dags/example_latest_only.py
[2026-07-01T09:44:55.762+0000] {processor.py:925} INFO - DAG(s) 'latest_only' retrieved from /home/airflow/.local/lib/python3.12/site-packages/airflow/example_dags/example_latest_only.py
[2026-07-01T09:44:55.777+0000] {logging_mixin.py:190} INFO - [2026-07-01T09:44:55.777+0000] {dag.py:3211} INFO - Sync 1 DAGs
[2026-07-01T09:44:55.792+0000] {logging_mixin.py:190} INFO - [2026-07-01T09:44:55.792+0000] {dag.py:4138} INFO - Setting next_dagrun for latest_only to 2026-07-01 04:00:00+00:00, run_after=2026-07-01 08:00:00+00:00
[2026-07-01T09:44:55.805+0000] {processor.py:208} INFO - Processing /home/airflow/.local/lib/python3.12/site-packages/airflow/example_dags/example_latest_only.py took 0.059 seconds
[2026-07-01T09:45:26.190+0000] {processor.py:186} INFO - Started process (PID=3936) to work on /home/airflow/.local/lib/python3.12/site-packages/airflow/example_dags/example_latest_only.py
[2026-07-01T09:45:26.191+0000] {processor.py:914} INFO - Processing file /home/airflow/.local/lib/python3.12/site-packages/airflow/example_dags/example_latest_only.py for tasks to queue
[2026-07-01T09:45:26.194+0000] {logging_mixin.py:190} INFO - [2026-07-01T09:45:26.194+0000] {dagbag.py:587} INFO - Filling up the DagBag from /home/airflow/.local/lib/python3.12/site-packages/airflow/example_dags/example_latest_only.py
[2026-07-01T09:45:26.201+0000] {processor.py:925} INFO - DAG(s) 'latest_only' retrieved from /home/airflow/.local/lib/python3.12/site-packages/airflow/example_dags/example_latest_only.py
[2026-07-01T09:45:26.219+0000] {logging_mixin.py:190} INFO - [2026-07-01T09:45:26.219+0000] {dag.py:3211} INFO - Sync 1 DAGs
[2026-07-01T09:45:26.238+0000] {logging_mixin.py:190} INFO - [2026-07-01T09:45:26.238+0000] {dag.py:4138} INFO - Setting next_dagrun for latest_only to 2026-07-01 04:00:00+00:00, run_after=2026-07-01 08:00:00+00:00
[2026-07-01T09:45:26.252+0000] {processor.py:208} INFO - Processing /home/airflow/.local/lib/python3.12/site-packages/airflow/example_dags/example_latest_only.py took 0.067 seconds
