[2026-07-01T09:09:40.485+0000] {processor.py:186} INFO - Started process (PID=84) to work on /home/airflow/.local/lib/python3.12/site-packages/airflow/example_dags/example_short_circuit_decorator.py
[2026-07-01T09:09:40.487+0000] {processor.py:914} INFO - Processing file /home/airflow/.local/lib/python3.12/site-packages/airflow/example_dags/example_short_circuit_decorator.py for tasks to queue
[2026-07-01T09:09:40.489+0000] {logging_mixin.py:190} INFO - [2026-07-01T09:09:40.489+0000] {dagbag.py:587} INFO - Filling up the DagBag from /home/airflow/.local/lib/python3.12/site-packages/airflow/example_dags/example_short_circuit_decorator.py
[2026-07-01T09:09:40.500+0000] {processor.py:925} INFO - DAG(s) 'example_short_circuit_decorator' retrieved from /home/airflow/.local/lib/python3.12/site-packages/airflow/example_dags/example_short_circuit_decorator.py
[2026-07-01T09:09:40.610+0000] {logging_mixin.py:190} INFO - [2026-07-01T09:09:40.609+0000] {override.py:1858} INFO - Created Permission View: can read on DAG:example_short_circuit_decorator
[2026-07-01T09:09:40.621+0000] {logging_mixin.py:190} INFO - [2026-07-01T09:09:40.620+0000] {override.py:1858} INFO - Created Permission View: can delete on DAG:example_short_circuit_decorator
[2026-07-01T09:09:40.630+0000] {logging_mixin.py:190} INFO - [2026-07-01T09:09:40.629+0000] {override.py:1858} INFO - Created Permission View: can edit on DAG:example_short_circuit_decorator
[2026-07-01T09:09:40.631+0000] {logging_mixin.py:190} INFO - [2026-07-01T09:09:40.630+0000] {dag.py:3211} INFO - Sync 1 DAGs
[2026-07-01T09:09:40.646+0000] {logging_mixin.py:190} INFO - [2026-07-01T09:09:40.646+0000] {dag.py:3234} INFO - Creating ORM DAG for example_short_circuit_decorator
[2026-07-01T09:09:40.656+0000] {logging_mixin.py:190} INFO - [2026-07-01T09:09:40.656+0000] {dag.py:4138} INFO - Setting next_dagrun for example_short_circuit_decorator to 2026-06-30 00:00:00+00:00, run_after=2026-07-01 00:00:00+00:00
[2026-07-01T09:09:40.678+0000] {processor.py:208} INFO - Processing /home/airflow/.local/lib/python3.12/site-packages/airflow/example_dags/example_short_circuit_decorator.py took 0.199 seconds
[2026-07-01T09:10:11.106+0000] {processor.py:186} INFO - Started process (PID=152) to work on /home/airflow/.local/lib/python3.12/site-packages/airflow/example_dags/example_short_circuit_decorator.py
[2026-07-01T09:10:11.107+0000] {processor.py:914} INFO - Processing file /home/airflow/.local/lib/python3.12/site-packages/airflow/example_dags/example_short_circuit_decorator.py for tasks to queue
[2026-07-01T09:10:11.110+0000] {logging_mixin.py:190} INFO - [2026-07-01T09:10:11.110+0000] {dagbag.py:587} INFO - Filling up the DagBag from /home/airflow/.local/lib/python3.12/site-packages/airflow/example_dags/example_short_circuit_decorator.py
[2026-07-01T09:10:11.118+0000] {processor.py:925} INFO - DAG(s) 'example_short_circuit_decorator' retrieved from /home/airflow/.local/lib/python3.12/site-packages/airflow/example_dags/example_short_circuit_decorator.py
[2026-07-01T09:10:11.134+0000] {logging_mixin.py:190} INFO - [2026-07-01T09:10:11.134+0000] {dag.py:3211} INFO - Sync 1 DAGs
[2026-07-01T09:10:11.149+0000] {logging_mixin.py:190} INFO - [2026-07-01T09:10:11.149+0000] {dag.py:4138} INFO - Setting next_dagrun for example_short_circuit_decorator to 2026-06-30 00:00:00+00:00, run_after=2026-07-01 00:00:00+00:00
[2026-07-01T09:10:11.162+0000] {processor.py:208} INFO - Processing /home/airflow/.local/lib/python3.12/site-packages/airflow/example_dags/example_short_circuit_decorator.py took 0.060 seconds
[2026-07-01T09:10:41.443+0000] {processor.py:186} INFO - Started process (PID=214) to work on /home/airflow/.local/lib/python3.12/site-packages/airflow/example_dags/example_short_circuit_decorator.py
[2026-07-01T09:10:41.444+0000] {processor.py:914} INFO - Processing file /home/airflow/.local/lib/python3.12/site-packages/airflow/example_dags/example_short_circuit_decorator.py for tasks to queue
[2026-07-01T09:10:41.446+0000] {logging_mixin.py:190} INFO - [2026-07-01T09:10:41.446+0000] {dagbag.py:587} INFO - Filling up the DagBag from /home/airflow/.local/lib/python3.12/site-packages/airflow/example_dags/example_short_circuit_decorator.py
[2026-07-01T09:10:41.453+0000] {processor.py:925} INFO - DAG(s) 'example_short_circuit_decorator' retrieved from /home/airflow/.local/lib/python3.12/site-packages/airflow/example_dags/example_short_circuit_decorator.py
[2026-07-01T09:10:41.469+0000] {logging_mixin.py:190} INFO - [2026-07-01T09:10:41.468+0000] {dag.py:3211} INFO - Sync 1 DAGs
[2026-07-01T09:10:41.483+0000] {logging_mixin.py:190} INFO - [2026-07-01T09:10:41.483+0000] {dag.py:4138} INFO - Setting next_dagrun for example_short_circuit_decorator to 2026-06-30 00:00:00+00:00, run_after=2026-07-01 00:00:00+00:00
[2026-07-01T09:10:41.494+0000] {processor.py:208} INFO - Processing /home/airflow/.local/lib/python3.12/site-packages/airflow/example_dags/example_short_circuit_decorator.py took 0.055 seconds
[2026-07-01T09:11:11.801+0000] {processor.py:186} INFO - Started process (PID=276) to work on /home/airflow/.local/lib/python3.12/site-packages/airflow/example_dags/example_short_circuit_decorator.py
[2026-07-01T09:11:11.803+0000] {processor.py:914} INFO - Processing file /home/airflow/.local/lib/python3.12/site-packages/airflow/example_dags/example_short_circuit_decorator.py for tasks to queue
[2026-07-01T09:11:11.805+0000] {logging_mixin.py:190} INFO - [2026-07-01T09:11:11.804+0000] {dagbag.py:587} INFO - Filling up the DagBag from /home/airflow/.local/lib/python3.12/site-packages/airflow/example_dags/example_short_circuit_decorator.py
[2026-07-01T09:11:11.813+0000] {processor.py:925} INFO - DAG(s) 'example_short_circuit_decorator' retrieved from /home/airflow/.local/lib/python3.12/site-packages/airflow/example_dags/example_short_circuit_decorator.py
[2026-07-01T09:11:11.829+0000] {logging_mixin.py:190} INFO - [2026-07-01T09:11:11.829+0000] {dag.py:3211} INFO - Sync 1 DAGs
[2026-07-01T09:11:11.843+0000] {logging_mixin.py:190} INFO - [2026-07-01T09:11:11.843+0000] {dag.py:4138} INFO - Setting next_dagrun for example_short_circuit_decorator to 2026-06-30 00:00:00+00:00, run_after=2026-07-01 00:00:00+00:00
[2026-07-01T09:11:11.854+0000] {processor.py:208} INFO - Processing /home/airflow/.local/lib/python3.12/site-packages/airflow/example_dags/example_short_circuit_decorator.py took 0.058 seconds
[2026-07-01T09:11:42.183+0000] {processor.py:186} INFO - Started process (PID=338) to work on /home/airflow/.local/lib/python3.12/site-packages/airflow/example_dags/example_short_circuit_decorator.py
[2026-07-01T09:11:42.184+0000] {processor.py:914} INFO - Processing file /home/airflow/.local/lib/python3.12/site-packages/airflow/example_dags/example_short_circuit_decorator.py for tasks to queue
[2026-07-01T09:11:42.186+0000] {logging_mixin.py:190} INFO - [2026-07-01T09:11:42.186+0000] {dagbag.py:587} INFO - Filling up the DagBag from /home/airflow/.local/lib/python3.12/site-packages/airflow/example_dags/example_short_circuit_decorator.py
[2026-07-01T09:11:42.194+0000] {processor.py:925} INFO - DAG(s) 'example_short_circuit_decorator' retrieved from /home/airflow/.local/lib/python3.12/site-packages/airflow/example_dags/example_short_circuit_decorator.py
[2026-07-01T09:11:42.212+0000] {logging_mixin.py:190} INFO - [2026-07-01T09:11:42.211+0000] {dag.py:3211} INFO - Sync 1 DAGs
[2026-07-01T09:11:42.228+0000] {logging_mixin.py:190} INFO - [2026-07-01T09:11:42.228+0000] {dag.py:4138} INFO - Setting next_dagrun for example_short_circuit_decorator to 2026-06-30 00:00:00+00:00, run_after=2026-07-01 00:00:00+00:00
[2026-07-01T09:11:42.243+0000] {processor.py:208} INFO - Processing /home/airflow/.local/lib/python3.12/site-packages/airflow/example_dags/example_short_circuit_decorator.py took 0.065 seconds
[2026-07-01T09:12:12.481+0000] {processor.py:186} INFO - Started process (PID=400) to work on /home/airflow/.local/lib/python3.12/site-packages/airflow/example_dags/example_short_circuit_decorator.py
[2026-07-01T09:12:12.482+0000] {processor.py:914} INFO - Processing file /home/airflow/.local/lib/python3.12/site-packages/airflow/example_dags/example_short_circuit_decorator.py for tasks to queue
[2026-07-01T09:12:12.486+0000] {logging_mixin.py:190} INFO - [2026-07-01T09:12:12.486+0000] {dagbag.py:587} INFO - Filling up the DagBag from /home/airflow/.local/lib/python3.12/site-packages/airflow/example_dags/example_short_circuit_decorator.py
[2026-07-01T09:12:12.494+0000] {processor.py:925} INFO - DAG(s) 'example_short_circuit_decorator' retrieved from /home/airflow/.local/lib/python3.12/site-packages/airflow/example_dags/example_short_circuit_decorator.py
[2026-07-01T09:12:12.513+0000] {logging_mixin.py:190} INFO - [2026-07-01T09:12:12.513+0000] {dag.py:3211} INFO - Sync 1 DAGs
[2026-07-01T09:12:12.528+0000] {logging_mixin.py:190} INFO - [2026-07-01T09:12:12.528+0000] {dag.py:4138} INFO - Setting next_dagrun for example_short_circuit_decorator to 2026-06-30 00:00:00+00:00, run_after=2026-07-01 00:00:00+00:00
[2026-07-01T09:12:12.540+0000] {processor.py:208} INFO - Processing /home/airflow/.local/lib/python3.12/site-packages/airflow/example_dags/example_short_circuit_decorator.py took 0.063 seconds
[2026-07-01T09:12:43.034+0000] {processor.py:186} INFO - Started process (PID=462) to work on /home/airflow/.local/lib/python3.12/site-packages/airflow/example_dags/example_short_circuit_decorator.py
[2026-07-01T09:12:43.035+0000] {processor.py:914} INFO - Processing file /home/airflow/.local/lib/python3.12/site-packages/airflow/example_dags/example_short_circuit_decorator.py for tasks to queue
[2026-07-01T09:12:43.037+0000] {logging_mixin.py:190} INFO - [2026-07-01T09:12:43.036+0000] {dagbag.py:587} INFO - Filling up the DagBag from /home/airflow/.local/lib/python3.12/site-packages/airflow/example_dags/example_short_circuit_decorator.py
[2026-07-01T09:12:43.045+0000] {processor.py:925} INFO - DAG(s) 'example_short_circuit_decorator' retrieved from /home/airflow/.local/lib/python3.12/site-packages/airflow/example_dags/example_short_circuit_decorator.py
[2026-07-01T09:12:43.066+0000] {logging_mixin.py:190} INFO - [2026-07-01T09:12:43.065+0000] {dag.py:3211} INFO - Sync 1 DAGs
[2026-07-01T09:12:43.083+0000] {logging_mixin.py:190} INFO - [2026-07-01T09:12:43.083+0000] {dag.py:4138} INFO - Setting next_dagrun for example_short_circuit_decorator to 2026-06-30 00:00:00+00:00, run_after=2026-07-01 00:00:00+00:00
[2026-07-01T09:12:43.099+0000] {processor.py:208} INFO - Processing /home/airflow/.local/lib/python3.12/site-packages/airflow/example_dags/example_short_circuit_decorator.py took 0.071 seconds
[2026-07-01T09:13:13.483+0000] {processor.py:186} INFO - Started process (PID=524) to work on /home/airflow/.local/lib/python3.12/site-packages/airflow/example_dags/example_short_circuit_decorator.py
[2026-07-01T09:13:13.484+0000] {processor.py:914} INFO - Processing file /home/airflow/.local/lib/python3.12/site-packages/airflow/example_dags/example_short_circuit_decorator.py for tasks to queue
[2026-07-01T09:13:13.486+0000] {logging_mixin.py:190} INFO - [2026-07-01T09:13:13.486+0000] {dagbag.py:587} INFO - Filling up the DagBag from /home/airflow/.local/lib/python3.12/site-packages/airflow/example_dags/example_short_circuit_decorator.py
[2026-07-01T09:13:13.495+0000] {processor.py:925} INFO - DAG(s) 'example_short_circuit_decorator' retrieved from /home/airflow/.local/lib/python3.12/site-packages/airflow/example_dags/example_short_circuit_decorator.py
[2026-07-01T09:13:13.511+0000] {logging_mixin.py:190} INFO - [2026-07-01T09:13:13.510+0000] {dag.py:3211} INFO - Sync 1 DAGs
[2026-07-01T09:13:13.527+0000] {logging_mixin.py:190} INFO - [2026-07-01T09:13:13.526+0000] {dag.py:4138} INFO - Setting next_dagrun for example_short_circuit_decorator to 2026-06-30 00:00:00+00:00, run_after=2026-07-01 00:00:00+00:00
[2026-07-01T09:13:13.539+0000] {processor.py:208} INFO - Processing /home/airflow/.local/lib/python3.12/site-packages/airflow/example_dags/example_short_circuit_decorator.py took 0.061 seconds
[2026-07-01T09:13:44.375+0000] {processor.py:186} INFO - Started process (PID=586) to work on /home/airflow/.local/lib/python3.12/site-packages/airflow/example_dags/example_short_circuit_decorator.py
[2026-07-01T09:13:44.376+0000] {processor.py:914} INFO - Processing file /home/airflow/.local/lib/python3.12/site-packages/airflow/example_dags/example_short_circuit_decorator.py for tasks to queue
[2026-07-01T09:13:44.378+0000] {logging_mixin.py:190} INFO - [2026-07-01T09:13:44.377+0000] {dagbag.py:587} INFO - Filling up the DagBag from /home/airflow/.local/lib/python3.12/site-packages/airflow/example_dags/example_short_circuit_decorator.py
[2026-07-01T09:13:44.385+0000] {processor.py:925} INFO - DAG(s) 'example_short_circuit_decorator' retrieved from /home/airflow/.local/lib/python3.12/site-packages/airflow/example_dags/example_short_circuit_decorator.py
[2026-07-01T09:13:44.402+0000] {logging_mixin.py:190} INFO - [2026-07-01T09:13:44.402+0000] {dag.py:3211} INFO - Sync 1 DAGs
[2026-07-01T09:13:44.416+0000] {logging_mixin.py:190} INFO - [2026-07-01T09:13:44.415+0000] {dag.py:4138} INFO - Setting next_dagrun for example_short_circuit_decorator to 2026-06-30 00:00:00+00:00, run_after=2026-07-01 00:00:00+00:00
[2026-07-01T09:13:44.428+0000] {processor.py:208} INFO - Processing /home/airflow/.local/lib/python3.12/site-packages/airflow/example_dags/example_short_circuit_decorator.py took 0.058 seconds
[2026-07-01T09:14:15.497+0000] {processor.py:186} INFO - Started process (PID=648) to work on /home/airflow/.local/lib/python3.12/site-packages/airflow/example_dags/example_short_circuit_decorator.py
[2026-07-01T09:14:15.498+0000] {processor.py:914} INFO - Processing file /home/airflow/.local/lib/python3.12/site-packages/airflow/example_dags/example_short_circuit_decorator.py for tasks to queue
[2026-07-01T09:14:15.500+0000] {logging_mixin.py:190} INFO - [2026-07-01T09:14:15.500+0000] {dagbag.py:587} INFO - Filling up the DagBag from /home/airflow/.local/lib/python3.12/site-packages/airflow/example_dags/example_short_circuit_decorator.py
[2026-07-01T09:14:15.510+0000] {processor.py:925} INFO - DAG(s) 'example_short_circuit_decorator' retrieved from /home/airflow/.local/lib/python3.12/site-packages/airflow/example_dags/example_short_circuit_decorator.py
[2026-07-01T09:14:15.527+0000] {logging_mixin.py:190} INFO - [2026-07-01T09:14:15.527+0000] {dag.py:3211} INFO - Sync 1 DAGs
[2026-07-01T09:14:15.543+0000] {logging_mixin.py:190} INFO - [2026-07-01T09:14:15.543+0000] {dag.py:4138} INFO - Setting next_dagrun for example_short_circuit_decorator to 2026-06-30 00:00:00+00:00, run_after=2026-07-01 00:00:00+00:00
[2026-07-01T09:14:15.557+0000] {processor.py:208} INFO - Processing /home/airflow/.local/lib/python3.12/site-packages/airflow/example_dags/example_short_circuit_decorator.py took 0.065 seconds
[2026-07-01T09:14:45.751+0000] {processor.py:186} INFO - Started process (PID=710) to work on /home/airflow/.local/lib/python3.12/site-packages/airflow/example_dags/example_short_circuit_decorator.py
[2026-07-01T09:14:45.752+0000] {processor.py:914} INFO - Processing file /home/airflow/.local/lib/python3.12/site-packages/airflow/example_dags/example_short_circuit_decorator.py for tasks to queue
[2026-07-01T09:14:45.755+0000] {logging_mixin.py:190} INFO - [2026-07-01T09:14:45.755+0000] {dagbag.py:587} INFO - Filling up the DagBag from /home/airflow/.local/lib/python3.12/site-packages/airflow/example_dags/example_short_circuit_decorator.py
[2026-07-01T09:14:45.762+0000] {processor.py:925} INFO - DAG(s) 'example_short_circuit_decorator' retrieved from /home/airflow/.local/lib/python3.12/site-packages/airflow/example_dags/example_short_circuit_decorator.py
[2026-07-01T09:14:45.777+0000] {logging_mixin.py:190} INFO - [2026-07-01T09:14:45.777+0000] {dag.py:3211} INFO - Sync 1 DAGs
[2026-07-01T09:14:45.791+0000] {logging_mixin.py:190} INFO - [2026-07-01T09:14:45.790+0000] {dag.py:4138} INFO - Setting next_dagrun for example_short_circuit_decorator to 2026-06-30 00:00:00+00:00, run_after=2026-07-01 00:00:00+00:00
[2026-07-01T09:14:45.802+0000] {processor.py:208} INFO - Processing /home/airflow/.local/lib/python3.12/site-packages/airflow/example_dags/example_short_circuit_decorator.py took 0.056 seconds
[2026-07-01T09:15:16.628+0000] {processor.py:186} INFO - Started process (PID=772) to work on /home/airflow/.local/lib/python3.12/site-packages/airflow/example_dags/example_short_circuit_decorator.py
[2026-07-01T09:15:16.630+0000] {processor.py:914} INFO - Processing file /home/airflow/.local/lib/python3.12/site-packages/airflow/example_dags/example_short_circuit_decorator.py for tasks to queue
[2026-07-01T09:15:16.632+0000] {logging_mixin.py:190} INFO - [2026-07-01T09:15:16.631+0000] {dagbag.py:587} INFO - Filling up the DagBag from /home/airflow/.local/lib/python3.12/site-packages/airflow/example_dags/example_short_circuit_decorator.py
[2026-07-01T09:15:16.639+0000] {processor.py:925} INFO - DAG(s) 'example_short_circuit_decorator' retrieved from /home/airflow/.local/lib/python3.12/site-packages/airflow/example_dags/example_short_circuit_decorator.py
[2026-07-01T09:15:16.656+0000] {logging_mixin.py:190} INFO - [2026-07-01T09:15:16.656+0000] {dag.py:3211} INFO - Sync 1 DAGs
[2026-07-01T09:15:16.671+0000] {logging_mixin.py:190} INFO - [2026-07-01T09:15:16.670+0000] {dag.py:4138} INFO - Setting next_dagrun for example_short_circuit_decorator to 2026-06-30 00:00:00+00:00, run_after=2026-07-01 00:00:00+00:00
[2026-07-01T09:15:16.682+0000] {processor.py:208} INFO - Processing /home/airflow/.local/lib/python3.12/site-packages/airflow/example_dags/example_short_circuit_decorator.py took 0.058 seconds
[2026-07-01T09:15:47.554+0000] {processor.py:186} INFO - Started process (PID=834) to work on /home/airflow/.local/lib/python3.12/site-packages/airflow/example_dags/example_short_circuit_decorator.py
[2026-07-01T09:15:47.555+0000] {processor.py:914} INFO - Processing file /home/airflow/.local/lib/python3.12/site-packages/airflow/example_dags/example_short_circuit_decorator.py for tasks to queue
[2026-07-01T09:15:47.557+0000] {logging_mixin.py:190} INFO - [2026-07-01T09:15:47.556+0000] {dagbag.py:587} INFO - Filling up the DagBag from /home/airflow/.local/lib/python3.12/site-packages/airflow/example_dags/example_short_circuit_decorator.py
[2026-07-01T09:15:47.565+0000] {processor.py:925} INFO - DAG(s) 'example_short_circuit_decorator' retrieved from /home/airflow/.local/lib/python3.12/site-packages/airflow/example_dags/example_short_circuit_decorator.py
[2026-07-01T09:15:47.583+0000] {logging_mixin.py:190} INFO - [2026-07-01T09:15:47.583+0000] {dag.py:3211} INFO - Sync 1 DAGs
[2026-07-01T09:15:47.600+0000] {logging_mixin.py:190} INFO - [2026-07-01T09:15:47.600+0000] {dag.py:4138} INFO - Setting next_dagrun for example_short_circuit_decorator to 2026-06-30 00:00:00+00:00, run_after=2026-07-01 00:00:00+00:00
[2026-07-01T09:15:47.613+0000] {processor.py:208} INFO - Processing /home/airflow/.local/lib/python3.12/site-packages/airflow/example_dags/example_short_circuit_decorator.py took 0.064 seconds
[2026-07-01T09:16:17.803+0000] {processor.py:186} INFO - Started process (PID=896) to work on /home/airflow/.local/lib/python3.12/site-packages/airflow/example_dags/example_short_circuit_decorator.py
[2026-07-01T09:16:17.804+0000] {processor.py:914} INFO - Processing file /home/airflow/.local/lib/python3.12/site-packages/airflow/example_dags/example_short_circuit_decorator.py for tasks to queue
[2026-07-01T09:16:17.807+0000] {logging_mixin.py:190} INFO - [2026-07-01T09:16:17.806+0000] {dagbag.py:587} INFO - Filling up the DagBag from /home/airflow/.local/lib/python3.12/site-packages/airflow/example_dags/example_short_circuit_decorator.py
[2026-07-01T09:16:17.815+0000] {processor.py:925} INFO - DAG(s) 'example_short_circuit_decorator' retrieved from /home/airflow/.local/lib/python3.12/site-packages/airflow/example_dags/example_short_circuit_decorator.py
[2026-07-01T09:16:17.836+0000] {logging_mixin.py:190} INFO - [2026-07-01T09:16:17.836+0000] {dag.py:3211} INFO - Sync 1 DAGs
[2026-07-01T09:16:17.856+0000] {logging_mixin.py:190} INFO - [2026-07-01T09:16:17.856+0000] {dag.py:4138} INFO - Setting next_dagrun for example_short_circuit_decorator to 2026-06-30 00:00:00+00:00, run_after=2026-07-01 00:00:00+00:00
[2026-07-01T09:16:17.873+0000] {processor.py:208} INFO - Processing /home/airflow/.local/lib/python3.12/site-packages/airflow/example_dags/example_short_circuit_decorator.py took 0.074 seconds
[2026-07-01T09:16:48.001+0000] {processor.py:186} INFO - Started process (PID=958) to work on /home/airflow/.local/lib/python3.12/site-packages/airflow/example_dags/example_short_circuit_decorator.py
[2026-07-01T09:16:48.002+0000] {processor.py:914} INFO - Processing file /home/airflow/.local/lib/python3.12/site-packages/airflow/example_dags/example_short_circuit_decorator.py for tasks to queue
[2026-07-01T09:16:48.003+0000] {logging_mixin.py:190} INFO - [2026-07-01T09:16:48.003+0000] {dagbag.py:587} INFO - Filling up the DagBag from /home/airflow/.local/lib/python3.12/site-packages/airflow/example_dags/example_short_circuit_decorator.py
[2026-07-01T09:16:48.011+0000] {processor.py:925} INFO - DAG(s) 'example_short_circuit_decorator' retrieved from /home/airflow/.local/lib/python3.12/site-packages/airflow/example_dags/example_short_circuit_decorator.py
[2026-07-01T09:16:48.027+0000] {logging_mixin.py:190} INFO - [2026-07-01T09:16:48.027+0000] {dag.py:3211} INFO - Sync 1 DAGs
[2026-07-01T09:16:48.042+0000] {logging_mixin.py:190} INFO - [2026-07-01T09:16:48.042+0000] {dag.py:4138} INFO - Setting next_dagrun for example_short_circuit_decorator to 2026-06-30 00:00:00+00:00, run_after=2026-07-01 00:00:00+00:00
[2026-07-01T09:16:48.054+0000] {processor.py:208} INFO - Processing /home/airflow/.local/lib/python3.12/site-packages/airflow/example_dags/example_short_circuit_decorator.py took 0.058 seconds
[2026-07-01T09:17:18.496+0000] {processor.py:186} INFO - Started process (PID=1020) to work on /home/airflow/.local/lib/python3.12/site-packages/airflow/example_dags/example_short_circuit_decorator.py
[2026-07-01T09:17:18.497+0000] {processor.py:914} INFO - Processing file /home/airflow/.local/lib/python3.12/site-packages/airflow/example_dags/example_short_circuit_decorator.py for tasks to queue
[2026-07-01T09:17:18.499+0000] {logging_mixin.py:190} INFO - [2026-07-01T09:17:18.499+0000] {dagbag.py:587} INFO - Filling up the DagBag from /home/airflow/.local/lib/python3.12/site-packages/airflow/example_dags/example_short_circuit_decorator.py
[2026-07-01T09:17:18.508+0000] {processor.py:925} INFO - DAG(s) 'example_short_circuit_decorator' retrieved from /home/airflow/.local/lib/python3.12/site-packages/airflow/example_dags/example_short_circuit_decorator.py
[2026-07-01T09:17:18.529+0000] {logging_mixin.py:190} INFO - [2026-07-01T09:17:18.529+0000] {dag.py:3211} INFO - Sync 1 DAGs
[2026-07-01T09:17:18.545+0000] {logging_mixin.py:190} INFO - [2026-07-01T09:17:18.545+0000] {dag.py:4138} INFO - Setting next_dagrun for example_short_circuit_decorator to 2026-06-30 00:00:00+00:00, run_after=2026-07-01 00:00:00+00:00
[2026-07-01T09:17:18.561+0000] {processor.py:208} INFO - Processing /home/airflow/.local/lib/python3.12/site-packages/airflow/example_dags/example_short_circuit_decorator.py took 0.070 seconds
[2026-07-01T09:17:48.816+0000] {processor.py:186} INFO - Started process (PID=1082) to work on /home/airflow/.local/lib/python3.12/site-packages/airflow/example_dags/example_short_circuit_decorator.py
[2026-07-01T09:17:48.817+0000] {processor.py:914} INFO - Processing file /home/airflow/.local/lib/python3.12/site-packages/airflow/example_dags/example_short_circuit_decorator.py for tasks to queue
[2026-07-01T09:17:48.820+0000] {logging_mixin.py:190} INFO - [2026-07-01T09:17:48.819+0000] {dagbag.py:587} INFO - Filling up the DagBag from /home/airflow/.local/lib/python3.12/site-packages/airflow/example_dags/example_short_circuit_decorator.py
[2026-07-01T09:17:48.830+0000] {processor.py:925} INFO - DAG(s) 'example_short_circuit_decorator' retrieved from /home/airflow/.local/lib/python3.12/site-packages/airflow/example_dags/example_short_circuit_decorator.py
[2026-07-01T09:17:48.850+0000] {logging_mixin.py:190} INFO - [2026-07-01T09:17:48.849+0000] {dag.py:3211} INFO - Sync 1 DAGs
[2026-07-01T09:17:48.866+0000] {logging_mixin.py:190} INFO - [2026-07-01T09:17:48.866+0000] {dag.py:4138} INFO - Setting next_dagrun for example_short_circuit_decorator to 2026-06-30 00:00:00+00:00, run_after=2026-07-01 00:00:00+00:00
[2026-07-01T09:17:48.879+0000] {processor.py:208} INFO - Processing /home/airflow/.local/lib/python3.12/site-packages/airflow/example_dags/example_short_circuit_decorator.py took 0.069 seconds
[2026-07-01T09:18:18.998+0000] {processor.py:186} INFO - Started process (PID=1144) to work on /home/airflow/.local/lib/python3.12/site-packages/airflow/example_dags/example_short_circuit_decorator.py
[2026-07-01T09:18:18.998+0000] {processor.py:914} INFO - Processing file /home/airflow/.local/lib/python3.12/site-packages/airflow/example_dags/example_short_circuit_decorator.py for tasks to queue
[2026-07-01T09:18:19.000+0000] {logging_mixin.py:190} INFO - [2026-07-01T09:18:19.000+0000] {dagbag.py:587} INFO - Filling up the DagBag from /home/airflow/.local/lib/python3.12/site-packages/airflow/example_dags/example_short_circuit_decorator.py
[2026-07-01T09:18:19.007+0000] {processor.py:925} INFO - DAG(s) 'example_short_circuit_decorator' retrieved from /home/airflow/.local/lib/python3.12/site-packages/airflow/example_dags/example_short_circuit_decorator.py
[2026-07-01T09:18:19.023+0000] {logging_mixin.py:190} INFO - [2026-07-01T09:18:19.022+0000] {dag.py:3211} INFO - Sync 1 DAGs
[2026-07-01T09:18:19.037+0000] {logging_mixin.py:190} INFO - [2026-07-01T09:18:19.037+0000] {dag.py:4138} INFO - Setting next_dagrun for example_short_circuit_decorator to 2026-06-30 00:00:00+00:00, run_after=2026-07-01 00:00:00+00:00
[2026-07-01T09:18:19.046+0000] {processor.py:208} INFO - Processing /home/airflow/.local/lib/python3.12/site-packages/airflow/example_dags/example_short_circuit_decorator.py took 0.055 seconds
[2026-07-01T09:18:49.252+0000] {processor.py:186} INFO - Started process (PID=1206) to work on /home/airflow/.local/lib/python3.12/site-packages/airflow/example_dags/example_short_circuit_decorator.py
[2026-07-01T09:18:49.253+0000] {processor.py:914} INFO - Processing file /home/airflow/.local/lib/python3.12/site-packages/airflow/example_dags/example_short_circuit_decorator.py for tasks to queue
[2026-07-01T09:18:49.255+0000] {logging_mixin.py:190} INFO - [2026-07-01T09:18:49.255+0000] {dagbag.py:587} INFO - Filling up the DagBag from /home/airflow/.local/lib/python3.12/site-packages/airflow/example_dags/example_short_circuit_decorator.py
[2026-07-01T09:18:49.264+0000] {processor.py:925} INFO - DAG(s) 'example_short_circuit_decorator' retrieved from /home/airflow/.local/lib/python3.12/site-packages/airflow/example_dags/example_short_circuit_decorator.py
[2026-07-01T09:18:49.282+0000] {logging_mixin.py:190} INFO - [2026-07-01T09:18:49.282+0000] {dag.py:3211} INFO - Sync 1 DAGs
[2026-07-01T09:18:49.302+0000] {logging_mixin.py:190} INFO - [2026-07-01T09:18:49.302+0000] {dag.py:4138} INFO - Setting next_dagrun for example_short_circuit_decorator to 2026-06-30 00:00:00+00:00, run_after=2026-07-01 00:00:00+00:00
[2026-07-01T09:18:49.314+0000] {processor.py:208} INFO - Processing /home/airflow/.local/lib/python3.12/site-packages/airflow/example_dags/example_short_circuit_decorator.py took 0.066 seconds
[2026-07-01T09:19:20.074+0000] {processor.py:186} INFO - Started process (PID=1268) to work on /home/airflow/.local/lib/python3.12/site-packages/airflow/example_dags/example_short_circuit_decorator.py
[2026-07-01T09:19:20.075+0000] {processor.py:914} INFO - Processing file /home/airflow/.local/lib/python3.12/site-packages/airflow/example_dags/example_short_circuit_decorator.py for tasks to queue
[2026-07-01T09:19:20.076+0000] {logging_mixin.py:190} INFO - [2026-07-01T09:19:20.076+0000] {dagbag.py:587} INFO - Filling up the DagBag from /home/airflow/.local/lib/python3.12/site-packages/airflow/example_dags/example_short_circuit_decorator.py
[2026-07-01T09:19:20.083+0000] {processor.py:925} INFO - DAG(s) 'example_short_circuit_decorator' retrieved from /home/airflow/.local/lib/python3.12/site-packages/airflow/example_dags/example_short_circuit_decorator.py
[2026-07-01T09:19:20.099+0000] {logging_mixin.py:190} INFO - [2026-07-01T09:19:20.098+0000] {dag.py:3211} INFO - Sync 1 DAGs
[2026-07-01T09:19:20.114+0000] {logging_mixin.py:190} INFO - [2026-07-01T09:19:20.113+0000] {dag.py:4138} INFO - Setting next_dagrun for example_short_circuit_decorator to 2026-06-30 00:00:00+00:00, run_after=2026-07-01 00:00:00+00:00
[2026-07-01T09:19:20.125+0000] {processor.py:208} INFO - Processing /home/airflow/.local/lib/python3.12/site-packages/airflow/example_dags/example_short_circuit_decorator.py took 0.057 seconds
[2026-07-01T09:19:50.772+0000] {processor.py:186} INFO - Started process (PID=1330) to work on /home/airflow/.local/lib/python3.12/site-packages/airflow/example_dags/example_short_circuit_decorator.py
[2026-07-01T09:19:50.773+0000] {processor.py:914} INFO - Processing file /home/airflow/.local/lib/python3.12/site-packages/airflow/example_dags/example_short_circuit_decorator.py for tasks to queue
[2026-07-01T09:19:50.775+0000] {logging_mixin.py:190} INFO - [2026-07-01T09:19:50.774+0000] {dagbag.py:587} INFO - Filling up the DagBag from /home/airflow/.local/lib/python3.12/site-packages/airflow/example_dags/example_short_circuit_decorator.py
[2026-07-01T09:19:50.782+0000] {processor.py:925} INFO - DAG(s) 'example_short_circuit_decorator' retrieved from /home/airflow/.local/lib/python3.12/site-packages/airflow/example_dags/example_short_circuit_decorator.py
[2026-07-01T09:19:50.801+0000] {logging_mixin.py:190} INFO - [2026-07-01T09:19:50.801+0000] {dag.py:3211} INFO - Sync 1 DAGs
[2026-07-01T09:19:50.818+0000] {logging_mixin.py:190} INFO - [2026-07-01T09:19:50.818+0000] {dag.py:4138} INFO - Setting next_dagrun for example_short_circuit_decorator to 2026-06-30 00:00:00+00:00, run_after=2026-07-01 00:00:00+00:00
[2026-07-01T09:19:50.832+0000] {processor.py:208} INFO - Processing /home/airflow/.local/lib/python3.12/site-packages/airflow/example_dags/example_short_circuit_decorator.py took 0.065 seconds
[2026-07-01T09:20:21.450+0000] {processor.py:186} INFO - Started process (PID=1392) to work on /home/airflow/.local/lib/python3.12/site-packages/airflow/example_dags/example_short_circuit_decorator.py
[2026-07-01T09:20:21.451+0000] {processor.py:914} INFO - Processing file /home/airflow/.local/lib/python3.12/site-packages/airflow/example_dags/example_short_circuit_decorator.py for tasks to queue
[2026-07-01T09:20:21.453+0000] {logging_mixin.py:190} INFO - [2026-07-01T09:20:21.453+0000] {dagbag.py:587} INFO - Filling up the DagBag from /home/airflow/.local/lib/python3.12/site-packages/airflow/example_dags/example_short_circuit_decorator.py
[2026-07-01T09:20:21.461+0000] {processor.py:925} INFO - DAG(s) 'example_short_circuit_decorator' retrieved from /home/airflow/.local/lib/python3.12/site-packages/airflow/example_dags/example_short_circuit_decorator.py
[2026-07-01T09:20:21.476+0000] {logging_mixin.py:190} INFO - [2026-07-01T09:20:21.476+0000] {dag.py:3211} INFO - Sync 1 DAGs
[2026-07-01T09:20:21.492+0000] {logging_mixin.py:190} INFO - [2026-07-01T09:20:21.492+0000] {dag.py:4138} INFO - Setting next_dagrun for example_short_circuit_decorator to 2026-06-30 00:00:00+00:00, run_after=2026-07-01 00:00:00+00:00
[2026-07-01T09:20:21.504+0000] {processor.py:208} INFO - Processing /home/airflow/.local/lib/python3.12/site-packages/airflow/example_dags/example_short_circuit_decorator.py took 0.058 seconds
[2026-07-01T09:20:52.321+0000] {processor.py:186} INFO - Started process (PID=1454) to work on /home/airflow/.local/lib/python3.12/site-packages/airflow/example_dags/example_short_circuit_decorator.py
[2026-07-01T09:20:52.322+0000] {processor.py:914} INFO - Processing file /home/airflow/.local/lib/python3.12/site-packages/airflow/example_dags/example_short_circuit_decorator.py for tasks to queue
[2026-07-01T09:20:52.325+0000] {logging_mixin.py:190} INFO - [2026-07-01T09:20:52.325+0000] {dagbag.py:587} INFO - Filling up the DagBag from /home/airflow/.local/lib/python3.12/site-packages/airflow/example_dags/example_short_circuit_decorator.py
[2026-07-01T09:20:52.334+0000] {processor.py:925} INFO - DAG(s) 'example_short_circuit_decorator' retrieved from /home/airflow/.local/lib/python3.12/site-packages/airflow/example_dags/example_short_circuit_decorator.py
[2026-07-01T09:20:52.349+0000] {logging_mixin.py:190} INFO - [2026-07-01T09:20:52.349+0000] {dag.py:3211} INFO - Sync 1 DAGs
[2026-07-01T09:20:52.369+0000] {logging_mixin.py:190} INFO - [2026-07-01T09:20:52.369+0000] {dag.py:4138} INFO - Setting next_dagrun for example_short_circuit_decorator to 2026-06-30 00:00:00+00:00, run_after=2026-07-01 00:00:00+00:00
[2026-07-01T09:20:52.386+0000] {processor.py:208} INFO - Processing /home/airflow/.local/lib/python3.12/site-packages/airflow/example_dags/example_short_circuit_decorator.py took 0.070 seconds
[2026-07-01T09:21:22.465+0000] {processor.py:186} INFO - Started process (PID=1516) to work on /home/airflow/.local/lib/python3.12/site-packages/airflow/example_dags/example_short_circuit_decorator.py
[2026-07-01T09:21:22.466+0000] {processor.py:914} INFO - Processing file /home/airflow/.local/lib/python3.12/site-packages/airflow/example_dags/example_short_circuit_decorator.py for tasks to queue
[2026-07-01T09:21:22.468+0000] {logging_mixin.py:190} INFO - [2026-07-01T09:21:22.468+0000] {dagbag.py:587} INFO - Filling up the DagBag from /home/airflow/.local/lib/python3.12/site-packages/airflow/example_dags/example_short_circuit_decorator.py
[2026-07-01T09:21:22.477+0000] {processor.py:925} INFO - DAG(s) 'example_short_circuit_decorator' retrieved from /home/airflow/.local/lib/python3.12/site-packages/airflow/example_dags/example_short_circuit_decorator.py
[2026-07-01T09:21:22.496+0000] {logging_mixin.py:190} INFO - [2026-07-01T09:21:22.495+0000] {dag.py:3211} INFO - Sync 1 DAGs
[2026-07-01T09:21:22.516+0000] {logging_mixin.py:190} INFO - [2026-07-01T09:21:22.516+0000] {dag.py:4138} INFO - Setting next_dagrun for example_short_circuit_decorator to 2026-06-30 00:00:00+00:00, run_after=2026-07-01 00:00:00+00:00
[2026-07-01T09:21:22.530+0000] {processor.py:208} INFO - Processing /home/airflow/.local/lib/python3.12/site-packages/airflow/example_dags/example_short_circuit_decorator.py took 0.071 seconds
[2026-07-01T09:21:52.689+0000] {processor.py:186} INFO - Started process (PID=1578) to work on /home/airflow/.local/lib/python3.12/site-packages/airflow/example_dags/example_short_circuit_decorator.py
[2026-07-01T09:21:52.690+0000] {processor.py:914} INFO - Processing file /home/airflow/.local/lib/python3.12/site-packages/airflow/example_dags/example_short_circuit_decorator.py for tasks to queue
[2026-07-01T09:21:52.692+0000] {logging_mixin.py:190} INFO - [2026-07-01T09:21:52.692+0000] {dagbag.py:587} INFO - Filling up the DagBag from /home/airflow/.local/lib/python3.12/site-packages/airflow/example_dags/example_short_circuit_decorator.py
[2026-07-01T09:21:52.699+0000] {processor.py:925} INFO - DAG(s) 'example_short_circuit_decorator' retrieved from /home/airflow/.local/lib/python3.12/site-packages/airflow/example_dags/example_short_circuit_decorator.py
[2026-07-01T09:21:52.717+0000] {logging_mixin.py:190} INFO - [2026-07-01T09:21:52.717+0000] {dag.py:3211} INFO - Sync 1 DAGs
[2026-07-01T09:21:52.736+0000] {logging_mixin.py:190} INFO - [2026-07-01T09:21:52.736+0000] {dag.py:4138} INFO - Setting next_dagrun for example_short_circuit_decorator to 2026-06-30 00:00:00+00:00, run_after=2026-07-01 00:00:00+00:00
[2026-07-01T09:21:52.751+0000] {processor.py:208} INFO - Processing /home/airflow/.local/lib/python3.12/site-packages/airflow/example_dags/example_short_circuit_decorator.py took 0.066 seconds
[2026-07-01T09:22:23.099+0000] {processor.py:186} INFO - Started process (PID=1640) to work on /home/airflow/.local/lib/python3.12/site-packages/airflow/example_dags/example_short_circuit_decorator.py
[2026-07-01T09:22:23.100+0000] {processor.py:914} INFO - Processing file /home/airflow/.local/lib/python3.12/site-packages/airflow/example_dags/example_short_circuit_decorator.py for tasks to queue
[2026-07-01T09:22:23.102+0000] {logging_mixin.py:190} INFO - [2026-07-01T09:22:23.102+0000] {dagbag.py:587} INFO - Filling up the DagBag from /home/airflow/.local/lib/python3.12/site-packages/airflow/example_dags/example_short_circuit_decorator.py
[2026-07-01T09:22:23.113+0000] {processor.py:925} INFO - DAG(s) 'example_short_circuit_decorator' retrieved from /home/airflow/.local/lib/python3.12/site-packages/airflow/example_dags/example_short_circuit_decorator.py
[2026-07-01T09:22:23.132+0000] {logging_mixin.py:190} INFO - [2026-07-01T09:22:23.132+0000] {dag.py:3211} INFO - Sync 1 DAGs
[2026-07-01T09:22:23.150+0000] {logging_mixin.py:190} INFO - [2026-07-01T09:22:23.150+0000] {dag.py:4138} INFO - Setting next_dagrun for example_short_circuit_decorator to 2026-06-30 00:00:00+00:00, run_after=2026-07-01 00:00:00+00:00
[2026-07-01T09:22:23.170+0000] {processor.py:208} INFO - Processing /home/airflow/.local/lib/python3.12/site-packages/airflow/example_dags/example_short_circuit_decorator.py took 0.076 seconds
[2026-07-01T09:22:54.042+0000] {processor.py:186} INFO - Started process (PID=1702) to work on /home/airflow/.local/lib/python3.12/site-packages/airflow/example_dags/example_short_circuit_decorator.py
[2026-07-01T09:22:54.043+0000] {processor.py:914} INFO - Processing file /home/airflow/.local/lib/python3.12/site-packages/airflow/example_dags/example_short_circuit_decorator.py for tasks to queue
[2026-07-01T09:22:54.046+0000] {logging_mixin.py:190} INFO - [2026-07-01T09:22:54.045+0000] {dagbag.py:587} INFO - Filling up the DagBag from /home/airflow/.local/lib/python3.12/site-packages/airflow/example_dags/example_short_circuit_decorator.py
[2026-07-01T09:22:54.054+0000] {processor.py:925} INFO - DAG(s) 'example_short_circuit_decorator' retrieved from /home/airflow/.local/lib/python3.12/site-packages/airflow/example_dags/example_short_circuit_decorator.py
[2026-07-01T09:22:54.078+0000] {logging_mixin.py:190} INFO - [2026-07-01T09:22:54.078+0000] {dag.py:3211} INFO - Sync 1 DAGs
[2026-07-01T09:22:54.095+0000] {logging_mixin.py:190} INFO - [2026-07-01T09:22:54.095+0000] {dag.py:4138} INFO - Setting next_dagrun for example_short_circuit_decorator to 2026-06-30 00:00:00+00:00, run_after=2026-07-01 00:00:00+00:00
[2026-07-01T09:22:54.108+0000] {processor.py:208} INFO - Processing /home/airflow/.local/lib/python3.12/site-packages/airflow/example_dags/example_short_circuit_decorator.py took 0.071 seconds
[2026-07-01T09:23:24.334+0000] {processor.py:186} INFO - Started process (PID=1764) to work on /home/airflow/.local/lib/python3.12/site-packages/airflow/example_dags/example_short_circuit_decorator.py
[2026-07-01T09:23:24.335+0000] {processor.py:914} INFO - Processing file /home/airflow/.local/lib/python3.12/site-packages/airflow/example_dags/example_short_circuit_decorator.py for tasks to queue
[2026-07-01T09:23:24.336+0000] {logging_mixin.py:190} INFO - [2026-07-01T09:23:24.336+0000] {dagbag.py:587} INFO - Filling up the DagBag from /home/airflow/.local/lib/python3.12/site-packages/airflow/example_dags/example_short_circuit_decorator.py
[2026-07-01T09:23:24.343+0000] {processor.py:925} INFO - DAG(s) 'example_short_circuit_decorator' retrieved from /home/airflow/.local/lib/python3.12/site-packages/airflow/example_dags/example_short_circuit_decorator.py
[2026-07-01T09:23:24.358+0000] {logging_mixin.py:190} INFO - [2026-07-01T09:23:24.358+0000] {dag.py:3211} INFO - Sync 1 DAGs
[2026-07-01T09:23:24.371+0000] {logging_mixin.py:190} INFO - [2026-07-01T09:23:24.371+0000] {dag.py:4138} INFO - Setting next_dagrun for example_short_circuit_decorator to 2026-06-30 00:00:00+00:00, run_after=2026-07-01 00:00:00+00:00
[2026-07-01T09:23:24.382+0000] {processor.py:208} INFO - Processing /home/airflow/.local/lib/python3.12/site-packages/airflow/example_dags/example_short_circuit_decorator.py took 0.052 seconds
[2026-07-01T09:23:54.764+0000] {processor.py:186} INFO - Started process (PID=1826) to work on /home/airflow/.local/lib/python3.12/site-packages/airflow/example_dags/example_short_circuit_decorator.py
[2026-07-01T09:23:54.765+0000] {processor.py:914} INFO - Processing file /home/airflow/.local/lib/python3.12/site-packages/airflow/example_dags/example_short_circuit_decorator.py for tasks to queue
[2026-07-01T09:23:54.767+0000] {logging_mixin.py:190} INFO - [2026-07-01T09:23:54.767+0000] {dagbag.py:587} INFO - Filling up the DagBag from /home/airflow/.local/lib/python3.12/site-packages/airflow/example_dags/example_short_circuit_decorator.py
[2026-07-01T09:23:54.774+0000] {processor.py:925} INFO - DAG(s) 'example_short_circuit_decorator' retrieved from /home/airflow/.local/lib/python3.12/site-packages/airflow/example_dags/example_short_circuit_decorator.py
[2026-07-01T09:23:54.789+0000] {logging_mixin.py:190} INFO - [2026-07-01T09:23:54.788+0000] {dag.py:3211} INFO - Sync 1 DAGs
[2026-07-01T09:23:54.803+0000] {logging_mixin.py:190} INFO - [2026-07-01T09:23:54.803+0000] {dag.py:4138} INFO - Setting next_dagrun for example_short_circuit_decorator to 2026-06-30 00:00:00+00:00, run_after=2026-07-01 00:00:00+00:00
[2026-07-01T09:23:54.815+0000] {processor.py:208} INFO - Processing /home/airflow/.local/lib/python3.12/site-packages/airflow/example_dags/example_short_circuit_decorator.py took 0.056 seconds
[2026-07-01T09:24:24.986+0000] {processor.py:186} INFO - Started process (PID=1888) to work on /home/airflow/.local/lib/python3.12/site-packages/airflow/example_dags/example_short_circuit_decorator.py
[2026-07-01T09:24:24.986+0000] {processor.py:914} INFO - Processing file /home/airflow/.local/lib/python3.12/site-packages/airflow/example_dags/example_short_circuit_decorator.py for tasks to queue
[2026-07-01T09:24:24.988+0000] {logging_mixin.py:190} INFO - [2026-07-01T09:24:24.988+0000] {dagbag.py:587} INFO - Filling up the DagBag from /home/airflow/.local/lib/python3.12/site-packages/airflow/example_dags/example_short_circuit_decorator.py
[2026-07-01T09:24:24.995+0000] {processor.py:925} INFO - DAG(s) 'example_short_circuit_decorator' retrieved from /home/airflow/.local/lib/python3.12/site-packages/airflow/example_dags/example_short_circuit_decorator.py
[2026-07-01T09:24:25.010+0000] {logging_mixin.py:190} INFO - [2026-07-01T09:24:25.010+0000] {dag.py:3211} INFO - Sync 1 DAGs
[2026-07-01T09:24:25.026+0000] {logging_mixin.py:190} INFO - [2026-07-01T09:24:25.026+0000] {dag.py:4138} INFO - Setting next_dagrun for example_short_circuit_decorator to 2026-06-30 00:00:00+00:00, run_after=2026-07-01 00:00:00+00:00
[2026-07-01T09:24:25.039+0000] {processor.py:208} INFO - Processing /home/airflow/.local/lib/python3.12/site-packages/airflow/example_dags/example_short_circuit_decorator.py took 0.057 seconds
[2026-07-01T09:24:55.155+0000] {processor.py:186} INFO - Started process (PID=1950) to work on /home/airflow/.local/lib/python3.12/site-packages/airflow/example_dags/example_short_circuit_decorator.py
[2026-07-01T09:24:55.156+0000] {processor.py:914} INFO - Processing file /home/airflow/.local/lib/python3.12/site-packages/airflow/example_dags/example_short_circuit_decorator.py for tasks to queue
[2026-07-01T09:24:55.158+0000] {logging_mixin.py:190} INFO - [2026-07-01T09:24:55.157+0000] {dagbag.py:587} INFO - Filling up the DagBag from /home/airflow/.local/lib/python3.12/site-packages/airflow/example_dags/example_short_circuit_decorator.py
[2026-07-01T09:24:55.164+0000] {processor.py:925} INFO - DAG(s) 'example_short_circuit_decorator' retrieved from /home/airflow/.local/lib/python3.12/site-packages/airflow/example_dags/example_short_circuit_decorator.py
[2026-07-01T09:24:55.180+0000] {logging_mixin.py:190} INFO - [2026-07-01T09:24:55.179+0000] {dag.py:3211} INFO - Sync 1 DAGs
[2026-07-01T09:24:55.194+0000] {logging_mixin.py:190} INFO - [2026-07-01T09:24:55.194+0000] {dag.py:4138} INFO - Setting next_dagrun for example_short_circuit_decorator to 2026-06-30 00:00:00+00:00, run_after=2026-07-01 00:00:00+00:00
[2026-07-01T09:24:55.205+0000] {processor.py:208} INFO - Processing /home/airflow/.local/lib/python3.12/site-packages/airflow/example_dags/example_short_circuit_decorator.py took 0.055 seconds
[2026-07-01T09:25:25.478+0000] {processor.py:186} INFO - Started process (PID=2012) to work on /home/airflow/.local/lib/python3.12/site-packages/airflow/example_dags/example_short_circuit_decorator.py
[2026-07-01T09:25:25.479+0000] {processor.py:914} INFO - Processing file /home/airflow/.local/lib/python3.12/site-packages/airflow/example_dags/example_short_circuit_decorator.py for tasks to queue
[2026-07-01T09:25:25.480+0000] {logging_mixin.py:190} INFO - [2026-07-01T09:25:25.480+0000] {dagbag.py:587} INFO - Filling up the DagBag from /home/airflow/.local/lib/python3.12/site-packages/airflow/example_dags/example_short_circuit_decorator.py
[2026-07-01T09:25:25.488+0000] {processor.py:925} INFO - DAG(s) 'example_short_circuit_decorator' retrieved from /home/airflow/.local/lib/python3.12/site-packages/airflow/example_dags/example_short_circuit_decorator.py
[2026-07-01T09:25:25.503+0000] {logging_mixin.py:190} INFO - [2026-07-01T09:25:25.503+0000] {dag.py:3211} INFO - Sync 1 DAGs
[2026-07-01T09:25:25.518+0000] {logging_mixin.py:190} INFO - [2026-07-01T09:25:25.518+0000] {dag.py:4138} INFO - Setting next_dagrun for example_short_circuit_decorator to 2026-06-30 00:00:00+00:00, run_after=2026-07-01 00:00:00+00:00
[2026-07-01T09:25:25.530+0000] {processor.py:208} INFO - Processing /home/airflow/.local/lib/python3.12/site-packages/airflow/example_dags/example_short_circuit_decorator.py took 0.056 seconds
[2026-07-01T09:30:08.110+0000] {processor.py:186} INFO - Started process (PID=2068) to work on /home/airflow/.local/lib/python3.12/site-packages/airflow/example_dags/example_short_circuit_decorator.py
[2026-07-01T09:30:08.111+0000] {processor.py:914} INFO - Processing file /home/airflow/.local/lib/python3.12/site-packages/airflow/example_dags/example_short_circuit_decorator.py for tasks to queue
[2026-07-01T09:30:08.113+0000] {logging_mixin.py:190} INFO - [2026-07-01T09:30:08.113+0000] {dagbag.py:587} INFO - Filling up the DagBag from /home/airflow/.local/lib/python3.12/site-packages/airflow/example_dags/example_short_circuit_decorator.py
[2026-07-01T09:30:08.121+0000] {processor.py:925} INFO - DAG(s) 'example_short_circuit_decorator' retrieved from /home/airflow/.local/lib/python3.12/site-packages/airflow/example_dags/example_short_circuit_decorator.py
[2026-07-01T09:30:08.138+0000] {logging_mixin.py:190} INFO - [2026-07-01T09:30:08.138+0000] {dag.py:3211} INFO - Sync 1 DAGs
[2026-07-01T09:30:08.155+0000] {logging_mixin.py:190} INFO - [2026-07-01T09:30:08.155+0000] {dag.py:4138} INFO - Setting next_dagrun for example_short_circuit_decorator to 2026-06-30 00:00:00+00:00, run_after=2026-07-01 00:00:00+00:00
[2026-07-01T09:30:08.169+0000] {processor.py:208} INFO - Processing /home/airflow/.local/lib/python3.12/site-packages/airflow/example_dags/example_short_circuit_decorator.py took 0.065 seconds
[2026-07-01T09:30:38.829+0000] {processor.py:186} INFO - Started process (PID=2130) to work on /home/airflow/.local/lib/python3.12/site-packages/airflow/example_dags/example_short_circuit_decorator.py
[2026-07-01T09:30:38.830+0000] {processor.py:914} INFO - Processing file /home/airflow/.local/lib/python3.12/site-packages/airflow/example_dags/example_short_circuit_decorator.py for tasks to queue
[2026-07-01T09:30:38.833+0000] {logging_mixin.py:190} INFO - [2026-07-01T09:30:38.832+0000] {dagbag.py:587} INFO - Filling up the DagBag from /home/airflow/.local/lib/python3.12/site-packages/airflow/example_dags/example_short_circuit_decorator.py
[2026-07-01T09:30:38.841+0000] {processor.py:925} INFO - DAG(s) 'example_short_circuit_decorator' retrieved from /home/airflow/.local/lib/python3.12/site-packages/airflow/example_dags/example_short_circuit_decorator.py
[2026-07-01T09:30:38.857+0000] {logging_mixin.py:190} INFO - [2026-07-01T09:30:38.857+0000] {dag.py:3211} INFO - Sync 1 DAGs
[2026-07-01T09:30:38.873+0000] {logging_mixin.py:190} INFO - [2026-07-01T09:30:38.873+0000] {dag.py:4138} INFO - Setting next_dagrun for example_short_circuit_decorator to 2026-06-30 00:00:00+00:00, run_after=2026-07-01 00:00:00+00:00
[2026-07-01T09:30:38.886+0000] {processor.py:208} INFO - Processing /home/airflow/.local/lib/python3.12/site-packages/airflow/example_dags/example_short_circuit_decorator.py took 0.062 seconds
[2026-07-01T09:31:09.208+0000] {processor.py:186} INFO - Started process (PID=2192) to work on /home/airflow/.local/lib/python3.12/site-packages/airflow/example_dags/example_short_circuit_decorator.py
[2026-07-01T09:31:09.209+0000] {processor.py:914} INFO - Processing file /home/airflow/.local/lib/python3.12/site-packages/airflow/example_dags/example_short_circuit_decorator.py for tasks to queue
[2026-07-01T09:31:09.212+0000] {logging_mixin.py:190} INFO - [2026-07-01T09:31:09.211+0000] {dagbag.py:587} INFO - Filling up the DagBag from /home/airflow/.local/lib/python3.12/site-packages/airflow/example_dags/example_short_circuit_decorator.py
[2026-07-01T09:31:09.221+0000] {processor.py:925} INFO - DAG(s) 'example_short_circuit_decorator' retrieved from /home/airflow/.local/lib/python3.12/site-packages/airflow/example_dags/example_short_circuit_decorator.py
[2026-07-01T09:31:09.239+0000] {logging_mixin.py:190} INFO - [2026-07-01T09:31:09.239+0000] {dag.py:3211} INFO - Sync 1 DAGs
[2026-07-01T09:31:09.257+0000] {logging_mixin.py:190} INFO - [2026-07-01T09:31:09.257+0000] {dag.py:4138} INFO - Setting next_dagrun for example_short_circuit_decorator to 2026-06-30 00:00:00+00:00, run_after=2026-07-01 00:00:00+00:00
[2026-07-01T09:31:09.270+0000] {processor.py:208} INFO - Processing /home/airflow/.local/lib/python3.12/site-packages/airflow/example_dags/example_short_circuit_decorator.py took 0.067 seconds
[2026-07-01T09:31:39.745+0000] {processor.py:186} INFO - Started process (PID=2254) to work on /home/airflow/.local/lib/python3.12/site-packages/airflow/example_dags/example_short_circuit_decorator.py
[2026-07-01T09:31:39.745+0000] {processor.py:914} INFO - Processing file /home/airflow/.local/lib/python3.12/site-packages/airflow/example_dags/example_short_circuit_decorator.py for tasks to queue
[2026-07-01T09:31:39.747+0000] {logging_mixin.py:190} INFO - [2026-07-01T09:31:39.747+0000] {dagbag.py:587} INFO - Filling up the DagBag from /home/airflow/.local/lib/python3.12/site-packages/airflow/example_dags/example_short_circuit_decorator.py
[2026-07-01T09:31:39.755+0000] {processor.py:925} INFO - DAG(s) 'example_short_circuit_decorator' retrieved from /home/airflow/.local/lib/python3.12/site-packages/airflow/example_dags/example_short_circuit_decorator.py
[2026-07-01T09:31:39.769+0000] {logging_mixin.py:190} INFO - [2026-07-01T09:31:39.769+0000] {dag.py:3211} INFO - Sync 1 DAGs
[2026-07-01T09:31:39.783+0000] {logging_mixin.py:190} INFO - [2026-07-01T09:31:39.783+0000] {dag.py:4138} INFO - Setting next_dagrun for example_short_circuit_decorator to 2026-06-30 00:00:00+00:00, run_after=2026-07-01 00:00:00+00:00
[2026-07-01T09:31:39.795+0000] {processor.py:208} INFO - Processing /home/airflow/.local/lib/python3.12/site-packages/airflow/example_dags/example_short_circuit_decorator.py took 0.055 seconds
[2026-07-01T09:32:10.088+0000] {processor.py:186} INFO - Started process (PID=2316) to work on /home/airflow/.local/lib/python3.12/site-packages/airflow/example_dags/example_short_circuit_decorator.py
[2026-07-01T09:32:10.090+0000] {processor.py:914} INFO - Processing file /home/airflow/.local/lib/python3.12/site-packages/airflow/example_dags/example_short_circuit_decorator.py for tasks to queue
[2026-07-01T09:32:10.092+0000] {logging_mixin.py:190} INFO - [2026-07-01T09:32:10.092+0000] {dagbag.py:587} INFO - Filling up the DagBag from /home/airflow/.local/lib/python3.12/site-packages/airflow/example_dags/example_short_circuit_decorator.py
[2026-07-01T09:32:10.100+0000] {processor.py:925} INFO - DAG(s) 'example_short_circuit_decorator' retrieved from /home/airflow/.local/lib/python3.12/site-packages/airflow/example_dags/example_short_circuit_decorator.py
[2026-07-01T09:32:10.118+0000] {logging_mixin.py:190} INFO - [2026-07-01T09:32:10.118+0000] {dag.py:3211} INFO - Sync 1 DAGs
[2026-07-01T09:32:10.136+0000] {logging_mixin.py:190} INFO - [2026-07-01T09:32:10.136+0000] {dag.py:4138} INFO - Setting next_dagrun for example_short_circuit_decorator to 2026-06-30 00:00:00+00:00, run_after=2026-07-01 00:00:00+00:00
[2026-07-01T09:32:10.150+0000] {processor.py:208} INFO - Processing /home/airflow/.local/lib/python3.12/site-packages/airflow/example_dags/example_short_circuit_decorator.py took 0.067 seconds
[2026-07-01T09:32:40.612+0000] {processor.py:186} INFO - Started process (PID=2378) to work on /home/airflow/.local/lib/python3.12/site-packages/airflow/example_dags/example_short_circuit_decorator.py
[2026-07-01T09:32:40.613+0000] {processor.py:914} INFO - Processing file /home/airflow/.local/lib/python3.12/site-packages/airflow/example_dags/example_short_circuit_decorator.py for tasks to queue
[2026-07-01T09:32:40.615+0000] {logging_mixin.py:190} INFO - [2026-07-01T09:32:40.615+0000] {dagbag.py:587} INFO - Filling up the DagBag from /home/airflow/.local/lib/python3.12/site-packages/airflow/example_dags/example_short_circuit_decorator.py
[2026-07-01T09:32:40.624+0000] {processor.py:925} INFO - DAG(s) 'example_short_circuit_decorator' retrieved from /home/airflow/.local/lib/python3.12/site-packages/airflow/example_dags/example_short_circuit_decorator.py
[2026-07-01T09:32:40.641+0000] {logging_mixin.py:190} INFO - [2026-07-01T09:32:40.641+0000] {dag.py:3211} INFO - Sync 1 DAGs
[2026-07-01T09:32:40.659+0000] {logging_mixin.py:190} INFO - [2026-07-01T09:32:40.659+0000] {dag.py:4138} INFO - Setting next_dagrun for example_short_circuit_decorator to 2026-06-30 00:00:00+00:00, run_after=2026-07-01 00:00:00+00:00
[2026-07-01T09:32:40.672+0000] {processor.py:208} INFO - Processing /home/airflow/.local/lib/python3.12/site-packages/airflow/example_dags/example_short_circuit_decorator.py took 0.064 seconds
[2026-07-01T09:33:11.086+0000] {processor.py:186} INFO - Started process (PID=2440) to work on /home/airflow/.local/lib/python3.12/site-packages/airflow/example_dags/example_short_circuit_decorator.py
[2026-07-01T09:33:11.088+0000] {processor.py:914} INFO - Processing file /home/airflow/.local/lib/python3.12/site-packages/airflow/example_dags/example_short_circuit_decorator.py for tasks to queue
[2026-07-01T09:33:11.091+0000] {logging_mixin.py:190} INFO - [2026-07-01T09:33:11.091+0000] {dagbag.py:587} INFO - Filling up the DagBag from /home/airflow/.local/lib/python3.12/site-packages/airflow/example_dags/example_short_circuit_decorator.py
[2026-07-01T09:33:11.104+0000] {processor.py:925} INFO - DAG(s) 'example_short_circuit_decorator' retrieved from /home/airflow/.local/lib/python3.12/site-packages/airflow/example_dags/example_short_circuit_decorator.py
[2026-07-01T09:33:11.128+0000] {logging_mixin.py:190} INFO - [2026-07-01T09:33:11.127+0000] {dag.py:3211} INFO - Sync 1 DAGs
[2026-07-01T09:33:11.152+0000] {logging_mixin.py:190} INFO - [2026-07-01T09:33:11.152+0000] {dag.py:4138} INFO - Setting next_dagrun for example_short_circuit_decorator to 2026-06-30 00:00:00+00:00, run_after=2026-07-01 00:00:00+00:00
[2026-07-01T09:33:11.171+0000] {processor.py:208} INFO - Processing /home/airflow/.local/lib/python3.12/site-packages/airflow/example_dags/example_short_circuit_decorator.py took 0.091 seconds
[2026-07-01T09:33:41.734+0000] {processor.py:186} INFO - Started process (PID=2502) to work on /home/airflow/.local/lib/python3.12/site-packages/airflow/example_dags/example_short_circuit_decorator.py
[2026-07-01T09:33:41.735+0000] {processor.py:914} INFO - Processing file /home/airflow/.local/lib/python3.12/site-packages/airflow/example_dags/example_short_circuit_decorator.py for tasks to queue
[2026-07-01T09:33:41.738+0000] {logging_mixin.py:190} INFO - [2026-07-01T09:33:41.738+0000] {dagbag.py:587} INFO - Filling up the DagBag from /home/airflow/.local/lib/python3.12/site-packages/airflow/example_dags/example_short_circuit_decorator.py
[2026-07-01T09:33:41.748+0000] {processor.py:925} INFO - DAG(s) 'example_short_circuit_decorator' retrieved from /home/airflow/.local/lib/python3.12/site-packages/airflow/example_dags/example_short_circuit_decorator.py
[2026-07-01T09:33:41.771+0000] {logging_mixin.py:190} INFO - [2026-07-01T09:33:41.770+0000] {dag.py:3211} INFO - Sync 1 DAGs
[2026-07-01T09:33:41.790+0000] {logging_mixin.py:190} INFO - [2026-07-01T09:33:41.789+0000] {dag.py:4138} INFO - Setting next_dagrun for example_short_circuit_decorator to 2026-06-30 00:00:00+00:00, run_after=2026-07-01 00:00:00+00:00
[2026-07-01T09:33:41.809+0000] {processor.py:208} INFO - Processing /home/airflow/.local/lib/python3.12/site-packages/airflow/example_dags/example_short_circuit_decorator.py took 0.080 seconds
[2026-07-01T09:34:12.666+0000] {processor.py:186} INFO - Started process (PID=2564) to work on /home/airflow/.local/lib/python3.12/site-packages/airflow/example_dags/example_short_circuit_decorator.py
[2026-07-01T09:34:12.667+0000] {processor.py:914} INFO - Processing file /home/airflow/.local/lib/python3.12/site-packages/airflow/example_dags/example_short_circuit_decorator.py for tasks to queue
[2026-07-01T09:34:12.669+0000] {logging_mixin.py:190} INFO - [2026-07-01T09:34:12.669+0000] {dagbag.py:587} INFO - Filling up the DagBag from /home/airflow/.local/lib/python3.12/site-packages/airflow/example_dags/example_short_circuit_decorator.py
[2026-07-01T09:34:12.677+0000] {processor.py:925} INFO - DAG(s) 'example_short_circuit_decorator' retrieved from /home/airflow/.local/lib/python3.12/site-packages/airflow/example_dags/example_short_circuit_decorator.py
[2026-07-01T09:34:12.694+0000] {logging_mixin.py:190} INFO - [2026-07-01T09:34:12.694+0000] {dag.py:3211} INFO - Sync 1 DAGs
[2026-07-01T09:34:12.710+0000] {logging_mixin.py:190} INFO - [2026-07-01T09:34:12.710+0000] {dag.py:4138} INFO - Setting next_dagrun for example_short_circuit_decorator to 2026-06-30 00:00:00+00:00, run_after=2026-07-01 00:00:00+00:00
[2026-07-01T09:34:12.723+0000] {processor.py:208} INFO - Processing /home/airflow/.local/lib/python3.12/site-packages/airflow/example_dags/example_short_circuit_decorator.py took 0.062 seconds
[2026-07-01T09:34:43.652+0000] {processor.py:186} INFO - Started process (PID=2626) to work on /home/airflow/.local/lib/python3.12/site-packages/airflow/example_dags/example_short_circuit_decorator.py
[2026-07-01T09:34:43.653+0000] {processor.py:914} INFO - Processing file /home/airflow/.local/lib/python3.12/site-packages/airflow/example_dags/example_short_circuit_decorator.py for tasks to queue
[2026-07-01T09:34:43.655+0000] {logging_mixin.py:190} INFO - [2026-07-01T09:34:43.655+0000] {dagbag.py:587} INFO - Filling up the DagBag from /home/airflow/.local/lib/python3.12/site-packages/airflow/example_dags/example_short_circuit_decorator.py
[2026-07-01T09:34:43.663+0000] {processor.py:925} INFO - DAG(s) 'example_short_circuit_decorator' retrieved from /home/airflow/.local/lib/python3.12/site-packages/airflow/example_dags/example_short_circuit_decorator.py
[2026-07-01T09:34:43.679+0000] {logging_mixin.py:190} INFO - [2026-07-01T09:34:43.679+0000] {dag.py:3211} INFO - Sync 1 DAGs
[2026-07-01T09:34:43.697+0000] {logging_mixin.py:190} INFO - [2026-07-01T09:34:43.697+0000] {dag.py:4138} INFO - Setting next_dagrun for example_short_circuit_decorator to 2026-06-30 00:00:00+00:00, run_after=2026-07-01 00:00:00+00:00
[2026-07-01T09:34:43.712+0000] {processor.py:208} INFO - Processing /home/airflow/.local/lib/python3.12/site-packages/airflow/example_dags/example_short_circuit_decorator.py took 0.065 seconds
[2026-07-01T09:35:14.215+0000] {processor.py:186} INFO - Started process (PID=2688) to work on /home/airflow/.local/lib/python3.12/site-packages/airflow/example_dags/example_short_circuit_decorator.py
[2026-07-01T09:35:14.216+0000] {processor.py:914} INFO - Processing file /home/airflow/.local/lib/python3.12/site-packages/airflow/example_dags/example_short_circuit_decorator.py for tasks to queue
[2026-07-01T09:35:14.218+0000] {logging_mixin.py:190} INFO - [2026-07-01T09:35:14.218+0000] {dagbag.py:587} INFO - Filling up the DagBag from /home/airflow/.local/lib/python3.12/site-packages/airflow/example_dags/example_short_circuit_decorator.py
[2026-07-01T09:35:14.225+0000] {processor.py:925} INFO - DAG(s) 'example_short_circuit_decorator' retrieved from /home/airflow/.local/lib/python3.12/site-packages/airflow/example_dags/example_short_circuit_decorator.py
[2026-07-01T09:35:14.240+0000] {logging_mixin.py:190} INFO - [2026-07-01T09:35:14.240+0000] {dag.py:3211} INFO - Sync 1 DAGs
[2026-07-01T09:35:14.256+0000] {logging_mixin.py:190} INFO - [2026-07-01T09:35:14.256+0000] {dag.py:4138} INFO - Setting next_dagrun for example_short_circuit_decorator to 2026-06-30 00:00:00+00:00, run_after=2026-07-01 00:00:00+00:00
[2026-07-01T09:35:14.271+0000] {processor.py:208} INFO - Processing /home/airflow/.local/lib/python3.12/site-packages/airflow/example_dags/example_short_circuit_decorator.py took 0.060 seconds
[2026-07-01T09:35:44.885+0000] {processor.py:186} INFO - Started process (PID=2750) to work on /home/airflow/.local/lib/python3.12/site-packages/airflow/example_dags/example_short_circuit_decorator.py
[2026-07-01T09:35:44.886+0000] {processor.py:914} INFO - Processing file /home/airflow/.local/lib/python3.12/site-packages/airflow/example_dags/example_short_circuit_decorator.py for tasks to queue
[2026-07-01T09:35:44.888+0000] {logging_mixin.py:190} INFO - [2026-07-01T09:35:44.887+0000] {dagbag.py:587} INFO - Filling up the DagBag from /home/airflow/.local/lib/python3.12/site-packages/airflow/example_dags/example_short_circuit_decorator.py
[2026-07-01T09:35:44.896+0000] {processor.py:925} INFO - DAG(s) 'example_short_circuit_decorator' retrieved from /home/airflow/.local/lib/python3.12/site-packages/airflow/example_dags/example_short_circuit_decorator.py
[2026-07-01T09:35:44.914+0000] {logging_mixin.py:190} INFO - [2026-07-01T09:35:44.914+0000] {dag.py:3211} INFO - Sync 1 DAGs
[2026-07-01T09:35:44.930+0000] {logging_mixin.py:190} INFO - [2026-07-01T09:35:44.930+0000] {dag.py:4138} INFO - Setting next_dagrun for example_short_circuit_decorator to 2026-06-30 00:00:00+00:00, run_after=2026-07-01 00:00:00+00:00
[2026-07-01T09:35:44.946+0000] {processor.py:208} INFO - Processing /home/airflow/.local/lib/python3.12/site-packages/airflow/example_dags/example_short_circuit_decorator.py took 0.067 seconds
[2026-07-01T09:36:15.594+0000] {processor.py:186} INFO - Started process (PID=2812) to work on /home/airflow/.local/lib/python3.12/site-packages/airflow/example_dags/example_short_circuit_decorator.py
[2026-07-01T09:36:15.601+0000] {processor.py:914} INFO - Processing file /home/airflow/.local/lib/python3.12/site-packages/airflow/example_dags/example_short_circuit_decorator.py for tasks to queue
[2026-07-01T09:36:15.604+0000] {logging_mixin.py:190} INFO - [2026-07-01T09:36:15.604+0000] {dagbag.py:587} INFO - Filling up the DagBag from /home/airflow/.local/lib/python3.12/site-packages/airflow/example_dags/example_short_circuit_decorator.py
[2026-07-01T09:36:15.612+0000] {processor.py:925} INFO - DAG(s) 'example_short_circuit_decorator' retrieved from /home/airflow/.local/lib/python3.12/site-packages/airflow/example_dags/example_short_circuit_decorator.py
[2026-07-01T09:36:15.635+0000] {logging_mixin.py:190} INFO - [2026-07-01T09:36:15.635+0000] {dag.py:3211} INFO - Sync 1 DAGs
[2026-07-01T09:36:15.659+0000] {logging_mixin.py:190} INFO - [2026-07-01T09:36:15.658+0000] {dag.py:4138} INFO - Setting next_dagrun for example_short_circuit_decorator to 2026-06-30 00:00:00+00:00, run_after=2026-07-01 00:00:00+00:00
[2026-07-01T09:36:15.679+0000] {processor.py:208} INFO - Processing /home/airflow/.local/lib/python3.12/site-packages/airflow/example_dags/example_short_circuit_decorator.py took 0.090 seconds
[2026-07-01T09:36:46.499+0000] {processor.py:186} INFO - Started process (PID=2874) to work on /home/airflow/.local/lib/python3.12/site-packages/airflow/example_dags/example_short_circuit_decorator.py
[2026-07-01T09:36:46.500+0000] {processor.py:914} INFO - Processing file /home/airflow/.local/lib/python3.12/site-packages/airflow/example_dags/example_short_circuit_decorator.py for tasks to queue
[2026-07-01T09:36:46.503+0000] {logging_mixin.py:190} INFO - [2026-07-01T09:36:46.503+0000] {dagbag.py:587} INFO - Filling up the DagBag from /home/airflow/.local/lib/python3.12/site-packages/airflow/example_dags/example_short_circuit_decorator.py
[2026-07-01T09:36:46.514+0000] {processor.py:925} INFO - DAG(s) 'example_short_circuit_decorator' retrieved from /home/airflow/.local/lib/python3.12/site-packages/airflow/example_dags/example_short_circuit_decorator.py
[2026-07-01T09:36:46.536+0000] {logging_mixin.py:190} INFO - [2026-07-01T09:36:46.535+0000] {dag.py:3211} INFO - Sync 1 DAGs
[2026-07-01T09:36:46.555+0000] {logging_mixin.py:190} INFO - [2026-07-01T09:36:46.554+0000] {dag.py:4138} INFO - Setting next_dagrun for example_short_circuit_decorator to 2026-06-30 00:00:00+00:00, run_after=2026-07-01 00:00:00+00:00
[2026-07-01T09:36:46.570+0000] {processor.py:208} INFO - Processing /home/airflow/.local/lib/python3.12/site-packages/airflow/example_dags/example_short_circuit_decorator.py took 0.077 seconds
[2026-07-01T09:37:18.306+0000] {processor.py:186} INFO - Started process (PID=2936) to work on /home/airflow/.local/lib/python3.12/site-packages/airflow/example_dags/example_short_circuit_decorator.py
[2026-07-01T09:37:18.307+0000] {processor.py:914} INFO - Processing file /home/airflow/.local/lib/python3.12/site-packages/airflow/example_dags/example_short_circuit_decorator.py for tasks to queue
[2026-07-01T09:37:18.309+0000] {logging_mixin.py:190} INFO - [2026-07-01T09:37:18.309+0000] {dagbag.py:587} INFO - Filling up the DagBag from /home/airflow/.local/lib/python3.12/site-packages/airflow/example_dags/example_short_circuit_decorator.py
[2026-07-01T09:37:18.317+0000] {processor.py:925} INFO - DAG(s) 'example_short_circuit_decorator' retrieved from /home/airflow/.local/lib/python3.12/site-packages/airflow/example_dags/example_short_circuit_decorator.py
[2026-07-01T09:37:18.333+0000] {logging_mixin.py:190} INFO - [2026-07-01T09:37:18.333+0000] {dag.py:3211} INFO - Sync 1 DAGs
[2026-07-01T09:37:18.348+0000] {logging_mixin.py:190} INFO - [2026-07-01T09:37:18.347+0000] {dag.py:4138} INFO - Setting next_dagrun for example_short_circuit_decorator to 2026-06-30 00:00:00+00:00, run_after=2026-07-01 00:00:00+00:00
[2026-07-01T09:37:18.360+0000] {processor.py:208} INFO - Processing /home/airflow/.local/lib/python3.12/site-packages/airflow/example_dags/example_short_circuit_decorator.py took 0.058 seconds
[2026-07-01T09:37:49.256+0000] {processor.py:186} INFO - Started process (PID=3004) to work on /home/airflow/.local/lib/python3.12/site-packages/airflow/example_dags/example_short_circuit_decorator.py
[2026-07-01T09:37:49.257+0000] {processor.py:914} INFO - Processing file /home/airflow/.local/lib/python3.12/site-packages/airflow/example_dags/example_short_circuit_decorator.py for tasks to queue
[2026-07-01T09:37:49.260+0000] {logging_mixin.py:190} INFO - [2026-07-01T09:37:49.259+0000] {dagbag.py:587} INFO - Filling up the DagBag from /home/airflow/.local/lib/python3.12/site-packages/airflow/example_dags/example_short_circuit_decorator.py
[2026-07-01T09:37:49.269+0000] {processor.py:925} INFO - DAG(s) 'example_short_circuit_decorator' retrieved from /home/airflow/.local/lib/python3.12/site-packages/airflow/example_dags/example_short_circuit_decorator.py
[2026-07-01T09:37:49.290+0000] {logging_mixin.py:190} INFO - [2026-07-01T09:37:49.290+0000] {dag.py:3211} INFO - Sync 1 DAGs
[2026-07-01T09:37:49.463+0000] {logging_mixin.py:190} INFO - [2026-07-01T09:37:49.462+0000] {dag.py:4138} INFO - Setting next_dagrun for example_short_circuit_decorator to 2026-06-30 00:00:00+00:00, run_after=2026-07-01 00:00:00+00:00
[2026-07-01T09:37:49.475+0000] {processor.py:208} INFO - Processing /home/airflow/.local/lib/python3.12/site-packages/airflow/example_dags/example_short_circuit_decorator.py took 0.226 seconds
[2026-07-01T09:38:20.166+0000] {processor.py:186} INFO - Started process (PID=3066) to work on /home/airflow/.local/lib/python3.12/site-packages/airflow/example_dags/example_short_circuit_decorator.py
[2026-07-01T09:38:20.167+0000] {processor.py:914} INFO - Processing file /home/airflow/.local/lib/python3.12/site-packages/airflow/example_dags/example_short_circuit_decorator.py for tasks to queue
[2026-07-01T09:38:20.169+0000] {logging_mixin.py:190} INFO - [2026-07-01T09:38:20.169+0000] {dagbag.py:587} INFO - Filling up the DagBag from /home/airflow/.local/lib/python3.12/site-packages/airflow/example_dags/example_short_circuit_decorator.py
[2026-07-01T09:38:20.176+0000] {processor.py:925} INFO - DAG(s) 'example_short_circuit_decorator' retrieved from /home/airflow/.local/lib/python3.12/site-packages/airflow/example_dags/example_short_circuit_decorator.py
[2026-07-01T09:38:20.191+0000] {logging_mixin.py:190} INFO - [2026-07-01T09:38:20.191+0000] {dag.py:3211} INFO - Sync 1 DAGs
[2026-07-01T09:38:20.337+0000] {logging_mixin.py:190} INFO - [2026-07-01T09:38:20.337+0000] {dag.py:4138} INFO - Setting next_dagrun for example_short_circuit_decorator to 2026-06-30 00:00:00+00:00, run_after=2026-07-01 00:00:00+00:00
[2026-07-01T09:38:20.349+0000] {processor.py:208} INFO - Processing /home/airflow/.local/lib/python3.12/site-packages/airflow/example_dags/example_short_circuit_decorator.py took 0.187 seconds
[2026-07-01T09:38:50.453+0000] {processor.py:186} INFO - Started process (PID=3128) to work on /home/airflow/.local/lib/python3.12/site-packages/airflow/example_dags/example_short_circuit_decorator.py
[2026-07-01T09:38:50.454+0000] {processor.py:914} INFO - Processing file /home/airflow/.local/lib/python3.12/site-packages/airflow/example_dags/example_short_circuit_decorator.py for tasks to queue
[2026-07-01T09:38:50.457+0000] {logging_mixin.py:190} INFO - [2026-07-01T09:38:50.456+0000] {dagbag.py:587} INFO - Filling up the DagBag from /home/airflow/.local/lib/python3.12/site-packages/airflow/example_dags/example_short_circuit_decorator.py
[2026-07-01T09:38:50.464+0000] {processor.py:925} INFO - DAG(s) 'example_short_circuit_decorator' retrieved from /home/airflow/.local/lib/python3.12/site-packages/airflow/example_dags/example_short_circuit_decorator.py
[2026-07-01T09:38:50.482+0000] {logging_mixin.py:190} INFO - [2026-07-01T09:38:50.481+0000] {dag.py:3211} INFO - Sync 1 DAGs
[2026-07-01T09:38:50.499+0000] {logging_mixin.py:190} INFO - [2026-07-01T09:38:50.499+0000] {dag.py:4138} INFO - Setting next_dagrun for example_short_circuit_decorator to 2026-06-30 00:00:00+00:00, run_after=2026-07-01 00:00:00+00:00
[2026-07-01T09:38:50.671+0000] {processor.py:208} INFO - Processing /home/airflow/.local/lib/python3.12/site-packages/airflow/example_dags/example_short_circuit_decorator.py took 0.223 seconds
[2026-07-01T09:39:21.242+0000] {processor.py:186} INFO - Started process (PID=3190) to work on /home/airflow/.local/lib/python3.12/site-packages/airflow/example_dags/example_short_circuit_decorator.py
[2026-07-01T09:39:21.243+0000] {processor.py:914} INFO - Processing file /home/airflow/.local/lib/python3.12/site-packages/airflow/example_dags/example_short_circuit_decorator.py for tasks to queue
[2026-07-01T09:39:21.245+0000] {logging_mixin.py:190} INFO - [2026-07-01T09:39:21.245+0000] {dagbag.py:587} INFO - Filling up the DagBag from /home/airflow/.local/lib/python3.12/site-packages/airflow/example_dags/example_short_circuit_decorator.py
[2026-07-01T09:39:21.253+0000] {processor.py:925} INFO - DAG(s) 'example_short_circuit_decorator' retrieved from /home/airflow/.local/lib/python3.12/site-packages/airflow/example_dags/example_short_circuit_decorator.py
[2026-07-01T09:39:21.269+0000] {logging_mixin.py:190} INFO - [2026-07-01T09:39:21.269+0000] {dag.py:3211} INFO - Sync 1 DAGs
[2026-07-01T09:39:21.287+0000] {logging_mixin.py:190} INFO - [2026-07-01T09:39:21.287+0000] {dag.py:4138} INFO - Setting next_dagrun for example_short_circuit_decorator to 2026-06-30 00:00:00+00:00, run_after=2026-07-01 00:00:00+00:00
[2026-07-01T09:39:21.303+0000] {processor.py:208} INFO - Processing /home/airflow/.local/lib/python3.12/site-packages/airflow/example_dags/example_short_circuit_decorator.py took 0.066 seconds
[2026-07-01T09:39:51.606+0000] {processor.py:186} INFO - Started process (PID=3252) to work on /home/airflow/.local/lib/python3.12/site-packages/airflow/example_dags/example_short_circuit_decorator.py
[2026-07-01T09:39:51.607+0000] {processor.py:914} INFO - Processing file /home/airflow/.local/lib/python3.12/site-packages/airflow/example_dags/example_short_circuit_decorator.py for tasks to queue
[2026-07-01T09:39:51.609+0000] {logging_mixin.py:190} INFO - [2026-07-01T09:39:51.608+0000] {dagbag.py:587} INFO - Filling up the DagBag from /home/airflow/.local/lib/python3.12/site-packages/airflow/example_dags/example_short_circuit_decorator.py
[2026-07-01T09:39:51.616+0000] {processor.py:925} INFO - DAG(s) 'example_short_circuit_decorator' retrieved from /home/airflow/.local/lib/python3.12/site-packages/airflow/example_dags/example_short_circuit_decorator.py
[2026-07-01T09:39:51.634+0000] {logging_mixin.py:190} INFO - [2026-07-01T09:39:51.634+0000] {dag.py:3211} INFO - Sync 1 DAGs
[2026-07-01T09:39:51.651+0000] {logging_mixin.py:190} INFO - [2026-07-01T09:39:51.651+0000] {dag.py:4138} INFO - Setting next_dagrun for example_short_circuit_decorator to 2026-06-30 00:00:00+00:00, run_after=2026-07-01 00:00:00+00:00
[2026-07-01T09:39:51.664+0000] {processor.py:208} INFO - Processing /home/airflow/.local/lib/python3.12/site-packages/airflow/example_dags/example_short_circuit_decorator.py took 0.063 seconds
[2026-07-01T09:40:22.626+0000] {processor.py:186} INFO - Started process (PID=3314) to work on /home/airflow/.local/lib/python3.12/site-packages/airflow/example_dags/example_short_circuit_decorator.py
[2026-07-01T09:40:22.627+0000] {processor.py:914} INFO - Processing file /home/airflow/.local/lib/python3.12/site-packages/airflow/example_dags/example_short_circuit_decorator.py for tasks to queue
[2026-07-01T09:40:22.629+0000] {logging_mixin.py:190} INFO - [2026-07-01T09:40:22.629+0000] {dagbag.py:587} INFO - Filling up the DagBag from /home/airflow/.local/lib/python3.12/site-packages/airflow/example_dags/example_short_circuit_decorator.py
[2026-07-01T09:40:22.637+0000] {processor.py:925} INFO - DAG(s) 'example_short_circuit_decorator' retrieved from /home/airflow/.local/lib/python3.12/site-packages/airflow/example_dags/example_short_circuit_decorator.py
[2026-07-01T09:40:22.654+0000] {logging_mixin.py:190} INFO - [2026-07-01T09:40:22.654+0000] {dag.py:3211} INFO - Sync 1 DAGs
[2026-07-01T09:40:22.671+0000] {logging_mixin.py:190} INFO - [2026-07-01T09:40:22.671+0000] {dag.py:4138} INFO - Setting next_dagrun for example_short_circuit_decorator to 2026-06-30 00:00:00+00:00, run_after=2026-07-01 00:00:00+00:00
[2026-07-01T09:40:22.684+0000] {processor.py:208} INFO - Processing /home/airflow/.local/lib/python3.12/site-packages/airflow/example_dags/example_short_circuit_decorator.py took 0.062 seconds
[2026-07-01T09:40:52.860+0000] {processor.py:186} INFO - Started process (PID=3376) to work on /home/airflow/.local/lib/python3.12/site-packages/airflow/example_dags/example_short_circuit_decorator.py
[2026-07-01T09:40:52.861+0000] {processor.py:914} INFO - Processing file /home/airflow/.local/lib/python3.12/site-packages/airflow/example_dags/example_short_circuit_decorator.py for tasks to queue
[2026-07-01T09:40:52.863+0000] {logging_mixin.py:190} INFO - [2026-07-01T09:40:52.863+0000] {dagbag.py:587} INFO - Filling up the DagBag from /home/airflow/.local/lib/python3.12/site-packages/airflow/example_dags/example_short_circuit_decorator.py
[2026-07-01T09:40:52.871+0000] {processor.py:925} INFO - DAG(s) 'example_short_circuit_decorator' retrieved from /home/airflow/.local/lib/python3.12/site-packages/airflow/example_dags/example_short_circuit_decorator.py
[2026-07-01T09:40:52.888+0000] {logging_mixin.py:190} INFO - [2026-07-01T09:40:52.887+0000] {dag.py:3211} INFO - Sync 1 DAGs
[2026-07-01T09:40:52.903+0000] {logging_mixin.py:190} INFO - [2026-07-01T09:40:52.903+0000] {dag.py:4138} INFO - Setting next_dagrun for example_short_circuit_decorator to 2026-06-30 00:00:00+00:00, run_after=2026-07-01 00:00:00+00:00
[2026-07-01T09:40:52.915+0000] {processor.py:208} INFO - Processing /home/airflow/.local/lib/python3.12/site-packages/airflow/example_dags/example_short_circuit_decorator.py took 0.060 seconds
[2026-07-01T09:41:23.306+0000] {processor.py:186} INFO - Started process (PID=3438) to work on /home/airflow/.local/lib/python3.12/site-packages/airflow/example_dags/example_short_circuit_decorator.py
[2026-07-01T09:41:23.307+0000] {processor.py:914} INFO - Processing file /home/airflow/.local/lib/python3.12/site-packages/airflow/example_dags/example_short_circuit_decorator.py for tasks to queue
[2026-07-01T09:41:23.309+0000] {logging_mixin.py:190} INFO - [2026-07-01T09:41:23.308+0000] {dagbag.py:587} INFO - Filling up the DagBag from /home/airflow/.local/lib/python3.12/site-packages/airflow/example_dags/example_short_circuit_decorator.py
[2026-07-01T09:41:23.316+0000] {processor.py:925} INFO - DAG(s) 'example_short_circuit_decorator' retrieved from /home/airflow/.local/lib/python3.12/site-packages/airflow/example_dags/example_short_circuit_decorator.py
[2026-07-01T09:41:23.332+0000] {logging_mixin.py:190} INFO - [2026-07-01T09:41:23.332+0000] {dag.py:3211} INFO - Sync 1 DAGs
[2026-07-01T09:41:23.346+0000] {logging_mixin.py:190} INFO - [2026-07-01T09:41:23.346+0000] {dag.py:4138} INFO - Setting next_dagrun for example_short_circuit_decorator to 2026-06-30 00:00:00+00:00, run_after=2026-07-01 00:00:00+00:00
[2026-07-01T09:41:23.358+0000] {processor.py:208} INFO - Processing /home/airflow/.local/lib/python3.12/site-packages/airflow/example_dags/example_short_circuit_decorator.py took 0.057 seconds
[2026-07-01T09:41:53.534+0000] {processor.py:186} INFO - Started process (PID=3500) to work on /home/airflow/.local/lib/python3.12/site-packages/airflow/example_dags/example_short_circuit_decorator.py
[2026-07-01T09:41:53.535+0000] {processor.py:914} INFO - Processing file /home/airflow/.local/lib/python3.12/site-packages/airflow/example_dags/example_short_circuit_decorator.py for tasks to queue
[2026-07-01T09:41:53.537+0000] {logging_mixin.py:190} INFO - [2026-07-01T09:41:53.537+0000] {dagbag.py:587} INFO - Filling up the DagBag from /home/airflow/.local/lib/python3.12/site-packages/airflow/example_dags/example_short_circuit_decorator.py
[2026-07-01T09:41:53.546+0000] {processor.py:925} INFO - DAG(s) 'example_short_circuit_decorator' retrieved from /home/airflow/.local/lib/python3.12/site-packages/airflow/example_dags/example_short_circuit_decorator.py
[2026-07-01T09:41:53.565+0000] {logging_mixin.py:190} INFO - [2026-07-01T09:41:53.565+0000] {dag.py:3211} INFO - Sync 1 DAGs
[2026-07-01T09:41:53.582+0000] {logging_mixin.py:190} INFO - [2026-07-01T09:41:53.581+0000] {dag.py:4138} INFO - Setting next_dagrun for example_short_circuit_decorator to 2026-06-30 00:00:00+00:00, run_after=2026-07-01 00:00:00+00:00
[2026-07-01T09:41:53.595+0000] {processor.py:208} INFO - Processing /home/airflow/.local/lib/python3.12/site-packages/airflow/example_dags/example_short_circuit_decorator.py took 0.069 seconds
[2026-07-01T09:42:23.925+0000] {processor.py:186} INFO - Started process (PID=3562) to work on /home/airflow/.local/lib/python3.12/site-packages/airflow/example_dags/example_short_circuit_decorator.py
[2026-07-01T09:42:23.926+0000] {processor.py:914} INFO - Processing file /home/airflow/.local/lib/python3.12/site-packages/airflow/example_dags/example_short_circuit_decorator.py for tasks to queue
[2026-07-01T09:42:23.928+0000] {logging_mixin.py:190} INFO - [2026-07-01T09:42:23.927+0000] {dagbag.py:587} INFO - Filling up the DagBag from /home/airflow/.local/lib/python3.12/site-packages/airflow/example_dags/example_short_circuit_decorator.py
[2026-07-01T09:42:23.937+0000] {processor.py:925} INFO - DAG(s) 'example_short_circuit_decorator' retrieved from /home/airflow/.local/lib/python3.12/site-packages/airflow/example_dags/example_short_circuit_decorator.py
[2026-07-01T09:42:23.957+0000] {logging_mixin.py:190} INFO - [2026-07-01T09:42:23.957+0000] {dag.py:3211} INFO - Sync 1 DAGs
[2026-07-01T09:42:23.973+0000] {logging_mixin.py:190} INFO - [2026-07-01T09:42:23.973+0000] {dag.py:4138} INFO - Setting next_dagrun for example_short_circuit_decorator to 2026-06-30 00:00:00+00:00, run_after=2026-07-01 00:00:00+00:00
[2026-07-01T09:42:23.989+0000] {processor.py:208} INFO - Processing /home/airflow/.local/lib/python3.12/site-packages/airflow/example_dags/example_short_circuit_decorator.py took 0.070 seconds
[2026-07-01T09:42:54.406+0000] {processor.py:186} INFO - Started process (PID=3624) to work on /home/airflow/.local/lib/python3.12/site-packages/airflow/example_dags/example_short_circuit_decorator.py
[2026-07-01T09:42:54.408+0000] {processor.py:914} INFO - Processing file /home/airflow/.local/lib/python3.12/site-packages/airflow/example_dags/example_short_circuit_decorator.py for tasks to queue
[2026-07-01T09:42:54.410+0000] {logging_mixin.py:190} INFO - [2026-07-01T09:42:54.410+0000] {dagbag.py:587} INFO - Filling up the DagBag from /home/airflow/.local/lib/python3.12/site-packages/airflow/example_dags/example_short_circuit_decorator.py
[2026-07-01T09:42:54.418+0000] {processor.py:925} INFO - DAG(s) 'example_short_circuit_decorator' retrieved from /home/airflow/.local/lib/python3.12/site-packages/airflow/example_dags/example_short_circuit_decorator.py
[2026-07-01T09:42:54.435+0000] {logging_mixin.py:190} INFO - [2026-07-01T09:42:54.434+0000] {dag.py:3211} INFO - Sync 1 DAGs
[2026-07-01T09:42:54.451+0000] {logging_mixin.py:190} INFO - [2026-07-01T09:42:54.451+0000] {dag.py:4138} INFO - Setting next_dagrun for example_short_circuit_decorator to 2026-06-30 00:00:00+00:00, run_after=2026-07-01 00:00:00+00:00
[2026-07-01T09:42:54.464+0000] {processor.py:208} INFO - Processing /home/airflow/.local/lib/python3.12/site-packages/airflow/example_dags/example_short_circuit_decorator.py took 0.062 seconds
[2026-07-01T09:43:24.550+0000] {processor.py:186} INFO - Started process (PID=3686) to work on /home/airflow/.local/lib/python3.12/site-packages/airflow/example_dags/example_short_circuit_decorator.py
[2026-07-01T09:43:24.552+0000] {processor.py:914} INFO - Processing file /home/airflow/.local/lib/python3.12/site-packages/airflow/example_dags/example_short_circuit_decorator.py for tasks to queue
[2026-07-01T09:43:24.555+0000] {logging_mixin.py:190} INFO - [2026-07-01T09:43:24.555+0000] {dagbag.py:587} INFO - Filling up the DagBag from /home/airflow/.local/lib/python3.12/site-packages/airflow/example_dags/example_short_circuit_decorator.py
[2026-07-01T09:43:24.565+0000] {processor.py:925} INFO - DAG(s) 'example_short_circuit_decorator' retrieved from /home/airflow/.local/lib/python3.12/site-packages/airflow/example_dags/example_short_circuit_decorator.py
[2026-07-01T09:43:24.583+0000] {logging_mixin.py:190} INFO - [2026-07-01T09:43:24.583+0000] {dag.py:3211} INFO - Sync 1 DAGs
[2026-07-01T09:43:24.599+0000] {logging_mixin.py:190} INFO - [2026-07-01T09:43:24.599+0000] {dag.py:4138} INFO - Setting next_dagrun for example_short_circuit_decorator to 2026-06-30 00:00:00+00:00, run_after=2026-07-01 00:00:00+00:00
[2026-07-01T09:43:24.614+0000] {processor.py:208} INFO - Processing /home/airflow/.local/lib/python3.12/site-packages/airflow/example_dags/example_short_circuit_decorator.py took 0.069 seconds
[2026-07-01T09:43:55.030+0000] {processor.py:186} INFO - Started process (PID=3748) to work on /home/airflow/.local/lib/python3.12/site-packages/airflow/example_dags/example_short_circuit_decorator.py
[2026-07-01T09:43:55.031+0000] {processor.py:914} INFO - Processing file /home/airflow/.local/lib/python3.12/site-packages/airflow/example_dags/example_short_circuit_decorator.py for tasks to queue
[2026-07-01T09:43:55.033+0000] {logging_mixin.py:190} INFO - [2026-07-01T09:43:55.033+0000] {dagbag.py:587} INFO - Filling up the DagBag from /home/airflow/.local/lib/python3.12/site-packages/airflow/example_dags/example_short_circuit_decorator.py
[2026-07-01T09:43:55.041+0000] {processor.py:925} INFO - DAG(s) 'example_short_circuit_decorator' retrieved from /home/airflow/.local/lib/python3.12/site-packages/airflow/example_dags/example_short_circuit_decorator.py
[2026-07-01T09:43:55.057+0000] {logging_mixin.py:190} INFO - [2026-07-01T09:43:55.057+0000] {dag.py:3211} INFO - Sync 1 DAGs
[2026-07-01T09:43:55.072+0000] {logging_mixin.py:190} INFO - [2026-07-01T09:43:55.071+0000] {dag.py:4138} INFO - Setting next_dagrun for example_short_circuit_decorator to 2026-06-30 00:00:00+00:00, run_after=2026-07-01 00:00:00+00:00
[2026-07-01T09:43:55.085+0000] {processor.py:208} INFO - Processing /home/airflow/.local/lib/python3.12/site-packages/airflow/example_dags/example_short_circuit_decorator.py took 0.060 seconds
[2026-07-01T09:44:25.283+0000] {processor.py:186} INFO - Started process (PID=3810) to work on /home/airflow/.local/lib/python3.12/site-packages/airflow/example_dags/example_short_circuit_decorator.py
[2026-07-01T09:44:25.284+0000] {processor.py:914} INFO - Processing file /home/airflow/.local/lib/python3.12/site-packages/airflow/example_dags/example_short_circuit_decorator.py for tasks to queue
[2026-07-01T09:44:25.287+0000] {logging_mixin.py:190} INFO - [2026-07-01T09:44:25.286+0000] {dagbag.py:587} INFO - Filling up the DagBag from /home/airflow/.local/lib/python3.12/site-packages/airflow/example_dags/example_short_circuit_decorator.py
[2026-07-01T09:44:25.295+0000] {processor.py:925} INFO - DAG(s) 'example_short_circuit_decorator' retrieved from /home/airflow/.local/lib/python3.12/site-packages/airflow/example_dags/example_short_circuit_decorator.py
[2026-07-01T09:44:25.313+0000] {logging_mixin.py:190} INFO - [2026-07-01T09:44:25.313+0000] {dag.py:3211} INFO - Sync 1 DAGs
[2026-07-01T09:44:25.334+0000] {logging_mixin.py:190} INFO - [2026-07-01T09:44:25.334+0000] {dag.py:4138} INFO - Setting next_dagrun for example_short_circuit_decorator to 2026-06-30 00:00:00+00:00, run_after=2026-07-01 00:00:00+00:00
[2026-07-01T09:44:25.348+0000] {processor.py:208} INFO - Processing /home/airflow/.local/lib/python3.12/site-packages/airflow/example_dags/example_short_circuit_decorator.py took 0.070 seconds
[2026-07-01T09:44:55.655+0000] {processor.py:186} INFO - Started process (PID=3872) to work on /home/airflow/.local/lib/python3.12/site-packages/airflow/example_dags/example_short_circuit_decorator.py
[2026-07-01T09:44:55.656+0000] {processor.py:914} INFO - Processing file /home/airflow/.local/lib/python3.12/site-packages/airflow/example_dags/example_short_circuit_decorator.py for tasks to queue
[2026-07-01T09:44:55.658+0000] {logging_mixin.py:190} INFO - [2026-07-01T09:44:55.658+0000] {dagbag.py:587} INFO - Filling up the DagBag from /home/airflow/.local/lib/python3.12/site-packages/airflow/example_dags/example_short_circuit_decorator.py
[2026-07-01T09:44:55.666+0000] {processor.py:925} INFO - DAG(s) 'example_short_circuit_decorator' retrieved from /home/airflow/.local/lib/python3.12/site-packages/airflow/example_dags/example_short_circuit_decorator.py
[2026-07-01T09:44:55.683+0000] {logging_mixin.py:190} INFO - [2026-07-01T09:44:55.682+0000] {dag.py:3211} INFO - Sync 1 DAGs
[2026-07-01T09:44:55.698+0000] {logging_mixin.py:190} INFO - [2026-07-01T09:44:55.698+0000] {dag.py:4138} INFO - Setting next_dagrun for example_short_circuit_decorator to 2026-06-30 00:00:00+00:00, run_after=2026-07-01 00:00:00+00:00
[2026-07-01T09:44:55.712+0000] {processor.py:208} INFO - Processing /home/airflow/.local/lib/python3.12/site-packages/airflow/example_dags/example_short_circuit_decorator.py took 0.061 seconds
[2026-07-01T09:45:26.091+0000] {processor.py:186} INFO - Started process (PID=3934) to work on /home/airflow/.local/lib/python3.12/site-packages/airflow/example_dags/example_short_circuit_decorator.py
[2026-07-01T09:45:26.093+0000] {processor.py:914} INFO - Processing file /home/airflow/.local/lib/python3.12/site-packages/airflow/example_dags/example_short_circuit_decorator.py for tasks to queue
[2026-07-01T09:45:26.095+0000] {logging_mixin.py:190} INFO - [2026-07-01T09:45:26.095+0000] {dagbag.py:587} INFO - Filling up the DagBag from /home/airflow/.local/lib/python3.12/site-packages/airflow/example_dags/example_short_circuit_decorator.py
[2026-07-01T09:45:26.104+0000] {processor.py:925} INFO - DAG(s) 'example_short_circuit_decorator' retrieved from /home/airflow/.local/lib/python3.12/site-packages/airflow/example_dags/example_short_circuit_decorator.py
[2026-07-01T09:45:26.124+0000] {logging_mixin.py:190} INFO - [2026-07-01T09:45:26.124+0000] {dag.py:3211} INFO - Sync 1 DAGs
[2026-07-01T09:45:26.143+0000] {logging_mixin.py:190} INFO - [2026-07-01T09:45:26.143+0000] {dag.py:4138} INFO - Setting next_dagrun for example_short_circuit_decorator to 2026-06-30 00:00:00+00:00, run_after=2026-07-01 00:00:00+00:00
[2026-07-01T09:45:26.160+0000] {processor.py:208} INFO - Processing /home/airflow/.local/lib/python3.12/site-packages/airflow/example_dags/example_short_circuit_decorator.py took 0.073 seconds
