[2026-07-01T09:09:42.407+0000] {processor.py:186} INFO - Started process (PID=108) to work on /home/airflow/.local/lib/python3.12/site-packages/airflow/example_dags/example_task_group_decorator.py
[2026-07-01T09:09:42.408+0000] {processor.py:914} INFO - Processing file /home/airflow/.local/lib/python3.12/site-packages/airflow/example_dags/example_task_group_decorator.py for tasks to queue
[2026-07-01T09:09:42.410+0000] {logging_mixin.py:190} INFO - [2026-07-01T09:09:42.410+0000] {dagbag.py:587} INFO - Filling up the DagBag from /home/airflow/.local/lib/python3.12/site-packages/airflow/example_dags/example_task_group_decorator.py
[2026-07-01T09:09:42.423+0000] {processor.py:925} INFO - DAG(s) 'example_task_group_decorator' retrieved from /home/airflow/.local/lib/python3.12/site-packages/airflow/example_dags/example_task_group_decorator.py
[2026-07-01T09:09:42.498+0000] {logging_mixin.py:190} INFO - [2026-07-01T09:09:42.498+0000] {override.py:1858} INFO - Created Permission View: can read on DAG:example_task_group_decorator
[2026-07-01T09:09:42.505+0000] {logging_mixin.py:190} INFO - [2026-07-01T09:09:42.505+0000] {override.py:1858} INFO - Created Permission View: can delete on DAG:example_task_group_decorator
[2026-07-01T09:09:42.509+0000] {logging_mixin.py:190} INFO - [2026-07-01T09:09:42.509+0000] {override.py:1858} INFO - Created Permission View: can edit on DAG:example_task_group_decorator
[2026-07-01T09:09:42.510+0000] {logging_mixin.py:190} INFO - [2026-07-01T09:09:42.510+0000] {dag.py:3211} INFO - Sync 1 DAGs
[2026-07-01T09:09:42.519+0000] {logging_mixin.py:190} INFO - [2026-07-01T09:09:42.519+0000] {dag.py:3234} INFO - Creating ORM DAG for example_task_group_decorator
[2026-07-01T09:09:42.526+0000] {logging_mixin.py:190} INFO - [2026-07-01T09:09:42.526+0000] {dag.py:4138} INFO - Setting next_dagrun for example_task_group_decorator to 2026-06-30 00:00:00+00:00, run_after=2026-07-01 00:00:00+00:00
[2026-07-01T09:09:42.537+0000] {processor.py:208} INFO - Processing /home/airflow/.local/lib/python3.12/site-packages/airflow/example_dags/example_task_group_decorator.py took 0.136 seconds
[2026-07-01T09:10:13.378+0000] {processor.py:186} INFO - Started process (PID=170) to work on /home/airflow/.local/lib/python3.12/site-packages/airflow/example_dags/example_task_group_decorator.py
[2026-07-01T09:10:13.379+0000] {processor.py:914} INFO - Processing file /home/airflow/.local/lib/python3.12/site-packages/airflow/example_dags/example_task_group_decorator.py for tasks to queue
[2026-07-01T09:10:13.381+0000] {logging_mixin.py:190} INFO - [2026-07-01T09:10:13.381+0000] {dagbag.py:587} INFO - Filling up the DagBag from /home/airflow/.local/lib/python3.12/site-packages/airflow/example_dags/example_task_group_decorator.py
[2026-07-01T09:10:13.391+0000] {processor.py:925} INFO - DAG(s) 'example_task_group_decorator' retrieved from /home/airflow/.local/lib/python3.12/site-packages/airflow/example_dags/example_task_group_decorator.py
[2026-07-01T09:10:13.407+0000] {logging_mixin.py:190} INFO - [2026-07-01T09:10:13.407+0000] {dag.py:3211} INFO - Sync 1 DAGs
[2026-07-01T09:10:13.421+0000] {logging_mixin.py:190} INFO - [2026-07-01T09:10:13.421+0000] {dag.py:4138} INFO - Setting next_dagrun for example_task_group_decorator to 2026-06-30 00:00:00+00:00, run_after=2026-07-01 00:00:00+00:00
[2026-07-01T09:10:13.431+0000] {processor.py:208} INFO - Processing /home/airflow/.local/lib/python3.12/site-packages/airflow/example_dags/example_task_group_decorator.py took 0.057 seconds
[2026-07-01T09:10:43.543+0000] {processor.py:186} INFO - Started process (PID=232) to work on /home/airflow/.local/lib/python3.12/site-packages/airflow/example_dags/example_task_group_decorator.py
[2026-07-01T09:10:43.543+0000] {processor.py:914} INFO - Processing file /home/airflow/.local/lib/python3.12/site-packages/airflow/example_dags/example_task_group_decorator.py for tasks to queue
[2026-07-01T09:10:43.545+0000] {logging_mixin.py:190} INFO - [2026-07-01T09:10:43.545+0000] {dagbag.py:587} INFO - Filling up the DagBag from /home/airflow/.local/lib/python3.12/site-packages/airflow/example_dags/example_task_group_decorator.py
[2026-07-01T09:10:43.555+0000] {processor.py:925} INFO - DAG(s) 'example_task_group_decorator' retrieved from /home/airflow/.local/lib/python3.12/site-packages/airflow/example_dags/example_task_group_decorator.py
[2026-07-01T09:10:43.572+0000] {logging_mixin.py:190} INFO - [2026-07-01T09:10:43.572+0000] {dag.py:3211} INFO - Sync 1 DAGs
[2026-07-01T09:10:43.590+0000] {logging_mixin.py:190} INFO - [2026-07-01T09:10:43.590+0000] {dag.py:4138} INFO - Setting next_dagrun for example_task_group_decorator to 2026-06-30 00:00:00+00:00, run_after=2026-07-01 00:00:00+00:00
[2026-07-01T09:10:43.603+0000] {processor.py:208} INFO - Processing /home/airflow/.local/lib/python3.12/site-packages/airflow/example_dags/example_task_group_decorator.py took 0.064 seconds
[2026-07-01T09:11:13.742+0000] {processor.py:186} INFO - Started process (PID=294) to work on /home/airflow/.local/lib/python3.12/site-packages/airflow/example_dags/example_task_group_decorator.py
[2026-07-01T09:11:13.743+0000] {processor.py:914} INFO - Processing file /home/airflow/.local/lib/python3.12/site-packages/airflow/example_dags/example_task_group_decorator.py for tasks to queue
[2026-07-01T09:11:13.745+0000] {logging_mixin.py:190} INFO - [2026-07-01T09:11:13.745+0000] {dagbag.py:587} INFO - Filling up the DagBag from /home/airflow/.local/lib/python3.12/site-packages/airflow/example_dags/example_task_group_decorator.py
[2026-07-01T09:11:13.757+0000] {processor.py:925} INFO - DAG(s) 'example_task_group_decorator' retrieved from /home/airflow/.local/lib/python3.12/site-packages/airflow/example_dags/example_task_group_decorator.py
[2026-07-01T09:11:13.773+0000] {logging_mixin.py:190} INFO - [2026-07-01T09:11:13.773+0000] {dag.py:3211} INFO - Sync 1 DAGs
[2026-07-01T09:11:13.787+0000] {logging_mixin.py:190} INFO - [2026-07-01T09:11:13.787+0000] {dag.py:4138} INFO - Setting next_dagrun for example_task_group_decorator to 2026-06-30 00:00:00+00:00, run_after=2026-07-01 00:00:00+00:00
[2026-07-01T09:11:13.798+0000] {processor.py:208} INFO - Processing /home/airflow/.local/lib/python3.12/site-packages/airflow/example_dags/example_task_group_decorator.py took 0.060 seconds
[2026-07-01T09:11:44.242+0000] {processor.py:186} INFO - Started process (PID=356) to work on /home/airflow/.local/lib/python3.12/site-packages/airflow/example_dags/example_task_group_decorator.py
[2026-07-01T09:11:44.243+0000] {processor.py:914} INFO - Processing file /home/airflow/.local/lib/python3.12/site-packages/airflow/example_dags/example_task_group_decorator.py for tasks to queue
[2026-07-01T09:11:44.245+0000] {logging_mixin.py:190} INFO - [2026-07-01T09:11:44.245+0000] {dagbag.py:587} INFO - Filling up the DagBag from /home/airflow/.local/lib/python3.12/site-packages/airflow/example_dags/example_task_group_decorator.py
[2026-07-01T09:11:44.256+0000] {processor.py:925} INFO - DAG(s) 'example_task_group_decorator' retrieved from /home/airflow/.local/lib/python3.12/site-packages/airflow/example_dags/example_task_group_decorator.py
[2026-07-01T09:11:44.273+0000] {logging_mixin.py:190} INFO - [2026-07-01T09:11:44.273+0000] {dag.py:3211} INFO - Sync 1 DAGs
[2026-07-01T09:11:44.290+0000] {logging_mixin.py:190} INFO - [2026-07-01T09:11:44.290+0000] {dag.py:4138} INFO - Setting next_dagrun for example_task_group_decorator to 2026-06-30 00:00:00+00:00, run_after=2026-07-01 00:00:00+00:00
[2026-07-01T09:11:44.305+0000] {processor.py:208} INFO - Processing /home/airflow/.local/lib/python3.12/site-packages/airflow/example_dags/example_task_group_decorator.py took 0.068 seconds
[2026-07-01T09:12:14.510+0000] {processor.py:186} INFO - Started process (PID=418) to work on /home/airflow/.local/lib/python3.12/site-packages/airflow/example_dags/example_task_group_decorator.py
[2026-07-01T09:12:14.511+0000] {processor.py:914} INFO - Processing file /home/airflow/.local/lib/python3.12/site-packages/airflow/example_dags/example_task_group_decorator.py for tasks to queue
[2026-07-01T09:12:14.514+0000] {logging_mixin.py:190} INFO - [2026-07-01T09:12:14.514+0000] {dagbag.py:587} INFO - Filling up the DagBag from /home/airflow/.local/lib/python3.12/site-packages/airflow/example_dags/example_task_group_decorator.py
[2026-07-01T09:12:14.529+0000] {processor.py:925} INFO - DAG(s) 'example_task_group_decorator' retrieved from /home/airflow/.local/lib/python3.12/site-packages/airflow/example_dags/example_task_group_decorator.py
[2026-07-01T09:12:14.551+0000] {logging_mixin.py:190} INFO - [2026-07-01T09:12:14.550+0000] {dag.py:3211} INFO - Sync 1 DAGs
[2026-07-01T09:12:14.580+0000] {logging_mixin.py:190} INFO - [2026-07-01T09:12:14.580+0000] {dag.py:4138} INFO - Setting next_dagrun for example_task_group_decorator to 2026-06-30 00:00:00+00:00, run_after=2026-07-01 00:00:00+00:00
[2026-07-01T09:12:14.600+0000] {processor.py:208} INFO - Processing /home/airflow/.local/lib/python3.12/site-packages/airflow/example_dags/example_task_group_decorator.py took 0.095 seconds
[2026-07-01T09:12:44.967+0000] {processor.py:186} INFO - Started process (PID=480) to work on /home/airflow/.local/lib/python3.12/site-packages/airflow/example_dags/example_task_group_decorator.py
[2026-07-01T09:12:44.968+0000] {processor.py:914} INFO - Processing file /home/airflow/.local/lib/python3.12/site-packages/airflow/example_dags/example_task_group_decorator.py for tasks to queue
[2026-07-01T09:12:44.970+0000] {logging_mixin.py:190} INFO - [2026-07-01T09:12:44.970+0000] {dagbag.py:587} INFO - Filling up the DagBag from /home/airflow/.local/lib/python3.12/site-packages/airflow/example_dags/example_task_group_decorator.py
[2026-07-01T09:12:44.980+0000] {processor.py:925} INFO - DAG(s) 'example_task_group_decorator' retrieved from /home/airflow/.local/lib/python3.12/site-packages/airflow/example_dags/example_task_group_decorator.py
[2026-07-01T09:12:44.996+0000] {logging_mixin.py:190} INFO - [2026-07-01T09:12:44.995+0000] {dag.py:3211} INFO - Sync 1 DAGs
[2026-07-01T09:12:45.009+0000] {logging_mixin.py:190} INFO - [2026-07-01T09:12:45.009+0000] {dag.py:4138} INFO - Setting next_dagrun for example_task_group_decorator to 2026-06-30 00:00:00+00:00, run_after=2026-07-01 00:00:00+00:00
[2026-07-01T09:12:45.020+0000] {processor.py:208} INFO - Processing /home/airflow/.local/lib/python3.12/site-packages/airflow/example_dags/example_task_group_decorator.py took 0.057 seconds
[2026-07-01T09:13:15.432+0000] {processor.py:186} INFO - Started process (PID=542) to work on /home/airflow/.local/lib/python3.12/site-packages/airflow/example_dags/example_task_group_decorator.py
[2026-07-01T09:13:15.433+0000] {processor.py:914} INFO - Processing file /home/airflow/.local/lib/python3.12/site-packages/airflow/example_dags/example_task_group_decorator.py for tasks to queue
[2026-07-01T09:13:15.435+0000] {logging_mixin.py:190} INFO - [2026-07-01T09:13:15.434+0000] {dagbag.py:587} INFO - Filling up the DagBag from /home/airflow/.local/lib/python3.12/site-packages/airflow/example_dags/example_task_group_decorator.py
[2026-07-01T09:13:15.445+0000] {processor.py:925} INFO - DAG(s) 'example_task_group_decorator' retrieved from /home/airflow/.local/lib/python3.12/site-packages/airflow/example_dags/example_task_group_decorator.py
[2026-07-01T09:13:15.460+0000] {logging_mixin.py:190} INFO - [2026-07-01T09:13:15.460+0000] {dag.py:3211} INFO - Sync 1 DAGs
[2026-07-01T09:13:15.473+0000] {logging_mixin.py:190} INFO - [2026-07-01T09:13:15.473+0000] {dag.py:4138} INFO - Setting next_dagrun for example_task_group_decorator to 2026-06-30 00:00:00+00:00, run_after=2026-07-01 00:00:00+00:00
[2026-07-01T09:13:15.484+0000] {processor.py:208} INFO - Processing /home/airflow/.local/lib/python3.12/site-packages/airflow/example_dags/example_task_group_decorator.py took 0.056 seconds
[2026-07-01T09:13:46.391+0000] {processor.py:186} INFO - Started process (PID=604) to work on /home/airflow/.local/lib/python3.12/site-packages/airflow/example_dags/example_task_group_decorator.py
[2026-07-01T09:13:46.392+0000] {processor.py:914} INFO - Processing file /home/airflow/.local/lib/python3.12/site-packages/airflow/example_dags/example_task_group_decorator.py for tasks to queue
[2026-07-01T09:13:46.394+0000] {logging_mixin.py:190} INFO - [2026-07-01T09:13:46.394+0000] {dagbag.py:587} INFO - Filling up the DagBag from /home/airflow/.local/lib/python3.12/site-packages/airflow/example_dags/example_task_group_decorator.py
[2026-07-01T09:13:46.405+0000] {processor.py:925} INFO - DAG(s) 'example_task_group_decorator' retrieved from /home/airflow/.local/lib/python3.12/site-packages/airflow/example_dags/example_task_group_decorator.py
[2026-07-01T09:13:46.422+0000] {logging_mixin.py:190} INFO - [2026-07-01T09:13:46.422+0000] {dag.py:3211} INFO - Sync 1 DAGs
[2026-07-01T09:13:46.438+0000] {logging_mixin.py:190} INFO - [2026-07-01T09:13:46.438+0000] {dag.py:4138} INFO - Setting next_dagrun for example_task_group_decorator to 2026-06-30 00:00:00+00:00, run_after=2026-07-01 00:00:00+00:00
[2026-07-01T09:13:46.450+0000] {processor.py:208} INFO - Processing /home/airflow/.local/lib/python3.12/site-packages/airflow/example_dags/example_task_group_decorator.py took 0.063 seconds
[2026-07-01T09:14:16.630+0000] {processor.py:186} INFO - Started process (PID=666) to work on /home/airflow/.local/lib/python3.12/site-packages/airflow/example_dags/example_task_group_decorator.py
[2026-07-01T09:14:16.631+0000] {processor.py:914} INFO - Processing file /home/airflow/.local/lib/python3.12/site-packages/airflow/example_dags/example_task_group_decorator.py for tasks to queue
[2026-07-01T09:14:16.634+0000] {logging_mixin.py:190} INFO - [2026-07-01T09:14:16.633+0000] {dagbag.py:587} INFO - Filling up the DagBag from /home/airflow/.local/lib/python3.12/site-packages/airflow/example_dags/example_task_group_decorator.py
[2026-07-01T09:14:16.645+0000] {processor.py:925} INFO - DAG(s) 'example_task_group_decorator' retrieved from /home/airflow/.local/lib/python3.12/site-packages/airflow/example_dags/example_task_group_decorator.py
[2026-07-01T09:14:16.664+0000] {logging_mixin.py:190} INFO - [2026-07-01T09:14:16.663+0000] {dag.py:3211} INFO - Sync 1 DAGs
[2026-07-01T09:14:16.679+0000] {logging_mixin.py:190} INFO - [2026-07-01T09:14:16.679+0000] {dag.py:4138} INFO - Setting next_dagrun for example_task_group_decorator to 2026-06-30 00:00:00+00:00, run_after=2026-07-01 00:00:00+00:00
[2026-07-01T09:14:16.692+0000] {processor.py:208} INFO - Processing /home/airflow/.local/lib/python3.12/site-packages/airflow/example_dags/example_task_group_decorator.py took 0.066 seconds
[2026-07-01T09:14:46.757+0000] {processor.py:186} INFO - Started process (PID=728) to work on /home/airflow/.local/lib/python3.12/site-packages/airflow/example_dags/example_task_group_decorator.py
[2026-07-01T09:14:46.758+0000] {processor.py:914} INFO - Processing file /home/airflow/.local/lib/python3.12/site-packages/airflow/example_dags/example_task_group_decorator.py for tasks to queue
[2026-07-01T09:14:46.760+0000] {logging_mixin.py:190} INFO - [2026-07-01T09:14:46.760+0000] {dagbag.py:587} INFO - Filling up the DagBag from /home/airflow/.local/lib/python3.12/site-packages/airflow/example_dags/example_task_group_decorator.py
[2026-07-01T09:14:46.770+0000] {processor.py:925} INFO - DAG(s) 'example_task_group_decorator' retrieved from /home/airflow/.local/lib/python3.12/site-packages/airflow/example_dags/example_task_group_decorator.py
[2026-07-01T09:14:46.787+0000] {logging_mixin.py:190} INFO - [2026-07-01T09:14:46.786+0000] {dag.py:3211} INFO - Sync 1 DAGs
[2026-07-01T09:14:46.801+0000] {logging_mixin.py:190} INFO - [2026-07-01T09:14:46.801+0000] {dag.py:4138} INFO - Setting next_dagrun for example_task_group_decorator to 2026-06-30 00:00:00+00:00, run_after=2026-07-01 00:00:00+00:00
[2026-07-01T09:14:46.814+0000] {processor.py:208} INFO - Processing /home/airflow/.local/lib/python3.12/site-packages/airflow/example_dags/example_task_group_decorator.py took 0.061 seconds
[2026-07-01T09:15:17.620+0000] {processor.py:186} INFO - Started process (PID=790) to work on /home/airflow/.local/lib/python3.12/site-packages/airflow/example_dags/example_task_group_decorator.py
[2026-07-01T09:15:17.621+0000] {processor.py:914} INFO - Processing file /home/airflow/.local/lib/python3.12/site-packages/airflow/example_dags/example_task_group_decorator.py for tasks to queue
[2026-07-01T09:15:17.623+0000] {logging_mixin.py:190} INFO - [2026-07-01T09:15:17.622+0000] {dagbag.py:587} INFO - Filling up the DagBag from /home/airflow/.local/lib/python3.12/site-packages/airflow/example_dags/example_task_group_decorator.py
[2026-07-01T09:15:17.633+0000] {processor.py:925} INFO - DAG(s) 'example_task_group_decorator' retrieved from /home/airflow/.local/lib/python3.12/site-packages/airflow/example_dags/example_task_group_decorator.py
[2026-07-01T09:15:17.649+0000] {logging_mixin.py:190} INFO - [2026-07-01T09:15:17.648+0000] {dag.py:3211} INFO - Sync 1 DAGs
[2026-07-01T09:15:17.663+0000] {logging_mixin.py:190} INFO - [2026-07-01T09:15:17.663+0000] {dag.py:4138} INFO - Setting next_dagrun for example_task_group_decorator to 2026-06-30 00:00:00+00:00, run_after=2026-07-01 00:00:00+00:00
[2026-07-01T09:15:17.673+0000] {processor.py:208} INFO - Processing /home/airflow/.local/lib/python3.12/site-packages/airflow/example_dags/example_task_group_decorator.py took 0.058 seconds
[2026-07-01T09:15:48.597+0000] {processor.py:186} INFO - Started process (PID=852) to work on /home/airflow/.local/lib/python3.12/site-packages/airflow/example_dags/example_task_group_decorator.py
[2026-07-01T09:15:48.598+0000] {processor.py:914} INFO - Processing file /home/airflow/.local/lib/python3.12/site-packages/airflow/example_dags/example_task_group_decorator.py for tasks to queue
[2026-07-01T09:15:48.601+0000] {logging_mixin.py:190} INFO - [2026-07-01T09:15:48.600+0000] {dagbag.py:587} INFO - Filling up the DagBag from /home/airflow/.local/lib/python3.12/site-packages/airflow/example_dags/example_task_group_decorator.py
[2026-07-01T09:15:48.613+0000] {processor.py:925} INFO - DAG(s) 'example_task_group_decorator' retrieved from /home/airflow/.local/lib/python3.12/site-packages/airflow/example_dags/example_task_group_decorator.py
[2026-07-01T09:15:48.633+0000] {logging_mixin.py:190} INFO - [2026-07-01T09:15:48.633+0000] {dag.py:3211} INFO - Sync 1 DAGs
[2026-07-01T09:15:48.663+0000] {logging_mixin.py:190} INFO - [2026-07-01T09:15:48.663+0000] {dag.py:4138} INFO - Setting next_dagrun for example_task_group_decorator to 2026-06-30 00:00:00+00:00, run_after=2026-07-01 00:00:00+00:00
[2026-07-01T09:15:48.684+0000] {processor.py:208} INFO - Processing /home/airflow/.local/lib/python3.12/site-packages/airflow/example_dags/example_task_group_decorator.py took 0.091 seconds
[2026-07-01T09:16:18.893+0000] {processor.py:186} INFO - Started process (PID=914) to work on /home/airflow/.local/lib/python3.12/site-packages/airflow/example_dags/example_task_group_decorator.py
[2026-07-01T09:16:18.894+0000] {processor.py:914} INFO - Processing file /home/airflow/.local/lib/python3.12/site-packages/airflow/example_dags/example_task_group_decorator.py for tasks to queue
[2026-07-01T09:16:18.896+0000] {logging_mixin.py:190} INFO - [2026-07-01T09:16:18.895+0000] {dagbag.py:587} INFO - Filling up the DagBag from /home/airflow/.local/lib/python3.12/site-packages/airflow/example_dags/example_task_group_decorator.py
[2026-07-01T09:16:18.906+0000] {processor.py:925} INFO - DAG(s) 'example_task_group_decorator' retrieved from /home/airflow/.local/lib/python3.12/site-packages/airflow/example_dags/example_task_group_decorator.py
[2026-07-01T09:16:18.927+0000] {logging_mixin.py:190} INFO - [2026-07-01T09:16:18.927+0000] {dag.py:3211} INFO - Sync 1 DAGs
[2026-07-01T09:16:18.946+0000] {logging_mixin.py:190} INFO - [2026-07-01T09:16:18.946+0000] {dag.py:4138} INFO - Setting next_dagrun for example_task_group_decorator to 2026-06-30 00:00:00+00:00, run_after=2026-07-01 00:00:00+00:00
[2026-07-01T09:16:18.961+0000] {processor.py:208} INFO - Processing /home/airflow/.local/lib/python3.12/site-packages/airflow/example_dags/example_task_group_decorator.py took 0.073 seconds
[2026-07-01T09:16:49.048+0000] {processor.py:186} INFO - Started process (PID=976) to work on /home/airflow/.local/lib/python3.12/site-packages/airflow/example_dags/example_task_group_decorator.py
[2026-07-01T09:16:49.050+0000] {processor.py:914} INFO - Processing file /home/airflow/.local/lib/python3.12/site-packages/airflow/example_dags/example_task_group_decorator.py for tasks to queue
[2026-07-01T09:16:49.052+0000] {logging_mixin.py:190} INFO - [2026-07-01T09:16:49.051+0000] {dagbag.py:587} INFO - Filling up the DagBag from /home/airflow/.local/lib/python3.12/site-packages/airflow/example_dags/example_task_group_decorator.py
[2026-07-01T09:16:49.063+0000] {processor.py:925} INFO - DAG(s) 'example_task_group_decorator' retrieved from /home/airflow/.local/lib/python3.12/site-packages/airflow/example_dags/example_task_group_decorator.py
[2026-07-01T09:16:49.081+0000] {logging_mixin.py:190} INFO - [2026-07-01T09:16:49.081+0000] {dag.py:3211} INFO - Sync 1 DAGs
[2026-07-01T09:16:49.097+0000] {logging_mixin.py:190} INFO - [2026-07-01T09:16:49.097+0000] {dag.py:4138} INFO - Setting next_dagrun for example_task_group_decorator to 2026-06-30 00:00:00+00:00, run_after=2026-07-01 00:00:00+00:00
[2026-07-01T09:16:49.108+0000] {processor.py:208} INFO - Processing /home/airflow/.local/lib/python3.12/site-packages/airflow/example_dags/example_task_group_decorator.py took 0.064 seconds
[2026-07-01T09:17:19.554+0000] {processor.py:186} INFO - Started process (PID=1038) to work on /home/airflow/.local/lib/python3.12/site-packages/airflow/example_dags/example_task_group_decorator.py
[2026-07-01T09:17:19.555+0000] {processor.py:914} INFO - Processing file /home/airflow/.local/lib/python3.12/site-packages/airflow/example_dags/example_task_group_decorator.py for tasks to queue
[2026-07-01T09:17:19.558+0000] {logging_mixin.py:190} INFO - [2026-07-01T09:17:19.558+0000] {dagbag.py:587} INFO - Filling up the DagBag from /home/airflow/.local/lib/python3.12/site-packages/airflow/example_dags/example_task_group_decorator.py
[2026-07-01T09:17:19.570+0000] {processor.py:925} INFO - DAG(s) 'example_task_group_decorator' retrieved from /home/airflow/.local/lib/python3.12/site-packages/airflow/example_dags/example_task_group_decorator.py
[2026-07-01T09:17:19.589+0000] {logging_mixin.py:190} INFO - [2026-07-01T09:17:19.589+0000] {dag.py:3211} INFO - Sync 1 DAGs
[2026-07-01T09:17:19.605+0000] {logging_mixin.py:190} INFO - [2026-07-01T09:17:19.605+0000] {dag.py:4138} INFO - Setting next_dagrun for example_task_group_decorator to 2026-06-30 00:00:00+00:00, run_after=2026-07-01 00:00:00+00:00
[2026-07-01T09:17:19.619+0000] {processor.py:208} INFO - Processing /home/airflow/.local/lib/python3.12/site-packages/airflow/example_dags/example_task_group_decorator.py took 0.070 seconds
[2026-07-01T09:17:49.764+0000] {processor.py:186} INFO - Started process (PID=1100) to work on /home/airflow/.local/lib/python3.12/site-packages/airflow/example_dags/example_task_group_decorator.py
[2026-07-01T09:17:49.765+0000] {processor.py:914} INFO - Processing file /home/airflow/.local/lib/python3.12/site-packages/airflow/example_dags/example_task_group_decorator.py for tasks to queue
[2026-07-01T09:17:49.767+0000] {logging_mixin.py:190} INFO - [2026-07-01T09:17:49.766+0000] {dagbag.py:587} INFO - Filling up the DagBag from /home/airflow/.local/lib/python3.12/site-packages/airflow/example_dags/example_task_group_decorator.py
[2026-07-01T09:17:49.779+0000] {processor.py:925} INFO - DAG(s) 'example_task_group_decorator' retrieved from /home/airflow/.local/lib/python3.12/site-packages/airflow/example_dags/example_task_group_decorator.py
[2026-07-01T09:17:49.799+0000] {logging_mixin.py:190} INFO - [2026-07-01T09:17:49.798+0000] {dag.py:3211} INFO - Sync 1 DAGs
[2026-07-01T09:17:49.816+0000] {logging_mixin.py:190} INFO - [2026-07-01T09:17:49.816+0000] {dag.py:4138} INFO - Setting next_dagrun for example_task_group_decorator to 2026-06-30 00:00:00+00:00, run_after=2026-07-01 00:00:00+00:00
[2026-07-01T09:17:49.829+0000] {processor.py:208} INFO - Processing /home/airflow/.local/lib/python3.12/site-packages/airflow/example_dags/example_task_group_decorator.py took 0.071 seconds
[2026-07-01T09:18:20.238+0000] {processor.py:186} INFO - Started process (PID=1162) to work on /home/airflow/.local/lib/python3.12/site-packages/airflow/example_dags/example_task_group_decorator.py
[2026-07-01T09:18:20.239+0000] {processor.py:914} INFO - Processing file /home/airflow/.local/lib/python3.12/site-packages/airflow/example_dags/example_task_group_decorator.py for tasks to queue
[2026-07-01T09:18:20.241+0000] {logging_mixin.py:190} INFO - [2026-07-01T09:18:20.241+0000] {dagbag.py:587} INFO - Filling up the DagBag from /home/airflow/.local/lib/python3.12/site-packages/airflow/example_dags/example_task_group_decorator.py
[2026-07-01T09:18:20.254+0000] {processor.py:925} INFO - DAG(s) 'example_task_group_decorator' retrieved from /home/airflow/.local/lib/python3.12/site-packages/airflow/example_dags/example_task_group_decorator.py
[2026-07-01T09:18:20.273+0000] {logging_mixin.py:190} INFO - [2026-07-01T09:18:20.273+0000] {dag.py:3211} INFO - Sync 1 DAGs
[2026-07-01T09:18:20.290+0000] {logging_mixin.py:190} INFO - [2026-07-01T09:18:20.290+0000] {dag.py:4138} INFO - Setting next_dagrun for example_task_group_decorator to 2026-06-30 00:00:00+00:00, run_after=2026-07-01 00:00:00+00:00
[2026-07-01T09:18:20.301+0000] {processor.py:208} INFO - Processing /home/airflow/.local/lib/python3.12/site-packages/airflow/example_dags/example_task_group_decorator.py took 0.068 seconds
[2026-07-01T09:18:51.200+0000] {processor.py:186} INFO - Started process (PID=1224) to work on /home/airflow/.local/lib/python3.12/site-packages/airflow/example_dags/example_task_group_decorator.py
[2026-07-01T09:18:51.203+0000] {processor.py:914} INFO - Processing file /home/airflow/.local/lib/python3.12/site-packages/airflow/example_dags/example_task_group_decorator.py for tasks to queue
[2026-07-01T09:18:51.205+0000] {logging_mixin.py:190} INFO - [2026-07-01T09:18:51.205+0000] {dagbag.py:587} INFO - Filling up the DagBag from /home/airflow/.local/lib/python3.12/site-packages/airflow/example_dags/example_task_group_decorator.py
[2026-07-01T09:18:51.216+0000] {processor.py:925} INFO - DAG(s) 'example_task_group_decorator' retrieved from /home/airflow/.local/lib/python3.12/site-packages/airflow/example_dags/example_task_group_decorator.py
[2026-07-01T09:18:51.233+0000] {logging_mixin.py:190} INFO - [2026-07-01T09:18:51.233+0000] {dag.py:3211} INFO - Sync 1 DAGs
[2026-07-01T09:18:51.249+0000] {logging_mixin.py:190} INFO - [2026-07-01T09:18:51.249+0000] {dag.py:4138} INFO - Setting next_dagrun for example_task_group_decorator to 2026-06-30 00:00:00+00:00, run_after=2026-07-01 00:00:00+00:00
[2026-07-01T09:18:51.261+0000] {processor.py:208} INFO - Processing /home/airflow/.local/lib/python3.12/site-packages/airflow/example_dags/example_task_group_decorator.py took 0.066 seconds
[2026-07-01T09:19:21.867+0000] {processor.py:186} INFO - Started process (PID=1286) to work on /home/airflow/.local/lib/python3.12/site-packages/airflow/example_dags/example_task_group_decorator.py
[2026-07-01T09:19:21.868+0000] {processor.py:914} INFO - Processing file /home/airflow/.local/lib/python3.12/site-packages/airflow/example_dags/example_task_group_decorator.py for tasks to queue
[2026-07-01T09:19:21.870+0000] {logging_mixin.py:190} INFO - [2026-07-01T09:19:21.869+0000] {dagbag.py:587} INFO - Filling up the DagBag from /home/airflow/.local/lib/python3.12/site-packages/airflow/example_dags/example_task_group_decorator.py
[2026-07-01T09:19:21.880+0000] {processor.py:925} INFO - DAG(s) 'example_task_group_decorator' retrieved from /home/airflow/.local/lib/python3.12/site-packages/airflow/example_dags/example_task_group_decorator.py
[2026-07-01T09:19:21.897+0000] {logging_mixin.py:190} INFO - [2026-07-01T09:19:21.897+0000] {dag.py:3211} INFO - Sync 1 DAGs
[2026-07-01T09:19:21.911+0000] {logging_mixin.py:190} INFO - [2026-07-01T09:19:21.911+0000] {dag.py:4138} INFO - Setting next_dagrun for example_task_group_decorator to 2026-06-30 00:00:00+00:00, run_after=2026-07-01 00:00:00+00:00
[2026-07-01T09:19:21.924+0000] {processor.py:208} INFO - Processing /home/airflow/.local/lib/python3.12/site-packages/airflow/example_dags/example_task_group_decorator.py took 0.061 seconds
[2026-07-01T09:19:52.607+0000] {processor.py:186} INFO - Started process (PID=1348) to work on /home/airflow/.local/lib/python3.12/site-packages/airflow/example_dags/example_task_group_decorator.py
[2026-07-01T09:19:52.608+0000] {processor.py:914} INFO - Processing file /home/airflow/.local/lib/python3.12/site-packages/airflow/example_dags/example_task_group_decorator.py for tasks to queue
[2026-07-01T09:19:52.610+0000] {logging_mixin.py:190} INFO - [2026-07-01T09:19:52.610+0000] {dagbag.py:587} INFO - Filling up the DagBag from /home/airflow/.local/lib/python3.12/site-packages/airflow/example_dags/example_task_group_decorator.py
[2026-07-01T09:19:52.620+0000] {processor.py:925} INFO - DAG(s) 'example_task_group_decorator' retrieved from /home/airflow/.local/lib/python3.12/site-packages/airflow/example_dags/example_task_group_decorator.py
[2026-07-01T09:19:52.638+0000] {logging_mixin.py:190} INFO - [2026-07-01T09:19:52.638+0000] {dag.py:3211} INFO - Sync 1 DAGs
[2026-07-01T09:19:52.654+0000] {logging_mixin.py:190} INFO - [2026-07-01T09:19:52.653+0000] {dag.py:4138} INFO - Setting next_dagrun for example_task_group_decorator to 2026-06-30 00:00:00+00:00, run_after=2026-07-01 00:00:00+00:00
[2026-07-01T09:19:52.665+0000] {processor.py:208} INFO - Processing /home/airflow/.local/lib/python3.12/site-packages/airflow/example_dags/example_task_group_decorator.py took 0.062 seconds
[2026-07-01T09:20:23.391+0000] {processor.py:186} INFO - Started process (PID=1410) to work on /home/airflow/.local/lib/python3.12/site-packages/airflow/example_dags/example_task_group_decorator.py
[2026-07-01T09:20:23.392+0000] {processor.py:914} INFO - Processing file /home/airflow/.local/lib/python3.12/site-packages/airflow/example_dags/example_task_group_decorator.py for tasks to queue
[2026-07-01T09:20:23.394+0000] {logging_mixin.py:190} INFO - [2026-07-01T09:20:23.394+0000] {dagbag.py:587} INFO - Filling up the DagBag from /home/airflow/.local/lib/python3.12/site-packages/airflow/example_dags/example_task_group_decorator.py
[2026-07-01T09:20:23.405+0000] {processor.py:925} INFO - DAG(s) 'example_task_group_decorator' retrieved from /home/airflow/.local/lib/python3.12/site-packages/airflow/example_dags/example_task_group_decorator.py
[2026-07-01T09:20:23.421+0000] {logging_mixin.py:190} INFO - [2026-07-01T09:20:23.421+0000] {dag.py:3211} INFO - Sync 1 DAGs
[2026-07-01T09:20:23.438+0000] {logging_mixin.py:190} INFO - [2026-07-01T09:20:23.438+0000] {dag.py:4138} INFO - Setting next_dagrun for example_task_group_decorator to 2026-06-30 00:00:00+00:00, run_after=2026-07-01 00:00:00+00:00
[2026-07-01T09:20:23.451+0000] {processor.py:208} INFO - Processing /home/airflow/.local/lib/python3.12/site-packages/airflow/example_dags/example_task_group_decorator.py took 0.064 seconds
[2026-07-01T09:20:54.247+0000] {processor.py:186} INFO - Started process (PID=1472) to work on /home/airflow/.local/lib/python3.12/site-packages/airflow/example_dags/example_task_group_decorator.py
[2026-07-01T09:20:54.247+0000] {processor.py:914} INFO - Processing file /home/airflow/.local/lib/python3.12/site-packages/airflow/example_dags/example_task_group_decorator.py for tasks to queue
[2026-07-01T09:20:54.249+0000] {logging_mixin.py:190} INFO - [2026-07-01T09:20:54.249+0000] {dagbag.py:587} INFO - Filling up the DagBag from /home/airflow/.local/lib/python3.12/site-packages/airflow/example_dags/example_task_group_decorator.py
[2026-07-01T09:20:54.259+0000] {processor.py:925} INFO - DAG(s) 'example_task_group_decorator' retrieved from /home/airflow/.local/lib/python3.12/site-packages/airflow/example_dags/example_task_group_decorator.py
[2026-07-01T09:20:54.275+0000] {logging_mixin.py:190} INFO - [2026-07-01T09:20:54.275+0000] {dag.py:3211} INFO - Sync 1 DAGs
[2026-07-01T09:20:54.288+0000] {logging_mixin.py:190} INFO - [2026-07-01T09:20:54.288+0000] {dag.py:4138} INFO - Setting next_dagrun for example_task_group_decorator to 2026-06-30 00:00:00+00:00, run_after=2026-07-01 00:00:00+00:00
[2026-07-01T09:20:54.300+0000] {processor.py:208} INFO - Processing /home/airflow/.local/lib/python3.12/site-packages/airflow/example_dags/example_task_group_decorator.py took 0.057 seconds
[2026-07-01T09:21:24.526+0000] {processor.py:186} INFO - Started process (PID=1534) to work on /home/airflow/.local/lib/python3.12/site-packages/airflow/example_dags/example_task_group_decorator.py
[2026-07-01T09:21:24.527+0000] {processor.py:914} INFO - Processing file /home/airflow/.local/lib/python3.12/site-packages/airflow/example_dags/example_task_group_decorator.py for tasks to queue
[2026-07-01T09:21:24.529+0000] {logging_mixin.py:190} INFO - [2026-07-01T09:21:24.529+0000] {dagbag.py:587} INFO - Filling up the DagBag from /home/airflow/.local/lib/python3.12/site-packages/airflow/example_dags/example_task_group_decorator.py
[2026-07-01T09:21:24.538+0000] {processor.py:925} INFO - DAG(s) 'example_task_group_decorator' retrieved from /home/airflow/.local/lib/python3.12/site-packages/airflow/example_dags/example_task_group_decorator.py
[2026-07-01T09:21:24.555+0000] {logging_mixin.py:190} INFO - [2026-07-01T09:21:24.555+0000] {dag.py:3211} INFO - Sync 1 DAGs
[2026-07-01T09:21:24.571+0000] {logging_mixin.py:190} INFO - [2026-07-01T09:21:24.571+0000] {dag.py:4138} INFO - Setting next_dagrun for example_task_group_decorator to 2026-06-30 00:00:00+00:00, run_after=2026-07-01 00:00:00+00:00
[2026-07-01T09:21:24.583+0000] {processor.py:208} INFO - Processing /home/airflow/.local/lib/python3.12/site-packages/airflow/example_dags/example_task_group_decorator.py took 0.061 seconds
[2026-07-01T09:21:54.744+0000] {processor.py:186} INFO - Started process (PID=1596) to work on /home/airflow/.local/lib/python3.12/site-packages/airflow/example_dags/example_task_group_decorator.py
[2026-07-01T09:21:54.745+0000] {processor.py:914} INFO - Processing file /home/airflow/.local/lib/python3.12/site-packages/airflow/example_dags/example_task_group_decorator.py for tasks to queue
[2026-07-01T09:21:54.747+0000] {logging_mixin.py:190} INFO - [2026-07-01T09:21:54.747+0000] {dagbag.py:587} INFO - Filling up the DagBag from /home/airflow/.local/lib/python3.12/site-packages/airflow/example_dags/example_task_group_decorator.py
[2026-07-01T09:21:54.760+0000] {processor.py:925} INFO - DAG(s) 'example_task_group_decorator' retrieved from /home/airflow/.local/lib/python3.12/site-packages/airflow/example_dags/example_task_group_decorator.py
[2026-07-01T09:21:54.780+0000] {logging_mixin.py:190} INFO - [2026-07-01T09:21:54.779+0000] {dag.py:3211} INFO - Sync 1 DAGs
[2026-07-01T09:21:54.798+0000] {logging_mixin.py:190} INFO - [2026-07-01T09:21:54.798+0000] {dag.py:4138} INFO - Setting next_dagrun for example_task_group_decorator to 2026-06-30 00:00:00+00:00, run_after=2026-07-01 00:00:00+00:00
[2026-07-01T09:21:54.814+0000] {processor.py:208} INFO - Processing /home/airflow/.local/lib/python3.12/site-packages/airflow/example_dags/example_task_group_decorator.py took 0.075 seconds
[2026-07-01T09:22:25.118+0000] {processor.py:186} INFO - Started process (PID=1658) to work on /home/airflow/.local/lib/python3.12/site-packages/airflow/example_dags/example_task_group_decorator.py
[2026-07-01T09:22:25.119+0000] {processor.py:914} INFO - Processing file /home/airflow/.local/lib/python3.12/site-packages/airflow/example_dags/example_task_group_decorator.py for tasks to queue
[2026-07-01T09:22:25.122+0000] {logging_mixin.py:190} INFO - [2026-07-01T09:22:25.121+0000] {dagbag.py:587} INFO - Filling up the DagBag from /home/airflow/.local/lib/python3.12/site-packages/airflow/example_dags/example_task_group_decorator.py
[2026-07-01T09:22:25.133+0000] {processor.py:925} INFO - DAG(s) 'example_task_group_decorator' retrieved from /home/airflow/.local/lib/python3.12/site-packages/airflow/example_dags/example_task_group_decorator.py
[2026-07-01T09:22:25.152+0000] {logging_mixin.py:190} INFO - [2026-07-01T09:22:25.152+0000] {dag.py:3211} INFO - Sync 1 DAGs
[2026-07-01T09:22:25.169+0000] {logging_mixin.py:190} INFO - [2026-07-01T09:22:25.168+0000] {dag.py:4138} INFO - Setting next_dagrun for example_task_group_decorator to 2026-06-30 00:00:00+00:00, run_after=2026-07-01 00:00:00+00:00
[2026-07-01T09:22:25.183+0000] {processor.py:208} INFO - Processing /home/airflow/.local/lib/python3.12/site-packages/airflow/example_dags/example_task_group_decorator.py took 0.070 seconds
[2026-07-01T09:22:56.131+0000] {processor.py:186} INFO - Started process (PID=1720) to work on /home/airflow/.local/lib/python3.12/site-packages/airflow/example_dags/example_task_group_decorator.py
[2026-07-01T09:22:56.132+0000] {processor.py:914} INFO - Processing file /home/airflow/.local/lib/python3.12/site-packages/airflow/example_dags/example_task_group_decorator.py for tasks to queue
[2026-07-01T09:22:56.134+0000] {logging_mixin.py:190} INFO - [2026-07-01T09:22:56.134+0000] {dagbag.py:587} INFO - Filling up the DagBag from /home/airflow/.local/lib/python3.12/site-packages/airflow/example_dags/example_task_group_decorator.py
[2026-07-01T09:22:56.145+0000] {processor.py:925} INFO - DAG(s) 'example_task_group_decorator' retrieved from /home/airflow/.local/lib/python3.12/site-packages/airflow/example_dags/example_task_group_decorator.py
[2026-07-01T09:22:56.164+0000] {logging_mixin.py:190} INFO - [2026-07-01T09:22:56.163+0000] {dag.py:3211} INFO - Sync 1 DAGs
[2026-07-01T09:22:56.179+0000] {logging_mixin.py:190} INFO - [2026-07-01T09:22:56.179+0000] {dag.py:4138} INFO - Setting next_dagrun for example_task_group_decorator to 2026-06-30 00:00:00+00:00, run_after=2026-07-01 00:00:00+00:00
[2026-07-01T09:22:56.193+0000] {processor.py:208} INFO - Processing /home/airflow/.local/lib/python3.12/site-packages/airflow/example_dags/example_task_group_decorator.py took 0.066 seconds
[2026-07-01T09:23:26.532+0000] {processor.py:186} INFO - Started process (PID=1782) to work on /home/airflow/.local/lib/python3.12/site-packages/airflow/example_dags/example_task_group_decorator.py
[2026-07-01T09:23:26.533+0000] {processor.py:914} INFO - Processing file /home/airflow/.local/lib/python3.12/site-packages/airflow/example_dags/example_task_group_decorator.py for tasks to queue
[2026-07-01T09:23:26.535+0000] {logging_mixin.py:190} INFO - [2026-07-01T09:23:26.535+0000] {dagbag.py:587} INFO - Filling up the DagBag from /home/airflow/.local/lib/python3.12/site-packages/airflow/example_dags/example_task_group_decorator.py
[2026-07-01T09:23:26.547+0000] {processor.py:925} INFO - DAG(s) 'example_task_group_decorator' retrieved from /home/airflow/.local/lib/python3.12/site-packages/airflow/example_dags/example_task_group_decorator.py
[2026-07-01T09:23:26.566+0000] {logging_mixin.py:190} INFO - [2026-07-01T09:23:26.565+0000] {dag.py:3211} INFO - Sync 1 DAGs
[2026-07-01T09:23:26.583+0000] {logging_mixin.py:190} INFO - [2026-07-01T09:23:26.583+0000] {dag.py:4138} INFO - Setting next_dagrun for example_task_group_decorator to 2026-06-30 00:00:00+00:00, run_after=2026-07-01 00:00:00+00:00
[2026-07-01T09:23:26.597+0000] {processor.py:208} INFO - Processing /home/airflow/.local/lib/python3.12/site-packages/airflow/example_dags/example_task_group_decorator.py took 0.070 seconds
[2026-07-01T09:23:56.826+0000] {processor.py:186} INFO - Started process (PID=1844) to work on /home/airflow/.local/lib/python3.12/site-packages/airflow/example_dags/example_task_group_decorator.py
[2026-07-01T09:23:56.827+0000] {processor.py:914} INFO - Processing file /home/airflow/.local/lib/python3.12/site-packages/airflow/example_dags/example_task_group_decorator.py for tasks to queue
[2026-07-01T09:23:56.829+0000] {logging_mixin.py:190} INFO - [2026-07-01T09:23:56.829+0000] {dagbag.py:587} INFO - Filling up the DagBag from /home/airflow/.local/lib/python3.12/site-packages/airflow/example_dags/example_task_group_decorator.py
[2026-07-01T09:23:56.841+0000] {processor.py:925} INFO - DAG(s) 'example_task_group_decorator' retrieved from /home/airflow/.local/lib/python3.12/site-packages/airflow/example_dags/example_task_group_decorator.py
[2026-07-01T09:23:56.862+0000] {logging_mixin.py:190} INFO - [2026-07-01T09:23:56.862+0000] {dag.py:3211} INFO - Sync 1 DAGs
[2026-07-01T09:23:56.880+0000] {logging_mixin.py:190} INFO - [2026-07-01T09:23:56.880+0000] {dag.py:4138} INFO - Setting next_dagrun for example_task_group_decorator to 2026-06-30 00:00:00+00:00, run_after=2026-07-01 00:00:00+00:00
[2026-07-01T09:23:56.895+0000] {processor.py:208} INFO - Processing /home/airflow/.local/lib/python3.12/site-packages/airflow/example_dags/example_task_group_decorator.py took 0.073 seconds
[2026-07-01T09:24:27.130+0000] {processor.py:186} INFO - Started process (PID=1906) to work on /home/airflow/.local/lib/python3.12/site-packages/airflow/example_dags/example_task_group_decorator.py
[2026-07-01T09:24:27.130+0000] {processor.py:914} INFO - Processing file /home/airflow/.local/lib/python3.12/site-packages/airflow/example_dags/example_task_group_decorator.py for tasks to queue
[2026-07-01T09:24:27.132+0000] {logging_mixin.py:190} INFO - [2026-07-01T09:24:27.132+0000] {dagbag.py:587} INFO - Filling up the DagBag from /home/airflow/.local/lib/python3.12/site-packages/airflow/example_dags/example_task_group_decorator.py
[2026-07-01T09:24:27.142+0000] {processor.py:925} INFO - DAG(s) 'example_task_group_decorator' retrieved from /home/airflow/.local/lib/python3.12/site-packages/airflow/example_dags/example_task_group_decorator.py
[2026-07-01T09:24:27.158+0000] {logging_mixin.py:190} INFO - [2026-07-01T09:24:27.158+0000] {dag.py:3211} INFO - Sync 1 DAGs
[2026-07-01T09:24:27.174+0000] {logging_mixin.py:190} INFO - [2026-07-01T09:24:27.173+0000] {dag.py:4138} INFO - Setting next_dagrun for example_task_group_decorator to 2026-06-30 00:00:00+00:00, run_after=2026-07-01 00:00:00+00:00
[2026-07-01T09:24:27.186+0000] {processor.py:208} INFO - Processing /home/airflow/.local/lib/python3.12/site-packages/airflow/example_dags/example_task_group_decorator.py took 0.060 seconds
[2026-07-01T09:24:57.996+0000] {processor.py:186} INFO - Started process (PID=1968) to work on /home/airflow/.local/lib/python3.12/site-packages/airflow/example_dags/example_task_group_decorator.py
[2026-07-01T09:24:57.997+0000] {processor.py:914} INFO - Processing file /home/airflow/.local/lib/python3.12/site-packages/airflow/example_dags/example_task_group_decorator.py for tasks to queue
[2026-07-01T09:24:57.998+0000] {logging_mixin.py:190} INFO - [2026-07-01T09:24:57.998+0000] {dagbag.py:587} INFO - Filling up the DagBag from /home/airflow/.local/lib/python3.12/site-packages/airflow/example_dags/example_task_group_decorator.py
[2026-07-01T09:24:58.008+0000] {processor.py:925} INFO - DAG(s) 'example_task_group_decorator' retrieved from /home/airflow/.local/lib/python3.12/site-packages/airflow/example_dags/example_task_group_decorator.py
[2026-07-01T09:24:58.023+0000] {logging_mixin.py:190} INFO - [2026-07-01T09:24:58.023+0000] {dag.py:3211} INFO - Sync 1 DAGs
[2026-07-01T09:24:58.038+0000] {logging_mixin.py:190} INFO - [2026-07-01T09:24:58.037+0000] {dag.py:4138} INFO - Setting next_dagrun for example_task_group_decorator to 2026-06-30 00:00:00+00:00, run_after=2026-07-01 00:00:00+00:00
[2026-07-01T09:24:58.049+0000] {processor.py:208} INFO - Processing /home/airflow/.local/lib/python3.12/site-packages/airflow/example_dags/example_task_group_decorator.py took 0.057 seconds
[2026-07-01T09:25:28.567+0000] {processor.py:186} INFO - Started process (PID=2030) to work on /home/airflow/.local/lib/python3.12/site-packages/airflow/example_dags/example_task_group_decorator.py
[2026-07-01T09:25:28.568+0000] {processor.py:914} INFO - Processing file /home/airflow/.local/lib/python3.12/site-packages/airflow/example_dags/example_task_group_decorator.py for tasks to queue
[2026-07-01T09:25:28.571+0000] {logging_mixin.py:190} INFO - [2026-07-01T09:25:28.571+0000] {dagbag.py:587} INFO - Filling up the DagBag from /home/airflow/.local/lib/python3.12/site-packages/airflow/example_dags/example_task_group_decorator.py
[2026-07-01T09:25:28.583+0000] {processor.py:925} INFO - DAG(s) 'example_task_group_decorator' retrieved from /home/airflow/.local/lib/python3.12/site-packages/airflow/example_dags/example_task_group_decorator.py
[2026-07-01T09:25:28.602+0000] {logging_mixin.py:190} INFO - [2026-07-01T09:25:28.602+0000] {dag.py:3211} INFO - Sync 1 DAGs
[2026-07-01T09:25:28.620+0000] {logging_mixin.py:190} INFO - [2026-07-01T09:25:28.620+0000] {dag.py:4138} INFO - Setting next_dagrun for example_task_group_decorator to 2026-06-30 00:00:00+00:00, run_after=2026-07-01 00:00:00+00:00
[2026-07-01T09:25:28.634+0000] {processor.py:208} INFO - Processing /home/airflow/.local/lib/python3.12/site-packages/airflow/example_dags/example_task_group_decorator.py took 0.072 seconds
[2026-07-01T09:30:09.318+0000] {processor.py:186} INFO - Started process (PID=2086) to work on /home/airflow/.local/lib/python3.12/site-packages/airflow/example_dags/example_task_group_decorator.py
[2026-07-01T09:30:09.320+0000] {processor.py:914} INFO - Processing file /home/airflow/.local/lib/python3.12/site-packages/airflow/example_dags/example_task_group_decorator.py for tasks to queue
[2026-07-01T09:30:09.322+0000] {logging_mixin.py:190} INFO - [2026-07-01T09:30:09.321+0000] {dagbag.py:587} INFO - Filling up the DagBag from /home/airflow/.local/lib/python3.12/site-packages/airflow/example_dags/example_task_group_decorator.py
[2026-07-01T09:30:09.333+0000] {processor.py:925} INFO - DAG(s) 'example_task_group_decorator' retrieved from /home/airflow/.local/lib/python3.12/site-packages/airflow/example_dags/example_task_group_decorator.py
[2026-07-01T09:30:09.354+0000] {logging_mixin.py:190} INFO - [2026-07-01T09:30:09.353+0000] {dag.py:3211} INFO - Sync 1 DAGs
[2026-07-01T09:30:09.376+0000] {logging_mixin.py:190} INFO - [2026-07-01T09:30:09.376+0000] {dag.py:4138} INFO - Setting next_dagrun for example_task_group_decorator to 2026-06-30 00:00:00+00:00, run_after=2026-07-01 00:00:00+00:00
[2026-07-01T09:30:09.391+0000] {processor.py:208} INFO - Processing /home/airflow/.local/lib/python3.12/site-packages/airflow/example_dags/example_task_group_decorator.py took 0.078 seconds
[2026-07-01T09:30:39.742+0000] {processor.py:186} INFO - Started process (PID=2148) to work on /home/airflow/.local/lib/python3.12/site-packages/airflow/example_dags/example_task_group_decorator.py
[2026-07-01T09:30:39.743+0000] {processor.py:914} INFO - Processing file /home/airflow/.local/lib/python3.12/site-packages/airflow/example_dags/example_task_group_decorator.py for tasks to queue
[2026-07-01T09:30:39.745+0000] {logging_mixin.py:190} INFO - [2026-07-01T09:30:39.745+0000] {dagbag.py:587} INFO - Filling up the DagBag from /home/airflow/.local/lib/python3.12/site-packages/airflow/example_dags/example_task_group_decorator.py
[2026-07-01T09:30:39.757+0000] {processor.py:925} INFO - DAG(s) 'example_task_group_decorator' retrieved from /home/airflow/.local/lib/python3.12/site-packages/airflow/example_dags/example_task_group_decorator.py
[2026-07-01T09:30:39.791+0000] {logging_mixin.py:190} INFO - [2026-07-01T09:30:39.790+0000] {dag.py:3211} INFO - Sync 1 DAGs
[2026-07-01T09:30:39.824+0000] {logging_mixin.py:190} INFO - [2026-07-01T09:30:39.823+0000] {dag.py:4138} INFO - Setting next_dagrun for example_task_group_decorator to 2026-06-30 00:00:00+00:00, run_after=2026-07-01 00:00:00+00:00
[2026-07-01T09:30:39.840+0000] {processor.py:208} INFO - Processing /home/airflow/.local/lib/python3.12/site-packages/airflow/example_dags/example_task_group_decorator.py took 0.103 seconds
[2026-07-01T09:31:10.137+0000] {processor.py:186} INFO - Started process (PID=2210) to work on /home/airflow/.local/lib/python3.12/site-packages/airflow/example_dags/example_task_group_decorator.py
[2026-07-01T09:31:10.138+0000] {processor.py:914} INFO - Processing file /home/airflow/.local/lib/python3.12/site-packages/airflow/example_dags/example_task_group_decorator.py for tasks to queue
[2026-07-01T09:31:10.139+0000] {logging_mixin.py:190} INFO - [2026-07-01T09:31:10.139+0000] {dagbag.py:587} INFO - Filling up the DagBag from /home/airflow/.local/lib/python3.12/site-packages/airflow/example_dags/example_task_group_decorator.py
[2026-07-01T09:31:10.150+0000] {processor.py:925} INFO - DAG(s) 'example_task_group_decorator' retrieved from /home/airflow/.local/lib/python3.12/site-packages/airflow/example_dags/example_task_group_decorator.py
[2026-07-01T09:31:10.166+0000] {logging_mixin.py:190} INFO - [2026-07-01T09:31:10.166+0000] {dag.py:3211} INFO - Sync 1 DAGs
[2026-07-01T09:31:10.182+0000] {logging_mixin.py:190} INFO - [2026-07-01T09:31:10.182+0000] {dag.py:4138} INFO - Setting next_dagrun for example_task_group_decorator to 2026-06-30 00:00:00+00:00, run_after=2026-07-01 00:00:00+00:00
[2026-07-01T09:31:10.194+0000] {processor.py:208} INFO - Processing /home/airflow/.local/lib/python3.12/site-packages/airflow/example_dags/example_task_group_decorator.py took 0.062 seconds
[2026-07-01T09:31:40.671+0000] {processor.py:186} INFO - Started process (PID=2272) to work on /home/airflow/.local/lib/python3.12/site-packages/airflow/example_dags/example_task_group_decorator.py
[2026-07-01T09:31:40.672+0000] {processor.py:914} INFO - Processing file /home/airflow/.local/lib/python3.12/site-packages/airflow/example_dags/example_task_group_decorator.py for tasks to queue
[2026-07-01T09:31:40.675+0000] {logging_mixin.py:190} INFO - [2026-07-01T09:31:40.674+0000] {dagbag.py:587} INFO - Filling up the DagBag from /home/airflow/.local/lib/python3.12/site-packages/airflow/example_dags/example_task_group_decorator.py
[2026-07-01T09:31:40.686+0000] {processor.py:925} INFO - DAG(s) 'example_task_group_decorator' retrieved from /home/airflow/.local/lib/python3.12/site-packages/airflow/example_dags/example_task_group_decorator.py
[2026-07-01T09:31:40.705+0000] {logging_mixin.py:190} INFO - [2026-07-01T09:31:40.705+0000] {dag.py:3211} INFO - Sync 1 DAGs
[2026-07-01T09:31:40.722+0000] {logging_mixin.py:190} INFO - [2026-07-01T09:31:40.722+0000] {dag.py:4138} INFO - Setting next_dagrun for example_task_group_decorator to 2026-06-30 00:00:00+00:00, run_after=2026-07-01 00:00:00+00:00
[2026-07-01T09:31:40.735+0000] {processor.py:208} INFO - Processing /home/airflow/.local/lib/python3.12/site-packages/airflow/example_dags/example_task_group_decorator.py took 0.069 seconds
[2026-07-01T09:32:10.987+0000] {processor.py:186} INFO - Started process (PID=2334) to work on /home/airflow/.local/lib/python3.12/site-packages/airflow/example_dags/example_task_group_decorator.py
[2026-07-01T09:32:10.989+0000] {processor.py:914} INFO - Processing file /home/airflow/.local/lib/python3.12/site-packages/airflow/example_dags/example_task_group_decorator.py for tasks to queue
[2026-07-01T09:32:10.993+0000] {logging_mixin.py:190} INFO - [2026-07-01T09:32:10.992+0000] {dagbag.py:587} INFO - Filling up the DagBag from /home/airflow/.local/lib/python3.12/site-packages/airflow/example_dags/example_task_group_decorator.py
[2026-07-01T09:32:11.005+0000] {processor.py:925} INFO - DAG(s) 'example_task_group_decorator' retrieved from /home/airflow/.local/lib/python3.12/site-packages/airflow/example_dags/example_task_group_decorator.py
[2026-07-01T09:32:11.028+0000] {logging_mixin.py:190} INFO - [2026-07-01T09:32:11.028+0000] {dag.py:3211} INFO - Sync 1 DAGs
[2026-07-01T09:32:11.052+0000] {logging_mixin.py:190} INFO - [2026-07-01T09:32:11.051+0000] {dag.py:4138} INFO - Setting next_dagrun for example_task_group_decorator to 2026-06-30 00:00:00+00:00, run_after=2026-07-01 00:00:00+00:00
[2026-07-01T09:32:11.074+0000] {processor.py:208} INFO - Processing /home/airflow/.local/lib/python3.12/site-packages/airflow/example_dags/example_task_group_decorator.py took 0.091 seconds
[2026-07-01T09:32:41.616+0000] {processor.py:186} INFO - Started process (PID=2396) to work on /home/airflow/.local/lib/python3.12/site-packages/airflow/example_dags/example_task_group_decorator.py
[2026-07-01T09:32:41.620+0000] {processor.py:914} INFO - Processing file /home/airflow/.local/lib/python3.12/site-packages/airflow/example_dags/example_task_group_decorator.py for tasks to queue
[2026-07-01T09:32:41.623+0000] {logging_mixin.py:190} INFO - [2026-07-01T09:32:41.622+0000] {dagbag.py:587} INFO - Filling up the DagBag from /home/airflow/.local/lib/python3.12/site-packages/airflow/example_dags/example_task_group_decorator.py
[2026-07-01T09:32:41.636+0000] {processor.py:925} INFO - DAG(s) 'example_task_group_decorator' retrieved from /home/airflow/.local/lib/python3.12/site-packages/airflow/example_dags/example_task_group_decorator.py
[2026-07-01T09:32:41.655+0000] {logging_mixin.py:190} INFO - [2026-07-01T09:32:41.655+0000] {dag.py:3211} INFO - Sync 1 DAGs
[2026-07-01T09:32:41.670+0000] {logging_mixin.py:190} INFO - [2026-07-01T09:32:41.669+0000] {dag.py:4138} INFO - Setting next_dagrun for example_task_group_decorator to 2026-06-30 00:00:00+00:00, run_after=2026-07-01 00:00:00+00:00
[2026-07-01T09:32:41.681+0000] {processor.py:208} INFO - Processing /home/airflow/.local/lib/python3.12/site-packages/airflow/example_dags/example_task_group_decorator.py took 0.070 seconds
[2026-07-01T09:33:12.157+0000] {processor.py:186} INFO - Started process (PID=2458) to work on /home/airflow/.local/lib/python3.12/site-packages/airflow/example_dags/example_task_group_decorator.py
[2026-07-01T09:33:12.158+0000] {processor.py:914} INFO - Processing file /home/airflow/.local/lib/python3.12/site-packages/airflow/example_dags/example_task_group_decorator.py for tasks to queue
[2026-07-01T09:33:12.161+0000] {logging_mixin.py:190} INFO - [2026-07-01T09:33:12.160+0000] {dagbag.py:587} INFO - Filling up the DagBag from /home/airflow/.local/lib/python3.12/site-packages/airflow/example_dags/example_task_group_decorator.py
[2026-07-01T09:33:12.176+0000] {processor.py:925} INFO - DAG(s) 'example_task_group_decorator' retrieved from /home/airflow/.local/lib/python3.12/site-packages/airflow/example_dags/example_task_group_decorator.py
[2026-07-01T09:33:12.198+0000] {logging_mixin.py:190} INFO - [2026-07-01T09:33:12.198+0000] {dag.py:3211} INFO - Sync 1 DAGs
[2026-07-01T09:33:12.220+0000] {logging_mixin.py:190} INFO - [2026-07-01T09:33:12.220+0000] {dag.py:4138} INFO - Setting next_dagrun for example_task_group_decorator to 2026-06-30 00:00:00+00:00, run_after=2026-07-01 00:00:00+00:00
[2026-07-01T09:33:12.238+0000] {processor.py:208} INFO - Processing /home/airflow/.local/lib/python3.12/site-packages/airflow/example_dags/example_task_group_decorator.py took 0.087 seconds
[2026-07-01T09:33:43.120+0000] {processor.py:186} INFO - Started process (PID=2520) to work on /home/airflow/.local/lib/python3.12/site-packages/airflow/example_dags/example_task_group_decorator.py
[2026-07-01T09:33:43.121+0000] {processor.py:914} INFO - Processing file /home/airflow/.local/lib/python3.12/site-packages/airflow/example_dags/example_task_group_decorator.py for tasks to queue
[2026-07-01T09:33:43.124+0000] {logging_mixin.py:190} INFO - [2026-07-01T09:33:43.123+0000] {dagbag.py:587} INFO - Filling up the DagBag from /home/airflow/.local/lib/python3.12/site-packages/airflow/example_dags/example_task_group_decorator.py
[2026-07-01T09:33:43.135+0000] {processor.py:925} INFO - DAG(s) 'example_task_group_decorator' retrieved from /home/airflow/.local/lib/python3.12/site-packages/airflow/example_dags/example_task_group_decorator.py
[2026-07-01T09:33:43.152+0000] {logging_mixin.py:190} INFO - [2026-07-01T09:33:43.152+0000] {dag.py:3211} INFO - Sync 1 DAGs
[2026-07-01T09:33:43.167+0000] {logging_mixin.py:190} INFO - [2026-07-01T09:33:43.167+0000] {dag.py:4138} INFO - Setting next_dagrun for example_task_group_decorator to 2026-06-30 00:00:00+00:00, run_after=2026-07-01 00:00:00+00:00
[2026-07-01T09:33:43.178+0000] {processor.py:208} INFO - Processing /home/airflow/.local/lib/python3.12/site-packages/airflow/example_dags/example_task_group_decorator.py took 0.063 seconds
[2026-07-01T09:34:13.818+0000] {processor.py:186} INFO - Started process (PID=2582) to work on /home/airflow/.local/lib/python3.12/site-packages/airflow/example_dags/example_task_group_decorator.py
[2026-07-01T09:34:13.819+0000] {processor.py:914} INFO - Processing file /home/airflow/.local/lib/python3.12/site-packages/airflow/example_dags/example_task_group_decorator.py for tasks to queue
[2026-07-01T09:34:13.822+0000] {logging_mixin.py:190} INFO - [2026-07-01T09:34:13.822+0000] {dagbag.py:587} INFO - Filling up the DagBag from /home/airflow/.local/lib/python3.12/site-packages/airflow/example_dags/example_task_group_decorator.py
[2026-07-01T09:34:13.835+0000] {processor.py:925} INFO - DAG(s) 'example_task_group_decorator' retrieved from /home/airflow/.local/lib/python3.12/site-packages/airflow/example_dags/example_task_group_decorator.py
[2026-07-01T09:34:13.857+0000] {logging_mixin.py:190} INFO - [2026-07-01T09:34:13.857+0000] {dag.py:3211} INFO - Sync 1 DAGs
[2026-07-01T09:34:13.880+0000] {logging_mixin.py:190} INFO - [2026-07-01T09:34:13.880+0000] {dag.py:4138} INFO - Setting next_dagrun for example_task_group_decorator to 2026-06-30 00:00:00+00:00, run_after=2026-07-01 00:00:00+00:00
[2026-07-01T09:34:13.896+0000] {processor.py:208} INFO - Processing /home/airflow/.local/lib/python3.12/site-packages/airflow/example_dags/example_task_group_decorator.py took 0.082 seconds
[2026-07-01T09:34:44.763+0000] {processor.py:186} INFO - Started process (PID=2644) to work on /home/airflow/.local/lib/python3.12/site-packages/airflow/example_dags/example_task_group_decorator.py
[2026-07-01T09:34:44.765+0000] {processor.py:914} INFO - Processing file /home/airflow/.local/lib/python3.12/site-packages/airflow/example_dags/example_task_group_decorator.py for tasks to queue
[2026-07-01T09:34:44.768+0000] {logging_mixin.py:190} INFO - [2026-07-01T09:34:44.768+0000] {dagbag.py:587} INFO - Filling up the DagBag from /home/airflow/.local/lib/python3.12/site-packages/airflow/example_dags/example_task_group_decorator.py
[2026-07-01T09:34:44.782+0000] {processor.py:925} INFO - DAG(s) 'example_task_group_decorator' retrieved from /home/airflow/.local/lib/python3.12/site-packages/airflow/example_dags/example_task_group_decorator.py
[2026-07-01T09:34:44.801+0000] {logging_mixin.py:190} INFO - [2026-07-01T09:34:44.800+0000] {dag.py:3211} INFO - Sync 1 DAGs
[2026-07-01T09:34:44.820+0000] {logging_mixin.py:190} INFO - [2026-07-01T09:34:44.820+0000] {dag.py:4138} INFO - Setting next_dagrun for example_task_group_decorator to 2026-06-30 00:00:00+00:00, run_after=2026-07-01 00:00:00+00:00
[2026-07-01T09:34:44.836+0000] {processor.py:208} INFO - Processing /home/airflow/.local/lib/python3.12/site-packages/airflow/example_dags/example_task_group_decorator.py took 0.078 seconds
[2026-07-01T09:35:15.443+0000] {processor.py:186} INFO - Started process (PID=2706) to work on /home/airflow/.local/lib/python3.12/site-packages/airflow/example_dags/example_task_group_decorator.py
[2026-07-01T09:35:15.444+0000] {processor.py:914} INFO - Processing file /home/airflow/.local/lib/python3.12/site-packages/airflow/example_dags/example_task_group_decorator.py for tasks to queue
[2026-07-01T09:35:15.446+0000] {logging_mixin.py:190} INFO - [2026-07-01T09:35:15.446+0000] {dagbag.py:587} INFO - Filling up the DagBag from /home/airflow/.local/lib/python3.12/site-packages/airflow/example_dags/example_task_group_decorator.py
[2026-07-01T09:35:15.459+0000] {processor.py:925} INFO - DAG(s) 'example_task_group_decorator' retrieved from /home/airflow/.local/lib/python3.12/site-packages/airflow/example_dags/example_task_group_decorator.py
[2026-07-01T09:35:15.478+0000] {logging_mixin.py:190} INFO - [2026-07-01T09:35:15.478+0000] {dag.py:3211} INFO - Sync 1 DAGs
[2026-07-01T09:35:15.494+0000] {logging_mixin.py:190} INFO - [2026-07-01T09:35:15.494+0000] {dag.py:4138} INFO - Setting next_dagrun for example_task_group_decorator to 2026-06-30 00:00:00+00:00, run_after=2026-07-01 00:00:00+00:00
[2026-07-01T09:35:15.507+0000] {processor.py:208} INFO - Processing /home/airflow/.local/lib/python3.12/site-packages/airflow/example_dags/example_task_group_decorator.py took 0.070 seconds
[2026-07-01T09:35:45.877+0000] {processor.py:186} INFO - Started process (PID=2768) to work on /home/airflow/.local/lib/python3.12/site-packages/airflow/example_dags/example_task_group_decorator.py
[2026-07-01T09:35:45.878+0000] {processor.py:914} INFO - Processing file /home/airflow/.local/lib/python3.12/site-packages/airflow/example_dags/example_task_group_decorator.py for tasks to queue
[2026-07-01T09:35:45.881+0000] {logging_mixin.py:190} INFO - [2026-07-01T09:35:45.880+0000] {dagbag.py:587} INFO - Filling up the DagBag from /home/airflow/.local/lib/python3.12/site-packages/airflow/example_dags/example_task_group_decorator.py
[2026-07-01T09:35:45.893+0000] {processor.py:925} INFO - DAG(s) 'example_task_group_decorator' retrieved from /home/airflow/.local/lib/python3.12/site-packages/airflow/example_dags/example_task_group_decorator.py
[2026-07-01T09:35:45.914+0000] {logging_mixin.py:190} INFO - [2026-07-01T09:35:45.913+0000] {dag.py:3211} INFO - Sync 1 DAGs
[2026-07-01T09:35:45.931+0000] {logging_mixin.py:190} INFO - [2026-07-01T09:35:45.931+0000] {dag.py:4138} INFO - Setting next_dagrun for example_task_group_decorator to 2026-06-30 00:00:00+00:00, run_after=2026-07-01 00:00:00+00:00
[2026-07-01T09:35:45.947+0000] {processor.py:208} INFO - Processing /home/airflow/.local/lib/python3.12/site-packages/airflow/example_dags/example_task_group_decorator.py took 0.075 seconds
[2026-07-01T09:36:16.724+0000] {processor.py:186} INFO - Started process (PID=2830) to work on /home/airflow/.local/lib/python3.12/site-packages/airflow/example_dags/example_task_group_decorator.py
[2026-07-01T09:36:16.726+0000] {processor.py:914} INFO - Processing file /home/airflow/.local/lib/python3.12/site-packages/airflow/example_dags/example_task_group_decorator.py for tasks to queue
[2026-07-01T09:36:16.728+0000] {logging_mixin.py:190} INFO - [2026-07-01T09:36:16.728+0000] {dagbag.py:587} INFO - Filling up the DagBag from /home/airflow/.local/lib/python3.12/site-packages/airflow/example_dags/example_task_group_decorator.py
[2026-07-01T09:36:16.739+0000] {processor.py:925} INFO - DAG(s) 'example_task_group_decorator' retrieved from /home/airflow/.local/lib/python3.12/site-packages/airflow/example_dags/example_task_group_decorator.py
[2026-07-01T09:36:16.760+0000] {logging_mixin.py:190} INFO - [2026-07-01T09:36:16.759+0000] {dag.py:3211} INFO - Sync 1 DAGs
[2026-07-01T09:36:16.778+0000] {logging_mixin.py:190} INFO - [2026-07-01T09:36:16.778+0000] {dag.py:4138} INFO - Setting next_dagrun for example_task_group_decorator to 2026-06-30 00:00:00+00:00, run_after=2026-07-01 00:00:00+00:00
[2026-07-01T09:36:16.790+0000] {processor.py:208} INFO - Processing /home/airflow/.local/lib/python3.12/site-packages/airflow/example_dags/example_task_group_decorator.py took 0.071 seconds
[2026-07-01T09:36:47.694+0000] {processor.py:186} INFO - Started process (PID=2892) to work on /home/airflow/.local/lib/python3.12/site-packages/airflow/example_dags/example_task_group_decorator.py
[2026-07-01T09:36:47.695+0000] {processor.py:914} INFO - Processing file /home/airflow/.local/lib/python3.12/site-packages/airflow/example_dags/example_task_group_decorator.py for tasks to queue
[2026-07-01T09:36:47.697+0000] {logging_mixin.py:190} INFO - [2026-07-01T09:36:47.697+0000] {dagbag.py:587} INFO - Filling up the DagBag from /home/airflow/.local/lib/python3.12/site-packages/airflow/example_dags/example_task_group_decorator.py
[2026-07-01T09:36:47.708+0000] {processor.py:925} INFO - DAG(s) 'example_task_group_decorator' retrieved from /home/airflow/.local/lib/python3.12/site-packages/airflow/example_dags/example_task_group_decorator.py
[2026-07-01T09:36:47.725+0000] {logging_mixin.py:190} INFO - [2026-07-01T09:36:47.724+0000] {dag.py:3211} INFO - Sync 1 DAGs
[2026-07-01T09:36:47.739+0000] {logging_mixin.py:190} INFO - [2026-07-01T09:36:47.739+0000] {dag.py:4138} INFO - Setting next_dagrun for example_task_group_decorator to 2026-06-30 00:00:00+00:00, run_after=2026-07-01 00:00:00+00:00
[2026-07-01T09:36:47.751+0000] {processor.py:208} INFO - Processing /home/airflow/.local/lib/python3.12/site-packages/airflow/example_dags/example_task_group_decorator.py took 0.061 seconds
[2026-07-01T09:37:19.681+0000] {processor.py:186} INFO - Started process (PID=2960) to work on /home/airflow/.local/lib/python3.12/site-packages/airflow/example_dags/example_task_group_decorator.py
[2026-07-01T09:37:19.684+0000] {processor.py:914} INFO - Processing file /home/airflow/.local/lib/python3.12/site-packages/airflow/example_dags/example_task_group_decorator.py for tasks to queue
[2026-07-01T09:37:19.686+0000] {logging_mixin.py:190} INFO - [2026-07-01T09:37:19.686+0000] {dagbag.py:587} INFO - Filling up the DagBag from /home/airflow/.local/lib/python3.12/site-packages/airflow/example_dags/example_task_group_decorator.py
[2026-07-01T09:37:19.703+0000] {processor.py:925} INFO - DAG(s) 'example_task_group_decorator' retrieved from /home/airflow/.local/lib/python3.12/site-packages/airflow/example_dags/example_task_group_decorator.py
[2026-07-01T09:37:19.726+0000] {logging_mixin.py:190} INFO - [2026-07-01T09:37:19.725+0000] {dag.py:3211} INFO - Sync 1 DAGs
[2026-07-01T09:37:19.744+0000] {logging_mixin.py:190} INFO - [2026-07-01T09:37:19.744+0000] {dag.py:4138} INFO - Setting next_dagrun for example_task_group_decorator to 2026-06-30 00:00:00+00:00, run_after=2026-07-01 00:00:00+00:00
[2026-07-01T09:37:19.762+0000] {processor.py:208} INFO - Processing /home/airflow/.local/lib/python3.12/site-packages/airflow/example_dags/example_task_group_decorator.py took 0.087 seconds
[2026-07-01T09:37:50.664+0000] {processor.py:186} INFO - Started process (PID=3022) to work on /home/airflow/.local/lib/python3.12/site-packages/airflow/example_dags/example_task_group_decorator.py
[2026-07-01T09:37:50.666+0000] {processor.py:914} INFO - Processing file /home/airflow/.local/lib/python3.12/site-packages/airflow/example_dags/example_task_group_decorator.py for tasks to queue
[2026-07-01T09:37:50.668+0000] {logging_mixin.py:190} INFO - [2026-07-01T09:37:50.668+0000] {dagbag.py:587} INFO - Filling up the DagBag from /home/airflow/.local/lib/python3.12/site-packages/airflow/example_dags/example_task_group_decorator.py
[2026-07-01T09:37:50.679+0000] {processor.py:925} INFO - DAG(s) 'example_task_group_decorator' retrieved from /home/airflow/.local/lib/python3.12/site-packages/airflow/example_dags/example_task_group_decorator.py
[2026-07-01T09:37:50.698+0000] {logging_mixin.py:190} INFO - [2026-07-01T09:37:50.698+0000] {dag.py:3211} INFO - Sync 1 DAGs
[2026-07-01T09:37:50.716+0000] {logging_mixin.py:190} INFO - [2026-07-01T09:37:50.716+0000] {dag.py:4138} INFO - Setting next_dagrun for example_task_group_decorator to 2026-06-30 00:00:00+00:00, run_after=2026-07-01 00:00:00+00:00
[2026-07-01T09:37:50.729+0000] {processor.py:208} INFO - Processing /home/airflow/.local/lib/python3.12/site-packages/airflow/example_dags/example_task_group_decorator.py took 0.070 seconds
[2026-07-01T09:38:22.457+0000] {processor.py:186} INFO - Started process (PID=3084) to work on /home/airflow/.local/lib/python3.12/site-packages/airflow/example_dags/example_task_group_decorator.py
[2026-07-01T09:38:22.458+0000] {processor.py:914} INFO - Processing file /home/airflow/.local/lib/python3.12/site-packages/airflow/example_dags/example_task_group_decorator.py for tasks to queue
[2026-07-01T09:38:22.460+0000] {logging_mixin.py:190} INFO - [2026-07-01T09:38:22.460+0000] {dagbag.py:587} INFO - Filling up the DagBag from /home/airflow/.local/lib/python3.12/site-packages/airflow/example_dags/example_task_group_decorator.py
[2026-07-01T09:38:22.473+0000] {processor.py:925} INFO - DAG(s) 'example_task_group_decorator' retrieved from /home/airflow/.local/lib/python3.12/site-packages/airflow/example_dags/example_task_group_decorator.py
[2026-07-01T09:38:22.629+0000] {logging_mixin.py:190} INFO - [2026-07-01T09:38:22.629+0000] {dag.py:3211} INFO - Sync 1 DAGs
[2026-07-01T09:38:22.641+0000] {logging_mixin.py:190} INFO - [2026-07-01T09:38:22.641+0000] {dag.py:4138} INFO - Setting next_dagrun for example_task_group_decorator to 2026-06-30 00:00:00+00:00, run_after=2026-07-01 00:00:00+00:00
[2026-07-01T09:38:22.654+0000] {processor.py:208} INFO - Processing /home/airflow/.local/lib/python3.12/site-packages/airflow/example_dags/example_task_group_decorator.py took 0.202 seconds
[2026-07-01T09:38:53.018+0000] {processor.py:186} INFO - Started process (PID=3146) to work on /home/airflow/.local/lib/python3.12/site-packages/airflow/example_dags/example_task_group_decorator.py
[2026-07-01T09:38:53.019+0000] {processor.py:914} INFO - Processing file /home/airflow/.local/lib/python3.12/site-packages/airflow/example_dags/example_task_group_decorator.py for tasks to queue
[2026-07-01T09:38:53.020+0000] {logging_mixin.py:190} INFO - [2026-07-01T09:38:53.020+0000] {dagbag.py:587} INFO - Filling up the DagBag from /home/airflow/.local/lib/python3.12/site-packages/airflow/example_dags/example_task_group_decorator.py
[2026-07-01T09:38:53.030+0000] {processor.py:925} INFO - DAG(s) 'example_task_group_decorator' retrieved from /home/airflow/.local/lib/python3.12/site-packages/airflow/example_dags/example_task_group_decorator.py
[2026-07-01T09:38:53.047+0000] {logging_mixin.py:190} INFO - [2026-07-01T09:38:53.047+0000] {dag.py:3211} INFO - Sync 1 DAGs
[2026-07-01T09:38:53.179+0000] {logging_mixin.py:190} INFO - [2026-07-01T09:38:53.179+0000] {dag.py:4138} INFO - Setting next_dagrun for example_task_group_decorator to 2026-06-30 00:00:00+00:00, run_after=2026-07-01 00:00:00+00:00
[2026-07-01T09:38:53.189+0000] {processor.py:208} INFO - Processing /home/airflow/.local/lib/python3.12/site-packages/airflow/example_dags/example_task_group_decorator.py took 0.176 seconds
[2026-07-01T09:39:23.613+0000] {processor.py:186} INFO - Started process (PID=3208) to work on /home/airflow/.local/lib/python3.12/site-packages/airflow/example_dags/example_task_group_decorator.py
[2026-07-01T09:39:23.614+0000] {processor.py:914} INFO - Processing file /home/airflow/.local/lib/python3.12/site-packages/airflow/example_dags/example_task_group_decorator.py for tasks to queue
[2026-07-01T09:39:23.616+0000] {logging_mixin.py:190} INFO - [2026-07-01T09:39:23.616+0000] {dagbag.py:587} INFO - Filling up the DagBag from /home/airflow/.local/lib/python3.12/site-packages/airflow/example_dags/example_task_group_decorator.py
[2026-07-01T09:39:23.629+0000] {processor.py:925} INFO - DAG(s) 'example_task_group_decorator' retrieved from /home/airflow/.local/lib/python3.12/site-packages/airflow/example_dags/example_task_group_decorator.py
[2026-07-01T09:39:23.650+0000] {logging_mixin.py:190} INFO - [2026-07-01T09:39:23.650+0000] {dag.py:3211} INFO - Sync 1 DAGs
[2026-07-01T09:39:23.815+0000] {logging_mixin.py:190} INFO - [2026-07-01T09:39:23.815+0000] {dag.py:4138} INFO - Setting next_dagrun for example_task_group_decorator to 2026-06-30 00:00:00+00:00, run_after=2026-07-01 00:00:00+00:00
[2026-07-01T09:39:23.830+0000] {processor.py:208} INFO - Processing /home/airflow/.local/lib/python3.12/site-packages/airflow/example_dags/example_task_group_decorator.py took 0.223 seconds
[2026-07-01T09:39:54.725+0000] {processor.py:186} INFO - Started process (PID=3270) to work on /home/airflow/.local/lib/python3.12/site-packages/airflow/example_dags/example_task_group_decorator.py
[2026-07-01T09:39:54.726+0000] {processor.py:914} INFO - Processing file /home/airflow/.local/lib/python3.12/site-packages/airflow/example_dags/example_task_group_decorator.py for tasks to queue
[2026-07-01T09:39:54.727+0000] {logging_mixin.py:190} INFO - [2026-07-01T09:39:54.727+0000] {dagbag.py:587} INFO - Filling up the DagBag from /home/airflow/.local/lib/python3.12/site-packages/airflow/example_dags/example_task_group_decorator.py
[2026-07-01T09:39:54.738+0000] {processor.py:925} INFO - DAG(s) 'example_task_group_decorator' retrieved from /home/airflow/.local/lib/python3.12/site-packages/airflow/example_dags/example_task_group_decorator.py
[2026-07-01T09:39:54.756+0000] {logging_mixin.py:190} INFO - [2026-07-01T09:39:54.756+0000] {dag.py:3211} INFO - Sync 1 DAGs
[2026-07-01T09:39:54.918+0000] {logging_mixin.py:190} INFO - [2026-07-01T09:39:54.918+0000] {dag.py:4138} INFO - Setting next_dagrun for example_task_group_decorator to 2026-06-30 00:00:00+00:00, run_after=2026-07-01 00:00:00+00:00
[2026-07-01T09:39:54.929+0000] {processor.py:208} INFO - Processing /home/airflow/.local/lib/python3.12/site-packages/airflow/example_dags/example_task_group_decorator.py took 0.209 seconds
[2026-07-01T09:40:25.577+0000] {processor.py:186} INFO - Started process (PID=3332) to work on /home/airflow/.local/lib/python3.12/site-packages/airflow/example_dags/example_task_group_decorator.py
[2026-07-01T09:40:25.579+0000] {processor.py:914} INFO - Processing file /home/airflow/.local/lib/python3.12/site-packages/airflow/example_dags/example_task_group_decorator.py for tasks to queue
[2026-07-01T09:40:25.581+0000] {logging_mixin.py:190} INFO - [2026-07-01T09:40:25.581+0000] {dagbag.py:587} INFO - Filling up the DagBag from /home/airflow/.local/lib/python3.12/site-packages/airflow/example_dags/example_task_group_decorator.py
[2026-07-01T09:40:25.592+0000] {processor.py:925} INFO - DAG(s) 'example_task_group_decorator' retrieved from /home/airflow/.local/lib/python3.12/site-packages/airflow/example_dags/example_task_group_decorator.py
[2026-07-01T09:40:25.611+0000] {logging_mixin.py:190} INFO - [2026-07-01T09:40:25.611+0000] {dag.py:3211} INFO - Sync 1 DAGs
[2026-07-01T09:40:25.628+0000] {logging_mixin.py:190} INFO - [2026-07-01T09:40:25.628+0000] {dag.py:4138} INFO - Setting next_dagrun for example_task_group_decorator to 2026-06-30 00:00:00+00:00, run_after=2026-07-01 00:00:00+00:00
[2026-07-01T09:40:25.640+0000] {processor.py:208} INFO - Processing /home/airflow/.local/lib/python3.12/site-packages/airflow/example_dags/example_task_group_decorator.py took 0.068 seconds
[2026-07-01T09:40:56.003+0000] {processor.py:186} INFO - Started process (PID=3394) to work on /home/airflow/.local/lib/python3.12/site-packages/airflow/example_dags/example_task_group_decorator.py
[2026-07-01T09:40:56.004+0000] {processor.py:914} INFO - Processing file /home/airflow/.local/lib/python3.12/site-packages/airflow/example_dags/example_task_group_decorator.py for tasks to queue
[2026-07-01T09:40:56.006+0000] {logging_mixin.py:190} INFO - [2026-07-01T09:40:56.006+0000] {dagbag.py:587} INFO - Filling up the DagBag from /home/airflow/.local/lib/python3.12/site-packages/airflow/example_dags/example_task_group_decorator.py
[2026-07-01T09:40:56.018+0000] {processor.py:925} INFO - DAG(s) 'example_task_group_decorator' retrieved from /home/airflow/.local/lib/python3.12/site-packages/airflow/example_dags/example_task_group_decorator.py
[2026-07-01T09:40:56.037+0000] {logging_mixin.py:190} INFO - [2026-07-01T09:40:56.037+0000] {dag.py:3211} INFO - Sync 1 DAGs
[2026-07-01T09:40:56.054+0000] {logging_mixin.py:190} INFO - [2026-07-01T09:40:56.054+0000] {dag.py:4138} INFO - Setting next_dagrun for example_task_group_decorator to 2026-06-30 00:00:00+00:00, run_after=2026-07-01 00:00:00+00:00
[2026-07-01T09:40:56.069+0000] {processor.py:208} INFO - Processing /home/airflow/.local/lib/python3.12/site-packages/airflow/example_dags/example_task_group_decorator.py took 0.072 seconds
[2026-07-01T09:41:26.294+0000] {processor.py:186} INFO - Started process (PID=3456) to work on /home/airflow/.local/lib/python3.12/site-packages/airflow/example_dags/example_task_group_decorator.py
[2026-07-01T09:41:26.295+0000] {processor.py:914} INFO - Processing file /home/airflow/.local/lib/python3.12/site-packages/airflow/example_dags/example_task_group_decorator.py for tasks to queue
[2026-07-01T09:41:26.297+0000] {logging_mixin.py:190} INFO - [2026-07-01T09:41:26.296+0000] {dagbag.py:587} INFO - Filling up the DagBag from /home/airflow/.local/lib/python3.12/site-packages/airflow/example_dags/example_task_group_decorator.py
[2026-07-01T09:41:26.307+0000] {processor.py:925} INFO - DAG(s) 'example_task_group_decorator' retrieved from /home/airflow/.local/lib/python3.12/site-packages/airflow/example_dags/example_task_group_decorator.py
[2026-07-01T09:41:26.324+0000] {logging_mixin.py:190} INFO - [2026-07-01T09:41:26.324+0000] {dag.py:3211} INFO - Sync 1 DAGs
[2026-07-01T09:41:26.339+0000] {logging_mixin.py:190} INFO - [2026-07-01T09:41:26.338+0000] {dag.py:4138} INFO - Setting next_dagrun for example_task_group_decorator to 2026-06-30 00:00:00+00:00, run_after=2026-07-01 00:00:00+00:00
[2026-07-01T09:41:26.350+0000] {processor.py:208} INFO - Processing /home/airflow/.local/lib/python3.12/site-packages/airflow/example_dags/example_task_group_decorator.py took 0.061 seconds
[2026-07-01T09:41:56.515+0000] {processor.py:186} INFO - Started process (PID=3518) to work on /home/airflow/.local/lib/python3.12/site-packages/airflow/example_dags/example_task_group_decorator.py
[2026-07-01T09:41:56.516+0000] {processor.py:914} INFO - Processing file /home/airflow/.local/lib/python3.12/site-packages/airflow/example_dags/example_task_group_decorator.py for tasks to queue
[2026-07-01T09:41:56.519+0000] {logging_mixin.py:190} INFO - [2026-07-01T09:41:56.519+0000] {dagbag.py:587} INFO - Filling up the DagBag from /home/airflow/.local/lib/python3.12/site-packages/airflow/example_dags/example_task_group_decorator.py
[2026-07-01T09:41:56.532+0000] {processor.py:925} INFO - DAG(s) 'example_task_group_decorator' retrieved from /home/airflow/.local/lib/python3.12/site-packages/airflow/example_dags/example_task_group_decorator.py
[2026-07-01T09:41:56.555+0000] {logging_mixin.py:190} INFO - [2026-07-01T09:41:56.554+0000] {dag.py:3211} INFO - Sync 1 DAGs
[2026-07-01T09:41:56.571+0000] {logging_mixin.py:190} INFO - [2026-07-01T09:41:56.570+0000] {dag.py:4138} INFO - Setting next_dagrun for example_task_group_decorator to 2026-06-30 00:00:00+00:00, run_after=2026-07-01 00:00:00+00:00
[2026-07-01T09:41:56.584+0000] {processor.py:208} INFO - Processing /home/airflow/.local/lib/python3.12/site-packages/airflow/example_dags/example_task_group_decorator.py took 0.075 seconds
[2026-07-01T09:42:26.841+0000] {processor.py:186} INFO - Started process (PID=3580) to work on /home/airflow/.local/lib/python3.12/site-packages/airflow/example_dags/example_task_group_decorator.py
[2026-07-01T09:42:26.842+0000] {processor.py:914} INFO - Processing file /home/airflow/.local/lib/python3.12/site-packages/airflow/example_dags/example_task_group_decorator.py for tasks to queue
[2026-07-01T09:42:26.843+0000] {logging_mixin.py:190} INFO - [2026-07-01T09:42:26.843+0000] {dagbag.py:587} INFO - Filling up the DagBag from /home/airflow/.local/lib/python3.12/site-packages/airflow/example_dags/example_task_group_decorator.py
[2026-07-01T09:42:26.854+0000] {processor.py:925} INFO - DAG(s) 'example_task_group_decorator' retrieved from /home/airflow/.local/lib/python3.12/site-packages/airflow/example_dags/example_task_group_decorator.py
[2026-07-01T09:42:26.870+0000] {logging_mixin.py:190} INFO - [2026-07-01T09:42:26.870+0000] {dag.py:3211} INFO - Sync 1 DAGs
[2026-07-01T09:42:26.883+0000] {logging_mixin.py:190} INFO - [2026-07-01T09:42:26.883+0000] {dag.py:4138} INFO - Setting next_dagrun for example_task_group_decorator to 2026-06-30 00:00:00+00:00, run_after=2026-07-01 00:00:00+00:00
[2026-07-01T09:42:26.895+0000] {processor.py:208} INFO - Processing /home/airflow/.local/lib/python3.12/site-packages/airflow/example_dags/example_task_group_decorator.py took 0.058 seconds
[2026-07-01T09:42:57.381+0000] {processor.py:186} INFO - Started process (PID=3642) to work on /home/airflow/.local/lib/python3.12/site-packages/airflow/example_dags/example_task_group_decorator.py
[2026-07-01T09:42:57.382+0000] {processor.py:914} INFO - Processing file /home/airflow/.local/lib/python3.12/site-packages/airflow/example_dags/example_task_group_decorator.py for tasks to queue
[2026-07-01T09:42:57.384+0000] {logging_mixin.py:190} INFO - [2026-07-01T09:42:57.384+0000] {dagbag.py:587} INFO - Filling up the DagBag from /home/airflow/.local/lib/python3.12/site-packages/airflow/example_dags/example_task_group_decorator.py
[2026-07-01T09:42:57.397+0000] {processor.py:925} INFO - DAG(s) 'example_task_group_decorator' retrieved from /home/airflow/.local/lib/python3.12/site-packages/airflow/example_dags/example_task_group_decorator.py
[2026-07-01T09:42:57.415+0000] {logging_mixin.py:190} INFO - [2026-07-01T09:42:57.415+0000] {dag.py:3211} INFO - Sync 1 DAGs
[2026-07-01T09:42:57.431+0000] {logging_mixin.py:190} INFO - [2026-07-01T09:42:57.431+0000] {dag.py:4138} INFO - Setting next_dagrun for example_task_group_decorator to 2026-06-30 00:00:00+00:00, run_after=2026-07-01 00:00:00+00:00
[2026-07-01T09:42:57.443+0000] {processor.py:208} INFO - Processing /home/airflow/.local/lib/python3.12/site-packages/airflow/example_dags/example_task_group_decorator.py took 0.066 seconds
[2026-07-01T09:43:27.589+0000] {processor.py:186} INFO - Started process (PID=3704) to work on /home/airflow/.local/lib/python3.12/site-packages/airflow/example_dags/example_task_group_decorator.py
[2026-07-01T09:43:27.589+0000] {processor.py:914} INFO - Processing file /home/airflow/.local/lib/python3.12/site-packages/airflow/example_dags/example_task_group_decorator.py for tasks to queue
[2026-07-01T09:43:27.592+0000] {logging_mixin.py:190} INFO - [2026-07-01T09:43:27.591+0000] {dagbag.py:587} INFO - Filling up the DagBag from /home/airflow/.local/lib/python3.12/site-packages/airflow/example_dags/example_task_group_decorator.py
[2026-07-01T09:43:27.603+0000] {processor.py:925} INFO - DAG(s) 'example_task_group_decorator' retrieved from /home/airflow/.local/lib/python3.12/site-packages/airflow/example_dags/example_task_group_decorator.py
[2026-07-01T09:43:27.619+0000] {logging_mixin.py:190} INFO - [2026-07-01T09:43:27.619+0000] {dag.py:3211} INFO - Sync 1 DAGs
[2026-07-01T09:43:27.633+0000] {logging_mixin.py:190} INFO - [2026-07-01T09:43:27.633+0000] {dag.py:4138} INFO - Setting next_dagrun for example_task_group_decorator to 2026-06-30 00:00:00+00:00, run_after=2026-07-01 00:00:00+00:00
[2026-07-01T09:43:27.645+0000] {processor.py:208} INFO - Processing /home/airflow/.local/lib/python3.12/site-packages/airflow/example_dags/example_task_group_decorator.py took 0.061 seconds
[2026-07-01T09:43:58.066+0000] {processor.py:186} INFO - Started process (PID=3766) to work on /home/airflow/.local/lib/python3.12/site-packages/airflow/example_dags/example_task_group_decorator.py
[2026-07-01T09:43:58.067+0000] {processor.py:914} INFO - Processing file /home/airflow/.local/lib/python3.12/site-packages/airflow/example_dags/example_task_group_decorator.py for tasks to queue
[2026-07-01T09:43:58.070+0000] {logging_mixin.py:190} INFO - [2026-07-01T09:43:58.069+0000] {dagbag.py:587} INFO - Filling up the DagBag from /home/airflow/.local/lib/python3.12/site-packages/airflow/example_dags/example_task_group_decorator.py
[2026-07-01T09:43:58.081+0000] {processor.py:925} INFO - DAG(s) 'example_task_group_decorator' retrieved from /home/airflow/.local/lib/python3.12/site-packages/airflow/example_dags/example_task_group_decorator.py
[2026-07-01T09:43:58.098+0000] {logging_mixin.py:190} INFO - [2026-07-01T09:43:58.098+0000] {dag.py:3211} INFO - Sync 1 DAGs
[2026-07-01T09:43:58.114+0000] {logging_mixin.py:190} INFO - [2026-07-01T09:43:58.114+0000] {dag.py:4138} INFO - Setting next_dagrun for example_task_group_decorator to 2026-06-30 00:00:00+00:00, run_after=2026-07-01 00:00:00+00:00
[2026-07-01T09:43:58.128+0000] {processor.py:208} INFO - Processing /home/airflow/.local/lib/python3.12/site-packages/airflow/example_dags/example_task_group_decorator.py took 0.066 seconds
[2026-07-01T09:44:28.204+0000] {processor.py:186} INFO - Started process (PID=3828) to work on /home/airflow/.local/lib/python3.12/site-packages/airflow/example_dags/example_task_group_decorator.py
[2026-07-01T09:44:28.205+0000] {processor.py:914} INFO - Processing file /home/airflow/.local/lib/python3.12/site-packages/airflow/example_dags/example_task_group_decorator.py for tasks to queue
[2026-07-01T09:44:28.208+0000] {logging_mixin.py:190} INFO - [2026-07-01T09:44:28.207+0000] {dagbag.py:587} INFO - Filling up the DagBag from /home/airflow/.local/lib/python3.12/site-packages/airflow/example_dags/example_task_group_decorator.py
[2026-07-01T09:44:28.221+0000] {processor.py:925} INFO - DAG(s) 'example_task_group_decorator' retrieved from /home/airflow/.local/lib/python3.12/site-packages/airflow/example_dags/example_task_group_decorator.py
[2026-07-01T09:44:28.240+0000] {logging_mixin.py:190} INFO - [2026-07-01T09:44:28.240+0000] {dag.py:3211} INFO - Sync 1 DAGs
[2026-07-01T09:44:28.258+0000] {logging_mixin.py:190} INFO - [2026-07-01T09:44:28.258+0000] {dag.py:4138} INFO - Setting next_dagrun for example_task_group_decorator to 2026-06-30 00:00:00+00:00, run_after=2026-07-01 00:00:00+00:00
[2026-07-01T09:44:28.274+0000] {processor.py:208} INFO - Processing /home/airflow/.local/lib/python3.12/site-packages/airflow/example_dags/example_task_group_decorator.py took 0.076 seconds
[2026-07-01T09:44:58.715+0000] {processor.py:186} INFO - Started process (PID=3890) to work on /home/airflow/.local/lib/python3.12/site-packages/airflow/example_dags/example_task_group_decorator.py
[2026-07-01T09:44:58.717+0000] {processor.py:914} INFO - Processing file /home/airflow/.local/lib/python3.12/site-packages/airflow/example_dags/example_task_group_decorator.py for tasks to queue
[2026-07-01T09:44:58.720+0000] {logging_mixin.py:190} INFO - [2026-07-01T09:44:58.719+0000] {dagbag.py:587} INFO - Filling up the DagBag from /home/airflow/.local/lib/python3.12/site-packages/airflow/example_dags/example_task_group_decorator.py
[2026-07-01T09:44:58.737+0000] {processor.py:925} INFO - DAG(s) 'example_task_group_decorator' retrieved from /home/airflow/.local/lib/python3.12/site-packages/airflow/example_dags/example_task_group_decorator.py
[2026-07-01T09:44:58.765+0000] {logging_mixin.py:190} INFO - [2026-07-01T09:44:58.765+0000] {dag.py:3211} INFO - Sync 1 DAGs
[2026-07-01T09:44:58.785+0000] {logging_mixin.py:190} INFO - [2026-07-01T09:44:58.784+0000] {dag.py:4138} INFO - Setting next_dagrun for example_task_group_decorator to 2026-06-30 00:00:00+00:00, run_after=2026-07-01 00:00:00+00:00
[2026-07-01T09:44:58.798+0000] {processor.py:208} INFO - Processing /home/airflow/.local/lib/python3.12/site-packages/airflow/example_dags/example_task_group_decorator.py took 0.090 seconds
[2026-07-01T09:45:29.094+0000] {processor.py:186} INFO - Started process (PID=3952) to work on /home/airflow/.local/lib/python3.12/site-packages/airflow/example_dags/example_task_group_decorator.py
[2026-07-01T09:45:29.095+0000] {processor.py:914} INFO - Processing file /home/airflow/.local/lib/python3.12/site-packages/airflow/example_dags/example_task_group_decorator.py for tasks to queue
[2026-07-01T09:45:29.097+0000] {logging_mixin.py:190} INFO - [2026-07-01T09:45:29.097+0000] {dagbag.py:587} INFO - Filling up the DagBag from /home/airflow/.local/lib/python3.12/site-packages/airflow/example_dags/example_task_group_decorator.py
[2026-07-01T09:45:29.109+0000] {processor.py:925} INFO - DAG(s) 'example_task_group_decorator' retrieved from /home/airflow/.local/lib/python3.12/site-packages/airflow/example_dags/example_task_group_decorator.py
[2026-07-01T09:45:29.127+0000] {logging_mixin.py:190} INFO - [2026-07-01T09:45:29.127+0000] {dag.py:3211} INFO - Sync 1 DAGs
[2026-07-01T09:45:29.144+0000] {logging_mixin.py:190} INFO - [2026-07-01T09:45:29.144+0000] {dag.py:4138} INFO - Setting next_dagrun for example_task_group_decorator to 2026-06-30 00:00:00+00:00, run_after=2026-07-01 00:00:00+00:00
[2026-07-01T09:45:29.156+0000] {processor.py:208} INFO - Processing /home/airflow/.local/lib/python3.12/site-packages/airflow/example_dags/example_task_group_decorator.py took 0.067 seconds
