[2026-07-01T09:09:41.429+0000] {processor.py:186} INFO - Started process (PID=98) to work on /home/airflow/.local/lib/python3.12/site-packages/airflow/example_dags/example_sla_dag.py
[2026-07-01T09:09:41.431+0000] {processor.py:914} INFO - Processing file /home/airflow/.local/lib/python3.12/site-packages/airflow/example_dags/example_sla_dag.py for tasks to queue
[2026-07-01T09:09:41.434+0000] {logging_mixin.py:190} INFO - [2026-07-01T09:09:41.434+0000] {dagbag.py:587} INFO - Filling up the DagBag from /home/airflow/.local/lib/python3.12/site-packages/airflow/example_dags/example_sla_dag.py
[2026-07-01T09:09:41.446+0000] {processor.py:925} INFO - DAG(s) 'example_sla_dag' retrieved from /home/airflow/.local/lib/python3.12/site-packages/airflow/example_dags/example_sla_dag.py
[2026-07-01T09:09:41.539+0000] {logging_mixin.py:190} INFO - [2026-07-01T09:09:41.538+0000] {override.py:1858} INFO - Created Permission View: can read on DAG:example_sla_dag
[2026-07-01T09:09:41.548+0000] {logging_mixin.py:190} INFO - [2026-07-01T09:09:41.548+0000] {override.py:1858} INFO - Created Permission View: can delete on DAG:example_sla_dag
[2026-07-01T09:09:41.555+0000] {logging_mixin.py:190} INFO - [2026-07-01T09:09:41.554+0000] {override.py:1858} INFO - Created Permission View: can edit on DAG:example_sla_dag
[2026-07-01T09:09:41.556+0000] {logging_mixin.py:190} INFO - [2026-07-01T09:09:41.555+0000] {dag.py:3211} INFO - Sync 1 DAGs
[2026-07-01T09:09:41.567+0000] {logging_mixin.py:190} INFO - [2026-07-01T09:09:41.567+0000] {dag.py:3234} INFO - Creating ORM DAG for example_sla_dag
[2026-07-01T09:09:41.578+0000] {logging_mixin.py:190} INFO - [2026-07-01T09:09:41.578+0000] {dag.py:4138} INFO - Setting next_dagrun for example_sla_dag to 2026-07-01 09:06:00+00:00, run_after=2026-07-01 09:08:00+00:00
[2026-07-01T09:09:41.591+0000] {processor.py:208} INFO - Processing /home/airflow/.local/lib/python3.12/site-packages/airflow/example_dags/example_sla_dag.py took 0.169 seconds
[2026-07-01T09:10:11.841+0000] {processor.py:186} INFO - Started process (PID=160) to work on /home/airflow/.local/lib/python3.12/site-packages/airflow/example_dags/example_sla_dag.py
[2026-07-01T09:10:11.842+0000] {processor.py:914} INFO - Processing file /home/airflow/.local/lib/python3.12/site-packages/airflow/example_dags/example_sla_dag.py for tasks to queue
[2026-07-01T09:10:11.844+0000] {logging_mixin.py:190} INFO - [2026-07-01T09:10:11.843+0000] {dagbag.py:587} INFO - Filling up the DagBag from /home/airflow/.local/lib/python3.12/site-packages/airflow/example_dags/example_sla_dag.py
[2026-07-01T09:10:11.851+0000] {processor.py:925} INFO - DAG(s) 'example_sla_dag' retrieved from /home/airflow/.local/lib/python3.12/site-packages/airflow/example_dags/example_sla_dag.py
[2026-07-01T09:10:11.868+0000] {logging_mixin.py:190} INFO - [2026-07-01T09:10:11.868+0000] {dag.py:3211} INFO - Sync 1 DAGs
[2026-07-01T09:10:11.888+0000] {logging_mixin.py:190} INFO - [2026-07-01T09:10:11.887+0000] {dag.py:4138} INFO - Setting next_dagrun for example_sla_dag to 2026-07-01 09:08:00+00:00, run_after=2026-07-01 09:10:00+00:00
[2026-07-01T09:10:11.903+0000] {processor.py:208} INFO - Processing /home/airflow/.local/lib/python3.12/site-packages/airflow/example_dags/example_sla_dag.py took 0.066 seconds
[2026-07-01T09:10:42.006+0000] {processor.py:186} INFO - Started process (PID=222) to work on /home/airflow/.local/lib/python3.12/site-packages/airflow/example_dags/example_sla_dag.py
[2026-07-01T09:10:42.007+0000] {processor.py:914} INFO - Processing file /home/airflow/.local/lib/python3.12/site-packages/airflow/example_dags/example_sla_dag.py for tasks to queue
[2026-07-01T09:10:42.008+0000] {logging_mixin.py:190} INFO - [2026-07-01T09:10:42.008+0000] {dagbag.py:587} INFO - Filling up the DagBag from /home/airflow/.local/lib/python3.12/site-packages/airflow/example_dags/example_sla_dag.py
[2026-07-01T09:10:42.015+0000] {processor.py:925} INFO - DAG(s) 'example_sla_dag' retrieved from /home/airflow/.local/lib/python3.12/site-packages/airflow/example_dags/example_sla_dag.py
[2026-07-01T09:10:42.029+0000] {logging_mixin.py:190} INFO - [2026-07-01T09:10:42.029+0000] {dag.py:3211} INFO - Sync 1 DAGs
[2026-07-01T09:10:42.046+0000] {logging_mixin.py:190} INFO - [2026-07-01T09:10:42.045+0000] {dag.py:4138} INFO - Setting next_dagrun for example_sla_dag to 2026-07-01 09:08:00+00:00, run_after=2026-07-01 09:10:00+00:00
[2026-07-01T09:10:42.058+0000] {processor.py:208} INFO - Processing /home/airflow/.local/lib/python3.12/site-packages/airflow/example_dags/example_sla_dag.py took 0.057 seconds
[2026-07-01T09:11:12.247+0000] {processor.py:186} INFO - Started process (PID=284) to work on /home/airflow/.local/lib/python3.12/site-packages/airflow/example_dags/example_sla_dag.py
[2026-07-01T09:11:12.248+0000] {processor.py:914} INFO - Processing file /home/airflow/.local/lib/python3.12/site-packages/airflow/example_dags/example_sla_dag.py for tasks to queue
[2026-07-01T09:11:12.249+0000] {logging_mixin.py:190} INFO - [2026-07-01T09:11:12.249+0000] {dagbag.py:587} INFO - Filling up the DagBag from /home/airflow/.local/lib/python3.12/site-packages/airflow/example_dags/example_sla_dag.py
[2026-07-01T09:11:12.257+0000] {processor.py:925} INFO - DAG(s) 'example_sla_dag' retrieved from /home/airflow/.local/lib/python3.12/site-packages/airflow/example_dags/example_sla_dag.py
[2026-07-01T09:11:12.271+0000] {logging_mixin.py:190} INFO - [2026-07-01T09:11:12.271+0000] {dag.py:3211} INFO - Sync 1 DAGs
[2026-07-01T09:11:12.286+0000] {logging_mixin.py:190} INFO - [2026-07-01T09:11:12.286+0000] {dag.py:4138} INFO - Setting next_dagrun for example_sla_dag to 2026-07-01 09:08:00+00:00, run_after=2026-07-01 09:10:00+00:00
[2026-07-01T09:11:12.297+0000] {processor.py:208} INFO - Processing /home/airflow/.local/lib/python3.12/site-packages/airflow/example_dags/example_sla_dag.py took 0.055 seconds
[2026-07-01T09:11:42.685+0000] {processor.py:186} INFO - Started process (PID=346) to work on /home/airflow/.local/lib/python3.12/site-packages/airflow/example_dags/example_sla_dag.py
[2026-07-01T09:11:42.686+0000] {processor.py:914} INFO - Processing file /home/airflow/.local/lib/python3.12/site-packages/airflow/example_dags/example_sla_dag.py for tasks to queue
[2026-07-01T09:11:42.688+0000] {logging_mixin.py:190} INFO - [2026-07-01T09:11:42.688+0000] {dagbag.py:587} INFO - Filling up the DagBag from /home/airflow/.local/lib/python3.12/site-packages/airflow/example_dags/example_sla_dag.py
[2026-07-01T09:11:42.696+0000] {processor.py:925} INFO - DAG(s) 'example_sla_dag' retrieved from /home/airflow/.local/lib/python3.12/site-packages/airflow/example_dags/example_sla_dag.py
[2026-07-01T09:11:42.712+0000] {logging_mixin.py:190} INFO - [2026-07-01T09:11:42.712+0000] {dag.py:3211} INFO - Sync 1 DAGs
[2026-07-01T09:11:42.729+0000] {logging_mixin.py:190} INFO - [2026-07-01T09:11:42.729+0000] {dag.py:4138} INFO - Setting next_dagrun for example_sla_dag to 2026-07-01 09:08:00+00:00, run_after=2026-07-01 09:10:00+00:00
[2026-07-01T09:11:42.741+0000] {processor.py:208} INFO - Processing /home/airflow/.local/lib/python3.12/site-packages/airflow/example_dags/example_sla_dag.py took 0.061 seconds
[2026-07-01T09:12:13.043+0000] {processor.py:186} INFO - Started process (PID=408) to work on /home/airflow/.local/lib/python3.12/site-packages/airflow/example_dags/example_sla_dag.py
[2026-07-01T09:12:13.044+0000] {processor.py:914} INFO - Processing file /home/airflow/.local/lib/python3.12/site-packages/airflow/example_dags/example_sla_dag.py for tasks to queue
[2026-07-01T09:12:13.047+0000] {logging_mixin.py:190} INFO - [2026-07-01T09:12:13.046+0000] {dagbag.py:587} INFO - Filling up the DagBag from /home/airflow/.local/lib/python3.12/site-packages/airflow/example_dags/example_sla_dag.py
[2026-07-01T09:12:13.055+0000] {processor.py:925} INFO - DAG(s) 'example_sla_dag' retrieved from /home/airflow/.local/lib/python3.12/site-packages/airflow/example_dags/example_sla_dag.py
[2026-07-01T09:12:13.071+0000] {logging_mixin.py:190} INFO - [2026-07-01T09:12:13.071+0000] {dag.py:3211} INFO - Sync 1 DAGs
[2026-07-01T09:12:13.092+0000] {logging_mixin.py:190} INFO - [2026-07-01T09:12:13.092+0000] {dag.py:4138} INFO - Setting next_dagrun for example_sla_dag to 2026-07-01 09:10:00+00:00, run_after=2026-07-01 09:12:00+00:00
[2026-07-01T09:12:13.109+0000] {processor.py:208} INFO - Processing /home/airflow/.local/lib/python3.12/site-packages/airflow/example_dags/example_sla_dag.py took 0.071 seconds
[2026-07-01T09:12:43.488+0000] {processor.py:186} INFO - Started process (PID=470) to work on /home/airflow/.local/lib/python3.12/site-packages/airflow/example_dags/example_sla_dag.py
[2026-07-01T09:12:43.490+0000] {processor.py:914} INFO - Processing file /home/airflow/.local/lib/python3.12/site-packages/airflow/example_dags/example_sla_dag.py for tasks to queue
[2026-07-01T09:12:43.492+0000] {logging_mixin.py:190} INFO - [2026-07-01T09:12:43.491+0000] {dagbag.py:587} INFO - Filling up the DagBag from /home/airflow/.local/lib/python3.12/site-packages/airflow/example_dags/example_sla_dag.py
[2026-07-01T09:12:43.499+0000] {processor.py:925} INFO - DAG(s) 'example_sla_dag' retrieved from /home/airflow/.local/lib/python3.12/site-packages/airflow/example_dags/example_sla_dag.py
[2026-07-01T09:12:43.515+0000] {logging_mixin.py:190} INFO - [2026-07-01T09:12:43.514+0000] {dag.py:3211} INFO - Sync 1 DAGs
[2026-07-01T09:12:43.533+0000] {logging_mixin.py:190} INFO - [2026-07-01T09:12:43.532+0000] {dag.py:4138} INFO - Setting next_dagrun for example_sla_dag to 2026-07-01 09:10:00+00:00, run_after=2026-07-01 09:12:00+00:00
[2026-07-01T09:12:43.545+0000] {processor.py:208} INFO - Processing /home/airflow/.local/lib/python3.12/site-packages/airflow/example_dags/example_sla_dag.py took 0.061 seconds
[2026-07-01T09:13:13.987+0000] {processor.py:186} INFO - Started process (PID=532) to work on /home/airflow/.local/lib/python3.12/site-packages/airflow/example_dags/example_sla_dag.py
[2026-07-01T09:13:13.989+0000] {processor.py:914} INFO - Processing file /home/airflow/.local/lib/python3.12/site-packages/airflow/example_dags/example_sla_dag.py for tasks to queue
[2026-07-01T09:13:13.991+0000] {logging_mixin.py:190} INFO - [2026-07-01T09:13:13.991+0000] {dagbag.py:587} INFO - Filling up the DagBag from /home/airflow/.local/lib/python3.12/site-packages/airflow/example_dags/example_sla_dag.py
[2026-07-01T09:13:14.000+0000] {processor.py:925} INFO - DAG(s) 'example_sla_dag' retrieved from /home/airflow/.local/lib/python3.12/site-packages/airflow/example_dags/example_sla_dag.py
[2026-07-01T09:13:14.016+0000] {logging_mixin.py:190} INFO - [2026-07-01T09:13:14.016+0000] {dag.py:3211} INFO - Sync 1 DAGs
[2026-07-01T09:13:14.034+0000] {logging_mixin.py:190} INFO - [2026-07-01T09:13:14.034+0000] {dag.py:4138} INFO - Setting next_dagrun for example_sla_dag to 2026-07-01 09:10:00+00:00, run_after=2026-07-01 09:12:00+00:00
[2026-07-01T09:13:14.047+0000] {processor.py:208} INFO - Processing /home/airflow/.local/lib/python3.12/site-packages/airflow/example_dags/example_sla_dag.py took 0.065 seconds
[2026-07-01T09:13:44.912+0000] {processor.py:186} INFO - Started process (PID=594) to work on /home/airflow/.local/lib/python3.12/site-packages/airflow/example_dags/example_sla_dag.py
[2026-07-01T09:13:44.913+0000] {processor.py:914} INFO - Processing file /home/airflow/.local/lib/python3.12/site-packages/airflow/example_dags/example_sla_dag.py for tasks to queue
[2026-07-01T09:13:44.916+0000] {logging_mixin.py:190} INFO - [2026-07-01T09:13:44.916+0000] {dagbag.py:587} INFO - Filling up the DagBag from /home/airflow/.local/lib/python3.12/site-packages/airflow/example_dags/example_sla_dag.py
[2026-07-01T09:13:44.925+0000] {processor.py:925} INFO - DAG(s) 'example_sla_dag' retrieved from /home/airflow/.local/lib/python3.12/site-packages/airflow/example_dags/example_sla_dag.py
[2026-07-01T09:13:44.940+0000] {logging_mixin.py:190} INFO - [2026-07-01T09:13:44.940+0000] {dag.py:3211} INFO - Sync 1 DAGs
[2026-07-01T09:13:44.958+0000] {logging_mixin.py:190} INFO - [2026-07-01T09:13:44.958+0000] {dag.py:4138} INFO - Setting next_dagrun for example_sla_dag to 2026-07-01 09:10:00+00:00, run_after=2026-07-01 09:12:00+00:00
[2026-07-01T09:13:44.970+0000] {processor.py:208} INFO - Processing /home/airflow/.local/lib/python3.12/site-packages/airflow/example_dags/example_sla_dag.py took 0.064 seconds
[2026-07-01T09:14:16.050+0000] {processor.py:186} INFO - Started process (PID=656) to work on /home/airflow/.local/lib/python3.12/site-packages/airflow/example_dags/example_sla_dag.py
[2026-07-01T09:14:16.051+0000] {processor.py:914} INFO - Processing file /home/airflow/.local/lib/python3.12/site-packages/airflow/example_dags/example_sla_dag.py for tasks to queue
[2026-07-01T09:14:16.053+0000] {logging_mixin.py:190} INFO - [2026-07-01T09:14:16.053+0000] {dagbag.py:587} INFO - Filling up the DagBag from /home/airflow/.local/lib/python3.12/site-packages/airflow/example_dags/example_sla_dag.py
[2026-07-01T09:14:16.062+0000] {processor.py:925} INFO - DAG(s) 'example_sla_dag' retrieved from /home/airflow/.local/lib/python3.12/site-packages/airflow/example_dags/example_sla_dag.py
[2026-07-01T09:14:16.077+0000] {logging_mixin.py:190} INFO - [2026-07-01T09:14:16.076+0000] {dag.py:3211} INFO - Sync 1 DAGs
[2026-07-01T09:14:16.094+0000] {logging_mixin.py:190} INFO - [2026-07-01T09:14:16.094+0000] {dag.py:4138} INFO - Setting next_dagrun for example_sla_dag to 2026-07-01 09:12:00+00:00, run_after=2026-07-01 09:14:00+00:00
[2026-07-01T09:14:16.107+0000] {processor.py:208} INFO - Processing /home/airflow/.local/lib/python3.12/site-packages/airflow/example_dags/example_sla_dag.py took 0.061 seconds
[2026-07-01T09:14:46.283+0000] {processor.py:186} INFO - Started process (PID=718) to work on /home/airflow/.local/lib/python3.12/site-packages/airflow/example_dags/example_sla_dag.py
[2026-07-01T09:14:46.284+0000] {processor.py:914} INFO - Processing file /home/airflow/.local/lib/python3.12/site-packages/airflow/example_dags/example_sla_dag.py for tasks to queue
[2026-07-01T09:14:46.286+0000] {logging_mixin.py:190} INFO - [2026-07-01T09:14:46.286+0000] {dagbag.py:587} INFO - Filling up the DagBag from /home/airflow/.local/lib/python3.12/site-packages/airflow/example_dags/example_sla_dag.py
[2026-07-01T09:14:46.294+0000] {processor.py:925} INFO - DAG(s) 'example_sla_dag' retrieved from /home/airflow/.local/lib/python3.12/site-packages/airflow/example_dags/example_sla_dag.py
[2026-07-01T09:14:46.309+0000] {logging_mixin.py:190} INFO - [2026-07-01T09:14:46.309+0000] {dag.py:3211} INFO - Sync 1 DAGs
[2026-07-01T09:14:46.325+0000] {logging_mixin.py:190} INFO - [2026-07-01T09:14:46.325+0000] {dag.py:4138} INFO - Setting next_dagrun for example_sla_dag to 2026-07-01 09:12:00+00:00, run_after=2026-07-01 09:14:00+00:00
[2026-07-01T09:14:46.338+0000] {processor.py:208} INFO - Processing /home/airflow/.local/lib/python3.12/site-packages/airflow/example_dags/example_sla_dag.py took 0.060 seconds
[2026-07-01T09:15:17.102+0000] {processor.py:186} INFO - Started process (PID=780) to work on /home/airflow/.local/lib/python3.12/site-packages/airflow/example_dags/example_sla_dag.py
[2026-07-01T09:15:17.103+0000] {processor.py:914} INFO - Processing file /home/airflow/.local/lib/python3.12/site-packages/airflow/example_dags/example_sla_dag.py for tasks to queue
[2026-07-01T09:15:17.105+0000] {logging_mixin.py:190} INFO - [2026-07-01T09:15:17.104+0000] {dagbag.py:587} INFO - Filling up the DagBag from /home/airflow/.local/lib/python3.12/site-packages/airflow/example_dags/example_sla_dag.py
[2026-07-01T09:15:17.112+0000] {processor.py:925} INFO - DAG(s) 'example_sla_dag' retrieved from /home/airflow/.local/lib/python3.12/site-packages/airflow/example_dags/example_sla_dag.py
[2026-07-01T09:15:17.127+0000] {logging_mixin.py:190} INFO - [2026-07-01T09:15:17.127+0000] {dag.py:3211} INFO - Sync 1 DAGs
[2026-07-01T09:15:17.143+0000] {logging_mixin.py:190} INFO - [2026-07-01T09:15:17.143+0000] {dag.py:4138} INFO - Setting next_dagrun for example_sla_dag to 2026-07-01 09:12:00+00:00, run_after=2026-07-01 09:14:00+00:00
[2026-07-01T09:15:17.156+0000] {processor.py:208} INFO - Processing /home/airflow/.local/lib/python3.12/site-packages/airflow/example_dags/example_sla_dag.py took 0.058 seconds
[2026-07-01T09:15:47.963+0000] {processor.py:186} INFO - Started process (PID=842) to work on /home/airflow/.local/lib/python3.12/site-packages/airflow/example_dags/example_sla_dag.py
[2026-07-01T09:15:47.964+0000] {processor.py:914} INFO - Processing file /home/airflow/.local/lib/python3.12/site-packages/airflow/example_dags/example_sla_dag.py for tasks to queue
[2026-07-01T09:15:47.966+0000] {logging_mixin.py:190} INFO - [2026-07-01T09:15:47.966+0000] {dagbag.py:587} INFO - Filling up the DagBag from /home/airflow/.local/lib/python3.12/site-packages/airflow/example_dags/example_sla_dag.py
[2026-07-01T09:15:47.974+0000] {processor.py:925} INFO - DAG(s) 'example_sla_dag' retrieved from /home/airflow/.local/lib/python3.12/site-packages/airflow/example_dags/example_sla_dag.py
[2026-07-01T09:15:47.989+0000] {logging_mixin.py:190} INFO - [2026-07-01T09:15:47.989+0000] {dag.py:3211} INFO - Sync 1 DAGs
[2026-07-01T09:15:48.006+0000] {logging_mixin.py:190} INFO - [2026-07-01T09:15:48.006+0000] {dag.py:4138} INFO - Setting next_dagrun for example_sla_dag to 2026-07-01 09:12:00+00:00, run_after=2026-07-01 09:14:00+00:00
[2026-07-01T09:15:48.018+0000] {processor.py:208} INFO - Processing /home/airflow/.local/lib/python3.12/site-packages/airflow/example_dags/example_sla_dag.py took 0.060 seconds
[2026-07-01T09:16:18.348+0000] {processor.py:186} INFO - Started process (PID=904) to work on /home/airflow/.local/lib/python3.12/site-packages/airflow/example_dags/example_sla_dag.py
[2026-07-01T09:16:18.349+0000] {processor.py:914} INFO - Processing file /home/airflow/.local/lib/python3.12/site-packages/airflow/example_dags/example_sla_dag.py for tasks to queue
[2026-07-01T09:16:18.353+0000] {logging_mixin.py:190} INFO - [2026-07-01T09:16:18.352+0000] {dagbag.py:587} INFO - Filling up the DagBag from /home/airflow/.local/lib/python3.12/site-packages/airflow/example_dags/example_sla_dag.py
[2026-07-01T09:16:18.363+0000] {processor.py:925} INFO - DAG(s) 'example_sla_dag' retrieved from /home/airflow/.local/lib/python3.12/site-packages/airflow/example_dags/example_sla_dag.py
[2026-07-01T09:16:18.381+0000] {logging_mixin.py:190} INFO - [2026-07-01T09:16:18.381+0000] {dag.py:3211} INFO - Sync 1 DAGs
[2026-07-01T09:16:18.398+0000] {logging_mixin.py:190} INFO - [2026-07-01T09:16:18.398+0000] {dag.py:4138} INFO - Setting next_dagrun for example_sla_dag to 2026-07-01 09:14:00+00:00, run_after=2026-07-01 09:16:00+00:00
[2026-07-01T09:16:18.410+0000] {processor.py:208} INFO - Processing /home/airflow/.local/lib/python3.12/site-packages/airflow/example_dags/example_sla_dag.py took 0.067 seconds
[2026-07-01T09:16:48.625+0000] {processor.py:186} INFO - Started process (PID=966) to work on /home/airflow/.local/lib/python3.12/site-packages/airflow/example_dags/example_sla_dag.py
[2026-07-01T09:16:48.625+0000] {processor.py:914} INFO - Processing file /home/airflow/.local/lib/python3.12/site-packages/airflow/example_dags/example_sla_dag.py for tasks to queue
[2026-07-01T09:16:48.627+0000] {logging_mixin.py:190} INFO - [2026-07-01T09:16:48.627+0000] {dagbag.py:587} INFO - Filling up the DagBag from /home/airflow/.local/lib/python3.12/site-packages/airflow/example_dags/example_sla_dag.py
[2026-07-01T09:16:48.636+0000] {processor.py:925} INFO - DAG(s) 'example_sla_dag' retrieved from /home/airflow/.local/lib/python3.12/site-packages/airflow/example_dags/example_sla_dag.py
[2026-07-01T09:16:48.653+0000] {logging_mixin.py:190} INFO - [2026-07-01T09:16:48.653+0000] {dag.py:3211} INFO - Sync 1 DAGs
[2026-07-01T09:16:48.670+0000] {logging_mixin.py:190} INFO - [2026-07-01T09:16:48.670+0000] {dag.py:4138} INFO - Setting next_dagrun for example_sla_dag to 2026-07-01 09:14:00+00:00, run_after=2026-07-01 09:16:00+00:00
[2026-07-01T09:16:48.682+0000] {processor.py:208} INFO - Processing /home/airflow/.local/lib/python3.12/site-packages/airflow/example_dags/example_sla_dag.py took 0.062 seconds
[2026-07-01T09:17:19.028+0000] {processor.py:186} INFO - Started process (PID=1028) to work on /home/airflow/.local/lib/python3.12/site-packages/airflow/example_dags/example_sla_dag.py
[2026-07-01T09:17:19.038+0000] {processor.py:914} INFO - Processing file /home/airflow/.local/lib/python3.12/site-packages/airflow/example_dags/example_sla_dag.py for tasks to queue
[2026-07-01T09:17:19.041+0000] {logging_mixin.py:190} INFO - [2026-07-01T09:17:19.040+0000] {dagbag.py:587} INFO - Filling up the DagBag from /home/airflow/.local/lib/python3.12/site-packages/airflow/example_dags/example_sla_dag.py
[2026-07-01T09:17:19.050+0000] {processor.py:925} INFO - DAG(s) 'example_sla_dag' retrieved from /home/airflow/.local/lib/python3.12/site-packages/airflow/example_dags/example_sla_dag.py
[2026-07-01T09:17:19.072+0000] {logging_mixin.py:190} INFO - [2026-07-01T09:17:19.071+0000] {dag.py:3211} INFO - Sync 1 DAGs
[2026-07-01T09:17:19.096+0000] {logging_mixin.py:190} INFO - [2026-07-01T09:17:19.096+0000] {dag.py:4138} INFO - Setting next_dagrun for example_sla_dag to 2026-07-01 09:14:00+00:00, run_after=2026-07-01 09:16:00+00:00
[2026-07-01T09:17:19.115+0000] {processor.py:208} INFO - Processing /home/airflow/.local/lib/python3.12/site-packages/airflow/example_dags/example_sla_dag.py took 0.096 seconds
[2026-07-01T09:17:49.253+0000] {processor.py:186} INFO - Started process (PID=1090) to work on /home/airflow/.local/lib/python3.12/site-packages/airflow/example_dags/example_sla_dag.py
[2026-07-01T09:17:49.254+0000] {processor.py:914} INFO - Processing file /home/airflow/.local/lib/python3.12/site-packages/airflow/example_dags/example_sla_dag.py for tasks to queue
[2026-07-01T09:17:49.257+0000] {logging_mixin.py:190} INFO - [2026-07-01T09:17:49.256+0000] {dagbag.py:587} INFO - Filling up the DagBag from /home/airflow/.local/lib/python3.12/site-packages/airflow/example_dags/example_sla_dag.py
[2026-07-01T09:17:49.267+0000] {processor.py:925} INFO - DAG(s) 'example_sla_dag' retrieved from /home/airflow/.local/lib/python3.12/site-packages/airflow/example_dags/example_sla_dag.py
[2026-07-01T09:17:49.288+0000] {logging_mixin.py:190} INFO - [2026-07-01T09:17:49.287+0000] {dag.py:3211} INFO - Sync 1 DAGs
[2026-07-01T09:17:49.311+0000] {logging_mixin.py:190} INFO - [2026-07-01T09:17:49.311+0000] {dag.py:4138} INFO - Setting next_dagrun for example_sla_dag to 2026-07-01 09:14:00+00:00, run_after=2026-07-01 09:16:00+00:00
[2026-07-01T09:17:49.327+0000] {processor.py:208} INFO - Processing /home/airflow/.local/lib/python3.12/site-packages/airflow/example_dags/example_sla_dag.py took 0.082 seconds
[2026-07-01T09:18:19.731+0000] {processor.py:186} INFO - Started process (PID=1152) to work on /home/airflow/.local/lib/python3.12/site-packages/airflow/example_dags/example_sla_dag.py
[2026-07-01T09:18:19.732+0000] {processor.py:914} INFO - Processing file /home/airflow/.local/lib/python3.12/site-packages/airflow/example_dags/example_sla_dag.py for tasks to queue
[2026-07-01T09:18:19.733+0000] {logging_mixin.py:190} INFO - [2026-07-01T09:18:19.733+0000] {dagbag.py:587} INFO - Filling up the DagBag from /home/airflow/.local/lib/python3.12/site-packages/airflow/example_dags/example_sla_dag.py
[2026-07-01T09:18:19.740+0000] {processor.py:925} INFO - DAG(s) 'example_sla_dag' retrieved from /home/airflow/.local/lib/python3.12/site-packages/airflow/example_dags/example_sla_dag.py
[2026-07-01T09:18:19.753+0000] {logging_mixin.py:190} INFO - [2026-07-01T09:18:19.753+0000] {dag.py:3211} INFO - Sync 1 DAGs
[2026-07-01T09:18:19.769+0000] {logging_mixin.py:190} INFO - [2026-07-01T09:18:19.769+0000] {dag.py:4138} INFO - Setting next_dagrun for example_sla_dag to 2026-07-01 09:16:00+00:00, run_after=2026-07-01 09:18:00+00:00
[2026-07-01T09:18:19.782+0000] {processor.py:208} INFO - Processing /home/airflow/.local/lib/python3.12/site-packages/airflow/example_dags/example_sla_dag.py took 0.055 seconds
[2026-07-01T09:18:50.702+0000] {processor.py:186} INFO - Started process (PID=1214) to work on /home/airflow/.local/lib/python3.12/site-packages/airflow/example_dags/example_sla_dag.py
[2026-07-01T09:18:50.703+0000] {processor.py:914} INFO - Processing file /home/airflow/.local/lib/python3.12/site-packages/airflow/example_dags/example_sla_dag.py for tasks to queue
[2026-07-01T09:18:50.705+0000] {logging_mixin.py:190} INFO - [2026-07-01T09:18:50.704+0000] {dagbag.py:587} INFO - Filling up the DagBag from /home/airflow/.local/lib/python3.12/site-packages/airflow/example_dags/example_sla_dag.py
[2026-07-01T09:18:50.712+0000] {processor.py:925} INFO - DAG(s) 'example_sla_dag' retrieved from /home/airflow/.local/lib/python3.12/site-packages/airflow/example_dags/example_sla_dag.py
[2026-07-01T09:18:50.725+0000] {logging_mixin.py:190} INFO - [2026-07-01T09:18:50.725+0000] {dag.py:3211} INFO - Sync 1 DAGs
[2026-07-01T09:18:50.740+0000] {logging_mixin.py:190} INFO - [2026-07-01T09:18:50.739+0000] {dag.py:4138} INFO - Setting next_dagrun for example_sla_dag to 2026-07-01 09:16:00+00:00, run_after=2026-07-01 09:18:00+00:00
[2026-07-01T09:18:50.751+0000] {processor.py:208} INFO - Processing /home/airflow/.local/lib/python3.12/site-packages/airflow/example_dags/example_sla_dag.py took 0.053 seconds
[2026-07-01T09:19:21.420+0000] {processor.py:186} INFO - Started process (PID=1276) to work on /home/airflow/.local/lib/python3.12/site-packages/airflow/example_dags/example_sla_dag.py
[2026-07-01T09:19:21.421+0000] {processor.py:914} INFO - Processing file /home/airflow/.local/lib/python3.12/site-packages/airflow/example_dags/example_sla_dag.py for tasks to queue
[2026-07-01T09:19:21.422+0000] {logging_mixin.py:190} INFO - [2026-07-01T09:19:21.422+0000] {dagbag.py:587} INFO - Filling up the DagBag from /home/airflow/.local/lib/python3.12/site-packages/airflow/example_dags/example_sla_dag.py
[2026-07-01T09:19:21.430+0000] {processor.py:925} INFO - DAG(s) 'example_sla_dag' retrieved from /home/airflow/.local/lib/python3.12/site-packages/airflow/example_dags/example_sla_dag.py
[2026-07-01T09:19:21.443+0000] {logging_mixin.py:190} INFO - [2026-07-01T09:19:21.442+0000] {dag.py:3211} INFO - Sync 1 DAGs
[2026-07-01T09:19:21.457+0000] {logging_mixin.py:190} INFO - [2026-07-01T09:19:21.457+0000] {dag.py:4138} INFO - Setting next_dagrun for example_sla_dag to 2026-07-01 09:16:00+00:00, run_after=2026-07-01 09:18:00+00:00
[2026-07-01T09:19:21.468+0000] {processor.py:208} INFO - Processing /home/airflow/.local/lib/python3.12/site-packages/airflow/example_dags/example_sla_dag.py took 0.053 seconds
[2026-07-01T09:19:52.193+0000] {processor.py:186} INFO - Started process (PID=1338) to work on /home/airflow/.local/lib/python3.12/site-packages/airflow/example_dags/example_sla_dag.py
[2026-07-01T09:19:52.194+0000] {processor.py:914} INFO - Processing file /home/airflow/.local/lib/python3.12/site-packages/airflow/example_dags/example_sla_dag.py for tasks to queue
[2026-07-01T09:19:52.196+0000] {logging_mixin.py:190} INFO - [2026-07-01T09:19:52.196+0000] {dagbag.py:587} INFO - Filling up the DagBag from /home/airflow/.local/lib/python3.12/site-packages/airflow/example_dags/example_sla_dag.py
[2026-07-01T09:19:52.204+0000] {processor.py:925} INFO - DAG(s) 'example_sla_dag' retrieved from /home/airflow/.local/lib/python3.12/site-packages/airflow/example_dags/example_sla_dag.py
[2026-07-01T09:19:52.219+0000] {logging_mixin.py:190} INFO - [2026-07-01T09:19:52.219+0000] {dag.py:3211} INFO - Sync 1 DAGs
[2026-07-01T09:19:52.239+0000] {logging_mixin.py:190} INFO - [2026-07-01T09:19:52.239+0000] {dag.py:4138} INFO - Setting next_dagrun for example_sla_dag to 2026-07-01 09:16:00+00:00, run_after=2026-07-01 09:18:00+00:00
[2026-07-01T09:19:52.253+0000] {processor.py:208} INFO - Processing /home/airflow/.local/lib/python3.12/site-packages/airflow/example_dags/example_sla_dag.py took 0.066 seconds
[2026-07-01T09:20:22.899+0000] {processor.py:186} INFO - Started process (PID=1400) to work on /home/airflow/.local/lib/python3.12/site-packages/airflow/example_dags/example_sla_dag.py
[2026-07-01T09:20:22.901+0000] {processor.py:914} INFO - Processing file /home/airflow/.local/lib/python3.12/site-packages/airflow/example_dags/example_sla_dag.py for tasks to queue
[2026-07-01T09:20:22.903+0000] {logging_mixin.py:190} INFO - [2026-07-01T09:20:22.903+0000] {dagbag.py:587} INFO - Filling up the DagBag from /home/airflow/.local/lib/python3.12/site-packages/airflow/example_dags/example_sla_dag.py
[2026-07-01T09:20:22.911+0000] {processor.py:925} INFO - DAG(s) 'example_sla_dag' retrieved from /home/airflow/.local/lib/python3.12/site-packages/airflow/example_dags/example_sla_dag.py
[2026-07-01T09:20:22.926+0000] {logging_mixin.py:190} INFO - [2026-07-01T09:20:22.925+0000] {dag.py:3211} INFO - Sync 1 DAGs
[2026-07-01T09:20:22.942+0000] {logging_mixin.py:190} INFO - [2026-07-01T09:20:22.942+0000] {dag.py:4138} INFO - Setting next_dagrun for example_sla_dag to 2026-07-01 09:18:00+00:00, run_after=2026-07-01 09:20:00+00:00
[2026-07-01T09:20:22.954+0000] {processor.py:208} INFO - Processing /home/airflow/.local/lib/python3.12/site-packages/airflow/example_dags/example_sla_dag.py took 0.060 seconds
[2026-07-01T09:20:53.728+0000] {processor.py:186} INFO - Started process (PID=1462) to work on /home/airflow/.local/lib/python3.12/site-packages/airflow/example_dags/example_sla_dag.py
[2026-07-01T09:20:53.729+0000] {processor.py:914} INFO - Processing file /home/airflow/.local/lib/python3.12/site-packages/airflow/example_dags/example_sla_dag.py for tasks to queue
[2026-07-01T09:20:53.732+0000] {logging_mixin.py:190} INFO - [2026-07-01T09:20:53.731+0000] {dagbag.py:587} INFO - Filling up the DagBag from /home/airflow/.local/lib/python3.12/site-packages/airflow/example_dags/example_sla_dag.py
[2026-07-01T09:20:53.742+0000] {processor.py:925} INFO - DAG(s) 'example_sla_dag' retrieved from /home/airflow/.local/lib/python3.12/site-packages/airflow/example_dags/example_sla_dag.py
[2026-07-01T09:20:53.755+0000] {logging_mixin.py:190} INFO - [2026-07-01T09:20:53.755+0000] {dag.py:3211} INFO - Sync 1 DAGs
[2026-07-01T09:20:53.771+0000] {logging_mixin.py:190} INFO - [2026-07-01T09:20:53.771+0000] {dag.py:4138} INFO - Setting next_dagrun for example_sla_dag to 2026-07-01 09:18:00+00:00, run_after=2026-07-01 09:20:00+00:00
[2026-07-01T09:20:53.783+0000] {processor.py:208} INFO - Processing /home/airflow/.local/lib/python3.12/site-packages/airflow/example_dags/example_sla_dag.py took 0.060 seconds
[2026-07-01T09:21:23.932+0000] {processor.py:186} INFO - Started process (PID=1524) to work on /home/airflow/.local/lib/python3.12/site-packages/airflow/example_dags/example_sla_dag.py
[2026-07-01T09:21:23.933+0000] {processor.py:914} INFO - Processing file /home/airflow/.local/lib/python3.12/site-packages/airflow/example_dags/example_sla_dag.py for tasks to queue
[2026-07-01T09:21:23.935+0000] {logging_mixin.py:190} INFO - [2026-07-01T09:21:23.935+0000] {dagbag.py:587} INFO - Filling up the DagBag from /home/airflow/.local/lib/python3.12/site-packages/airflow/example_dags/example_sla_dag.py
[2026-07-01T09:21:23.942+0000] {processor.py:925} INFO - DAG(s) 'example_sla_dag' retrieved from /home/airflow/.local/lib/python3.12/site-packages/airflow/example_dags/example_sla_dag.py
[2026-07-01T09:21:23.956+0000] {logging_mixin.py:190} INFO - [2026-07-01T09:21:23.955+0000] {dag.py:3211} INFO - Sync 1 DAGs
[2026-07-01T09:21:23.973+0000] {logging_mixin.py:190} INFO - [2026-07-01T09:21:23.973+0000] {dag.py:4138} INFO - Setting next_dagrun for example_sla_dag to 2026-07-01 09:18:00+00:00, run_after=2026-07-01 09:20:00+00:00
[2026-07-01T09:21:23.984+0000] {processor.py:208} INFO - Processing /home/airflow/.local/lib/python3.12/site-packages/airflow/example_dags/example_sla_dag.py took 0.056 seconds
[2026-07-01T09:21:54.261+0000] {processor.py:186} INFO - Started process (PID=1586) to work on /home/airflow/.local/lib/python3.12/site-packages/airflow/example_dags/example_sla_dag.py
[2026-07-01T09:21:54.263+0000] {processor.py:914} INFO - Processing file /home/airflow/.local/lib/python3.12/site-packages/airflow/example_dags/example_sla_dag.py for tasks to queue
[2026-07-01T09:21:54.265+0000] {logging_mixin.py:190} INFO - [2026-07-01T09:21:54.265+0000] {dagbag.py:587} INFO - Filling up the DagBag from /home/airflow/.local/lib/python3.12/site-packages/airflow/example_dags/example_sla_dag.py
[2026-07-01T09:21:54.280+0000] {processor.py:925} INFO - DAG(s) 'example_sla_dag' retrieved from /home/airflow/.local/lib/python3.12/site-packages/airflow/example_dags/example_sla_dag.py
[2026-07-01T09:21:54.297+0000] {logging_mixin.py:190} INFO - [2026-07-01T09:21:54.297+0000] {dag.py:3211} INFO - Sync 1 DAGs
[2026-07-01T09:21:54.315+0000] {logging_mixin.py:190} INFO - [2026-07-01T09:21:54.314+0000] {dag.py:4138} INFO - Setting next_dagrun for example_sla_dag to 2026-07-01 09:18:00+00:00, run_after=2026-07-01 09:20:00+00:00
[2026-07-01T09:21:54.327+0000] {processor.py:208} INFO - Processing /home/airflow/.local/lib/python3.12/site-packages/airflow/example_dags/example_sla_dag.py took 0.072 seconds
[2026-07-01T09:22:24.676+0000] {processor.py:186} INFO - Started process (PID=1648) to work on /home/airflow/.local/lib/python3.12/site-packages/airflow/example_dags/example_sla_dag.py
[2026-07-01T09:22:24.677+0000] {processor.py:914} INFO - Processing file /home/airflow/.local/lib/python3.12/site-packages/airflow/example_dags/example_sla_dag.py for tasks to queue
[2026-07-01T09:22:24.678+0000] {logging_mixin.py:190} INFO - [2026-07-01T09:22:24.678+0000] {dagbag.py:587} INFO - Filling up the DagBag from /home/airflow/.local/lib/python3.12/site-packages/airflow/example_dags/example_sla_dag.py
[2026-07-01T09:22:24.685+0000] {processor.py:925} INFO - DAG(s) 'example_sla_dag' retrieved from /home/airflow/.local/lib/python3.12/site-packages/airflow/example_dags/example_sla_dag.py
[2026-07-01T09:22:24.698+0000] {logging_mixin.py:190} INFO - [2026-07-01T09:22:24.698+0000] {dag.py:3211} INFO - Sync 1 DAGs
[2026-07-01T09:22:24.713+0000] {logging_mixin.py:190} INFO - [2026-07-01T09:22:24.713+0000] {dag.py:4138} INFO - Setting next_dagrun for example_sla_dag to 2026-07-01 09:20:00+00:00, run_after=2026-07-01 09:22:00+00:00
[2026-07-01T09:22:24.725+0000] {processor.py:208} INFO - Processing /home/airflow/.local/lib/python3.12/site-packages/airflow/example_dags/example_sla_dag.py took 0.053 seconds
[2026-07-01T09:22:55.577+0000] {processor.py:186} INFO - Started process (PID=1710) to work on /home/airflow/.local/lib/python3.12/site-packages/airflow/example_dags/example_sla_dag.py
[2026-07-01T09:22:55.579+0000] {processor.py:914} INFO - Processing file /home/airflow/.local/lib/python3.12/site-packages/airflow/example_dags/example_sla_dag.py for tasks to queue
[2026-07-01T09:22:55.581+0000] {logging_mixin.py:190} INFO - [2026-07-01T09:22:55.581+0000] {dagbag.py:587} INFO - Filling up the DagBag from /home/airflow/.local/lib/python3.12/site-packages/airflow/example_dags/example_sla_dag.py
[2026-07-01T09:22:55.590+0000] {processor.py:925} INFO - DAG(s) 'example_sla_dag' retrieved from /home/airflow/.local/lib/python3.12/site-packages/airflow/example_dags/example_sla_dag.py
[2026-07-01T09:22:55.605+0000] {logging_mixin.py:190} INFO - [2026-07-01T09:22:55.605+0000] {dag.py:3211} INFO - Sync 1 DAGs
[2026-07-01T09:22:55.622+0000] {logging_mixin.py:190} INFO - [2026-07-01T09:22:55.622+0000] {dag.py:4138} INFO - Setting next_dagrun for example_sla_dag to 2026-07-01 09:20:00+00:00, run_after=2026-07-01 09:22:00+00:00
[2026-07-01T09:22:55.635+0000] {processor.py:208} INFO - Processing /home/airflow/.local/lib/python3.12/site-packages/airflow/example_dags/example_sla_dag.py took 0.065 seconds
[2026-07-01T09:23:25.846+0000] {processor.py:186} INFO - Started process (PID=1772) to work on /home/airflow/.local/lib/python3.12/site-packages/airflow/example_dags/example_sla_dag.py
[2026-07-01T09:23:25.847+0000] {processor.py:914} INFO - Processing file /home/airflow/.local/lib/python3.12/site-packages/airflow/example_dags/example_sla_dag.py for tasks to queue
[2026-07-01T09:23:25.849+0000] {logging_mixin.py:190} INFO - [2026-07-01T09:23:25.849+0000] {dagbag.py:587} INFO - Filling up the DagBag from /home/airflow/.local/lib/python3.12/site-packages/airflow/example_dags/example_sla_dag.py
[2026-07-01T09:23:25.857+0000] {processor.py:925} INFO - DAG(s) 'example_sla_dag' retrieved from /home/airflow/.local/lib/python3.12/site-packages/airflow/example_dags/example_sla_dag.py
[2026-07-01T09:23:25.873+0000] {logging_mixin.py:190} INFO - [2026-07-01T09:23:25.872+0000] {dag.py:3211} INFO - Sync 1 DAGs
[2026-07-01T09:23:25.889+0000] {logging_mixin.py:190} INFO - [2026-07-01T09:23:25.889+0000] {dag.py:4138} INFO - Setting next_dagrun for example_sla_dag to 2026-07-01 09:20:00+00:00, run_after=2026-07-01 09:22:00+00:00
[2026-07-01T09:23:25.901+0000] {processor.py:208} INFO - Processing /home/airflow/.local/lib/python3.12/site-packages/airflow/example_dags/example_sla_dag.py took 0.060 seconds
[2026-07-01T09:23:56.252+0000] {processor.py:186} INFO - Started process (PID=1834) to work on /home/airflow/.local/lib/python3.12/site-packages/airflow/example_dags/example_sla_dag.py
[2026-07-01T09:23:56.253+0000] {processor.py:914} INFO - Processing file /home/airflow/.local/lib/python3.12/site-packages/airflow/example_dags/example_sla_dag.py for tasks to queue
[2026-07-01T09:23:56.255+0000] {logging_mixin.py:190} INFO - [2026-07-01T09:23:56.255+0000] {dagbag.py:587} INFO - Filling up the DagBag from /home/airflow/.local/lib/python3.12/site-packages/airflow/example_dags/example_sla_dag.py
[2026-07-01T09:23:56.263+0000] {processor.py:925} INFO - DAG(s) 'example_sla_dag' retrieved from /home/airflow/.local/lib/python3.12/site-packages/airflow/example_dags/example_sla_dag.py
[2026-07-01T09:23:56.278+0000] {logging_mixin.py:190} INFO - [2026-07-01T09:23:56.278+0000] {dag.py:3211} INFO - Sync 1 DAGs
[2026-07-01T09:23:56.296+0000] {logging_mixin.py:190} INFO - [2026-07-01T09:23:56.296+0000] {dag.py:4138} INFO - Setting next_dagrun for example_sla_dag to 2026-07-01 09:20:00+00:00, run_after=2026-07-01 09:22:00+00:00
[2026-07-01T09:23:56.309+0000] {processor.py:208} INFO - Processing /home/airflow/.local/lib/python3.12/site-packages/airflow/example_dags/example_sla_dag.py took 0.062 seconds
[2026-07-01T09:24:26.527+0000] {processor.py:186} INFO - Started process (PID=1896) to work on /home/airflow/.local/lib/python3.12/site-packages/airflow/example_dags/example_sla_dag.py
[2026-07-01T09:24:26.528+0000] {processor.py:914} INFO - Processing file /home/airflow/.local/lib/python3.12/site-packages/airflow/example_dags/example_sla_dag.py for tasks to queue
[2026-07-01T09:24:26.530+0000] {logging_mixin.py:190} INFO - [2026-07-01T09:24:26.530+0000] {dagbag.py:587} INFO - Filling up the DagBag from /home/airflow/.local/lib/python3.12/site-packages/airflow/example_dags/example_sla_dag.py
[2026-07-01T09:24:26.538+0000] {processor.py:925} INFO - DAG(s) 'example_sla_dag' retrieved from /home/airflow/.local/lib/python3.12/site-packages/airflow/example_dags/example_sla_dag.py
[2026-07-01T09:24:26.552+0000] {logging_mixin.py:190} INFO - [2026-07-01T09:24:26.552+0000] {dag.py:3211} INFO - Sync 1 DAGs
[2026-07-01T09:24:26.568+0000] {logging_mixin.py:190} INFO - [2026-07-01T09:24:26.568+0000] {dag.py:4138} INFO - Setting next_dagrun for example_sla_dag to 2026-07-01 09:22:00+00:00, run_after=2026-07-01 09:24:00+00:00
[2026-07-01T09:24:26.581+0000] {processor.py:208} INFO - Processing /home/airflow/.local/lib/python3.12/site-packages/airflow/example_dags/example_sla_dag.py took 0.059 seconds
[2026-07-01T09:24:57.567+0000] {processor.py:186} INFO - Started process (PID=1958) to work on /home/airflow/.local/lib/python3.12/site-packages/airflow/example_dags/example_sla_dag.py
[2026-07-01T09:24:57.568+0000] {processor.py:914} INFO - Processing file /home/airflow/.local/lib/python3.12/site-packages/airflow/example_dags/example_sla_dag.py for tasks to queue
[2026-07-01T09:24:57.570+0000] {logging_mixin.py:190} INFO - [2026-07-01T09:24:57.569+0000] {dagbag.py:587} INFO - Filling up the DagBag from /home/airflow/.local/lib/python3.12/site-packages/airflow/example_dags/example_sla_dag.py
[2026-07-01T09:24:57.577+0000] {processor.py:925} INFO - DAG(s) 'example_sla_dag' retrieved from /home/airflow/.local/lib/python3.12/site-packages/airflow/example_dags/example_sla_dag.py
[2026-07-01T09:24:57.591+0000] {logging_mixin.py:190} INFO - [2026-07-01T09:24:57.590+0000] {dag.py:3211} INFO - Sync 1 DAGs
[2026-07-01T09:24:57.608+0000] {logging_mixin.py:190} INFO - [2026-07-01T09:24:57.607+0000] {dag.py:4138} INFO - Setting next_dagrun for example_sla_dag to 2026-07-01 09:22:00+00:00, run_after=2026-07-01 09:24:00+00:00
[2026-07-01T09:24:57.618+0000] {processor.py:208} INFO - Processing /home/airflow/.local/lib/python3.12/site-packages/airflow/example_dags/example_sla_dag.py took 0.055 seconds
[2026-07-01T09:25:28.062+0000] {processor.py:186} INFO - Started process (PID=2020) to work on /home/airflow/.local/lib/python3.12/site-packages/airflow/example_dags/example_sla_dag.py
[2026-07-01T09:25:28.063+0000] {processor.py:914} INFO - Processing file /home/airflow/.local/lib/python3.12/site-packages/airflow/example_dags/example_sla_dag.py for tasks to queue
[2026-07-01T09:25:28.065+0000] {logging_mixin.py:190} INFO - [2026-07-01T09:25:28.065+0000] {dagbag.py:587} INFO - Filling up the DagBag from /home/airflow/.local/lib/python3.12/site-packages/airflow/example_dags/example_sla_dag.py
[2026-07-01T09:25:28.075+0000] {processor.py:925} INFO - DAG(s) 'example_sla_dag' retrieved from /home/airflow/.local/lib/python3.12/site-packages/airflow/example_dags/example_sla_dag.py
[2026-07-01T09:25:28.093+0000] {logging_mixin.py:190} INFO - [2026-07-01T09:25:28.093+0000] {dag.py:3211} INFO - Sync 1 DAGs
[2026-07-01T09:25:28.114+0000] {logging_mixin.py:190} INFO - [2026-07-01T09:25:28.114+0000] {dag.py:4138} INFO - Setting next_dagrun for example_sla_dag to 2026-07-01 09:22:00+00:00, run_after=2026-07-01 09:24:00+00:00
[2026-07-01T09:25:28.132+0000] {processor.py:208} INFO - Processing /home/airflow/.local/lib/python3.12/site-packages/airflow/example_dags/example_sla_dag.py took 0.076 seconds
[2026-07-01T09:30:08.616+0000] {processor.py:186} INFO - Started process (PID=2076) to work on /home/airflow/.local/lib/python3.12/site-packages/airflow/example_dags/example_sla_dag.py
[2026-07-01T09:30:08.617+0000] {processor.py:914} INFO - Processing file /home/airflow/.local/lib/python3.12/site-packages/airflow/example_dags/example_sla_dag.py for tasks to queue
[2026-07-01T09:30:08.619+0000] {logging_mixin.py:190} INFO - [2026-07-01T09:30:08.619+0000] {dagbag.py:587} INFO - Filling up the DagBag from /home/airflow/.local/lib/python3.12/site-packages/airflow/example_dags/example_sla_dag.py
[2026-07-01T09:30:08.628+0000] {processor.py:925} INFO - DAG(s) 'example_sla_dag' retrieved from /home/airflow/.local/lib/python3.12/site-packages/airflow/example_dags/example_sla_dag.py
[2026-07-01T09:30:08.645+0000] {logging_mixin.py:190} INFO - [2026-07-01T09:30:08.645+0000] {dag.py:3211} INFO - Sync 1 DAGs
[2026-07-01T09:30:08.664+0000] {logging_mixin.py:190} INFO - [2026-07-01T09:30:08.664+0000] {dag.py:4138} INFO - Setting next_dagrun for example_sla_dag to 2026-07-01 09:28:00+00:00, run_after=2026-07-01 09:30:00+00:00
[2026-07-01T09:30:08.677+0000] {processor.py:208} INFO - Processing /home/airflow/.local/lib/python3.12/site-packages/airflow/example_dags/example_sla_dag.py took 0.066 seconds
[2026-07-01T09:30:39.313+0000] {processor.py:186} INFO - Started process (PID=2138) to work on /home/airflow/.local/lib/python3.12/site-packages/airflow/example_dags/example_sla_dag.py
[2026-07-01T09:30:39.314+0000] {processor.py:914} INFO - Processing file /home/airflow/.local/lib/python3.12/site-packages/airflow/example_dags/example_sla_dag.py for tasks to queue
[2026-07-01T09:30:39.316+0000] {logging_mixin.py:190} INFO - [2026-07-01T09:30:39.315+0000] {dagbag.py:587} INFO - Filling up the DagBag from /home/airflow/.local/lib/python3.12/site-packages/airflow/example_dags/example_sla_dag.py
[2026-07-01T09:30:39.323+0000] {processor.py:925} INFO - DAG(s) 'example_sla_dag' retrieved from /home/airflow/.local/lib/python3.12/site-packages/airflow/example_dags/example_sla_dag.py
[2026-07-01T09:30:39.338+0000] {logging_mixin.py:190} INFO - [2026-07-01T09:30:39.337+0000] {dag.py:3211} INFO - Sync 1 DAGs
[2026-07-01T09:30:39.355+0000] {logging_mixin.py:190} INFO - [2026-07-01T09:30:39.355+0000] {dag.py:4138} INFO - Setting next_dagrun for example_sla_dag to 2026-07-01 09:28:00+00:00, run_after=2026-07-01 09:30:00+00:00
[2026-07-01T09:30:39.367+0000] {processor.py:208} INFO - Processing /home/airflow/.local/lib/python3.12/site-packages/airflow/example_dags/example_sla_dag.py took 0.059 seconds
[2026-07-01T09:31:09.704+0000] {processor.py:186} INFO - Started process (PID=2200) to work on /home/airflow/.local/lib/python3.12/site-packages/airflow/example_dags/example_sla_dag.py
[2026-07-01T09:31:09.705+0000] {processor.py:914} INFO - Processing file /home/airflow/.local/lib/python3.12/site-packages/airflow/example_dags/example_sla_dag.py for tasks to queue
[2026-07-01T09:31:09.707+0000] {logging_mixin.py:190} INFO - [2026-07-01T09:31:09.707+0000] {dagbag.py:587} INFO - Filling up the DagBag from /home/airflow/.local/lib/python3.12/site-packages/airflow/example_dags/example_sla_dag.py
[2026-07-01T09:31:09.715+0000] {processor.py:925} INFO - DAG(s) 'example_sla_dag' retrieved from /home/airflow/.local/lib/python3.12/site-packages/airflow/example_dags/example_sla_dag.py
[2026-07-01T09:31:09.732+0000] {logging_mixin.py:190} INFO - [2026-07-01T09:31:09.732+0000] {dag.py:3211} INFO - Sync 1 DAGs
[2026-07-01T09:31:09.749+0000] {logging_mixin.py:190} INFO - [2026-07-01T09:31:09.749+0000] {dag.py:4138} INFO - Setting next_dagrun for example_sla_dag to 2026-07-01 09:28:00+00:00, run_after=2026-07-01 09:30:00+00:00
[2026-07-01T09:31:09.762+0000] {processor.py:208} INFO - Processing /home/airflow/.local/lib/python3.12/site-packages/airflow/example_dags/example_sla_dag.py took 0.062 seconds
[2026-07-01T09:31:40.229+0000] {processor.py:186} INFO - Started process (PID=2262) to work on /home/airflow/.local/lib/python3.12/site-packages/airflow/example_dags/example_sla_dag.py
[2026-07-01T09:31:40.230+0000] {processor.py:914} INFO - Processing file /home/airflow/.local/lib/python3.12/site-packages/airflow/example_dags/example_sla_dag.py for tasks to queue
[2026-07-01T09:31:40.232+0000] {logging_mixin.py:190} INFO - [2026-07-01T09:31:40.232+0000] {dagbag.py:587} INFO - Filling up the DagBag from /home/airflow/.local/lib/python3.12/site-packages/airflow/example_dags/example_sla_dag.py
[2026-07-01T09:31:40.242+0000] {processor.py:925} INFO - DAG(s) 'example_sla_dag' retrieved from /home/airflow/.local/lib/python3.12/site-packages/airflow/example_dags/example_sla_dag.py
[2026-07-01T09:31:40.257+0000] {logging_mixin.py:190} INFO - [2026-07-01T09:31:40.256+0000] {dag.py:3211} INFO - Sync 1 DAGs
[2026-07-01T09:31:40.273+0000] {logging_mixin.py:190} INFO - [2026-07-01T09:31:40.273+0000] {dag.py:4138} INFO - Setting next_dagrun for example_sla_dag to 2026-07-01 09:28:00+00:00, run_after=2026-07-01 09:30:00+00:00
[2026-07-01T09:31:40.287+0000] {processor.py:208} INFO - Processing /home/airflow/.local/lib/python3.12/site-packages/airflow/example_dags/example_sla_dag.py took 0.063 seconds
[2026-07-01T09:32:10.546+0000] {processor.py:186} INFO - Started process (PID=2324) to work on /home/airflow/.local/lib/python3.12/site-packages/airflow/example_dags/example_sla_dag.py
[2026-07-01T09:32:10.547+0000] {processor.py:914} INFO - Processing file /home/airflow/.local/lib/python3.12/site-packages/airflow/example_dags/example_sla_dag.py for tasks to queue
[2026-07-01T09:32:10.550+0000] {logging_mixin.py:190} INFO - [2026-07-01T09:32:10.550+0000] {dagbag.py:587} INFO - Filling up the DagBag from /home/airflow/.local/lib/python3.12/site-packages/airflow/example_dags/example_sla_dag.py
[2026-07-01T09:32:10.559+0000] {processor.py:925} INFO - DAG(s) 'example_sla_dag' retrieved from /home/airflow/.local/lib/python3.12/site-packages/airflow/example_dags/example_sla_dag.py
[2026-07-01T09:32:10.573+0000] {logging_mixin.py:190} INFO - [2026-07-01T09:32:10.573+0000] {dag.py:3211} INFO - Sync 1 DAGs
[2026-07-01T09:32:10.589+0000] {logging_mixin.py:190} INFO - [2026-07-01T09:32:10.589+0000] {dag.py:4138} INFO - Setting next_dagrun for example_sla_dag to 2026-07-01 09:30:00+00:00, run_after=2026-07-01 09:32:00+00:00
[2026-07-01T09:32:10.600+0000] {processor.py:208} INFO - Processing /home/airflow/.local/lib/python3.12/site-packages/airflow/example_dags/example_sla_dag.py took 0.059 seconds
[2026-07-01T09:32:41.152+0000] {processor.py:186} INFO - Started process (PID=2386) to work on /home/airflow/.local/lib/python3.12/site-packages/airflow/example_dags/example_sla_dag.py
[2026-07-01T09:32:41.153+0000] {processor.py:914} INFO - Processing file /home/airflow/.local/lib/python3.12/site-packages/airflow/example_dags/example_sla_dag.py for tasks to queue
[2026-07-01T09:32:41.156+0000] {logging_mixin.py:190} INFO - [2026-07-01T09:32:41.156+0000] {dagbag.py:587} INFO - Filling up the DagBag from /home/airflow/.local/lib/python3.12/site-packages/airflow/example_dags/example_sla_dag.py
[2026-07-01T09:32:41.167+0000] {processor.py:925} INFO - DAG(s) 'example_sla_dag' retrieved from /home/airflow/.local/lib/python3.12/site-packages/airflow/example_dags/example_sla_dag.py
[2026-07-01T09:32:41.191+0000] {logging_mixin.py:190} INFO - [2026-07-01T09:32:41.191+0000] {dag.py:3211} INFO - Sync 1 DAGs
[2026-07-01T09:32:41.212+0000] {logging_mixin.py:190} INFO - [2026-07-01T09:32:41.212+0000] {dag.py:4138} INFO - Setting next_dagrun for example_sla_dag to 2026-07-01 09:30:00+00:00, run_after=2026-07-01 09:32:00+00:00
[2026-07-01T09:32:41.229+0000] {processor.py:208} INFO - Processing /home/airflow/.local/lib/python3.12/site-packages/airflow/example_dags/example_sla_dag.py took 0.084 seconds
[2026-07-01T09:33:11.727+0000] {processor.py:186} INFO - Started process (PID=2448) to work on /home/airflow/.local/lib/python3.12/site-packages/airflow/example_dags/example_sla_dag.py
[2026-07-01T09:33:11.728+0000] {processor.py:914} INFO - Processing file /home/airflow/.local/lib/python3.12/site-packages/airflow/example_dags/example_sla_dag.py for tasks to queue
[2026-07-01T09:33:11.730+0000] {logging_mixin.py:190} INFO - [2026-07-01T09:33:11.730+0000] {dagbag.py:587} INFO - Filling up the DagBag from /home/airflow/.local/lib/python3.12/site-packages/airflow/example_dags/example_sla_dag.py
[2026-07-01T09:33:11.737+0000] {processor.py:925} INFO - DAG(s) 'example_sla_dag' retrieved from /home/airflow/.local/lib/python3.12/site-packages/airflow/example_dags/example_sla_dag.py
[2026-07-01T09:33:11.751+0000] {logging_mixin.py:190} INFO - [2026-07-01T09:33:11.751+0000] {dag.py:3211} INFO - Sync 1 DAGs
[2026-07-01T09:33:11.768+0000] {logging_mixin.py:190} INFO - [2026-07-01T09:33:11.768+0000] {dag.py:4138} INFO - Setting next_dagrun for example_sla_dag to 2026-07-01 09:30:00+00:00, run_after=2026-07-01 09:32:00+00:00
[2026-07-01T09:33:11.779+0000] {processor.py:208} INFO - Processing /home/airflow/.local/lib/python3.12/site-packages/airflow/example_dags/example_sla_dag.py took 0.057 seconds
[2026-07-01T09:33:42.402+0000] {processor.py:186} INFO - Started process (PID=2510) to work on /home/airflow/.local/lib/python3.12/site-packages/airflow/example_dags/example_sla_dag.py
[2026-07-01T09:33:42.403+0000] {processor.py:914} INFO - Processing file /home/airflow/.local/lib/python3.12/site-packages/airflow/example_dags/example_sla_dag.py for tasks to queue
[2026-07-01T09:33:42.405+0000] {logging_mixin.py:190} INFO - [2026-07-01T09:33:42.405+0000] {dagbag.py:587} INFO - Filling up the DagBag from /home/airflow/.local/lib/python3.12/site-packages/airflow/example_dags/example_sla_dag.py
[2026-07-01T09:33:42.412+0000] {processor.py:925} INFO - DAG(s) 'example_sla_dag' retrieved from /home/airflow/.local/lib/python3.12/site-packages/airflow/example_dags/example_sla_dag.py
[2026-07-01T09:33:42.427+0000] {logging_mixin.py:190} INFO - [2026-07-01T09:33:42.427+0000] {dag.py:3211} INFO - Sync 1 DAGs
[2026-07-01T09:33:42.446+0000] {logging_mixin.py:190} INFO - [2026-07-01T09:33:42.445+0000] {dag.py:4138} INFO - Setting next_dagrun for example_sla_dag to 2026-07-01 09:30:00+00:00, run_after=2026-07-01 09:32:00+00:00
[2026-07-01T09:33:42.460+0000] {processor.py:208} INFO - Processing /home/airflow/.local/lib/python3.12/site-packages/airflow/example_dags/example_sla_dag.py took 0.063 seconds
[2026-07-01T09:34:13.303+0000] {processor.py:186} INFO - Started process (PID=2572) to work on /home/airflow/.local/lib/python3.12/site-packages/airflow/example_dags/example_sla_dag.py
[2026-07-01T09:34:13.305+0000] {processor.py:914} INFO - Processing file /home/airflow/.local/lib/python3.12/site-packages/airflow/example_dags/example_sla_dag.py for tasks to queue
[2026-07-01T09:34:13.309+0000] {logging_mixin.py:190} INFO - [2026-07-01T09:34:13.308+0000] {dagbag.py:587} INFO - Filling up the DagBag from /home/airflow/.local/lib/python3.12/site-packages/airflow/example_dags/example_sla_dag.py
[2026-07-01T09:34:13.319+0000] {processor.py:925} INFO - DAG(s) 'example_sla_dag' retrieved from /home/airflow/.local/lib/python3.12/site-packages/airflow/example_dags/example_sla_dag.py
[2026-07-01T09:34:13.337+0000] {logging_mixin.py:190} INFO - [2026-07-01T09:34:13.336+0000] {dag.py:3211} INFO - Sync 1 DAGs
[2026-07-01T09:34:13.360+0000] {logging_mixin.py:190} INFO - [2026-07-01T09:34:13.360+0000] {dag.py:4138} INFO - Setting next_dagrun for example_sla_dag to 2026-07-01 09:32:00+00:00, run_after=2026-07-01 09:34:00+00:00
[2026-07-01T09:34:13.378+0000] {processor.py:208} INFO - Processing /home/airflow/.local/lib/python3.12/site-packages/airflow/example_dags/example_sla_dag.py took 0.081 seconds
[2026-07-01T09:34:44.302+0000] {processor.py:186} INFO - Started process (PID=2634) to work on /home/airflow/.local/lib/python3.12/site-packages/airflow/example_dags/example_sla_dag.py
[2026-07-01T09:34:44.304+0000] {processor.py:914} INFO - Processing file /home/airflow/.local/lib/python3.12/site-packages/airflow/example_dags/example_sla_dag.py for tasks to queue
[2026-07-01T09:34:44.307+0000] {logging_mixin.py:190} INFO - [2026-07-01T09:34:44.306+0000] {dagbag.py:587} INFO - Filling up the DagBag from /home/airflow/.local/lib/python3.12/site-packages/airflow/example_dags/example_sla_dag.py
[2026-07-01T09:34:44.317+0000] {processor.py:925} INFO - DAG(s) 'example_sla_dag' retrieved from /home/airflow/.local/lib/python3.12/site-packages/airflow/example_dags/example_sla_dag.py
[2026-07-01T09:34:44.330+0000] {logging_mixin.py:190} INFO - [2026-07-01T09:34:44.330+0000] {dag.py:3211} INFO - Sync 1 DAGs
[2026-07-01T09:34:44.347+0000] {logging_mixin.py:190} INFO - [2026-07-01T09:34:44.347+0000] {dag.py:4138} INFO - Setting next_dagrun for example_sla_dag to 2026-07-01 09:32:00+00:00, run_after=2026-07-01 09:34:00+00:00
[2026-07-01T09:34:44.360+0000] {processor.py:208} INFO - Processing /home/airflow/.local/lib/python3.12/site-packages/airflow/example_dags/example_sla_dag.py took 0.063 seconds
[2026-07-01T09:35:14.936+0000] {processor.py:186} INFO - Started process (PID=2696) to work on /home/airflow/.local/lib/python3.12/site-packages/airflow/example_dags/example_sla_dag.py
[2026-07-01T09:35:14.936+0000] {processor.py:914} INFO - Processing file /home/airflow/.local/lib/python3.12/site-packages/airflow/example_dags/example_sla_dag.py for tasks to queue
[2026-07-01T09:35:14.938+0000] {logging_mixin.py:190} INFO - [2026-07-01T09:35:14.938+0000] {dagbag.py:587} INFO - Filling up the DagBag from /home/airflow/.local/lib/python3.12/site-packages/airflow/example_dags/example_sla_dag.py
[2026-07-01T09:35:14.945+0000] {processor.py:925} INFO - DAG(s) 'example_sla_dag' retrieved from /home/airflow/.local/lib/python3.12/site-packages/airflow/example_dags/example_sla_dag.py
[2026-07-01T09:35:14.959+0000] {logging_mixin.py:190} INFO - [2026-07-01T09:35:14.959+0000] {dag.py:3211} INFO - Sync 1 DAGs
[2026-07-01T09:35:14.975+0000] {logging_mixin.py:190} INFO - [2026-07-01T09:35:14.975+0000] {dag.py:4138} INFO - Setting next_dagrun for example_sla_dag to 2026-07-01 09:32:00+00:00, run_after=2026-07-01 09:34:00+00:00
[2026-07-01T09:35:14.987+0000] {processor.py:208} INFO - Processing /home/airflow/.local/lib/python3.12/site-packages/airflow/example_dags/example_sla_dag.py took 0.056 seconds
[2026-07-01T09:35:45.422+0000] {processor.py:186} INFO - Started process (PID=2758) to work on /home/airflow/.local/lib/python3.12/site-packages/airflow/example_dags/example_sla_dag.py
[2026-07-01T09:35:45.423+0000] {processor.py:914} INFO - Processing file /home/airflow/.local/lib/python3.12/site-packages/airflow/example_dags/example_sla_dag.py for tasks to queue
[2026-07-01T09:35:45.425+0000] {logging_mixin.py:190} INFO - [2026-07-01T09:35:45.425+0000] {dagbag.py:587} INFO - Filling up the DagBag from /home/airflow/.local/lib/python3.12/site-packages/airflow/example_dags/example_sla_dag.py
[2026-07-01T09:35:45.433+0000] {processor.py:925} INFO - DAG(s) 'example_sla_dag' retrieved from /home/airflow/.local/lib/python3.12/site-packages/airflow/example_dags/example_sla_dag.py
[2026-07-01T09:35:45.449+0000] {logging_mixin.py:190} INFO - [2026-07-01T09:35:45.449+0000] {dag.py:3211} INFO - Sync 1 DAGs
[2026-07-01T09:35:45.465+0000] {logging_mixin.py:190} INFO - [2026-07-01T09:35:45.465+0000] {dag.py:4138} INFO - Setting next_dagrun for example_sla_dag to 2026-07-01 09:32:00+00:00, run_after=2026-07-01 09:34:00+00:00
[2026-07-01T09:35:45.477+0000] {processor.py:208} INFO - Processing /home/airflow/.local/lib/python3.12/site-packages/airflow/example_dags/example_sla_dag.py took 0.060 seconds
[2026-07-01T09:36:16.251+0000] {processor.py:186} INFO - Started process (PID=2820) to work on /home/airflow/.local/lib/python3.12/site-packages/airflow/example_dags/example_sla_dag.py
[2026-07-01T09:36:16.252+0000] {processor.py:914} INFO - Processing file /home/airflow/.local/lib/python3.12/site-packages/airflow/example_dags/example_sla_dag.py for tasks to queue
[2026-07-01T09:36:16.254+0000] {logging_mixin.py:190} INFO - [2026-07-01T09:36:16.254+0000] {dagbag.py:587} INFO - Filling up the DagBag from /home/airflow/.local/lib/python3.12/site-packages/airflow/example_dags/example_sla_dag.py
[2026-07-01T09:36:16.264+0000] {processor.py:925} INFO - DAG(s) 'example_sla_dag' retrieved from /home/airflow/.local/lib/python3.12/site-packages/airflow/example_dags/example_sla_dag.py
[2026-07-01T09:36:16.284+0000] {logging_mixin.py:190} INFO - [2026-07-01T09:36:16.283+0000] {dag.py:3211} INFO - Sync 1 DAGs
[2026-07-01T09:36:16.307+0000] {logging_mixin.py:190} INFO - [2026-07-01T09:36:16.306+0000] {dag.py:4138} INFO - Setting next_dagrun for example_sla_dag to 2026-07-01 09:34:00+00:00, run_after=2026-07-01 09:36:00+00:00
[2026-07-01T09:36:16.326+0000] {processor.py:208} INFO - Processing /home/airflow/.local/lib/python3.12/site-packages/airflow/example_dags/example_sla_dag.py took 0.080 seconds
[2026-07-01T09:36:47.032+0000] {processor.py:186} INFO - Started process (PID=2882) to work on /home/airflow/.local/lib/python3.12/site-packages/airflow/example_dags/example_sla_dag.py
[2026-07-01T09:36:47.034+0000] {processor.py:914} INFO - Processing file /home/airflow/.local/lib/python3.12/site-packages/airflow/example_dags/example_sla_dag.py for tasks to queue
[2026-07-01T09:36:47.036+0000] {logging_mixin.py:190} INFO - [2026-07-01T09:36:47.036+0000] {dagbag.py:587} INFO - Filling up the DagBag from /home/airflow/.local/lib/python3.12/site-packages/airflow/example_dags/example_sla_dag.py
[2026-07-01T09:36:47.044+0000] {processor.py:925} INFO - DAG(s) 'example_sla_dag' retrieved from /home/airflow/.local/lib/python3.12/site-packages/airflow/example_dags/example_sla_dag.py
[2026-07-01T09:36:47.059+0000] {logging_mixin.py:190} INFO - [2026-07-01T09:36:47.059+0000] {dag.py:3211} INFO - Sync 1 DAGs
[2026-07-01T09:36:47.075+0000] {logging_mixin.py:190} INFO - [2026-07-01T09:36:47.075+0000] {dag.py:4138} INFO - Setting next_dagrun for example_sla_dag to 2026-07-01 09:34:00+00:00, run_after=2026-07-01 09:36:00+00:00
[2026-07-01T09:36:47.088+0000] {processor.py:208} INFO - Processing /home/airflow/.local/lib/python3.12/site-packages/airflow/example_dags/example_sla_dag.py took 0.062 seconds
[2026-07-01T09:37:18.960+0000] {processor.py:186} INFO - Started process (PID=2944) to work on /home/airflow/.local/lib/python3.12/site-packages/airflow/example_dags/example_sla_dag.py
[2026-07-01T09:37:18.961+0000] {processor.py:914} INFO - Processing file /home/airflow/.local/lib/python3.12/site-packages/airflow/example_dags/example_sla_dag.py for tasks to queue
[2026-07-01T09:37:18.963+0000] {logging_mixin.py:190} INFO - [2026-07-01T09:37:18.963+0000] {dagbag.py:587} INFO - Filling up the DagBag from /home/airflow/.local/lib/python3.12/site-packages/airflow/example_dags/example_sla_dag.py
[2026-07-01T09:37:18.971+0000] {processor.py:925} INFO - DAG(s) 'example_sla_dag' retrieved from /home/airflow/.local/lib/python3.12/site-packages/airflow/example_dags/example_sla_dag.py
[2026-07-01T09:37:18.985+0000] {logging_mixin.py:190} INFO - [2026-07-01T09:37:18.985+0000] {dag.py:3211} INFO - Sync 1 DAGs
[2026-07-01T09:37:19.000+0000] {logging_mixin.py:190} INFO - [2026-07-01T09:37:19.000+0000] {dag.py:4138} INFO - Setting next_dagrun for example_sla_dag to 2026-07-01 09:34:00+00:00, run_after=2026-07-01 09:36:00+00:00
[2026-07-01T09:37:19.014+0000] {processor.py:208} INFO - Processing /home/airflow/.local/lib/python3.12/site-packages/airflow/example_dags/example_sla_dag.py took 0.058 seconds
[2026-07-01T09:37:50.182+0000] {processor.py:186} INFO - Started process (PID=3012) to work on /home/airflow/.local/lib/python3.12/site-packages/airflow/example_dags/example_sla_dag.py
[2026-07-01T09:37:50.183+0000] {processor.py:914} INFO - Processing file /home/airflow/.local/lib/python3.12/site-packages/airflow/example_dags/example_sla_dag.py for tasks to queue
[2026-07-01T09:37:50.185+0000] {logging_mixin.py:190} INFO - [2026-07-01T09:37:50.185+0000] {dagbag.py:587} INFO - Filling up the DagBag from /home/airflow/.local/lib/python3.12/site-packages/airflow/example_dags/example_sla_dag.py
[2026-07-01T09:37:50.195+0000] {processor.py:925} INFO - DAG(s) 'example_sla_dag' retrieved from /home/airflow/.local/lib/python3.12/site-packages/airflow/example_dags/example_sla_dag.py
[2026-07-01T09:37:50.212+0000] {logging_mixin.py:190} INFO - [2026-07-01T09:37:50.212+0000] {dag.py:3211} INFO - Sync 1 DAGs
[2026-07-01T09:37:50.233+0000] {logging_mixin.py:190} INFO - [2026-07-01T09:37:50.233+0000] {dag.py:4138} INFO - Setting next_dagrun for example_sla_dag to 2026-07-01 09:34:00+00:00, run_after=2026-07-01 09:36:00+00:00
[2026-07-01T09:37:50.246+0000] {processor.py:208} INFO - Processing /home/airflow/.local/lib/python3.12/site-packages/airflow/example_dags/example_sla_dag.py took 0.069 seconds
[2026-07-01T09:38:21.193+0000] {processor.py:186} INFO - Started process (PID=3074) to work on /home/airflow/.local/lib/python3.12/site-packages/airflow/example_dags/example_sla_dag.py
[2026-07-01T09:38:21.194+0000] {processor.py:914} INFO - Processing file /home/airflow/.local/lib/python3.12/site-packages/airflow/example_dags/example_sla_dag.py for tasks to queue
[2026-07-01T09:38:21.200+0000] {logging_mixin.py:190} INFO - [2026-07-01T09:38:21.200+0000] {dagbag.py:587} INFO - Filling up the DagBag from /home/airflow/.local/lib/python3.12/site-packages/airflow/example_dags/example_sla_dag.py
[2026-07-01T09:38:21.208+0000] {processor.py:925} INFO - DAG(s) 'example_sla_dag' retrieved from /home/airflow/.local/lib/python3.12/site-packages/airflow/example_dags/example_sla_dag.py
[2026-07-01T09:38:21.224+0000] {logging_mixin.py:190} INFO - [2026-07-01T09:38:21.224+0000] {dag.py:3211} INFO - Sync 1 DAGs
[2026-07-01T09:38:21.408+0000] {logging_mixin.py:190} INFO - [2026-07-01T09:38:21.408+0000] {dag.py:4138} INFO - Setting next_dagrun for example_sla_dag to 2026-07-01 09:36:00+00:00, run_after=2026-07-01 09:38:00+00:00
[2026-07-01T09:38:21.426+0000] {processor.py:208} INFO - Processing /home/airflow/.local/lib/python3.12/site-packages/airflow/example_dags/example_sla_dag.py took 0.239 seconds
[2026-07-01T09:38:51.545+0000] {processor.py:186} INFO - Started process (PID=3136) to work on /home/airflow/.local/lib/python3.12/site-packages/airflow/example_dags/example_sla_dag.py
[2026-07-01T09:38:51.546+0000] {processor.py:914} INFO - Processing file /home/airflow/.local/lib/python3.12/site-packages/airflow/example_dags/example_sla_dag.py for tasks to queue
[2026-07-01T09:38:51.548+0000] {logging_mixin.py:190} INFO - [2026-07-01T09:38:51.548+0000] {dagbag.py:587} INFO - Filling up the DagBag from /home/airflow/.local/lib/python3.12/site-packages/airflow/example_dags/example_sla_dag.py
[2026-07-01T09:38:51.556+0000] {processor.py:925} INFO - DAG(s) 'example_sla_dag' retrieved from /home/airflow/.local/lib/python3.12/site-packages/airflow/example_dags/example_sla_dag.py
[2026-07-01T09:38:51.572+0000] {logging_mixin.py:190} INFO - [2026-07-01T09:38:51.571+0000] {dag.py:3211} INFO - Sync 1 DAGs
[2026-07-01T09:38:51.716+0000] {logging_mixin.py:190} INFO - [2026-07-01T09:38:51.716+0000] {dag.py:4138} INFO - Setting next_dagrun for example_sla_dag to 2026-07-01 09:36:00+00:00, run_after=2026-07-01 09:38:00+00:00
[2026-07-01T09:38:51.728+0000] {processor.py:208} INFO - Processing /home/airflow/.local/lib/python3.12/site-packages/airflow/example_dags/example_sla_dag.py took 0.187 seconds
[2026-07-01T09:39:22.294+0000] {processor.py:186} INFO - Started process (PID=3198) to work on /home/airflow/.local/lib/python3.12/site-packages/airflow/example_dags/example_sla_dag.py
[2026-07-01T09:39:22.295+0000] {processor.py:914} INFO - Processing file /home/airflow/.local/lib/python3.12/site-packages/airflow/example_dags/example_sla_dag.py for tasks to queue
[2026-07-01T09:39:22.299+0000] {logging_mixin.py:190} INFO - [2026-07-01T09:39:22.299+0000] {dagbag.py:587} INFO - Filling up the DagBag from /home/airflow/.local/lib/python3.12/site-packages/airflow/example_dags/example_sla_dag.py
[2026-07-01T09:39:22.308+0000] {processor.py:925} INFO - DAG(s) 'example_sla_dag' retrieved from /home/airflow/.local/lib/python3.12/site-packages/airflow/example_dags/example_sla_dag.py
[2026-07-01T09:39:22.324+0000] {logging_mixin.py:190} INFO - [2026-07-01T09:39:22.324+0000] {dag.py:3211} INFO - Sync 1 DAGs
[2026-07-01T09:39:22.496+0000] {logging_mixin.py:190} INFO - [2026-07-01T09:39:22.495+0000] {dag.py:4138} INFO - Setting next_dagrun for example_sla_dag to 2026-07-01 09:36:00+00:00, run_after=2026-07-01 09:38:00+00:00
[2026-07-01T09:39:22.511+0000] {processor.py:208} INFO - Processing /home/airflow/.local/lib/python3.12/site-packages/airflow/example_dags/example_sla_dag.py took 0.222 seconds
[2026-07-01T09:39:53.148+0000] {processor.py:186} INFO - Started process (PID=3260) to work on /home/airflow/.local/lib/python3.12/site-packages/airflow/example_dags/example_sla_dag.py
[2026-07-01T09:39:53.149+0000] {processor.py:914} INFO - Processing file /home/airflow/.local/lib/python3.12/site-packages/airflow/example_dags/example_sla_dag.py for tasks to queue
[2026-07-01T09:39:53.151+0000] {logging_mixin.py:190} INFO - [2026-07-01T09:39:53.151+0000] {dagbag.py:587} INFO - Filling up the DagBag from /home/airflow/.local/lib/python3.12/site-packages/airflow/example_dags/example_sla_dag.py
[2026-07-01T09:39:53.159+0000] {processor.py:925} INFO - DAG(s) 'example_sla_dag' retrieved from /home/airflow/.local/lib/python3.12/site-packages/airflow/example_dags/example_sla_dag.py
[2026-07-01T09:39:53.175+0000] {logging_mixin.py:190} INFO - [2026-07-01T09:39:53.174+0000] {dag.py:3211} INFO - Sync 1 DAGs
[2026-07-01T09:39:53.191+0000] {logging_mixin.py:190} INFO - [2026-07-01T09:39:53.191+0000] {dag.py:4138} INFO - Setting next_dagrun for example_sla_dag to 2026-07-01 09:36:00+00:00, run_after=2026-07-01 09:38:00+00:00
[2026-07-01T09:39:53.333+0000] {processor.py:208} INFO - Processing /home/airflow/.local/lib/python3.12/site-packages/airflow/example_dags/example_sla_dag.py took 0.189 seconds
[2026-07-01T09:40:24.045+0000] {processor.py:186} INFO - Started process (PID=3322) to work on /home/airflow/.local/lib/python3.12/site-packages/airflow/example_dags/example_sla_dag.py
[2026-07-01T09:40:24.045+0000] {processor.py:914} INFO - Processing file /home/airflow/.local/lib/python3.12/site-packages/airflow/example_dags/example_sla_dag.py for tasks to queue
[2026-07-01T09:40:24.047+0000] {logging_mixin.py:190} INFO - [2026-07-01T09:40:24.047+0000] {dagbag.py:587} INFO - Filling up the DagBag from /home/airflow/.local/lib/python3.12/site-packages/airflow/example_dags/example_sla_dag.py
[2026-07-01T09:40:24.055+0000] {processor.py:925} INFO - DAG(s) 'example_sla_dag' retrieved from /home/airflow/.local/lib/python3.12/site-packages/airflow/example_dags/example_sla_dag.py
[2026-07-01T09:40:24.069+0000] {logging_mixin.py:190} INFO - [2026-07-01T09:40:24.069+0000] {dag.py:3211} INFO - Sync 1 DAGs
[2026-07-01T09:40:24.086+0000] {logging_mixin.py:190} INFO - [2026-07-01T09:40:24.086+0000] {dag.py:4138} INFO - Setting next_dagrun for example_sla_dag to 2026-07-01 09:38:00+00:00, run_after=2026-07-01 09:40:00+00:00
[2026-07-01T09:40:24.106+0000] {processor.py:208} INFO - Processing /home/airflow/.local/lib/python3.12/site-packages/airflow/example_dags/example_sla_dag.py took 0.066 seconds
[2026-07-01T09:40:54.390+0000] {processor.py:186} INFO - Started process (PID=3384) to work on /home/airflow/.local/lib/python3.12/site-packages/airflow/example_dags/example_sla_dag.py
[2026-07-01T09:40:54.391+0000] {processor.py:914} INFO - Processing file /home/airflow/.local/lib/python3.12/site-packages/airflow/example_dags/example_sla_dag.py for tasks to queue
[2026-07-01T09:40:54.393+0000] {logging_mixin.py:190} INFO - [2026-07-01T09:40:54.393+0000] {dagbag.py:587} INFO - Filling up the DagBag from /home/airflow/.local/lib/python3.12/site-packages/airflow/example_dags/example_sla_dag.py
[2026-07-01T09:40:54.402+0000] {processor.py:925} INFO - DAG(s) 'example_sla_dag' retrieved from /home/airflow/.local/lib/python3.12/site-packages/airflow/example_dags/example_sla_dag.py
[2026-07-01T09:40:54.419+0000] {logging_mixin.py:190} INFO - [2026-07-01T09:40:54.418+0000] {dag.py:3211} INFO - Sync 1 DAGs
[2026-07-01T09:40:54.437+0000] {logging_mixin.py:190} INFO - [2026-07-01T09:40:54.437+0000] {dag.py:4138} INFO - Setting next_dagrun for example_sla_dag to 2026-07-01 09:38:00+00:00, run_after=2026-07-01 09:40:00+00:00
[2026-07-01T09:40:54.452+0000] {processor.py:208} INFO - Processing /home/airflow/.local/lib/python3.12/site-packages/airflow/example_dags/example_sla_dag.py took 0.067 seconds
[2026-07-01T09:41:24.745+0000] {processor.py:186} INFO - Started process (PID=3446) to work on /home/airflow/.local/lib/python3.12/site-packages/airflow/example_dags/example_sla_dag.py
[2026-07-01T09:41:24.746+0000] {processor.py:914} INFO - Processing file /home/airflow/.local/lib/python3.12/site-packages/airflow/example_dags/example_sla_dag.py for tasks to queue
[2026-07-01T09:41:24.748+0000] {logging_mixin.py:190} INFO - [2026-07-01T09:41:24.747+0000] {dagbag.py:587} INFO - Filling up the DagBag from /home/airflow/.local/lib/python3.12/site-packages/airflow/example_dags/example_sla_dag.py
[2026-07-01T09:41:24.756+0000] {processor.py:925} INFO - DAG(s) 'example_sla_dag' retrieved from /home/airflow/.local/lib/python3.12/site-packages/airflow/example_dags/example_sla_dag.py
[2026-07-01T09:41:24.770+0000] {logging_mixin.py:190} INFO - [2026-07-01T09:41:24.770+0000] {dag.py:3211} INFO - Sync 1 DAGs
[2026-07-01T09:41:24.786+0000] {logging_mixin.py:190} INFO - [2026-07-01T09:41:24.786+0000] {dag.py:4138} INFO - Setting next_dagrun for example_sla_dag to 2026-07-01 09:38:00+00:00, run_after=2026-07-01 09:40:00+00:00
[2026-07-01T09:41:24.800+0000] {processor.py:208} INFO - Processing /home/airflow/.local/lib/python3.12/site-packages/airflow/example_dags/example_sla_dag.py took 0.060 seconds
[2026-07-01T09:41:54.954+0000] {processor.py:186} INFO - Started process (PID=3508) to work on /home/airflow/.local/lib/python3.12/site-packages/airflow/example_dags/example_sla_dag.py
[2026-07-01T09:41:54.954+0000] {processor.py:914} INFO - Processing file /home/airflow/.local/lib/python3.12/site-packages/airflow/example_dags/example_sla_dag.py for tasks to queue
[2026-07-01T09:41:54.956+0000] {logging_mixin.py:190} INFO - [2026-07-01T09:41:54.956+0000] {dagbag.py:587} INFO - Filling up the DagBag from /home/airflow/.local/lib/python3.12/site-packages/airflow/example_dags/example_sla_dag.py
[2026-07-01T09:41:54.964+0000] {processor.py:925} INFO - DAG(s) 'example_sla_dag' retrieved from /home/airflow/.local/lib/python3.12/site-packages/airflow/example_dags/example_sla_dag.py
[2026-07-01T09:41:54.977+0000] {logging_mixin.py:190} INFO - [2026-07-01T09:41:54.977+0000] {dag.py:3211} INFO - Sync 1 DAGs
[2026-07-01T09:41:54.994+0000] {logging_mixin.py:190} INFO - [2026-07-01T09:41:54.994+0000] {dag.py:4138} INFO - Setting next_dagrun for example_sla_dag to 2026-07-01 09:38:00+00:00, run_after=2026-07-01 09:40:00+00:00
[2026-07-01T09:41:55.005+0000] {processor.py:208} INFO - Processing /home/airflow/.local/lib/python3.12/site-packages/airflow/example_dags/example_sla_dag.py took 0.056 seconds
[2026-07-01T09:42:25.367+0000] {processor.py:186} INFO - Started process (PID=3570) to work on /home/airflow/.local/lib/python3.12/site-packages/airflow/example_dags/example_sla_dag.py
[2026-07-01T09:42:25.369+0000] {processor.py:914} INFO - Processing file /home/airflow/.local/lib/python3.12/site-packages/airflow/example_dags/example_sla_dag.py for tasks to queue
[2026-07-01T09:42:25.371+0000] {logging_mixin.py:190} INFO - [2026-07-01T09:42:25.371+0000] {dagbag.py:587} INFO - Filling up the DagBag from /home/airflow/.local/lib/python3.12/site-packages/airflow/example_dags/example_sla_dag.py
[2026-07-01T09:42:25.379+0000] {processor.py:925} INFO - DAG(s) 'example_sla_dag' retrieved from /home/airflow/.local/lib/python3.12/site-packages/airflow/example_dags/example_sla_dag.py
[2026-07-01T09:42:25.394+0000] {logging_mixin.py:190} INFO - [2026-07-01T09:42:25.394+0000] {dag.py:3211} INFO - Sync 1 DAGs
[2026-07-01T09:42:25.411+0000] {logging_mixin.py:190} INFO - [2026-07-01T09:42:25.410+0000] {dag.py:4138} INFO - Setting next_dagrun for example_sla_dag to 2026-07-01 09:40:00+00:00, run_after=2026-07-01 09:42:00+00:00
[2026-07-01T09:42:25.423+0000] {processor.py:208} INFO - Processing /home/airflow/.local/lib/python3.12/site-packages/airflow/example_dags/example_sla_dag.py took 0.060 seconds
[2026-07-01T09:42:55.845+0000] {processor.py:186} INFO - Started process (PID=3632) to work on /home/airflow/.local/lib/python3.12/site-packages/airflow/example_dags/example_sla_dag.py
[2026-07-01T09:42:55.846+0000] {processor.py:914} INFO - Processing file /home/airflow/.local/lib/python3.12/site-packages/airflow/example_dags/example_sla_dag.py for tasks to queue
[2026-07-01T09:42:55.848+0000] {logging_mixin.py:190} INFO - [2026-07-01T09:42:55.848+0000] {dagbag.py:587} INFO - Filling up the DagBag from /home/airflow/.local/lib/python3.12/site-packages/airflow/example_dags/example_sla_dag.py
[2026-07-01T09:42:55.856+0000] {processor.py:925} INFO - DAG(s) 'example_sla_dag' retrieved from /home/airflow/.local/lib/python3.12/site-packages/airflow/example_dags/example_sla_dag.py
[2026-07-01T09:42:55.871+0000] {logging_mixin.py:190} INFO - [2026-07-01T09:42:55.870+0000] {dag.py:3211} INFO - Sync 1 DAGs
[2026-07-01T09:42:55.886+0000] {logging_mixin.py:190} INFO - [2026-07-01T09:42:55.886+0000] {dag.py:4138} INFO - Setting next_dagrun for example_sla_dag to 2026-07-01 09:40:00+00:00, run_after=2026-07-01 09:42:00+00:00
[2026-07-01T09:42:55.900+0000] {processor.py:208} INFO - Processing /home/airflow/.local/lib/python3.12/site-packages/airflow/example_dags/example_sla_dag.py took 0.061 seconds
[2026-07-01T09:43:26.109+0000] {processor.py:186} INFO - Started process (PID=3694) to work on /home/airflow/.local/lib/python3.12/site-packages/airflow/example_dags/example_sla_dag.py
[2026-07-01T09:43:26.111+0000] {processor.py:914} INFO - Processing file /home/airflow/.local/lib/python3.12/site-packages/airflow/example_dags/example_sla_dag.py for tasks to queue
[2026-07-01T09:43:26.114+0000] {logging_mixin.py:190} INFO - [2026-07-01T09:43:26.114+0000] {dagbag.py:587} INFO - Filling up the DagBag from /home/airflow/.local/lib/python3.12/site-packages/airflow/example_dags/example_sla_dag.py
[2026-07-01T09:43:26.123+0000] {processor.py:925} INFO - DAG(s) 'example_sla_dag' retrieved from /home/airflow/.local/lib/python3.12/site-packages/airflow/example_dags/example_sla_dag.py
[2026-07-01T09:43:26.143+0000] {logging_mixin.py:190} INFO - [2026-07-01T09:43:26.142+0000] {dag.py:3211} INFO - Sync 1 DAGs
[2026-07-01T09:43:26.171+0000] {logging_mixin.py:190} INFO - [2026-07-01T09:43:26.171+0000] {dag.py:4138} INFO - Setting next_dagrun for example_sla_dag to 2026-07-01 09:40:00+00:00, run_after=2026-07-01 09:42:00+00:00
[2026-07-01T09:43:26.190+0000] {processor.py:208} INFO - Processing /home/airflow/.local/lib/python3.12/site-packages/airflow/example_dags/example_sla_dag.py took 0.087 seconds
[2026-07-01T09:43:56.475+0000] {processor.py:186} INFO - Started process (PID=3756) to work on /home/airflow/.local/lib/python3.12/site-packages/airflow/example_dags/example_sla_dag.py
[2026-07-01T09:43:56.476+0000] {processor.py:914} INFO - Processing file /home/airflow/.local/lib/python3.12/site-packages/airflow/example_dags/example_sla_dag.py for tasks to queue
[2026-07-01T09:43:56.479+0000] {logging_mixin.py:190} INFO - [2026-07-01T09:43:56.478+0000] {dagbag.py:587} INFO - Filling up the DagBag from /home/airflow/.local/lib/python3.12/site-packages/airflow/example_dags/example_sla_dag.py
[2026-07-01T09:43:56.491+0000] {processor.py:925} INFO - DAG(s) 'example_sla_dag' retrieved from /home/airflow/.local/lib/python3.12/site-packages/airflow/example_dags/example_sla_dag.py
[2026-07-01T09:43:56.508+0000] {logging_mixin.py:190} INFO - [2026-07-01T09:43:56.508+0000] {dag.py:3211} INFO - Sync 1 DAGs
[2026-07-01T09:43:56.528+0000] {logging_mixin.py:190} INFO - [2026-07-01T09:43:56.528+0000] {dag.py:4138} INFO - Setting next_dagrun for example_sla_dag to 2026-07-01 09:40:00+00:00, run_after=2026-07-01 09:42:00+00:00
[2026-07-01T09:43:56.545+0000] {processor.py:208} INFO - Processing /home/airflow/.local/lib/python3.12/site-packages/airflow/example_dags/example_sla_dag.py took 0.076 seconds
[2026-07-01T09:44:26.698+0000] {processor.py:186} INFO - Started process (PID=3818) to work on /home/airflow/.local/lib/python3.12/site-packages/airflow/example_dags/example_sla_dag.py
[2026-07-01T09:44:26.699+0000] {processor.py:914} INFO - Processing file /home/airflow/.local/lib/python3.12/site-packages/airflow/example_dags/example_sla_dag.py for tasks to queue
[2026-07-01T09:44:26.702+0000] {logging_mixin.py:190} INFO - [2026-07-01T09:44:26.702+0000] {dagbag.py:587} INFO - Filling up the DagBag from /home/airflow/.local/lib/python3.12/site-packages/airflow/example_dags/example_sla_dag.py
[2026-07-01T09:44:26.711+0000] {processor.py:925} INFO - DAG(s) 'example_sla_dag' retrieved from /home/airflow/.local/lib/python3.12/site-packages/airflow/example_dags/example_sla_dag.py
[2026-07-01T09:44:26.726+0000] {logging_mixin.py:190} INFO - [2026-07-01T09:44:26.726+0000] {dag.py:3211} INFO - Sync 1 DAGs
[2026-07-01T09:44:26.743+0000] {logging_mixin.py:190} INFO - [2026-07-01T09:44:26.743+0000] {dag.py:4138} INFO - Setting next_dagrun for example_sla_dag to 2026-07-01 09:42:00+00:00, run_after=2026-07-01 09:44:00+00:00
[2026-07-01T09:44:26.760+0000] {processor.py:208} INFO - Processing /home/airflow/.local/lib/python3.12/site-packages/airflow/example_dags/example_sla_dag.py took 0.067 seconds
[2026-07-01T09:44:57.075+0000] {processor.py:186} INFO - Started process (PID=3880) to work on /home/airflow/.local/lib/python3.12/site-packages/airflow/example_dags/example_sla_dag.py
[2026-07-01T09:44:57.075+0000] {processor.py:914} INFO - Processing file /home/airflow/.local/lib/python3.12/site-packages/airflow/example_dags/example_sla_dag.py for tasks to queue
[2026-07-01T09:44:57.078+0000] {logging_mixin.py:190} INFO - [2026-07-01T09:44:57.077+0000] {dagbag.py:587} INFO - Filling up the DagBag from /home/airflow/.local/lib/python3.12/site-packages/airflow/example_dags/example_sla_dag.py
[2026-07-01T09:44:57.086+0000] {processor.py:925} INFO - DAG(s) 'example_sla_dag' retrieved from /home/airflow/.local/lib/python3.12/site-packages/airflow/example_dags/example_sla_dag.py
[2026-07-01T09:44:57.102+0000] {logging_mixin.py:190} INFO - [2026-07-01T09:44:57.102+0000] {dag.py:3211} INFO - Sync 1 DAGs
[2026-07-01T09:44:57.118+0000] {logging_mixin.py:190} INFO - [2026-07-01T09:44:57.118+0000] {dag.py:4138} INFO - Setting next_dagrun for example_sla_dag to 2026-07-01 09:42:00+00:00, run_after=2026-07-01 09:44:00+00:00
[2026-07-01T09:44:57.132+0000] {processor.py:208} INFO - Processing /home/airflow/.local/lib/python3.12/site-packages/airflow/example_dags/example_sla_dag.py took 0.062 seconds
[2026-07-01T09:45:27.532+0000] {processor.py:186} INFO - Started process (PID=3942) to work on /home/airflow/.local/lib/python3.12/site-packages/airflow/example_dags/example_sla_dag.py
[2026-07-01T09:45:27.534+0000] {processor.py:914} INFO - Processing file /home/airflow/.local/lib/python3.12/site-packages/airflow/example_dags/example_sla_dag.py for tasks to queue
[2026-07-01T09:45:27.537+0000] {logging_mixin.py:190} INFO - [2026-07-01T09:45:27.536+0000] {dagbag.py:587} INFO - Filling up the DagBag from /home/airflow/.local/lib/python3.12/site-packages/airflow/example_dags/example_sla_dag.py
[2026-07-01T09:45:27.544+0000] {processor.py:925} INFO - DAG(s) 'example_sla_dag' retrieved from /home/airflow/.local/lib/python3.12/site-packages/airflow/example_dags/example_sla_dag.py
[2026-07-01T09:45:27.559+0000] {logging_mixin.py:190} INFO - [2026-07-01T09:45:27.559+0000] {dag.py:3211} INFO - Sync 1 DAGs
[2026-07-01T09:45:27.576+0000] {logging_mixin.py:190} INFO - [2026-07-01T09:45:27.576+0000] {dag.py:4138} INFO - Setting next_dagrun for example_sla_dag to 2026-07-01 09:42:00+00:00, run_after=2026-07-01 09:44:00+00:00
[2026-07-01T09:45:27.593+0000] {processor.py:208} INFO - Processing /home/airflow/.local/lib/python3.12/site-packages/airflow/example_dags/example_sla_dag.py took 0.066 seconds
