[2026-07-01T09:09:37.663+0000] {processor.py:186} INFO - Started process (PID=62) to work on /home/airflow/.local/lib/python3.12/site-packages/airflow/example_dags/example_params_trigger_ui.py
[2026-07-01T09:09:37.664+0000] {processor.py:914} INFO - Processing file /home/airflow/.local/lib/python3.12/site-packages/airflow/example_dags/example_params_trigger_ui.py for tasks to queue
[2026-07-01T09:09:37.666+0000] {logging_mixin.py:190} INFO - [2026-07-01T09:09:37.666+0000] {dagbag.py:587} INFO - Filling up the DagBag from /home/airflow/.local/lib/python3.12/site-packages/airflow/example_dags/example_params_trigger_ui.py
[2026-07-01T09:09:37.678+0000] {processor.py:925} INFO - DAG(s) 'example_params_trigger_ui' retrieved from /home/airflow/.local/lib/python3.12/site-packages/airflow/example_dags/example_params_trigger_ui.py
[2026-07-01T09:09:37.803+0000] {logging_mixin.py:190} INFO - [2026-07-01T09:09:37.802+0000] {override.py:1858} INFO - Created Permission View: can read on DAG:example_params_trigger_ui
[2026-07-01T09:09:37.811+0000] {logging_mixin.py:190} INFO - [2026-07-01T09:09:37.811+0000] {override.py:1858} INFO - Created Permission View: can delete on DAG:example_params_trigger_ui
[2026-07-01T09:09:37.816+0000] {logging_mixin.py:190} INFO - [2026-07-01T09:09:37.816+0000] {override.py:1858} INFO - Created Permission View: can edit on DAG:example_params_trigger_ui
[2026-07-01T09:09:37.817+0000] {logging_mixin.py:190} INFO - [2026-07-01T09:09:37.816+0000] {dag.py:3211} INFO - Sync 1 DAGs
[2026-07-01T09:09:37.826+0000] {logging_mixin.py:190} INFO - [2026-07-01T09:09:37.826+0000] {dag.py:3234} INFO - Creating ORM DAG for example_params_trigger_ui
[2026-07-01T09:09:37.827+0000] {logging_mixin.py:190} INFO - [2026-07-01T09:09:37.827+0000] {dag.py:4138} INFO - Setting next_dagrun for example_params_trigger_ui to None, run_after=None
[2026-07-01T09:09:37.849+0000] {processor.py:208} INFO - Processing /home/airflow/.local/lib/python3.12/site-packages/airflow/example_dags/example_params_trigger_ui.py took 0.191 seconds
[2026-07-01T09:10:08.698+0000] {processor.py:186} INFO - Started process (PID=124) to work on /home/airflow/.local/lib/python3.12/site-packages/airflow/example_dags/example_params_trigger_ui.py
[2026-07-01T09:10:08.699+0000] {processor.py:914} INFO - Processing file /home/airflow/.local/lib/python3.12/site-packages/airflow/example_dags/example_params_trigger_ui.py for tasks to queue
[2026-07-01T09:10:08.701+0000] {logging_mixin.py:190} INFO - [2026-07-01T09:10:08.701+0000] {dagbag.py:587} INFO - Filling up the DagBag from /home/airflow/.local/lib/python3.12/site-packages/airflow/example_dags/example_params_trigger_ui.py
[2026-07-01T09:10:08.713+0000] {processor.py:925} INFO - DAG(s) 'example_params_trigger_ui' retrieved from /home/airflow/.local/lib/python3.12/site-packages/airflow/example_dags/example_params_trigger_ui.py
[2026-07-01T09:10:08.745+0000] {logging_mixin.py:190} INFO - [2026-07-01T09:10:08.744+0000] {dag.py:3211} INFO - Sync 1 DAGs
[2026-07-01T09:10:08.754+0000] {logging_mixin.py:190} INFO - [2026-07-01T09:10:08.754+0000] {dag.py:4138} INFO - Setting next_dagrun for example_params_trigger_ui to None, run_after=None
[2026-07-01T09:10:08.767+0000] {processor.py:208} INFO - Processing /home/airflow/.local/lib/python3.12/site-packages/airflow/example_dags/example_params_trigger_ui.py took 0.073 seconds
[2026-07-01T09:10:39.284+0000] {processor.py:186} INFO - Started process (PID=186) to work on /home/airflow/.local/lib/python3.12/site-packages/airflow/example_dags/example_params_trigger_ui.py
[2026-07-01T09:10:39.285+0000] {processor.py:914} INFO - Processing file /home/airflow/.local/lib/python3.12/site-packages/airflow/example_dags/example_params_trigger_ui.py for tasks to queue
[2026-07-01T09:10:39.288+0000] {logging_mixin.py:190} INFO - [2026-07-01T09:10:39.287+0000] {dagbag.py:587} INFO - Filling up the DagBag from /home/airflow/.local/lib/python3.12/site-packages/airflow/example_dags/example_params_trigger_ui.py
[2026-07-01T09:10:39.298+0000] {processor.py:925} INFO - DAG(s) 'example_params_trigger_ui' retrieved from /home/airflow/.local/lib/python3.12/site-packages/airflow/example_dags/example_params_trigger_ui.py
[2026-07-01T09:10:39.329+0000] {logging_mixin.py:190} INFO - [2026-07-01T09:10:39.329+0000] {dag.py:3211} INFO - Sync 1 DAGs
[2026-07-01T09:10:39.348+0000] {logging_mixin.py:190} INFO - [2026-07-01T09:10:39.347+0000] {dag.py:4138} INFO - Setting next_dagrun for example_params_trigger_ui to None, run_after=None
[2026-07-01T09:10:39.362+0000] {processor.py:208} INFO - Processing /home/airflow/.local/lib/python3.12/site-packages/airflow/example_dags/example_params_trigger_ui.py took 0.084 seconds
[2026-07-01T09:11:09.559+0000] {processor.py:186} INFO - Started process (PID=248) to work on /home/airflow/.local/lib/python3.12/site-packages/airflow/example_dags/example_params_trigger_ui.py
[2026-07-01T09:11:09.560+0000] {processor.py:914} INFO - Processing file /home/airflow/.local/lib/python3.12/site-packages/airflow/example_dags/example_params_trigger_ui.py for tasks to queue
[2026-07-01T09:11:09.562+0000] {logging_mixin.py:190} INFO - [2026-07-01T09:11:09.562+0000] {dagbag.py:587} INFO - Filling up the DagBag from /home/airflow/.local/lib/python3.12/site-packages/airflow/example_dags/example_params_trigger_ui.py
[2026-07-01T09:11:09.569+0000] {processor.py:925} INFO - DAG(s) 'example_params_trigger_ui' retrieved from /home/airflow/.local/lib/python3.12/site-packages/airflow/example_dags/example_params_trigger_ui.py
[2026-07-01T09:11:09.594+0000] {logging_mixin.py:190} INFO - [2026-07-01T09:11:09.594+0000] {dag.py:3211} INFO - Sync 1 DAGs
[2026-07-01T09:11:09.603+0000] {logging_mixin.py:190} INFO - [2026-07-01T09:11:09.603+0000] {dag.py:4138} INFO - Setting next_dagrun for example_params_trigger_ui to None, run_after=None
[2026-07-01T09:11:09.615+0000] {processor.py:208} INFO - Processing /home/airflow/.local/lib/python3.12/site-packages/airflow/example_dags/example_params_trigger_ui.py took 0.059 seconds
[2026-07-01T09:11:39.714+0000] {processor.py:186} INFO - Started process (PID=310) to work on /home/airflow/.local/lib/python3.12/site-packages/airflow/example_dags/example_params_trigger_ui.py
[2026-07-01T09:11:39.716+0000] {processor.py:914} INFO - Processing file /home/airflow/.local/lib/python3.12/site-packages/airflow/example_dags/example_params_trigger_ui.py for tasks to queue
[2026-07-01T09:11:39.718+0000] {logging_mixin.py:190} INFO - [2026-07-01T09:11:39.717+0000] {dagbag.py:587} INFO - Filling up the DagBag from /home/airflow/.local/lib/python3.12/site-packages/airflow/example_dags/example_params_trigger_ui.py
[2026-07-01T09:11:39.726+0000] {processor.py:925} INFO - DAG(s) 'example_params_trigger_ui' retrieved from /home/airflow/.local/lib/python3.12/site-packages/airflow/example_dags/example_params_trigger_ui.py
[2026-07-01T09:11:39.753+0000] {logging_mixin.py:190} INFO - [2026-07-01T09:11:39.753+0000] {dag.py:3211} INFO - Sync 1 DAGs
[2026-07-01T09:11:39.763+0000] {logging_mixin.py:190} INFO - [2026-07-01T09:11:39.763+0000] {dag.py:4138} INFO - Setting next_dagrun for example_params_trigger_ui to None, run_after=None
[2026-07-01T09:11:39.777+0000] {processor.py:208} INFO - Processing /home/airflow/.local/lib/python3.12/site-packages/airflow/example_dags/example_params_trigger_ui.py took 0.068 seconds
[2026-07-01T09:12:10.195+0000] {processor.py:186} INFO - Started process (PID=372) to work on /home/airflow/.local/lib/python3.12/site-packages/airflow/example_dags/example_params_trigger_ui.py
[2026-07-01T09:12:10.196+0000] {processor.py:914} INFO - Processing file /home/airflow/.local/lib/python3.12/site-packages/airflow/example_dags/example_params_trigger_ui.py for tasks to queue
[2026-07-01T09:12:10.197+0000] {logging_mixin.py:190} INFO - [2026-07-01T09:12:10.197+0000] {dagbag.py:587} INFO - Filling up the DagBag from /home/airflow/.local/lib/python3.12/site-packages/airflow/example_dags/example_params_trigger_ui.py
[2026-07-01T09:12:10.205+0000] {processor.py:925} INFO - DAG(s) 'example_params_trigger_ui' retrieved from /home/airflow/.local/lib/python3.12/site-packages/airflow/example_dags/example_params_trigger_ui.py
[2026-07-01T09:12:10.237+0000] {logging_mixin.py:190} INFO - [2026-07-01T09:12:10.237+0000] {dag.py:3211} INFO - Sync 1 DAGs
[2026-07-01T09:12:10.249+0000] {logging_mixin.py:190} INFO - [2026-07-01T09:12:10.249+0000] {dag.py:4138} INFO - Setting next_dagrun for example_params_trigger_ui to None, run_after=None
[2026-07-01T09:12:10.264+0000] {processor.py:208} INFO - Processing /home/airflow/.local/lib/python3.12/site-packages/airflow/example_dags/example_params_trigger_ui.py took 0.074 seconds
[2026-07-01T09:12:40.698+0000] {processor.py:186} INFO - Started process (PID=434) to work on /home/airflow/.local/lib/python3.12/site-packages/airflow/example_dags/example_params_trigger_ui.py
[2026-07-01T09:12:40.699+0000] {processor.py:914} INFO - Processing file /home/airflow/.local/lib/python3.12/site-packages/airflow/example_dags/example_params_trigger_ui.py for tasks to queue
[2026-07-01T09:12:40.702+0000] {logging_mixin.py:190} INFO - [2026-07-01T09:12:40.702+0000] {dagbag.py:587} INFO - Filling up the DagBag from /home/airflow/.local/lib/python3.12/site-packages/airflow/example_dags/example_params_trigger_ui.py
[2026-07-01T09:12:40.713+0000] {processor.py:925} INFO - DAG(s) 'example_params_trigger_ui' retrieved from /home/airflow/.local/lib/python3.12/site-packages/airflow/example_dags/example_params_trigger_ui.py
[2026-07-01T09:12:40.755+0000] {logging_mixin.py:190} INFO - [2026-07-01T09:12:40.755+0000] {dag.py:3211} INFO - Sync 1 DAGs
[2026-07-01T09:12:40.770+0000] {logging_mixin.py:190} INFO - [2026-07-01T09:12:40.770+0000] {dag.py:4138} INFO - Setting next_dagrun for example_params_trigger_ui to None, run_after=None
[2026-07-01T09:12:40.790+0000] {processor.py:208} INFO - Processing /home/airflow/.local/lib/python3.12/site-packages/airflow/example_dags/example_params_trigger_ui.py took 0.099 seconds
[2026-07-01T09:13:10.954+0000] {processor.py:186} INFO - Started process (PID=496) to work on /home/airflow/.local/lib/python3.12/site-packages/airflow/example_dags/example_params_trigger_ui.py
[2026-07-01T09:13:10.956+0000] {processor.py:914} INFO - Processing file /home/airflow/.local/lib/python3.12/site-packages/airflow/example_dags/example_params_trigger_ui.py for tasks to queue
[2026-07-01T09:13:10.959+0000] {logging_mixin.py:190} INFO - [2026-07-01T09:13:10.959+0000] {dagbag.py:587} INFO - Filling up the DagBag from /home/airflow/.local/lib/python3.12/site-packages/airflow/example_dags/example_params_trigger_ui.py
[2026-07-01T09:13:10.974+0000] {processor.py:925} INFO - DAG(s) 'example_params_trigger_ui' retrieved from /home/airflow/.local/lib/python3.12/site-packages/airflow/example_dags/example_params_trigger_ui.py
[2026-07-01T09:13:11.020+0000] {logging_mixin.py:190} INFO - [2026-07-01T09:13:11.020+0000] {dag.py:3211} INFO - Sync 1 DAGs
[2026-07-01T09:13:11.033+0000] {logging_mixin.py:190} INFO - [2026-07-01T09:13:11.033+0000] {dag.py:4138} INFO - Setting next_dagrun for example_params_trigger_ui to None, run_after=None
[2026-07-01T09:13:11.051+0000] {processor.py:208} INFO - Processing /home/airflow/.local/lib/python3.12/site-packages/airflow/example_dags/example_params_trigger_ui.py took 0.103 seconds
[2026-07-01T09:13:41.204+0000] {processor.py:186} INFO - Started process (PID=558) to work on /home/airflow/.local/lib/python3.12/site-packages/airflow/example_dags/example_params_trigger_ui.py
[2026-07-01T09:13:41.205+0000] {processor.py:914} INFO - Processing file /home/airflow/.local/lib/python3.12/site-packages/airflow/example_dags/example_params_trigger_ui.py for tasks to queue
[2026-07-01T09:13:41.207+0000] {logging_mixin.py:190} INFO - [2026-07-01T09:13:41.206+0000] {dagbag.py:587} INFO - Filling up the DagBag from /home/airflow/.local/lib/python3.12/site-packages/airflow/example_dags/example_params_trigger_ui.py
[2026-07-01T09:13:41.220+0000] {processor.py:925} INFO - DAG(s) 'example_params_trigger_ui' retrieved from /home/airflow/.local/lib/python3.12/site-packages/airflow/example_dags/example_params_trigger_ui.py
[2026-07-01T09:13:41.249+0000] {logging_mixin.py:190} INFO - [2026-07-01T09:13:41.249+0000] {dag.py:3211} INFO - Sync 1 DAGs
[2026-07-01T09:13:41.260+0000] {logging_mixin.py:190} INFO - [2026-07-01T09:13:41.260+0000] {dag.py:4138} INFO - Setting next_dagrun for example_params_trigger_ui to None, run_after=None
[2026-07-01T09:13:41.274+0000] {processor.py:208} INFO - Processing /home/airflow/.local/lib/python3.12/site-packages/airflow/example_dags/example_params_trigger_ui.py took 0.075 seconds
[2026-07-01T09:14:11.345+0000] {processor.py:186} INFO - Started process (PID=626) to work on /home/airflow/.local/lib/python3.12/site-packages/airflow/example_dags/example_params_trigger_ui.py
[2026-07-01T09:14:11.346+0000] {processor.py:914} INFO - Processing file /home/airflow/.local/lib/python3.12/site-packages/airflow/example_dags/example_params_trigger_ui.py for tasks to queue
[2026-07-01T09:14:11.348+0000] {logging_mixin.py:190} INFO - [2026-07-01T09:14:11.348+0000] {dagbag.py:587} INFO - Filling up the DagBag from /home/airflow/.local/lib/python3.12/site-packages/airflow/example_dags/example_params_trigger_ui.py
[2026-07-01T09:14:11.357+0000] {processor.py:925} INFO - DAG(s) 'example_params_trigger_ui' retrieved from /home/airflow/.local/lib/python3.12/site-packages/airflow/example_dags/example_params_trigger_ui.py
[2026-07-01T09:14:11.385+0000] {logging_mixin.py:190} INFO - [2026-07-01T09:14:11.385+0000] {dag.py:3211} INFO - Sync 1 DAGs
[2026-07-01T09:14:11.396+0000] {logging_mixin.py:190} INFO - [2026-07-01T09:14:11.396+0000] {dag.py:4138} INFO - Setting next_dagrun for example_params_trigger_ui to None, run_after=None
[2026-07-01T09:14:11.408+0000] {processor.py:208} INFO - Processing /home/airflow/.local/lib/python3.12/site-packages/airflow/example_dags/example_params_trigger_ui.py took 0.069 seconds
[2026-07-01T09:14:41.563+0000] {processor.py:186} INFO - Started process (PID=688) to work on /home/airflow/.local/lib/python3.12/site-packages/airflow/example_dags/example_params_trigger_ui.py
[2026-07-01T09:14:41.564+0000] {processor.py:914} INFO - Processing file /home/airflow/.local/lib/python3.12/site-packages/airflow/example_dags/example_params_trigger_ui.py for tasks to queue
[2026-07-01T09:14:41.566+0000] {logging_mixin.py:190} INFO - [2026-07-01T09:14:41.565+0000] {dagbag.py:587} INFO - Filling up the DagBag from /home/airflow/.local/lib/python3.12/site-packages/airflow/example_dags/example_params_trigger_ui.py
[2026-07-01T09:14:41.573+0000] {processor.py:925} INFO - DAG(s) 'example_params_trigger_ui' retrieved from /home/airflow/.local/lib/python3.12/site-packages/airflow/example_dags/example_params_trigger_ui.py
[2026-07-01T09:14:41.600+0000] {logging_mixin.py:190} INFO - [2026-07-01T09:14:41.600+0000] {dag.py:3211} INFO - Sync 1 DAGs
[2026-07-01T09:14:41.609+0000] {logging_mixin.py:190} INFO - [2026-07-01T09:14:41.609+0000] {dag.py:4138} INFO - Setting next_dagrun for example_params_trigger_ui to None, run_after=None
[2026-07-01T09:14:41.622+0000] {processor.py:208} INFO - Processing /home/airflow/.local/lib/python3.12/site-packages/airflow/example_dags/example_params_trigger_ui.py took 0.063 seconds
[2026-07-01T09:15:12.512+0000] {processor.py:186} INFO - Started process (PID=750) to work on /home/airflow/.local/lib/python3.12/site-packages/airflow/example_dags/example_params_trigger_ui.py
[2026-07-01T09:15:12.513+0000] {processor.py:914} INFO - Processing file /home/airflow/.local/lib/python3.12/site-packages/airflow/example_dags/example_params_trigger_ui.py for tasks to queue
[2026-07-01T09:15:12.515+0000] {logging_mixin.py:190} INFO - [2026-07-01T09:15:12.515+0000] {dagbag.py:587} INFO - Filling up the DagBag from /home/airflow/.local/lib/python3.12/site-packages/airflow/example_dags/example_params_trigger_ui.py
[2026-07-01T09:15:12.523+0000] {processor.py:925} INFO - DAG(s) 'example_params_trigger_ui' retrieved from /home/airflow/.local/lib/python3.12/site-packages/airflow/example_dags/example_params_trigger_ui.py
[2026-07-01T09:15:12.548+0000] {logging_mixin.py:190} INFO - [2026-07-01T09:15:12.548+0000] {dag.py:3211} INFO - Sync 1 DAGs
[2026-07-01T09:15:12.557+0000] {logging_mixin.py:190} INFO - [2026-07-01T09:15:12.557+0000] {dag.py:4138} INFO - Setting next_dagrun for example_params_trigger_ui to None, run_after=None
[2026-07-01T09:15:12.569+0000] {processor.py:208} INFO - Processing /home/airflow/.local/lib/python3.12/site-packages/airflow/example_dags/example_params_trigger_ui.py took 0.061 seconds
[2026-07-01T09:15:43.400+0000] {processor.py:186} INFO - Started process (PID=812) to work on /home/airflow/.local/lib/python3.12/site-packages/airflow/example_dags/example_params_trigger_ui.py
[2026-07-01T09:15:43.401+0000] {processor.py:914} INFO - Processing file /home/airflow/.local/lib/python3.12/site-packages/airflow/example_dags/example_params_trigger_ui.py for tasks to queue
[2026-07-01T09:15:43.403+0000] {logging_mixin.py:190} INFO - [2026-07-01T09:15:43.403+0000] {dagbag.py:587} INFO - Filling up the DagBag from /home/airflow/.local/lib/python3.12/site-packages/airflow/example_dags/example_params_trigger_ui.py
[2026-07-01T09:15:43.410+0000] {processor.py:925} INFO - DAG(s) 'example_params_trigger_ui' retrieved from /home/airflow/.local/lib/python3.12/site-packages/airflow/example_dags/example_params_trigger_ui.py
[2026-07-01T09:15:43.435+0000] {logging_mixin.py:190} INFO - [2026-07-01T09:15:43.435+0000] {dag.py:3211} INFO - Sync 1 DAGs
[2026-07-01T09:15:43.447+0000] {logging_mixin.py:190} INFO - [2026-07-01T09:15:43.446+0000] {dag.py:4138} INFO - Setting next_dagrun for example_params_trigger_ui to None, run_after=None
[2026-07-01T09:15:43.460+0000] {processor.py:208} INFO - Processing /home/airflow/.local/lib/python3.12/site-packages/airflow/example_dags/example_params_trigger_ui.py took 0.065 seconds
[2026-07-01T09:16:13.589+0000] {processor.py:186} INFO - Started process (PID=874) to work on /home/airflow/.local/lib/python3.12/site-packages/airflow/example_dags/example_params_trigger_ui.py
[2026-07-01T09:16:13.590+0000] {processor.py:914} INFO - Processing file /home/airflow/.local/lib/python3.12/site-packages/airflow/example_dags/example_params_trigger_ui.py for tasks to queue
[2026-07-01T09:16:13.593+0000] {logging_mixin.py:190} INFO - [2026-07-01T09:16:13.592+0000] {dagbag.py:587} INFO - Filling up the DagBag from /home/airflow/.local/lib/python3.12/site-packages/airflow/example_dags/example_params_trigger_ui.py
[2026-07-01T09:16:13.601+0000] {processor.py:925} INFO - DAG(s) 'example_params_trigger_ui' retrieved from /home/airflow/.local/lib/python3.12/site-packages/airflow/example_dags/example_params_trigger_ui.py
[2026-07-01T09:16:13.628+0000] {logging_mixin.py:190} INFO - [2026-07-01T09:16:13.628+0000] {dag.py:3211} INFO - Sync 1 DAGs
[2026-07-01T09:16:13.638+0000] {logging_mixin.py:190} INFO - [2026-07-01T09:16:13.638+0000] {dag.py:4138} INFO - Setting next_dagrun for example_params_trigger_ui to None, run_after=None
[2026-07-01T09:16:13.653+0000] {processor.py:208} INFO - Processing /home/airflow/.local/lib/python3.12/site-packages/airflow/example_dags/example_params_trigger_ui.py took 0.067 seconds
[2026-07-01T09:16:43.702+0000] {processor.py:186} INFO - Started process (PID=936) to work on /home/airflow/.local/lib/python3.12/site-packages/airflow/example_dags/example_params_trigger_ui.py
[2026-07-01T09:16:43.703+0000] {processor.py:914} INFO - Processing file /home/airflow/.local/lib/python3.12/site-packages/airflow/example_dags/example_params_trigger_ui.py for tasks to queue
[2026-07-01T09:16:43.705+0000] {logging_mixin.py:190} INFO - [2026-07-01T09:16:43.705+0000] {dagbag.py:587} INFO - Filling up the DagBag from /home/airflow/.local/lib/python3.12/site-packages/airflow/example_dags/example_params_trigger_ui.py
[2026-07-01T09:16:43.713+0000] {processor.py:925} INFO - DAG(s) 'example_params_trigger_ui' retrieved from /home/airflow/.local/lib/python3.12/site-packages/airflow/example_dags/example_params_trigger_ui.py
[2026-07-01T09:16:43.742+0000] {logging_mixin.py:190} INFO - [2026-07-01T09:16:43.741+0000] {dag.py:3211} INFO - Sync 1 DAGs
[2026-07-01T09:16:43.753+0000] {logging_mixin.py:190} INFO - [2026-07-01T09:16:43.753+0000] {dag.py:4138} INFO - Setting next_dagrun for example_params_trigger_ui to None, run_after=None
[2026-07-01T09:16:43.769+0000] {processor.py:208} INFO - Processing /home/airflow/.local/lib/python3.12/site-packages/airflow/example_dags/example_params_trigger_ui.py took 0.072 seconds
[2026-07-01T09:17:13.940+0000] {processor.py:186} INFO - Started process (PID=998) to work on /home/airflow/.local/lib/python3.12/site-packages/airflow/example_dags/example_params_trigger_ui.py
[2026-07-01T09:17:13.941+0000] {processor.py:914} INFO - Processing file /home/airflow/.local/lib/python3.12/site-packages/airflow/example_dags/example_params_trigger_ui.py for tasks to queue
[2026-07-01T09:17:13.944+0000] {logging_mixin.py:190} INFO - [2026-07-01T09:17:13.943+0000] {dagbag.py:587} INFO - Filling up the DagBag from /home/airflow/.local/lib/python3.12/site-packages/airflow/example_dags/example_params_trigger_ui.py
[2026-07-01T09:17:13.953+0000] {processor.py:925} INFO - DAG(s) 'example_params_trigger_ui' retrieved from /home/airflow/.local/lib/python3.12/site-packages/airflow/example_dags/example_params_trigger_ui.py
[2026-07-01T09:17:13.981+0000] {logging_mixin.py:190} INFO - [2026-07-01T09:17:13.981+0000] {dag.py:3211} INFO - Sync 1 DAGs
[2026-07-01T09:17:13.995+0000] {logging_mixin.py:190} INFO - [2026-07-01T09:17:13.994+0000] {dag.py:4138} INFO - Setting next_dagrun for example_params_trigger_ui to None, run_after=None
[2026-07-01T09:17:14.012+0000] {processor.py:208} INFO - Processing /home/airflow/.local/lib/python3.12/site-packages/airflow/example_dags/example_params_trigger_ui.py took 0.076 seconds
[2026-07-01T09:17:44.500+0000] {processor.py:186} INFO - Started process (PID=1060) to work on /home/airflow/.local/lib/python3.12/site-packages/airflow/example_dags/example_params_trigger_ui.py
[2026-07-01T09:17:44.501+0000] {processor.py:914} INFO - Processing file /home/airflow/.local/lib/python3.12/site-packages/airflow/example_dags/example_params_trigger_ui.py for tasks to queue
[2026-07-01T09:17:44.502+0000] {logging_mixin.py:190} INFO - [2026-07-01T09:17:44.502+0000] {dagbag.py:587} INFO - Filling up the DagBag from /home/airflow/.local/lib/python3.12/site-packages/airflow/example_dags/example_params_trigger_ui.py
[2026-07-01T09:17:44.510+0000] {processor.py:925} INFO - DAG(s) 'example_params_trigger_ui' retrieved from /home/airflow/.local/lib/python3.12/site-packages/airflow/example_dags/example_params_trigger_ui.py
[2026-07-01T09:17:44.535+0000] {logging_mixin.py:190} INFO - [2026-07-01T09:17:44.534+0000] {dag.py:3211} INFO - Sync 1 DAGs
[2026-07-01T09:17:44.544+0000] {logging_mixin.py:190} INFO - [2026-07-01T09:17:44.543+0000] {dag.py:4138} INFO - Setting next_dagrun for example_params_trigger_ui to None, run_after=None
[2026-07-01T09:17:44.555+0000] {processor.py:208} INFO - Processing /home/airflow/.local/lib/python3.12/site-packages/airflow/example_dags/example_params_trigger_ui.py took 0.059 seconds
[2026-07-01T09:18:14.605+0000] {processor.py:186} INFO - Started process (PID=1122) to work on /home/airflow/.local/lib/python3.12/site-packages/airflow/example_dags/example_params_trigger_ui.py
[2026-07-01T09:18:14.606+0000] {processor.py:914} INFO - Processing file /home/airflow/.local/lib/python3.12/site-packages/airflow/example_dags/example_params_trigger_ui.py for tasks to queue
[2026-07-01T09:18:14.608+0000] {logging_mixin.py:190} INFO - [2026-07-01T09:18:14.608+0000] {dagbag.py:587} INFO - Filling up the DagBag from /home/airflow/.local/lib/python3.12/site-packages/airflow/example_dags/example_params_trigger_ui.py
[2026-07-01T09:18:14.616+0000] {processor.py:925} INFO - DAG(s) 'example_params_trigger_ui' retrieved from /home/airflow/.local/lib/python3.12/site-packages/airflow/example_dags/example_params_trigger_ui.py
[2026-07-01T09:18:14.640+0000] {logging_mixin.py:190} INFO - [2026-07-01T09:18:14.640+0000] {dag.py:3211} INFO - Sync 1 DAGs
[2026-07-01T09:18:14.650+0000] {logging_mixin.py:190} INFO - [2026-07-01T09:18:14.650+0000] {dag.py:4138} INFO - Setting next_dagrun for example_params_trigger_ui to None, run_after=None
[2026-07-01T09:18:14.663+0000] {processor.py:208} INFO - Processing /home/airflow/.local/lib/python3.12/site-packages/airflow/example_dags/example_params_trigger_ui.py took 0.063 seconds
[2026-07-01T09:18:45.098+0000] {processor.py:186} INFO - Started process (PID=1184) to work on /home/airflow/.local/lib/python3.12/site-packages/airflow/example_dags/example_params_trigger_ui.py
[2026-07-01T09:18:45.099+0000] {processor.py:914} INFO - Processing file /home/airflow/.local/lib/python3.12/site-packages/airflow/example_dags/example_params_trigger_ui.py for tasks to queue
[2026-07-01T09:18:45.101+0000] {logging_mixin.py:190} INFO - [2026-07-01T09:18:45.101+0000] {dagbag.py:587} INFO - Filling up the DagBag from /home/airflow/.local/lib/python3.12/site-packages/airflow/example_dags/example_params_trigger_ui.py
[2026-07-01T09:18:45.109+0000] {processor.py:925} INFO - DAG(s) 'example_params_trigger_ui' retrieved from /home/airflow/.local/lib/python3.12/site-packages/airflow/example_dags/example_params_trigger_ui.py
[2026-07-01T09:18:45.139+0000] {logging_mixin.py:190} INFO - [2026-07-01T09:18:45.139+0000] {dag.py:3211} INFO - Sync 1 DAGs
[2026-07-01T09:18:45.150+0000] {logging_mixin.py:190} INFO - [2026-07-01T09:18:45.150+0000] {dag.py:4138} INFO - Setting next_dagrun for example_params_trigger_ui to None, run_after=None
[2026-07-01T09:18:45.165+0000] {processor.py:208} INFO - Processing /home/airflow/.local/lib/python3.12/site-packages/airflow/example_dags/example_params_trigger_ui.py took 0.071 seconds
[2026-07-01T09:19:16.018+0000] {processor.py:186} INFO - Started process (PID=1246) to work on /home/airflow/.local/lib/python3.12/site-packages/airflow/example_dags/example_params_trigger_ui.py
[2026-07-01T09:19:16.018+0000] {processor.py:914} INFO - Processing file /home/airflow/.local/lib/python3.12/site-packages/airflow/example_dags/example_params_trigger_ui.py for tasks to queue
[2026-07-01T09:19:16.020+0000] {logging_mixin.py:190} INFO - [2026-07-01T09:19:16.020+0000] {dagbag.py:587} INFO - Filling up the DagBag from /home/airflow/.local/lib/python3.12/site-packages/airflow/example_dags/example_params_trigger_ui.py
[2026-07-01T09:19:16.030+0000] {processor.py:925} INFO - DAG(s) 'example_params_trigger_ui' retrieved from /home/airflow/.local/lib/python3.12/site-packages/airflow/example_dags/example_params_trigger_ui.py
[2026-07-01T09:19:16.056+0000] {logging_mixin.py:190} INFO - [2026-07-01T09:19:16.056+0000] {dag.py:3211} INFO - Sync 1 DAGs
[2026-07-01T09:19:16.066+0000] {logging_mixin.py:190} INFO - [2026-07-01T09:19:16.065+0000] {dag.py:4138} INFO - Setting next_dagrun for example_params_trigger_ui to None, run_after=None
[2026-07-01T09:19:16.080+0000] {processor.py:208} INFO - Processing /home/airflow/.local/lib/python3.12/site-packages/airflow/example_dags/example_params_trigger_ui.py took 0.066 seconds
[2026-07-01T09:19:46.685+0000] {processor.py:186} INFO - Started process (PID=1308) to work on /home/airflow/.local/lib/python3.12/site-packages/airflow/example_dags/example_params_trigger_ui.py
[2026-07-01T09:19:46.686+0000] {processor.py:914} INFO - Processing file /home/airflow/.local/lib/python3.12/site-packages/airflow/example_dags/example_params_trigger_ui.py for tasks to queue
[2026-07-01T09:19:46.687+0000] {logging_mixin.py:190} INFO - [2026-07-01T09:19:46.687+0000] {dagbag.py:587} INFO - Filling up the DagBag from /home/airflow/.local/lib/python3.12/site-packages/airflow/example_dags/example_params_trigger_ui.py
[2026-07-01T09:19:46.695+0000] {processor.py:925} INFO - DAG(s) 'example_params_trigger_ui' retrieved from /home/airflow/.local/lib/python3.12/site-packages/airflow/example_dags/example_params_trigger_ui.py
[2026-07-01T09:19:46.721+0000] {logging_mixin.py:190} INFO - [2026-07-01T09:19:46.720+0000] {dag.py:3211} INFO - Sync 1 DAGs
[2026-07-01T09:19:46.730+0000] {logging_mixin.py:190} INFO - [2026-07-01T09:19:46.730+0000] {dag.py:4138} INFO - Setting next_dagrun for example_params_trigger_ui to None, run_after=None
[2026-07-01T09:19:46.743+0000] {processor.py:208} INFO - Processing /home/airflow/.local/lib/python3.12/site-packages/airflow/example_dags/example_params_trigger_ui.py took 0.062 seconds
[2026-07-01T09:20:17.377+0000] {processor.py:186} INFO - Started process (PID=1370) to work on /home/airflow/.local/lib/python3.12/site-packages/airflow/example_dags/example_params_trigger_ui.py
[2026-07-01T09:20:17.379+0000] {processor.py:914} INFO - Processing file /home/airflow/.local/lib/python3.12/site-packages/airflow/example_dags/example_params_trigger_ui.py for tasks to queue
[2026-07-01T09:20:17.381+0000] {logging_mixin.py:190} INFO - [2026-07-01T09:20:17.380+0000] {dagbag.py:587} INFO - Filling up the DagBag from /home/airflow/.local/lib/python3.12/site-packages/airflow/example_dags/example_params_trigger_ui.py
[2026-07-01T09:20:17.389+0000] {processor.py:925} INFO - DAG(s) 'example_params_trigger_ui' retrieved from /home/airflow/.local/lib/python3.12/site-packages/airflow/example_dags/example_params_trigger_ui.py
[2026-07-01T09:20:17.416+0000] {logging_mixin.py:190} INFO - [2026-07-01T09:20:17.416+0000] {dag.py:3211} INFO - Sync 1 DAGs
[2026-07-01T09:20:17.426+0000] {logging_mixin.py:190} INFO - [2026-07-01T09:20:17.426+0000] {dag.py:4138} INFO - Setting next_dagrun for example_params_trigger_ui to None, run_after=None
[2026-07-01T09:20:17.439+0000] {processor.py:208} INFO - Processing /home/airflow/.local/lib/python3.12/site-packages/airflow/example_dags/example_params_trigger_ui.py took 0.066 seconds
[2026-07-01T09:20:48.256+0000] {processor.py:186} INFO - Started process (PID=1432) to work on /home/airflow/.local/lib/python3.12/site-packages/airflow/example_dags/example_params_trigger_ui.py
[2026-07-01T09:20:48.257+0000] {processor.py:914} INFO - Processing file /home/airflow/.local/lib/python3.12/site-packages/airflow/example_dags/example_params_trigger_ui.py for tasks to queue
[2026-07-01T09:20:48.261+0000] {logging_mixin.py:190} INFO - [2026-07-01T09:20:48.261+0000] {dagbag.py:587} INFO - Filling up the DagBag from /home/airflow/.local/lib/python3.12/site-packages/airflow/example_dags/example_params_trigger_ui.py
[2026-07-01T09:20:48.269+0000] {processor.py:925} INFO - DAG(s) 'example_params_trigger_ui' retrieved from /home/airflow/.local/lib/python3.12/site-packages/airflow/example_dags/example_params_trigger_ui.py
[2026-07-01T09:20:48.293+0000] {logging_mixin.py:190} INFO - [2026-07-01T09:20:48.293+0000] {dag.py:3211} INFO - Sync 1 DAGs
[2026-07-01T09:20:48.302+0000] {logging_mixin.py:190} INFO - [2026-07-01T09:20:48.302+0000] {dag.py:4138} INFO - Setting next_dagrun for example_params_trigger_ui to None, run_after=None
[2026-07-01T09:20:48.317+0000] {processor.py:208} INFO - Processing /home/airflow/.local/lib/python3.12/site-packages/airflow/example_dags/example_params_trigger_ui.py took 0.065 seconds
[2026-07-01T09:21:19.209+0000] {processor.py:186} INFO - Started process (PID=1494) to work on /home/airflow/.local/lib/python3.12/site-packages/airflow/example_dags/example_params_trigger_ui.py
[2026-07-01T09:21:19.211+0000] {processor.py:914} INFO - Processing file /home/airflow/.local/lib/python3.12/site-packages/airflow/example_dags/example_params_trigger_ui.py for tasks to queue
[2026-07-01T09:21:19.214+0000] {logging_mixin.py:190} INFO - [2026-07-01T09:21:19.214+0000] {dagbag.py:587} INFO - Filling up the DagBag from /home/airflow/.local/lib/python3.12/site-packages/airflow/example_dags/example_params_trigger_ui.py
[2026-07-01T09:21:19.226+0000] {processor.py:925} INFO - DAG(s) 'example_params_trigger_ui' retrieved from /home/airflow/.local/lib/python3.12/site-packages/airflow/example_dags/example_params_trigger_ui.py
[2026-07-01T09:21:19.261+0000] {logging_mixin.py:190} INFO - [2026-07-01T09:21:19.260+0000] {dag.py:3211} INFO - Sync 1 DAGs
[2026-07-01T09:21:19.272+0000] {logging_mixin.py:190} INFO - [2026-07-01T09:21:19.272+0000] {dag.py:4138} INFO - Setting next_dagrun for example_params_trigger_ui to None, run_after=None
[2026-07-01T09:21:19.287+0000] {processor.py:208} INFO - Processing /home/airflow/.local/lib/python3.12/site-packages/airflow/example_dags/example_params_trigger_ui.py took 0.084 seconds
[2026-07-01T09:21:49.422+0000] {processor.py:186} INFO - Started process (PID=1556) to work on /home/airflow/.local/lib/python3.12/site-packages/airflow/example_dags/example_params_trigger_ui.py
[2026-07-01T09:21:49.423+0000] {processor.py:914} INFO - Processing file /home/airflow/.local/lib/python3.12/site-packages/airflow/example_dags/example_params_trigger_ui.py for tasks to queue
[2026-07-01T09:21:49.425+0000] {logging_mixin.py:190} INFO - [2026-07-01T09:21:49.425+0000] {dagbag.py:587} INFO - Filling up the DagBag from /home/airflow/.local/lib/python3.12/site-packages/airflow/example_dags/example_params_trigger_ui.py
[2026-07-01T09:21:49.434+0000] {processor.py:925} INFO - DAG(s) 'example_params_trigger_ui' retrieved from /home/airflow/.local/lib/python3.12/site-packages/airflow/example_dags/example_params_trigger_ui.py
[2026-07-01T09:21:49.462+0000] {logging_mixin.py:190} INFO - [2026-07-01T09:21:49.462+0000] {dag.py:3211} INFO - Sync 1 DAGs
[2026-07-01T09:21:49.472+0000] {logging_mixin.py:190} INFO - [2026-07-01T09:21:49.472+0000] {dag.py:4138} INFO - Setting next_dagrun for example_params_trigger_ui to None, run_after=None
[2026-07-01T09:21:49.485+0000] {processor.py:208} INFO - Processing /home/airflow/.local/lib/python3.12/site-packages/airflow/example_dags/example_params_trigger_ui.py took 0.068 seconds
[2026-07-01T09:22:19.848+0000] {processor.py:186} INFO - Started process (PID=1618) to work on /home/airflow/.local/lib/python3.12/site-packages/airflow/example_dags/example_params_trigger_ui.py
[2026-07-01T09:22:19.849+0000] {processor.py:914} INFO - Processing file /home/airflow/.local/lib/python3.12/site-packages/airflow/example_dags/example_params_trigger_ui.py for tasks to queue
[2026-07-01T09:22:19.851+0000] {logging_mixin.py:190} INFO - [2026-07-01T09:22:19.850+0000] {dagbag.py:587} INFO - Filling up the DagBag from /home/airflow/.local/lib/python3.12/site-packages/airflow/example_dags/example_params_trigger_ui.py
[2026-07-01T09:22:19.857+0000] {processor.py:925} INFO - DAG(s) 'example_params_trigger_ui' retrieved from /home/airflow/.local/lib/python3.12/site-packages/airflow/example_dags/example_params_trigger_ui.py
[2026-07-01T09:22:19.881+0000] {logging_mixin.py:190} INFO - [2026-07-01T09:22:19.881+0000] {dag.py:3211} INFO - Sync 1 DAGs
[2026-07-01T09:22:19.890+0000] {logging_mixin.py:190} INFO - [2026-07-01T09:22:19.889+0000] {dag.py:4138} INFO - Setting next_dagrun for example_params_trigger_ui to None, run_after=None
[2026-07-01T09:22:19.901+0000] {processor.py:208} INFO - Processing /home/airflow/.local/lib/python3.12/site-packages/airflow/example_dags/example_params_trigger_ui.py took 0.057 seconds
[2026-07-01T09:22:49.966+0000] {processor.py:186} INFO - Started process (PID=1680) to work on /home/airflow/.local/lib/python3.12/site-packages/airflow/example_dags/example_params_trigger_ui.py
[2026-07-01T09:22:49.967+0000] {processor.py:914} INFO - Processing file /home/airflow/.local/lib/python3.12/site-packages/airflow/example_dags/example_params_trigger_ui.py for tasks to queue
[2026-07-01T09:22:49.968+0000] {logging_mixin.py:190} INFO - [2026-07-01T09:22:49.968+0000] {dagbag.py:587} INFO - Filling up the DagBag from /home/airflow/.local/lib/python3.12/site-packages/airflow/example_dags/example_params_trigger_ui.py
[2026-07-01T09:22:49.976+0000] {processor.py:925} INFO - DAG(s) 'example_params_trigger_ui' retrieved from /home/airflow/.local/lib/python3.12/site-packages/airflow/example_dags/example_params_trigger_ui.py
[2026-07-01T09:22:50.001+0000] {logging_mixin.py:190} INFO - [2026-07-01T09:22:50.001+0000] {dag.py:3211} INFO - Sync 1 DAGs
[2026-07-01T09:22:50.012+0000] {logging_mixin.py:190} INFO - [2026-07-01T09:22:50.012+0000] {dag.py:4138} INFO - Setting next_dagrun for example_params_trigger_ui to None, run_after=None
[2026-07-01T09:22:50.026+0000] {processor.py:208} INFO - Processing /home/airflow/.local/lib/python3.12/site-packages/airflow/example_dags/example_params_trigger_ui.py took 0.064 seconds
[2026-07-01T09:23:21.022+0000] {processor.py:186} INFO - Started process (PID=1742) to work on /home/airflow/.local/lib/python3.12/site-packages/airflow/example_dags/example_params_trigger_ui.py
[2026-07-01T09:23:21.023+0000] {processor.py:914} INFO - Processing file /home/airflow/.local/lib/python3.12/site-packages/airflow/example_dags/example_params_trigger_ui.py for tasks to queue
[2026-07-01T09:23:21.024+0000] {logging_mixin.py:190} INFO - [2026-07-01T09:23:21.024+0000] {dagbag.py:587} INFO - Filling up the DagBag from /home/airflow/.local/lib/python3.12/site-packages/airflow/example_dags/example_params_trigger_ui.py
[2026-07-01T09:23:21.032+0000] {processor.py:925} INFO - DAG(s) 'example_params_trigger_ui' retrieved from /home/airflow/.local/lib/python3.12/site-packages/airflow/example_dags/example_params_trigger_ui.py
[2026-07-01T09:23:21.056+0000] {logging_mixin.py:190} INFO - [2026-07-01T09:23:21.055+0000] {dag.py:3211} INFO - Sync 1 DAGs
[2026-07-01T09:23:21.067+0000] {logging_mixin.py:190} INFO - [2026-07-01T09:23:21.067+0000] {dag.py:4138} INFO - Setting next_dagrun for example_params_trigger_ui to None, run_after=None
[2026-07-01T09:23:21.081+0000] {processor.py:208} INFO - Processing /home/airflow/.local/lib/python3.12/site-packages/airflow/example_dags/example_params_trigger_ui.py took 0.064 seconds
[2026-07-01T09:23:51.553+0000] {processor.py:186} INFO - Started process (PID=1804) to work on /home/airflow/.local/lib/python3.12/site-packages/airflow/example_dags/example_params_trigger_ui.py
[2026-07-01T09:23:51.554+0000] {processor.py:914} INFO - Processing file /home/airflow/.local/lib/python3.12/site-packages/airflow/example_dags/example_params_trigger_ui.py for tasks to queue
[2026-07-01T09:23:51.556+0000] {logging_mixin.py:190} INFO - [2026-07-01T09:23:51.556+0000] {dagbag.py:587} INFO - Filling up the DagBag from /home/airflow/.local/lib/python3.12/site-packages/airflow/example_dags/example_params_trigger_ui.py
[2026-07-01T09:23:51.564+0000] {processor.py:925} INFO - DAG(s) 'example_params_trigger_ui' retrieved from /home/airflow/.local/lib/python3.12/site-packages/airflow/example_dags/example_params_trigger_ui.py
[2026-07-01T09:23:51.588+0000] {logging_mixin.py:190} INFO - [2026-07-01T09:23:51.588+0000] {dag.py:3211} INFO - Sync 1 DAGs
[2026-07-01T09:23:51.598+0000] {logging_mixin.py:190} INFO - [2026-07-01T09:23:51.597+0000] {dag.py:4138} INFO - Setting next_dagrun for example_params_trigger_ui to None, run_after=None
[2026-07-01T09:23:51.610+0000] {processor.py:208} INFO - Processing /home/airflow/.local/lib/python3.12/site-packages/airflow/example_dags/example_params_trigger_ui.py took 0.061 seconds
[2026-07-01T09:24:21.788+0000] {processor.py:186} INFO - Started process (PID=1866) to work on /home/airflow/.local/lib/python3.12/site-packages/airflow/example_dags/example_params_trigger_ui.py
[2026-07-01T09:24:21.789+0000] {processor.py:914} INFO - Processing file /home/airflow/.local/lib/python3.12/site-packages/airflow/example_dags/example_params_trigger_ui.py for tasks to queue
[2026-07-01T09:24:21.791+0000] {logging_mixin.py:190} INFO - [2026-07-01T09:24:21.791+0000] {dagbag.py:587} INFO - Filling up the DagBag from /home/airflow/.local/lib/python3.12/site-packages/airflow/example_dags/example_params_trigger_ui.py
[2026-07-01T09:24:21.798+0000] {processor.py:925} INFO - DAG(s) 'example_params_trigger_ui' retrieved from /home/airflow/.local/lib/python3.12/site-packages/airflow/example_dags/example_params_trigger_ui.py
[2026-07-01T09:24:21.823+0000] {logging_mixin.py:190} INFO - [2026-07-01T09:24:21.823+0000] {dag.py:3211} INFO - Sync 1 DAGs
[2026-07-01T09:24:21.833+0000] {logging_mixin.py:190} INFO - [2026-07-01T09:24:21.832+0000] {dag.py:4138} INFO - Setting next_dagrun for example_params_trigger_ui to None, run_after=None
[2026-07-01T09:24:21.844+0000] {processor.py:208} INFO - Processing /home/airflow/.local/lib/python3.12/site-packages/airflow/example_dags/example_params_trigger_ui.py took 0.060 seconds
[2026-07-01T09:24:51.984+0000] {processor.py:186} INFO - Started process (PID=1928) to work on /home/airflow/.local/lib/python3.12/site-packages/airflow/example_dags/example_params_trigger_ui.py
[2026-07-01T09:24:51.986+0000] {processor.py:914} INFO - Processing file /home/airflow/.local/lib/python3.12/site-packages/airflow/example_dags/example_params_trigger_ui.py for tasks to queue
[2026-07-01T09:24:51.989+0000] {logging_mixin.py:190} INFO - [2026-07-01T09:24:51.989+0000] {dagbag.py:587} INFO - Filling up the DagBag from /home/airflow/.local/lib/python3.12/site-packages/airflow/example_dags/example_params_trigger_ui.py
[2026-07-01T09:24:51.996+0000] {processor.py:925} INFO - DAG(s) 'example_params_trigger_ui' retrieved from /home/airflow/.local/lib/python3.12/site-packages/airflow/example_dags/example_params_trigger_ui.py
[2026-07-01T09:24:52.024+0000] {logging_mixin.py:190} INFO - [2026-07-01T09:24:52.024+0000] {dag.py:3211} INFO - Sync 1 DAGs
[2026-07-01T09:24:52.033+0000] {logging_mixin.py:190} INFO - [2026-07-01T09:24:52.033+0000] {dag.py:4138} INFO - Setting next_dagrun for example_params_trigger_ui to None, run_after=None
[2026-07-01T09:24:52.044+0000] {processor.py:208} INFO - Processing /home/airflow/.local/lib/python3.12/site-packages/airflow/example_dags/example_params_trigger_ui.py took 0.064 seconds
[2026-07-01T09:25:22.097+0000] {processor.py:186} INFO - Started process (PID=1990) to work on /home/airflow/.local/lib/python3.12/site-packages/airflow/example_dags/example_params_trigger_ui.py
[2026-07-01T09:25:22.098+0000] {processor.py:914} INFO - Processing file /home/airflow/.local/lib/python3.12/site-packages/airflow/example_dags/example_params_trigger_ui.py for tasks to queue
[2026-07-01T09:25:22.100+0000] {logging_mixin.py:190} INFO - [2026-07-01T09:25:22.099+0000] {dagbag.py:587} INFO - Filling up the DagBag from /home/airflow/.local/lib/python3.12/site-packages/airflow/example_dags/example_params_trigger_ui.py
[2026-07-01T09:25:22.107+0000] {processor.py:925} INFO - DAG(s) 'example_params_trigger_ui' retrieved from /home/airflow/.local/lib/python3.12/site-packages/airflow/example_dags/example_params_trigger_ui.py
[2026-07-01T09:25:22.133+0000] {logging_mixin.py:190} INFO - [2026-07-01T09:25:22.133+0000] {dag.py:3211} INFO - Sync 1 DAGs
[2026-07-01T09:25:22.141+0000] {logging_mixin.py:190} INFO - [2026-07-01T09:25:22.141+0000] {dag.py:4138} INFO - Setting next_dagrun for example_params_trigger_ui to None, run_after=None
[2026-07-01T09:25:22.154+0000] {processor.py:208} INFO - Processing /home/airflow/.local/lib/python3.12/site-packages/airflow/example_dags/example_params_trigger_ui.py took 0.061 seconds
[2026-07-01T09:30:06.590+0000] {processor.py:186} INFO - Started process (PID=2046) to work on /home/airflow/.local/lib/python3.12/site-packages/airflow/example_dags/example_params_trigger_ui.py
[2026-07-01T09:30:06.591+0000] {processor.py:914} INFO - Processing file /home/airflow/.local/lib/python3.12/site-packages/airflow/example_dags/example_params_trigger_ui.py for tasks to queue
[2026-07-01T09:30:06.594+0000] {logging_mixin.py:190} INFO - [2026-07-01T09:30:06.593+0000] {dagbag.py:587} INFO - Filling up the DagBag from /home/airflow/.local/lib/python3.12/site-packages/airflow/example_dags/example_params_trigger_ui.py
[2026-07-01T09:30:06.602+0000] {processor.py:925} INFO - DAG(s) 'example_params_trigger_ui' retrieved from /home/airflow/.local/lib/python3.12/site-packages/airflow/example_dags/example_params_trigger_ui.py
[2026-07-01T09:30:06.632+0000] {logging_mixin.py:190} INFO - [2026-07-01T09:30:06.632+0000] {dag.py:3211} INFO - Sync 1 DAGs
[2026-07-01T09:30:06.642+0000] {logging_mixin.py:190} INFO - [2026-07-01T09:30:06.642+0000] {dag.py:4138} INFO - Setting next_dagrun for example_params_trigger_ui to None, run_after=None
[2026-07-01T09:30:06.655+0000] {processor.py:208} INFO - Processing /home/airflow/.local/lib/python3.12/site-packages/airflow/example_dags/example_params_trigger_ui.py took 0.070 seconds
[2026-07-01T09:30:37.442+0000] {processor.py:186} INFO - Started process (PID=2108) to work on /home/airflow/.local/lib/python3.12/site-packages/airflow/example_dags/example_params_trigger_ui.py
[2026-07-01T09:30:37.444+0000] {processor.py:914} INFO - Processing file /home/airflow/.local/lib/python3.12/site-packages/airflow/example_dags/example_params_trigger_ui.py for tasks to queue
[2026-07-01T09:30:37.446+0000] {logging_mixin.py:190} INFO - [2026-07-01T09:30:37.446+0000] {dagbag.py:587} INFO - Filling up the DagBag from /home/airflow/.local/lib/python3.12/site-packages/airflow/example_dags/example_params_trigger_ui.py
[2026-07-01T09:30:37.456+0000] {processor.py:925} INFO - DAG(s) 'example_params_trigger_ui' retrieved from /home/airflow/.local/lib/python3.12/site-packages/airflow/example_dags/example_params_trigger_ui.py
[2026-07-01T09:30:37.488+0000] {logging_mixin.py:190} INFO - [2026-07-01T09:30:37.488+0000] {dag.py:3211} INFO - Sync 1 DAGs
[2026-07-01T09:30:37.498+0000] {logging_mixin.py:190} INFO - [2026-07-01T09:30:37.498+0000] {dag.py:4138} INFO - Setting next_dagrun for example_params_trigger_ui to None, run_after=None
[2026-07-01T09:30:37.516+0000] {processor.py:208} INFO - Processing /home/airflow/.local/lib/python3.12/site-packages/airflow/example_dags/example_params_trigger_ui.py took 0.079 seconds
[2026-07-01T09:31:07.825+0000] {processor.py:186} INFO - Started process (PID=2170) to work on /home/airflow/.local/lib/python3.12/site-packages/airflow/example_dags/example_params_trigger_ui.py
[2026-07-01T09:31:07.826+0000] {processor.py:914} INFO - Processing file /home/airflow/.local/lib/python3.12/site-packages/airflow/example_dags/example_params_trigger_ui.py for tasks to queue
[2026-07-01T09:31:07.828+0000] {logging_mixin.py:190} INFO - [2026-07-01T09:31:07.828+0000] {dagbag.py:587} INFO - Filling up the DagBag from /home/airflow/.local/lib/python3.12/site-packages/airflow/example_dags/example_params_trigger_ui.py
[2026-07-01T09:31:07.835+0000] {processor.py:925} INFO - DAG(s) 'example_params_trigger_ui' retrieved from /home/airflow/.local/lib/python3.12/site-packages/airflow/example_dags/example_params_trigger_ui.py
[2026-07-01T09:31:07.861+0000] {logging_mixin.py:190} INFO - [2026-07-01T09:31:07.861+0000] {dag.py:3211} INFO - Sync 1 DAGs
[2026-07-01T09:31:07.870+0000] {logging_mixin.py:190} INFO - [2026-07-01T09:31:07.870+0000] {dag.py:4138} INFO - Setting next_dagrun for example_params_trigger_ui to None, run_after=None
[2026-07-01T09:31:07.883+0000] {processor.py:208} INFO - Processing /home/airflow/.local/lib/python3.12/site-packages/airflow/example_dags/example_params_trigger_ui.py took 0.062 seconds
[2026-07-01T09:31:38.245+0000] {processor.py:186} INFO - Started process (PID=2232) to work on /home/airflow/.local/lib/python3.12/site-packages/airflow/example_dags/example_params_trigger_ui.py
[2026-07-01T09:31:38.246+0000] {processor.py:914} INFO - Processing file /home/airflow/.local/lib/python3.12/site-packages/airflow/example_dags/example_params_trigger_ui.py for tasks to queue
[2026-07-01T09:31:38.247+0000] {logging_mixin.py:190} INFO - [2026-07-01T09:31:38.247+0000] {dagbag.py:587} INFO - Filling up the DagBag from /home/airflow/.local/lib/python3.12/site-packages/airflow/example_dags/example_params_trigger_ui.py
[2026-07-01T09:31:38.255+0000] {processor.py:925} INFO - DAG(s) 'example_params_trigger_ui' retrieved from /home/airflow/.local/lib/python3.12/site-packages/airflow/example_dags/example_params_trigger_ui.py
[2026-07-01T09:31:38.282+0000] {logging_mixin.py:190} INFO - [2026-07-01T09:31:38.281+0000] {dag.py:3211} INFO - Sync 1 DAGs
[2026-07-01T09:31:38.293+0000] {logging_mixin.py:190} INFO - [2026-07-01T09:31:38.293+0000] {dag.py:4138} INFO - Setting next_dagrun for example_params_trigger_ui to None, run_after=None
[2026-07-01T09:31:38.305+0000] {processor.py:208} INFO - Processing /home/airflow/.local/lib/python3.12/site-packages/airflow/example_dags/example_params_trigger_ui.py took 0.065 seconds
[2026-07-01T09:32:08.631+0000] {processor.py:186} INFO - Started process (PID=2294) to work on /home/airflow/.local/lib/python3.12/site-packages/airflow/example_dags/example_params_trigger_ui.py
[2026-07-01T09:32:08.632+0000] {processor.py:914} INFO - Processing file /home/airflow/.local/lib/python3.12/site-packages/airflow/example_dags/example_params_trigger_ui.py for tasks to queue
[2026-07-01T09:32:08.633+0000] {logging_mixin.py:190} INFO - [2026-07-01T09:32:08.633+0000] {dagbag.py:587} INFO - Filling up the DagBag from /home/airflow/.local/lib/python3.12/site-packages/airflow/example_dags/example_params_trigger_ui.py
[2026-07-01T09:32:08.641+0000] {processor.py:925} INFO - DAG(s) 'example_params_trigger_ui' retrieved from /home/airflow/.local/lib/python3.12/site-packages/airflow/example_dags/example_params_trigger_ui.py
[2026-07-01T09:32:08.666+0000] {logging_mixin.py:190} INFO - [2026-07-01T09:32:08.666+0000] {dag.py:3211} INFO - Sync 1 DAGs
[2026-07-01T09:32:08.675+0000] {logging_mixin.py:190} INFO - [2026-07-01T09:32:08.675+0000] {dag.py:4138} INFO - Setting next_dagrun for example_params_trigger_ui to None, run_after=None
[2026-07-01T09:32:08.688+0000] {processor.py:208} INFO - Processing /home/airflow/.local/lib/python3.12/site-packages/airflow/example_dags/example_params_trigger_ui.py took 0.062 seconds
[2026-07-01T09:32:38.915+0000] {processor.py:186} INFO - Started process (PID=2356) to work on /home/airflow/.local/lib/python3.12/site-packages/airflow/example_dags/example_params_trigger_ui.py
[2026-07-01T09:32:38.915+0000] {processor.py:914} INFO - Processing file /home/airflow/.local/lib/python3.12/site-packages/airflow/example_dags/example_params_trigger_ui.py for tasks to queue
[2026-07-01T09:32:38.917+0000] {logging_mixin.py:190} INFO - [2026-07-01T09:32:38.917+0000] {dagbag.py:587} INFO - Filling up the DagBag from /home/airflow/.local/lib/python3.12/site-packages/airflow/example_dags/example_params_trigger_ui.py
[2026-07-01T09:32:38.925+0000] {processor.py:925} INFO - DAG(s) 'example_params_trigger_ui' retrieved from /home/airflow/.local/lib/python3.12/site-packages/airflow/example_dags/example_params_trigger_ui.py
[2026-07-01T09:32:38.950+0000] {logging_mixin.py:190} INFO - [2026-07-01T09:32:38.950+0000] {dag.py:3211} INFO - Sync 1 DAGs
[2026-07-01T09:32:38.959+0000] {logging_mixin.py:190} INFO - [2026-07-01T09:32:38.959+0000] {dag.py:4138} INFO - Setting next_dagrun for example_params_trigger_ui to None, run_after=None
[2026-07-01T09:32:38.972+0000] {processor.py:208} INFO - Processing /home/airflow/.local/lib/python3.12/site-packages/airflow/example_dags/example_params_trigger_ui.py took 0.061 seconds
[2026-07-01T09:33:09.504+0000] {processor.py:186} INFO - Started process (PID=2418) to work on /home/airflow/.local/lib/python3.12/site-packages/airflow/example_dags/example_params_trigger_ui.py
[2026-07-01T09:33:09.505+0000] {processor.py:914} INFO - Processing file /home/airflow/.local/lib/python3.12/site-packages/airflow/example_dags/example_params_trigger_ui.py for tasks to queue
[2026-07-01T09:33:09.510+0000] {logging_mixin.py:190} INFO - [2026-07-01T09:33:09.509+0000] {dagbag.py:587} INFO - Filling up the DagBag from /home/airflow/.local/lib/python3.12/site-packages/airflow/example_dags/example_params_trigger_ui.py
[2026-07-01T09:33:09.518+0000] {processor.py:925} INFO - DAG(s) 'example_params_trigger_ui' retrieved from /home/airflow/.local/lib/python3.12/site-packages/airflow/example_dags/example_params_trigger_ui.py
[2026-07-01T09:33:09.549+0000] {logging_mixin.py:190} INFO - [2026-07-01T09:33:09.548+0000] {dag.py:3211} INFO - Sync 1 DAGs
[2026-07-01T09:33:09.559+0000] {logging_mixin.py:190} INFO - [2026-07-01T09:33:09.558+0000] {dag.py:4138} INFO - Setting next_dagrun for example_params_trigger_ui to None, run_after=None
[2026-07-01T09:33:09.573+0000] {processor.py:208} INFO - Processing /home/airflow/.local/lib/python3.12/site-packages/airflow/example_dags/example_params_trigger_ui.py took 0.074 seconds
[2026-07-01T09:33:40.141+0000] {processor.py:186} INFO - Started process (PID=2480) to work on /home/airflow/.local/lib/python3.12/site-packages/airflow/example_dags/example_params_trigger_ui.py
[2026-07-01T09:33:40.142+0000] {processor.py:914} INFO - Processing file /home/airflow/.local/lib/python3.12/site-packages/airflow/example_dags/example_params_trigger_ui.py for tasks to queue
[2026-07-01T09:33:40.145+0000] {logging_mixin.py:190} INFO - [2026-07-01T09:33:40.144+0000] {dagbag.py:587} INFO - Filling up the DagBag from /home/airflow/.local/lib/python3.12/site-packages/airflow/example_dags/example_params_trigger_ui.py
[2026-07-01T09:33:40.153+0000] {processor.py:925} INFO - DAG(s) 'example_params_trigger_ui' retrieved from /home/airflow/.local/lib/python3.12/site-packages/airflow/example_dags/example_params_trigger_ui.py
[2026-07-01T09:33:40.179+0000] {logging_mixin.py:190} INFO - [2026-07-01T09:33:40.179+0000] {dag.py:3211} INFO - Sync 1 DAGs
[2026-07-01T09:33:40.188+0000] {logging_mixin.py:190} INFO - [2026-07-01T09:33:40.188+0000] {dag.py:4138} INFO - Setting next_dagrun for example_params_trigger_ui to None, run_after=None
[2026-07-01T09:33:40.200+0000] {processor.py:208} INFO - Processing /home/airflow/.local/lib/python3.12/site-packages/airflow/example_dags/example_params_trigger_ui.py took 0.063 seconds
[2026-07-01T09:34:11.113+0000] {processor.py:186} INFO - Started process (PID=2542) to work on /home/airflow/.local/lib/python3.12/site-packages/airflow/example_dags/example_params_trigger_ui.py
[2026-07-01T09:34:11.114+0000] {processor.py:914} INFO - Processing file /home/airflow/.local/lib/python3.12/site-packages/airflow/example_dags/example_params_trigger_ui.py for tasks to queue
[2026-07-01T09:34:11.117+0000] {logging_mixin.py:190} INFO - [2026-07-01T09:34:11.117+0000] {dagbag.py:587} INFO - Filling up the DagBag from /home/airflow/.local/lib/python3.12/site-packages/airflow/example_dags/example_params_trigger_ui.py
[2026-07-01T09:34:11.131+0000] {processor.py:925} INFO - DAG(s) 'example_params_trigger_ui' retrieved from /home/airflow/.local/lib/python3.12/site-packages/airflow/example_dags/example_params_trigger_ui.py
[2026-07-01T09:34:11.185+0000] {logging_mixin.py:190} INFO - [2026-07-01T09:34:11.185+0000] {dag.py:3211} INFO - Sync 1 DAGs
[2026-07-01T09:34:11.203+0000] {logging_mixin.py:190} INFO - [2026-07-01T09:34:11.202+0000] {dag.py:4138} INFO - Setting next_dagrun for example_params_trigger_ui to None, run_after=None
[2026-07-01T09:34:11.226+0000] {processor.py:208} INFO - Processing /home/airflow/.local/lib/python3.12/site-packages/airflow/example_dags/example_params_trigger_ui.py took 0.119 seconds
[2026-07-01T09:34:42.037+0000] {processor.py:186} INFO - Started process (PID=2604) to work on /home/airflow/.local/lib/python3.12/site-packages/airflow/example_dags/example_params_trigger_ui.py
[2026-07-01T09:34:42.038+0000] {processor.py:914} INFO - Processing file /home/airflow/.local/lib/python3.12/site-packages/airflow/example_dags/example_params_trigger_ui.py for tasks to queue
[2026-07-01T09:34:42.040+0000] {logging_mixin.py:190} INFO - [2026-07-01T09:34:42.039+0000] {dagbag.py:587} INFO - Filling up the DagBag from /home/airflow/.local/lib/python3.12/site-packages/airflow/example_dags/example_params_trigger_ui.py
[2026-07-01T09:34:42.047+0000] {processor.py:925} INFO - DAG(s) 'example_params_trigger_ui' retrieved from /home/airflow/.local/lib/python3.12/site-packages/airflow/example_dags/example_params_trigger_ui.py
[2026-07-01T09:34:42.073+0000] {logging_mixin.py:190} INFO - [2026-07-01T09:34:42.073+0000] {dag.py:3211} INFO - Sync 1 DAGs
[2026-07-01T09:34:42.083+0000] {logging_mixin.py:190} INFO - [2026-07-01T09:34:42.083+0000] {dag.py:4138} INFO - Setting next_dagrun for example_params_trigger_ui to None, run_after=None
[2026-07-01T09:34:42.096+0000] {processor.py:208} INFO - Processing /home/airflow/.local/lib/python3.12/site-packages/airflow/example_dags/example_params_trigger_ui.py took 0.063 seconds
[2026-07-01T09:35:12.823+0000] {processor.py:186} INFO - Started process (PID=2666) to work on /home/airflow/.local/lib/python3.12/site-packages/airflow/example_dags/example_params_trigger_ui.py
[2026-07-01T09:35:12.824+0000] {processor.py:914} INFO - Processing file /home/airflow/.local/lib/python3.12/site-packages/airflow/example_dags/example_params_trigger_ui.py for tasks to queue
[2026-07-01T09:35:12.826+0000] {logging_mixin.py:190} INFO - [2026-07-01T09:35:12.826+0000] {dagbag.py:587} INFO - Filling up the DagBag from /home/airflow/.local/lib/python3.12/site-packages/airflow/example_dags/example_params_trigger_ui.py
[2026-07-01T09:35:12.835+0000] {processor.py:925} INFO - DAG(s) 'example_params_trigger_ui' retrieved from /home/airflow/.local/lib/python3.12/site-packages/airflow/example_dags/example_params_trigger_ui.py
[2026-07-01T09:35:12.863+0000] {logging_mixin.py:190} INFO - [2026-07-01T09:35:12.863+0000] {dag.py:3211} INFO - Sync 1 DAGs
[2026-07-01T09:35:12.872+0000] {logging_mixin.py:190} INFO - [2026-07-01T09:35:12.872+0000] {dag.py:4138} INFO - Setting next_dagrun for example_params_trigger_ui to None, run_after=None
[2026-07-01T09:35:12.886+0000] {processor.py:208} INFO - Processing /home/airflow/.local/lib/python3.12/site-packages/airflow/example_dags/example_params_trigger_ui.py took 0.068 seconds
[2026-07-01T09:35:43.290+0000] {processor.py:186} INFO - Started process (PID=2728) to work on /home/airflow/.local/lib/python3.12/site-packages/airflow/example_dags/example_params_trigger_ui.py
[2026-07-01T09:35:43.291+0000] {processor.py:914} INFO - Processing file /home/airflow/.local/lib/python3.12/site-packages/airflow/example_dags/example_params_trigger_ui.py for tasks to queue
[2026-07-01T09:35:43.294+0000] {logging_mixin.py:190} INFO - [2026-07-01T09:35:43.294+0000] {dagbag.py:587} INFO - Filling up the DagBag from /home/airflow/.local/lib/python3.12/site-packages/airflow/example_dags/example_params_trigger_ui.py
[2026-07-01T09:35:43.304+0000] {processor.py:925} INFO - DAG(s) 'example_params_trigger_ui' retrieved from /home/airflow/.local/lib/python3.12/site-packages/airflow/example_dags/example_params_trigger_ui.py
[2026-07-01T09:35:43.348+0000] {logging_mixin.py:190} INFO - [2026-07-01T09:35:43.348+0000] {dag.py:3211} INFO - Sync 1 DAGs
[2026-07-01T09:35:43.360+0000] {logging_mixin.py:190} INFO - [2026-07-01T09:35:43.360+0000] {dag.py:4138} INFO - Setting next_dagrun for example_params_trigger_ui to None, run_after=None
[2026-07-01T09:35:43.377+0000] {processor.py:208} INFO - Processing /home/airflow/.local/lib/python3.12/site-packages/airflow/example_dags/example_params_trigger_ui.py took 0.093 seconds
[2026-07-01T09:36:13.839+0000] {processor.py:186} INFO - Started process (PID=2790) to work on /home/airflow/.local/lib/python3.12/site-packages/airflow/example_dags/example_params_trigger_ui.py
[2026-07-01T09:36:13.840+0000] {processor.py:914} INFO - Processing file /home/airflow/.local/lib/python3.12/site-packages/airflow/example_dags/example_params_trigger_ui.py for tasks to queue
[2026-07-01T09:36:13.842+0000] {logging_mixin.py:190} INFO - [2026-07-01T09:36:13.842+0000] {dagbag.py:587} INFO - Filling up the DagBag from /home/airflow/.local/lib/python3.12/site-packages/airflow/example_dags/example_params_trigger_ui.py
[2026-07-01T09:36:13.849+0000] {processor.py:925} INFO - DAG(s) 'example_params_trigger_ui' retrieved from /home/airflow/.local/lib/python3.12/site-packages/airflow/example_dags/example_params_trigger_ui.py
[2026-07-01T09:36:13.875+0000] {logging_mixin.py:190} INFO - [2026-07-01T09:36:13.875+0000] {dag.py:3211} INFO - Sync 1 DAGs
[2026-07-01T09:36:13.886+0000] {logging_mixin.py:190} INFO - [2026-07-01T09:36:13.886+0000] {dag.py:4138} INFO - Setting next_dagrun for example_params_trigger_ui to None, run_after=None
[2026-07-01T09:36:13.901+0000] {processor.py:208} INFO - Processing /home/airflow/.local/lib/python3.12/site-packages/airflow/example_dags/example_params_trigger_ui.py took 0.066 seconds
[2026-07-01T09:36:44.866+0000] {processor.py:186} INFO - Started process (PID=2852) to work on /home/airflow/.local/lib/python3.12/site-packages/airflow/example_dags/example_params_trigger_ui.py
[2026-07-01T09:36:44.867+0000] {processor.py:914} INFO - Processing file /home/airflow/.local/lib/python3.12/site-packages/airflow/example_dags/example_params_trigger_ui.py for tasks to queue
[2026-07-01T09:36:44.869+0000] {logging_mixin.py:190} INFO - [2026-07-01T09:36:44.869+0000] {dagbag.py:587} INFO - Filling up the DagBag from /home/airflow/.local/lib/python3.12/site-packages/airflow/example_dags/example_params_trigger_ui.py
[2026-07-01T09:36:44.877+0000] {processor.py:925} INFO - DAG(s) 'example_params_trigger_ui' retrieved from /home/airflow/.local/lib/python3.12/site-packages/airflow/example_dags/example_params_trigger_ui.py
[2026-07-01T09:36:44.906+0000] {logging_mixin.py:190} INFO - [2026-07-01T09:36:44.906+0000] {dag.py:3211} INFO - Sync 1 DAGs
[2026-07-01T09:36:44.917+0000] {logging_mixin.py:190} INFO - [2026-07-01T09:36:44.917+0000] {dag.py:4138} INFO - Setting next_dagrun for example_params_trigger_ui to None, run_after=None
[2026-07-01T09:36:44.931+0000] {processor.py:208} INFO - Processing /home/airflow/.local/lib/python3.12/site-packages/airflow/example_dags/example_params_trigger_ui.py took 0.069 seconds
[2026-07-01T09:37:15.744+0000] {processor.py:186} INFO - Started process (PID=2914) to work on /home/airflow/.local/lib/python3.12/site-packages/airflow/example_dags/example_params_trigger_ui.py
[2026-07-01T09:37:15.745+0000] {processor.py:914} INFO - Processing file /home/airflow/.local/lib/python3.12/site-packages/airflow/example_dags/example_params_trigger_ui.py for tasks to queue
[2026-07-01T09:37:15.747+0000] {logging_mixin.py:190} INFO - [2026-07-01T09:37:15.747+0000] {dagbag.py:587} INFO - Filling up the DagBag from /home/airflow/.local/lib/python3.12/site-packages/airflow/example_dags/example_params_trigger_ui.py
[2026-07-01T09:37:15.754+0000] {processor.py:925} INFO - DAG(s) 'example_params_trigger_ui' retrieved from /home/airflow/.local/lib/python3.12/site-packages/airflow/example_dags/example_params_trigger_ui.py
[2026-07-01T09:37:15.779+0000] {logging_mixin.py:190} INFO - [2026-07-01T09:37:15.779+0000] {dag.py:3211} INFO - Sync 1 DAGs
[2026-07-01T09:37:15.788+0000] {logging_mixin.py:190} INFO - [2026-07-01T09:37:15.788+0000] {dag.py:4138} INFO - Setting next_dagrun for example_params_trigger_ui to None, run_after=None
[2026-07-01T09:37:15.933+0000] {processor.py:208} INFO - Processing /home/airflow/.local/lib/python3.12/site-packages/airflow/example_dags/example_params_trigger_ui.py took 0.194 seconds
[2026-07-01T09:37:46.580+0000] {processor.py:186} INFO - Started process (PID=2976) to work on /home/airflow/.local/lib/python3.12/site-packages/airflow/example_dags/example_params_trigger_ui.py
[2026-07-01T09:37:46.581+0000] {processor.py:914} INFO - Processing file /home/airflow/.local/lib/python3.12/site-packages/airflow/example_dags/example_params_trigger_ui.py for tasks to queue
[2026-07-01T09:37:46.583+0000] {logging_mixin.py:190} INFO - [2026-07-01T09:37:46.582+0000] {dagbag.py:587} INFO - Filling up the DagBag from /home/airflow/.local/lib/python3.12/site-packages/airflow/example_dags/example_params_trigger_ui.py
[2026-07-01T09:37:46.590+0000] {processor.py:925} INFO - DAG(s) 'example_params_trigger_ui' retrieved from /home/airflow/.local/lib/python3.12/site-packages/airflow/example_dags/example_params_trigger_ui.py
[2026-07-01T09:37:46.618+0000] {logging_mixin.py:190} INFO - [2026-07-01T09:37:46.618+0000] {dag.py:3211} INFO - Sync 1 DAGs
[2026-07-01T09:37:46.629+0000] {logging_mixin.py:190} INFO - [2026-07-01T09:37:46.629+0000] {dag.py:4138} INFO - Setting next_dagrun for example_params_trigger_ui to None, run_after=None
[2026-07-01T09:37:46.645+0000] {processor.py:208} INFO - Processing /home/airflow/.local/lib/python3.12/site-packages/airflow/example_dags/example_params_trigger_ui.py took 0.069 seconds
[2026-07-01T09:38:17.648+0000] {processor.py:186} INFO - Started process (PID=3038) to work on /home/airflow/.local/lib/python3.12/site-packages/airflow/example_dags/example_params_trigger_ui.py
[2026-07-01T09:38:17.649+0000] {processor.py:914} INFO - Processing file /home/airflow/.local/lib/python3.12/site-packages/airflow/example_dags/example_params_trigger_ui.py for tasks to queue
[2026-07-01T09:38:17.651+0000] {logging_mixin.py:190} INFO - [2026-07-01T09:38:17.651+0000] {dagbag.py:587} INFO - Filling up the DagBag from /home/airflow/.local/lib/python3.12/site-packages/airflow/example_dags/example_params_trigger_ui.py
[2026-07-01T09:38:17.659+0000] {processor.py:925} INFO - DAG(s) 'example_params_trigger_ui' retrieved from /home/airflow/.local/lib/python3.12/site-packages/airflow/example_dags/example_params_trigger_ui.py
[2026-07-01T09:38:17.685+0000] {logging_mixin.py:190} INFO - [2026-07-01T09:38:17.685+0000] {dag.py:3211} INFO - Sync 1 DAGs
[2026-07-01T09:38:17.694+0000] {logging_mixin.py:190} INFO - [2026-07-01T09:38:17.694+0000] {dag.py:4138} INFO - Setting next_dagrun for example_params_trigger_ui to None, run_after=None
[2026-07-01T09:38:17.706+0000] {processor.py:208} INFO - Processing /home/airflow/.local/lib/python3.12/site-packages/airflow/example_dags/example_params_trigger_ui.py took 0.063 seconds
[2026-07-01T09:38:48.626+0000] {processor.py:186} INFO - Started process (PID=3100) to work on /home/airflow/.local/lib/python3.12/site-packages/airflow/example_dags/example_params_trigger_ui.py
[2026-07-01T09:38:48.627+0000] {processor.py:914} INFO - Processing file /home/airflow/.local/lib/python3.12/site-packages/airflow/example_dags/example_params_trigger_ui.py for tasks to queue
[2026-07-01T09:38:48.629+0000] {logging_mixin.py:190} INFO - [2026-07-01T09:38:48.629+0000] {dagbag.py:587} INFO - Filling up the DagBag from /home/airflow/.local/lib/python3.12/site-packages/airflow/example_dags/example_params_trigger_ui.py
[2026-07-01T09:38:48.637+0000] {processor.py:925} INFO - DAG(s) 'example_params_trigger_ui' retrieved from /home/airflow/.local/lib/python3.12/site-packages/airflow/example_dags/example_params_trigger_ui.py
[2026-07-01T09:38:48.667+0000] {logging_mixin.py:190} INFO - [2026-07-01T09:38:48.666+0000] {dag.py:3211} INFO - Sync 1 DAGs
[2026-07-01T09:38:48.677+0000] {logging_mixin.py:190} INFO - [2026-07-01T09:38:48.677+0000] {dag.py:4138} INFO - Setting next_dagrun for example_params_trigger_ui to None, run_after=None
[2026-07-01T09:38:48.691+0000] {processor.py:208} INFO - Processing /home/airflow/.local/lib/python3.12/site-packages/airflow/example_dags/example_params_trigger_ui.py took 0.069 seconds
[2026-07-01T09:39:19.445+0000] {processor.py:186} INFO - Started process (PID=3168) to work on /home/airflow/.local/lib/python3.12/site-packages/airflow/example_dags/example_params_trigger_ui.py
[2026-07-01T09:39:19.446+0000] {processor.py:914} INFO - Processing file /home/airflow/.local/lib/python3.12/site-packages/airflow/example_dags/example_params_trigger_ui.py for tasks to queue
[2026-07-01T09:39:19.448+0000] {logging_mixin.py:190} INFO - [2026-07-01T09:39:19.448+0000] {dagbag.py:587} INFO - Filling up the DagBag from /home/airflow/.local/lib/python3.12/site-packages/airflow/example_dags/example_params_trigger_ui.py
[2026-07-01T09:39:19.457+0000] {processor.py:925} INFO - DAG(s) 'example_params_trigger_ui' retrieved from /home/airflow/.local/lib/python3.12/site-packages/airflow/example_dags/example_params_trigger_ui.py
[2026-07-01T09:39:19.482+0000] {logging_mixin.py:190} INFO - [2026-07-01T09:39:19.482+0000] {dag.py:3211} INFO - Sync 1 DAGs
[2026-07-01T09:39:19.491+0000] {logging_mixin.py:190} INFO - [2026-07-01T09:39:19.491+0000] {dag.py:4138} INFO - Setting next_dagrun for example_params_trigger_ui to None, run_after=None
[2026-07-01T09:39:19.503+0000] {processor.py:208} INFO - Processing /home/airflow/.local/lib/python3.12/site-packages/airflow/example_dags/example_params_trigger_ui.py took 0.063 seconds
[2026-07-01T09:39:49.961+0000] {processor.py:186} INFO - Started process (PID=3230) to work on /home/airflow/.local/lib/python3.12/site-packages/airflow/example_dags/example_params_trigger_ui.py
[2026-07-01T09:39:49.963+0000] {processor.py:914} INFO - Processing file /home/airflow/.local/lib/python3.12/site-packages/airflow/example_dags/example_params_trigger_ui.py for tasks to queue
[2026-07-01T09:39:49.965+0000] {logging_mixin.py:190} INFO - [2026-07-01T09:39:49.964+0000] {dagbag.py:587} INFO - Filling up the DagBag from /home/airflow/.local/lib/python3.12/site-packages/airflow/example_dags/example_params_trigger_ui.py
[2026-07-01T09:39:49.973+0000] {processor.py:925} INFO - DAG(s) 'example_params_trigger_ui' retrieved from /home/airflow/.local/lib/python3.12/site-packages/airflow/example_dags/example_params_trigger_ui.py
[2026-07-01T09:39:49.998+0000] {logging_mixin.py:190} INFO - [2026-07-01T09:39:49.998+0000] {dag.py:3211} INFO - Sync 1 DAGs
[2026-07-01T09:39:50.007+0000] {logging_mixin.py:190} INFO - [2026-07-01T09:39:50.007+0000] {dag.py:4138} INFO - Setting next_dagrun for example_params_trigger_ui to None, run_after=None
[2026-07-01T09:39:50.019+0000] {processor.py:208} INFO - Processing /home/airflow/.local/lib/python3.12/site-packages/airflow/example_dags/example_params_trigger_ui.py took 0.062 seconds
[2026-07-01T09:40:20.472+0000] {processor.py:186} INFO - Started process (PID=3292) to work on /home/airflow/.local/lib/python3.12/site-packages/airflow/example_dags/example_params_trigger_ui.py
[2026-07-01T09:40:20.474+0000] {processor.py:914} INFO - Processing file /home/airflow/.local/lib/python3.12/site-packages/airflow/example_dags/example_params_trigger_ui.py for tasks to queue
[2026-07-01T09:40:20.476+0000] {logging_mixin.py:190} INFO - [2026-07-01T09:40:20.476+0000] {dagbag.py:587} INFO - Filling up the DagBag from /home/airflow/.local/lib/python3.12/site-packages/airflow/example_dags/example_params_trigger_ui.py
[2026-07-01T09:40:20.617+0000] {processor.py:925} INFO - DAG(s) 'example_params_trigger_ui' retrieved from /home/airflow/.local/lib/python3.12/site-packages/airflow/example_dags/example_params_trigger_ui.py
[2026-07-01T09:40:20.643+0000] {logging_mixin.py:190} INFO - [2026-07-01T09:40:20.643+0000] {dag.py:3211} INFO - Sync 1 DAGs
[2026-07-01T09:40:20.654+0000] {logging_mixin.py:190} INFO - [2026-07-01T09:40:20.654+0000] {dag.py:4138} INFO - Setting next_dagrun for example_params_trigger_ui to None, run_after=None
[2026-07-01T09:40:20.667+0000] {processor.py:208} INFO - Processing /home/airflow/.local/lib/python3.12/site-packages/airflow/example_dags/example_params_trigger_ui.py took 0.199 seconds
[2026-07-01T09:40:51.474+0000] {processor.py:186} INFO - Started process (PID=3354) to work on /home/airflow/.local/lib/python3.12/site-packages/airflow/example_dags/example_params_trigger_ui.py
[2026-07-01T09:40:51.475+0000] {processor.py:914} INFO - Processing file /home/airflow/.local/lib/python3.12/site-packages/airflow/example_dags/example_params_trigger_ui.py for tasks to queue
[2026-07-01T09:40:51.478+0000] {logging_mixin.py:190} INFO - [2026-07-01T09:40:51.478+0000] {dagbag.py:587} INFO - Filling up the DagBag from /home/airflow/.local/lib/python3.12/site-packages/airflow/example_dags/example_params_trigger_ui.py
[2026-07-01T09:40:51.490+0000] {processor.py:925} INFO - DAG(s) 'example_params_trigger_ui' retrieved from /home/airflow/.local/lib/python3.12/site-packages/airflow/example_dags/example_params_trigger_ui.py
[2026-07-01T09:40:51.538+0000] {logging_mixin.py:190} INFO - [2026-07-01T09:40:51.538+0000] {dag.py:3211} INFO - Sync 1 DAGs
[2026-07-01T09:40:51.550+0000] {logging_mixin.py:190} INFO - [2026-07-01T09:40:51.550+0000] {dag.py:4138} INFO - Setting next_dagrun for example_params_trigger_ui to None, run_after=None
[2026-07-01T09:40:51.565+0000] {processor.py:208} INFO - Processing /home/airflow/.local/lib/python3.12/site-packages/airflow/example_dags/example_params_trigger_ui.py took 0.099 seconds
[2026-07-01T09:41:21.960+0000] {processor.py:186} INFO - Started process (PID=3416) to work on /home/airflow/.local/lib/python3.12/site-packages/airflow/example_dags/example_params_trigger_ui.py
[2026-07-01T09:41:21.961+0000] {processor.py:914} INFO - Processing file /home/airflow/.local/lib/python3.12/site-packages/airflow/example_dags/example_params_trigger_ui.py for tasks to queue
[2026-07-01T09:41:21.963+0000] {logging_mixin.py:190} INFO - [2026-07-01T09:41:21.962+0000] {dagbag.py:587} INFO - Filling up the DagBag from /home/airflow/.local/lib/python3.12/site-packages/airflow/example_dags/example_params_trigger_ui.py
[2026-07-01T09:41:21.971+0000] {processor.py:925} INFO - DAG(s) 'example_params_trigger_ui' retrieved from /home/airflow/.local/lib/python3.12/site-packages/airflow/example_dags/example_params_trigger_ui.py
[2026-07-01T09:41:21.997+0000] {logging_mixin.py:190} INFO - [2026-07-01T09:41:21.997+0000] {dag.py:3211} INFO - Sync 1 DAGs
[2026-07-01T09:41:22.006+0000] {logging_mixin.py:190} INFO - [2026-07-01T09:41:22.006+0000] {dag.py:4138} INFO - Setting next_dagrun for example_params_trigger_ui to None, run_after=None
[2026-07-01T09:41:22.019+0000] {processor.py:208} INFO - Processing /home/airflow/.local/lib/python3.12/site-packages/airflow/example_dags/example_params_trigger_ui.py took 0.064 seconds
[2026-07-01T09:41:52.252+0000] {processor.py:186} INFO - Started process (PID=3478) to work on /home/airflow/.local/lib/python3.12/site-packages/airflow/example_dags/example_params_trigger_ui.py
[2026-07-01T09:41:52.253+0000] {processor.py:914} INFO - Processing file /home/airflow/.local/lib/python3.12/site-packages/airflow/example_dags/example_params_trigger_ui.py for tasks to queue
[2026-07-01T09:41:52.255+0000] {logging_mixin.py:190} INFO - [2026-07-01T09:41:52.255+0000] {dagbag.py:587} INFO - Filling up the DagBag from /home/airflow/.local/lib/python3.12/site-packages/airflow/example_dags/example_params_trigger_ui.py
[2026-07-01T09:41:52.263+0000] {processor.py:925} INFO - DAG(s) 'example_params_trigger_ui' retrieved from /home/airflow/.local/lib/python3.12/site-packages/airflow/example_dags/example_params_trigger_ui.py
[2026-07-01T09:41:52.288+0000] {logging_mixin.py:190} INFO - [2026-07-01T09:41:52.288+0000] {dag.py:3211} INFO - Sync 1 DAGs
[2026-07-01T09:41:52.297+0000] {logging_mixin.py:190} INFO - [2026-07-01T09:41:52.297+0000] {dag.py:4138} INFO - Setting next_dagrun for example_params_trigger_ui to None, run_after=None
[2026-07-01T09:41:52.310+0000] {processor.py:208} INFO - Processing /home/airflow/.local/lib/python3.12/site-packages/airflow/example_dags/example_params_trigger_ui.py took 0.062 seconds
[2026-07-01T09:42:22.351+0000] {processor.py:186} INFO - Started process (PID=3540) to work on /home/airflow/.local/lib/python3.12/site-packages/airflow/example_dags/example_params_trigger_ui.py
[2026-07-01T09:42:22.353+0000] {processor.py:914} INFO - Processing file /home/airflow/.local/lib/python3.12/site-packages/airflow/example_dags/example_params_trigger_ui.py for tasks to queue
[2026-07-01T09:42:22.356+0000] {logging_mixin.py:190} INFO - [2026-07-01T09:42:22.356+0000] {dagbag.py:587} INFO - Filling up the DagBag from /home/airflow/.local/lib/python3.12/site-packages/airflow/example_dags/example_params_trigger_ui.py
[2026-07-01T09:42:22.364+0000] {processor.py:925} INFO - DAG(s) 'example_params_trigger_ui' retrieved from /home/airflow/.local/lib/python3.12/site-packages/airflow/example_dags/example_params_trigger_ui.py
[2026-07-01T09:42:22.391+0000] {logging_mixin.py:190} INFO - [2026-07-01T09:42:22.391+0000] {dag.py:3211} INFO - Sync 1 DAGs
[2026-07-01T09:42:22.401+0000] {logging_mixin.py:190} INFO - [2026-07-01T09:42:22.401+0000] {dag.py:4138} INFO - Setting next_dagrun for example_params_trigger_ui to None, run_after=None
[2026-07-01T09:42:22.415+0000] {processor.py:208} INFO - Processing /home/airflow/.local/lib/python3.12/site-packages/airflow/example_dags/example_params_trigger_ui.py took 0.068 seconds
[2026-07-01T09:42:52.763+0000] {processor.py:186} INFO - Started process (PID=3602) to work on /home/airflow/.local/lib/python3.12/site-packages/airflow/example_dags/example_params_trigger_ui.py
[2026-07-01T09:42:52.764+0000] {processor.py:914} INFO - Processing file /home/airflow/.local/lib/python3.12/site-packages/airflow/example_dags/example_params_trigger_ui.py for tasks to queue
[2026-07-01T09:42:52.766+0000] {logging_mixin.py:190} INFO - [2026-07-01T09:42:52.766+0000] {dagbag.py:587} INFO - Filling up the DagBag from /home/airflow/.local/lib/python3.12/site-packages/airflow/example_dags/example_params_trigger_ui.py
[2026-07-01T09:42:52.774+0000] {processor.py:925} INFO - DAG(s) 'example_params_trigger_ui' retrieved from /home/airflow/.local/lib/python3.12/site-packages/airflow/example_dags/example_params_trigger_ui.py
[2026-07-01T09:42:52.800+0000] {logging_mixin.py:190} INFO - [2026-07-01T09:42:52.800+0000] {dag.py:3211} INFO - Sync 1 DAGs
[2026-07-01T09:42:52.810+0000] {logging_mixin.py:190} INFO - [2026-07-01T09:42:52.810+0000] {dag.py:4138} INFO - Setting next_dagrun for example_params_trigger_ui to None, run_after=None
[2026-07-01T09:42:52.824+0000] {processor.py:208} INFO - Processing /home/airflow/.local/lib/python3.12/site-packages/airflow/example_dags/example_params_trigger_ui.py took 0.066 seconds
[2026-07-01T09:43:23.239+0000] {processor.py:186} INFO - Started process (PID=3664) to work on /home/airflow/.local/lib/python3.12/site-packages/airflow/example_dags/example_params_trigger_ui.py
[2026-07-01T09:43:23.240+0000] {processor.py:914} INFO - Processing file /home/airflow/.local/lib/python3.12/site-packages/airflow/example_dags/example_params_trigger_ui.py for tasks to queue
[2026-07-01T09:43:23.242+0000] {logging_mixin.py:190} INFO - [2026-07-01T09:43:23.242+0000] {dagbag.py:587} INFO - Filling up the DagBag from /home/airflow/.local/lib/python3.12/site-packages/airflow/example_dags/example_params_trigger_ui.py
[2026-07-01T09:43:23.250+0000] {processor.py:925} INFO - DAG(s) 'example_params_trigger_ui' retrieved from /home/airflow/.local/lib/python3.12/site-packages/airflow/example_dags/example_params_trigger_ui.py
[2026-07-01T09:43:23.279+0000] {logging_mixin.py:190} INFO - [2026-07-01T09:43:23.279+0000] {dag.py:3211} INFO - Sync 1 DAGs
[2026-07-01T09:43:23.290+0000] {logging_mixin.py:190} INFO - [2026-07-01T09:43:23.289+0000] {dag.py:4138} INFO - Setting next_dagrun for example_params_trigger_ui to None, run_after=None
[2026-07-01T09:43:23.303+0000] {processor.py:208} INFO - Processing /home/airflow/.local/lib/python3.12/site-packages/airflow/example_dags/example_params_trigger_ui.py took 0.069 seconds
[2026-07-01T09:43:53.541+0000] {processor.py:186} INFO - Started process (PID=3726) to work on /home/airflow/.local/lib/python3.12/site-packages/airflow/example_dags/example_params_trigger_ui.py
[2026-07-01T09:43:53.542+0000] {processor.py:914} INFO - Processing file /home/airflow/.local/lib/python3.12/site-packages/airflow/example_dags/example_params_trigger_ui.py for tasks to queue
[2026-07-01T09:43:53.544+0000] {logging_mixin.py:190} INFO - [2026-07-01T09:43:53.543+0000] {dagbag.py:587} INFO - Filling up the DagBag from /home/airflow/.local/lib/python3.12/site-packages/airflow/example_dags/example_params_trigger_ui.py
[2026-07-01T09:43:53.551+0000] {processor.py:925} INFO - DAG(s) 'example_params_trigger_ui' retrieved from /home/airflow/.local/lib/python3.12/site-packages/airflow/example_dags/example_params_trigger_ui.py
[2026-07-01T09:43:53.577+0000] {logging_mixin.py:190} INFO - [2026-07-01T09:43:53.577+0000] {dag.py:3211} INFO - Sync 1 DAGs
[2026-07-01T09:43:53.587+0000] {logging_mixin.py:190} INFO - [2026-07-01T09:43:53.587+0000] {dag.py:4138} INFO - Setting next_dagrun for example_params_trigger_ui to None, run_after=None
[2026-07-01T09:43:53.600+0000] {processor.py:208} INFO - Processing /home/airflow/.local/lib/python3.12/site-packages/airflow/example_dags/example_params_trigger_ui.py took 0.064 seconds
[2026-07-01T09:44:23.950+0000] {processor.py:186} INFO - Started process (PID=3788) to work on /home/airflow/.local/lib/python3.12/site-packages/airflow/example_dags/example_params_trigger_ui.py
[2026-07-01T09:44:23.952+0000] {processor.py:914} INFO - Processing file /home/airflow/.local/lib/python3.12/site-packages/airflow/example_dags/example_params_trigger_ui.py for tasks to queue
[2026-07-01T09:44:23.954+0000] {logging_mixin.py:190} INFO - [2026-07-01T09:44:23.953+0000] {dagbag.py:587} INFO - Filling up the DagBag from /home/airflow/.local/lib/python3.12/site-packages/airflow/example_dags/example_params_trigger_ui.py
[2026-07-01T09:44:23.962+0000] {processor.py:925} INFO - DAG(s) 'example_params_trigger_ui' retrieved from /home/airflow/.local/lib/python3.12/site-packages/airflow/example_dags/example_params_trigger_ui.py
[2026-07-01T09:44:23.988+0000] {logging_mixin.py:190} INFO - [2026-07-01T09:44:23.988+0000] {dag.py:3211} INFO - Sync 1 DAGs
[2026-07-01T09:44:23.997+0000] {logging_mixin.py:190} INFO - [2026-07-01T09:44:23.997+0000] {dag.py:4138} INFO - Setting next_dagrun for example_params_trigger_ui to None, run_after=None
[2026-07-01T09:44:24.010+0000] {processor.py:208} INFO - Processing /home/airflow/.local/lib/python3.12/site-packages/airflow/example_dags/example_params_trigger_ui.py took 0.064 seconds
[2026-07-01T09:44:54.200+0000] {processor.py:186} INFO - Started process (PID=3850) to work on /home/airflow/.local/lib/python3.12/site-packages/airflow/example_dags/example_params_trigger_ui.py
[2026-07-01T09:44:54.201+0000] {processor.py:914} INFO - Processing file /home/airflow/.local/lib/python3.12/site-packages/airflow/example_dags/example_params_trigger_ui.py for tasks to queue
[2026-07-01T09:44:54.203+0000] {logging_mixin.py:190} INFO - [2026-07-01T09:44:54.203+0000] {dagbag.py:587} INFO - Filling up the DagBag from /home/airflow/.local/lib/python3.12/site-packages/airflow/example_dags/example_params_trigger_ui.py
[2026-07-01T09:44:54.212+0000] {processor.py:925} INFO - DAG(s) 'example_params_trigger_ui' retrieved from /home/airflow/.local/lib/python3.12/site-packages/airflow/example_dags/example_params_trigger_ui.py
[2026-07-01T09:44:54.240+0000] {logging_mixin.py:190} INFO - [2026-07-01T09:44:54.240+0000] {dag.py:3211} INFO - Sync 1 DAGs
[2026-07-01T09:44:54.251+0000] {logging_mixin.py:190} INFO - [2026-07-01T09:44:54.250+0000] {dag.py:4138} INFO - Setting next_dagrun for example_params_trigger_ui to None, run_after=None
[2026-07-01T09:44:54.263+0000] {processor.py:208} INFO - Processing /home/airflow/.local/lib/python3.12/site-packages/airflow/example_dags/example_params_trigger_ui.py took 0.068 seconds
[2026-07-01T09:45:24.673+0000] {processor.py:186} INFO - Started process (PID=3912) to work on /home/airflow/.local/lib/python3.12/site-packages/airflow/example_dags/example_params_trigger_ui.py
[2026-07-01T09:45:24.673+0000] {processor.py:914} INFO - Processing file /home/airflow/.local/lib/python3.12/site-packages/airflow/example_dags/example_params_trigger_ui.py for tasks to queue
[2026-07-01T09:45:24.675+0000] {logging_mixin.py:190} INFO - [2026-07-01T09:45:24.675+0000] {dagbag.py:587} INFO - Filling up the DagBag from /home/airflow/.local/lib/python3.12/site-packages/airflow/example_dags/example_params_trigger_ui.py
[2026-07-01T09:45:24.683+0000] {processor.py:925} INFO - DAG(s) 'example_params_trigger_ui' retrieved from /home/airflow/.local/lib/python3.12/site-packages/airflow/example_dags/example_params_trigger_ui.py
[2026-07-01T09:45:24.708+0000] {logging_mixin.py:190} INFO - [2026-07-01T09:45:24.708+0000] {dag.py:3211} INFO - Sync 1 DAGs
[2026-07-01T09:45:24.717+0000] {logging_mixin.py:190} INFO - [2026-07-01T09:45:24.717+0000] {dag.py:4138} INFO - Setting next_dagrun for example_params_trigger_ui to None, run_after=None
[2026-07-01T09:45:24.730+0000] {processor.py:208} INFO - Processing /home/airflow/.local/lib/python3.12/site-packages/airflow/example_dags/example_params_trigger_ui.py took 0.061 seconds
