[2026-07-01T09:09:42.583+0000] {processor.py:186} INFO - Started process (PID=110) to work on /home/airflow/.local/lib/python3.12/site-packages/airflow/example_dags/example_short_circuit_operator.py
[2026-07-01T09:09:42.583+0000] {processor.py:914} INFO - Processing file /home/airflow/.local/lib/python3.12/site-packages/airflow/example_dags/example_short_circuit_operator.py for tasks to queue
[2026-07-01T09:09:42.585+0000] {logging_mixin.py:190} INFO - [2026-07-01T09:09:42.585+0000] {dagbag.py:587} INFO - Filling up the DagBag from /home/airflow/.local/lib/python3.12/site-packages/airflow/example_dags/example_short_circuit_operator.py
[2026-07-01T09:09:42.593+0000] {processor.py:925} INFO - DAG(s) 'example_short_circuit_operator' retrieved from /home/airflow/.local/lib/python3.12/site-packages/airflow/example_dags/example_short_circuit_operator.py
[2026-07-01T09:09:42.668+0000] {logging_mixin.py:190} INFO - [2026-07-01T09:09:42.668+0000] {override.py:1858} INFO - Created Permission View: can read on DAG:example_short_circuit_operator
[2026-07-01T09:09:42.677+0000] {logging_mixin.py:190} INFO - [2026-07-01T09:09:42.676+0000] {override.py:1858} INFO - Created Permission View: can delete on DAG:example_short_circuit_operator
[2026-07-01T09:09:42.681+0000] {logging_mixin.py:190} INFO - [2026-07-01T09:09:42.681+0000] {override.py:1858} INFO - Created Permission View: can edit on DAG:example_short_circuit_operator
[2026-07-01T09:09:42.682+0000] {logging_mixin.py:190} INFO - [2026-07-01T09:09:42.682+0000] {dag.py:3211} INFO - Sync 1 DAGs
[2026-07-01T09:09:42.693+0000] {logging_mixin.py:190} INFO - [2026-07-01T09:09:42.693+0000] {dag.py:3234} INFO - Creating ORM DAG for example_short_circuit_operator
[2026-07-01T09:09:42.701+0000] {logging_mixin.py:190} INFO - [2026-07-01T09:09:42.700+0000] {dag.py:4138} INFO - Setting next_dagrun for example_short_circuit_operator to 2026-06-30 00:00:00+00:00, run_after=2026-07-01 00:00:00+00:00
[2026-07-01T09:09:42.715+0000] {processor.py:208} INFO - Processing /home/airflow/.local/lib/python3.12/site-packages/airflow/example_dags/example_short_circuit_operator.py took 0.137 seconds
[2026-07-01T09:10:13.465+0000] {processor.py:186} INFO - Started process (PID=172) to work on /home/airflow/.local/lib/python3.12/site-packages/airflow/example_dags/example_short_circuit_operator.py
[2026-07-01T09:10:13.466+0000] {processor.py:914} INFO - Processing file /home/airflow/.local/lib/python3.12/site-packages/airflow/example_dags/example_short_circuit_operator.py for tasks to queue
[2026-07-01T09:10:13.467+0000] {logging_mixin.py:190} INFO - [2026-07-01T09:10:13.467+0000] {dagbag.py:587} INFO - Filling up the DagBag from /home/airflow/.local/lib/python3.12/site-packages/airflow/example_dags/example_short_circuit_operator.py
[2026-07-01T09:10:13.474+0000] {processor.py:925} INFO - DAG(s) 'example_short_circuit_operator' retrieved from /home/airflow/.local/lib/python3.12/site-packages/airflow/example_dags/example_short_circuit_operator.py
[2026-07-01T09:10:13.490+0000] {logging_mixin.py:190} INFO - [2026-07-01T09:10:13.490+0000] {dag.py:3211} INFO - Sync 1 DAGs
[2026-07-01T09:10:13.505+0000] {logging_mixin.py:190} INFO - [2026-07-01T09:10:13.505+0000] {dag.py:4138} INFO - Setting next_dagrun for example_short_circuit_operator to 2026-06-30 00:00:00+00:00, run_after=2026-07-01 00:00:00+00:00
[2026-07-01T09:10:13.517+0000] {processor.py:208} INFO - Processing /home/airflow/.local/lib/python3.12/site-packages/airflow/example_dags/example_short_circuit_operator.py took 0.056 seconds
[2026-07-01T09:10:43.634+0000] {processor.py:186} INFO - Started process (PID=233) to work on /home/airflow/.local/lib/python3.12/site-packages/airflow/example_dags/example_short_circuit_operator.py
[2026-07-01T09:10:43.636+0000] {processor.py:914} INFO - Processing file /home/airflow/.local/lib/python3.12/site-packages/airflow/example_dags/example_short_circuit_operator.py for tasks to queue
[2026-07-01T09:10:43.638+0000] {logging_mixin.py:190} INFO - [2026-07-01T09:10:43.638+0000] {dagbag.py:587} INFO - Filling up the DagBag from /home/airflow/.local/lib/python3.12/site-packages/airflow/example_dags/example_short_circuit_operator.py
[2026-07-01T09:10:43.645+0000] {processor.py:925} INFO - DAG(s) 'example_short_circuit_operator' retrieved from /home/airflow/.local/lib/python3.12/site-packages/airflow/example_dags/example_short_circuit_operator.py
[2026-07-01T09:10:43.661+0000] {logging_mixin.py:190} INFO - [2026-07-01T09:10:43.661+0000] {dag.py:3211} INFO - Sync 1 DAGs
[2026-07-01T09:10:43.676+0000] {logging_mixin.py:190} INFO - [2026-07-01T09:10:43.676+0000] {dag.py:4138} INFO - Setting next_dagrun for example_short_circuit_operator to 2026-06-30 00:00:00+00:00, run_after=2026-07-01 00:00:00+00:00
[2026-07-01T09:10:43.688+0000] {processor.py:208} INFO - Processing /home/airflow/.local/lib/python3.12/site-packages/airflow/example_dags/example_short_circuit_operator.py took 0.059 seconds
[2026-07-01T09:11:13.827+0000] {processor.py:186} INFO - Started process (PID=295) to work on /home/airflow/.local/lib/python3.12/site-packages/airflow/example_dags/example_short_circuit_operator.py
[2026-07-01T09:11:13.827+0000] {processor.py:914} INFO - Processing file /home/airflow/.local/lib/python3.12/site-packages/airflow/example_dags/example_short_circuit_operator.py for tasks to queue
[2026-07-01T09:11:13.829+0000] {logging_mixin.py:190} INFO - [2026-07-01T09:11:13.829+0000] {dagbag.py:587} INFO - Filling up the DagBag from /home/airflow/.local/lib/python3.12/site-packages/airflow/example_dags/example_short_circuit_operator.py
[2026-07-01T09:11:13.835+0000] {processor.py:925} INFO - DAG(s) 'example_short_circuit_operator' retrieved from /home/airflow/.local/lib/python3.12/site-packages/airflow/example_dags/example_short_circuit_operator.py
[2026-07-01T09:11:13.850+0000] {logging_mixin.py:190} INFO - [2026-07-01T09:11:13.850+0000] {dag.py:3211} INFO - Sync 1 DAGs
[2026-07-01T09:11:13.863+0000] {logging_mixin.py:190} INFO - [2026-07-01T09:11:13.863+0000] {dag.py:4138} INFO - Setting next_dagrun for example_short_circuit_operator to 2026-06-30 00:00:00+00:00, run_after=2026-07-01 00:00:00+00:00
[2026-07-01T09:11:13.875+0000] {processor.py:208} INFO - Processing /home/airflow/.local/lib/python3.12/site-packages/airflow/example_dags/example_short_circuit_operator.py took 0.053 seconds
[2026-07-01T09:11:44.338+0000] {processor.py:186} INFO - Started process (PID=357) to work on /home/airflow/.local/lib/python3.12/site-packages/airflow/example_dags/example_short_circuit_operator.py
[2026-07-01T09:11:44.339+0000] {processor.py:914} INFO - Processing file /home/airflow/.local/lib/python3.12/site-packages/airflow/example_dags/example_short_circuit_operator.py for tasks to queue
[2026-07-01T09:11:44.341+0000] {logging_mixin.py:190} INFO - [2026-07-01T09:11:44.341+0000] {dagbag.py:587} INFO - Filling up the DagBag from /home/airflow/.local/lib/python3.12/site-packages/airflow/example_dags/example_short_circuit_operator.py
[2026-07-01T09:11:44.347+0000] {processor.py:925} INFO - DAG(s) 'example_short_circuit_operator' retrieved from /home/airflow/.local/lib/python3.12/site-packages/airflow/example_dags/example_short_circuit_operator.py
[2026-07-01T09:11:44.361+0000] {logging_mixin.py:190} INFO - [2026-07-01T09:11:44.361+0000] {dag.py:3211} INFO - Sync 1 DAGs
[2026-07-01T09:11:44.375+0000] {logging_mixin.py:190} INFO - [2026-07-01T09:11:44.375+0000] {dag.py:4138} INFO - Setting next_dagrun for example_short_circuit_operator to 2026-06-30 00:00:00+00:00, run_after=2026-07-01 00:00:00+00:00
[2026-07-01T09:11:44.386+0000] {processor.py:208} INFO - Processing /home/airflow/.local/lib/python3.12/site-packages/airflow/example_dags/example_short_circuit_operator.py took 0.053 seconds
[2026-07-01T09:12:14.627+0000] {processor.py:186} INFO - Started process (PID=419) to work on /home/airflow/.local/lib/python3.12/site-packages/airflow/example_dags/example_short_circuit_operator.py
[2026-07-01T09:12:14.629+0000] {processor.py:914} INFO - Processing file /home/airflow/.local/lib/python3.12/site-packages/airflow/example_dags/example_short_circuit_operator.py for tasks to queue
[2026-07-01T09:12:14.631+0000] {logging_mixin.py:190} INFO - [2026-07-01T09:12:14.630+0000] {dagbag.py:587} INFO - Filling up the DagBag from /home/airflow/.local/lib/python3.12/site-packages/airflow/example_dags/example_short_circuit_operator.py
[2026-07-01T09:12:14.638+0000] {processor.py:925} INFO - DAG(s) 'example_short_circuit_operator' retrieved from /home/airflow/.local/lib/python3.12/site-packages/airflow/example_dags/example_short_circuit_operator.py
[2026-07-01T09:12:14.659+0000] {logging_mixin.py:190} INFO - [2026-07-01T09:12:14.658+0000] {dag.py:3211} INFO - Sync 1 DAGs
[2026-07-01T09:12:14.677+0000] {logging_mixin.py:190} INFO - [2026-07-01T09:12:14.677+0000] {dag.py:4138} INFO - Setting next_dagrun for example_short_circuit_operator to 2026-06-30 00:00:00+00:00, run_after=2026-07-01 00:00:00+00:00
[2026-07-01T09:12:14.693+0000] {processor.py:208} INFO - Processing /home/airflow/.local/lib/python3.12/site-packages/airflow/example_dags/example_short_circuit_operator.py took 0.071 seconds
[2026-07-01T09:12:45.063+0000] {processor.py:186} INFO - Started process (PID=481) to work on /home/airflow/.local/lib/python3.12/site-packages/airflow/example_dags/example_short_circuit_operator.py
[2026-07-01T09:12:45.065+0000] {processor.py:914} INFO - Processing file /home/airflow/.local/lib/python3.12/site-packages/airflow/example_dags/example_short_circuit_operator.py for tasks to queue
[2026-07-01T09:12:45.067+0000] {logging_mixin.py:190} INFO - [2026-07-01T09:12:45.066+0000] {dagbag.py:587} INFO - Filling up the DagBag from /home/airflow/.local/lib/python3.12/site-packages/airflow/example_dags/example_short_circuit_operator.py
[2026-07-01T09:12:45.073+0000] {processor.py:925} INFO - DAG(s) 'example_short_circuit_operator' retrieved from /home/airflow/.local/lib/python3.12/site-packages/airflow/example_dags/example_short_circuit_operator.py
[2026-07-01T09:12:45.088+0000] {logging_mixin.py:190} INFO - [2026-07-01T09:12:45.088+0000] {dag.py:3211} INFO - Sync 1 DAGs
[2026-07-01T09:12:45.102+0000] {logging_mixin.py:190} INFO - [2026-07-01T09:12:45.101+0000] {dag.py:4138} INFO - Setting next_dagrun for example_short_circuit_operator to 2026-06-30 00:00:00+00:00, run_after=2026-07-01 00:00:00+00:00
[2026-07-01T09:12:45.113+0000] {processor.py:208} INFO - Processing /home/airflow/.local/lib/python3.12/site-packages/airflow/example_dags/example_short_circuit_operator.py took 0.055 seconds
[2026-07-01T09:13:15.518+0000] {processor.py:186} INFO - Started process (PID=543) to work on /home/airflow/.local/lib/python3.12/site-packages/airflow/example_dags/example_short_circuit_operator.py
[2026-07-01T09:13:15.519+0000] {processor.py:914} INFO - Processing file /home/airflow/.local/lib/python3.12/site-packages/airflow/example_dags/example_short_circuit_operator.py for tasks to queue
[2026-07-01T09:13:15.521+0000] {logging_mixin.py:190} INFO - [2026-07-01T09:13:15.521+0000] {dagbag.py:587} INFO - Filling up the DagBag from /home/airflow/.local/lib/python3.12/site-packages/airflow/example_dags/example_short_circuit_operator.py
[2026-07-01T09:13:15.528+0000] {processor.py:925} INFO - DAG(s) 'example_short_circuit_operator' retrieved from /home/airflow/.local/lib/python3.12/site-packages/airflow/example_dags/example_short_circuit_operator.py
[2026-07-01T09:13:15.545+0000] {logging_mixin.py:190} INFO - [2026-07-01T09:13:15.545+0000] {dag.py:3211} INFO - Sync 1 DAGs
[2026-07-01T09:13:15.560+0000] {logging_mixin.py:190} INFO - [2026-07-01T09:13:15.559+0000] {dag.py:4138} INFO - Setting next_dagrun for example_short_circuit_operator to 2026-06-30 00:00:00+00:00, run_after=2026-07-01 00:00:00+00:00
[2026-07-01T09:13:15.571+0000] {processor.py:208} INFO - Processing /home/airflow/.local/lib/python3.12/site-packages/airflow/example_dags/example_short_circuit_operator.py took 0.058 seconds
[2026-07-01T09:13:46.687+0000] {processor.py:186} INFO - Started process (PID=606) to work on /home/airflow/.local/lib/python3.12/site-packages/airflow/example_dags/example_short_circuit_operator.py
[2026-07-01T09:13:46.688+0000] {processor.py:914} INFO - Processing file /home/airflow/.local/lib/python3.12/site-packages/airflow/example_dags/example_short_circuit_operator.py for tasks to queue
[2026-07-01T09:13:46.690+0000] {logging_mixin.py:190} INFO - [2026-07-01T09:13:46.690+0000] {dagbag.py:587} INFO - Filling up the DagBag from /home/airflow/.local/lib/python3.12/site-packages/airflow/example_dags/example_short_circuit_operator.py
[2026-07-01T09:13:46.698+0000] {processor.py:925} INFO - DAG(s) 'example_short_circuit_operator' retrieved from /home/airflow/.local/lib/python3.12/site-packages/airflow/example_dags/example_short_circuit_operator.py
[2026-07-01T09:13:46.715+0000] {logging_mixin.py:190} INFO - [2026-07-01T09:13:46.715+0000] {dag.py:3211} INFO - Sync 1 DAGs
[2026-07-01T09:13:46.730+0000] {logging_mixin.py:190} INFO - [2026-07-01T09:13:46.730+0000] {dag.py:4138} INFO - Setting next_dagrun for example_short_circuit_operator to 2026-06-30 00:00:00+00:00, run_after=2026-07-01 00:00:00+00:00
[2026-07-01T09:13:46.744+0000] {processor.py:208} INFO - Processing /home/airflow/.local/lib/python3.12/site-packages/airflow/example_dags/example_short_circuit_operator.py took 0.063 seconds
[2026-07-01T09:14:16.918+0000] {processor.py:186} INFO - Started process (PID=668) to work on /home/airflow/.local/lib/python3.12/site-packages/airflow/example_dags/example_short_circuit_operator.py
[2026-07-01T09:14:16.919+0000] {processor.py:914} INFO - Processing file /home/airflow/.local/lib/python3.12/site-packages/airflow/example_dags/example_short_circuit_operator.py for tasks to queue
[2026-07-01T09:14:16.921+0000] {logging_mixin.py:190} INFO - [2026-07-01T09:14:16.921+0000] {dagbag.py:587} INFO - Filling up the DagBag from /home/airflow/.local/lib/python3.12/site-packages/airflow/example_dags/example_short_circuit_operator.py
[2026-07-01T09:14:16.928+0000] {processor.py:925} INFO - DAG(s) 'example_short_circuit_operator' retrieved from /home/airflow/.local/lib/python3.12/site-packages/airflow/example_dags/example_short_circuit_operator.py
[2026-07-01T09:14:16.947+0000] {logging_mixin.py:190} INFO - [2026-07-01T09:14:16.947+0000] {dag.py:3211} INFO - Sync 1 DAGs
[2026-07-01T09:14:16.962+0000] {logging_mixin.py:190} INFO - [2026-07-01T09:14:16.962+0000] {dag.py:4138} INFO - Setting next_dagrun for example_short_circuit_operator to 2026-06-30 00:00:00+00:00, run_after=2026-07-01 00:00:00+00:00
[2026-07-01T09:14:16.975+0000] {processor.py:208} INFO - Processing /home/airflow/.local/lib/python3.12/site-packages/airflow/example_dags/example_short_circuit_operator.py took 0.062 seconds
[2026-07-01T09:14:47.779+0000] {processor.py:186} INFO - Started process (PID=730) to work on /home/airflow/.local/lib/python3.12/site-packages/airflow/example_dags/example_short_circuit_operator.py
[2026-07-01T09:14:47.780+0000] {processor.py:914} INFO - Processing file /home/airflow/.local/lib/python3.12/site-packages/airflow/example_dags/example_short_circuit_operator.py for tasks to queue
[2026-07-01T09:14:47.781+0000] {logging_mixin.py:190} INFO - [2026-07-01T09:14:47.781+0000] {dagbag.py:587} INFO - Filling up the DagBag from /home/airflow/.local/lib/python3.12/site-packages/airflow/example_dags/example_short_circuit_operator.py
[2026-07-01T09:14:47.789+0000] {processor.py:925} INFO - DAG(s) 'example_short_circuit_operator' retrieved from /home/airflow/.local/lib/python3.12/site-packages/airflow/example_dags/example_short_circuit_operator.py
[2026-07-01T09:14:47.804+0000] {logging_mixin.py:190} INFO - [2026-07-01T09:14:47.804+0000] {dag.py:3211} INFO - Sync 1 DAGs
[2026-07-01T09:14:47.817+0000] {logging_mixin.py:190} INFO - [2026-07-01T09:14:47.817+0000] {dag.py:4138} INFO - Setting next_dagrun for example_short_circuit_operator to 2026-06-30 00:00:00+00:00, run_after=2026-07-01 00:00:00+00:00
[2026-07-01T09:14:47.829+0000] {processor.py:208} INFO - Processing /home/airflow/.local/lib/python3.12/site-packages/airflow/example_dags/example_short_circuit_operator.py took 0.055 seconds
[2026-07-01T09:15:18.633+0000] {processor.py:186} INFO - Started process (PID=792) to work on /home/airflow/.local/lib/python3.12/site-packages/airflow/example_dags/example_short_circuit_operator.py
[2026-07-01T09:15:18.634+0000] {processor.py:914} INFO - Processing file /home/airflow/.local/lib/python3.12/site-packages/airflow/example_dags/example_short_circuit_operator.py for tasks to queue
[2026-07-01T09:15:18.635+0000] {logging_mixin.py:190} INFO - [2026-07-01T09:15:18.635+0000] {dagbag.py:587} INFO - Filling up the DagBag from /home/airflow/.local/lib/python3.12/site-packages/airflow/example_dags/example_short_circuit_operator.py
[2026-07-01T09:15:18.643+0000] {processor.py:925} INFO - DAG(s) 'example_short_circuit_operator' retrieved from /home/airflow/.local/lib/python3.12/site-packages/airflow/example_dags/example_short_circuit_operator.py
[2026-07-01T09:15:18.658+0000] {logging_mixin.py:190} INFO - [2026-07-01T09:15:18.657+0000] {dag.py:3211} INFO - Sync 1 DAGs
[2026-07-01T09:15:18.672+0000] {logging_mixin.py:190} INFO - [2026-07-01T09:15:18.672+0000] {dag.py:4138} INFO - Setting next_dagrun for example_short_circuit_operator to 2026-06-30 00:00:00+00:00, run_after=2026-07-01 00:00:00+00:00
[2026-07-01T09:15:18.685+0000] {processor.py:208} INFO - Processing /home/airflow/.local/lib/python3.12/site-packages/airflow/example_dags/example_short_circuit_operator.py took 0.056 seconds
[2026-07-01T09:15:48.722+0000] {processor.py:186} INFO - Started process (PID=853) to work on /home/airflow/.local/lib/python3.12/site-packages/airflow/example_dags/example_short_circuit_operator.py
[2026-07-01T09:15:48.723+0000] {processor.py:914} INFO - Processing file /home/airflow/.local/lib/python3.12/site-packages/airflow/example_dags/example_short_circuit_operator.py for tasks to queue
[2026-07-01T09:15:48.725+0000] {logging_mixin.py:190} INFO - [2026-07-01T09:15:48.725+0000] {dagbag.py:587} INFO - Filling up the DagBag from /home/airflow/.local/lib/python3.12/site-packages/airflow/example_dags/example_short_circuit_operator.py
[2026-07-01T09:15:48.732+0000] {processor.py:925} INFO - DAG(s) 'example_short_circuit_operator' retrieved from /home/airflow/.local/lib/python3.12/site-packages/airflow/example_dags/example_short_circuit_operator.py
[2026-07-01T09:15:48.750+0000] {logging_mixin.py:190} INFO - [2026-07-01T09:15:48.750+0000] {dag.py:3211} INFO - Sync 1 DAGs
[2026-07-01T09:15:48.766+0000] {logging_mixin.py:190} INFO - [2026-07-01T09:15:48.766+0000] {dag.py:4138} INFO - Setting next_dagrun for example_short_circuit_operator to 2026-06-30 00:00:00+00:00, run_after=2026-07-01 00:00:00+00:00
[2026-07-01T09:15:48.779+0000] {processor.py:208} INFO - Processing /home/airflow/.local/lib/python3.12/site-packages/airflow/example_dags/example_short_circuit_operator.py took 0.062 seconds
[2026-07-01T09:16:18.996+0000] {processor.py:186} INFO - Started process (PID=915) to work on /home/airflow/.local/lib/python3.12/site-packages/airflow/example_dags/example_short_circuit_operator.py
[2026-07-01T09:16:18.997+0000] {processor.py:914} INFO - Processing file /home/airflow/.local/lib/python3.12/site-packages/airflow/example_dags/example_short_circuit_operator.py for tasks to queue
[2026-07-01T09:16:18.999+0000] {logging_mixin.py:190} INFO - [2026-07-01T09:16:18.999+0000] {dagbag.py:587} INFO - Filling up the DagBag from /home/airflow/.local/lib/python3.12/site-packages/airflow/example_dags/example_short_circuit_operator.py
[2026-07-01T09:16:19.006+0000] {processor.py:925} INFO - DAG(s) 'example_short_circuit_operator' retrieved from /home/airflow/.local/lib/python3.12/site-packages/airflow/example_dags/example_short_circuit_operator.py
[2026-07-01T09:16:19.021+0000] {logging_mixin.py:190} INFO - [2026-07-01T09:16:19.021+0000] {dag.py:3211} INFO - Sync 1 DAGs
[2026-07-01T09:16:19.038+0000] {logging_mixin.py:190} INFO - [2026-07-01T09:16:19.038+0000] {dag.py:4138} INFO - Setting next_dagrun for example_short_circuit_operator to 2026-06-30 00:00:00+00:00, run_after=2026-07-01 00:00:00+00:00
[2026-07-01T09:16:19.050+0000] {processor.py:208} INFO - Processing /home/airflow/.local/lib/python3.12/site-packages/airflow/example_dags/example_short_circuit_operator.py took 0.059 seconds
[2026-07-01T09:16:49.096+0000] {processor.py:186} INFO - Started process (PID=977) to work on /home/airflow/.local/lib/python3.12/site-packages/airflow/example_dags/example_short_circuit_operator.py
[2026-07-01T09:16:49.097+0000] {processor.py:914} INFO - Processing file /home/airflow/.local/lib/python3.12/site-packages/airflow/example_dags/example_short_circuit_operator.py for tasks to queue
[2026-07-01T09:16:49.099+0000] {logging_mixin.py:190} INFO - [2026-07-01T09:16:49.098+0000] {dagbag.py:587} INFO - Filling up the DagBag from /home/airflow/.local/lib/python3.12/site-packages/airflow/example_dags/example_short_circuit_operator.py
[2026-07-01T09:16:49.105+0000] {processor.py:925} INFO - DAG(s) 'example_short_circuit_operator' retrieved from /home/airflow/.local/lib/python3.12/site-packages/airflow/example_dags/example_short_circuit_operator.py
[2026-07-01T09:16:49.121+0000] {logging_mixin.py:190} INFO - [2026-07-01T09:16:49.121+0000] {dag.py:3211} INFO - Sync 1 DAGs
[2026-07-01T09:16:49.137+0000] {logging_mixin.py:190} INFO - [2026-07-01T09:16:49.137+0000] {dag.py:4138} INFO - Setting next_dagrun for example_short_circuit_operator to 2026-06-30 00:00:00+00:00, run_after=2026-07-01 00:00:00+00:00
[2026-07-01T09:16:49.150+0000] {processor.py:208} INFO - Processing /home/airflow/.local/lib/python3.12/site-packages/airflow/example_dags/example_short_circuit_operator.py took 0.058 seconds
[2026-07-01T09:17:19.602+0000] {processor.py:186} INFO - Started process (PID=1039) to work on /home/airflow/.local/lib/python3.12/site-packages/airflow/example_dags/example_short_circuit_operator.py
[2026-07-01T09:17:19.603+0000] {processor.py:914} INFO - Processing file /home/airflow/.local/lib/python3.12/site-packages/airflow/example_dags/example_short_circuit_operator.py for tasks to queue
[2026-07-01T09:17:19.606+0000] {logging_mixin.py:190} INFO - [2026-07-01T09:17:19.605+0000] {dagbag.py:587} INFO - Filling up the DagBag from /home/airflow/.local/lib/python3.12/site-packages/airflow/example_dags/example_short_circuit_operator.py
[2026-07-01T09:17:19.613+0000] {processor.py:925} INFO - DAG(s) 'example_short_circuit_operator' retrieved from /home/airflow/.local/lib/python3.12/site-packages/airflow/example_dags/example_short_circuit_operator.py
[2026-07-01T09:17:19.633+0000] {logging_mixin.py:190} INFO - [2026-07-01T09:17:19.632+0000] {dag.py:3211} INFO - Sync 1 DAGs
[2026-07-01T09:17:19.657+0000] {logging_mixin.py:190} INFO - [2026-07-01T09:17:19.657+0000] {dag.py:4138} INFO - Setting next_dagrun for example_short_circuit_operator to 2026-06-30 00:00:00+00:00, run_after=2026-07-01 00:00:00+00:00
[2026-07-01T09:17:19.675+0000] {processor.py:208} INFO - Processing /home/airflow/.local/lib/python3.12/site-packages/airflow/example_dags/example_short_circuit_operator.py took 0.078 seconds
[2026-07-01T09:17:49.811+0000] {processor.py:186} INFO - Started process (PID=1101) to work on /home/airflow/.local/lib/python3.12/site-packages/airflow/example_dags/example_short_circuit_operator.py
[2026-07-01T09:17:49.813+0000] {processor.py:914} INFO - Processing file /home/airflow/.local/lib/python3.12/site-packages/airflow/example_dags/example_short_circuit_operator.py for tasks to queue
[2026-07-01T09:17:49.815+0000] {logging_mixin.py:190} INFO - [2026-07-01T09:17:49.815+0000] {dagbag.py:587} INFO - Filling up the DagBag from /home/airflow/.local/lib/python3.12/site-packages/airflow/example_dags/example_short_circuit_operator.py
[2026-07-01T09:17:49.823+0000] {processor.py:925} INFO - DAG(s) 'example_short_circuit_operator' retrieved from /home/airflow/.local/lib/python3.12/site-packages/airflow/example_dags/example_short_circuit_operator.py
[2026-07-01T09:17:49.842+0000] {logging_mixin.py:190} INFO - [2026-07-01T09:17:49.841+0000] {dag.py:3211} INFO - Sync 1 DAGs
[2026-07-01T09:17:49.859+0000] {logging_mixin.py:190} INFO - [2026-07-01T09:17:49.859+0000] {dag.py:4138} INFO - Setting next_dagrun for example_short_circuit_operator to 2026-06-30 00:00:00+00:00, run_after=2026-07-01 00:00:00+00:00
[2026-07-01T09:17:49.874+0000] {processor.py:208} INFO - Processing /home/airflow/.local/lib/python3.12/site-packages/airflow/example_dags/example_short_circuit_operator.py took 0.068 seconds
[2026-07-01T09:18:20.329+0000] {processor.py:186} INFO - Started process (PID=1163) to work on /home/airflow/.local/lib/python3.12/site-packages/airflow/example_dags/example_short_circuit_operator.py
[2026-07-01T09:18:20.330+0000] {processor.py:914} INFO - Processing file /home/airflow/.local/lib/python3.12/site-packages/airflow/example_dags/example_short_circuit_operator.py for tasks to queue
[2026-07-01T09:18:20.332+0000] {logging_mixin.py:190} INFO - [2026-07-01T09:18:20.331+0000] {dagbag.py:587} INFO - Filling up the DagBag from /home/airflow/.local/lib/python3.12/site-packages/airflow/example_dags/example_short_circuit_operator.py
[2026-07-01T09:18:20.338+0000] {processor.py:925} INFO - DAG(s) 'example_short_circuit_operator' retrieved from /home/airflow/.local/lib/python3.12/site-packages/airflow/example_dags/example_short_circuit_operator.py
[2026-07-01T09:18:20.352+0000] {logging_mixin.py:190} INFO - [2026-07-01T09:18:20.352+0000] {dag.py:3211} INFO - Sync 1 DAGs
[2026-07-01T09:18:20.367+0000] {logging_mixin.py:190} INFO - [2026-07-01T09:18:20.367+0000] {dag.py:4138} INFO - Setting next_dagrun for example_short_circuit_operator to 2026-06-30 00:00:00+00:00, run_after=2026-07-01 00:00:00+00:00
[2026-07-01T09:18:20.378+0000] {processor.py:208} INFO - Processing /home/airflow/.local/lib/python3.12/site-packages/airflow/example_dags/example_short_circuit_operator.py took 0.054 seconds
[2026-07-01T09:18:51.292+0000] {processor.py:186} INFO - Started process (PID=1226) to work on /home/airflow/.local/lib/python3.12/site-packages/airflow/example_dags/example_short_circuit_operator.py
[2026-07-01T09:18:51.293+0000] {processor.py:914} INFO - Processing file /home/airflow/.local/lib/python3.12/site-packages/airflow/example_dags/example_short_circuit_operator.py for tasks to queue
[2026-07-01T09:18:51.294+0000] {logging_mixin.py:190} INFO - [2026-07-01T09:18:51.294+0000] {dagbag.py:587} INFO - Filling up the DagBag from /home/airflow/.local/lib/python3.12/site-packages/airflow/example_dags/example_short_circuit_operator.py
[2026-07-01T09:18:51.301+0000] {processor.py:925} INFO - DAG(s) 'example_short_circuit_operator' retrieved from /home/airflow/.local/lib/python3.12/site-packages/airflow/example_dags/example_short_circuit_operator.py
[2026-07-01T09:18:51.318+0000] {logging_mixin.py:190} INFO - [2026-07-01T09:18:51.318+0000] {dag.py:3211} INFO - Sync 1 DAGs
[2026-07-01T09:18:51.337+0000] {logging_mixin.py:190} INFO - [2026-07-01T09:18:51.336+0000] {dag.py:4138} INFO - Setting next_dagrun for example_short_circuit_operator to 2026-06-30 00:00:00+00:00, run_after=2026-07-01 00:00:00+00:00
[2026-07-01T09:18:51.352+0000] {processor.py:208} INFO - Processing /home/airflow/.local/lib/python3.12/site-packages/airflow/example_dags/example_short_circuit_operator.py took 0.066 seconds
[2026-07-01T09:19:21.954+0000] {processor.py:186} INFO - Started process (PID=1288) to work on /home/airflow/.local/lib/python3.12/site-packages/airflow/example_dags/example_short_circuit_operator.py
[2026-07-01T09:19:21.955+0000] {processor.py:914} INFO - Processing file /home/airflow/.local/lib/python3.12/site-packages/airflow/example_dags/example_short_circuit_operator.py for tasks to queue
[2026-07-01T09:19:21.956+0000] {logging_mixin.py:190} INFO - [2026-07-01T09:19:21.956+0000] {dagbag.py:587} INFO - Filling up the DagBag from /home/airflow/.local/lib/python3.12/site-packages/airflow/example_dags/example_short_circuit_operator.py
[2026-07-01T09:19:21.963+0000] {processor.py:925} INFO - DAG(s) 'example_short_circuit_operator' retrieved from /home/airflow/.local/lib/python3.12/site-packages/airflow/example_dags/example_short_circuit_operator.py
[2026-07-01T09:19:21.978+0000] {logging_mixin.py:190} INFO - [2026-07-01T09:19:21.978+0000] {dag.py:3211} INFO - Sync 1 DAGs
[2026-07-01T09:19:21.993+0000] {logging_mixin.py:190} INFO - [2026-07-01T09:19:21.992+0000] {dag.py:4138} INFO - Setting next_dagrun for example_short_circuit_operator to 2026-06-30 00:00:00+00:00, run_after=2026-07-01 00:00:00+00:00
[2026-07-01T09:19:22.005+0000] {processor.py:208} INFO - Processing /home/airflow/.local/lib/python3.12/site-packages/airflow/example_dags/example_short_circuit_operator.py took 0.056 seconds
[2026-07-01T09:19:52.697+0000] {processor.py:186} INFO - Started process (PID=1350) to work on /home/airflow/.local/lib/python3.12/site-packages/airflow/example_dags/example_short_circuit_operator.py
[2026-07-01T09:19:52.698+0000] {processor.py:914} INFO - Processing file /home/airflow/.local/lib/python3.12/site-packages/airflow/example_dags/example_short_circuit_operator.py for tasks to queue
[2026-07-01T09:19:52.700+0000] {logging_mixin.py:190} INFO - [2026-07-01T09:19:52.700+0000] {dagbag.py:587} INFO - Filling up the DagBag from /home/airflow/.local/lib/python3.12/site-packages/airflow/example_dags/example_short_circuit_operator.py
[2026-07-01T09:19:52.707+0000] {processor.py:925} INFO - DAG(s) 'example_short_circuit_operator' retrieved from /home/airflow/.local/lib/python3.12/site-packages/airflow/example_dags/example_short_circuit_operator.py
[2026-07-01T09:19:52.723+0000] {logging_mixin.py:190} INFO - [2026-07-01T09:19:52.723+0000] {dag.py:3211} INFO - Sync 1 DAGs
[2026-07-01T09:19:52.739+0000] {logging_mixin.py:190} INFO - [2026-07-01T09:19:52.739+0000] {dag.py:4138} INFO - Setting next_dagrun for example_short_circuit_operator to 2026-06-30 00:00:00+00:00, run_after=2026-07-01 00:00:00+00:00
[2026-07-01T09:19:52.755+0000] {processor.py:208} INFO - Processing /home/airflow/.local/lib/python3.12/site-packages/airflow/example_dags/example_short_circuit_operator.py took 0.062 seconds
[2026-07-01T09:20:23.482+0000] {processor.py:186} INFO - Started process (PID=1412) to work on /home/airflow/.local/lib/python3.12/site-packages/airflow/example_dags/example_short_circuit_operator.py
[2026-07-01T09:20:23.483+0000] {processor.py:914} INFO - Processing file /home/airflow/.local/lib/python3.12/site-packages/airflow/example_dags/example_short_circuit_operator.py for tasks to queue
[2026-07-01T09:20:23.485+0000] {logging_mixin.py:190} INFO - [2026-07-01T09:20:23.485+0000] {dagbag.py:587} INFO - Filling up the DagBag from /home/airflow/.local/lib/python3.12/site-packages/airflow/example_dags/example_short_circuit_operator.py
[2026-07-01T09:20:23.491+0000] {processor.py:925} INFO - DAG(s) 'example_short_circuit_operator' retrieved from /home/airflow/.local/lib/python3.12/site-packages/airflow/example_dags/example_short_circuit_operator.py
[2026-07-01T09:20:23.507+0000] {logging_mixin.py:190} INFO - [2026-07-01T09:20:23.507+0000] {dag.py:3211} INFO - Sync 1 DAGs
[2026-07-01T09:20:23.521+0000] {logging_mixin.py:190} INFO - [2026-07-01T09:20:23.521+0000] {dag.py:4138} INFO - Setting next_dagrun for example_short_circuit_operator to 2026-06-30 00:00:00+00:00, run_after=2026-07-01 00:00:00+00:00
[2026-07-01T09:20:23.533+0000] {processor.py:208} INFO - Processing /home/airflow/.local/lib/python3.12/site-packages/airflow/example_dags/example_short_circuit_operator.py took 0.055 seconds
[2026-07-01T09:20:54.499+0000] {processor.py:186} INFO - Started process (PID=1474) to work on /home/airflow/.local/lib/python3.12/site-packages/airflow/example_dags/example_short_circuit_operator.py
[2026-07-01T09:20:54.500+0000] {processor.py:914} INFO - Processing file /home/airflow/.local/lib/python3.12/site-packages/airflow/example_dags/example_short_circuit_operator.py for tasks to queue
[2026-07-01T09:20:54.502+0000] {logging_mixin.py:190} INFO - [2026-07-01T09:20:54.502+0000] {dagbag.py:587} INFO - Filling up the DagBag from /home/airflow/.local/lib/python3.12/site-packages/airflow/example_dags/example_short_circuit_operator.py
[2026-07-01T09:20:54.508+0000] {processor.py:925} INFO - DAG(s) 'example_short_circuit_operator' retrieved from /home/airflow/.local/lib/python3.12/site-packages/airflow/example_dags/example_short_circuit_operator.py
[2026-07-01T09:20:54.523+0000] {logging_mixin.py:190} INFO - [2026-07-01T09:20:54.523+0000] {dag.py:3211} INFO - Sync 1 DAGs
[2026-07-01T09:20:54.537+0000] {logging_mixin.py:190} INFO - [2026-07-01T09:20:54.537+0000] {dag.py:4138} INFO - Setting next_dagrun for example_short_circuit_operator to 2026-06-30 00:00:00+00:00, run_after=2026-07-01 00:00:00+00:00
[2026-07-01T09:20:54.551+0000] {processor.py:208} INFO - Processing /home/airflow/.local/lib/python3.12/site-packages/airflow/example_dags/example_short_circuit_operator.py took 0.056 seconds
[2026-07-01T09:21:24.613+0000] {processor.py:186} INFO - Started process (PID=1536) to work on /home/airflow/.local/lib/python3.12/site-packages/airflow/example_dags/example_short_circuit_operator.py
[2026-07-01T09:21:24.614+0000] {processor.py:914} INFO - Processing file /home/airflow/.local/lib/python3.12/site-packages/airflow/example_dags/example_short_circuit_operator.py for tasks to queue
[2026-07-01T09:21:24.617+0000] {logging_mixin.py:190} INFO - [2026-07-01T09:21:24.617+0000] {dagbag.py:587} INFO - Filling up the DagBag from /home/airflow/.local/lib/python3.12/site-packages/airflow/example_dags/example_short_circuit_operator.py
[2026-07-01T09:21:24.624+0000] {processor.py:925} INFO - DAG(s) 'example_short_circuit_operator' retrieved from /home/airflow/.local/lib/python3.12/site-packages/airflow/example_dags/example_short_circuit_operator.py
[2026-07-01T09:21:24.641+0000] {logging_mixin.py:190} INFO - [2026-07-01T09:21:24.641+0000] {dag.py:3211} INFO - Sync 1 DAGs
[2026-07-01T09:21:24.656+0000] {logging_mixin.py:190} INFO - [2026-07-01T09:21:24.656+0000] {dag.py:4138} INFO - Setting next_dagrun for example_short_circuit_operator to 2026-06-30 00:00:00+00:00, run_after=2026-07-01 00:00:00+00:00
[2026-07-01T09:21:24.668+0000] {processor.py:208} INFO - Processing /home/airflow/.local/lib/python3.12/site-packages/airflow/example_dags/example_short_circuit_operator.py took 0.060 seconds
[2026-07-01T09:21:54.850+0000] {processor.py:186} INFO - Started process (PID=1598) to work on /home/airflow/.local/lib/python3.12/site-packages/airflow/example_dags/example_short_circuit_operator.py
[2026-07-01T09:21:54.851+0000] {processor.py:914} INFO - Processing file /home/airflow/.local/lib/python3.12/site-packages/airflow/example_dags/example_short_circuit_operator.py for tasks to queue
[2026-07-01T09:21:54.853+0000] {logging_mixin.py:190} INFO - [2026-07-01T09:21:54.853+0000] {dagbag.py:587} INFO - Filling up the DagBag from /home/airflow/.local/lib/python3.12/site-packages/airflow/example_dags/example_short_circuit_operator.py
[2026-07-01T09:21:54.861+0000] {processor.py:925} INFO - DAG(s) 'example_short_circuit_operator' retrieved from /home/airflow/.local/lib/python3.12/site-packages/airflow/example_dags/example_short_circuit_operator.py
[2026-07-01T09:21:54.880+0000] {logging_mixin.py:190} INFO - [2026-07-01T09:21:54.880+0000] {dag.py:3211} INFO - Sync 1 DAGs
[2026-07-01T09:21:54.902+0000] {logging_mixin.py:190} INFO - [2026-07-01T09:21:54.902+0000] {dag.py:4138} INFO - Setting next_dagrun for example_short_circuit_operator to 2026-06-30 00:00:00+00:00, run_after=2026-07-01 00:00:00+00:00
[2026-07-01T09:21:54.918+0000] {processor.py:208} INFO - Processing /home/airflow/.local/lib/python3.12/site-packages/airflow/example_dags/example_short_circuit_operator.py took 0.073 seconds
[2026-07-01T09:22:25.216+0000] {processor.py:186} INFO - Started process (PID=1660) to work on /home/airflow/.local/lib/python3.12/site-packages/airflow/example_dags/example_short_circuit_operator.py
[2026-07-01T09:22:25.217+0000] {processor.py:914} INFO - Processing file /home/airflow/.local/lib/python3.12/site-packages/airflow/example_dags/example_short_circuit_operator.py for tasks to queue
[2026-07-01T09:22:25.220+0000] {logging_mixin.py:190} INFO - [2026-07-01T09:22:25.219+0000] {dagbag.py:587} INFO - Filling up the DagBag from /home/airflow/.local/lib/python3.12/site-packages/airflow/example_dags/example_short_circuit_operator.py
[2026-07-01T09:22:25.227+0000] {processor.py:925} INFO - DAG(s) 'example_short_circuit_operator' retrieved from /home/airflow/.local/lib/python3.12/site-packages/airflow/example_dags/example_short_circuit_operator.py
[2026-07-01T09:22:25.244+0000] {logging_mixin.py:190} INFO - [2026-07-01T09:22:25.244+0000] {dag.py:3211} INFO - Sync 1 DAGs
[2026-07-01T09:22:25.260+0000] {logging_mixin.py:190} INFO - [2026-07-01T09:22:25.260+0000] {dag.py:4138} INFO - Setting next_dagrun for example_short_circuit_operator to 2026-06-30 00:00:00+00:00, run_after=2026-07-01 00:00:00+00:00
[2026-07-01T09:22:25.275+0000] {processor.py:208} INFO - Processing /home/airflow/.local/lib/python3.12/site-packages/airflow/example_dags/example_short_circuit_operator.py took 0.064 seconds
[2026-07-01T09:22:56.222+0000] {processor.py:186} INFO - Started process (PID=1722) to work on /home/airflow/.local/lib/python3.12/site-packages/airflow/example_dags/example_short_circuit_operator.py
[2026-07-01T09:22:56.223+0000] {processor.py:914} INFO - Processing file /home/airflow/.local/lib/python3.12/site-packages/airflow/example_dags/example_short_circuit_operator.py for tasks to queue
[2026-07-01T09:22:56.225+0000] {logging_mixin.py:190} INFO - [2026-07-01T09:22:56.225+0000] {dagbag.py:587} INFO - Filling up the DagBag from /home/airflow/.local/lib/python3.12/site-packages/airflow/example_dags/example_short_circuit_operator.py
[2026-07-01T09:22:56.232+0000] {processor.py:925} INFO - DAG(s) 'example_short_circuit_operator' retrieved from /home/airflow/.local/lib/python3.12/site-packages/airflow/example_dags/example_short_circuit_operator.py
[2026-07-01T09:22:56.251+0000] {logging_mixin.py:190} INFO - [2026-07-01T09:22:56.251+0000] {dag.py:3211} INFO - Sync 1 DAGs
[2026-07-01T09:22:56.268+0000] {logging_mixin.py:190} INFO - [2026-07-01T09:22:56.268+0000] {dag.py:4138} INFO - Setting next_dagrun for example_short_circuit_operator to 2026-06-30 00:00:00+00:00, run_after=2026-07-01 00:00:00+00:00
[2026-07-01T09:22:56.281+0000] {processor.py:208} INFO - Processing /home/airflow/.local/lib/python3.12/site-packages/airflow/example_dags/example_short_circuit_operator.py took 0.064 seconds
[2026-07-01T09:23:26.633+0000] {processor.py:186} INFO - Started process (PID=1784) to work on /home/airflow/.local/lib/python3.12/site-packages/airflow/example_dags/example_short_circuit_operator.py
[2026-07-01T09:23:26.634+0000] {processor.py:914} INFO - Processing file /home/airflow/.local/lib/python3.12/site-packages/airflow/example_dags/example_short_circuit_operator.py for tasks to queue
[2026-07-01T09:23:26.638+0000] {logging_mixin.py:190} INFO - [2026-07-01T09:23:26.638+0000] {dagbag.py:587} INFO - Filling up the DagBag from /home/airflow/.local/lib/python3.12/site-packages/airflow/example_dags/example_short_circuit_operator.py
[2026-07-01T09:23:26.648+0000] {processor.py:925} INFO - DAG(s) 'example_short_circuit_operator' retrieved from /home/airflow/.local/lib/python3.12/site-packages/airflow/example_dags/example_short_circuit_operator.py
[2026-07-01T09:23:26.669+0000] {logging_mixin.py:190} INFO - [2026-07-01T09:23:26.668+0000] {dag.py:3211} INFO - Sync 1 DAGs
[2026-07-01T09:23:26.688+0000] {logging_mixin.py:190} INFO - [2026-07-01T09:23:26.687+0000] {dag.py:4138} INFO - Setting next_dagrun for example_short_circuit_operator to 2026-06-30 00:00:00+00:00, run_after=2026-07-01 00:00:00+00:00
[2026-07-01T09:23:26.702+0000] {processor.py:208} INFO - Processing /home/airflow/.local/lib/python3.12/site-packages/airflow/example_dags/example_short_circuit_operator.py took 0.074 seconds
[2026-07-01T09:23:56.926+0000] {processor.py:186} INFO - Started process (PID=1845) to work on /home/airflow/.local/lib/python3.12/site-packages/airflow/example_dags/example_short_circuit_operator.py
[2026-07-01T09:23:56.927+0000] {processor.py:914} INFO - Processing file /home/airflow/.local/lib/python3.12/site-packages/airflow/example_dags/example_short_circuit_operator.py for tasks to queue
[2026-07-01T09:23:56.930+0000] {logging_mixin.py:190} INFO - [2026-07-01T09:23:56.929+0000] {dagbag.py:587} INFO - Filling up the DagBag from /home/airflow/.local/lib/python3.12/site-packages/airflow/example_dags/example_short_circuit_operator.py
[2026-07-01T09:23:56.938+0000] {processor.py:925} INFO - DAG(s) 'example_short_circuit_operator' retrieved from /home/airflow/.local/lib/python3.12/site-packages/airflow/example_dags/example_short_circuit_operator.py
[2026-07-01T09:23:56.957+0000] {logging_mixin.py:190} INFO - [2026-07-01T09:23:56.956+0000] {dag.py:3211} INFO - Sync 1 DAGs
[2026-07-01T09:23:56.974+0000] {logging_mixin.py:190} INFO - [2026-07-01T09:23:56.974+0000] {dag.py:4138} INFO - Setting next_dagrun for example_short_circuit_operator to 2026-06-30 00:00:00+00:00, run_after=2026-07-01 00:00:00+00:00
[2026-07-01T09:23:56.989+0000] {processor.py:208} INFO - Processing /home/airflow/.local/lib/python3.12/site-packages/airflow/example_dags/example_short_circuit_operator.py took 0.068 seconds
[2026-07-01T09:24:27.226+0000] {processor.py:186} INFO - Started process (PID=1907) to work on /home/airflow/.local/lib/python3.12/site-packages/airflow/example_dags/example_short_circuit_operator.py
[2026-07-01T09:24:27.228+0000] {processor.py:914} INFO - Processing file /home/airflow/.local/lib/python3.12/site-packages/airflow/example_dags/example_short_circuit_operator.py for tasks to queue
[2026-07-01T09:24:27.230+0000] {logging_mixin.py:190} INFO - [2026-07-01T09:24:27.229+0000] {dagbag.py:587} INFO - Filling up the DagBag from /home/airflow/.local/lib/python3.12/site-packages/airflow/example_dags/example_short_circuit_operator.py
[2026-07-01T09:24:27.236+0000] {processor.py:925} INFO - DAG(s) 'example_short_circuit_operator' retrieved from /home/airflow/.local/lib/python3.12/site-packages/airflow/example_dags/example_short_circuit_operator.py
[2026-07-01T09:24:27.251+0000] {logging_mixin.py:190} INFO - [2026-07-01T09:24:27.251+0000] {dag.py:3211} INFO - Sync 1 DAGs
[2026-07-01T09:24:27.267+0000] {logging_mixin.py:190} INFO - [2026-07-01T09:24:27.267+0000] {dag.py:4138} INFO - Setting next_dagrun for example_short_circuit_operator to 2026-06-30 00:00:00+00:00, run_after=2026-07-01 00:00:00+00:00
[2026-07-01T09:24:27.279+0000] {processor.py:208} INFO - Processing /home/airflow/.local/lib/python3.12/site-packages/airflow/example_dags/example_short_circuit_operator.py took 0.057 seconds
[2026-07-01T09:24:58.090+0000] {processor.py:186} INFO - Started process (PID=1969) to work on /home/airflow/.local/lib/python3.12/site-packages/airflow/example_dags/example_short_circuit_operator.py
[2026-07-01T09:24:58.090+0000] {processor.py:914} INFO - Processing file /home/airflow/.local/lib/python3.12/site-packages/airflow/example_dags/example_short_circuit_operator.py for tasks to queue
[2026-07-01T09:24:58.092+0000] {logging_mixin.py:190} INFO - [2026-07-01T09:24:58.092+0000] {dagbag.py:587} INFO - Filling up the DagBag from /home/airflow/.local/lib/python3.12/site-packages/airflow/example_dags/example_short_circuit_operator.py
[2026-07-01T09:24:58.098+0000] {processor.py:925} INFO - DAG(s) 'example_short_circuit_operator' retrieved from /home/airflow/.local/lib/python3.12/site-packages/airflow/example_dags/example_short_circuit_operator.py
[2026-07-01T09:24:58.113+0000] {logging_mixin.py:190} INFO - [2026-07-01T09:24:58.113+0000] {dag.py:3211} INFO - Sync 1 DAGs
[2026-07-01T09:24:58.129+0000] {logging_mixin.py:190} INFO - [2026-07-01T09:24:58.129+0000] {dag.py:4138} INFO - Setting next_dagrun for example_short_circuit_operator to 2026-06-30 00:00:00+00:00, run_after=2026-07-01 00:00:00+00:00
[2026-07-01T09:24:58.142+0000] {processor.py:208} INFO - Processing /home/airflow/.local/lib/python3.12/site-packages/airflow/example_dags/example_short_circuit_operator.py took 0.056 seconds
[2026-07-01T09:25:28.579+0000] {processor.py:186} INFO - Started process (PID=2031) to work on /home/airflow/.local/lib/python3.12/site-packages/airflow/example_dags/example_short_circuit_operator.py
[2026-07-01T09:25:28.580+0000] {processor.py:914} INFO - Processing file /home/airflow/.local/lib/python3.12/site-packages/airflow/example_dags/example_short_circuit_operator.py for tasks to queue
[2026-07-01T09:25:28.582+0000] {logging_mixin.py:190} INFO - [2026-07-01T09:25:28.582+0000] {dagbag.py:587} INFO - Filling up the DagBag from /home/airflow/.local/lib/python3.12/site-packages/airflow/example_dags/example_short_circuit_operator.py
[2026-07-01T09:25:28.590+0000] {processor.py:925} INFO - DAG(s) 'example_short_circuit_operator' retrieved from /home/airflow/.local/lib/python3.12/site-packages/airflow/example_dags/example_short_circuit_operator.py
[2026-07-01T09:25:28.608+0000] {logging_mixin.py:190} INFO - [2026-07-01T09:25:28.608+0000] {dag.py:3211} INFO - Sync 1 DAGs
[2026-07-01T09:25:28.625+0000] {logging_mixin.py:190} INFO - [2026-07-01T09:25:28.625+0000] {dag.py:4138} INFO - Setting next_dagrun for example_short_circuit_operator to 2026-06-30 00:00:00+00:00, run_after=2026-07-01 00:00:00+00:00
[2026-07-01T09:25:28.640+0000] {processor.py:208} INFO - Processing /home/airflow/.local/lib/python3.12/site-packages/airflow/example_dags/example_short_circuit_operator.py took 0.065 seconds
[2026-07-01T09:30:09.426+0000] {processor.py:186} INFO - Started process (PID=2088) to work on /home/airflow/.local/lib/python3.12/site-packages/airflow/example_dags/example_short_circuit_operator.py
[2026-07-01T09:30:09.428+0000] {processor.py:914} INFO - Processing file /home/airflow/.local/lib/python3.12/site-packages/airflow/example_dags/example_short_circuit_operator.py for tasks to queue
[2026-07-01T09:30:09.430+0000] {logging_mixin.py:190} INFO - [2026-07-01T09:30:09.430+0000] {dagbag.py:587} INFO - Filling up the DagBag from /home/airflow/.local/lib/python3.12/site-packages/airflow/example_dags/example_short_circuit_operator.py
[2026-07-01T09:30:09.437+0000] {processor.py:925} INFO - DAG(s) 'example_short_circuit_operator' retrieved from /home/airflow/.local/lib/python3.12/site-packages/airflow/example_dags/example_short_circuit_operator.py
[2026-07-01T09:30:09.458+0000] {logging_mixin.py:190} INFO - [2026-07-01T09:30:09.458+0000] {dag.py:3211} INFO - Sync 1 DAGs
[2026-07-01T09:30:09.478+0000] {logging_mixin.py:190} INFO - [2026-07-01T09:30:09.478+0000] {dag.py:4138} INFO - Setting next_dagrun for example_short_circuit_operator to 2026-06-30 00:00:00+00:00, run_after=2026-07-01 00:00:00+00:00
[2026-07-01T09:30:09.495+0000] {processor.py:208} INFO - Processing /home/airflow/.local/lib/python3.12/site-packages/airflow/example_dags/example_short_circuit_operator.py took 0.073 seconds
[2026-07-01T09:30:39.820+0000] {processor.py:186} INFO - Started process (PID=2149) to work on /home/airflow/.local/lib/python3.12/site-packages/airflow/example_dags/example_short_circuit_operator.py
[2026-07-01T09:30:39.822+0000] {processor.py:914} INFO - Processing file /home/airflow/.local/lib/python3.12/site-packages/airflow/example_dags/example_short_circuit_operator.py for tasks to queue
[2026-07-01T09:30:39.825+0000] {logging_mixin.py:190} INFO - [2026-07-01T09:30:39.825+0000] {dagbag.py:587} INFO - Filling up the DagBag from /home/airflow/.local/lib/python3.12/site-packages/airflow/example_dags/example_short_circuit_operator.py
[2026-07-01T09:30:39.834+0000] {processor.py:925} INFO - DAG(s) 'example_short_circuit_operator' retrieved from /home/airflow/.local/lib/python3.12/site-packages/airflow/example_dags/example_short_circuit_operator.py
[2026-07-01T09:30:39.855+0000] {logging_mixin.py:190} INFO - [2026-07-01T09:30:39.855+0000] {dag.py:3211} INFO - Sync 1 DAGs
[2026-07-01T09:30:39.876+0000] {logging_mixin.py:190} INFO - [2026-07-01T09:30:39.875+0000] {dag.py:4138} INFO - Setting next_dagrun for example_short_circuit_operator to 2026-06-30 00:00:00+00:00, run_after=2026-07-01 00:00:00+00:00
[2026-07-01T09:30:39.896+0000] {processor.py:208} INFO - Processing /home/airflow/.local/lib/python3.12/site-packages/airflow/example_dags/example_short_circuit_operator.py took 0.083 seconds
[2026-07-01T09:31:10.192+0000] {processor.py:186} INFO - Started process (PID=2211) to work on /home/airflow/.local/lib/python3.12/site-packages/airflow/example_dags/example_short_circuit_operator.py
[2026-07-01T09:31:10.193+0000] {processor.py:914} INFO - Processing file /home/airflow/.local/lib/python3.12/site-packages/airflow/example_dags/example_short_circuit_operator.py for tasks to queue
[2026-07-01T09:31:10.196+0000] {logging_mixin.py:190} INFO - [2026-07-01T09:31:10.195+0000] {dagbag.py:587} INFO - Filling up the DagBag from /home/airflow/.local/lib/python3.12/site-packages/airflow/example_dags/example_short_circuit_operator.py
[2026-07-01T09:31:10.203+0000] {processor.py:925} INFO - DAG(s) 'example_short_circuit_operator' retrieved from /home/airflow/.local/lib/python3.12/site-packages/airflow/example_dags/example_short_circuit_operator.py
[2026-07-01T09:31:10.219+0000] {logging_mixin.py:190} INFO - [2026-07-01T09:31:10.219+0000] {dag.py:3211} INFO - Sync 1 DAGs
[2026-07-01T09:31:10.234+0000] {logging_mixin.py:190} INFO - [2026-07-01T09:31:10.234+0000] {dag.py:4138} INFO - Setting next_dagrun for example_short_circuit_operator to 2026-06-30 00:00:00+00:00, run_after=2026-07-01 00:00:00+00:00
[2026-07-01T09:31:10.247+0000] {processor.py:208} INFO - Processing /home/airflow/.local/lib/python3.12/site-packages/airflow/example_dags/example_short_circuit_operator.py took 0.060 seconds
[2026-07-01T09:31:40.730+0000] {processor.py:186} INFO - Started process (PID=2273) to work on /home/airflow/.local/lib/python3.12/site-packages/airflow/example_dags/example_short_circuit_operator.py
[2026-07-01T09:31:40.731+0000] {processor.py:914} INFO - Processing file /home/airflow/.local/lib/python3.12/site-packages/airflow/example_dags/example_short_circuit_operator.py for tasks to queue
[2026-07-01T09:31:40.734+0000] {logging_mixin.py:190} INFO - [2026-07-01T09:31:40.734+0000] {dagbag.py:587} INFO - Filling up the DagBag from /home/airflow/.local/lib/python3.12/site-packages/airflow/example_dags/example_short_circuit_operator.py
[2026-07-01T09:31:40.742+0000] {processor.py:925} INFO - DAG(s) 'example_short_circuit_operator' retrieved from /home/airflow/.local/lib/python3.12/site-packages/airflow/example_dags/example_short_circuit_operator.py
[2026-07-01T09:31:40.757+0000] {logging_mixin.py:190} INFO - [2026-07-01T09:31:40.757+0000] {dag.py:3211} INFO - Sync 1 DAGs
[2026-07-01T09:31:40.774+0000] {logging_mixin.py:190} INFO - [2026-07-01T09:31:40.774+0000] {dag.py:4138} INFO - Setting next_dagrun for example_short_circuit_operator to 2026-06-30 00:00:00+00:00, run_after=2026-07-01 00:00:00+00:00
[2026-07-01T09:31:40.786+0000] {processor.py:208} INFO - Processing /home/airflow/.local/lib/python3.12/site-packages/airflow/example_dags/example_short_circuit_operator.py took 0.061 seconds
[2026-07-01T09:32:11.018+0000] {processor.py:186} INFO - Started process (PID=2335) to work on /home/airflow/.local/lib/python3.12/site-packages/airflow/example_dags/example_short_circuit_operator.py
[2026-07-01T09:32:11.019+0000] {processor.py:914} INFO - Processing file /home/airflow/.local/lib/python3.12/site-packages/airflow/example_dags/example_short_circuit_operator.py for tasks to queue
[2026-07-01T09:32:11.022+0000] {logging_mixin.py:190} INFO - [2026-07-01T09:32:11.022+0000] {dagbag.py:587} INFO - Filling up the DagBag from /home/airflow/.local/lib/python3.12/site-packages/airflow/example_dags/example_short_circuit_operator.py
[2026-07-01T09:32:11.032+0000] {processor.py:925} INFO - DAG(s) 'example_short_circuit_operator' retrieved from /home/airflow/.local/lib/python3.12/site-packages/airflow/example_dags/example_short_circuit_operator.py
[2026-07-01T09:32:11.055+0000] {logging_mixin.py:190} INFO - [2026-07-01T09:32:11.054+0000] {dag.py:3211} INFO - Sync 1 DAGs
[2026-07-01T09:32:11.082+0000] {logging_mixin.py:190} INFO - [2026-07-01T09:32:11.081+0000] {dag.py:4138} INFO - Setting next_dagrun for example_short_circuit_operator to 2026-06-30 00:00:00+00:00, run_after=2026-07-01 00:00:00+00:00
[2026-07-01T09:32:11.102+0000] {processor.py:208} INFO - Processing /home/airflow/.local/lib/python3.12/site-packages/airflow/example_dags/example_short_circuit_operator.py took 0.090 seconds
[2026-07-01T09:32:41.650+0000] {processor.py:186} INFO - Started process (PID=2397) to work on /home/airflow/.local/lib/python3.12/site-packages/airflow/example_dags/example_short_circuit_operator.py
[2026-07-01T09:32:41.652+0000] {processor.py:914} INFO - Processing file /home/airflow/.local/lib/python3.12/site-packages/airflow/example_dags/example_short_circuit_operator.py for tasks to queue
[2026-07-01T09:32:41.654+0000] {logging_mixin.py:190} INFO - [2026-07-01T09:32:41.654+0000] {dagbag.py:587} INFO - Filling up the DagBag from /home/airflow/.local/lib/python3.12/site-packages/airflow/example_dags/example_short_circuit_operator.py
[2026-07-01T09:32:41.660+0000] {processor.py:925} INFO - DAG(s) 'example_short_circuit_operator' retrieved from /home/airflow/.local/lib/python3.12/site-packages/airflow/example_dags/example_short_circuit_operator.py
[2026-07-01T09:32:41.676+0000] {logging_mixin.py:190} INFO - [2026-07-01T09:32:41.676+0000] {dag.py:3211} INFO - Sync 1 DAGs
[2026-07-01T09:32:41.691+0000] {logging_mixin.py:190} INFO - [2026-07-01T09:32:41.691+0000] {dag.py:4138} INFO - Setting next_dagrun for example_short_circuit_operator to 2026-06-30 00:00:00+00:00, run_after=2026-07-01 00:00:00+00:00
[2026-07-01T09:32:41.703+0000] {processor.py:208} INFO - Processing /home/airflow/.local/lib/python3.12/site-packages/airflow/example_dags/example_short_circuit_operator.py took 0.057 seconds
[2026-07-01T09:33:12.255+0000] {processor.py:186} INFO - Started process (PID=2459) to work on /home/airflow/.local/lib/python3.12/site-packages/airflow/example_dags/example_short_circuit_operator.py
[2026-07-01T09:33:12.256+0000] {processor.py:914} INFO - Processing file /home/airflow/.local/lib/python3.12/site-packages/airflow/example_dags/example_short_circuit_operator.py for tasks to queue
[2026-07-01T09:33:12.259+0000] {logging_mixin.py:190} INFO - [2026-07-01T09:33:12.259+0000] {dagbag.py:587} INFO - Filling up the DagBag from /home/airflow/.local/lib/python3.12/site-packages/airflow/example_dags/example_short_circuit_operator.py
[2026-07-01T09:33:12.267+0000] {processor.py:925} INFO - DAG(s) 'example_short_circuit_operator' retrieved from /home/airflow/.local/lib/python3.12/site-packages/airflow/example_dags/example_short_circuit_operator.py
[2026-07-01T09:33:12.287+0000] {logging_mixin.py:190} INFO - [2026-07-01T09:33:12.286+0000] {dag.py:3211} INFO - Sync 1 DAGs
[2026-07-01T09:33:12.306+0000] {logging_mixin.py:190} INFO - [2026-07-01T09:33:12.306+0000] {dag.py:4138} INFO - Setting next_dagrun for example_short_circuit_operator to 2026-06-30 00:00:00+00:00, run_after=2026-07-01 00:00:00+00:00
[2026-07-01T09:33:12.327+0000] {processor.py:208} INFO - Processing /home/airflow/.local/lib/python3.12/site-packages/airflow/example_dags/example_short_circuit_operator.py took 0.077 seconds
[2026-07-01T09:33:43.212+0000] {processor.py:186} INFO - Started process (PID=2522) to work on /home/airflow/.local/lib/python3.12/site-packages/airflow/example_dags/example_short_circuit_operator.py
[2026-07-01T09:33:43.213+0000] {processor.py:914} INFO - Processing file /home/airflow/.local/lib/python3.12/site-packages/airflow/example_dags/example_short_circuit_operator.py for tasks to queue
[2026-07-01T09:33:43.215+0000] {logging_mixin.py:190} INFO - [2026-07-01T09:33:43.215+0000] {dagbag.py:587} INFO - Filling up the DagBag from /home/airflow/.local/lib/python3.12/site-packages/airflow/example_dags/example_short_circuit_operator.py
[2026-07-01T09:33:43.222+0000] {processor.py:925} INFO - DAG(s) 'example_short_circuit_operator' retrieved from /home/airflow/.local/lib/python3.12/site-packages/airflow/example_dags/example_short_circuit_operator.py
[2026-07-01T09:33:43.244+0000] {logging_mixin.py:190} INFO - [2026-07-01T09:33:43.244+0000] {dag.py:3211} INFO - Sync 1 DAGs
[2026-07-01T09:33:43.267+0000] {logging_mixin.py:190} INFO - [2026-07-01T09:33:43.266+0000] {dag.py:4138} INFO - Setting next_dagrun for example_short_circuit_operator to 2026-06-30 00:00:00+00:00, run_after=2026-07-01 00:00:00+00:00
[2026-07-01T09:33:43.282+0000] {processor.py:208} INFO - Processing /home/airflow/.local/lib/python3.12/site-packages/airflow/example_dags/example_short_circuit_operator.py took 0.074 seconds
[2026-07-01T09:34:13.937+0000] {processor.py:186} INFO - Started process (PID=2583) to work on /home/airflow/.local/lib/python3.12/site-packages/airflow/example_dags/example_short_circuit_operator.py
[2026-07-01T09:34:13.938+0000] {processor.py:914} INFO - Processing file /home/airflow/.local/lib/python3.12/site-packages/airflow/example_dags/example_short_circuit_operator.py for tasks to queue
[2026-07-01T09:34:13.940+0000] {logging_mixin.py:190} INFO - [2026-07-01T09:34:13.940+0000] {dagbag.py:587} INFO - Filling up the DagBag from /home/airflow/.local/lib/python3.12/site-packages/airflow/example_dags/example_short_circuit_operator.py
[2026-07-01T09:34:13.948+0000] {processor.py:925} INFO - DAG(s) 'example_short_circuit_operator' retrieved from /home/airflow/.local/lib/python3.12/site-packages/airflow/example_dags/example_short_circuit_operator.py
[2026-07-01T09:34:13.965+0000] {logging_mixin.py:190} INFO - [2026-07-01T09:34:13.965+0000] {dag.py:3211} INFO - Sync 1 DAGs
[2026-07-01T09:34:13.981+0000] {logging_mixin.py:190} INFO - [2026-07-01T09:34:13.981+0000] {dag.py:4138} INFO - Setting next_dagrun for example_short_circuit_operator to 2026-06-30 00:00:00+00:00, run_after=2026-07-01 00:00:00+00:00
[2026-07-01T09:34:13.996+0000] {processor.py:208} INFO - Processing /home/airflow/.local/lib/python3.12/site-packages/airflow/example_dags/example_short_circuit_operator.py took 0.064 seconds
[2026-07-01T09:34:44.798+0000] {processor.py:186} INFO - Started process (PID=2645) to work on /home/airflow/.local/lib/python3.12/site-packages/airflow/example_dags/example_short_circuit_operator.py
[2026-07-01T09:34:44.799+0000] {processor.py:914} INFO - Processing file /home/airflow/.local/lib/python3.12/site-packages/airflow/example_dags/example_short_circuit_operator.py for tasks to queue
[2026-07-01T09:34:44.802+0000] {logging_mixin.py:190} INFO - [2026-07-01T09:34:44.802+0000] {dagbag.py:587} INFO - Filling up the DagBag from /home/airflow/.local/lib/python3.12/site-packages/airflow/example_dags/example_short_circuit_operator.py
[2026-07-01T09:34:44.811+0000] {processor.py:925} INFO - DAG(s) 'example_short_circuit_operator' retrieved from /home/airflow/.local/lib/python3.12/site-packages/airflow/example_dags/example_short_circuit_operator.py
[2026-07-01T09:34:44.829+0000] {logging_mixin.py:190} INFO - [2026-07-01T09:34:44.829+0000] {dag.py:3211} INFO - Sync 1 DAGs
[2026-07-01T09:34:44.847+0000] {logging_mixin.py:190} INFO - [2026-07-01T09:34:44.847+0000] {dag.py:4138} INFO - Setting next_dagrun for example_short_circuit_operator to 2026-06-30 00:00:00+00:00, run_after=2026-07-01 00:00:00+00:00
[2026-07-01T09:34:44.865+0000] {processor.py:208} INFO - Processing /home/airflow/.local/lib/python3.12/site-packages/airflow/example_dags/example_short_circuit_operator.py took 0.071 seconds
[2026-07-01T09:35:15.538+0000] {processor.py:186} INFO - Started process (PID=2707) to work on /home/airflow/.local/lib/python3.12/site-packages/airflow/example_dags/example_short_circuit_operator.py
[2026-07-01T09:35:15.539+0000] {processor.py:914} INFO - Processing file /home/airflow/.local/lib/python3.12/site-packages/airflow/example_dags/example_short_circuit_operator.py for tasks to queue
[2026-07-01T09:35:15.542+0000] {logging_mixin.py:190} INFO - [2026-07-01T09:35:15.541+0000] {dagbag.py:587} INFO - Filling up the DagBag from /home/airflow/.local/lib/python3.12/site-packages/airflow/example_dags/example_short_circuit_operator.py
[2026-07-01T09:35:15.549+0000] {processor.py:925} INFO - DAG(s) 'example_short_circuit_operator' retrieved from /home/airflow/.local/lib/python3.12/site-packages/airflow/example_dags/example_short_circuit_operator.py
[2026-07-01T09:35:15.566+0000] {logging_mixin.py:190} INFO - [2026-07-01T09:35:15.566+0000] {dag.py:3211} INFO - Sync 1 DAGs
[2026-07-01T09:35:15.581+0000] {logging_mixin.py:190} INFO - [2026-07-01T09:35:15.581+0000] {dag.py:4138} INFO - Setting next_dagrun for example_short_circuit_operator to 2026-06-30 00:00:00+00:00, run_after=2026-07-01 00:00:00+00:00
[2026-07-01T09:35:15.594+0000] {processor.py:208} INFO - Processing /home/airflow/.local/lib/python3.12/site-packages/airflow/example_dags/example_short_circuit_operator.py took 0.061 seconds
[2026-07-01T09:35:45.915+0000] {processor.py:186} INFO - Started process (PID=2769) to work on /home/airflow/.local/lib/python3.12/site-packages/airflow/example_dags/example_short_circuit_operator.py
[2026-07-01T09:35:45.917+0000] {processor.py:914} INFO - Processing file /home/airflow/.local/lib/python3.12/site-packages/airflow/example_dags/example_short_circuit_operator.py for tasks to queue
[2026-07-01T09:35:45.919+0000] {logging_mixin.py:190} INFO - [2026-07-01T09:35:45.918+0000] {dagbag.py:587} INFO - Filling up the DagBag from /home/airflow/.local/lib/python3.12/site-packages/airflow/example_dags/example_short_circuit_operator.py
[2026-07-01T09:35:45.927+0000] {processor.py:925} INFO - DAG(s) 'example_short_circuit_operator' retrieved from /home/airflow/.local/lib/python3.12/site-packages/airflow/example_dags/example_short_circuit_operator.py
[2026-07-01T09:35:45.946+0000] {logging_mixin.py:190} INFO - [2026-07-01T09:35:45.946+0000] {dag.py:3211} INFO - Sync 1 DAGs
[2026-07-01T09:35:45.966+0000] {logging_mixin.py:190} INFO - [2026-07-01T09:35:45.966+0000] {dag.py:4138} INFO - Setting next_dagrun for example_short_circuit_operator to 2026-06-30 00:00:00+00:00, run_after=2026-07-01 00:00:00+00:00
[2026-07-01T09:35:45.982+0000] {processor.py:208} INFO - Processing /home/airflow/.local/lib/python3.12/site-packages/airflow/example_dags/example_short_circuit_operator.py took 0.072 seconds
[2026-07-01T09:36:16.819+0000] {processor.py:186} INFO - Started process (PID=2832) to work on /home/airflow/.local/lib/python3.12/site-packages/airflow/example_dags/example_short_circuit_operator.py
[2026-07-01T09:36:16.820+0000] {processor.py:914} INFO - Processing file /home/airflow/.local/lib/python3.12/site-packages/airflow/example_dags/example_short_circuit_operator.py for tasks to queue
[2026-07-01T09:36:16.823+0000] {logging_mixin.py:190} INFO - [2026-07-01T09:36:16.822+0000] {dagbag.py:587} INFO - Filling up the DagBag from /home/airflow/.local/lib/python3.12/site-packages/airflow/example_dags/example_short_circuit_operator.py
[2026-07-01T09:36:16.830+0000] {processor.py:925} INFO - DAG(s) 'example_short_circuit_operator' retrieved from /home/airflow/.local/lib/python3.12/site-packages/airflow/example_dags/example_short_circuit_operator.py
[2026-07-01T09:36:16.848+0000] {logging_mixin.py:190} INFO - [2026-07-01T09:36:16.848+0000] {dag.py:3211} INFO - Sync 1 DAGs
[2026-07-01T09:36:16.868+0000] {logging_mixin.py:190} INFO - [2026-07-01T09:36:16.867+0000] {dag.py:4138} INFO - Setting next_dagrun for example_short_circuit_operator to 2026-06-30 00:00:00+00:00, run_after=2026-07-01 00:00:00+00:00
[2026-07-01T09:36:16.880+0000] {processor.py:208} INFO - Processing /home/airflow/.local/lib/python3.12/site-packages/airflow/example_dags/example_short_circuit_operator.py took 0.065 seconds
[2026-07-01T09:36:47.696+0000] {processor.py:186} INFO - Started process (PID=2893) to work on /home/airflow/.local/lib/python3.12/site-packages/airflow/example_dags/example_short_circuit_operator.py
[2026-07-01T09:36:47.696+0000] {processor.py:914} INFO - Processing file /home/airflow/.local/lib/python3.12/site-packages/airflow/example_dags/example_short_circuit_operator.py for tasks to queue
[2026-07-01T09:36:47.698+0000] {logging_mixin.py:190} INFO - [2026-07-01T09:36:47.698+0000] {dagbag.py:587} INFO - Filling up the DagBag from /home/airflow/.local/lib/python3.12/site-packages/airflow/example_dags/example_short_circuit_operator.py
[2026-07-01T09:36:47.705+0000] {processor.py:925} INFO - DAG(s) 'example_short_circuit_operator' retrieved from /home/airflow/.local/lib/python3.12/site-packages/airflow/example_dags/example_short_circuit_operator.py
[2026-07-01T09:36:47.722+0000] {logging_mixin.py:190} INFO - [2026-07-01T09:36:47.722+0000] {dag.py:3211} INFO - Sync 1 DAGs
[2026-07-01T09:36:47.738+0000] {logging_mixin.py:190} INFO - [2026-07-01T09:36:47.737+0000] {dag.py:4138} INFO - Setting next_dagrun for example_short_circuit_operator to 2026-06-30 00:00:00+00:00, run_after=2026-07-01 00:00:00+00:00
[2026-07-01T09:36:47.751+0000] {processor.py:208} INFO - Processing /home/airflow/.local/lib/python3.12/site-packages/airflow/example_dags/example_short_circuit_operator.py took 0.059 seconds
[2026-07-01T09:37:19.808+0000] {processor.py:186} INFO - Started process (PID=2962) to work on /home/airflow/.local/lib/python3.12/site-packages/airflow/example_dags/example_short_circuit_operator.py
[2026-07-01T09:37:19.811+0000] {processor.py:914} INFO - Processing file /home/airflow/.local/lib/python3.12/site-packages/airflow/example_dags/example_short_circuit_operator.py for tasks to queue
[2026-07-01T09:37:19.814+0000] {logging_mixin.py:190} INFO - [2026-07-01T09:37:19.814+0000] {dagbag.py:587} INFO - Filling up the DagBag from /home/airflow/.local/lib/python3.12/site-packages/airflow/example_dags/example_short_circuit_operator.py
[2026-07-01T09:37:19.824+0000] {processor.py:925} INFO - DAG(s) 'example_short_circuit_operator' retrieved from /home/airflow/.local/lib/python3.12/site-packages/airflow/example_dags/example_short_circuit_operator.py
[2026-07-01T09:37:19.847+0000] {logging_mixin.py:190} INFO - [2026-07-01T09:37:19.847+0000] {dag.py:3211} INFO - Sync 1 DAGs
[2026-07-01T09:37:19.866+0000] {logging_mixin.py:190} INFO - [2026-07-01T09:37:19.866+0000] {dag.py:4138} INFO - Setting next_dagrun for example_short_circuit_operator to 2026-06-30 00:00:00+00:00, run_after=2026-07-01 00:00:00+00:00
[2026-07-01T09:37:19.882+0000] {processor.py:208} INFO - Processing /home/airflow/.local/lib/python3.12/site-packages/airflow/example_dags/example_short_circuit_operator.py took 0.079 seconds
[2026-07-01T09:37:50.765+0000] {processor.py:186} INFO - Started process (PID=3024) to work on /home/airflow/.local/lib/python3.12/site-packages/airflow/example_dags/example_short_circuit_operator.py
[2026-07-01T09:37:50.766+0000] {processor.py:914} INFO - Processing file /home/airflow/.local/lib/python3.12/site-packages/airflow/example_dags/example_short_circuit_operator.py for tasks to queue
[2026-07-01T09:37:50.768+0000] {logging_mixin.py:190} INFO - [2026-07-01T09:37:50.767+0000] {dagbag.py:587} INFO - Filling up the DagBag from /home/airflow/.local/lib/python3.12/site-packages/airflow/example_dags/example_short_circuit_operator.py
[2026-07-01T09:37:50.775+0000] {processor.py:925} INFO - DAG(s) 'example_short_circuit_operator' retrieved from /home/airflow/.local/lib/python3.12/site-packages/airflow/example_dags/example_short_circuit_operator.py
[2026-07-01T09:37:50.794+0000] {logging_mixin.py:190} INFO - [2026-07-01T09:37:50.794+0000] {dag.py:3211} INFO - Sync 1 DAGs
[2026-07-01T09:37:50.810+0000] {logging_mixin.py:190} INFO - [2026-07-01T09:37:50.810+0000] {dag.py:4138} INFO - Setting next_dagrun for example_short_circuit_operator to 2026-06-30 00:00:00+00:00, run_after=2026-07-01 00:00:00+00:00
[2026-07-01T09:37:50.825+0000] {processor.py:208} INFO - Processing /home/airflow/.local/lib/python3.12/site-packages/airflow/example_dags/example_short_circuit_operator.py took 0.066 seconds
[2026-07-01T09:38:22.683+0000] {processor.py:186} INFO - Started process (PID=3086) to work on /home/airflow/.local/lib/python3.12/site-packages/airflow/example_dags/example_short_circuit_operator.py
[2026-07-01T09:38:22.684+0000] {processor.py:914} INFO - Processing file /home/airflow/.local/lib/python3.12/site-packages/airflow/example_dags/example_short_circuit_operator.py for tasks to queue
[2026-07-01T09:38:22.686+0000] {logging_mixin.py:190} INFO - [2026-07-01T09:38:22.685+0000] {dagbag.py:587} INFO - Filling up the DagBag from /home/airflow/.local/lib/python3.12/site-packages/airflow/example_dags/example_short_circuit_operator.py
[2026-07-01T09:38:22.692+0000] {processor.py:925} INFO - DAG(s) 'example_short_circuit_operator' retrieved from /home/airflow/.local/lib/python3.12/site-packages/airflow/example_dags/example_short_circuit_operator.py
[2026-07-01T09:38:22.707+0000] {logging_mixin.py:190} INFO - [2026-07-01T09:38:22.707+0000] {dag.py:3211} INFO - Sync 1 DAGs
[2026-07-01T09:38:22.854+0000] {logging_mixin.py:190} INFO - [2026-07-01T09:38:22.853+0000] {dag.py:4138} INFO - Setting next_dagrun for example_short_circuit_operator to 2026-06-30 00:00:00+00:00, run_after=2026-07-01 00:00:00+00:00
[2026-07-01T09:38:22.865+0000] {processor.py:208} INFO - Processing /home/airflow/.local/lib/python3.12/site-packages/airflow/example_dags/example_short_circuit_operator.py took 0.187 seconds
[2026-07-01T09:38:53.220+0000] {processor.py:186} INFO - Started process (PID=3148) to work on /home/airflow/.local/lib/python3.12/site-packages/airflow/example_dags/example_short_circuit_operator.py
[2026-07-01T09:38:53.221+0000] {processor.py:914} INFO - Processing file /home/airflow/.local/lib/python3.12/site-packages/airflow/example_dags/example_short_circuit_operator.py for tasks to queue
[2026-07-01T09:38:53.223+0000] {logging_mixin.py:190} INFO - [2026-07-01T09:38:53.222+0000] {dagbag.py:587} INFO - Filling up the DagBag from /home/airflow/.local/lib/python3.12/site-packages/airflow/example_dags/example_short_circuit_operator.py
[2026-07-01T09:38:53.229+0000] {processor.py:925} INFO - DAG(s) 'example_short_circuit_operator' retrieved from /home/airflow/.local/lib/python3.12/site-packages/airflow/example_dags/example_short_circuit_operator.py
[2026-07-01T09:38:53.245+0000] {logging_mixin.py:190} INFO - [2026-07-01T09:38:53.245+0000] {dag.py:3211} INFO - Sync 1 DAGs
[2026-07-01T09:38:53.407+0000] {logging_mixin.py:190} INFO - [2026-07-01T09:38:53.407+0000] {dag.py:4138} INFO - Setting next_dagrun for example_short_circuit_operator to 2026-06-30 00:00:00+00:00, run_after=2026-07-01 00:00:00+00:00
[2026-07-01T09:38:53.424+0000] {processor.py:208} INFO - Processing /home/airflow/.local/lib/python3.12/site-packages/airflow/example_dags/example_short_circuit_operator.py took 0.208 seconds
[2026-07-01T09:39:23.862+0000] {processor.py:186} INFO - Started process (PID=3210) to work on /home/airflow/.local/lib/python3.12/site-packages/airflow/example_dags/example_short_circuit_operator.py
[2026-07-01T09:39:23.865+0000] {processor.py:914} INFO - Processing file /home/airflow/.local/lib/python3.12/site-packages/airflow/example_dags/example_short_circuit_operator.py for tasks to queue
[2026-07-01T09:39:23.867+0000] {logging_mixin.py:190} INFO - [2026-07-01T09:39:23.867+0000] {dagbag.py:587} INFO - Filling up the DagBag from /home/airflow/.local/lib/python3.12/site-packages/airflow/example_dags/example_short_circuit_operator.py
[2026-07-01T09:39:23.875+0000] {processor.py:925} INFO - DAG(s) 'example_short_circuit_operator' retrieved from /home/airflow/.local/lib/python3.12/site-packages/airflow/example_dags/example_short_circuit_operator.py
[2026-07-01T09:39:23.893+0000] {logging_mixin.py:190} INFO - [2026-07-01T09:39:23.893+0000] {dag.py:3211} INFO - Sync 1 DAGs
[2026-07-01T09:39:24.053+0000] {logging_mixin.py:190} INFO - [2026-07-01T09:39:24.053+0000] {dag.py:4138} INFO - Setting next_dagrun for example_short_circuit_operator to 2026-06-30 00:00:00+00:00, run_after=2026-07-01 00:00:00+00:00
[2026-07-01T09:39:24.070+0000] {processor.py:208} INFO - Processing /home/airflow/.local/lib/python3.12/site-packages/airflow/example_dags/example_short_circuit_operator.py took 0.213 seconds
[2026-07-01T09:39:54.963+0000] {processor.py:186} INFO - Started process (PID=3272) to work on /home/airflow/.local/lib/python3.12/site-packages/airflow/example_dags/example_short_circuit_operator.py
[2026-07-01T09:39:54.964+0000] {processor.py:914} INFO - Processing file /home/airflow/.local/lib/python3.12/site-packages/airflow/example_dags/example_short_circuit_operator.py for tasks to queue
[2026-07-01T09:39:54.965+0000] {logging_mixin.py:190} INFO - [2026-07-01T09:39:54.965+0000] {dagbag.py:587} INFO - Filling up the DagBag from /home/airflow/.local/lib/python3.12/site-packages/airflow/example_dags/example_short_circuit_operator.py
[2026-07-01T09:39:54.972+0000] {processor.py:925} INFO - DAG(s) 'example_short_circuit_operator' retrieved from /home/airflow/.local/lib/python3.12/site-packages/airflow/example_dags/example_short_circuit_operator.py
[2026-07-01T09:39:54.988+0000] {logging_mixin.py:190} INFO - [2026-07-01T09:39:54.988+0000] {dag.py:3211} INFO - Sync 1 DAGs
[2026-07-01T09:39:55.136+0000] {logging_mixin.py:190} INFO - [2026-07-01T09:39:55.136+0000] {dag.py:4138} INFO - Setting next_dagrun for example_short_circuit_operator to 2026-06-30 00:00:00+00:00, run_after=2026-07-01 00:00:00+00:00
[2026-07-01T09:39:55.151+0000] {processor.py:208} INFO - Processing /home/airflow/.local/lib/python3.12/site-packages/airflow/example_dags/example_short_circuit_operator.py took 0.193 seconds
[2026-07-01T09:40:25.670+0000] {processor.py:186} INFO - Started process (PID=3334) to work on /home/airflow/.local/lib/python3.12/site-packages/airflow/example_dags/example_short_circuit_operator.py
[2026-07-01T09:40:25.671+0000] {processor.py:914} INFO - Processing file /home/airflow/.local/lib/python3.12/site-packages/airflow/example_dags/example_short_circuit_operator.py for tasks to queue
[2026-07-01T09:40:25.674+0000] {logging_mixin.py:190} INFO - [2026-07-01T09:40:25.673+0000] {dagbag.py:587} INFO - Filling up the DagBag from /home/airflow/.local/lib/python3.12/site-packages/airflow/example_dags/example_short_circuit_operator.py
[2026-07-01T09:40:25.680+0000] {processor.py:925} INFO - DAG(s) 'example_short_circuit_operator' retrieved from /home/airflow/.local/lib/python3.12/site-packages/airflow/example_dags/example_short_circuit_operator.py
[2026-07-01T09:40:25.695+0000] {logging_mixin.py:190} INFO - [2026-07-01T09:40:25.695+0000] {dag.py:3211} INFO - Sync 1 DAGs
[2026-07-01T09:40:25.711+0000] {logging_mixin.py:190} INFO - [2026-07-01T09:40:25.710+0000] {dag.py:4138} INFO - Setting next_dagrun for example_short_circuit_operator to 2026-06-30 00:00:00+00:00, run_after=2026-07-01 00:00:00+00:00
[2026-07-01T09:40:25.723+0000] {processor.py:208} INFO - Processing /home/airflow/.local/lib/python3.12/site-packages/airflow/example_dags/example_short_circuit_operator.py took 0.057 seconds
[2026-07-01T09:40:56.105+0000] {processor.py:186} INFO - Started process (PID=3396) to work on /home/airflow/.local/lib/python3.12/site-packages/airflow/example_dags/example_short_circuit_operator.py
[2026-07-01T09:40:56.107+0000] {processor.py:914} INFO - Processing file /home/airflow/.local/lib/python3.12/site-packages/airflow/example_dags/example_short_circuit_operator.py for tasks to queue
[2026-07-01T09:40:56.110+0000] {logging_mixin.py:190} INFO - [2026-07-01T09:40:56.110+0000] {dagbag.py:587} INFO - Filling up the DagBag from /home/airflow/.local/lib/python3.12/site-packages/airflow/example_dags/example_short_circuit_operator.py
[2026-07-01T09:40:56.117+0000] {processor.py:925} INFO - DAG(s) 'example_short_circuit_operator' retrieved from /home/airflow/.local/lib/python3.12/site-packages/airflow/example_dags/example_short_circuit_operator.py
[2026-07-01T09:40:56.138+0000] {logging_mixin.py:190} INFO - [2026-07-01T09:40:56.138+0000] {dag.py:3211} INFO - Sync 1 DAGs
[2026-07-01T09:40:56.155+0000] {logging_mixin.py:190} INFO - [2026-07-01T09:40:56.155+0000] {dag.py:4138} INFO - Setting next_dagrun for example_short_circuit_operator to 2026-06-30 00:00:00+00:00, run_after=2026-07-01 00:00:00+00:00
[2026-07-01T09:40:56.169+0000] {processor.py:208} INFO - Processing /home/airflow/.local/lib/python3.12/site-packages/airflow/example_dags/example_short_circuit_operator.py took 0.069 seconds
[2026-07-01T09:41:26.402+0000] {processor.py:186} INFO - Started process (PID=3458) to work on /home/airflow/.local/lib/python3.12/site-packages/airflow/example_dags/example_short_circuit_operator.py
[2026-07-01T09:41:26.404+0000] {processor.py:914} INFO - Processing file /home/airflow/.local/lib/python3.12/site-packages/airflow/example_dags/example_short_circuit_operator.py for tasks to queue
[2026-07-01T09:41:26.408+0000] {logging_mixin.py:190} INFO - [2026-07-01T09:41:26.408+0000] {dagbag.py:587} INFO - Filling up the DagBag from /home/airflow/.local/lib/python3.12/site-packages/airflow/example_dags/example_short_circuit_operator.py
[2026-07-01T09:41:26.416+0000] {processor.py:925} INFO - DAG(s) 'example_short_circuit_operator' retrieved from /home/airflow/.local/lib/python3.12/site-packages/airflow/example_dags/example_short_circuit_operator.py
[2026-07-01T09:41:26.438+0000] {logging_mixin.py:190} INFO - [2026-07-01T09:41:26.437+0000] {dag.py:3211} INFO - Sync 1 DAGs
[2026-07-01T09:41:26.457+0000] {logging_mixin.py:190} INFO - [2026-07-01T09:41:26.457+0000] {dag.py:4138} INFO - Setting next_dagrun for example_short_circuit_operator to 2026-06-30 00:00:00+00:00, run_after=2026-07-01 00:00:00+00:00
[2026-07-01T09:41:26.476+0000] {processor.py:208} INFO - Processing /home/airflow/.local/lib/python3.12/site-packages/airflow/example_dags/example_short_circuit_operator.py took 0.083 seconds
[2026-07-01T09:41:56.516+0000] {processor.py:186} INFO - Started process (PID=3519) to work on /home/airflow/.local/lib/python3.12/site-packages/airflow/example_dags/example_short_circuit_operator.py
[2026-07-01T09:41:56.517+0000] {processor.py:914} INFO - Processing file /home/airflow/.local/lib/python3.12/site-packages/airflow/example_dags/example_short_circuit_operator.py for tasks to queue
[2026-07-01T09:41:56.520+0000] {logging_mixin.py:190} INFO - [2026-07-01T09:41:56.519+0000] {dagbag.py:587} INFO - Filling up the DagBag from /home/airflow/.local/lib/python3.12/site-packages/airflow/example_dags/example_short_circuit_operator.py
[2026-07-01T09:41:56.527+0000] {processor.py:925} INFO - DAG(s) 'example_short_circuit_operator' retrieved from /home/airflow/.local/lib/python3.12/site-packages/airflow/example_dags/example_short_circuit_operator.py
[2026-07-01T09:41:56.548+0000] {logging_mixin.py:190} INFO - [2026-07-01T09:41:56.548+0000] {dag.py:3211} INFO - Sync 1 DAGs
[2026-07-01T09:41:56.565+0000] {logging_mixin.py:190} INFO - [2026-07-01T09:41:56.565+0000] {dag.py:4138} INFO - Setting next_dagrun for example_short_circuit_operator to 2026-06-30 00:00:00+00:00, run_after=2026-07-01 00:00:00+00:00
[2026-07-01T09:41:56.579+0000] {processor.py:208} INFO - Processing /home/airflow/.local/lib/python3.12/site-packages/airflow/example_dags/example_short_circuit_operator.py took 0.069 seconds
[2026-07-01T09:42:26.930+0000] {processor.py:186} INFO - Started process (PID=3581) to work on /home/airflow/.local/lib/python3.12/site-packages/airflow/example_dags/example_short_circuit_operator.py
[2026-07-01T09:42:26.931+0000] {processor.py:914} INFO - Processing file /home/airflow/.local/lib/python3.12/site-packages/airflow/example_dags/example_short_circuit_operator.py for tasks to queue
[2026-07-01T09:42:26.932+0000] {logging_mixin.py:190} INFO - [2026-07-01T09:42:26.932+0000] {dagbag.py:587} INFO - Filling up the DagBag from /home/airflow/.local/lib/python3.12/site-packages/airflow/example_dags/example_short_circuit_operator.py
[2026-07-01T09:42:26.938+0000] {processor.py:925} INFO - DAG(s) 'example_short_circuit_operator' retrieved from /home/airflow/.local/lib/python3.12/site-packages/airflow/example_dags/example_short_circuit_operator.py
[2026-07-01T09:42:26.954+0000] {logging_mixin.py:190} INFO - [2026-07-01T09:42:26.954+0000] {dag.py:3211} INFO - Sync 1 DAGs
[2026-07-01T09:42:26.968+0000] {logging_mixin.py:190} INFO - [2026-07-01T09:42:26.968+0000] {dag.py:4138} INFO - Setting next_dagrun for example_short_circuit_operator to 2026-06-30 00:00:00+00:00, run_after=2026-07-01 00:00:00+00:00
[2026-07-01T09:42:26.980+0000] {processor.py:208} INFO - Processing /home/airflow/.local/lib/python3.12/site-packages/airflow/example_dags/example_short_circuit_operator.py took 0.054 seconds
[2026-07-01T09:42:57.382+0000] {processor.py:186} INFO - Started process (PID=3643) to work on /home/airflow/.local/lib/python3.12/site-packages/airflow/example_dags/example_short_circuit_operator.py
[2026-07-01T09:42:57.383+0000] {processor.py:914} INFO - Processing file /home/airflow/.local/lib/python3.12/site-packages/airflow/example_dags/example_short_circuit_operator.py for tasks to queue
[2026-07-01T09:42:57.385+0000] {logging_mixin.py:190} INFO - [2026-07-01T09:42:57.385+0000] {dagbag.py:587} INFO - Filling up the DagBag from /home/airflow/.local/lib/python3.12/site-packages/airflow/example_dags/example_short_circuit_operator.py
[2026-07-01T09:42:57.393+0000] {processor.py:925} INFO - DAG(s) 'example_short_circuit_operator' retrieved from /home/airflow/.local/lib/python3.12/site-packages/airflow/example_dags/example_short_circuit_operator.py
[2026-07-01T09:42:57.411+0000] {logging_mixin.py:190} INFO - [2026-07-01T09:42:57.410+0000] {dag.py:3211} INFO - Sync 1 DAGs
[2026-07-01T09:42:57.427+0000] {logging_mixin.py:190} INFO - [2026-07-01T09:42:57.426+0000] {dag.py:4138} INFO - Setting next_dagrun for example_short_circuit_operator to 2026-06-30 00:00:00+00:00, run_after=2026-07-01 00:00:00+00:00
[2026-07-01T09:42:57.439+0000] {processor.py:208} INFO - Processing /home/airflow/.local/lib/python3.12/site-packages/airflow/example_dags/example_short_circuit_operator.py took 0.061 seconds
[2026-07-01T09:43:27.687+0000] {processor.py:186} INFO - Started process (PID=3705) to work on /home/airflow/.local/lib/python3.12/site-packages/airflow/example_dags/example_short_circuit_operator.py
[2026-07-01T09:43:27.688+0000] {processor.py:914} INFO - Processing file /home/airflow/.local/lib/python3.12/site-packages/airflow/example_dags/example_short_circuit_operator.py for tasks to queue
[2026-07-01T09:43:27.690+0000] {logging_mixin.py:190} INFO - [2026-07-01T09:43:27.690+0000] {dagbag.py:587} INFO - Filling up the DagBag from /home/airflow/.local/lib/python3.12/site-packages/airflow/example_dags/example_short_circuit_operator.py
[2026-07-01T09:43:27.697+0000] {processor.py:925} INFO - DAG(s) 'example_short_circuit_operator' retrieved from /home/airflow/.local/lib/python3.12/site-packages/airflow/example_dags/example_short_circuit_operator.py
[2026-07-01T09:43:27.714+0000] {logging_mixin.py:190} INFO - [2026-07-01T09:43:27.714+0000] {dag.py:3211} INFO - Sync 1 DAGs
[2026-07-01T09:43:27.732+0000] {logging_mixin.py:190} INFO - [2026-07-01T09:43:27.732+0000] {dag.py:4138} INFO - Setting next_dagrun for example_short_circuit_operator to 2026-06-30 00:00:00+00:00, run_after=2026-07-01 00:00:00+00:00
[2026-07-01T09:43:27.745+0000] {processor.py:208} INFO - Processing /home/airflow/.local/lib/python3.12/site-packages/airflow/example_dags/example_short_circuit_operator.py took 0.063 seconds
[2026-07-01T09:43:58.067+0000] {processor.py:186} INFO - Started process (PID=3767) to work on /home/airflow/.local/lib/python3.12/site-packages/airflow/example_dags/example_short_circuit_operator.py
[2026-07-01T09:43:58.068+0000] {processor.py:914} INFO - Processing file /home/airflow/.local/lib/python3.12/site-packages/airflow/example_dags/example_short_circuit_operator.py for tasks to queue
[2026-07-01T09:43:58.070+0000] {logging_mixin.py:190} INFO - [2026-07-01T09:43:58.070+0000] {dagbag.py:587} INFO - Filling up the DagBag from /home/airflow/.local/lib/python3.12/site-packages/airflow/example_dags/example_short_circuit_operator.py
[2026-07-01T09:43:58.078+0000] {processor.py:925} INFO - DAG(s) 'example_short_circuit_operator' retrieved from /home/airflow/.local/lib/python3.12/site-packages/airflow/example_dags/example_short_circuit_operator.py
[2026-07-01T09:43:58.095+0000] {logging_mixin.py:190} INFO - [2026-07-01T09:43:58.095+0000] {dag.py:3211} INFO - Sync 1 DAGs
[2026-07-01T09:43:58.112+0000] {logging_mixin.py:190} INFO - [2026-07-01T09:43:58.111+0000] {dag.py:4138} INFO - Setting next_dagrun for example_short_circuit_operator to 2026-06-30 00:00:00+00:00, run_after=2026-07-01 00:00:00+00:00
[2026-07-01T09:43:58.128+0000] {processor.py:208} INFO - Processing /home/airflow/.local/lib/python3.12/site-packages/airflow/example_dags/example_short_circuit_operator.py took 0.065 seconds
[2026-07-01T09:44:28.306+0000] {processor.py:186} INFO - Started process (PID=3829) to work on /home/airflow/.local/lib/python3.12/site-packages/airflow/example_dags/example_short_circuit_operator.py
[2026-07-01T09:44:28.307+0000] {processor.py:914} INFO - Processing file /home/airflow/.local/lib/python3.12/site-packages/airflow/example_dags/example_short_circuit_operator.py for tasks to queue
[2026-07-01T09:44:28.309+0000] {logging_mixin.py:190} INFO - [2026-07-01T09:44:28.309+0000] {dagbag.py:587} INFO - Filling up the DagBag from /home/airflow/.local/lib/python3.12/site-packages/airflow/example_dags/example_short_circuit_operator.py
[2026-07-01T09:44:28.319+0000] {processor.py:925} INFO - DAG(s) 'example_short_circuit_operator' retrieved from /home/airflow/.local/lib/python3.12/site-packages/airflow/example_dags/example_short_circuit_operator.py
[2026-07-01T09:44:28.338+0000] {logging_mixin.py:190} INFO - [2026-07-01T09:44:28.338+0000] {dag.py:3211} INFO - Sync 1 DAGs
[2026-07-01T09:44:28.356+0000] {logging_mixin.py:190} INFO - [2026-07-01T09:44:28.356+0000] {dag.py:4138} INFO - Setting next_dagrun for example_short_circuit_operator to 2026-06-30 00:00:00+00:00, run_after=2026-07-01 00:00:00+00:00
[2026-07-01T09:44:28.372+0000] {processor.py:208} INFO - Processing /home/airflow/.local/lib/python3.12/site-packages/airflow/example_dags/example_short_circuit_operator.py took 0.072 seconds
[2026-07-01T09:44:58.831+0000] {processor.py:186} INFO - Started process (PID=3891) to work on /home/airflow/.local/lib/python3.12/site-packages/airflow/example_dags/example_short_circuit_operator.py
[2026-07-01T09:44:58.832+0000] {processor.py:914} INFO - Processing file /home/airflow/.local/lib/python3.12/site-packages/airflow/example_dags/example_short_circuit_operator.py for tasks to queue
[2026-07-01T09:44:58.834+0000] {logging_mixin.py:190} INFO - [2026-07-01T09:44:58.834+0000] {dagbag.py:587} INFO - Filling up the DagBag from /home/airflow/.local/lib/python3.12/site-packages/airflow/example_dags/example_short_circuit_operator.py
[2026-07-01T09:44:58.841+0000] {processor.py:925} INFO - DAG(s) 'example_short_circuit_operator' retrieved from /home/airflow/.local/lib/python3.12/site-packages/airflow/example_dags/example_short_circuit_operator.py
[2026-07-01T09:44:58.857+0000] {logging_mixin.py:190} INFO - [2026-07-01T09:44:58.856+0000] {dag.py:3211} INFO - Sync 1 DAGs
[2026-07-01T09:44:58.871+0000] {logging_mixin.py:190} INFO - [2026-07-01T09:44:58.871+0000] {dag.py:4138} INFO - Setting next_dagrun for example_short_circuit_operator to 2026-06-30 00:00:00+00:00, run_after=2026-07-01 00:00:00+00:00
[2026-07-01T09:44:58.883+0000] {processor.py:208} INFO - Processing /home/airflow/.local/lib/python3.12/site-packages/airflow/example_dags/example_short_circuit_operator.py took 0.056 seconds
[2026-07-01T09:45:29.194+0000] {processor.py:186} INFO - Started process (PID=3953) to work on /home/airflow/.local/lib/python3.12/site-packages/airflow/example_dags/example_short_circuit_operator.py
[2026-07-01T09:45:29.196+0000] {processor.py:914} INFO - Processing file /home/airflow/.local/lib/python3.12/site-packages/airflow/example_dags/example_short_circuit_operator.py for tasks to queue
[2026-07-01T09:45:29.198+0000] {logging_mixin.py:190} INFO - [2026-07-01T09:45:29.198+0000] {dagbag.py:587} INFO - Filling up the DagBag from /home/airflow/.local/lib/python3.12/site-packages/airflow/example_dags/example_short_circuit_operator.py
[2026-07-01T09:45:29.207+0000] {processor.py:925} INFO - DAG(s) 'example_short_circuit_operator' retrieved from /home/airflow/.local/lib/python3.12/site-packages/airflow/example_dags/example_short_circuit_operator.py
[2026-07-01T09:45:29.225+0000] {logging_mixin.py:190} INFO - [2026-07-01T09:45:29.225+0000] {dag.py:3211} INFO - Sync 1 DAGs
[2026-07-01T09:45:29.246+0000] {logging_mixin.py:190} INFO - [2026-07-01T09:45:29.246+0000] {dag.py:4138} INFO - Setting next_dagrun for example_short_circuit_operator to 2026-06-30 00:00:00+00:00, run_after=2026-07-01 00:00:00+00:00
[2026-07-01T09:45:29.259+0000] {processor.py:208} INFO - Processing /home/airflow/.local/lib/python3.12/site-packages/airflow/example_dags/example_short_circuit_operator.py took 0.072 seconds
