[2026-07-01T09:09:40.695+0000] {processor.py:186} INFO - Started process (PID=91) to work on /home/airflow/.local/lib/python3.12/site-packages/airflow/example_dags/example_trigger_target_dag.py
[2026-07-01T09:09:40.697+0000] {processor.py:914} INFO - Processing file /home/airflow/.local/lib/python3.12/site-packages/airflow/example_dags/example_trigger_target_dag.py for tasks to queue
[2026-07-01T09:09:40.700+0000] {logging_mixin.py:190} INFO - [2026-07-01T09:09:40.700+0000] {dagbag.py:587} INFO - Filling up the DagBag from /home/airflow/.local/lib/python3.12/site-packages/airflow/example_dags/example_trigger_target_dag.py
[2026-07-01T09:09:40.710+0000] {processor.py:925} INFO - DAG(s) 'example_trigger_target_dag' retrieved from /home/airflow/.local/lib/python3.12/site-packages/airflow/example_dags/example_trigger_target_dag.py
[2026-07-01T09:09:40.796+0000] {logging_mixin.py:190} INFO - [2026-07-01T09:09:40.795+0000] {override.py:1858} INFO - Created Permission View: can read on DAG:example_trigger_target_dag
[2026-07-01T09:09:40.804+0000] {logging_mixin.py:190} INFO - [2026-07-01T09:09:40.804+0000] {override.py:1858} INFO - Created Permission View: can delete on DAG:example_trigger_target_dag
[2026-07-01T09:09:40.813+0000] {logging_mixin.py:190} INFO - [2026-07-01T09:09:40.813+0000] {override.py:1858} INFO - Created Permission View: can edit on DAG:example_trigger_target_dag
[2026-07-01T09:09:40.814+0000] {logging_mixin.py:190} INFO - [2026-07-01T09:09:40.814+0000] {dag.py:3211} INFO - Sync 1 DAGs
[2026-07-01T09:09:40.826+0000] {logging_mixin.py:190} INFO - [2026-07-01T09:09:40.826+0000] {dag.py:3234} INFO - Creating ORM DAG for example_trigger_target_dag
[2026-07-01T09:09:40.827+0000] {logging_mixin.py:190} INFO - [2026-07-01T09:09:40.827+0000] {dag.py:4138} INFO - Setting next_dagrun for example_trigger_target_dag to None, run_after=None
[2026-07-01T09:09:40.843+0000] {processor.py:208} INFO - Processing /home/airflow/.local/lib/python3.12/site-packages/airflow/example_dags/example_trigger_target_dag.py took 0.154 seconds
[2026-07-01T09:10:11.197+0000] {processor.py:186} INFO - Started process (PID=153) to work on /home/airflow/.local/lib/python3.12/site-packages/airflow/example_dags/example_trigger_target_dag.py
[2026-07-01T09:10:11.198+0000] {processor.py:914} INFO - Processing file /home/airflow/.local/lib/python3.12/site-packages/airflow/example_dags/example_trigger_target_dag.py for tasks to queue
[2026-07-01T09:10:11.200+0000] {logging_mixin.py:190} INFO - [2026-07-01T09:10:11.200+0000] {dagbag.py:587} INFO - Filling up the DagBag from /home/airflow/.local/lib/python3.12/site-packages/airflow/example_dags/example_trigger_target_dag.py
[2026-07-01T09:10:11.207+0000] {processor.py:925} INFO - DAG(s) 'example_trigger_target_dag' retrieved from /home/airflow/.local/lib/python3.12/site-packages/airflow/example_dags/example_trigger_target_dag.py
[2026-07-01T09:10:11.220+0000] {logging_mixin.py:190} INFO - [2026-07-01T09:10:11.220+0000] {dag.py:3211} INFO - Sync 1 DAGs
[2026-07-01T09:10:11.230+0000] {logging_mixin.py:190} INFO - [2026-07-01T09:10:11.229+0000] {dag.py:4138} INFO - Setting next_dagrun for example_trigger_target_dag to None, run_after=None
[2026-07-01T09:10:11.242+0000] {processor.py:208} INFO - Processing /home/airflow/.local/lib/python3.12/site-packages/airflow/example_dags/example_trigger_target_dag.py took 0.049 seconds
[2026-07-01T09:10:41.523+0000] {processor.py:186} INFO - Started process (PID=215) to work on /home/airflow/.local/lib/python3.12/site-packages/airflow/example_dags/example_trigger_target_dag.py
[2026-07-01T09:10:41.524+0000] {processor.py:914} INFO - Processing file /home/airflow/.local/lib/python3.12/site-packages/airflow/example_dags/example_trigger_target_dag.py for tasks to queue
[2026-07-01T09:10:41.526+0000] {logging_mixin.py:190} INFO - [2026-07-01T09:10:41.526+0000] {dagbag.py:587} INFO - Filling up the DagBag from /home/airflow/.local/lib/python3.12/site-packages/airflow/example_dags/example_trigger_target_dag.py
[2026-07-01T09:10:41.532+0000] {processor.py:925} INFO - DAG(s) 'example_trigger_target_dag' retrieved from /home/airflow/.local/lib/python3.12/site-packages/airflow/example_dags/example_trigger_target_dag.py
[2026-07-01T09:10:41.544+0000] {logging_mixin.py:190} INFO - [2026-07-01T09:10:41.544+0000] {dag.py:3211} INFO - Sync 1 DAGs
[2026-07-01T09:10:41.553+0000] {logging_mixin.py:190} INFO - [2026-07-01T09:10:41.553+0000] {dag.py:4138} INFO - Setting next_dagrun for example_trigger_target_dag to None, run_after=None
[2026-07-01T09:10:41.565+0000] {processor.py:208} INFO - Processing /home/airflow/.local/lib/python3.12/site-packages/airflow/example_dags/example_trigger_target_dag.py took 0.046 seconds
[2026-07-01T09:11:11.885+0000] {processor.py:186} INFO - Started process (PID=277) to work on /home/airflow/.local/lib/python3.12/site-packages/airflow/example_dags/example_trigger_target_dag.py
[2026-07-01T09:11:11.886+0000] {processor.py:914} INFO - Processing file /home/airflow/.local/lib/python3.12/site-packages/airflow/example_dags/example_trigger_target_dag.py for tasks to queue
[2026-07-01T09:11:11.888+0000] {logging_mixin.py:190} INFO - [2026-07-01T09:11:11.887+0000] {dagbag.py:587} INFO - Filling up the DagBag from /home/airflow/.local/lib/python3.12/site-packages/airflow/example_dags/example_trigger_target_dag.py
[2026-07-01T09:11:11.893+0000] {processor.py:925} INFO - DAG(s) 'example_trigger_target_dag' retrieved from /home/airflow/.local/lib/python3.12/site-packages/airflow/example_dags/example_trigger_target_dag.py
[2026-07-01T09:11:11.907+0000] {logging_mixin.py:190} INFO - [2026-07-01T09:11:11.907+0000] {dag.py:3211} INFO - Sync 1 DAGs
[2026-07-01T09:11:11.916+0000] {logging_mixin.py:190} INFO - [2026-07-01T09:11:11.916+0000] {dag.py:4138} INFO - Setting next_dagrun for example_trigger_target_dag to None, run_after=None
[2026-07-01T09:11:11.928+0000] {processor.py:208} INFO - Processing /home/airflow/.local/lib/python3.12/site-packages/airflow/example_dags/example_trigger_target_dag.py took 0.047 seconds
[2026-07-01T09:11:42.183+0000] {processor.py:186} INFO - Started process (PID=339) to work on /home/airflow/.local/lib/python3.12/site-packages/airflow/example_dags/example_trigger_target_dag.py
[2026-07-01T09:11:42.184+0000] {processor.py:914} INFO - Processing file /home/airflow/.local/lib/python3.12/site-packages/airflow/example_dags/example_trigger_target_dag.py for tasks to queue
[2026-07-01T09:11:42.186+0000] {logging_mixin.py:190} INFO - [2026-07-01T09:11:42.186+0000] {dagbag.py:587} INFO - Filling up the DagBag from /home/airflow/.local/lib/python3.12/site-packages/airflow/example_dags/example_trigger_target_dag.py
[2026-07-01T09:11:42.192+0000] {processor.py:925} INFO - DAG(s) 'example_trigger_target_dag' retrieved from /home/airflow/.local/lib/python3.12/site-packages/airflow/example_dags/example_trigger_target_dag.py
[2026-07-01T09:11:42.209+0000] {logging_mixin.py:190} INFO - [2026-07-01T09:11:42.209+0000] {dag.py:3211} INFO - Sync 1 DAGs
[2026-07-01T09:11:42.220+0000] {logging_mixin.py:190} INFO - [2026-07-01T09:11:42.220+0000] {dag.py:4138} INFO - Setting next_dagrun for example_trigger_target_dag to None, run_after=None
[2026-07-01T09:11:42.233+0000] {processor.py:208} INFO - Processing /home/airflow/.local/lib/python3.12/site-packages/airflow/example_dags/example_trigger_target_dag.py took 0.054 seconds
[2026-07-01T09:12:12.565+0000] {processor.py:186} INFO - Started process (PID=401) to work on /home/airflow/.local/lib/python3.12/site-packages/airflow/example_dags/example_trigger_target_dag.py
[2026-07-01T09:12:12.567+0000] {processor.py:914} INFO - Processing file /home/airflow/.local/lib/python3.12/site-packages/airflow/example_dags/example_trigger_target_dag.py for tasks to queue
[2026-07-01T09:12:12.568+0000] {logging_mixin.py:190} INFO - [2026-07-01T09:12:12.568+0000] {dagbag.py:587} INFO - Filling up the DagBag from /home/airflow/.local/lib/python3.12/site-packages/airflow/example_dags/example_trigger_target_dag.py
[2026-07-01T09:12:12.574+0000] {processor.py:925} INFO - DAG(s) 'example_trigger_target_dag' retrieved from /home/airflow/.local/lib/python3.12/site-packages/airflow/example_dags/example_trigger_target_dag.py
[2026-07-01T09:12:12.589+0000] {logging_mixin.py:190} INFO - [2026-07-01T09:12:12.589+0000] {dag.py:3211} INFO - Sync 1 DAGs
[2026-07-01T09:12:12.598+0000] {logging_mixin.py:190} INFO - [2026-07-01T09:12:12.598+0000] {dag.py:4138} INFO - Setting next_dagrun for example_trigger_target_dag to None, run_after=None
[2026-07-01T09:12:12.612+0000] {processor.py:208} INFO - Processing /home/airflow/.local/lib/python3.12/site-packages/airflow/example_dags/example_trigger_target_dag.py took 0.051 seconds
[2026-07-01T09:12:43.108+0000] {processor.py:186} INFO - Started process (PID=463) to work on /home/airflow/.local/lib/python3.12/site-packages/airflow/example_dags/example_trigger_target_dag.py
[2026-07-01T09:12:43.109+0000] {processor.py:914} INFO - Processing file /home/airflow/.local/lib/python3.12/site-packages/airflow/example_dags/example_trigger_target_dag.py for tasks to queue
[2026-07-01T09:12:43.111+0000] {logging_mixin.py:190} INFO - [2026-07-01T09:12:43.111+0000] {dagbag.py:587} INFO - Filling up the DagBag from /home/airflow/.local/lib/python3.12/site-packages/airflow/example_dags/example_trigger_target_dag.py
[2026-07-01T09:12:43.119+0000] {processor.py:925} INFO - DAG(s) 'example_trigger_target_dag' retrieved from /home/airflow/.local/lib/python3.12/site-packages/airflow/example_dags/example_trigger_target_dag.py
[2026-07-01T09:12:43.134+0000] {logging_mixin.py:190} INFO - [2026-07-01T09:12:43.134+0000] {dag.py:3211} INFO - Sync 1 DAGs
[2026-07-01T09:12:43.145+0000] {logging_mixin.py:190} INFO - [2026-07-01T09:12:43.145+0000] {dag.py:4138} INFO - Setting next_dagrun for example_trigger_target_dag to None, run_after=None
[2026-07-01T09:12:43.158+0000] {processor.py:208} INFO - Processing /home/airflow/.local/lib/python3.12/site-packages/airflow/example_dags/example_trigger_target_dag.py took 0.055 seconds
[2026-07-01T09:13:13.508+0000] {processor.py:186} INFO - Started process (PID=525) to work on /home/airflow/.local/lib/python3.12/site-packages/airflow/example_dags/example_trigger_target_dag.py
[2026-07-01T09:13:13.509+0000] {processor.py:914} INFO - Processing file /home/airflow/.local/lib/python3.12/site-packages/airflow/example_dags/example_trigger_target_dag.py for tasks to queue
[2026-07-01T09:13:13.511+0000] {logging_mixin.py:190} INFO - [2026-07-01T09:13:13.511+0000] {dagbag.py:587} INFO - Filling up the DagBag from /home/airflow/.local/lib/python3.12/site-packages/airflow/example_dags/example_trigger_target_dag.py
[2026-07-01T09:13:13.517+0000] {processor.py:925} INFO - DAG(s) 'example_trigger_target_dag' retrieved from /home/airflow/.local/lib/python3.12/site-packages/airflow/example_dags/example_trigger_target_dag.py
[2026-07-01T09:13:13.531+0000] {logging_mixin.py:190} INFO - [2026-07-01T09:13:13.531+0000] {dag.py:3211} INFO - Sync 1 DAGs
[2026-07-01T09:13:13.540+0000] {logging_mixin.py:190} INFO - [2026-07-01T09:13:13.540+0000] {dag.py:4138} INFO - Setting next_dagrun for example_trigger_target_dag to None, run_after=None
[2026-07-01T09:13:13.552+0000] {processor.py:208} INFO - Processing /home/airflow/.local/lib/python3.12/site-packages/airflow/example_dags/example_trigger_target_dag.py took 0.048 seconds
[2026-07-01T09:13:44.375+0000] {processor.py:186} INFO - Started process (PID=587) to work on /home/airflow/.local/lib/python3.12/site-packages/airflow/example_dags/example_trigger_target_dag.py
[2026-07-01T09:13:44.376+0000] {processor.py:914} INFO - Processing file /home/airflow/.local/lib/python3.12/site-packages/airflow/example_dags/example_trigger_target_dag.py for tasks to queue
[2026-07-01T09:13:44.378+0000] {logging_mixin.py:190} INFO - [2026-07-01T09:13:44.378+0000] {dagbag.py:587} INFO - Filling up the DagBag from /home/airflow/.local/lib/python3.12/site-packages/airflow/example_dags/example_trigger_target_dag.py
[2026-07-01T09:13:44.384+0000] {processor.py:925} INFO - DAG(s) 'example_trigger_target_dag' retrieved from /home/airflow/.local/lib/python3.12/site-packages/airflow/example_dags/example_trigger_target_dag.py
[2026-07-01T09:13:44.400+0000] {logging_mixin.py:190} INFO - [2026-07-01T09:13:44.400+0000] {dag.py:3211} INFO - Sync 1 DAGs
[2026-07-01T09:13:44.410+0000] {logging_mixin.py:190} INFO - [2026-07-01T09:13:44.409+0000] {dag.py:4138} INFO - Setting next_dagrun for example_trigger_target_dag to None, run_after=None
[2026-07-01T09:13:44.422+0000] {processor.py:208} INFO - Processing /home/airflow/.local/lib/python3.12/site-packages/airflow/example_dags/example_trigger_target_dag.py took 0.051 seconds
[2026-07-01T09:14:15.525+0000] {processor.py:186} INFO - Started process (PID=649) to work on /home/airflow/.local/lib/python3.12/site-packages/airflow/example_dags/example_trigger_target_dag.py
[2026-07-01T09:14:15.526+0000] {processor.py:914} INFO - Processing file /home/airflow/.local/lib/python3.12/site-packages/airflow/example_dags/example_trigger_target_dag.py for tasks to queue
[2026-07-01T09:14:15.528+0000] {logging_mixin.py:190} INFO - [2026-07-01T09:14:15.528+0000] {dagbag.py:587} INFO - Filling up the DagBag from /home/airflow/.local/lib/python3.12/site-packages/airflow/example_dags/example_trigger_target_dag.py
[2026-07-01T09:14:15.534+0000] {processor.py:925} INFO - DAG(s) 'example_trigger_target_dag' retrieved from /home/airflow/.local/lib/python3.12/site-packages/airflow/example_dags/example_trigger_target_dag.py
[2026-07-01T09:14:15.549+0000] {logging_mixin.py:190} INFO - [2026-07-01T09:14:15.549+0000] {dag.py:3211} INFO - Sync 1 DAGs
[2026-07-01T09:14:15.559+0000] {logging_mixin.py:190} INFO - [2026-07-01T09:14:15.559+0000] {dag.py:4138} INFO - Setting next_dagrun for example_trigger_target_dag to None, run_after=None
[2026-07-01T09:14:15.574+0000] {processor.py:208} INFO - Processing /home/airflow/.local/lib/python3.12/site-packages/airflow/example_dags/example_trigger_target_dag.py took 0.054 seconds
[2026-07-01T09:14:45.752+0000] {processor.py:186} INFO - Started process (PID=711) to work on /home/airflow/.local/lib/python3.12/site-packages/airflow/example_dags/example_trigger_target_dag.py
[2026-07-01T09:14:45.753+0000] {processor.py:914} INFO - Processing file /home/airflow/.local/lib/python3.12/site-packages/airflow/example_dags/example_trigger_target_dag.py for tasks to queue
[2026-07-01T09:14:45.755+0000] {logging_mixin.py:190} INFO - [2026-07-01T09:14:45.755+0000] {dagbag.py:587} INFO - Filling up the DagBag from /home/airflow/.local/lib/python3.12/site-packages/airflow/example_dags/example_trigger_target_dag.py
[2026-07-01T09:14:45.761+0000] {processor.py:925} INFO - DAG(s) 'example_trigger_target_dag' retrieved from /home/airflow/.local/lib/python3.12/site-packages/airflow/example_dags/example_trigger_target_dag.py
[2026-07-01T09:14:45.775+0000] {logging_mixin.py:190} INFO - [2026-07-01T09:14:45.775+0000] {dag.py:3211} INFO - Sync 1 DAGs
[2026-07-01T09:14:45.784+0000] {logging_mixin.py:190} INFO - [2026-07-01T09:14:45.784+0000] {dag.py:4138} INFO - Setting next_dagrun for example_trigger_target_dag to None, run_after=None
[2026-07-01T09:14:45.796+0000] {processor.py:208} INFO - Processing /home/airflow/.local/lib/python3.12/site-packages/airflow/example_dags/example_trigger_target_dag.py took 0.049 seconds
[2026-07-01T09:15:16.670+0000] {processor.py:186} INFO - Started process (PID=773) to work on /home/airflow/.local/lib/python3.12/site-packages/airflow/example_dags/example_trigger_target_dag.py
[2026-07-01T09:15:16.671+0000] {processor.py:914} INFO - Processing file /home/airflow/.local/lib/python3.12/site-packages/airflow/example_dags/example_trigger_target_dag.py for tasks to queue
[2026-07-01T09:15:16.673+0000] {logging_mixin.py:190} INFO - [2026-07-01T09:15:16.672+0000] {dagbag.py:587} INFO - Filling up the DagBag from /home/airflow/.local/lib/python3.12/site-packages/airflow/example_dags/example_trigger_target_dag.py
[2026-07-01T09:15:16.679+0000] {processor.py:925} INFO - DAG(s) 'example_trigger_target_dag' retrieved from /home/airflow/.local/lib/python3.12/site-packages/airflow/example_dags/example_trigger_target_dag.py
[2026-07-01T09:15:16.694+0000] {logging_mixin.py:190} INFO - [2026-07-01T09:15:16.694+0000] {dag.py:3211} INFO - Sync 1 DAGs
[2026-07-01T09:15:16.704+0000] {logging_mixin.py:190} INFO - [2026-07-01T09:15:16.703+0000] {dag.py:4138} INFO - Setting next_dagrun for example_trigger_target_dag to None, run_after=None
[2026-07-01T09:15:16.716+0000] {processor.py:208} INFO - Processing /home/airflow/.local/lib/python3.12/site-packages/airflow/example_dags/example_trigger_target_dag.py took 0.051 seconds
[2026-07-01T09:15:47.609+0000] {processor.py:186} INFO - Started process (PID=835) to work on /home/airflow/.local/lib/python3.12/site-packages/airflow/example_dags/example_trigger_target_dag.py
[2026-07-01T09:15:47.610+0000] {processor.py:914} INFO - Processing file /home/airflow/.local/lib/python3.12/site-packages/airflow/example_dags/example_trigger_target_dag.py for tasks to queue
[2026-07-01T09:15:47.614+0000] {logging_mixin.py:190} INFO - [2026-07-01T09:15:47.614+0000] {dagbag.py:587} INFO - Filling up the DagBag from /home/airflow/.local/lib/python3.12/site-packages/airflow/example_dags/example_trigger_target_dag.py
[2026-07-01T09:15:47.621+0000] {processor.py:925} INFO - DAG(s) 'example_trigger_target_dag' retrieved from /home/airflow/.local/lib/python3.12/site-packages/airflow/example_dags/example_trigger_target_dag.py
[2026-07-01T09:15:47.636+0000] {logging_mixin.py:190} INFO - [2026-07-01T09:15:47.636+0000] {dag.py:3211} INFO - Sync 1 DAGs
[2026-07-01T09:15:47.647+0000] {logging_mixin.py:190} INFO - [2026-07-01T09:15:47.647+0000] {dag.py:4138} INFO - Setting next_dagrun for example_trigger_target_dag to None, run_after=None
[2026-07-01T09:15:47.661+0000] {processor.py:208} INFO - Processing /home/airflow/.local/lib/python3.12/site-packages/airflow/example_dags/example_trigger_target_dag.py took 0.056 seconds
[2026-07-01T09:16:17.910+0000] {processor.py:186} INFO - Started process (PID=897) to work on /home/airflow/.local/lib/python3.12/site-packages/airflow/example_dags/example_trigger_target_dag.py
[2026-07-01T09:16:17.912+0000] {processor.py:914} INFO - Processing file /home/airflow/.local/lib/python3.12/site-packages/airflow/example_dags/example_trigger_target_dag.py for tasks to queue
[2026-07-01T09:16:17.914+0000] {logging_mixin.py:190} INFO - [2026-07-01T09:16:17.914+0000] {dagbag.py:587} INFO - Filling up the DagBag from /home/airflow/.local/lib/python3.12/site-packages/airflow/example_dags/example_trigger_target_dag.py
[2026-07-01T09:16:17.920+0000] {processor.py:925} INFO - DAG(s) 'example_trigger_target_dag' retrieved from /home/airflow/.local/lib/python3.12/site-packages/airflow/example_dags/example_trigger_target_dag.py
[2026-07-01T09:16:17.936+0000] {logging_mixin.py:190} INFO - [2026-07-01T09:16:17.936+0000] {dag.py:3211} INFO - Sync 1 DAGs
[2026-07-01T09:16:17.947+0000] {logging_mixin.py:190} INFO - [2026-07-01T09:16:17.947+0000] {dag.py:4138} INFO - Setting next_dagrun for example_trigger_target_dag to None, run_after=None
[2026-07-01T09:16:17.961+0000] {processor.py:208} INFO - Processing /home/airflow/.local/lib/python3.12/site-packages/airflow/example_dags/example_trigger_target_dag.py took 0.055 seconds
[2026-07-01T09:16:48.089+0000] {processor.py:186} INFO - Started process (PID=959) to work on /home/airflow/.local/lib/python3.12/site-packages/airflow/example_dags/example_trigger_target_dag.py
[2026-07-01T09:16:48.090+0000] {processor.py:914} INFO - Processing file /home/airflow/.local/lib/python3.12/site-packages/airflow/example_dags/example_trigger_target_dag.py for tasks to queue
[2026-07-01T09:16:48.092+0000] {logging_mixin.py:190} INFO - [2026-07-01T09:16:48.092+0000] {dagbag.py:587} INFO - Filling up the DagBag from /home/airflow/.local/lib/python3.12/site-packages/airflow/example_dags/example_trigger_target_dag.py
[2026-07-01T09:16:48.097+0000] {processor.py:925} INFO - DAG(s) 'example_trigger_target_dag' retrieved from /home/airflow/.local/lib/python3.12/site-packages/airflow/example_dags/example_trigger_target_dag.py
[2026-07-01T09:16:48.111+0000] {logging_mixin.py:190} INFO - [2026-07-01T09:16:48.111+0000] {dag.py:3211} INFO - Sync 1 DAGs
[2026-07-01T09:16:48.122+0000] {logging_mixin.py:190} INFO - [2026-07-01T09:16:48.122+0000] {dag.py:4138} INFO - Setting next_dagrun for example_trigger_target_dag to None, run_after=None
[2026-07-01T09:16:48.134+0000] {processor.py:208} INFO - Processing /home/airflow/.local/lib/python3.12/site-packages/airflow/example_dags/example_trigger_target_dag.py took 0.050 seconds
[2026-07-01T09:17:18.538+0000] {processor.py:186} INFO - Started process (PID=1021) to work on /home/airflow/.local/lib/python3.12/site-packages/airflow/example_dags/example_trigger_target_dag.py
[2026-07-01T09:17:18.540+0000] {processor.py:914} INFO - Processing file /home/airflow/.local/lib/python3.12/site-packages/airflow/example_dags/example_trigger_target_dag.py for tasks to queue
[2026-07-01T09:17:18.542+0000] {logging_mixin.py:190} INFO - [2026-07-01T09:17:18.541+0000] {dagbag.py:587} INFO - Filling up the DagBag from /home/airflow/.local/lib/python3.12/site-packages/airflow/example_dags/example_trigger_target_dag.py
[2026-07-01T09:17:18.548+0000] {processor.py:925} INFO - DAG(s) 'example_trigger_target_dag' retrieved from /home/airflow/.local/lib/python3.12/site-packages/airflow/example_dags/example_trigger_target_dag.py
[2026-07-01T09:17:18.569+0000] {logging_mixin.py:190} INFO - [2026-07-01T09:17:18.569+0000] {dag.py:3211} INFO - Sync 1 DAGs
[2026-07-01T09:17:18.586+0000] {logging_mixin.py:190} INFO - [2026-07-01T09:17:18.586+0000] {dag.py:4138} INFO - Setting next_dagrun for example_trigger_target_dag to None, run_after=None
[2026-07-01T09:17:18.609+0000] {processor.py:208} INFO - Processing /home/airflow/.local/lib/python3.12/site-packages/airflow/example_dags/example_trigger_target_dag.py took 0.075 seconds
[2026-07-01T09:17:48.860+0000] {processor.py:186} INFO - Started process (PID=1083) to work on /home/airflow/.local/lib/python3.12/site-packages/airflow/example_dags/example_trigger_target_dag.py
[2026-07-01T09:17:48.861+0000] {processor.py:914} INFO - Processing file /home/airflow/.local/lib/python3.12/site-packages/airflow/example_dags/example_trigger_target_dag.py for tasks to queue
[2026-07-01T09:17:48.863+0000] {logging_mixin.py:190} INFO - [2026-07-01T09:17:48.863+0000] {dagbag.py:587} INFO - Filling up the DagBag from /home/airflow/.local/lib/python3.12/site-packages/airflow/example_dags/example_trigger_target_dag.py
[2026-07-01T09:17:48.869+0000] {processor.py:925} INFO - DAG(s) 'example_trigger_target_dag' retrieved from /home/airflow/.local/lib/python3.12/site-packages/airflow/example_dags/example_trigger_target_dag.py
[2026-07-01T09:17:48.883+0000] {logging_mixin.py:190} INFO - [2026-07-01T09:17:48.883+0000] {dag.py:3211} INFO - Sync 1 DAGs
[2026-07-01T09:17:48.894+0000] {logging_mixin.py:190} INFO - [2026-07-01T09:17:48.893+0000] {dag.py:4138} INFO - Setting next_dagrun for example_trigger_target_dag to None, run_after=None
[2026-07-01T09:17:48.907+0000] {processor.py:208} INFO - Processing /home/airflow/.local/lib/python3.12/site-packages/airflow/example_dags/example_trigger_target_dag.py took 0.051 seconds
[2026-07-01T09:18:19.081+0000] {processor.py:186} INFO - Started process (PID=1145) to work on /home/airflow/.local/lib/python3.12/site-packages/airflow/example_dags/example_trigger_target_dag.py
[2026-07-01T09:18:19.082+0000] {processor.py:914} INFO - Processing file /home/airflow/.local/lib/python3.12/site-packages/airflow/example_dags/example_trigger_target_dag.py for tasks to queue
[2026-07-01T09:18:19.084+0000] {logging_mixin.py:190} INFO - [2026-07-01T09:18:19.084+0000] {dagbag.py:587} INFO - Filling up the DagBag from /home/airflow/.local/lib/python3.12/site-packages/airflow/example_dags/example_trigger_target_dag.py
[2026-07-01T09:18:19.090+0000] {processor.py:925} INFO - DAG(s) 'example_trigger_target_dag' retrieved from /home/airflow/.local/lib/python3.12/site-packages/airflow/example_dags/example_trigger_target_dag.py
[2026-07-01T09:18:19.102+0000] {logging_mixin.py:190} INFO - [2026-07-01T09:18:19.102+0000] {dag.py:3211} INFO - Sync 1 DAGs
[2026-07-01T09:18:19.112+0000] {logging_mixin.py:190} INFO - [2026-07-01T09:18:19.111+0000] {dag.py:4138} INFO - Setting next_dagrun for example_trigger_target_dag to None, run_after=None
[2026-07-01T09:18:19.123+0000] {processor.py:208} INFO - Processing /home/airflow/.local/lib/python3.12/site-packages/airflow/example_dags/example_trigger_target_dag.py took 0.046 seconds
[2026-07-01T09:18:49.313+0000] {processor.py:186} INFO - Started process (PID=1207) to work on /home/airflow/.local/lib/python3.12/site-packages/airflow/example_dags/example_trigger_target_dag.py
[2026-07-01T09:18:49.314+0000] {processor.py:914} INFO - Processing file /home/airflow/.local/lib/python3.12/site-packages/airflow/example_dags/example_trigger_target_dag.py for tasks to queue
[2026-07-01T09:18:49.316+0000] {logging_mixin.py:190} INFO - [2026-07-01T09:18:49.316+0000] {dagbag.py:587} INFO - Filling up the DagBag from /home/airflow/.local/lib/python3.12/site-packages/airflow/example_dags/example_trigger_target_dag.py
[2026-07-01T09:18:49.322+0000] {processor.py:925} INFO - DAG(s) 'example_trigger_target_dag' retrieved from /home/airflow/.local/lib/python3.12/site-packages/airflow/example_dags/example_trigger_target_dag.py
[2026-07-01T09:18:49.337+0000] {logging_mixin.py:190} INFO - [2026-07-01T09:18:49.337+0000] {dag.py:3211} INFO - Sync 1 DAGs
[2026-07-01T09:18:49.345+0000] {logging_mixin.py:190} INFO - [2026-07-01T09:18:49.345+0000] {dag.py:4138} INFO - Setting next_dagrun for example_trigger_target_dag to None, run_after=None
[2026-07-01T09:18:49.360+0000] {processor.py:208} INFO - Processing /home/airflow/.local/lib/python3.12/site-packages/airflow/example_dags/example_trigger_target_dag.py took 0.051 seconds
[2026-07-01T09:19:20.074+0000] {processor.py:186} INFO - Started process (PID=1269) to work on /home/airflow/.local/lib/python3.12/site-packages/airflow/example_dags/example_trigger_target_dag.py
[2026-07-01T09:19:20.075+0000] {processor.py:914} INFO - Processing file /home/airflow/.local/lib/python3.12/site-packages/airflow/example_dags/example_trigger_target_dag.py for tasks to queue
[2026-07-01T09:19:20.076+0000] {logging_mixin.py:190} INFO - [2026-07-01T09:19:20.076+0000] {dagbag.py:587} INFO - Filling up the DagBag from /home/airflow/.local/lib/python3.12/site-packages/airflow/example_dags/example_trigger_target_dag.py
[2026-07-01T09:19:20.082+0000] {processor.py:925} INFO - DAG(s) 'example_trigger_target_dag' retrieved from /home/airflow/.local/lib/python3.12/site-packages/airflow/example_dags/example_trigger_target_dag.py
[2026-07-01T09:19:20.097+0000] {logging_mixin.py:190} INFO - [2026-07-01T09:19:20.097+0000] {dag.py:3211} INFO - Sync 1 DAGs
[2026-07-01T09:19:20.107+0000] {logging_mixin.py:190} INFO - [2026-07-01T09:19:20.107+0000] {dag.py:4138} INFO - Setting next_dagrun for example_trigger_target_dag to None, run_after=None
[2026-07-01T09:19:20.120+0000] {processor.py:208} INFO - Processing /home/airflow/.local/lib/python3.12/site-packages/airflow/example_dags/example_trigger_target_dag.py took 0.052 seconds
[2026-07-01T09:19:50.816+0000] {processor.py:186} INFO - Started process (PID=1331) to work on /home/airflow/.local/lib/python3.12/site-packages/airflow/example_dags/example_trigger_target_dag.py
[2026-07-01T09:19:50.817+0000] {processor.py:914} INFO - Processing file /home/airflow/.local/lib/python3.12/site-packages/airflow/example_dags/example_trigger_target_dag.py for tasks to queue
[2026-07-01T09:19:50.819+0000] {logging_mixin.py:190} INFO - [2026-07-01T09:19:50.819+0000] {dagbag.py:587} INFO - Filling up the DagBag from /home/airflow/.local/lib/python3.12/site-packages/airflow/example_dags/example_trigger_target_dag.py
[2026-07-01T09:19:50.825+0000] {processor.py:925} INFO - DAG(s) 'example_trigger_target_dag' retrieved from /home/airflow/.local/lib/python3.12/site-packages/airflow/example_dags/example_trigger_target_dag.py
[2026-07-01T09:19:50.841+0000] {logging_mixin.py:190} INFO - [2026-07-01T09:19:50.840+0000] {dag.py:3211} INFO - Sync 1 DAGs
[2026-07-01T09:19:50.852+0000] {logging_mixin.py:190} INFO - [2026-07-01T09:19:50.851+0000] {dag.py:4138} INFO - Setting next_dagrun for example_trigger_target_dag to None, run_after=None
[2026-07-01T09:19:50.866+0000] {processor.py:208} INFO - Processing /home/airflow/.local/lib/python3.12/site-packages/airflow/example_dags/example_trigger_target_dag.py took 0.054 seconds
[2026-07-01T09:20:21.500+0000] {processor.py:186} INFO - Started process (PID=1393) to work on /home/airflow/.local/lib/python3.12/site-packages/airflow/example_dags/example_trigger_target_dag.py
[2026-07-01T09:20:21.502+0000] {processor.py:914} INFO - Processing file /home/airflow/.local/lib/python3.12/site-packages/airflow/example_dags/example_trigger_target_dag.py for tasks to queue
[2026-07-01T09:20:21.504+0000] {logging_mixin.py:190} INFO - [2026-07-01T09:20:21.503+0000] {dagbag.py:587} INFO - Filling up the DagBag from /home/airflow/.local/lib/python3.12/site-packages/airflow/example_dags/example_trigger_target_dag.py
[2026-07-01T09:20:21.510+0000] {processor.py:925} INFO - DAG(s) 'example_trigger_target_dag' retrieved from /home/airflow/.local/lib/python3.12/site-packages/airflow/example_dags/example_trigger_target_dag.py
[2026-07-01T09:20:21.524+0000] {logging_mixin.py:190} INFO - [2026-07-01T09:20:21.524+0000] {dag.py:3211} INFO - Sync 1 DAGs
[2026-07-01T09:20:21.535+0000] {logging_mixin.py:190} INFO - [2026-07-01T09:20:21.534+0000] {dag.py:4138} INFO - Setting next_dagrun for example_trigger_target_dag to None, run_after=None
[2026-07-01T09:20:21.547+0000] {processor.py:208} INFO - Processing /home/airflow/.local/lib/python3.12/site-packages/airflow/example_dags/example_trigger_target_dag.py took 0.051 seconds
[2026-07-01T09:20:52.351+0000] {processor.py:186} INFO - Started process (PID=1455) to work on /home/airflow/.local/lib/python3.12/site-packages/airflow/example_dags/example_trigger_target_dag.py
[2026-07-01T09:20:52.352+0000] {processor.py:914} INFO - Processing file /home/airflow/.local/lib/python3.12/site-packages/airflow/example_dags/example_trigger_target_dag.py for tasks to queue
[2026-07-01T09:20:52.354+0000] {logging_mixin.py:190} INFO - [2026-07-01T09:20:52.354+0000] {dagbag.py:587} INFO - Filling up the DagBag from /home/airflow/.local/lib/python3.12/site-packages/airflow/example_dags/example_trigger_target_dag.py
[2026-07-01T09:20:52.360+0000] {processor.py:925} INFO - DAG(s) 'example_trigger_target_dag' retrieved from /home/airflow/.local/lib/python3.12/site-packages/airflow/example_dags/example_trigger_target_dag.py
[2026-07-01T09:20:52.378+0000] {logging_mixin.py:190} INFO - [2026-07-01T09:20:52.377+0000] {dag.py:3211} INFO - Sync 1 DAGs
[2026-07-01T09:20:52.391+0000] {logging_mixin.py:190} INFO - [2026-07-01T09:20:52.390+0000] {dag.py:4138} INFO - Setting next_dagrun for example_trigger_target_dag to None, run_after=None
[2026-07-01T09:20:52.407+0000] {processor.py:208} INFO - Processing /home/airflow/.local/lib/python3.12/site-packages/airflow/example_dags/example_trigger_target_dag.py took 0.061 seconds
[2026-07-01T09:21:22.517+0000] {processor.py:186} INFO - Started process (PID=1517) to work on /home/airflow/.local/lib/python3.12/site-packages/airflow/example_dags/example_trigger_target_dag.py
[2026-07-01T09:21:22.518+0000] {processor.py:914} INFO - Processing file /home/airflow/.local/lib/python3.12/site-packages/airflow/example_dags/example_trigger_target_dag.py for tasks to queue
[2026-07-01T09:21:22.520+0000] {logging_mixin.py:190} INFO - [2026-07-01T09:21:22.520+0000] {dagbag.py:587} INFO - Filling up the DagBag from /home/airflow/.local/lib/python3.12/site-packages/airflow/example_dags/example_trigger_target_dag.py
[2026-07-01T09:21:22.528+0000] {processor.py:925} INFO - DAG(s) 'example_trigger_target_dag' retrieved from /home/airflow/.local/lib/python3.12/site-packages/airflow/example_dags/example_trigger_target_dag.py
[2026-07-01T09:21:22.547+0000] {logging_mixin.py:190} INFO - [2026-07-01T09:21:22.547+0000] {dag.py:3211} INFO - Sync 1 DAGs
[2026-07-01T09:21:22.560+0000] {logging_mixin.py:190} INFO - [2026-07-01T09:21:22.560+0000] {dag.py:4138} INFO - Setting next_dagrun for example_trigger_target_dag to None, run_after=None
[2026-07-01T09:21:22.575+0000] {processor.py:208} INFO - Processing /home/airflow/.local/lib/python3.12/site-packages/airflow/example_dags/example_trigger_target_dag.py took 0.062 seconds
[2026-07-01T09:21:52.752+0000] {processor.py:186} INFO - Started process (PID=1579) to work on /home/airflow/.local/lib/python3.12/site-packages/airflow/example_dags/example_trigger_target_dag.py
[2026-07-01T09:21:52.753+0000] {processor.py:914} INFO - Processing file /home/airflow/.local/lib/python3.12/site-packages/airflow/example_dags/example_trigger_target_dag.py for tasks to queue
[2026-07-01T09:21:52.755+0000] {logging_mixin.py:190} INFO - [2026-07-01T09:21:52.755+0000] {dagbag.py:587} INFO - Filling up the DagBag from /home/airflow/.local/lib/python3.12/site-packages/airflow/example_dags/example_trigger_target_dag.py
[2026-07-01T09:21:52.764+0000] {processor.py:925} INFO - DAG(s) 'example_trigger_target_dag' retrieved from /home/airflow/.local/lib/python3.12/site-packages/airflow/example_dags/example_trigger_target_dag.py
[2026-07-01T09:21:52.780+0000] {logging_mixin.py:190} INFO - [2026-07-01T09:21:52.780+0000] {dag.py:3211} INFO - Sync 1 DAGs
[2026-07-01T09:21:52.791+0000] {logging_mixin.py:190} INFO - [2026-07-01T09:21:52.791+0000] {dag.py:4138} INFO - Setting next_dagrun for example_trigger_target_dag to None, run_after=None
[2026-07-01T09:21:52.804+0000] {processor.py:208} INFO - Processing /home/airflow/.local/lib/python3.12/site-packages/airflow/example_dags/example_trigger_target_dag.py took 0.057 seconds
[2026-07-01T09:22:23.141+0000] {processor.py:186} INFO - Started process (PID=1641) to work on /home/airflow/.local/lib/python3.12/site-packages/airflow/example_dags/example_trigger_target_dag.py
[2026-07-01T09:22:23.143+0000] {processor.py:914} INFO - Processing file /home/airflow/.local/lib/python3.12/site-packages/airflow/example_dags/example_trigger_target_dag.py for tasks to queue
[2026-07-01T09:22:23.145+0000] {logging_mixin.py:190} INFO - [2026-07-01T09:22:23.145+0000] {dagbag.py:587} INFO - Filling up the DagBag from /home/airflow/.local/lib/python3.12/site-packages/airflow/example_dags/example_trigger_target_dag.py
[2026-07-01T09:22:23.152+0000] {processor.py:925} INFO - DAG(s) 'example_trigger_target_dag' retrieved from /home/airflow/.local/lib/python3.12/site-packages/airflow/example_dags/example_trigger_target_dag.py
[2026-07-01T09:22:23.177+0000] {logging_mixin.py:190} INFO - [2026-07-01T09:22:23.177+0000] {dag.py:3211} INFO - Sync 1 DAGs
[2026-07-01T09:22:23.190+0000] {logging_mixin.py:190} INFO - [2026-07-01T09:22:23.190+0000] {dag.py:4138} INFO - Setting next_dagrun for example_trigger_target_dag to None, run_after=None
[2026-07-01T09:22:23.207+0000] {processor.py:208} INFO - Processing /home/airflow/.local/lib/python3.12/site-packages/airflow/example_dags/example_trigger_target_dag.py took 0.072 seconds
[2026-07-01T09:22:54.098+0000] {processor.py:186} INFO - Started process (PID=1703) to work on /home/airflow/.local/lib/python3.12/site-packages/airflow/example_dags/example_trigger_target_dag.py
[2026-07-01T09:22:54.099+0000] {processor.py:914} INFO - Processing file /home/airflow/.local/lib/python3.12/site-packages/airflow/example_dags/example_trigger_target_dag.py for tasks to queue
[2026-07-01T09:22:54.102+0000] {logging_mixin.py:190} INFO - [2026-07-01T09:22:54.101+0000] {dagbag.py:587} INFO - Filling up the DagBag from /home/airflow/.local/lib/python3.12/site-packages/airflow/example_dags/example_trigger_target_dag.py
[2026-07-01T09:22:54.108+0000] {processor.py:925} INFO - DAG(s) 'example_trigger_target_dag' retrieved from /home/airflow/.local/lib/python3.12/site-packages/airflow/example_dags/example_trigger_target_dag.py
[2026-07-01T09:22:54.125+0000] {logging_mixin.py:190} INFO - [2026-07-01T09:22:54.125+0000] {dag.py:3211} INFO - Sync 1 DAGs
[2026-07-01T09:22:54.136+0000] {logging_mixin.py:190} INFO - [2026-07-01T09:22:54.136+0000] {dag.py:4138} INFO - Setting next_dagrun for example_trigger_target_dag to None, run_after=None
[2026-07-01T09:22:54.154+0000] {processor.py:208} INFO - Processing /home/airflow/.local/lib/python3.12/site-packages/airflow/example_dags/example_trigger_target_dag.py took 0.061 seconds
[2026-07-01T09:23:24.419+0000] {processor.py:186} INFO - Started process (PID=1765) to work on /home/airflow/.local/lib/python3.12/site-packages/airflow/example_dags/example_trigger_target_dag.py
[2026-07-01T09:23:24.419+0000] {processor.py:914} INFO - Processing file /home/airflow/.local/lib/python3.12/site-packages/airflow/example_dags/example_trigger_target_dag.py for tasks to queue
[2026-07-01T09:23:24.421+0000] {logging_mixin.py:190} INFO - [2026-07-01T09:23:24.421+0000] {dagbag.py:587} INFO - Filling up the DagBag from /home/airflow/.local/lib/python3.12/site-packages/airflow/example_dags/example_trigger_target_dag.py
[2026-07-01T09:23:24.427+0000] {processor.py:925} INFO - DAG(s) 'example_trigger_target_dag' retrieved from /home/airflow/.local/lib/python3.12/site-packages/airflow/example_dags/example_trigger_target_dag.py
[2026-07-01T09:23:24.440+0000] {logging_mixin.py:190} INFO - [2026-07-01T09:23:24.440+0000] {dag.py:3211} INFO - Sync 1 DAGs
[2026-07-01T09:23:24.449+0000] {logging_mixin.py:190} INFO - [2026-07-01T09:23:24.449+0000] {dag.py:4138} INFO - Setting next_dagrun for example_trigger_target_dag to None, run_after=None
[2026-07-01T09:23:24.461+0000] {processor.py:208} INFO - Processing /home/airflow/.local/lib/python3.12/site-packages/airflow/example_dags/example_trigger_target_dag.py took 0.047 seconds
[2026-07-01T09:23:54.764+0000] {processor.py:186} INFO - Started process (PID=1827) to work on /home/airflow/.local/lib/python3.12/site-packages/airflow/example_dags/example_trigger_target_dag.py
[2026-07-01T09:23:54.765+0000] {processor.py:914} INFO - Processing file /home/airflow/.local/lib/python3.12/site-packages/airflow/example_dags/example_trigger_target_dag.py for tasks to queue
[2026-07-01T09:23:54.767+0000] {logging_mixin.py:190} INFO - [2026-07-01T09:23:54.767+0000] {dagbag.py:587} INFO - Filling up the DagBag from /home/airflow/.local/lib/python3.12/site-packages/airflow/example_dags/example_trigger_target_dag.py
[2026-07-01T09:23:54.772+0000] {processor.py:925} INFO - DAG(s) 'example_trigger_target_dag' retrieved from /home/airflow/.local/lib/python3.12/site-packages/airflow/example_dags/example_trigger_target_dag.py
[2026-07-01T09:23:54.787+0000] {logging_mixin.py:190} INFO - [2026-07-01T09:23:54.786+0000] {dag.py:3211} INFO - Sync 1 DAGs
[2026-07-01T09:23:54.797+0000] {logging_mixin.py:190} INFO - [2026-07-01T09:23:54.797+0000] {dag.py:4138} INFO - Setting next_dagrun for example_trigger_target_dag to None, run_after=None
[2026-07-01T09:23:54.810+0000] {processor.py:208} INFO - Processing /home/airflow/.local/lib/python3.12/site-packages/airflow/example_dags/example_trigger_target_dag.py took 0.051 seconds
[2026-07-01T09:24:25.080+0000] {processor.py:186} INFO - Started process (PID=1889) to work on /home/airflow/.local/lib/python3.12/site-packages/airflow/example_dags/example_trigger_target_dag.py
[2026-07-01T09:24:25.081+0000] {processor.py:914} INFO - Processing file /home/airflow/.local/lib/python3.12/site-packages/airflow/example_dags/example_trigger_target_dag.py for tasks to queue
[2026-07-01T09:24:25.083+0000] {logging_mixin.py:190} INFO - [2026-07-01T09:24:25.082+0000] {dagbag.py:587} INFO - Filling up the DagBag from /home/airflow/.local/lib/python3.12/site-packages/airflow/example_dags/example_trigger_target_dag.py
[2026-07-01T09:24:25.088+0000] {processor.py:925} INFO - DAG(s) 'example_trigger_target_dag' retrieved from /home/airflow/.local/lib/python3.12/site-packages/airflow/example_dags/example_trigger_target_dag.py
[2026-07-01T09:24:25.102+0000] {logging_mixin.py:190} INFO - [2026-07-01T09:24:25.102+0000] {dag.py:3211} INFO - Sync 1 DAGs
[2026-07-01T09:24:25.112+0000] {logging_mixin.py:190} INFO - [2026-07-01T09:24:25.112+0000] {dag.py:4138} INFO - Setting next_dagrun for example_trigger_target_dag to None, run_after=None
[2026-07-01T09:24:25.125+0000] {processor.py:208} INFO - Processing /home/airflow/.local/lib/python3.12/site-packages/airflow/example_dags/example_trigger_target_dag.py took 0.050 seconds
[2026-07-01T09:24:55.209+0000] {processor.py:186} INFO - Started process (PID=1951) to work on /home/airflow/.local/lib/python3.12/site-packages/airflow/example_dags/example_trigger_target_dag.py
[2026-07-01T09:24:55.210+0000] {processor.py:914} INFO - Processing file /home/airflow/.local/lib/python3.12/site-packages/airflow/example_dags/example_trigger_target_dag.py for tasks to queue
[2026-07-01T09:24:55.212+0000] {logging_mixin.py:190} INFO - [2026-07-01T09:24:55.212+0000] {dagbag.py:587} INFO - Filling up the DagBag from /home/airflow/.local/lib/python3.12/site-packages/airflow/example_dags/example_trigger_target_dag.py
[2026-07-01T09:24:55.218+0000] {processor.py:925} INFO - DAG(s) 'example_trigger_target_dag' retrieved from /home/airflow/.local/lib/python3.12/site-packages/airflow/example_dags/example_trigger_target_dag.py
[2026-07-01T09:24:55.231+0000] {logging_mixin.py:190} INFO - [2026-07-01T09:24:55.231+0000] {dag.py:3211} INFO - Sync 1 DAGs
[2026-07-01T09:24:55.239+0000] {logging_mixin.py:190} INFO - [2026-07-01T09:24:55.239+0000] {dag.py:4138} INFO - Setting next_dagrun for example_trigger_target_dag to None, run_after=None
[2026-07-01T09:24:55.251+0000] {processor.py:208} INFO - Processing /home/airflow/.local/lib/python3.12/site-packages/airflow/example_dags/example_trigger_target_dag.py took 0.046 seconds
[2026-07-01T09:25:25.519+0000] {processor.py:186} INFO - Started process (PID=2013) to work on /home/airflow/.local/lib/python3.12/site-packages/airflow/example_dags/example_trigger_target_dag.py
[2026-07-01T09:25:25.520+0000] {processor.py:914} INFO - Processing file /home/airflow/.local/lib/python3.12/site-packages/airflow/example_dags/example_trigger_target_dag.py for tasks to queue
[2026-07-01T09:25:25.522+0000] {logging_mixin.py:190} INFO - [2026-07-01T09:25:25.521+0000] {dagbag.py:587} INFO - Filling up the DagBag from /home/airflow/.local/lib/python3.12/site-packages/airflow/example_dags/example_trigger_target_dag.py
[2026-07-01T09:25:25.527+0000] {processor.py:925} INFO - DAG(s) 'example_trigger_target_dag' retrieved from /home/airflow/.local/lib/python3.12/site-packages/airflow/example_dags/example_trigger_target_dag.py
[2026-07-01T09:25:25.541+0000] {logging_mixin.py:190} INFO - [2026-07-01T09:25:25.541+0000] {dag.py:3211} INFO - Sync 1 DAGs
[2026-07-01T09:25:25.552+0000] {logging_mixin.py:190} INFO - [2026-07-01T09:25:25.552+0000] {dag.py:4138} INFO - Setting next_dagrun for example_trigger_target_dag to None, run_after=None
[2026-07-01T09:25:25.564+0000] {processor.py:208} INFO - Processing /home/airflow/.local/lib/python3.12/site-packages/airflow/example_dags/example_trigger_target_dag.py took 0.049 seconds
[2026-07-01T09:30:08.178+0000] {processor.py:186} INFO - Started process (PID=2069) to work on /home/airflow/.local/lib/python3.12/site-packages/airflow/example_dags/example_trigger_target_dag.py
[2026-07-01T09:30:08.179+0000] {processor.py:914} INFO - Processing file /home/airflow/.local/lib/python3.12/site-packages/airflow/example_dags/example_trigger_target_dag.py for tasks to queue
[2026-07-01T09:30:08.181+0000] {logging_mixin.py:190} INFO - [2026-07-01T09:30:08.181+0000] {dagbag.py:587} INFO - Filling up the DagBag from /home/airflow/.local/lib/python3.12/site-packages/airflow/example_dags/example_trigger_target_dag.py
[2026-07-01T09:30:08.188+0000] {processor.py:925} INFO - DAG(s) 'example_trigger_target_dag' retrieved from /home/airflow/.local/lib/python3.12/site-packages/airflow/example_dags/example_trigger_target_dag.py
[2026-07-01T09:30:08.204+0000] {logging_mixin.py:190} INFO - [2026-07-01T09:30:08.204+0000] {dag.py:3211} INFO - Sync 1 DAGs
[2026-07-01T09:30:08.214+0000] {logging_mixin.py:190} INFO - [2026-07-01T09:30:08.214+0000] {dag.py:4138} INFO - Setting next_dagrun for example_trigger_target_dag to None, run_after=None
[2026-07-01T09:30:08.227+0000] {processor.py:208} INFO - Processing /home/airflow/.local/lib/python3.12/site-packages/airflow/example_dags/example_trigger_target_dag.py took 0.055 seconds
[2026-07-01T09:30:38.891+0000] {processor.py:186} INFO - Started process (PID=2131) to work on /home/airflow/.local/lib/python3.12/site-packages/airflow/example_dags/example_trigger_target_dag.py
[2026-07-01T09:30:38.892+0000] {processor.py:914} INFO - Processing file /home/airflow/.local/lib/python3.12/site-packages/airflow/example_dags/example_trigger_target_dag.py for tasks to queue
[2026-07-01T09:30:38.895+0000] {logging_mixin.py:190} INFO - [2026-07-01T09:30:38.894+0000] {dagbag.py:587} INFO - Filling up the DagBag from /home/airflow/.local/lib/python3.12/site-packages/airflow/example_dags/example_trigger_target_dag.py
[2026-07-01T09:30:38.902+0000] {processor.py:925} INFO - DAG(s) 'example_trigger_target_dag' retrieved from /home/airflow/.local/lib/python3.12/site-packages/airflow/example_dags/example_trigger_target_dag.py
[2026-07-01T09:30:38.917+0000] {logging_mixin.py:190} INFO - [2026-07-01T09:30:38.917+0000] {dag.py:3211} INFO - Sync 1 DAGs
[2026-07-01T09:30:38.928+0000] {logging_mixin.py:190} INFO - [2026-07-01T09:30:38.928+0000] {dag.py:4138} INFO - Setting next_dagrun for example_trigger_target_dag to None, run_after=None
[2026-07-01T09:30:38.943+0000] {processor.py:208} INFO - Processing /home/airflow/.local/lib/python3.12/site-packages/airflow/example_dags/example_trigger_target_dag.py took 0.057 seconds
[2026-07-01T09:31:09.234+0000] {processor.py:186} INFO - Started process (PID=2193) to work on /home/airflow/.local/lib/python3.12/site-packages/airflow/example_dags/example_trigger_target_dag.py
[2026-07-01T09:31:09.235+0000] {processor.py:914} INFO - Processing file /home/airflow/.local/lib/python3.12/site-packages/airflow/example_dags/example_trigger_target_dag.py for tasks to queue
[2026-07-01T09:31:09.237+0000] {logging_mixin.py:190} INFO - [2026-07-01T09:31:09.237+0000] {dagbag.py:587} INFO - Filling up the DagBag from /home/airflow/.local/lib/python3.12/site-packages/airflow/example_dags/example_trigger_target_dag.py
[2026-07-01T09:31:09.244+0000] {processor.py:925} INFO - DAG(s) 'example_trigger_target_dag' retrieved from /home/airflow/.local/lib/python3.12/site-packages/airflow/example_dags/example_trigger_target_dag.py
[2026-07-01T09:31:09.260+0000] {logging_mixin.py:190} INFO - [2026-07-01T09:31:09.260+0000] {dag.py:3211} INFO - Sync 1 DAGs
[2026-07-01T09:31:09.271+0000] {logging_mixin.py:190} INFO - [2026-07-01T09:31:09.270+0000] {dag.py:4138} INFO - Setting next_dagrun for example_trigger_target_dag to None, run_after=None
[2026-07-01T09:31:09.284+0000] {processor.py:208} INFO - Processing /home/airflow/.local/lib/python3.12/site-packages/airflow/example_dags/example_trigger_target_dag.py took 0.056 seconds
[2026-07-01T09:31:39.745+0000] {processor.py:186} INFO - Started process (PID=2255) to work on /home/airflow/.local/lib/python3.12/site-packages/airflow/example_dags/example_trigger_target_dag.py
[2026-07-01T09:31:39.745+0000] {processor.py:914} INFO - Processing file /home/airflow/.local/lib/python3.12/site-packages/airflow/example_dags/example_trigger_target_dag.py for tasks to queue
[2026-07-01T09:31:39.747+0000] {logging_mixin.py:190} INFO - [2026-07-01T09:31:39.747+0000] {dagbag.py:587} INFO - Filling up the DagBag from /home/airflow/.local/lib/python3.12/site-packages/airflow/example_dags/example_trigger_target_dag.py
[2026-07-01T09:31:39.753+0000] {processor.py:925} INFO - DAG(s) 'example_trigger_target_dag' retrieved from /home/airflow/.local/lib/python3.12/site-packages/airflow/example_dags/example_trigger_target_dag.py
[2026-07-01T09:31:39.768+0000] {logging_mixin.py:190} INFO - [2026-07-01T09:31:39.768+0000] {dag.py:3211} INFO - Sync 1 DAGs
[2026-07-01T09:31:39.777+0000] {logging_mixin.py:190} INFO - [2026-07-01T09:31:39.777+0000] {dag.py:4138} INFO - Setting next_dagrun for example_trigger_target_dag to None, run_after=None
[2026-07-01T09:31:39.789+0000] {processor.py:208} INFO - Processing /home/airflow/.local/lib/python3.12/site-packages/airflow/example_dags/example_trigger_target_dag.py took 0.049 seconds
[2026-07-01T09:32:10.131+0000] {processor.py:186} INFO - Started process (PID=2317) to work on /home/airflow/.local/lib/python3.12/site-packages/airflow/example_dags/example_trigger_target_dag.py
[2026-07-01T09:32:10.132+0000] {processor.py:914} INFO - Processing file /home/airflow/.local/lib/python3.12/site-packages/airflow/example_dags/example_trigger_target_dag.py for tasks to queue
[2026-07-01T09:32:10.134+0000] {logging_mixin.py:190} INFO - [2026-07-01T09:32:10.134+0000] {dagbag.py:587} INFO - Filling up the DagBag from /home/airflow/.local/lib/python3.12/site-packages/airflow/example_dags/example_trigger_target_dag.py
[2026-07-01T09:32:10.140+0000] {processor.py:925} INFO - DAG(s) 'example_trigger_target_dag' retrieved from /home/airflow/.local/lib/python3.12/site-packages/airflow/example_dags/example_trigger_target_dag.py
[2026-07-01T09:32:10.156+0000] {logging_mixin.py:190} INFO - [2026-07-01T09:32:10.155+0000] {dag.py:3211} INFO - Sync 1 DAGs
[2026-07-01T09:32:10.166+0000] {logging_mixin.py:190} INFO - [2026-07-01T09:32:10.166+0000] {dag.py:4138} INFO - Setting next_dagrun for example_trigger_target_dag to None, run_after=None
[2026-07-01T09:32:10.178+0000] {processor.py:208} INFO - Processing /home/airflow/.local/lib/python3.12/site-packages/airflow/example_dags/example_trigger_target_dag.py took 0.052 seconds
[2026-07-01T09:32:40.641+0000] {processor.py:186} INFO - Started process (PID=2379) to work on /home/airflow/.local/lib/python3.12/site-packages/airflow/example_dags/example_trigger_target_dag.py
[2026-07-01T09:32:40.642+0000] {processor.py:914} INFO - Processing file /home/airflow/.local/lib/python3.12/site-packages/airflow/example_dags/example_trigger_target_dag.py for tasks to queue
[2026-07-01T09:32:40.644+0000] {logging_mixin.py:190} INFO - [2026-07-01T09:32:40.644+0000] {dagbag.py:587} INFO - Filling up the DagBag from /home/airflow/.local/lib/python3.12/site-packages/airflow/example_dags/example_trigger_target_dag.py
[2026-07-01T09:32:40.651+0000] {processor.py:925} INFO - DAG(s) 'example_trigger_target_dag' retrieved from /home/airflow/.local/lib/python3.12/site-packages/airflow/example_dags/example_trigger_target_dag.py
[2026-07-01T09:32:40.666+0000] {logging_mixin.py:190} INFO - [2026-07-01T09:32:40.666+0000] {dag.py:3211} INFO - Sync 1 DAGs
[2026-07-01T09:32:40.675+0000] {logging_mixin.py:190} INFO - [2026-07-01T09:32:40.675+0000] {dag.py:4138} INFO - Setting next_dagrun for example_trigger_target_dag to None, run_after=None
[2026-07-01T09:32:40.687+0000] {processor.py:208} INFO - Processing /home/airflow/.local/lib/python3.12/site-packages/airflow/example_dags/example_trigger_target_dag.py took 0.051 seconds
[2026-07-01T09:33:11.188+0000] {processor.py:186} INFO - Started process (PID=2441) to work on /home/airflow/.local/lib/python3.12/site-packages/airflow/example_dags/example_trigger_target_dag.py
[2026-07-01T09:33:11.189+0000] {processor.py:914} INFO - Processing file /home/airflow/.local/lib/python3.12/site-packages/airflow/example_dags/example_trigger_target_dag.py for tasks to queue
[2026-07-01T09:33:11.192+0000] {logging_mixin.py:190} INFO - [2026-07-01T09:33:11.192+0000] {dagbag.py:587} INFO - Filling up the DagBag from /home/airflow/.local/lib/python3.12/site-packages/airflow/example_dags/example_trigger_target_dag.py
[2026-07-01T09:33:11.201+0000] {processor.py:925} INFO - DAG(s) 'example_trigger_target_dag' retrieved from /home/airflow/.local/lib/python3.12/site-packages/airflow/example_dags/example_trigger_target_dag.py
[2026-07-01T09:33:11.226+0000] {logging_mixin.py:190} INFO - [2026-07-01T09:33:11.226+0000] {dag.py:3211} INFO - Sync 1 DAGs
[2026-07-01T09:33:11.239+0000] {logging_mixin.py:190} INFO - [2026-07-01T09:33:11.238+0000] {dag.py:4138} INFO - Setting next_dagrun for example_trigger_target_dag to None, run_after=None
[2026-07-01T09:33:11.255+0000] {processor.py:208} INFO - Processing /home/airflow/.local/lib/python3.12/site-packages/airflow/example_dags/example_trigger_target_dag.py took 0.072 seconds
[2026-07-01T09:33:41.778+0000] {processor.py:186} INFO - Started process (PID=2503) to work on /home/airflow/.local/lib/python3.12/site-packages/airflow/example_dags/example_trigger_target_dag.py
[2026-07-01T09:33:41.780+0000] {processor.py:914} INFO - Processing file /home/airflow/.local/lib/python3.12/site-packages/airflow/example_dags/example_trigger_target_dag.py for tasks to queue
[2026-07-01T09:33:41.782+0000] {logging_mixin.py:190} INFO - [2026-07-01T09:33:41.782+0000] {dagbag.py:587} INFO - Filling up the DagBag from /home/airflow/.local/lib/python3.12/site-packages/airflow/example_dags/example_trigger_target_dag.py
[2026-07-01T09:33:41.788+0000] {processor.py:925} INFO - DAG(s) 'example_trigger_target_dag' retrieved from /home/airflow/.local/lib/python3.12/site-packages/airflow/example_dags/example_trigger_target_dag.py
[2026-07-01T09:33:41.809+0000] {logging_mixin.py:190} INFO - [2026-07-01T09:33:41.809+0000] {dag.py:3211} INFO - Sync 1 DAGs
[2026-07-01T09:33:41.823+0000] {logging_mixin.py:190} INFO - [2026-07-01T09:33:41.823+0000] {dag.py:4138} INFO - Setting next_dagrun for example_trigger_target_dag to None, run_after=None
[2026-07-01T09:33:41.839+0000] {processor.py:208} INFO - Processing /home/airflow/.local/lib/python3.12/site-packages/airflow/example_dags/example_trigger_target_dag.py took 0.065 seconds
[2026-07-01T09:34:12.750+0000] {processor.py:186} INFO - Started process (PID=2565) to work on /home/airflow/.local/lib/python3.12/site-packages/airflow/example_dags/example_trigger_target_dag.py
[2026-07-01T09:34:12.751+0000] {processor.py:914} INFO - Processing file /home/airflow/.local/lib/python3.12/site-packages/airflow/example_dags/example_trigger_target_dag.py for tasks to queue
[2026-07-01T09:34:12.754+0000] {logging_mixin.py:190} INFO - [2026-07-01T09:34:12.754+0000] {dagbag.py:587} INFO - Filling up the DagBag from /home/airflow/.local/lib/python3.12/site-packages/airflow/example_dags/example_trigger_target_dag.py
[2026-07-01T09:34:12.760+0000] {processor.py:925} INFO - DAG(s) 'example_trigger_target_dag' retrieved from /home/airflow/.local/lib/python3.12/site-packages/airflow/example_dags/example_trigger_target_dag.py
[2026-07-01T09:34:12.775+0000] {logging_mixin.py:190} INFO - [2026-07-01T09:34:12.775+0000] {dag.py:3211} INFO - Sync 1 DAGs
[2026-07-01T09:34:12.786+0000] {logging_mixin.py:190} INFO - [2026-07-01T09:34:12.785+0000] {dag.py:4138} INFO - Setting next_dagrun for example_trigger_target_dag to None, run_after=None
[2026-07-01T09:34:12.800+0000] {processor.py:208} INFO - Processing /home/airflow/.local/lib/python3.12/site-packages/airflow/example_dags/example_trigger_target_dag.py took 0.055 seconds
[2026-07-01T09:34:43.654+0000] {processor.py:186} INFO - Started process (PID=2627) to work on /home/airflow/.local/lib/python3.12/site-packages/airflow/example_dags/example_trigger_target_dag.py
[2026-07-01T09:34:43.655+0000] {processor.py:914} INFO - Processing file /home/airflow/.local/lib/python3.12/site-packages/airflow/example_dags/example_trigger_target_dag.py for tasks to queue
[2026-07-01T09:34:43.657+0000] {logging_mixin.py:190} INFO - [2026-07-01T09:34:43.656+0000] {dagbag.py:587} INFO - Filling up the DagBag from /home/airflow/.local/lib/python3.12/site-packages/airflow/example_dags/example_trigger_target_dag.py
[2026-07-01T09:34:43.663+0000] {processor.py:925} INFO - DAG(s) 'example_trigger_target_dag' retrieved from /home/airflow/.local/lib/python3.12/site-packages/airflow/example_dags/example_trigger_target_dag.py
[2026-07-01T09:34:43.678+0000] {logging_mixin.py:190} INFO - [2026-07-01T09:34:43.677+0000] {dag.py:3211} INFO - Sync 1 DAGs
[2026-07-01T09:34:43.689+0000] {logging_mixin.py:190} INFO - [2026-07-01T09:34:43.688+0000] {dag.py:4138} INFO - Setting next_dagrun for example_trigger_target_dag to None, run_after=None
[2026-07-01T09:34:43.705+0000] {processor.py:208} INFO - Processing /home/airflow/.local/lib/python3.12/site-packages/airflow/example_dags/example_trigger_target_dag.py took 0.055 seconds
[2026-07-01T09:35:14.215+0000] {processor.py:186} INFO - Started process (PID=2689) to work on /home/airflow/.local/lib/python3.12/site-packages/airflow/example_dags/example_trigger_target_dag.py
[2026-07-01T09:35:14.216+0000] {processor.py:914} INFO - Processing file /home/airflow/.local/lib/python3.12/site-packages/airflow/example_dags/example_trigger_target_dag.py for tasks to queue
[2026-07-01T09:35:14.218+0000] {logging_mixin.py:190} INFO - [2026-07-01T09:35:14.218+0000] {dagbag.py:587} INFO - Filling up the DagBag from /home/airflow/.local/lib/python3.12/site-packages/airflow/example_dags/example_trigger_target_dag.py
[2026-07-01T09:35:14.224+0000] {processor.py:925} INFO - DAG(s) 'example_trigger_target_dag' retrieved from /home/airflow/.local/lib/python3.12/site-packages/airflow/example_dags/example_trigger_target_dag.py
[2026-07-01T09:35:14.238+0000] {logging_mixin.py:190} INFO - [2026-07-01T09:35:14.238+0000] {dag.py:3211} INFO - Sync 1 DAGs
[2026-07-01T09:35:14.248+0000] {logging_mixin.py:190} INFO - [2026-07-01T09:35:14.247+0000] {dag.py:4138} INFO - Setting next_dagrun for example_trigger_target_dag to None, run_after=None
[2026-07-01T09:35:14.264+0000] {processor.py:208} INFO - Processing /home/airflow/.local/lib/python3.12/site-packages/airflow/example_dags/example_trigger_target_dag.py took 0.053 seconds
[2026-07-01T09:35:44.907+0000] {processor.py:186} INFO - Started process (PID=2751) to work on /home/airflow/.local/lib/python3.12/site-packages/airflow/example_dags/example_trigger_target_dag.py
[2026-07-01T09:35:44.908+0000] {processor.py:914} INFO - Processing file /home/airflow/.local/lib/python3.12/site-packages/airflow/example_dags/example_trigger_target_dag.py for tasks to queue
[2026-07-01T09:35:44.910+0000] {logging_mixin.py:190} INFO - [2026-07-01T09:35:44.910+0000] {dagbag.py:587} INFO - Filling up the DagBag from /home/airflow/.local/lib/python3.12/site-packages/airflow/example_dags/example_trigger_target_dag.py
[2026-07-01T09:35:44.916+0000] {processor.py:925} INFO - DAG(s) 'example_trigger_target_dag' retrieved from /home/airflow/.local/lib/python3.12/site-packages/airflow/example_dags/example_trigger_target_dag.py
[2026-07-01T09:35:44.933+0000] {logging_mixin.py:190} INFO - [2026-07-01T09:35:44.933+0000] {dag.py:3211} INFO - Sync 1 DAGs
[2026-07-01T09:35:44.944+0000] {logging_mixin.py:190} INFO - [2026-07-01T09:35:44.943+0000] {dag.py:4138} INFO - Setting next_dagrun for example_trigger_target_dag to None, run_after=None
[2026-07-01T09:35:44.957+0000] {processor.py:208} INFO - Processing /home/airflow/.local/lib/python3.12/site-packages/airflow/example_dags/example_trigger_target_dag.py took 0.055 seconds
[2026-07-01T09:36:15.622+0000] {processor.py:186} INFO - Started process (PID=2813) to work on /home/airflow/.local/lib/python3.12/site-packages/airflow/example_dags/example_trigger_target_dag.py
[2026-07-01T09:36:15.624+0000] {processor.py:914} INFO - Processing file /home/airflow/.local/lib/python3.12/site-packages/airflow/example_dags/example_trigger_target_dag.py for tasks to queue
[2026-07-01T09:36:15.626+0000] {logging_mixin.py:190} INFO - [2026-07-01T09:36:15.626+0000] {dagbag.py:587} INFO - Filling up the DagBag from /home/airflow/.local/lib/python3.12/site-packages/airflow/example_dags/example_trigger_target_dag.py
[2026-07-01T09:36:15.636+0000] {processor.py:925} INFO - DAG(s) 'example_trigger_target_dag' retrieved from /home/airflow/.local/lib/python3.12/site-packages/airflow/example_dags/example_trigger_target_dag.py
[2026-07-01T09:36:15.659+0000] {logging_mixin.py:190} INFO - [2026-07-01T09:36:15.659+0000] {dag.py:3211} INFO - Sync 1 DAGs
[2026-07-01T09:36:15.674+0000] {logging_mixin.py:190} INFO - [2026-07-01T09:36:15.674+0000] {dag.py:4138} INFO - Setting next_dagrun for example_trigger_target_dag to None, run_after=None
[2026-07-01T09:36:15.693+0000] {processor.py:208} INFO - Processing /home/airflow/.local/lib/python3.12/site-packages/airflow/example_dags/example_trigger_target_dag.py took 0.078 seconds
[2026-07-01T09:36:46.532+0000] {processor.py:186} INFO - Started process (PID=2875) to work on /home/airflow/.local/lib/python3.12/site-packages/airflow/example_dags/example_trigger_target_dag.py
[2026-07-01T09:36:46.533+0000] {processor.py:914} INFO - Processing file /home/airflow/.local/lib/python3.12/site-packages/airflow/example_dags/example_trigger_target_dag.py for tasks to queue
[2026-07-01T09:36:46.536+0000] {logging_mixin.py:190} INFO - [2026-07-01T09:36:46.535+0000] {dagbag.py:587} INFO - Filling up the DagBag from /home/airflow/.local/lib/python3.12/site-packages/airflow/example_dags/example_trigger_target_dag.py
[2026-07-01T09:36:46.544+0000] {processor.py:925} INFO - DAG(s) 'example_trigger_target_dag' retrieved from /home/airflow/.local/lib/python3.12/site-packages/airflow/example_dags/example_trigger_target_dag.py
[2026-07-01T09:36:46.560+0000] {logging_mixin.py:190} INFO - [2026-07-01T09:36:46.560+0000] {dag.py:3211} INFO - Sync 1 DAGs
[2026-07-01T09:36:46.572+0000] {logging_mixin.py:190} INFO - [2026-07-01T09:36:46.571+0000] {dag.py:4138} INFO - Setting next_dagrun for example_trigger_target_dag to None, run_after=None
[2026-07-01T09:36:46.587+0000] {processor.py:208} INFO - Processing /home/airflow/.local/lib/python3.12/site-packages/airflow/example_dags/example_trigger_target_dag.py took 0.062 seconds
[2026-07-01T09:37:18.395+0000] {processor.py:186} INFO - Started process (PID=2937) to work on /home/airflow/.local/lib/python3.12/site-packages/airflow/example_dags/example_trigger_target_dag.py
[2026-07-01T09:37:18.396+0000] {processor.py:914} INFO - Processing file /home/airflow/.local/lib/python3.12/site-packages/airflow/example_dags/example_trigger_target_dag.py for tasks to queue
[2026-07-01T09:37:18.398+0000] {logging_mixin.py:190} INFO - [2026-07-01T09:37:18.398+0000] {dagbag.py:587} INFO - Filling up the DagBag from /home/airflow/.local/lib/python3.12/site-packages/airflow/example_dags/example_trigger_target_dag.py
[2026-07-01T09:37:18.404+0000] {processor.py:925} INFO - DAG(s) 'example_trigger_target_dag' retrieved from /home/airflow/.local/lib/python3.12/site-packages/airflow/example_dags/example_trigger_target_dag.py
[2026-07-01T09:37:18.418+0000] {logging_mixin.py:190} INFO - [2026-07-01T09:37:18.418+0000] {dag.py:3211} INFO - Sync 1 DAGs
[2026-07-01T09:37:18.428+0000] {logging_mixin.py:190} INFO - [2026-07-01T09:37:18.427+0000] {dag.py:4138} INFO - Setting next_dagrun for example_trigger_target_dag to None, run_after=None
[2026-07-01T09:37:18.440+0000] {processor.py:208} INFO - Processing /home/airflow/.local/lib/python3.12/site-packages/airflow/example_dags/example_trigger_target_dag.py took 0.050 seconds
[2026-07-01T09:37:49.303+0000] {processor.py:186} INFO - Started process (PID=3005) to work on /home/airflow/.local/lib/python3.12/site-packages/airflow/example_dags/example_trigger_target_dag.py
[2026-07-01T09:37:49.304+0000] {processor.py:914} INFO - Processing file /home/airflow/.local/lib/python3.12/site-packages/airflow/example_dags/example_trigger_target_dag.py for tasks to queue
[2026-07-01T09:37:49.307+0000] {logging_mixin.py:190} INFO - [2026-07-01T09:37:49.306+0000] {dagbag.py:587} INFO - Filling up the DagBag from /home/airflow/.local/lib/python3.12/site-packages/airflow/example_dags/example_trigger_target_dag.py
[2026-07-01T09:37:49.314+0000] {processor.py:925} INFO - DAG(s) 'example_trigger_target_dag' retrieved from /home/airflow/.local/lib/python3.12/site-packages/airflow/example_dags/example_trigger_target_dag.py
[2026-07-01T09:37:49.332+0000] {logging_mixin.py:190} INFO - [2026-07-01T09:37:49.331+0000] {dag.py:3211} INFO - Sync 1 DAGs
[2026-07-01T09:37:49.486+0000] {logging_mixin.py:190} INFO - [2026-07-01T09:37:49.486+0000] {dag.py:4138} INFO - Setting next_dagrun for example_trigger_target_dag to None, run_after=None
[2026-07-01T09:37:49.500+0000] {processor.py:208} INFO - Processing /home/airflow/.local/lib/python3.12/site-packages/airflow/example_dags/example_trigger_target_dag.py took 0.203 seconds
[2026-07-01T09:38:20.166+0000] {processor.py:186} INFO - Started process (PID=3067) to work on /home/airflow/.local/lib/python3.12/site-packages/airflow/example_dags/example_trigger_target_dag.py
[2026-07-01T09:38:20.167+0000] {processor.py:914} INFO - Processing file /home/airflow/.local/lib/python3.12/site-packages/airflow/example_dags/example_trigger_target_dag.py for tasks to queue
[2026-07-01T09:38:20.169+0000] {logging_mixin.py:190} INFO - [2026-07-01T09:38:20.169+0000] {dagbag.py:587} INFO - Filling up the DagBag from /home/airflow/.local/lib/python3.12/site-packages/airflow/example_dags/example_trigger_target_dag.py
[2026-07-01T09:38:20.175+0000] {processor.py:925} INFO - DAG(s) 'example_trigger_target_dag' retrieved from /home/airflow/.local/lib/python3.12/site-packages/airflow/example_dags/example_trigger_target_dag.py
[2026-07-01T09:38:20.189+0000] {logging_mixin.py:190} INFO - [2026-07-01T09:38:20.189+0000] {dag.py:3211} INFO - Sync 1 DAGs
[2026-07-01T09:38:20.199+0000] {logging_mixin.py:190} INFO - [2026-07-01T09:38:20.199+0000] {dag.py:4138} INFO - Setting next_dagrun for example_trigger_target_dag to None, run_after=None
[2026-07-01T09:38:20.342+0000] {processor.py:208} INFO - Processing /home/airflow/.local/lib/python3.12/site-packages/airflow/example_dags/example_trigger_target_dag.py took 0.180 seconds
[2026-07-01T09:38:50.686+0000] {processor.py:186} INFO - Started process (PID=3129) to work on /home/airflow/.local/lib/python3.12/site-packages/airflow/example_dags/example_trigger_target_dag.py
[2026-07-01T09:38:50.688+0000] {processor.py:914} INFO - Processing file /home/airflow/.local/lib/python3.12/site-packages/airflow/example_dags/example_trigger_target_dag.py for tasks to queue
[2026-07-01T09:38:50.692+0000] {logging_mixin.py:190} INFO - [2026-07-01T09:38:50.692+0000] {dagbag.py:587} INFO - Filling up the DagBag from /home/airflow/.local/lib/python3.12/site-packages/airflow/example_dags/example_trigger_target_dag.py
[2026-07-01T09:38:50.699+0000] {processor.py:925} INFO - DAG(s) 'example_trigger_target_dag' retrieved from /home/airflow/.local/lib/python3.12/site-packages/airflow/example_dags/example_trigger_target_dag.py
[2026-07-01T09:38:50.713+0000] {logging_mixin.py:190} INFO - [2026-07-01T09:38:50.713+0000] {dag.py:3211} INFO - Sync 1 DAGs
[2026-07-01T09:38:50.723+0000] {logging_mixin.py:190} INFO - [2026-07-01T09:38:50.723+0000] {dag.py:4138} INFO - Setting next_dagrun for example_trigger_target_dag to None, run_after=None
[2026-07-01T09:38:50.738+0000] {processor.py:208} INFO - Processing /home/airflow/.local/lib/python3.12/site-packages/airflow/example_dags/example_trigger_target_dag.py took 0.056 seconds
[2026-07-01T09:39:21.343+0000] {processor.py:186} INFO - Started process (PID=3191) to work on /home/airflow/.local/lib/python3.12/site-packages/airflow/example_dags/example_trigger_target_dag.py
[2026-07-01T09:39:21.344+0000] {processor.py:914} INFO - Processing file /home/airflow/.local/lib/python3.12/site-packages/airflow/example_dags/example_trigger_target_dag.py for tasks to queue
[2026-07-01T09:39:21.346+0000] {logging_mixin.py:190} INFO - [2026-07-01T09:39:21.346+0000] {dagbag.py:587} INFO - Filling up the DagBag from /home/airflow/.local/lib/python3.12/site-packages/airflow/example_dags/example_trigger_target_dag.py
[2026-07-01T09:39:21.358+0000] {processor.py:925} INFO - DAG(s) 'example_trigger_target_dag' retrieved from /home/airflow/.local/lib/python3.12/site-packages/airflow/example_dags/example_trigger_target_dag.py
[2026-07-01T09:39:21.381+0000] {logging_mixin.py:190} INFO - [2026-07-01T09:39:21.380+0000] {dag.py:3211} INFO - Sync 1 DAGs
[2026-07-01T09:39:21.396+0000] {logging_mixin.py:190} INFO - [2026-07-01T09:39:21.395+0000] {dag.py:4138} INFO - Setting next_dagrun for example_trigger_target_dag to None, run_after=None
[2026-07-01T09:39:21.414+0000] {processor.py:208} INFO - Processing /home/airflow/.local/lib/python3.12/site-packages/airflow/example_dags/example_trigger_target_dag.py took 0.077 seconds
[2026-07-01T09:39:51.667+0000] {processor.py:186} INFO - Started process (PID=3253) to work on /home/airflow/.local/lib/python3.12/site-packages/airflow/example_dags/example_trigger_target_dag.py
[2026-07-01T09:39:51.668+0000] {processor.py:914} INFO - Processing file /home/airflow/.local/lib/python3.12/site-packages/airflow/example_dags/example_trigger_target_dag.py for tasks to queue
[2026-07-01T09:39:51.670+0000] {logging_mixin.py:190} INFO - [2026-07-01T09:39:51.670+0000] {dagbag.py:587} INFO - Filling up the DagBag from /home/airflow/.local/lib/python3.12/site-packages/airflow/example_dags/example_trigger_target_dag.py
[2026-07-01T09:39:51.677+0000] {processor.py:925} INFO - DAG(s) 'example_trigger_target_dag' retrieved from /home/airflow/.local/lib/python3.12/site-packages/airflow/example_dags/example_trigger_target_dag.py
[2026-07-01T09:39:51.690+0000] {logging_mixin.py:190} INFO - [2026-07-01T09:39:51.690+0000] {dag.py:3211} INFO - Sync 1 DAGs
[2026-07-01T09:39:51.700+0000] {logging_mixin.py:190} INFO - [2026-07-01T09:39:51.699+0000] {dag.py:4138} INFO - Setting next_dagrun for example_trigger_target_dag to None, run_after=None
[2026-07-01T09:39:51.713+0000] {processor.py:208} INFO - Processing /home/airflow/.local/lib/python3.12/site-packages/airflow/example_dags/example_trigger_target_dag.py took 0.050 seconds
[2026-07-01T09:40:22.673+0000] {processor.py:186} INFO - Started process (PID=3315) to work on /home/airflow/.local/lib/python3.12/site-packages/airflow/example_dags/example_trigger_target_dag.py
[2026-07-01T09:40:22.674+0000] {processor.py:914} INFO - Processing file /home/airflow/.local/lib/python3.12/site-packages/airflow/example_dags/example_trigger_target_dag.py for tasks to queue
[2026-07-01T09:40:22.676+0000] {logging_mixin.py:190} INFO - [2026-07-01T09:40:22.676+0000] {dagbag.py:587} INFO - Filling up the DagBag from /home/airflow/.local/lib/python3.12/site-packages/airflow/example_dags/example_trigger_target_dag.py
[2026-07-01T09:40:22.683+0000] {processor.py:925} INFO - DAG(s) 'example_trigger_target_dag' retrieved from /home/airflow/.local/lib/python3.12/site-packages/airflow/example_dags/example_trigger_target_dag.py
[2026-07-01T09:40:22.698+0000] {logging_mixin.py:190} INFO - [2026-07-01T09:40:22.698+0000] {dag.py:3211} INFO - Sync 1 DAGs
[2026-07-01T09:40:22.709+0000] {logging_mixin.py:190} INFO - [2026-07-01T09:40:22.709+0000] {dag.py:4138} INFO - Setting next_dagrun for example_trigger_target_dag to None, run_after=None
[2026-07-01T09:40:22.722+0000] {processor.py:208} INFO - Processing /home/airflow/.local/lib/python3.12/site-packages/airflow/example_dags/example_trigger_target_dag.py took 0.053 seconds
[2026-07-01T09:40:52.943+0000] {processor.py:186} INFO - Started process (PID=3377) to work on /home/airflow/.local/lib/python3.12/site-packages/airflow/example_dags/example_trigger_target_dag.py
[2026-07-01T09:40:52.944+0000] {processor.py:914} INFO - Processing file /home/airflow/.local/lib/python3.12/site-packages/airflow/example_dags/example_trigger_target_dag.py for tasks to queue
[2026-07-01T09:40:52.946+0000] {logging_mixin.py:190} INFO - [2026-07-01T09:40:52.946+0000] {dagbag.py:587} INFO - Filling up the DagBag from /home/airflow/.local/lib/python3.12/site-packages/airflow/example_dags/example_trigger_target_dag.py
[2026-07-01T09:40:52.953+0000] {processor.py:925} INFO - DAG(s) 'example_trigger_target_dag' retrieved from /home/airflow/.local/lib/python3.12/site-packages/airflow/example_dags/example_trigger_target_dag.py
[2026-07-01T09:40:52.969+0000] {logging_mixin.py:190} INFO - [2026-07-01T09:40:52.968+0000] {dag.py:3211} INFO - Sync 1 DAGs
[2026-07-01T09:40:52.984+0000] {logging_mixin.py:190} INFO - [2026-07-01T09:40:52.983+0000] {dag.py:4138} INFO - Setting next_dagrun for example_trigger_target_dag to None, run_after=None
[2026-07-01T09:40:52.999+0000] {processor.py:208} INFO - Processing /home/airflow/.local/lib/python3.12/site-packages/airflow/example_dags/example_trigger_target_dag.py took 0.060 seconds
[2026-07-01T09:41:23.384+0000] {processor.py:186} INFO - Started process (PID=3439) to work on /home/airflow/.local/lib/python3.12/site-packages/airflow/example_dags/example_trigger_target_dag.py
[2026-07-01T09:41:23.385+0000] {processor.py:914} INFO - Processing file /home/airflow/.local/lib/python3.12/site-packages/airflow/example_dags/example_trigger_target_dag.py for tasks to queue
[2026-07-01T09:41:23.389+0000] {logging_mixin.py:190} INFO - [2026-07-01T09:41:23.387+0000] {dagbag.py:587} INFO - Filling up the DagBag from /home/airflow/.local/lib/python3.12/site-packages/airflow/example_dags/example_trigger_target_dag.py
[2026-07-01T09:41:23.404+0000] {processor.py:925} INFO - DAG(s) 'example_trigger_target_dag' retrieved from /home/airflow/.local/lib/python3.12/site-packages/airflow/example_dags/example_trigger_target_dag.py
[2026-07-01T09:41:23.431+0000] {logging_mixin.py:190} INFO - [2026-07-01T09:41:23.430+0000] {dag.py:3211} INFO - Sync 1 DAGs
[2026-07-01T09:41:23.444+0000] {logging_mixin.py:190} INFO - [2026-07-01T09:41:23.444+0000] {dag.py:4138} INFO - Setting next_dagrun for example_trigger_target_dag to None, run_after=None
[2026-07-01T09:41:23.466+0000] {processor.py:208} INFO - Processing /home/airflow/.local/lib/python3.12/site-packages/airflow/example_dags/example_trigger_target_dag.py took 0.086 seconds
[2026-07-01T09:41:53.609+0000] {processor.py:186} INFO - Started process (PID=3501) to work on /home/airflow/.local/lib/python3.12/site-packages/airflow/example_dags/example_trigger_target_dag.py
[2026-07-01T09:41:53.610+0000] {processor.py:914} INFO - Processing file /home/airflow/.local/lib/python3.12/site-packages/airflow/example_dags/example_trigger_target_dag.py for tasks to queue
[2026-07-01T09:41:53.612+0000] {logging_mixin.py:190} INFO - [2026-07-01T09:41:53.612+0000] {dagbag.py:587} INFO - Filling up the DagBag from /home/airflow/.local/lib/python3.12/site-packages/airflow/example_dags/example_trigger_target_dag.py
[2026-07-01T09:41:53.619+0000] {processor.py:925} INFO - DAG(s) 'example_trigger_target_dag' retrieved from /home/airflow/.local/lib/python3.12/site-packages/airflow/example_dags/example_trigger_target_dag.py
[2026-07-01T09:41:53.635+0000] {logging_mixin.py:190} INFO - [2026-07-01T09:41:53.634+0000] {dag.py:3211} INFO - Sync 1 DAGs
[2026-07-01T09:41:53.647+0000] {logging_mixin.py:190} INFO - [2026-07-01T09:41:53.647+0000] {dag.py:4138} INFO - Setting next_dagrun for example_trigger_target_dag to None, run_after=None
[2026-07-01T09:41:53.662+0000] {processor.py:208} INFO - Processing /home/airflow/.local/lib/python3.12/site-packages/airflow/example_dags/example_trigger_target_dag.py took 0.057 seconds
[2026-07-01T09:42:23.944+0000] {processor.py:186} INFO - Started process (PID=3563) to work on /home/airflow/.local/lib/python3.12/site-packages/airflow/example_dags/example_trigger_target_dag.py
[2026-07-01T09:42:23.945+0000] {processor.py:914} INFO - Processing file /home/airflow/.local/lib/python3.12/site-packages/airflow/example_dags/example_trigger_target_dag.py for tasks to queue
[2026-07-01T09:42:23.948+0000] {logging_mixin.py:190} INFO - [2026-07-01T09:42:23.947+0000] {dagbag.py:587} INFO - Filling up the DagBag from /home/airflow/.local/lib/python3.12/site-packages/airflow/example_dags/example_trigger_target_dag.py
[2026-07-01T09:42:23.955+0000] {processor.py:925} INFO - DAG(s) 'example_trigger_target_dag' retrieved from /home/airflow/.local/lib/python3.12/site-packages/airflow/example_dags/example_trigger_target_dag.py
[2026-07-01T09:42:23.970+0000] {logging_mixin.py:190} INFO - [2026-07-01T09:42:23.970+0000] {dag.py:3211} INFO - Sync 1 DAGs
[2026-07-01T09:42:23.981+0000] {logging_mixin.py:190} INFO - [2026-07-01T09:42:23.981+0000] {dag.py:4138} INFO - Setting next_dagrun for example_trigger_target_dag to None, run_after=None
[2026-07-01T09:42:23.997+0000] {processor.py:208} INFO - Processing /home/airflow/.local/lib/python3.12/site-packages/airflow/example_dags/example_trigger_target_dag.py took 0.060 seconds
[2026-07-01T09:42:54.406+0000] {processor.py:186} INFO - Started process (PID=3625) to work on /home/airflow/.local/lib/python3.12/site-packages/airflow/example_dags/example_trigger_target_dag.py
[2026-07-01T09:42:54.408+0000] {processor.py:914} INFO - Processing file /home/airflow/.local/lib/python3.12/site-packages/airflow/example_dags/example_trigger_target_dag.py for tasks to queue
[2026-07-01T09:42:54.410+0000] {logging_mixin.py:190} INFO - [2026-07-01T09:42:54.410+0000] {dagbag.py:587} INFO - Filling up the DagBag from /home/airflow/.local/lib/python3.12/site-packages/airflow/example_dags/example_trigger_target_dag.py
[2026-07-01T09:42:54.416+0000] {processor.py:925} INFO - DAG(s) 'example_trigger_target_dag' retrieved from /home/airflow/.local/lib/python3.12/site-packages/airflow/example_dags/example_trigger_target_dag.py
[2026-07-01T09:42:54.433+0000] {logging_mixin.py:190} INFO - [2026-07-01T09:42:54.433+0000] {dag.py:3211} INFO - Sync 1 DAGs
[2026-07-01T09:42:54.445+0000] {logging_mixin.py:190} INFO - [2026-07-01T09:42:54.445+0000] {dag.py:4138} INFO - Setting next_dagrun for example_trigger_target_dag to None, run_after=None
[2026-07-01T09:42:54.460+0000] {processor.py:208} INFO - Processing /home/airflow/.local/lib/python3.12/site-packages/airflow/example_dags/example_trigger_target_dag.py took 0.058 seconds
[2026-07-01T09:43:24.552+0000] {processor.py:186} INFO - Started process (PID=3687) to work on /home/airflow/.local/lib/python3.12/site-packages/airflow/example_dags/example_trigger_target_dag.py
[2026-07-01T09:43:24.554+0000] {processor.py:914} INFO - Processing file /home/airflow/.local/lib/python3.12/site-packages/airflow/example_dags/example_trigger_target_dag.py for tasks to queue
[2026-07-01T09:43:24.556+0000] {logging_mixin.py:190} INFO - [2026-07-01T09:43:24.556+0000] {dagbag.py:587} INFO - Filling up the DagBag from /home/airflow/.local/lib/python3.12/site-packages/airflow/example_dags/example_trigger_target_dag.py
[2026-07-01T09:43:24.565+0000] {processor.py:925} INFO - DAG(s) 'example_trigger_target_dag' retrieved from /home/airflow/.local/lib/python3.12/site-packages/airflow/example_dags/example_trigger_target_dag.py
[2026-07-01T09:43:24.581+0000] {logging_mixin.py:190} INFO - [2026-07-01T09:43:24.581+0000] {dag.py:3211} INFO - Sync 1 DAGs
[2026-07-01T09:43:24.591+0000] {logging_mixin.py:190} INFO - [2026-07-01T09:43:24.591+0000] {dag.py:4138} INFO - Setting next_dagrun for example_trigger_target_dag to None, run_after=None
[2026-07-01T09:43:24.607+0000] {processor.py:208} INFO - Processing /home/airflow/.local/lib/python3.12/site-packages/airflow/example_dags/example_trigger_target_dag.py took 0.060 seconds
[2026-07-01T09:43:55.030+0000] {processor.py:186} INFO - Started process (PID=3749) to work on /home/airflow/.local/lib/python3.12/site-packages/airflow/example_dags/example_trigger_target_dag.py
[2026-07-01T09:43:55.031+0000] {processor.py:914} INFO - Processing file /home/airflow/.local/lib/python3.12/site-packages/airflow/example_dags/example_trigger_target_dag.py for tasks to queue
[2026-07-01T09:43:55.033+0000] {logging_mixin.py:190} INFO - [2026-07-01T09:43:55.033+0000] {dagbag.py:587} INFO - Filling up the DagBag from /home/airflow/.local/lib/python3.12/site-packages/airflow/example_dags/example_trigger_target_dag.py
[2026-07-01T09:43:55.039+0000] {processor.py:925} INFO - DAG(s) 'example_trigger_target_dag' retrieved from /home/airflow/.local/lib/python3.12/site-packages/airflow/example_dags/example_trigger_target_dag.py
[2026-07-01T09:43:55.055+0000] {logging_mixin.py:190} INFO - [2026-07-01T09:43:55.055+0000] {dag.py:3211} INFO - Sync 1 DAGs
[2026-07-01T09:43:55.065+0000] {logging_mixin.py:190} INFO - [2026-07-01T09:43:55.065+0000] {dag.py:4138} INFO - Setting next_dagrun for example_trigger_target_dag to None, run_after=None
[2026-07-01T09:43:55.078+0000] {processor.py:208} INFO - Processing /home/airflow/.local/lib/python3.12/site-packages/airflow/example_dags/example_trigger_target_dag.py took 0.053 seconds
[2026-07-01T09:44:25.335+0000] {processor.py:186} INFO - Started process (PID=3811) to work on /home/airflow/.local/lib/python3.12/site-packages/airflow/example_dags/example_trigger_target_dag.py
[2026-07-01T09:44:25.336+0000] {processor.py:914} INFO - Processing file /home/airflow/.local/lib/python3.12/site-packages/airflow/example_dags/example_trigger_target_dag.py for tasks to queue
[2026-07-01T09:44:25.338+0000] {logging_mixin.py:190} INFO - [2026-07-01T09:44:25.337+0000] {dagbag.py:587} INFO - Filling up the DagBag from /home/airflow/.local/lib/python3.12/site-packages/airflow/example_dags/example_trigger_target_dag.py
[2026-07-01T09:44:25.345+0000] {processor.py:925} INFO - DAG(s) 'example_trigger_target_dag' retrieved from /home/airflow/.local/lib/python3.12/site-packages/airflow/example_dags/example_trigger_target_dag.py
[2026-07-01T09:44:25.363+0000] {logging_mixin.py:190} INFO - [2026-07-01T09:44:25.363+0000] {dag.py:3211} INFO - Sync 1 DAGs
[2026-07-01T09:44:25.375+0000] {logging_mixin.py:190} INFO - [2026-07-01T09:44:25.375+0000] {dag.py:4138} INFO - Setting next_dagrun for example_trigger_target_dag to None, run_after=None
[2026-07-01T09:44:25.390+0000] {processor.py:208} INFO - Processing /home/airflow/.local/lib/python3.12/site-packages/airflow/example_dags/example_trigger_target_dag.py took 0.060 seconds
[2026-07-01T09:44:55.686+0000] {processor.py:186} INFO - Started process (PID=3873) to work on /home/airflow/.local/lib/python3.12/site-packages/airflow/example_dags/example_trigger_target_dag.py
[2026-07-01T09:44:55.687+0000] {processor.py:914} INFO - Processing file /home/airflow/.local/lib/python3.12/site-packages/airflow/example_dags/example_trigger_target_dag.py for tasks to queue
[2026-07-01T09:44:55.689+0000] {logging_mixin.py:190} INFO - [2026-07-01T09:44:55.688+0000] {dagbag.py:587} INFO - Filling up the DagBag from /home/airflow/.local/lib/python3.12/site-packages/airflow/example_dags/example_trigger_target_dag.py
[2026-07-01T09:44:55.695+0000] {processor.py:925} INFO - DAG(s) 'example_trigger_target_dag' retrieved from /home/airflow/.local/lib/python3.12/site-packages/airflow/example_dags/example_trigger_target_dag.py
[2026-07-01T09:44:55.710+0000] {logging_mixin.py:190} INFO - [2026-07-01T09:44:55.710+0000] {dag.py:3211} INFO - Sync 1 DAGs
[2026-07-01T09:44:55.720+0000] {logging_mixin.py:190} INFO - [2026-07-01T09:44:55.720+0000] {dag.py:4138} INFO - Setting next_dagrun for example_trigger_target_dag to None, run_after=None
[2026-07-01T09:44:55.732+0000] {processor.py:208} INFO - Processing /home/airflow/.local/lib/python3.12/site-packages/airflow/example_dags/example_trigger_target_dag.py took 0.051 seconds
[2026-07-01T09:45:26.140+0000] {processor.py:186} INFO - Started process (PID=3935) to work on /home/airflow/.local/lib/python3.12/site-packages/airflow/example_dags/example_trigger_target_dag.py
[2026-07-01T09:45:26.141+0000] {processor.py:914} INFO - Processing file /home/airflow/.local/lib/python3.12/site-packages/airflow/example_dags/example_trigger_target_dag.py for tasks to queue
[2026-07-01T09:45:26.144+0000] {logging_mixin.py:190} INFO - [2026-07-01T09:45:26.144+0000] {dagbag.py:587} INFO - Filling up the DagBag from /home/airflow/.local/lib/python3.12/site-packages/airflow/example_dags/example_trigger_target_dag.py
[2026-07-01T09:45:26.152+0000] {processor.py:925} INFO - DAG(s) 'example_trigger_target_dag' retrieved from /home/airflow/.local/lib/python3.12/site-packages/airflow/example_dags/example_trigger_target_dag.py
[2026-07-01T09:45:26.171+0000] {logging_mixin.py:190} INFO - [2026-07-01T09:45:26.171+0000] {dag.py:3211} INFO - Sync 1 DAGs
[2026-07-01T09:45:26.183+0000] {logging_mixin.py:190} INFO - [2026-07-01T09:45:26.183+0000] {dag.py:4138} INFO - Setting next_dagrun for example_trigger_target_dag to None, run_after=None
[2026-07-01T09:45:26.199+0000] {processor.py:208} INFO - Processing /home/airflow/.local/lib/python3.12/site-packages/airflow/example_dags/example_trigger_target_dag.py took 0.064 seconds
