[2026-07-01T09:09:39.093+0000] {processor.py:186} INFO - Started process (PID=71) to work on /home/airflow/.local/lib/python3.12/site-packages/airflow/example_dags/example_skip_dag.py
[2026-07-01T09:09:39.095+0000] {processor.py:914} INFO - Processing file /home/airflow/.local/lib/python3.12/site-packages/airflow/example_dags/example_skip_dag.py for tasks to queue
[2026-07-01T09:09:39.098+0000] {logging_mixin.py:190} INFO - [2026-07-01T09:09:39.097+0000] {dagbag.py:587} INFO - Filling up the DagBag from /home/airflow/.local/lib/python3.12/site-packages/airflow/example_dags/example_skip_dag.py
[2026-07-01T09:09:39.108+0000] {processor.py:925} INFO - DAG(s) 'example_skip_dag' retrieved from /home/airflow/.local/lib/python3.12/site-packages/airflow/example_dags/example_skip_dag.py
[2026-07-01T09:09:39.200+0000] {logging_mixin.py:190} INFO - [2026-07-01T09:09:39.199+0000] {override.py:1858} INFO - Created Permission View: can read on DAG:example_skip_dag
[2026-07-01T09:09:39.209+0000] {logging_mixin.py:190} INFO - [2026-07-01T09:09:39.208+0000] {override.py:1858} INFO - Created Permission View: can delete on DAG:example_skip_dag
[2026-07-01T09:09:39.215+0000] {logging_mixin.py:190} INFO - [2026-07-01T09:09:39.215+0000] {override.py:1858} INFO - Created Permission View: can edit on DAG:example_skip_dag
[2026-07-01T09:09:39.216+0000] {logging_mixin.py:190} INFO - [2026-07-01T09:09:39.216+0000] {dag.py:3211} INFO - Sync 1 DAGs
[2026-07-01T09:09:39.225+0000] {logging_mixin.py:190} INFO - [2026-07-01T09:09:39.225+0000] {dag.py:3234} INFO - Creating ORM DAG for example_skip_dag
[2026-07-01T09:09:39.236+0000] {logging_mixin.py:190} INFO - [2026-07-01T09:09:39.236+0000] {dag.py:4138} INFO - Setting next_dagrun for example_skip_dag to 2026-06-30 00:00:00+00:00, run_after=2026-07-01 00:00:00+00:00
[2026-07-01T09:09:39.250+0000] {processor.py:208} INFO - Processing /home/airflow/.local/lib/python3.12/site-packages/airflow/example_dags/example_skip_dag.py took 0.162 seconds
[2026-07-01T09:10:09.345+0000] {processor.py:186} INFO - Started process (PID=133) to work on /home/airflow/.local/lib/python3.12/site-packages/airflow/example_dags/example_skip_dag.py
[2026-07-01T09:10:09.346+0000] {processor.py:914} INFO - Processing file /home/airflow/.local/lib/python3.12/site-packages/airflow/example_dags/example_skip_dag.py for tasks to queue
[2026-07-01T09:10:09.348+0000] {logging_mixin.py:190} INFO - [2026-07-01T09:10:09.347+0000] {dagbag.py:587} INFO - Filling up the DagBag from /home/airflow/.local/lib/python3.12/site-packages/airflow/example_dags/example_skip_dag.py
[2026-07-01T09:10:09.353+0000] {processor.py:925} INFO - DAG(s) 'example_skip_dag' retrieved from /home/airflow/.local/lib/python3.12/site-packages/airflow/example_dags/example_skip_dag.py
[2026-07-01T09:10:09.368+0000] {logging_mixin.py:190} INFO - [2026-07-01T09:10:09.367+0000] {dag.py:3211} INFO - Sync 1 DAGs
[2026-07-01T09:10:09.382+0000] {logging_mixin.py:190} INFO - [2026-07-01T09:10:09.382+0000] {dag.py:4138} INFO - Setting next_dagrun for example_skip_dag to 2026-06-30 00:00:00+00:00, run_after=2026-07-01 00:00:00+00:00
[2026-07-01T09:10:09.393+0000] {processor.py:208} INFO - Processing /home/airflow/.local/lib/python3.12/site-packages/airflow/example_dags/example_skip_dag.py took 0.053 seconds
[2026-07-01T09:10:39.758+0000] {processor.py:186} INFO - Started process (PID=195) to work on /home/airflow/.local/lib/python3.12/site-packages/airflow/example_dags/example_skip_dag.py
[2026-07-01T09:10:39.759+0000] {processor.py:914} INFO - Processing file /home/airflow/.local/lib/python3.12/site-packages/airflow/example_dags/example_skip_dag.py for tasks to queue
[2026-07-01T09:10:39.761+0000] {logging_mixin.py:190} INFO - [2026-07-01T09:10:39.761+0000] {dagbag.py:587} INFO - Filling up the DagBag from /home/airflow/.local/lib/python3.12/site-packages/airflow/example_dags/example_skip_dag.py
[2026-07-01T09:10:39.768+0000] {processor.py:925} INFO - DAG(s) 'example_skip_dag' retrieved from /home/airflow/.local/lib/python3.12/site-packages/airflow/example_dags/example_skip_dag.py
[2026-07-01T09:10:39.784+0000] {logging_mixin.py:190} INFO - [2026-07-01T09:10:39.784+0000] {dag.py:3211} INFO - Sync 1 DAGs
[2026-07-01T09:10:39.801+0000] {logging_mixin.py:190} INFO - [2026-07-01T09:10:39.801+0000] {dag.py:4138} INFO - Setting next_dagrun for example_skip_dag to 2026-06-30 00:00:00+00:00, run_after=2026-07-01 00:00:00+00:00
[2026-07-01T09:10:39.816+0000] {processor.py:208} INFO - Processing /home/airflow/.local/lib/python3.12/site-packages/airflow/example_dags/example_skip_dag.py took 0.063 seconds
[2026-07-01T09:11:10.042+0000] {processor.py:186} INFO - Started process (PID=257) to work on /home/airflow/.local/lib/python3.12/site-packages/airflow/example_dags/example_skip_dag.py
[2026-07-01T09:11:10.043+0000] {processor.py:914} INFO - Processing file /home/airflow/.local/lib/python3.12/site-packages/airflow/example_dags/example_skip_dag.py for tasks to queue
[2026-07-01T09:11:10.045+0000] {logging_mixin.py:190} INFO - [2026-07-01T09:11:10.045+0000] {dagbag.py:587} INFO - Filling up the DagBag from /home/airflow/.local/lib/python3.12/site-packages/airflow/example_dags/example_skip_dag.py
[2026-07-01T09:11:10.051+0000] {processor.py:925} INFO - DAG(s) 'example_skip_dag' retrieved from /home/airflow/.local/lib/python3.12/site-packages/airflow/example_dags/example_skip_dag.py
[2026-07-01T09:11:10.067+0000] {logging_mixin.py:190} INFO - [2026-07-01T09:11:10.067+0000] {dag.py:3211} INFO - Sync 1 DAGs
[2026-07-01T09:11:10.082+0000] {logging_mixin.py:190} INFO - [2026-07-01T09:11:10.082+0000] {dag.py:4138} INFO - Setting next_dagrun for example_skip_dag to 2026-06-30 00:00:00+00:00, run_after=2026-07-01 00:00:00+00:00
[2026-07-01T09:11:10.095+0000] {processor.py:208} INFO - Processing /home/airflow/.local/lib/python3.12/site-packages/airflow/example_dags/example_skip_dag.py took 0.058 seconds
[2026-07-01T09:11:40.212+0000] {processor.py:186} INFO - Started process (PID=319) to work on /home/airflow/.local/lib/python3.12/site-packages/airflow/example_dags/example_skip_dag.py
[2026-07-01T09:11:40.213+0000] {processor.py:914} INFO - Processing file /home/airflow/.local/lib/python3.12/site-packages/airflow/example_dags/example_skip_dag.py for tasks to queue
[2026-07-01T09:11:40.219+0000] {logging_mixin.py:190} INFO - [2026-07-01T09:11:40.218+0000] {dagbag.py:587} INFO - Filling up the DagBag from /home/airflow/.local/lib/python3.12/site-packages/airflow/example_dags/example_skip_dag.py
[2026-07-01T09:11:40.229+0000] {processor.py:925} INFO - DAG(s) 'example_skip_dag' retrieved from /home/airflow/.local/lib/python3.12/site-packages/airflow/example_dags/example_skip_dag.py
[2026-07-01T09:11:40.246+0000] {logging_mixin.py:190} INFO - [2026-07-01T09:11:40.246+0000] {dag.py:3211} INFO - Sync 1 DAGs
[2026-07-01T09:11:40.264+0000] {logging_mixin.py:190} INFO - [2026-07-01T09:11:40.264+0000] {dag.py:4138} INFO - Setting next_dagrun for example_skip_dag to 2026-06-30 00:00:00+00:00, run_after=2026-07-01 00:00:00+00:00
[2026-07-01T09:11:40.278+0000] {processor.py:208} INFO - Processing /home/airflow/.local/lib/python3.12/site-packages/airflow/example_dags/example_skip_dag.py took 0.073 seconds
[2026-07-01T09:12:10.606+0000] {processor.py:186} INFO - Started process (PID=381) to work on /home/airflow/.local/lib/python3.12/site-packages/airflow/example_dags/example_skip_dag.py
[2026-07-01T09:12:10.607+0000] {processor.py:914} INFO - Processing file /home/airflow/.local/lib/python3.12/site-packages/airflow/example_dags/example_skip_dag.py for tasks to queue
[2026-07-01T09:12:10.609+0000] {logging_mixin.py:190} INFO - [2026-07-01T09:12:10.608+0000] {dagbag.py:587} INFO - Filling up the DagBag from /home/airflow/.local/lib/python3.12/site-packages/airflow/example_dags/example_skip_dag.py
[2026-07-01T09:12:10.614+0000] {processor.py:925} INFO - DAG(s) 'example_skip_dag' retrieved from /home/airflow/.local/lib/python3.12/site-packages/airflow/example_dags/example_skip_dag.py
[2026-07-01T09:12:10.637+0000] {logging_mixin.py:190} INFO - [2026-07-01T09:12:10.636+0000] {dag.py:3211} INFO - Sync 1 DAGs
[2026-07-01T09:12:10.658+0000] {logging_mixin.py:190} INFO - [2026-07-01T09:12:10.658+0000] {dag.py:4138} INFO - Setting next_dagrun for example_skip_dag to 2026-06-30 00:00:00+00:00, run_after=2026-07-01 00:00:00+00:00
[2026-07-01T09:12:10.677+0000] {processor.py:208} INFO - Processing /home/airflow/.local/lib/python3.12/site-packages/airflow/example_dags/example_skip_dag.py took 0.075 seconds
[2026-07-01T09:12:41.187+0000] {processor.py:186} INFO - Started process (PID=449) to work on /home/airflow/.local/lib/python3.12/site-packages/airflow/example_dags/example_skip_dag.py
[2026-07-01T09:12:41.188+0000] {processor.py:914} INFO - Processing file /home/airflow/.local/lib/python3.12/site-packages/airflow/example_dags/example_skip_dag.py for tasks to queue
[2026-07-01T09:12:41.191+0000] {logging_mixin.py:190} INFO - [2026-07-01T09:12:41.190+0000] {dagbag.py:587} INFO - Filling up the DagBag from /home/airflow/.local/lib/python3.12/site-packages/airflow/example_dags/example_skip_dag.py
[2026-07-01T09:12:41.197+0000] {processor.py:925} INFO - DAG(s) 'example_skip_dag' retrieved from /home/airflow/.local/lib/python3.12/site-packages/airflow/example_dags/example_skip_dag.py
[2026-07-01T09:12:41.213+0000] {logging_mixin.py:190} INFO - [2026-07-01T09:12:41.213+0000] {dag.py:3211} INFO - Sync 1 DAGs
[2026-07-01T09:12:41.231+0000] {logging_mixin.py:190} INFO - [2026-07-01T09:12:41.231+0000] {dag.py:4138} INFO - Setting next_dagrun for example_skip_dag to 2026-06-30 00:00:00+00:00, run_after=2026-07-01 00:00:00+00:00
[2026-07-01T09:12:41.246+0000] {processor.py:208} INFO - Processing /home/airflow/.local/lib/python3.12/site-packages/airflow/example_dags/example_skip_dag.py took 0.063 seconds
[2026-07-01T09:13:11.673+0000] {processor.py:186} INFO - Started process (PID=511) to work on /home/airflow/.local/lib/python3.12/site-packages/airflow/example_dags/example_skip_dag.py
[2026-07-01T09:13:11.674+0000] {processor.py:914} INFO - Processing file /home/airflow/.local/lib/python3.12/site-packages/airflow/example_dags/example_skip_dag.py for tasks to queue
[2026-07-01T09:13:11.676+0000] {logging_mixin.py:190} INFO - [2026-07-01T09:13:11.676+0000] {dagbag.py:587} INFO - Filling up the DagBag from /home/airflow/.local/lib/python3.12/site-packages/airflow/example_dags/example_skip_dag.py
[2026-07-01T09:13:11.684+0000] {processor.py:925} INFO - DAG(s) 'example_skip_dag' retrieved from /home/airflow/.local/lib/python3.12/site-packages/airflow/example_dags/example_skip_dag.py
[2026-07-01T09:13:11.707+0000] {logging_mixin.py:190} INFO - [2026-07-01T09:13:11.707+0000] {dag.py:3211} INFO - Sync 1 DAGs
[2026-07-01T09:13:11.728+0000] {logging_mixin.py:190} INFO - [2026-07-01T09:13:11.728+0000] {dag.py:4138} INFO - Setting next_dagrun for example_skip_dag to 2026-06-30 00:00:00+00:00, run_after=2026-07-01 00:00:00+00:00
[2026-07-01T09:13:11.747+0000] {processor.py:208} INFO - Processing /home/airflow/.local/lib/python3.12/site-packages/airflow/example_dags/example_skip_dag.py took 0.079 seconds
[2026-07-01T09:13:42.660+0000] {processor.py:186} INFO - Started process (PID=573) to work on /home/airflow/.local/lib/python3.12/site-packages/airflow/example_dags/example_skip_dag.py
[2026-07-01T09:13:42.661+0000] {processor.py:914} INFO - Processing file /home/airflow/.local/lib/python3.12/site-packages/airflow/example_dags/example_skip_dag.py for tasks to queue
[2026-07-01T09:13:42.663+0000] {logging_mixin.py:190} INFO - [2026-07-01T09:13:42.663+0000] {dagbag.py:587} INFO - Filling up the DagBag from /home/airflow/.local/lib/python3.12/site-packages/airflow/example_dags/example_skip_dag.py
[2026-07-01T09:13:42.669+0000] {processor.py:925} INFO - DAG(s) 'example_skip_dag' retrieved from /home/airflow/.local/lib/python3.12/site-packages/airflow/example_dags/example_skip_dag.py
[2026-07-01T09:13:42.683+0000] {logging_mixin.py:190} INFO - [2026-07-01T09:13:42.683+0000] {dag.py:3211} INFO - Sync 1 DAGs
[2026-07-01T09:13:42.699+0000] {logging_mixin.py:190} INFO - [2026-07-01T09:13:42.699+0000] {dag.py:4138} INFO - Setting next_dagrun for example_skip_dag to 2026-06-30 00:00:00+00:00, run_after=2026-07-01 00:00:00+00:00
[2026-07-01T09:13:42.713+0000] {processor.py:208} INFO - Processing /home/airflow/.local/lib/python3.12/site-packages/airflow/example_dags/example_skip_dag.py took 0.058 seconds
[2026-07-01T09:14:13.787+0000] {processor.py:186} INFO - Started process (PID=635) to work on /home/airflow/.local/lib/python3.12/site-packages/airflow/example_dags/example_skip_dag.py
[2026-07-01T09:14:13.788+0000] {processor.py:914} INFO - Processing file /home/airflow/.local/lib/python3.12/site-packages/airflow/example_dags/example_skip_dag.py for tasks to queue
[2026-07-01T09:14:13.790+0000] {logging_mixin.py:190} INFO - [2026-07-01T09:14:13.790+0000] {dagbag.py:587} INFO - Filling up the DagBag from /home/airflow/.local/lib/python3.12/site-packages/airflow/example_dags/example_skip_dag.py
[2026-07-01T09:14:13.796+0000] {processor.py:925} INFO - DAG(s) 'example_skip_dag' retrieved from /home/airflow/.local/lib/python3.12/site-packages/airflow/example_dags/example_skip_dag.py
[2026-07-01T09:14:13.811+0000] {logging_mixin.py:190} INFO - [2026-07-01T09:14:13.811+0000] {dag.py:3211} INFO - Sync 1 DAGs
[2026-07-01T09:14:13.828+0000] {logging_mixin.py:190} INFO - [2026-07-01T09:14:13.828+0000] {dag.py:4138} INFO - Setting next_dagrun for example_skip_dag to 2026-06-30 00:00:00+00:00, run_after=2026-07-01 00:00:00+00:00
[2026-07-01T09:14:13.841+0000] {processor.py:208} INFO - Processing /home/airflow/.local/lib/python3.12/site-packages/airflow/example_dags/example_skip_dag.py took 0.058 seconds
[2026-07-01T09:14:43.959+0000] {processor.py:186} INFO - Started process (PID=697) to work on /home/airflow/.local/lib/python3.12/site-packages/airflow/example_dags/example_skip_dag.py
[2026-07-01T09:14:43.960+0000] {processor.py:914} INFO - Processing file /home/airflow/.local/lib/python3.12/site-packages/airflow/example_dags/example_skip_dag.py for tasks to queue
[2026-07-01T09:14:43.963+0000] {logging_mixin.py:190} INFO - [2026-07-01T09:14:43.962+0000] {dagbag.py:587} INFO - Filling up the DagBag from /home/airflow/.local/lib/python3.12/site-packages/airflow/example_dags/example_skip_dag.py
[2026-07-01T09:14:43.969+0000] {processor.py:925} INFO - DAG(s) 'example_skip_dag' retrieved from /home/airflow/.local/lib/python3.12/site-packages/airflow/example_dags/example_skip_dag.py
[2026-07-01T09:14:43.988+0000] {logging_mixin.py:190} INFO - [2026-07-01T09:14:43.988+0000] {dag.py:3211} INFO - Sync 1 DAGs
[2026-07-01T09:14:44.005+0000] {logging_mixin.py:190} INFO - [2026-07-01T09:14:44.005+0000] {dag.py:4138} INFO - Setting next_dagrun for example_skip_dag to 2026-06-30 00:00:00+00:00, run_after=2026-07-01 00:00:00+00:00
[2026-07-01T09:14:44.020+0000] {processor.py:208} INFO - Processing /home/airflow/.local/lib/python3.12/site-packages/airflow/example_dags/example_skip_dag.py took 0.067 seconds
[2026-07-01T09:15:14.907+0000] {processor.py:186} INFO - Started process (PID=759) to work on /home/airflow/.local/lib/python3.12/site-packages/airflow/example_dags/example_skip_dag.py
[2026-07-01T09:15:14.908+0000] {processor.py:914} INFO - Processing file /home/airflow/.local/lib/python3.12/site-packages/airflow/example_dags/example_skip_dag.py for tasks to queue
[2026-07-01T09:15:14.910+0000] {logging_mixin.py:190} INFO - [2026-07-01T09:15:14.909+0000] {dagbag.py:587} INFO - Filling up the DagBag from /home/airflow/.local/lib/python3.12/site-packages/airflow/example_dags/example_skip_dag.py
[2026-07-01T09:15:14.915+0000] {processor.py:925} INFO - DAG(s) 'example_skip_dag' retrieved from /home/airflow/.local/lib/python3.12/site-packages/airflow/example_dags/example_skip_dag.py
[2026-07-01T09:15:14.931+0000] {logging_mixin.py:190} INFO - [2026-07-01T09:15:14.931+0000] {dag.py:3211} INFO - Sync 1 DAGs
[2026-07-01T09:15:14.946+0000] {logging_mixin.py:190} INFO - [2026-07-01T09:15:14.946+0000] {dag.py:4138} INFO - Setting next_dagrun for example_skip_dag to 2026-06-30 00:00:00+00:00, run_after=2026-07-01 00:00:00+00:00
[2026-07-01T09:15:14.964+0000] {processor.py:208} INFO - Processing /home/airflow/.local/lib/python3.12/site-packages/airflow/example_dags/example_skip_dag.py took 0.061 seconds
[2026-07-01T09:15:45.813+0000] {processor.py:186} INFO - Started process (PID=821) to work on /home/airflow/.local/lib/python3.12/site-packages/airflow/example_dags/example_skip_dag.py
[2026-07-01T09:15:45.814+0000] {processor.py:914} INFO - Processing file /home/airflow/.local/lib/python3.12/site-packages/airflow/example_dags/example_skip_dag.py for tasks to queue
[2026-07-01T09:15:45.815+0000] {logging_mixin.py:190} INFO - [2026-07-01T09:15:45.815+0000] {dagbag.py:587} INFO - Filling up the DagBag from /home/airflow/.local/lib/python3.12/site-packages/airflow/example_dags/example_skip_dag.py
[2026-07-01T09:15:45.821+0000] {processor.py:925} INFO - DAG(s) 'example_skip_dag' retrieved from /home/airflow/.local/lib/python3.12/site-packages/airflow/example_dags/example_skip_dag.py
[2026-07-01T09:15:45.836+0000] {logging_mixin.py:190} INFO - [2026-07-01T09:15:45.836+0000] {dag.py:3211} INFO - Sync 1 DAGs
[2026-07-01T09:15:45.852+0000] {logging_mixin.py:190} INFO - [2026-07-01T09:15:45.852+0000] {dag.py:4138} INFO - Setting next_dagrun for example_skip_dag to 2026-06-30 00:00:00+00:00, run_after=2026-07-01 00:00:00+00:00
[2026-07-01T09:15:45.864+0000] {processor.py:208} INFO - Processing /home/airflow/.local/lib/python3.12/site-packages/airflow/example_dags/example_skip_dag.py took 0.056 seconds
[2026-07-01T09:16:15.983+0000] {processor.py:186} INFO - Started process (PID=883) to work on /home/airflow/.local/lib/python3.12/site-packages/airflow/example_dags/example_skip_dag.py
[2026-07-01T09:16:15.985+0000] {processor.py:914} INFO - Processing file /home/airflow/.local/lib/python3.12/site-packages/airflow/example_dags/example_skip_dag.py for tasks to queue
[2026-07-01T09:16:15.986+0000] {logging_mixin.py:190} INFO - [2026-07-01T09:16:15.986+0000] {dagbag.py:587} INFO - Filling up the DagBag from /home/airflow/.local/lib/python3.12/site-packages/airflow/example_dags/example_skip_dag.py
[2026-07-01T09:16:15.993+0000] {processor.py:925} INFO - DAG(s) 'example_skip_dag' retrieved from /home/airflow/.local/lib/python3.12/site-packages/airflow/example_dags/example_skip_dag.py
[2026-07-01T09:16:16.012+0000] {logging_mixin.py:190} INFO - [2026-07-01T09:16:16.011+0000] {dag.py:3211} INFO - Sync 1 DAGs
[2026-07-01T09:16:16.029+0000] {logging_mixin.py:190} INFO - [2026-07-01T09:16:16.029+0000] {dag.py:4138} INFO - Setting next_dagrun for example_skip_dag to 2026-06-30 00:00:00+00:00, run_after=2026-07-01 00:00:00+00:00
[2026-07-01T09:16:16.043+0000] {processor.py:208} INFO - Processing /home/airflow/.local/lib/python3.12/site-packages/airflow/example_dags/example_skip_dag.py took 0.066 seconds
[2026-07-01T09:16:46.099+0000] {processor.py:186} INFO - Started process (PID=944) to work on /home/airflow/.local/lib/python3.12/site-packages/airflow/example_dags/example_skip_dag.py
[2026-07-01T09:16:46.100+0000] {processor.py:914} INFO - Processing file /home/airflow/.local/lib/python3.12/site-packages/airflow/example_dags/example_skip_dag.py for tasks to queue
[2026-07-01T09:16:46.102+0000] {logging_mixin.py:190} INFO - [2026-07-01T09:16:46.102+0000] {dagbag.py:587} INFO - Filling up the DagBag from /home/airflow/.local/lib/python3.12/site-packages/airflow/example_dags/example_skip_dag.py
[2026-07-01T09:16:46.109+0000] {processor.py:925} INFO - DAG(s) 'example_skip_dag' retrieved from /home/airflow/.local/lib/python3.12/site-packages/airflow/example_dags/example_skip_dag.py
[2026-07-01T09:16:46.125+0000] {logging_mixin.py:190} INFO - [2026-07-01T09:16:46.125+0000] {dag.py:3211} INFO - Sync 1 DAGs
[2026-07-01T09:16:46.141+0000] {logging_mixin.py:190} INFO - [2026-07-01T09:16:46.141+0000] {dag.py:4138} INFO - Setting next_dagrun for example_skip_dag to 2026-06-30 00:00:00+00:00, run_after=2026-07-01 00:00:00+00:00
[2026-07-01T09:16:46.156+0000] {processor.py:208} INFO - Processing /home/airflow/.local/lib/python3.12/site-packages/airflow/example_dags/example_skip_dag.py took 0.062 seconds
[2026-07-01T09:17:16.379+0000] {processor.py:186} INFO - Started process (PID=1006) to work on /home/airflow/.local/lib/python3.12/site-packages/airflow/example_dags/example_skip_dag.py
[2026-07-01T09:17:16.381+0000] {processor.py:914} INFO - Processing file /home/airflow/.local/lib/python3.12/site-packages/airflow/example_dags/example_skip_dag.py for tasks to queue
[2026-07-01T09:17:16.384+0000] {logging_mixin.py:190} INFO - [2026-07-01T09:17:16.383+0000] {dagbag.py:587} INFO - Filling up the DagBag from /home/airflow/.local/lib/python3.12/site-packages/airflow/example_dags/example_skip_dag.py
[2026-07-01T09:17:16.391+0000] {processor.py:925} INFO - DAG(s) 'example_skip_dag' retrieved from /home/airflow/.local/lib/python3.12/site-packages/airflow/example_dags/example_skip_dag.py
[2026-07-01T09:17:16.417+0000] {logging_mixin.py:190} INFO - [2026-07-01T09:17:16.416+0000] {dag.py:3211} INFO - Sync 1 DAGs
[2026-07-01T09:17:16.451+0000] {logging_mixin.py:190} INFO - [2026-07-01T09:17:16.451+0000] {dag.py:4138} INFO - Setting next_dagrun for example_skip_dag to 2026-06-30 00:00:00+00:00, run_after=2026-07-01 00:00:00+00:00
[2026-07-01T09:17:16.473+0000] {processor.py:208} INFO - Processing /home/airflow/.local/lib/python3.12/site-packages/airflow/example_dags/example_skip_dag.py took 0.099 seconds
[2026-07-01T09:17:46.716+0000] {processor.py:186} INFO - Started process (PID=1068) to work on /home/airflow/.local/lib/python3.12/site-packages/airflow/example_dags/example_skip_dag.py
[2026-07-01T09:17:46.717+0000] {processor.py:914} INFO - Processing file /home/airflow/.local/lib/python3.12/site-packages/airflow/example_dags/example_skip_dag.py for tasks to queue
[2026-07-01T09:17:46.719+0000] {logging_mixin.py:190} INFO - [2026-07-01T09:17:46.719+0000] {dagbag.py:587} INFO - Filling up the DagBag from /home/airflow/.local/lib/python3.12/site-packages/airflow/example_dags/example_skip_dag.py
[2026-07-01T09:17:46.726+0000] {processor.py:925} INFO - DAG(s) 'example_skip_dag' retrieved from /home/airflow/.local/lib/python3.12/site-packages/airflow/example_dags/example_skip_dag.py
[2026-07-01T09:17:46.744+0000] {logging_mixin.py:190} INFO - [2026-07-01T09:17:46.743+0000] {dag.py:3211} INFO - Sync 1 DAGs
[2026-07-01T09:17:46.761+0000] {logging_mixin.py:190} INFO - [2026-07-01T09:17:46.761+0000] {dag.py:4138} INFO - Setting next_dagrun for example_skip_dag to 2026-06-30 00:00:00+00:00, run_after=2026-07-01 00:00:00+00:00
[2026-07-01T09:17:46.776+0000] {processor.py:208} INFO - Processing /home/airflow/.local/lib/python3.12/site-packages/airflow/example_dags/example_skip_dag.py took 0.065 seconds
[2026-07-01T09:18:16.899+0000] {processor.py:186} INFO - Started process (PID=1130) to work on /home/airflow/.local/lib/python3.12/site-packages/airflow/example_dags/example_skip_dag.py
[2026-07-01T09:18:16.900+0000] {processor.py:914} INFO - Processing file /home/airflow/.local/lib/python3.12/site-packages/airflow/example_dags/example_skip_dag.py for tasks to queue
[2026-07-01T09:18:16.903+0000] {logging_mixin.py:190} INFO - [2026-07-01T09:18:16.902+0000] {dagbag.py:587} INFO - Filling up the DagBag from /home/airflow/.local/lib/python3.12/site-packages/airflow/example_dags/example_skip_dag.py
[2026-07-01T09:18:16.909+0000] {processor.py:925} INFO - DAG(s) 'example_skip_dag' retrieved from /home/airflow/.local/lib/python3.12/site-packages/airflow/example_dags/example_skip_dag.py
[2026-07-01T09:18:16.924+0000] {logging_mixin.py:190} INFO - [2026-07-01T09:18:16.924+0000] {dag.py:3211} INFO - Sync 1 DAGs
[2026-07-01T09:18:16.939+0000] {logging_mixin.py:190} INFO - [2026-07-01T09:18:16.939+0000] {dag.py:4138} INFO - Setting next_dagrun for example_skip_dag to 2026-06-30 00:00:00+00:00, run_after=2026-07-01 00:00:00+00:00
[2026-07-01T09:18:16.951+0000] {processor.py:208} INFO - Processing /home/airflow/.local/lib/python3.12/site-packages/airflow/example_dags/example_skip_dag.py took 0.056 seconds
[2026-07-01T09:18:47.396+0000] {processor.py:186} INFO - Started process (PID=1192) to work on /home/airflow/.local/lib/python3.12/site-packages/airflow/example_dags/example_skip_dag.py
[2026-07-01T09:18:47.397+0000] {processor.py:914} INFO - Processing file /home/airflow/.local/lib/python3.12/site-packages/airflow/example_dags/example_skip_dag.py for tasks to queue
[2026-07-01T09:18:47.400+0000] {logging_mixin.py:190} INFO - [2026-07-01T09:18:47.400+0000] {dagbag.py:587} INFO - Filling up the DagBag from /home/airflow/.local/lib/python3.12/site-packages/airflow/example_dags/example_skip_dag.py
[2026-07-01T09:18:47.408+0000] {processor.py:925} INFO - DAG(s) 'example_skip_dag' retrieved from /home/airflow/.local/lib/python3.12/site-packages/airflow/example_dags/example_skip_dag.py
[2026-07-01T09:18:47.429+0000] {logging_mixin.py:190} INFO - [2026-07-01T09:18:47.429+0000] {dag.py:3211} INFO - Sync 1 DAGs
[2026-07-01T09:18:47.449+0000] {logging_mixin.py:190} INFO - [2026-07-01T09:18:47.449+0000] {dag.py:4138} INFO - Setting next_dagrun for example_skip_dag to 2026-06-30 00:00:00+00:00, run_after=2026-07-01 00:00:00+00:00
[2026-07-01T09:18:47.466+0000] {processor.py:208} INFO - Processing /home/airflow/.local/lib/python3.12/site-packages/airflow/example_dags/example_skip_dag.py took 0.076 seconds
[2026-07-01T09:19:18.359+0000] {processor.py:186} INFO - Started process (PID=1255) to work on /home/airflow/.local/lib/python3.12/site-packages/airflow/example_dags/example_skip_dag.py
[2026-07-01T09:19:18.360+0000] {processor.py:914} INFO - Processing file /home/airflow/.local/lib/python3.12/site-packages/airflow/example_dags/example_skip_dag.py for tasks to queue
[2026-07-01T09:19:18.362+0000] {logging_mixin.py:190} INFO - [2026-07-01T09:19:18.361+0000] {dagbag.py:587} INFO - Filling up the DagBag from /home/airflow/.local/lib/python3.12/site-packages/airflow/example_dags/example_skip_dag.py
[2026-07-01T09:19:18.368+0000] {processor.py:925} INFO - DAG(s) 'example_skip_dag' retrieved from /home/airflow/.local/lib/python3.12/site-packages/airflow/example_dags/example_skip_dag.py
[2026-07-01T09:19:18.384+0000] {logging_mixin.py:190} INFO - [2026-07-01T09:19:18.384+0000] {dag.py:3211} INFO - Sync 1 DAGs
[2026-07-01T09:19:18.401+0000] {logging_mixin.py:190} INFO - [2026-07-01T09:19:18.401+0000] {dag.py:4138} INFO - Setting next_dagrun for example_skip_dag to 2026-06-30 00:00:00+00:00, run_after=2026-07-01 00:00:00+00:00
[2026-07-01T09:19:18.414+0000] {processor.py:208} INFO - Processing /home/airflow/.local/lib/python3.12/site-packages/airflow/example_dags/example_skip_dag.py took 0.061 seconds
[2026-07-01T09:19:49.101+0000] {processor.py:186} INFO - Started process (PID=1317) to work on /home/airflow/.local/lib/python3.12/site-packages/airflow/example_dags/example_skip_dag.py
[2026-07-01T09:19:49.102+0000] {processor.py:914} INFO - Processing file /home/airflow/.local/lib/python3.12/site-packages/airflow/example_dags/example_skip_dag.py for tasks to queue
[2026-07-01T09:19:49.103+0000] {logging_mixin.py:190} INFO - [2026-07-01T09:19:49.103+0000] {dagbag.py:587} INFO - Filling up the DagBag from /home/airflow/.local/lib/python3.12/site-packages/airflow/example_dags/example_skip_dag.py
[2026-07-01T09:19:49.110+0000] {processor.py:925} INFO - DAG(s) 'example_skip_dag' retrieved from /home/airflow/.local/lib/python3.12/site-packages/airflow/example_dags/example_skip_dag.py
[2026-07-01T09:19:49.125+0000] {logging_mixin.py:190} INFO - [2026-07-01T09:19:49.125+0000] {dag.py:3211} INFO - Sync 1 DAGs
[2026-07-01T09:19:49.143+0000] {logging_mixin.py:190} INFO - [2026-07-01T09:19:49.143+0000] {dag.py:4138} INFO - Setting next_dagrun for example_skip_dag to 2026-06-30 00:00:00+00:00, run_after=2026-07-01 00:00:00+00:00
[2026-07-01T09:19:49.156+0000] {processor.py:208} INFO - Processing /home/airflow/.local/lib/python3.12/site-packages/airflow/example_dags/example_skip_dag.py took 0.060 seconds
[2026-07-01T09:20:19.791+0000] {processor.py:186} INFO - Started process (PID=1379) to work on /home/airflow/.local/lib/python3.12/site-packages/airflow/example_dags/example_skip_dag.py
[2026-07-01T09:20:19.791+0000] {processor.py:914} INFO - Processing file /home/airflow/.local/lib/python3.12/site-packages/airflow/example_dags/example_skip_dag.py for tasks to queue
[2026-07-01T09:20:19.793+0000] {logging_mixin.py:190} INFO - [2026-07-01T09:20:19.793+0000] {dagbag.py:587} INFO - Filling up the DagBag from /home/airflow/.local/lib/python3.12/site-packages/airflow/example_dags/example_skip_dag.py
[2026-07-01T09:20:19.799+0000] {processor.py:925} INFO - DAG(s) 'example_skip_dag' retrieved from /home/airflow/.local/lib/python3.12/site-packages/airflow/example_dags/example_skip_dag.py
[2026-07-01T09:20:19.814+0000] {logging_mixin.py:190} INFO - [2026-07-01T09:20:19.814+0000] {dag.py:3211} INFO - Sync 1 DAGs
[2026-07-01T09:20:19.830+0000] {logging_mixin.py:190} INFO - [2026-07-01T09:20:19.830+0000] {dag.py:4138} INFO - Setting next_dagrun for example_skip_dag to 2026-06-30 00:00:00+00:00, run_after=2026-07-01 00:00:00+00:00
[2026-07-01T09:20:19.842+0000] {processor.py:208} INFO - Processing /home/airflow/.local/lib/python3.12/site-packages/airflow/example_dags/example_skip_dag.py took 0.056 seconds
[2026-07-01T09:20:50.593+0000] {processor.py:186} INFO - Started process (PID=1441) to work on /home/airflow/.local/lib/python3.12/site-packages/airflow/example_dags/example_skip_dag.py
[2026-07-01T09:20:50.594+0000] {processor.py:914} INFO - Processing file /home/airflow/.local/lib/python3.12/site-packages/airflow/example_dags/example_skip_dag.py for tasks to queue
[2026-07-01T09:20:50.596+0000] {logging_mixin.py:190} INFO - [2026-07-01T09:20:50.596+0000] {dagbag.py:587} INFO - Filling up the DagBag from /home/airflow/.local/lib/python3.12/site-packages/airflow/example_dags/example_skip_dag.py
[2026-07-01T09:20:50.602+0000] {processor.py:925} INFO - DAG(s) 'example_skip_dag' retrieved from /home/airflow/.local/lib/python3.12/site-packages/airflow/example_dags/example_skip_dag.py
[2026-07-01T09:20:50.617+0000] {logging_mixin.py:190} INFO - [2026-07-01T09:20:50.617+0000] {dag.py:3211} INFO - Sync 1 DAGs
[2026-07-01T09:20:50.633+0000] {logging_mixin.py:190} INFO - [2026-07-01T09:20:50.633+0000] {dag.py:4138} INFO - Setting next_dagrun for example_skip_dag to 2026-06-30 00:00:00+00:00, run_after=2026-07-01 00:00:00+00:00
[2026-07-01T09:20:50.647+0000] {processor.py:208} INFO - Processing /home/airflow/.local/lib/python3.12/site-packages/airflow/example_dags/example_skip_dag.py took 0.057 seconds
[2026-07-01T09:21:20.747+0000] {processor.py:186} INFO - Started process (PID=1503) to work on /home/airflow/.local/lib/python3.12/site-packages/airflow/example_dags/example_skip_dag.py
[2026-07-01T09:21:20.748+0000] {processor.py:914} INFO - Processing file /home/airflow/.local/lib/python3.12/site-packages/airflow/example_dags/example_skip_dag.py for tasks to queue
[2026-07-01T09:21:20.750+0000] {logging_mixin.py:190} INFO - [2026-07-01T09:21:20.750+0000] {dagbag.py:587} INFO - Filling up the DagBag from /home/airflow/.local/lib/python3.12/site-packages/airflow/example_dags/example_skip_dag.py
[2026-07-01T09:21:20.756+0000] {processor.py:925} INFO - DAG(s) 'example_skip_dag' retrieved from /home/airflow/.local/lib/python3.12/site-packages/airflow/example_dags/example_skip_dag.py
[2026-07-01T09:21:20.773+0000] {logging_mixin.py:190} INFO - [2026-07-01T09:21:20.772+0000] {dag.py:3211} INFO - Sync 1 DAGs
[2026-07-01T09:21:20.789+0000] {logging_mixin.py:190} INFO - [2026-07-01T09:21:20.789+0000] {dag.py:4138} INFO - Setting next_dagrun for example_skip_dag to 2026-06-30 00:00:00+00:00, run_after=2026-07-01 00:00:00+00:00
[2026-07-01T09:21:20.803+0000] {processor.py:208} INFO - Processing /home/airflow/.local/lib/python3.12/site-packages/airflow/example_dags/example_skip_dag.py took 0.060 seconds
[2026-07-01T09:21:50.905+0000] {processor.py:186} INFO - Started process (PID=1565) to work on /home/airflow/.local/lib/python3.12/site-packages/airflow/example_dags/example_skip_dag.py
[2026-07-01T09:21:50.906+0000] {processor.py:914} INFO - Processing file /home/airflow/.local/lib/python3.12/site-packages/airflow/example_dags/example_skip_dag.py for tasks to queue
[2026-07-01T09:21:50.908+0000] {logging_mixin.py:190} INFO - [2026-07-01T09:21:50.908+0000] {dagbag.py:587} INFO - Filling up the DagBag from /home/airflow/.local/lib/python3.12/site-packages/airflow/example_dags/example_skip_dag.py
[2026-07-01T09:21:50.915+0000] {processor.py:925} INFO - DAG(s) 'example_skip_dag' retrieved from /home/airflow/.local/lib/python3.12/site-packages/airflow/example_dags/example_skip_dag.py
[2026-07-01T09:21:50.935+0000] {logging_mixin.py:190} INFO - [2026-07-01T09:21:50.935+0000] {dag.py:3211} INFO - Sync 1 DAGs
[2026-07-01T09:21:50.953+0000] {logging_mixin.py:190} INFO - [2026-07-01T09:21:50.953+0000] {dag.py:4138} INFO - Setting next_dagrun for example_skip_dag to 2026-06-30 00:00:00+00:00, run_after=2026-07-01 00:00:00+00:00
[2026-07-01T09:21:50.968+0000] {processor.py:208} INFO - Processing /home/airflow/.local/lib/python3.12/site-packages/airflow/example_dags/example_skip_dag.py took 0.068 seconds
[2026-07-01T09:22:21.262+0000] {processor.py:186} INFO - Started process (PID=1627) to work on /home/airflow/.local/lib/python3.12/site-packages/airflow/example_dags/example_skip_dag.py
[2026-07-01T09:22:21.263+0000] {processor.py:914} INFO - Processing file /home/airflow/.local/lib/python3.12/site-packages/airflow/example_dags/example_skip_dag.py for tasks to queue
[2026-07-01T09:22:21.266+0000] {logging_mixin.py:190} INFO - [2026-07-01T09:22:21.266+0000] {dagbag.py:587} INFO - Filling up the DagBag from /home/airflow/.local/lib/python3.12/site-packages/airflow/example_dags/example_skip_dag.py
[2026-07-01T09:22:21.272+0000] {processor.py:925} INFO - DAG(s) 'example_skip_dag' retrieved from /home/airflow/.local/lib/python3.12/site-packages/airflow/example_dags/example_skip_dag.py
[2026-07-01T09:22:21.292+0000] {logging_mixin.py:190} INFO - [2026-07-01T09:22:21.292+0000] {dag.py:3211} INFO - Sync 1 DAGs
[2026-07-01T09:22:21.309+0000] {logging_mixin.py:190} INFO - [2026-07-01T09:22:21.309+0000] {dag.py:4138} INFO - Setting next_dagrun for example_skip_dag to 2026-06-30 00:00:00+00:00, run_after=2026-07-01 00:00:00+00:00
[2026-07-01T09:22:21.322+0000] {processor.py:208} INFO - Processing /home/airflow/.local/lib/python3.12/site-packages/airflow/example_dags/example_skip_dag.py took 0.064 seconds
[2026-07-01T09:22:51.371+0000] {processor.py:186} INFO - Started process (PID=1688) to work on /home/airflow/.local/lib/python3.12/site-packages/airflow/example_dags/example_skip_dag.py
[2026-07-01T09:22:51.372+0000] {processor.py:914} INFO - Processing file /home/airflow/.local/lib/python3.12/site-packages/airflow/example_dags/example_skip_dag.py for tasks to queue
[2026-07-01T09:22:51.374+0000] {logging_mixin.py:190} INFO - [2026-07-01T09:22:51.373+0000] {dagbag.py:587} INFO - Filling up the DagBag from /home/airflow/.local/lib/python3.12/site-packages/airflow/example_dags/example_skip_dag.py
[2026-07-01T09:22:51.379+0000] {processor.py:925} INFO - DAG(s) 'example_skip_dag' retrieved from /home/airflow/.local/lib/python3.12/site-packages/airflow/example_dags/example_skip_dag.py
[2026-07-01T09:22:51.393+0000] {logging_mixin.py:190} INFO - [2026-07-01T09:22:51.393+0000] {dag.py:3211} INFO - Sync 1 DAGs
[2026-07-01T09:22:51.408+0000] {logging_mixin.py:190} INFO - [2026-07-01T09:22:51.408+0000] {dag.py:4138} INFO - Setting next_dagrun for example_skip_dag to 2026-06-30 00:00:00+00:00, run_after=2026-07-01 00:00:00+00:00
[2026-07-01T09:22:51.420+0000] {processor.py:208} INFO - Processing /home/airflow/.local/lib/python3.12/site-packages/airflow/example_dags/example_skip_dag.py took 0.054 seconds
[2026-07-01T09:23:21.480+0000] {processor.py:186} INFO - Started process (PID=1750) to work on /home/airflow/.local/lib/python3.12/site-packages/airflow/example_dags/example_skip_dag.py
[2026-07-01T09:23:21.481+0000] {processor.py:914} INFO - Processing file /home/airflow/.local/lib/python3.12/site-packages/airflow/example_dags/example_skip_dag.py for tasks to queue
[2026-07-01T09:23:21.484+0000] {logging_mixin.py:190} INFO - [2026-07-01T09:23:21.484+0000] {dagbag.py:587} INFO - Filling up the DagBag from /home/airflow/.local/lib/python3.12/site-packages/airflow/example_dags/example_skip_dag.py
[2026-07-01T09:23:21.490+0000] {processor.py:925} INFO - DAG(s) 'example_skip_dag' retrieved from /home/airflow/.local/lib/python3.12/site-packages/airflow/example_dags/example_skip_dag.py
[2026-07-01T09:23:21.504+0000] {logging_mixin.py:190} INFO - [2026-07-01T09:23:21.504+0000] {dag.py:3211} INFO - Sync 1 DAGs
[2026-07-01T09:23:21.520+0000] {logging_mixin.py:190} INFO - [2026-07-01T09:23:21.520+0000] {dag.py:4138} INFO - Setting next_dagrun for example_skip_dag to 2026-06-30 00:00:00+00:00, run_after=2026-07-01 00:00:00+00:00
[2026-07-01T09:23:21.533+0000] {processor.py:208} INFO - Processing /home/airflow/.local/lib/python3.12/site-packages/airflow/example_dags/example_skip_dag.py took 0.057 seconds
[2026-07-01T09:23:51.960+0000] {processor.py:186} INFO - Started process (PID=1812) to work on /home/airflow/.local/lib/python3.12/site-packages/airflow/example_dags/example_skip_dag.py
[2026-07-01T09:23:51.961+0000] {processor.py:914} INFO - Processing file /home/airflow/.local/lib/python3.12/site-packages/airflow/example_dags/example_skip_dag.py for tasks to queue
[2026-07-01T09:23:51.963+0000] {logging_mixin.py:190} INFO - [2026-07-01T09:23:51.963+0000] {dagbag.py:587} INFO - Filling up the DagBag from /home/airflow/.local/lib/python3.12/site-packages/airflow/example_dags/example_skip_dag.py
[2026-07-01T09:23:51.969+0000] {processor.py:925} INFO - DAG(s) 'example_skip_dag' retrieved from /home/airflow/.local/lib/python3.12/site-packages/airflow/example_dags/example_skip_dag.py
[2026-07-01T09:23:51.984+0000] {logging_mixin.py:190} INFO - [2026-07-01T09:23:51.984+0000] {dag.py:3211} INFO - Sync 1 DAGs
[2026-07-01T09:23:52.000+0000] {logging_mixin.py:190} INFO - [2026-07-01T09:23:52.000+0000] {dag.py:4138} INFO - Setting next_dagrun for example_skip_dag to 2026-06-30 00:00:00+00:00, run_after=2026-07-01 00:00:00+00:00
[2026-07-01T09:23:52.013+0000] {processor.py:208} INFO - Processing /home/airflow/.local/lib/python3.12/site-packages/airflow/example_dags/example_skip_dag.py took 0.056 seconds
[2026-07-01T09:24:22.221+0000] {processor.py:186} INFO - Started process (PID=1874) to work on /home/airflow/.local/lib/python3.12/site-packages/airflow/example_dags/example_skip_dag.py
[2026-07-01T09:24:22.222+0000] {processor.py:914} INFO - Processing file /home/airflow/.local/lib/python3.12/site-packages/airflow/example_dags/example_skip_dag.py for tasks to queue
[2026-07-01T09:24:22.225+0000] {logging_mixin.py:190} INFO - [2026-07-01T09:24:22.225+0000] {dagbag.py:587} INFO - Filling up the DagBag from /home/airflow/.local/lib/python3.12/site-packages/airflow/example_dags/example_skip_dag.py
[2026-07-01T09:24:22.232+0000] {processor.py:925} INFO - DAG(s) 'example_skip_dag' retrieved from /home/airflow/.local/lib/python3.12/site-packages/airflow/example_dags/example_skip_dag.py
[2026-07-01T09:24:22.249+0000] {logging_mixin.py:190} INFO - [2026-07-01T09:24:22.248+0000] {dag.py:3211} INFO - Sync 1 DAGs
[2026-07-01T09:24:22.263+0000] {logging_mixin.py:190} INFO - [2026-07-01T09:24:22.263+0000] {dag.py:4138} INFO - Setting next_dagrun for example_skip_dag to 2026-06-30 00:00:00+00:00, run_after=2026-07-01 00:00:00+00:00
[2026-07-01T09:24:22.275+0000] {processor.py:208} INFO - Processing /home/airflow/.local/lib/python3.12/site-packages/airflow/example_dags/example_skip_dag.py took 0.059 seconds
[2026-07-01T09:24:52.314+0000] {processor.py:186} INFO - Started process (PID=1936) to work on /home/airflow/.local/lib/python3.12/site-packages/airflow/example_dags/example_skip_dag.py
[2026-07-01T09:24:52.315+0000] {processor.py:914} INFO - Processing file /home/airflow/.local/lib/python3.12/site-packages/airflow/example_dags/example_skip_dag.py for tasks to queue
[2026-07-01T09:24:52.317+0000] {logging_mixin.py:190} INFO - [2026-07-01T09:24:52.316+0000] {dagbag.py:587} INFO - Filling up the DagBag from /home/airflow/.local/lib/python3.12/site-packages/airflow/example_dags/example_skip_dag.py
[2026-07-01T09:24:52.322+0000] {processor.py:925} INFO - DAG(s) 'example_skip_dag' retrieved from /home/airflow/.local/lib/python3.12/site-packages/airflow/example_dags/example_skip_dag.py
[2026-07-01T09:24:52.337+0000] {logging_mixin.py:190} INFO - [2026-07-01T09:24:52.337+0000] {dag.py:3211} INFO - Sync 1 DAGs
[2026-07-01T09:24:52.354+0000] {logging_mixin.py:190} INFO - [2026-07-01T09:24:52.354+0000] {dag.py:4138} INFO - Setting next_dagrun for example_skip_dag to 2026-06-30 00:00:00+00:00, run_after=2026-07-01 00:00:00+00:00
[2026-07-01T09:24:52.371+0000] {processor.py:208} INFO - Processing /home/airflow/.local/lib/python3.12/site-packages/airflow/example_dags/example_skip_dag.py took 0.061 seconds
[2026-07-01T09:25:22.550+0000] {processor.py:186} INFO - Started process (PID=1998) to work on /home/airflow/.local/lib/python3.12/site-packages/airflow/example_dags/example_skip_dag.py
[2026-07-01T09:25:22.551+0000] {processor.py:914} INFO - Processing file /home/airflow/.local/lib/python3.12/site-packages/airflow/example_dags/example_skip_dag.py for tasks to queue
[2026-07-01T09:25:22.552+0000] {logging_mixin.py:190} INFO - [2026-07-01T09:25:22.552+0000] {dagbag.py:587} INFO - Filling up the DagBag from /home/airflow/.local/lib/python3.12/site-packages/airflow/example_dags/example_skip_dag.py
[2026-07-01T09:25:22.560+0000] {processor.py:925} INFO - DAG(s) 'example_skip_dag' retrieved from /home/airflow/.local/lib/python3.12/site-packages/airflow/example_dags/example_skip_dag.py
[2026-07-01T09:25:22.576+0000] {logging_mixin.py:190} INFO - [2026-07-01T09:25:22.576+0000] {dag.py:3211} INFO - Sync 1 DAGs
[2026-07-01T09:25:22.591+0000] {logging_mixin.py:190} INFO - [2026-07-01T09:25:22.590+0000] {dag.py:4138} INFO - Setting next_dagrun for example_skip_dag to 2026-06-30 00:00:00+00:00, run_after=2026-07-01 00:00:00+00:00
[2026-07-01T09:25:22.602+0000] {processor.py:208} INFO - Processing /home/airflow/.local/lib/python3.12/site-packages/airflow/example_dags/example_skip_dag.py took 0.057 seconds
[2026-07-01T09:30:07.165+0000] {processor.py:186} INFO - Started process (PID=2055) to work on /home/airflow/.local/lib/python3.12/site-packages/airflow/example_dags/example_skip_dag.py
[2026-07-01T09:30:07.167+0000] {processor.py:914} INFO - Processing file /home/airflow/.local/lib/python3.12/site-packages/airflow/example_dags/example_skip_dag.py for tasks to queue
[2026-07-01T09:30:07.169+0000] {logging_mixin.py:190} INFO - [2026-07-01T09:30:07.168+0000] {dagbag.py:587} INFO - Filling up the DagBag from /home/airflow/.local/lib/python3.12/site-packages/airflow/example_dags/example_skip_dag.py
[2026-07-01T09:30:07.175+0000] {processor.py:925} INFO - DAG(s) 'example_skip_dag' retrieved from /home/airflow/.local/lib/python3.12/site-packages/airflow/example_dags/example_skip_dag.py
[2026-07-01T09:30:07.189+0000] {logging_mixin.py:190} INFO - [2026-07-01T09:30:07.189+0000] {dag.py:3211} INFO - Sync 1 DAGs
[2026-07-01T09:30:07.204+0000] {logging_mixin.py:190} INFO - [2026-07-01T09:30:07.204+0000] {dag.py:4138} INFO - Setting next_dagrun for example_skip_dag to 2026-06-30 00:00:00+00:00, run_after=2026-07-01 00:00:00+00:00
[2026-07-01T09:30:07.217+0000] {processor.py:208} INFO - Processing /home/airflow/.local/lib/python3.12/site-packages/airflow/example_dags/example_skip_dag.py took 0.056 seconds
[2026-07-01T09:30:38.005+0000] {processor.py:186} INFO - Started process (PID=2117) to work on /home/airflow/.local/lib/python3.12/site-packages/airflow/example_dags/example_skip_dag.py
[2026-07-01T09:30:38.006+0000] {processor.py:914} INFO - Processing file /home/airflow/.local/lib/python3.12/site-packages/airflow/example_dags/example_skip_dag.py for tasks to queue
[2026-07-01T09:30:38.008+0000] {logging_mixin.py:190} INFO - [2026-07-01T09:30:38.008+0000] {dagbag.py:587} INFO - Filling up the DagBag from /home/airflow/.local/lib/python3.12/site-packages/airflow/example_dags/example_skip_dag.py
[2026-07-01T09:30:38.014+0000] {processor.py:925} INFO - DAG(s) 'example_skip_dag' retrieved from /home/airflow/.local/lib/python3.12/site-packages/airflow/example_dags/example_skip_dag.py
[2026-07-01T09:30:38.028+0000] {logging_mixin.py:190} INFO - [2026-07-01T09:30:38.028+0000] {dag.py:3211} INFO - Sync 1 DAGs
[2026-07-01T09:30:38.043+0000] {logging_mixin.py:190} INFO - [2026-07-01T09:30:38.043+0000] {dag.py:4138} INFO - Setting next_dagrun for example_skip_dag to 2026-06-30 00:00:00+00:00, run_after=2026-07-01 00:00:00+00:00
[2026-07-01T09:30:38.056+0000] {processor.py:208} INFO - Processing /home/airflow/.local/lib/python3.12/site-packages/airflow/example_dags/example_skip_dag.py took 0.055 seconds
[2026-07-01T09:31:08.451+0000] {processor.py:186} INFO - Started process (PID=2179) to work on /home/airflow/.local/lib/python3.12/site-packages/airflow/example_dags/example_skip_dag.py
[2026-07-01T09:31:08.452+0000] {processor.py:914} INFO - Processing file /home/airflow/.local/lib/python3.12/site-packages/airflow/example_dags/example_skip_dag.py for tasks to queue
[2026-07-01T09:31:08.455+0000] {logging_mixin.py:190} INFO - [2026-07-01T09:31:08.455+0000] {dagbag.py:587} INFO - Filling up the DagBag from /home/airflow/.local/lib/python3.12/site-packages/airflow/example_dags/example_skip_dag.py
[2026-07-01T09:31:08.461+0000] {processor.py:925} INFO - DAG(s) 'example_skip_dag' retrieved from /home/airflow/.local/lib/python3.12/site-packages/airflow/example_dags/example_skip_dag.py
[2026-07-01T09:31:08.477+0000] {logging_mixin.py:190} INFO - [2026-07-01T09:31:08.477+0000] {dag.py:3211} INFO - Sync 1 DAGs
[2026-07-01T09:31:08.492+0000] {logging_mixin.py:190} INFO - [2026-07-01T09:31:08.492+0000] {dag.py:4138} INFO - Setting next_dagrun for example_skip_dag to 2026-06-30 00:00:00+00:00, run_after=2026-07-01 00:00:00+00:00
[2026-07-01T09:31:08.504+0000] {processor.py:208} INFO - Processing /home/airflow/.local/lib/python3.12/site-packages/airflow/example_dags/example_skip_dag.py took 0.058 seconds
[2026-07-01T09:31:38.782+0000] {processor.py:186} INFO - Started process (PID=2241) to work on /home/airflow/.local/lib/python3.12/site-packages/airflow/example_dags/example_skip_dag.py
[2026-07-01T09:31:38.784+0000] {processor.py:914} INFO - Processing file /home/airflow/.local/lib/python3.12/site-packages/airflow/example_dags/example_skip_dag.py for tasks to queue
[2026-07-01T09:31:38.785+0000] {logging_mixin.py:190} INFO - [2026-07-01T09:31:38.785+0000] {dagbag.py:587} INFO - Filling up the DagBag from /home/airflow/.local/lib/python3.12/site-packages/airflow/example_dags/example_skip_dag.py
[2026-07-01T09:31:38.791+0000] {processor.py:925} INFO - DAG(s) 'example_skip_dag' retrieved from /home/airflow/.local/lib/python3.12/site-packages/airflow/example_dags/example_skip_dag.py
[2026-07-01T09:31:38.807+0000] {logging_mixin.py:190} INFO - [2026-07-01T09:31:38.807+0000] {dag.py:3211} INFO - Sync 1 DAGs
[2026-07-01T09:31:38.823+0000] {logging_mixin.py:190} INFO - [2026-07-01T09:31:38.823+0000] {dag.py:4138} INFO - Setting next_dagrun for example_skip_dag to 2026-06-30 00:00:00+00:00, run_after=2026-07-01 00:00:00+00:00
[2026-07-01T09:31:38.836+0000] {processor.py:208} INFO - Processing /home/airflow/.local/lib/python3.12/site-packages/airflow/example_dags/example_skip_dag.py took 0.058 seconds
[2026-07-01T09:32:09.045+0000] {processor.py:186} INFO - Started process (PID=2302) to work on /home/airflow/.local/lib/python3.12/site-packages/airflow/example_dags/example_skip_dag.py
[2026-07-01T09:32:09.046+0000] {processor.py:914} INFO - Processing file /home/airflow/.local/lib/python3.12/site-packages/airflow/example_dags/example_skip_dag.py for tasks to queue
[2026-07-01T09:32:09.049+0000] {logging_mixin.py:190} INFO - [2026-07-01T09:32:09.048+0000] {dagbag.py:587} INFO - Filling up the DagBag from /home/airflow/.local/lib/python3.12/site-packages/airflow/example_dags/example_skip_dag.py
[2026-07-01T09:32:09.054+0000] {processor.py:925} INFO - DAG(s) 'example_skip_dag' retrieved from /home/airflow/.local/lib/python3.12/site-packages/airflow/example_dags/example_skip_dag.py
[2026-07-01T09:32:09.069+0000] {logging_mixin.py:190} INFO - [2026-07-01T09:32:09.068+0000] {dag.py:3211} INFO - Sync 1 DAGs
[2026-07-01T09:32:09.084+0000] {logging_mixin.py:190} INFO - [2026-07-01T09:32:09.083+0000] {dag.py:4138} INFO - Setting next_dagrun for example_skip_dag to 2026-06-30 00:00:00+00:00, run_after=2026-07-01 00:00:00+00:00
[2026-07-01T09:32:09.096+0000] {processor.py:208} INFO - Processing /home/airflow/.local/lib/python3.12/site-packages/airflow/example_dags/example_skip_dag.py took 0.055 seconds
[2026-07-01T09:32:39.343+0000] {processor.py:186} INFO - Started process (PID=2364) to work on /home/airflow/.local/lib/python3.12/site-packages/airflow/example_dags/example_skip_dag.py
[2026-07-01T09:32:39.344+0000] {processor.py:914} INFO - Processing file /home/airflow/.local/lib/python3.12/site-packages/airflow/example_dags/example_skip_dag.py for tasks to queue
[2026-07-01T09:32:39.346+0000] {logging_mixin.py:190} INFO - [2026-07-01T09:32:39.345+0000] {dagbag.py:587} INFO - Filling up the DagBag from /home/airflow/.local/lib/python3.12/site-packages/airflow/example_dags/example_skip_dag.py
[2026-07-01T09:32:39.352+0000] {processor.py:925} INFO - DAG(s) 'example_skip_dag' retrieved from /home/airflow/.local/lib/python3.12/site-packages/airflow/example_dags/example_skip_dag.py
[2026-07-01T09:32:39.365+0000] {logging_mixin.py:190} INFO - [2026-07-01T09:32:39.365+0000] {dag.py:3211} INFO - Sync 1 DAGs
[2026-07-01T09:32:39.380+0000] {logging_mixin.py:190} INFO - [2026-07-01T09:32:39.379+0000] {dag.py:4138} INFO - Setting next_dagrun for example_skip_dag to 2026-06-30 00:00:00+00:00, run_after=2026-07-01 00:00:00+00:00
[2026-07-01T09:32:39.392+0000] {processor.py:208} INFO - Processing /home/airflow/.local/lib/python3.12/site-packages/airflow/example_dags/example_skip_dag.py took 0.054 seconds
[2026-07-01T09:33:09.928+0000] {processor.py:186} INFO - Started process (PID=2426) to work on /home/airflow/.local/lib/python3.12/site-packages/airflow/example_dags/example_skip_dag.py
[2026-07-01T09:33:09.928+0000] {processor.py:914} INFO - Processing file /home/airflow/.local/lib/python3.12/site-packages/airflow/example_dags/example_skip_dag.py for tasks to queue
[2026-07-01T09:33:09.930+0000] {logging_mixin.py:190} INFO - [2026-07-01T09:33:09.930+0000] {dagbag.py:587} INFO - Filling up the DagBag from /home/airflow/.local/lib/python3.12/site-packages/airflow/example_dags/example_skip_dag.py
[2026-07-01T09:33:09.936+0000] {processor.py:925} INFO - DAG(s) 'example_skip_dag' retrieved from /home/airflow/.local/lib/python3.12/site-packages/airflow/example_dags/example_skip_dag.py
[2026-07-01T09:33:09.950+0000] {logging_mixin.py:190} INFO - [2026-07-01T09:33:09.950+0000] {dag.py:3211} INFO - Sync 1 DAGs
[2026-07-01T09:33:09.964+0000] {logging_mixin.py:190} INFO - [2026-07-01T09:33:09.963+0000] {dag.py:4138} INFO - Setting next_dagrun for example_skip_dag to 2026-06-30 00:00:00+00:00, run_after=2026-07-01 00:00:00+00:00
[2026-07-01T09:33:09.976+0000] {processor.py:208} INFO - Processing /home/airflow/.local/lib/python3.12/site-packages/airflow/example_dags/example_skip_dag.py took 0.052 seconds
[2026-07-01T09:33:40.575+0000] {processor.py:186} INFO - Started process (PID=2488) to work on /home/airflow/.local/lib/python3.12/site-packages/airflow/example_dags/example_skip_dag.py
[2026-07-01T09:33:40.576+0000] {processor.py:914} INFO - Processing file /home/airflow/.local/lib/python3.12/site-packages/airflow/example_dags/example_skip_dag.py for tasks to queue
[2026-07-01T09:33:40.578+0000] {logging_mixin.py:190} INFO - [2026-07-01T09:33:40.578+0000] {dagbag.py:587} INFO - Filling up the DagBag from /home/airflow/.local/lib/python3.12/site-packages/airflow/example_dags/example_skip_dag.py
[2026-07-01T09:33:40.584+0000] {processor.py:925} INFO - DAG(s) 'example_skip_dag' retrieved from /home/airflow/.local/lib/python3.12/site-packages/airflow/example_dags/example_skip_dag.py
[2026-07-01T09:33:40.602+0000] {logging_mixin.py:190} INFO - [2026-07-01T09:33:40.602+0000] {dag.py:3211} INFO - Sync 1 DAGs
[2026-07-01T09:33:40.619+0000] {logging_mixin.py:190} INFO - [2026-07-01T09:33:40.619+0000] {dag.py:4138} INFO - Setting next_dagrun for example_skip_dag to 2026-06-30 00:00:00+00:00, run_after=2026-07-01 00:00:00+00:00
[2026-07-01T09:33:40.632+0000] {processor.py:208} INFO - Processing /home/airflow/.local/lib/python3.12/site-packages/airflow/example_dags/example_skip_dag.py took 0.062 seconds
[2026-07-01T09:34:11.561+0000] {processor.py:186} INFO - Started process (PID=2550) to work on /home/airflow/.local/lib/python3.12/site-packages/airflow/example_dags/example_skip_dag.py
[2026-07-01T09:34:11.562+0000] {processor.py:914} INFO - Processing file /home/airflow/.local/lib/python3.12/site-packages/airflow/example_dags/example_skip_dag.py for tasks to queue
[2026-07-01T09:34:11.565+0000] {logging_mixin.py:190} INFO - [2026-07-01T09:34:11.565+0000] {dagbag.py:587} INFO - Filling up the DagBag from /home/airflow/.local/lib/python3.12/site-packages/airflow/example_dags/example_skip_dag.py
[2026-07-01T09:34:11.571+0000] {processor.py:925} INFO - DAG(s) 'example_skip_dag' retrieved from /home/airflow/.local/lib/python3.12/site-packages/airflow/example_dags/example_skip_dag.py
[2026-07-01T09:34:11.589+0000] {logging_mixin.py:190} INFO - [2026-07-01T09:34:11.589+0000] {dag.py:3211} INFO - Sync 1 DAGs
[2026-07-01T09:34:11.606+0000] {logging_mixin.py:190} INFO - [2026-07-01T09:34:11.606+0000] {dag.py:4138} INFO - Setting next_dagrun for example_skip_dag to 2026-06-30 00:00:00+00:00, run_after=2026-07-01 00:00:00+00:00
[2026-07-01T09:34:11.621+0000] {processor.py:208} INFO - Processing /home/airflow/.local/lib/python3.12/site-packages/airflow/example_dags/example_skip_dag.py took 0.065 seconds
[2026-07-01T09:34:42.503+0000] {processor.py:186} INFO - Started process (PID=2612) to work on /home/airflow/.local/lib/python3.12/site-packages/airflow/example_dags/example_skip_dag.py
[2026-07-01T09:34:42.505+0000] {processor.py:914} INFO - Processing file /home/airflow/.local/lib/python3.12/site-packages/airflow/example_dags/example_skip_dag.py for tasks to queue
[2026-07-01T09:34:42.508+0000] {logging_mixin.py:190} INFO - [2026-07-01T09:34:42.507+0000] {dagbag.py:587} INFO - Filling up the DagBag from /home/airflow/.local/lib/python3.12/site-packages/airflow/example_dags/example_skip_dag.py
[2026-07-01T09:34:42.514+0000] {processor.py:925} INFO - DAG(s) 'example_skip_dag' retrieved from /home/airflow/.local/lib/python3.12/site-packages/airflow/example_dags/example_skip_dag.py
[2026-07-01T09:34:42.530+0000] {logging_mixin.py:190} INFO - [2026-07-01T09:34:42.530+0000] {dag.py:3211} INFO - Sync 1 DAGs
[2026-07-01T09:34:42.545+0000] {logging_mixin.py:190} INFO - [2026-07-01T09:34:42.545+0000] {dag.py:4138} INFO - Setting next_dagrun for example_skip_dag to 2026-06-30 00:00:00+00:00, run_after=2026-07-01 00:00:00+00:00
[2026-07-01T09:34:42.560+0000] {processor.py:208} INFO - Processing /home/airflow/.local/lib/python3.12/site-packages/airflow/example_dags/example_skip_dag.py took 0.062 seconds
[2026-07-01T09:35:13.244+0000] {processor.py:186} INFO - Started process (PID=2675) to work on /home/airflow/.local/lib/python3.12/site-packages/airflow/example_dags/example_skip_dag.py
[2026-07-01T09:35:13.246+0000] {processor.py:914} INFO - Processing file /home/airflow/.local/lib/python3.12/site-packages/airflow/example_dags/example_skip_dag.py for tasks to queue
[2026-07-01T09:35:13.247+0000] {logging_mixin.py:190} INFO - [2026-07-01T09:35:13.247+0000] {dagbag.py:587} INFO - Filling up the DagBag from /home/airflow/.local/lib/python3.12/site-packages/airflow/example_dags/example_skip_dag.py
[2026-07-01T09:35:13.253+0000] {processor.py:925} INFO - DAG(s) 'example_skip_dag' retrieved from /home/airflow/.local/lib/python3.12/site-packages/airflow/example_dags/example_skip_dag.py
[2026-07-01T09:35:13.269+0000] {logging_mixin.py:190} INFO - [2026-07-01T09:35:13.269+0000] {dag.py:3211} INFO - Sync 1 DAGs
[2026-07-01T09:35:13.286+0000] {logging_mixin.py:190} INFO - [2026-07-01T09:35:13.285+0000] {dag.py:4138} INFO - Setting next_dagrun for example_skip_dag to 2026-06-30 00:00:00+00:00, run_after=2026-07-01 00:00:00+00:00
[2026-07-01T09:35:13.298+0000] {processor.py:208} INFO - Processing /home/airflow/.local/lib/python3.12/site-packages/airflow/example_dags/example_skip_dag.py took 0.058 seconds
[2026-07-01T09:35:43.928+0000] {processor.py:186} INFO - Started process (PID=2737) to work on /home/airflow/.local/lib/python3.12/site-packages/airflow/example_dags/example_skip_dag.py
[2026-07-01T09:35:43.929+0000] {processor.py:914} INFO - Processing file /home/airflow/.local/lib/python3.12/site-packages/airflow/example_dags/example_skip_dag.py for tasks to queue
[2026-07-01T09:35:43.932+0000] {logging_mixin.py:190} INFO - [2026-07-01T09:35:43.932+0000] {dagbag.py:587} INFO - Filling up the DagBag from /home/airflow/.local/lib/python3.12/site-packages/airflow/example_dags/example_skip_dag.py
[2026-07-01T09:35:43.941+0000] {processor.py:925} INFO - DAG(s) 'example_skip_dag' retrieved from /home/airflow/.local/lib/python3.12/site-packages/airflow/example_dags/example_skip_dag.py
[2026-07-01T09:35:43.962+0000] {logging_mixin.py:190} INFO - [2026-07-01T09:35:43.961+0000] {dag.py:3211} INFO - Sync 1 DAGs
[2026-07-01T09:35:43.981+0000] {logging_mixin.py:190} INFO - [2026-07-01T09:35:43.981+0000] {dag.py:4138} INFO - Setting next_dagrun for example_skip_dag to 2026-06-30 00:00:00+00:00, run_after=2026-07-01 00:00:00+00:00
[2026-07-01T09:35:43.995+0000] {processor.py:208} INFO - Processing /home/airflow/.local/lib/python3.12/site-packages/airflow/example_dags/example_skip_dag.py took 0.072 seconds
[2026-07-01T09:36:14.453+0000] {processor.py:186} INFO - Started process (PID=2799) to work on /home/airflow/.local/lib/python3.12/site-packages/airflow/example_dags/example_skip_dag.py
[2026-07-01T09:36:14.455+0000] {processor.py:914} INFO - Processing file /home/airflow/.local/lib/python3.12/site-packages/airflow/example_dags/example_skip_dag.py for tasks to queue
[2026-07-01T09:36:14.457+0000] {logging_mixin.py:190} INFO - [2026-07-01T09:36:14.456+0000] {dagbag.py:587} INFO - Filling up the DagBag from /home/airflow/.local/lib/python3.12/site-packages/airflow/example_dags/example_skip_dag.py
[2026-07-01T09:36:14.463+0000] {processor.py:925} INFO - DAG(s) 'example_skip_dag' retrieved from /home/airflow/.local/lib/python3.12/site-packages/airflow/example_dags/example_skip_dag.py
[2026-07-01T09:36:14.479+0000] {logging_mixin.py:190} INFO - [2026-07-01T09:36:14.479+0000] {dag.py:3211} INFO - Sync 1 DAGs
[2026-07-01T09:36:14.496+0000] {logging_mixin.py:190} INFO - [2026-07-01T09:36:14.496+0000] {dag.py:4138} INFO - Setting next_dagrun for example_skip_dag to 2026-06-30 00:00:00+00:00, run_after=2026-07-01 00:00:00+00:00
[2026-07-01T09:36:14.508+0000] {processor.py:208} INFO - Processing /home/airflow/.local/lib/python3.12/site-packages/airflow/example_dags/example_skip_dag.py took 0.059 seconds
[2026-07-01T09:36:45.463+0000] {processor.py:186} INFO - Started process (PID=2861) to work on /home/airflow/.local/lib/python3.12/site-packages/airflow/example_dags/example_skip_dag.py
[2026-07-01T09:36:45.465+0000] {processor.py:914} INFO - Processing file /home/airflow/.local/lib/python3.12/site-packages/airflow/example_dags/example_skip_dag.py for tasks to queue
[2026-07-01T09:36:45.468+0000] {logging_mixin.py:190} INFO - [2026-07-01T09:36:45.467+0000] {dagbag.py:587} INFO - Filling up the DagBag from /home/airflow/.local/lib/python3.12/site-packages/airflow/example_dags/example_skip_dag.py
[2026-07-01T09:36:45.474+0000] {processor.py:925} INFO - DAG(s) 'example_skip_dag' retrieved from /home/airflow/.local/lib/python3.12/site-packages/airflow/example_dags/example_skip_dag.py
[2026-07-01T09:36:45.491+0000] {logging_mixin.py:190} INFO - [2026-07-01T09:36:45.491+0000] {dag.py:3211} INFO - Sync 1 DAGs
[2026-07-01T09:36:45.508+0000] {logging_mixin.py:190} INFO - [2026-07-01T09:36:45.508+0000] {dag.py:4138} INFO - Setting next_dagrun for example_skip_dag to 2026-06-30 00:00:00+00:00, run_after=2026-07-01 00:00:00+00:00
[2026-07-01T09:36:45.520+0000] {processor.py:208} INFO - Processing /home/airflow/.local/lib/python3.12/site-packages/airflow/example_dags/example_skip_dag.py took 0.063 seconds
[2026-07-01T09:37:16.770+0000] {processor.py:186} INFO - Started process (PID=2923) to work on /home/airflow/.local/lib/python3.12/site-packages/airflow/example_dags/example_skip_dag.py
[2026-07-01T09:37:16.771+0000] {processor.py:914} INFO - Processing file /home/airflow/.local/lib/python3.12/site-packages/airflow/example_dags/example_skip_dag.py for tasks to queue
[2026-07-01T09:37:16.773+0000] {logging_mixin.py:190} INFO - [2026-07-01T09:37:16.773+0000] {dagbag.py:587} INFO - Filling up the DagBag from /home/airflow/.local/lib/python3.12/site-packages/airflow/example_dags/example_skip_dag.py
[2026-07-01T09:37:16.780+0000] {processor.py:925} INFO - DAG(s) 'example_skip_dag' retrieved from /home/airflow/.local/lib/python3.12/site-packages/airflow/example_dags/example_skip_dag.py
[2026-07-01T09:37:16.796+0000] {logging_mixin.py:190} INFO - [2026-07-01T09:37:16.796+0000] {dag.py:3211} INFO - Sync 1 DAGs
[2026-07-01T09:37:16.937+0000] {logging_mixin.py:190} INFO - [2026-07-01T09:37:16.937+0000] {dag.py:4138} INFO - Setting next_dagrun for example_skip_dag to 2026-06-30 00:00:00+00:00, run_after=2026-07-01 00:00:00+00:00
[2026-07-01T09:37:16.949+0000] {processor.py:208} INFO - Processing /home/airflow/.local/lib/python3.12/site-packages/airflow/example_dags/example_skip_dag.py took 0.184 seconds
[2026-07-01T09:37:47.449+0000] {processor.py:186} INFO - Started process (PID=2985) to work on /home/airflow/.local/lib/python3.12/site-packages/airflow/example_dags/example_skip_dag.py
[2026-07-01T09:37:47.450+0000] {processor.py:914} INFO - Processing file /home/airflow/.local/lib/python3.12/site-packages/airflow/example_dags/example_skip_dag.py for tasks to queue
[2026-07-01T09:37:47.453+0000] {logging_mixin.py:190} INFO - [2026-07-01T09:37:47.452+0000] {dagbag.py:587} INFO - Filling up the DagBag from /home/airflow/.local/lib/python3.12/site-packages/airflow/example_dags/example_skip_dag.py
[2026-07-01T09:37:47.459+0000] {processor.py:925} INFO - DAG(s) 'example_skip_dag' retrieved from /home/airflow/.local/lib/python3.12/site-packages/airflow/example_dags/example_skip_dag.py
[2026-07-01T09:37:47.477+0000] {logging_mixin.py:190} INFO - [2026-07-01T09:37:47.477+0000] {dag.py:3211} INFO - Sync 1 DAGs
[2026-07-01T09:37:47.497+0000] {logging_mixin.py:190} INFO - [2026-07-01T09:37:47.497+0000] {dag.py:4138} INFO - Setting next_dagrun for example_skip_dag to 2026-06-30 00:00:00+00:00, run_after=2026-07-01 00:00:00+00:00
[2026-07-01T09:37:47.667+0000] {processor.py:208} INFO - Processing /home/airflow/.local/lib/python3.12/site-packages/airflow/example_dags/example_skip_dag.py took 0.223 seconds
[2026-07-01T09:38:18.246+0000] {processor.py:186} INFO - Started process (PID=3047) to work on /home/airflow/.local/lib/python3.12/site-packages/airflow/example_dags/example_skip_dag.py
[2026-07-01T09:38:18.247+0000] {processor.py:914} INFO - Processing file /home/airflow/.local/lib/python3.12/site-packages/airflow/example_dags/example_skip_dag.py for tasks to queue
[2026-07-01T09:38:18.249+0000] {logging_mixin.py:190} INFO - [2026-07-01T09:38:18.249+0000] {dagbag.py:587} INFO - Filling up the DagBag from /home/airflow/.local/lib/python3.12/site-packages/airflow/example_dags/example_skip_dag.py
[2026-07-01T09:38:18.255+0000] {processor.py:925} INFO - DAG(s) 'example_skip_dag' retrieved from /home/airflow/.local/lib/python3.12/site-packages/airflow/example_dags/example_skip_dag.py
[2026-07-01T09:38:18.271+0000] {logging_mixin.py:190} INFO - [2026-07-01T09:38:18.270+0000] {dag.py:3211} INFO - Sync 1 DAGs
[2026-07-01T09:38:18.287+0000] {logging_mixin.py:190} INFO - [2026-07-01T09:38:18.286+0000] {dag.py:4138} INFO - Setting next_dagrun for example_skip_dag to 2026-06-30 00:00:00+00:00, run_after=2026-07-01 00:00:00+00:00
[2026-07-01T09:38:18.311+0000] {processor.py:208} INFO - Processing /home/airflow/.local/lib/python3.12/site-packages/airflow/example_dags/example_skip_dag.py took 0.070 seconds
[2026-07-01T09:38:49.296+0000] {processor.py:186} INFO - Started process (PID=3115) to work on /home/airflow/.local/lib/python3.12/site-packages/airflow/example_dags/example_skip_dag.py
[2026-07-01T09:38:49.297+0000] {processor.py:914} INFO - Processing file /home/airflow/.local/lib/python3.12/site-packages/airflow/example_dags/example_skip_dag.py for tasks to queue
[2026-07-01T09:38:49.299+0000] {logging_mixin.py:190} INFO - [2026-07-01T09:38:49.298+0000] {dagbag.py:587} INFO - Filling up the DagBag from /home/airflow/.local/lib/python3.12/site-packages/airflow/example_dags/example_skip_dag.py
[2026-07-01T09:38:49.306+0000] {processor.py:925} INFO - DAG(s) 'example_skip_dag' retrieved from /home/airflow/.local/lib/python3.12/site-packages/airflow/example_dags/example_skip_dag.py
[2026-07-01T09:38:49.321+0000] {logging_mixin.py:190} INFO - [2026-07-01T09:38:49.321+0000] {dag.py:3211} INFO - Sync 1 DAGs
[2026-07-01T09:38:49.337+0000] {logging_mixin.py:190} INFO - [2026-07-01T09:38:49.337+0000] {dag.py:4138} INFO - Setting next_dagrun for example_skip_dag to 2026-06-30 00:00:00+00:00, run_after=2026-07-01 00:00:00+00:00
[2026-07-01T09:38:49.350+0000] {processor.py:208} INFO - Processing /home/airflow/.local/lib/python3.12/site-packages/airflow/example_dags/example_skip_dag.py took 0.059 seconds
[2026-07-01T09:39:20.055+0000] {processor.py:186} INFO - Started process (PID=3177) to work on /home/airflow/.local/lib/python3.12/site-packages/airflow/example_dags/example_skip_dag.py
[2026-07-01T09:39:20.057+0000] {processor.py:914} INFO - Processing file /home/airflow/.local/lib/python3.12/site-packages/airflow/example_dags/example_skip_dag.py for tasks to queue
[2026-07-01T09:39:20.059+0000] {logging_mixin.py:190} INFO - [2026-07-01T09:39:20.058+0000] {dagbag.py:587} INFO - Filling up the DagBag from /home/airflow/.local/lib/python3.12/site-packages/airflow/example_dags/example_skip_dag.py
[2026-07-01T09:39:20.065+0000] {processor.py:925} INFO - DAG(s) 'example_skip_dag' retrieved from /home/airflow/.local/lib/python3.12/site-packages/airflow/example_dags/example_skip_dag.py
[2026-07-01T09:39:20.081+0000] {logging_mixin.py:190} INFO - [2026-07-01T09:39:20.080+0000] {dag.py:3211} INFO - Sync 1 DAGs
[2026-07-01T09:39:20.097+0000] {logging_mixin.py:190} INFO - [2026-07-01T09:39:20.096+0000] {dag.py:4138} INFO - Setting next_dagrun for example_skip_dag to 2026-06-30 00:00:00+00:00, run_after=2026-07-01 00:00:00+00:00
[2026-07-01T09:39:20.109+0000] {processor.py:208} INFO - Processing /home/airflow/.local/lib/python3.12/site-packages/airflow/example_dags/example_skip_dag.py took 0.059 seconds
[2026-07-01T09:39:50.476+0000] {processor.py:186} INFO - Started process (PID=3239) to work on /home/airflow/.local/lib/python3.12/site-packages/airflow/example_dags/example_skip_dag.py
[2026-07-01T09:39:50.477+0000] {processor.py:914} INFO - Processing file /home/airflow/.local/lib/python3.12/site-packages/airflow/example_dags/example_skip_dag.py for tasks to queue
[2026-07-01T09:39:50.480+0000] {logging_mixin.py:190} INFO - [2026-07-01T09:39:50.479+0000] {dagbag.py:587} INFO - Filling up the DagBag from /home/airflow/.local/lib/python3.12/site-packages/airflow/example_dags/example_skip_dag.py
[2026-07-01T09:39:50.486+0000] {processor.py:925} INFO - DAG(s) 'example_skip_dag' retrieved from /home/airflow/.local/lib/python3.12/site-packages/airflow/example_dags/example_skip_dag.py
[2026-07-01T09:39:50.503+0000] {logging_mixin.py:190} INFO - [2026-07-01T09:39:50.503+0000] {dag.py:3211} INFO - Sync 1 DAGs
[2026-07-01T09:39:50.520+0000] {logging_mixin.py:190} INFO - [2026-07-01T09:39:50.520+0000] {dag.py:4138} INFO - Setting next_dagrun for example_skip_dag to 2026-06-30 00:00:00+00:00, run_after=2026-07-01 00:00:00+00:00
[2026-07-01T09:39:50.534+0000] {processor.py:208} INFO - Processing /home/airflow/.local/lib/python3.12/site-packages/airflow/example_dags/example_skip_dag.py took 0.062 seconds
[2026-07-01T09:40:21.826+0000] {processor.py:186} INFO - Started process (PID=3301) to work on /home/airflow/.local/lib/python3.12/site-packages/airflow/example_dags/example_skip_dag.py
[2026-07-01T09:40:21.828+0000] {processor.py:914} INFO - Processing file /home/airflow/.local/lib/python3.12/site-packages/airflow/example_dags/example_skip_dag.py for tasks to queue
[2026-07-01T09:40:21.830+0000] {logging_mixin.py:190} INFO - [2026-07-01T09:40:21.830+0000] {dagbag.py:587} INFO - Filling up the DagBag from /home/airflow/.local/lib/python3.12/site-packages/airflow/example_dags/example_skip_dag.py
[2026-07-01T09:40:21.836+0000] {processor.py:925} INFO - DAG(s) 'example_skip_dag' retrieved from /home/airflow/.local/lib/python3.12/site-packages/airflow/example_dags/example_skip_dag.py
[2026-07-01T09:40:21.853+0000] {logging_mixin.py:190} INFO - [2026-07-01T09:40:21.852+0000] {dag.py:3211} INFO - Sync 1 DAGs
[2026-07-01T09:40:21.867+0000] {logging_mixin.py:190} INFO - [2026-07-01T09:40:21.867+0000] {dag.py:4138} INFO - Setting next_dagrun for example_skip_dag to 2026-06-30 00:00:00+00:00, run_after=2026-07-01 00:00:00+00:00
[2026-07-01T09:40:21.880+0000] {processor.py:208} INFO - Processing /home/airflow/.local/lib/python3.12/site-packages/airflow/example_dags/example_skip_dag.py took 0.059 seconds
[2026-07-01T09:40:52.055+0000] {processor.py:186} INFO - Started process (PID=3363) to work on /home/airflow/.local/lib/python3.12/site-packages/airflow/example_dags/example_skip_dag.py
[2026-07-01T09:40:52.056+0000] {processor.py:914} INFO - Processing file /home/airflow/.local/lib/python3.12/site-packages/airflow/example_dags/example_skip_dag.py for tasks to queue
[2026-07-01T09:40:52.058+0000] {logging_mixin.py:190} INFO - [2026-07-01T09:40:52.058+0000] {dagbag.py:587} INFO - Filling up the DagBag from /home/airflow/.local/lib/python3.12/site-packages/airflow/example_dags/example_skip_dag.py
[2026-07-01T09:40:52.064+0000] {processor.py:925} INFO - DAG(s) 'example_skip_dag' retrieved from /home/airflow/.local/lib/python3.12/site-packages/airflow/example_dags/example_skip_dag.py
[2026-07-01T09:40:52.080+0000] {logging_mixin.py:190} INFO - [2026-07-01T09:40:52.080+0000] {dag.py:3211} INFO - Sync 1 DAGs
[2026-07-01T09:40:52.095+0000] {logging_mixin.py:190} INFO - [2026-07-01T09:40:52.095+0000] {dag.py:4138} INFO - Setting next_dagrun for example_skip_dag to 2026-06-30 00:00:00+00:00, run_after=2026-07-01 00:00:00+00:00
[2026-07-01T09:40:52.108+0000] {processor.py:208} INFO - Processing /home/airflow/.local/lib/python3.12/site-packages/airflow/example_dags/example_skip_dag.py took 0.057 seconds
[2026-07-01T09:41:22.567+0000] {processor.py:186} INFO - Started process (PID=3425) to work on /home/airflow/.local/lib/python3.12/site-packages/airflow/example_dags/example_skip_dag.py
[2026-07-01T09:41:22.568+0000] {processor.py:914} INFO - Processing file /home/airflow/.local/lib/python3.12/site-packages/airflow/example_dags/example_skip_dag.py for tasks to queue
[2026-07-01T09:41:22.570+0000] {logging_mixin.py:190} INFO - [2026-07-01T09:41:22.570+0000] {dagbag.py:587} INFO - Filling up the DagBag from /home/airflow/.local/lib/python3.12/site-packages/airflow/example_dags/example_skip_dag.py
[2026-07-01T09:41:22.577+0000] {processor.py:925} INFO - DAG(s) 'example_skip_dag' retrieved from /home/airflow/.local/lib/python3.12/site-packages/airflow/example_dags/example_skip_dag.py
[2026-07-01T09:41:22.594+0000] {logging_mixin.py:190} INFO - [2026-07-01T09:41:22.594+0000] {dag.py:3211} INFO - Sync 1 DAGs
[2026-07-01T09:41:22.611+0000] {logging_mixin.py:190} INFO - [2026-07-01T09:41:22.611+0000] {dag.py:4138} INFO - Setting next_dagrun for example_skip_dag to 2026-06-30 00:00:00+00:00, run_after=2026-07-01 00:00:00+00:00
[2026-07-01T09:41:22.624+0000] {processor.py:208} INFO - Processing /home/airflow/.local/lib/python3.12/site-packages/airflow/example_dags/example_skip_dag.py took 0.061 seconds
[2026-07-01T09:41:52.840+0000] {processor.py:186} INFO - Started process (PID=3487) to work on /home/airflow/.local/lib/python3.12/site-packages/airflow/example_dags/example_skip_dag.py
[2026-07-01T09:41:52.841+0000] {processor.py:914} INFO - Processing file /home/airflow/.local/lib/python3.12/site-packages/airflow/example_dags/example_skip_dag.py for tasks to queue
[2026-07-01T09:41:52.844+0000] {logging_mixin.py:190} INFO - [2026-07-01T09:41:52.844+0000] {dagbag.py:587} INFO - Filling up the DagBag from /home/airflow/.local/lib/python3.12/site-packages/airflow/example_dags/example_skip_dag.py
[2026-07-01T09:41:52.851+0000] {processor.py:925} INFO - DAG(s) 'example_skip_dag' retrieved from /home/airflow/.local/lib/python3.12/site-packages/airflow/example_dags/example_skip_dag.py
[2026-07-01T09:41:52.867+0000] {logging_mixin.py:190} INFO - [2026-07-01T09:41:52.867+0000] {dag.py:3211} INFO - Sync 1 DAGs
[2026-07-01T09:41:52.884+0000] {logging_mixin.py:190} INFO - [2026-07-01T09:41:52.884+0000] {dag.py:4138} INFO - Setting next_dagrun for example_skip_dag to 2026-06-30 00:00:00+00:00, run_after=2026-07-01 00:00:00+00:00
[2026-07-01T09:41:52.897+0000] {processor.py:208} INFO - Processing /home/airflow/.local/lib/python3.12/site-packages/airflow/example_dags/example_skip_dag.py took 0.062 seconds
[2026-07-01T09:42:22.997+0000] {processor.py:186} INFO - Started process (PID=3549) to work on /home/airflow/.local/lib/python3.12/site-packages/airflow/example_dags/example_skip_dag.py
[2026-07-01T09:42:22.998+0000] {processor.py:914} INFO - Processing file /home/airflow/.local/lib/python3.12/site-packages/airflow/example_dags/example_skip_dag.py for tasks to queue
[2026-07-01T09:42:23.000+0000] {logging_mixin.py:190} INFO - [2026-07-01T09:42:23.000+0000] {dagbag.py:587} INFO - Filling up the DagBag from /home/airflow/.local/lib/python3.12/site-packages/airflow/example_dags/example_skip_dag.py
[2026-07-01T09:42:23.006+0000] {processor.py:925} INFO - DAG(s) 'example_skip_dag' retrieved from /home/airflow/.local/lib/python3.12/site-packages/airflow/example_dags/example_skip_dag.py
[2026-07-01T09:42:23.020+0000] {logging_mixin.py:190} INFO - [2026-07-01T09:42:23.020+0000] {dag.py:3211} INFO - Sync 1 DAGs
[2026-07-01T09:42:23.036+0000] {logging_mixin.py:190} INFO - [2026-07-01T09:42:23.035+0000] {dag.py:4138} INFO - Setting next_dagrun for example_skip_dag to 2026-06-30 00:00:00+00:00, run_after=2026-07-01 00:00:00+00:00
[2026-07-01T09:42:23.047+0000] {processor.py:208} INFO - Processing /home/airflow/.local/lib/python3.12/site-packages/airflow/example_dags/example_skip_dag.py took 0.054 seconds
[2026-07-01T09:42:53.216+0000] {processor.py:186} INFO - Started process (PID=3610) to work on /home/airflow/.local/lib/python3.12/site-packages/airflow/example_dags/example_skip_dag.py
[2026-07-01T09:42:53.217+0000] {processor.py:914} INFO - Processing file /home/airflow/.local/lib/python3.12/site-packages/airflow/example_dags/example_skip_dag.py for tasks to queue
[2026-07-01T09:42:53.219+0000] {logging_mixin.py:190} INFO - [2026-07-01T09:42:53.219+0000] {dagbag.py:587} INFO - Filling up the DagBag from /home/airflow/.local/lib/python3.12/site-packages/airflow/example_dags/example_skip_dag.py
[2026-07-01T09:42:53.225+0000] {processor.py:925} INFO - DAG(s) 'example_skip_dag' retrieved from /home/airflow/.local/lib/python3.12/site-packages/airflow/example_dags/example_skip_dag.py
[2026-07-01T09:42:53.241+0000] {logging_mixin.py:190} INFO - [2026-07-01T09:42:53.241+0000] {dag.py:3211} INFO - Sync 1 DAGs
[2026-07-01T09:42:53.258+0000] {logging_mixin.py:190} INFO - [2026-07-01T09:42:53.258+0000] {dag.py:4138} INFO - Setting next_dagrun for example_skip_dag to 2026-06-30 00:00:00+00:00, run_after=2026-07-01 00:00:00+00:00
[2026-07-01T09:42:53.272+0000] {processor.py:208} INFO - Processing /home/airflow/.local/lib/python3.12/site-packages/airflow/example_dags/example_skip_dag.py took 0.060 seconds
[2026-07-01T09:43:23.690+0000] {processor.py:186} INFO - Started process (PID=3672) to work on /home/airflow/.local/lib/python3.12/site-packages/airflow/example_dags/example_skip_dag.py
[2026-07-01T09:43:23.692+0000] {processor.py:914} INFO - Processing file /home/airflow/.local/lib/python3.12/site-packages/airflow/example_dags/example_skip_dag.py for tasks to queue
[2026-07-01T09:43:23.694+0000] {logging_mixin.py:190} INFO - [2026-07-01T09:43:23.693+0000] {dagbag.py:587} INFO - Filling up the DagBag from /home/airflow/.local/lib/python3.12/site-packages/airflow/example_dags/example_skip_dag.py
[2026-07-01T09:43:23.700+0000] {processor.py:925} INFO - DAG(s) 'example_skip_dag' retrieved from /home/airflow/.local/lib/python3.12/site-packages/airflow/example_dags/example_skip_dag.py
[2026-07-01T09:43:23.716+0000] {logging_mixin.py:190} INFO - [2026-07-01T09:43:23.716+0000] {dag.py:3211} INFO - Sync 1 DAGs
[2026-07-01T09:43:23.732+0000] {logging_mixin.py:190} INFO - [2026-07-01T09:43:23.731+0000] {dag.py:4138} INFO - Setting next_dagrun for example_skip_dag to 2026-06-30 00:00:00+00:00, run_after=2026-07-01 00:00:00+00:00
[2026-07-01T09:43:23.744+0000] {processor.py:208} INFO - Processing /home/airflow/.local/lib/python3.12/site-packages/airflow/example_dags/example_skip_dag.py took 0.058 seconds
[2026-07-01T09:43:53.895+0000] {processor.py:186} INFO - Started process (PID=3734) to work on /home/airflow/.local/lib/python3.12/site-packages/airflow/example_dags/example_skip_dag.py
[2026-07-01T09:43:53.895+0000] {processor.py:914} INFO - Processing file /home/airflow/.local/lib/python3.12/site-packages/airflow/example_dags/example_skip_dag.py for tasks to queue
[2026-07-01T09:43:53.897+0000] {logging_mixin.py:190} INFO - [2026-07-01T09:43:53.897+0000] {dagbag.py:587} INFO - Filling up the DagBag from /home/airflow/.local/lib/python3.12/site-packages/airflow/example_dags/example_skip_dag.py
[2026-07-01T09:43:53.903+0000] {processor.py:925} INFO - DAG(s) 'example_skip_dag' retrieved from /home/airflow/.local/lib/python3.12/site-packages/airflow/example_dags/example_skip_dag.py
[2026-07-01T09:43:53.918+0000] {logging_mixin.py:190} INFO - [2026-07-01T09:43:53.918+0000] {dag.py:3211} INFO - Sync 1 DAGs
[2026-07-01T09:43:53.933+0000] {logging_mixin.py:190} INFO - [2026-07-01T09:43:53.933+0000] {dag.py:4138} INFO - Setting next_dagrun for example_skip_dag to 2026-06-30 00:00:00+00:00, run_after=2026-07-01 00:00:00+00:00
[2026-07-01T09:43:53.945+0000] {processor.py:208} INFO - Processing /home/airflow/.local/lib/python3.12/site-packages/airflow/example_dags/example_skip_dag.py took 0.055 seconds
[2026-07-01T09:44:24.468+0000] {processor.py:186} INFO - Started process (PID=3796) to work on /home/airflow/.local/lib/python3.12/site-packages/airflow/example_dags/example_skip_dag.py
[2026-07-01T09:44:24.469+0000] {processor.py:914} INFO - Processing file /home/airflow/.local/lib/python3.12/site-packages/airflow/example_dags/example_skip_dag.py for tasks to queue
[2026-07-01T09:44:24.472+0000] {logging_mixin.py:190} INFO - [2026-07-01T09:44:24.471+0000] {dagbag.py:587} INFO - Filling up the DagBag from /home/airflow/.local/lib/python3.12/site-packages/airflow/example_dags/example_skip_dag.py
[2026-07-01T09:44:24.478+0000] {processor.py:925} INFO - DAG(s) 'example_skip_dag' retrieved from /home/airflow/.local/lib/python3.12/site-packages/airflow/example_dags/example_skip_dag.py
[2026-07-01T09:44:24.496+0000] {logging_mixin.py:190} INFO - [2026-07-01T09:44:24.495+0000] {dag.py:3211} INFO - Sync 1 DAGs
[2026-07-01T09:44:24.511+0000] {logging_mixin.py:190} INFO - [2026-07-01T09:44:24.511+0000] {dag.py:4138} INFO - Setting next_dagrun for example_skip_dag to 2026-06-30 00:00:00+00:00, run_after=2026-07-01 00:00:00+00:00
[2026-07-01T09:44:24.522+0000] {processor.py:208} INFO - Processing /home/airflow/.local/lib/python3.12/site-packages/airflow/example_dags/example_skip_dag.py took 0.061 seconds
[2026-07-01T09:44:54.648+0000] {processor.py:186} INFO - Started process (PID=3858) to work on /home/airflow/.local/lib/python3.12/site-packages/airflow/example_dags/example_skip_dag.py
[2026-07-01T09:44:54.650+0000] {processor.py:914} INFO - Processing file /home/airflow/.local/lib/python3.12/site-packages/airflow/example_dags/example_skip_dag.py for tasks to queue
[2026-07-01T09:44:54.652+0000] {logging_mixin.py:190} INFO - [2026-07-01T09:44:54.651+0000] {dagbag.py:587} INFO - Filling up the DagBag from /home/airflow/.local/lib/python3.12/site-packages/airflow/example_dags/example_skip_dag.py
[2026-07-01T09:44:54.657+0000] {processor.py:925} INFO - DAG(s) 'example_skip_dag' retrieved from /home/airflow/.local/lib/python3.12/site-packages/airflow/example_dags/example_skip_dag.py
[2026-07-01T09:44:54.671+0000] {logging_mixin.py:190} INFO - [2026-07-01T09:44:54.671+0000] {dag.py:3211} INFO - Sync 1 DAGs
[2026-07-01T09:44:54.687+0000] {logging_mixin.py:190} INFO - [2026-07-01T09:44:54.687+0000] {dag.py:4138} INFO - Setting next_dagrun for example_skip_dag to 2026-06-30 00:00:00+00:00, run_after=2026-07-01 00:00:00+00:00
[2026-07-01T09:44:54.699+0000] {processor.py:208} INFO - Processing /home/airflow/.local/lib/python3.12/site-packages/airflow/example_dags/example_skip_dag.py took 0.056 seconds
[2026-07-01T09:45:25.180+0000] {processor.py:186} INFO - Started process (PID=3920) to work on /home/airflow/.local/lib/python3.12/site-packages/airflow/example_dags/example_skip_dag.py
[2026-07-01T09:45:25.181+0000] {processor.py:914} INFO - Processing file /home/airflow/.local/lib/python3.12/site-packages/airflow/example_dags/example_skip_dag.py for tasks to queue
[2026-07-01T09:45:25.184+0000] {logging_mixin.py:190} INFO - [2026-07-01T09:45:25.184+0000] {dagbag.py:587} INFO - Filling up the DagBag from /home/airflow/.local/lib/python3.12/site-packages/airflow/example_dags/example_skip_dag.py
[2026-07-01T09:45:25.192+0000] {processor.py:925} INFO - DAG(s) 'example_skip_dag' retrieved from /home/airflow/.local/lib/python3.12/site-packages/airflow/example_dags/example_skip_dag.py
[2026-07-01T09:45:25.213+0000] {logging_mixin.py:190} INFO - [2026-07-01T09:45:25.213+0000] {dag.py:3211} INFO - Sync 1 DAGs
[2026-07-01T09:45:25.233+0000] {logging_mixin.py:190} INFO - [2026-07-01T09:45:25.232+0000] {dag.py:4138} INFO - Setting next_dagrun for example_skip_dag to 2026-06-30 00:00:00+00:00, run_after=2026-07-01 00:00:00+00:00
[2026-07-01T09:45:25.247+0000] {processor.py:208} INFO - Processing /home/airflow/.local/lib/python3.12/site-packages/airflow/example_dags/example_skip_dag.py took 0.072 seconds
