[2026-07-01T09:09:39.700+0000] {processor.py:186} INFO - Started process (PID=76) to work on /home/airflow/.local/lib/python3.12/site-packages/airflow/example_dags/example_latest_only_with_trigger.py
[2026-07-01T09:09:39.702+0000] {processor.py:914} INFO - Processing file /home/airflow/.local/lib/python3.12/site-packages/airflow/example_dags/example_latest_only_with_trigger.py for tasks to queue
[2026-07-01T09:09:39.705+0000] {logging_mixin.py:190} INFO - [2026-07-01T09:09:39.705+0000] {dagbag.py:587} INFO - Filling up the DagBag from /home/airflow/.local/lib/python3.12/site-packages/airflow/example_dags/example_latest_only_with_trigger.py
[2026-07-01T09:09:39.713+0000] {processor.py:925} INFO - DAG(s) 'latest_only_with_trigger' retrieved from /home/airflow/.local/lib/python3.12/site-packages/airflow/example_dags/example_latest_only_with_trigger.py
[2026-07-01T09:09:39.794+0000] {logging_mixin.py:190} INFO - [2026-07-01T09:09:39.793+0000] {override.py:1858} INFO - Created Permission View: can read on DAG:latest_only_with_trigger
[2026-07-01T09:09:39.803+0000] {logging_mixin.py:190} INFO - [2026-07-01T09:09:39.803+0000] {override.py:1858} INFO - Created Permission View: can delete on DAG:latest_only_with_trigger
[2026-07-01T09:09:39.808+0000] {logging_mixin.py:190} INFO - [2026-07-01T09:09:39.808+0000] {override.py:1858} INFO - Created Permission View: can edit on DAG:latest_only_with_trigger
[2026-07-01T09:09:39.809+0000] {logging_mixin.py:190} INFO - [2026-07-01T09:09:39.809+0000] {dag.py:3211} INFO - Sync 1 DAGs
[2026-07-01T09:09:39.821+0000] {logging_mixin.py:190} INFO - [2026-07-01T09:09:39.821+0000] {dag.py:3234} INFO - Creating ORM DAG for latest_only_with_trigger
[2026-07-01T09:09:39.830+0000] {logging_mixin.py:190} INFO - [2026-07-01T09:09:39.830+0000] {dag.py:4138} INFO - Setting next_dagrun for latest_only_with_trigger to 2026-07-01 04:00:00+00:00, run_after=2026-07-01 08:00:00+00:00
[2026-07-01T09:09:39.844+0000] {processor.py:208} INFO - Processing /home/airflow/.local/lib/python3.12/site-packages/airflow/example_dags/example_latest_only_with_trigger.py took 0.149 seconds
[2026-07-01T09:10:10.656+0000] {processor.py:186} INFO - Started process (PID=138) to work on /home/airflow/.local/lib/python3.12/site-packages/airflow/example_dags/example_latest_only_with_trigger.py
[2026-07-01T09:10:10.657+0000] {processor.py:914} INFO - Processing file /home/airflow/.local/lib/python3.12/site-packages/airflow/example_dags/example_latest_only_with_trigger.py for tasks to queue
[2026-07-01T09:10:10.659+0000] {logging_mixin.py:190} INFO - [2026-07-01T09:10:10.659+0000] {dagbag.py:587} INFO - Filling up the DagBag from /home/airflow/.local/lib/python3.12/site-packages/airflow/example_dags/example_latest_only_with_trigger.py
[2026-07-01T09:10:10.666+0000] {processor.py:925} INFO - DAG(s) 'latest_only_with_trigger' retrieved from /home/airflow/.local/lib/python3.12/site-packages/airflow/example_dags/example_latest_only_with_trigger.py
[2026-07-01T09:10:10.688+0000] {logging_mixin.py:190} INFO - [2026-07-01T09:10:10.688+0000] {dag.py:3211} INFO - Sync 1 DAGs
[2026-07-01T09:10:10.706+0000] {logging_mixin.py:190} INFO - [2026-07-01T09:10:10.706+0000] {dag.py:4138} INFO - Setting next_dagrun for latest_only_with_trigger to 2026-07-01 04:00:00+00:00, run_after=2026-07-01 08:00:00+00:00
[2026-07-01T09:10:10.722+0000] {processor.py:208} INFO - Processing /home/airflow/.local/lib/python3.12/site-packages/airflow/example_dags/example_latest_only_with_trigger.py took 0.072 seconds
[2026-07-01T09:10:41.038+0000] {processor.py:186} INFO - Started process (PID=206) to work on /home/airflow/.local/lib/python3.12/site-packages/airflow/example_dags/example_latest_only_with_trigger.py
[2026-07-01T09:10:41.039+0000] {processor.py:914} INFO - Processing file /home/airflow/.local/lib/python3.12/site-packages/airflow/example_dags/example_latest_only_with_trigger.py for tasks to queue
[2026-07-01T09:10:41.041+0000] {logging_mixin.py:190} INFO - [2026-07-01T09:10:41.041+0000] {dagbag.py:587} INFO - Filling up the DagBag from /home/airflow/.local/lib/python3.12/site-packages/airflow/example_dags/example_latest_only_with_trigger.py
[2026-07-01T09:10:41.046+0000] {processor.py:925} INFO - DAG(s) 'latest_only_with_trigger' retrieved from /home/airflow/.local/lib/python3.12/site-packages/airflow/example_dags/example_latest_only_with_trigger.py
[2026-07-01T09:10:41.060+0000] {logging_mixin.py:190} INFO - [2026-07-01T09:10:41.060+0000] {dag.py:3211} INFO - Sync 1 DAGs
[2026-07-01T09:10:41.074+0000] {logging_mixin.py:190} INFO - [2026-07-01T09:10:41.074+0000] {dag.py:4138} INFO - Setting next_dagrun for latest_only_with_trigger to 2026-07-01 04:00:00+00:00, run_after=2026-07-01 08:00:00+00:00
[2026-07-01T09:10:41.086+0000] {processor.py:208} INFO - Processing /home/airflow/.local/lib/python3.12/site-packages/airflow/example_dags/example_latest_only_with_trigger.py took 0.052 seconds
[2026-07-01T09:11:11.352+0000] {processor.py:186} INFO - Started process (PID=268) to work on /home/airflow/.local/lib/python3.12/site-packages/airflow/example_dags/example_latest_only_with_trigger.py
[2026-07-01T09:11:11.353+0000] {processor.py:914} INFO - Processing file /home/airflow/.local/lib/python3.12/site-packages/airflow/example_dags/example_latest_only_with_trigger.py for tasks to queue
[2026-07-01T09:11:11.356+0000] {logging_mixin.py:190} INFO - [2026-07-01T09:11:11.355+0000] {dagbag.py:587} INFO - Filling up the DagBag from /home/airflow/.local/lib/python3.12/site-packages/airflow/example_dags/example_latest_only_with_trigger.py
[2026-07-01T09:11:11.361+0000] {processor.py:925} INFO - DAG(s) 'latest_only_with_trigger' retrieved from /home/airflow/.local/lib/python3.12/site-packages/airflow/example_dags/example_latest_only_with_trigger.py
[2026-07-01T09:11:11.376+0000] {logging_mixin.py:190} INFO - [2026-07-01T09:11:11.376+0000] {dag.py:3211} INFO - Sync 1 DAGs
[2026-07-01T09:11:11.392+0000] {logging_mixin.py:190} INFO - [2026-07-01T09:11:11.392+0000] {dag.py:4138} INFO - Setting next_dagrun for latest_only_with_trigger to 2026-07-01 04:00:00+00:00, run_after=2026-07-01 08:00:00+00:00
[2026-07-01T09:11:11.405+0000] {processor.py:208} INFO - Processing /home/airflow/.local/lib/python3.12/site-packages/airflow/example_dags/example_latest_only_with_trigger.py took 0.057 seconds
[2026-07-01T09:11:41.692+0000] {processor.py:186} INFO - Started process (PID=330) to work on /home/airflow/.local/lib/python3.12/site-packages/airflow/example_dags/example_latest_only_with_trigger.py
[2026-07-01T09:11:41.694+0000] {processor.py:914} INFO - Processing file /home/airflow/.local/lib/python3.12/site-packages/airflow/example_dags/example_latest_only_with_trigger.py for tasks to queue
[2026-07-01T09:11:41.697+0000] {logging_mixin.py:190} INFO - [2026-07-01T09:11:41.697+0000] {dagbag.py:587} INFO - Filling up the DagBag from /home/airflow/.local/lib/python3.12/site-packages/airflow/example_dags/example_latest_only_with_trigger.py
[2026-07-01T09:11:41.705+0000] {processor.py:925} INFO - DAG(s) 'latest_only_with_trigger' retrieved from /home/airflow/.local/lib/python3.12/site-packages/airflow/example_dags/example_latest_only_with_trigger.py
[2026-07-01T09:11:41.726+0000] {logging_mixin.py:190} INFO - [2026-07-01T09:11:41.726+0000] {dag.py:3211} INFO - Sync 1 DAGs
[2026-07-01T09:11:41.749+0000] {logging_mixin.py:190} INFO - [2026-07-01T09:11:41.749+0000] {dag.py:4138} INFO - Setting next_dagrun for latest_only_with_trigger to 2026-07-01 04:00:00+00:00, run_after=2026-07-01 08:00:00+00:00
[2026-07-01T09:11:41.774+0000] {processor.py:208} INFO - Processing /home/airflow/.local/lib/python3.12/site-packages/airflow/example_dags/example_latest_only_with_trigger.py took 0.087 seconds
[2026-07-01T09:12:11.922+0000] {processor.py:186} INFO - Started process (PID=392) to work on /home/airflow/.local/lib/python3.12/site-packages/airflow/example_dags/example_latest_only_with_trigger.py
[2026-07-01T09:12:11.923+0000] {processor.py:914} INFO - Processing file /home/airflow/.local/lib/python3.12/site-packages/airflow/example_dags/example_latest_only_with_trigger.py for tasks to queue
[2026-07-01T09:12:11.925+0000] {logging_mixin.py:190} INFO - [2026-07-01T09:12:11.925+0000] {dagbag.py:587} INFO - Filling up the DagBag from /home/airflow/.local/lib/python3.12/site-packages/airflow/example_dags/example_latest_only_with_trigger.py
[2026-07-01T09:12:11.930+0000] {processor.py:925} INFO - DAG(s) 'latest_only_with_trigger' retrieved from /home/airflow/.local/lib/python3.12/site-packages/airflow/example_dags/example_latest_only_with_trigger.py
[2026-07-01T09:12:11.945+0000] {logging_mixin.py:190} INFO - [2026-07-01T09:12:11.945+0000] {dag.py:3211} INFO - Sync 1 DAGs
[2026-07-01T09:12:11.959+0000] {logging_mixin.py:190} INFO - [2026-07-01T09:12:11.958+0000] {dag.py:4138} INFO - Setting next_dagrun for latest_only_with_trigger to 2026-07-01 04:00:00+00:00, run_after=2026-07-01 08:00:00+00:00
[2026-07-01T09:12:11.971+0000] {processor.py:208} INFO - Processing /home/airflow/.local/lib/python3.12/site-packages/airflow/example_dags/example_latest_only_with_trigger.py took 0.053 seconds
[2026-07-01T09:12:42.515+0000] {processor.py:186} INFO - Started process (PID=454) to work on /home/airflow/.local/lib/python3.12/site-packages/airflow/example_dags/example_latest_only_with_trigger.py
[2026-07-01T09:12:42.517+0000] {processor.py:914} INFO - Processing file /home/airflow/.local/lib/python3.12/site-packages/airflow/example_dags/example_latest_only_with_trigger.py for tasks to queue
[2026-07-01T09:12:42.519+0000] {logging_mixin.py:190} INFO - [2026-07-01T09:12:42.519+0000] {dagbag.py:587} INFO - Filling up the DagBag from /home/airflow/.local/lib/python3.12/site-packages/airflow/example_dags/example_latest_only_with_trigger.py
[2026-07-01T09:12:42.525+0000] {processor.py:925} INFO - DAG(s) 'latest_only_with_trigger' retrieved from /home/airflow/.local/lib/python3.12/site-packages/airflow/example_dags/example_latest_only_with_trigger.py
[2026-07-01T09:12:42.543+0000] {logging_mixin.py:190} INFO - [2026-07-01T09:12:42.543+0000] {dag.py:3211} INFO - Sync 1 DAGs
[2026-07-01T09:12:42.564+0000] {logging_mixin.py:190} INFO - [2026-07-01T09:12:42.564+0000] {dag.py:4138} INFO - Setting next_dagrun for latest_only_with_trigger to 2026-07-01 04:00:00+00:00, run_after=2026-07-01 08:00:00+00:00
[2026-07-01T09:12:42.579+0000] {processor.py:208} INFO - Processing /home/airflow/.local/lib/python3.12/site-packages/airflow/example_dags/example_latest_only_with_trigger.py took 0.070 seconds
[2026-07-01T09:13:13.050+0000] {processor.py:186} INFO - Started process (PID=516) to work on /home/airflow/.local/lib/python3.12/site-packages/airflow/example_dags/example_latest_only_with_trigger.py
[2026-07-01T09:13:13.052+0000] {processor.py:914} INFO - Processing file /home/airflow/.local/lib/python3.12/site-packages/airflow/example_dags/example_latest_only_with_trigger.py for tasks to queue
[2026-07-01T09:13:13.055+0000] {logging_mixin.py:190} INFO - [2026-07-01T09:13:13.054+0000] {dagbag.py:587} INFO - Filling up the DagBag from /home/airflow/.local/lib/python3.12/site-packages/airflow/example_dags/example_latest_only_with_trigger.py
[2026-07-01T09:13:13.064+0000] {processor.py:925} INFO - DAG(s) 'latest_only_with_trigger' retrieved from /home/airflow/.local/lib/python3.12/site-packages/airflow/example_dags/example_latest_only_with_trigger.py
[2026-07-01T09:13:13.083+0000] {logging_mixin.py:190} INFO - [2026-07-01T09:13:13.082+0000] {dag.py:3211} INFO - Sync 1 DAGs
[2026-07-01T09:13:13.101+0000] {logging_mixin.py:190} INFO - [2026-07-01T09:13:13.101+0000] {dag.py:4138} INFO - Setting next_dagrun for latest_only_with_trigger to 2026-07-01 04:00:00+00:00, run_after=2026-07-01 08:00:00+00:00
[2026-07-01T09:13:13.115+0000] {processor.py:208} INFO - Processing /home/airflow/.local/lib/python3.12/site-packages/airflow/example_dags/example_latest_only_with_trigger.py took 0.071 seconds
[2026-07-01T09:13:43.967+0000] {processor.py:186} INFO - Started process (PID=578) to work on /home/airflow/.local/lib/python3.12/site-packages/airflow/example_dags/example_latest_only_with_trigger.py
[2026-07-01T09:13:43.969+0000] {processor.py:914} INFO - Processing file /home/airflow/.local/lib/python3.12/site-packages/airflow/example_dags/example_latest_only_with_trigger.py for tasks to queue
[2026-07-01T09:13:43.972+0000] {logging_mixin.py:190} INFO - [2026-07-01T09:13:43.971+0000] {dagbag.py:587} INFO - Filling up the DagBag from /home/airflow/.local/lib/python3.12/site-packages/airflow/example_dags/example_latest_only_with_trigger.py
[2026-07-01T09:13:43.978+0000] {processor.py:925} INFO - DAG(s) 'latest_only_with_trigger' retrieved from /home/airflow/.local/lib/python3.12/site-packages/airflow/example_dags/example_latest_only_with_trigger.py
[2026-07-01T09:13:43.993+0000] {logging_mixin.py:190} INFO - [2026-07-01T09:13:43.993+0000] {dag.py:3211} INFO - Sync 1 DAGs
[2026-07-01T09:13:44.008+0000] {logging_mixin.py:190} INFO - [2026-07-01T09:13:44.008+0000] {dag.py:4138} INFO - Setting next_dagrun for latest_only_with_trigger to 2026-07-01 04:00:00+00:00, run_after=2026-07-01 08:00:00+00:00
[2026-07-01T09:13:44.020+0000] {processor.py:208} INFO - Processing /home/airflow/.local/lib/python3.12/site-packages/airflow/example_dags/example_latest_only_with_trigger.py took 0.057 seconds
[2026-07-01T09:14:15.135+0000] {processor.py:186} INFO - Started process (PID=640) to work on /home/airflow/.local/lib/python3.12/site-packages/airflow/example_dags/example_latest_only_with_trigger.py
[2026-07-01T09:14:15.136+0000] {processor.py:914} INFO - Processing file /home/airflow/.local/lib/python3.12/site-packages/airflow/example_dags/example_latest_only_with_trigger.py for tasks to queue
[2026-07-01T09:14:15.139+0000] {logging_mixin.py:190} INFO - [2026-07-01T09:14:15.138+0000] {dagbag.py:587} INFO - Filling up the DagBag from /home/airflow/.local/lib/python3.12/site-packages/airflow/example_dags/example_latest_only_with_trigger.py
[2026-07-01T09:14:15.146+0000] {processor.py:925} INFO - DAG(s) 'latest_only_with_trigger' retrieved from /home/airflow/.local/lib/python3.12/site-packages/airflow/example_dags/example_latest_only_with_trigger.py
[2026-07-01T09:14:15.164+0000] {logging_mixin.py:190} INFO - [2026-07-01T09:14:15.164+0000] {dag.py:3211} INFO - Sync 1 DAGs
[2026-07-01T09:14:15.180+0000] {logging_mixin.py:190} INFO - [2026-07-01T09:14:15.180+0000] {dag.py:4138} INFO - Setting next_dagrun for latest_only_with_trigger to 2026-07-01 04:00:00+00:00, run_after=2026-07-01 08:00:00+00:00
[2026-07-01T09:14:15.194+0000] {processor.py:208} INFO - Processing /home/airflow/.local/lib/python3.12/site-packages/airflow/example_dags/example_latest_only_with_trigger.py took 0.063 seconds
[2026-07-01T09:14:45.343+0000] {processor.py:186} INFO - Started process (PID=702) to work on /home/airflow/.local/lib/python3.12/site-packages/airflow/example_dags/example_latest_only_with_trigger.py
[2026-07-01T09:14:45.344+0000] {processor.py:914} INFO - Processing file /home/airflow/.local/lib/python3.12/site-packages/airflow/example_dags/example_latest_only_with_trigger.py for tasks to queue
[2026-07-01T09:14:45.346+0000] {logging_mixin.py:190} INFO - [2026-07-01T09:14:45.346+0000] {dagbag.py:587} INFO - Filling up the DagBag from /home/airflow/.local/lib/python3.12/site-packages/airflow/example_dags/example_latest_only_with_trigger.py
[2026-07-01T09:14:45.351+0000] {processor.py:925} INFO - DAG(s) 'latest_only_with_trigger' retrieved from /home/airflow/.local/lib/python3.12/site-packages/airflow/example_dags/example_latest_only_with_trigger.py
[2026-07-01T09:14:45.365+0000] {logging_mixin.py:190} INFO - [2026-07-01T09:14:45.364+0000] {dag.py:3211} INFO - Sync 1 DAGs
[2026-07-01T09:14:45.379+0000] {logging_mixin.py:190} INFO - [2026-07-01T09:14:45.379+0000] {dag.py:4138} INFO - Setting next_dagrun for latest_only_with_trigger to 2026-07-01 04:00:00+00:00, run_after=2026-07-01 08:00:00+00:00
[2026-07-01T09:14:45.391+0000] {processor.py:208} INFO - Processing /home/airflow/.local/lib/python3.12/site-packages/airflow/example_dags/example_latest_only_with_trigger.py took 0.052 seconds
[2026-07-01T09:15:16.278+0000] {processor.py:186} INFO - Started process (PID=764) to work on /home/airflow/.local/lib/python3.12/site-packages/airflow/example_dags/example_latest_only_with_trigger.py
[2026-07-01T09:15:16.279+0000] {processor.py:914} INFO - Processing file /home/airflow/.local/lib/python3.12/site-packages/airflow/example_dags/example_latest_only_with_trigger.py for tasks to queue
[2026-07-01T09:15:16.281+0000] {logging_mixin.py:190} INFO - [2026-07-01T09:15:16.281+0000] {dagbag.py:587} INFO - Filling up the DagBag from /home/airflow/.local/lib/python3.12/site-packages/airflow/example_dags/example_latest_only_with_trigger.py
[2026-07-01T09:15:16.290+0000] {processor.py:925} INFO - DAG(s) 'latest_only_with_trigger' retrieved from /home/airflow/.local/lib/python3.12/site-packages/airflow/example_dags/example_latest_only_with_trigger.py
[2026-07-01T09:15:16.309+0000] {logging_mixin.py:190} INFO - [2026-07-01T09:15:16.309+0000] {dag.py:3211} INFO - Sync 1 DAGs
[2026-07-01T09:15:16.330+0000] {logging_mixin.py:190} INFO - [2026-07-01T09:15:16.329+0000] {dag.py:4138} INFO - Setting next_dagrun for latest_only_with_trigger to 2026-07-01 04:00:00+00:00, run_after=2026-07-01 08:00:00+00:00
[2026-07-01T09:15:16.346+0000] {processor.py:208} INFO - Processing /home/airflow/.local/lib/python3.12/site-packages/airflow/example_dags/example_latest_only_with_trigger.py took 0.076 seconds
[2026-07-01T09:15:47.133+0000] {processor.py:186} INFO - Started process (PID=826) to work on /home/airflow/.local/lib/python3.12/site-packages/airflow/example_dags/example_latest_only_with_trigger.py
[2026-07-01T09:15:47.134+0000] {processor.py:914} INFO - Processing file /home/airflow/.local/lib/python3.12/site-packages/airflow/example_dags/example_latest_only_with_trigger.py for tasks to queue
[2026-07-01T09:15:47.136+0000] {logging_mixin.py:190} INFO - [2026-07-01T09:15:47.136+0000] {dagbag.py:587} INFO - Filling up the DagBag from /home/airflow/.local/lib/python3.12/site-packages/airflow/example_dags/example_latest_only_with_trigger.py
[2026-07-01T09:15:47.142+0000] {processor.py:925} INFO - DAG(s) 'latest_only_with_trigger' retrieved from /home/airflow/.local/lib/python3.12/site-packages/airflow/example_dags/example_latest_only_with_trigger.py
[2026-07-01T09:15:47.156+0000] {logging_mixin.py:190} INFO - [2026-07-01T09:15:47.156+0000] {dag.py:3211} INFO - Sync 1 DAGs
[2026-07-01T09:15:47.172+0000] {logging_mixin.py:190} INFO - [2026-07-01T09:15:47.172+0000] {dag.py:4138} INFO - Setting next_dagrun for latest_only_with_trigger to 2026-07-01 04:00:00+00:00, run_after=2026-07-01 08:00:00+00:00
[2026-07-01T09:15:47.184+0000] {processor.py:208} INFO - Processing /home/airflow/.local/lib/python3.12/site-packages/airflow/example_dags/example_latest_only_with_trigger.py took 0.056 seconds
[2026-07-01T09:16:17.396+0000] {processor.py:186} INFO - Started process (PID=888) to work on /home/airflow/.local/lib/python3.12/site-packages/airflow/example_dags/example_latest_only_with_trigger.py
[2026-07-01T09:16:17.397+0000] {processor.py:914} INFO - Processing file /home/airflow/.local/lib/python3.12/site-packages/airflow/example_dags/example_latest_only_with_trigger.py for tasks to queue
[2026-07-01T09:16:17.399+0000] {logging_mixin.py:190} INFO - [2026-07-01T09:16:17.398+0000] {dagbag.py:587} INFO - Filling up the DagBag from /home/airflow/.local/lib/python3.12/site-packages/airflow/example_dags/example_latest_only_with_trigger.py
[2026-07-01T09:16:17.405+0000] {processor.py:925} INFO - DAG(s) 'latest_only_with_trigger' retrieved from /home/airflow/.local/lib/python3.12/site-packages/airflow/example_dags/example_latest_only_with_trigger.py
[2026-07-01T09:16:17.422+0000] {logging_mixin.py:190} INFO - [2026-07-01T09:16:17.422+0000] {dag.py:3211} INFO - Sync 1 DAGs
[2026-07-01T09:16:17.439+0000] {logging_mixin.py:190} INFO - [2026-07-01T09:16:17.439+0000] {dag.py:4138} INFO - Setting next_dagrun for latest_only_with_trigger to 2026-07-01 04:00:00+00:00, run_after=2026-07-01 08:00:00+00:00
[2026-07-01T09:16:17.453+0000] {processor.py:208} INFO - Processing /home/airflow/.local/lib/python3.12/site-packages/airflow/example_dags/example_latest_only_with_trigger.py took 0.062 seconds
[2026-07-01T09:16:47.569+0000] {processor.py:186} INFO - Started process (PID=950) to work on /home/airflow/.local/lib/python3.12/site-packages/airflow/example_dags/example_latest_only_with_trigger.py
[2026-07-01T09:16:47.569+0000] {processor.py:914} INFO - Processing file /home/airflow/.local/lib/python3.12/site-packages/airflow/example_dags/example_latest_only_with_trigger.py for tasks to queue
[2026-07-01T09:16:47.571+0000] {logging_mixin.py:190} INFO - [2026-07-01T09:16:47.571+0000] {dagbag.py:587} INFO - Filling up the DagBag from /home/airflow/.local/lib/python3.12/site-packages/airflow/example_dags/example_latest_only_with_trigger.py
[2026-07-01T09:16:47.577+0000] {processor.py:925} INFO - DAG(s) 'latest_only_with_trigger' retrieved from /home/airflow/.local/lib/python3.12/site-packages/airflow/example_dags/example_latest_only_with_trigger.py
[2026-07-01T09:16:47.591+0000] {logging_mixin.py:190} INFO - [2026-07-01T09:16:47.591+0000] {dag.py:3211} INFO - Sync 1 DAGs
[2026-07-01T09:16:47.606+0000] {logging_mixin.py:190} INFO - [2026-07-01T09:16:47.606+0000] {dag.py:4138} INFO - Setting next_dagrun for latest_only_with_trigger to 2026-07-01 04:00:00+00:00, run_after=2026-07-01 08:00:00+00:00
[2026-07-01T09:16:47.618+0000] {processor.py:208} INFO - Processing /home/airflow/.local/lib/python3.12/site-packages/airflow/example_dags/example_latest_only_with_trigger.py took 0.054 seconds
[2026-07-01T09:17:18.025+0000] {processor.py:186} INFO - Started process (PID=1012) to work on /home/airflow/.local/lib/python3.12/site-packages/airflow/example_dags/example_latest_only_with_trigger.py
[2026-07-01T09:17:18.026+0000] {processor.py:914} INFO - Processing file /home/airflow/.local/lib/python3.12/site-packages/airflow/example_dags/example_latest_only_with_trigger.py for tasks to queue
[2026-07-01T09:17:18.029+0000] {logging_mixin.py:190} INFO - [2026-07-01T09:17:18.029+0000] {dagbag.py:587} INFO - Filling up the DagBag from /home/airflow/.local/lib/python3.12/site-packages/airflow/example_dags/example_latest_only_with_trigger.py
[2026-07-01T09:17:18.037+0000] {processor.py:925} INFO - DAG(s) 'latest_only_with_trigger' retrieved from /home/airflow/.local/lib/python3.12/site-packages/airflow/example_dags/example_latest_only_with_trigger.py
[2026-07-01T09:17:18.058+0000] {logging_mixin.py:190} INFO - [2026-07-01T09:17:18.058+0000] {dag.py:3211} INFO - Sync 1 DAGs
[2026-07-01T09:17:18.081+0000] {logging_mixin.py:190} INFO - [2026-07-01T09:17:18.080+0000] {dag.py:4138} INFO - Setting next_dagrun for latest_only_with_trigger to 2026-07-01 04:00:00+00:00, run_after=2026-07-01 08:00:00+00:00
[2026-07-01T09:17:18.098+0000] {processor.py:208} INFO - Processing /home/airflow/.local/lib/python3.12/site-packages/airflow/example_dags/example_latest_only_with_trigger.py took 0.079 seconds
[2026-07-01T09:17:48.373+0000] {processor.py:186} INFO - Started process (PID=1074) to work on /home/airflow/.local/lib/python3.12/site-packages/airflow/example_dags/example_latest_only_with_trigger.py
[2026-07-01T09:17:48.375+0000] {processor.py:914} INFO - Processing file /home/airflow/.local/lib/python3.12/site-packages/airflow/example_dags/example_latest_only_with_trigger.py for tasks to queue
[2026-07-01T09:17:48.379+0000] {logging_mixin.py:190} INFO - [2026-07-01T09:17:48.378+0000] {dagbag.py:587} INFO - Filling up the DagBag from /home/airflow/.local/lib/python3.12/site-packages/airflow/example_dags/example_latest_only_with_trigger.py
[2026-07-01T09:17:48.386+0000] {processor.py:925} INFO - DAG(s) 'latest_only_with_trigger' retrieved from /home/airflow/.local/lib/python3.12/site-packages/airflow/example_dags/example_latest_only_with_trigger.py
[2026-07-01T09:17:48.406+0000] {logging_mixin.py:190} INFO - [2026-07-01T09:17:48.406+0000] {dag.py:3211} INFO - Sync 1 DAGs
[2026-07-01T09:17:48.429+0000] {logging_mixin.py:190} INFO - [2026-07-01T09:17:48.429+0000] {dag.py:4138} INFO - Setting next_dagrun for latest_only_with_trigger to 2026-07-01 04:00:00+00:00, run_after=2026-07-01 08:00:00+00:00
[2026-07-01T09:17:48.448+0000] {processor.py:208} INFO - Processing /home/airflow/.local/lib/python3.12/site-packages/airflow/example_dags/example_latest_only_with_trigger.py took 0.082 seconds
[2026-07-01T09:18:18.549+0000] {processor.py:186} INFO - Started process (PID=1136) to work on /home/airflow/.local/lib/python3.12/site-packages/airflow/example_dags/example_latest_only_with_trigger.py
[2026-07-01T09:18:18.550+0000] {processor.py:914} INFO - Processing file /home/airflow/.local/lib/python3.12/site-packages/airflow/example_dags/example_latest_only_with_trigger.py for tasks to queue
[2026-07-01T09:18:18.552+0000] {logging_mixin.py:190} INFO - [2026-07-01T09:18:18.552+0000] {dagbag.py:587} INFO - Filling up the DagBag from /home/airflow/.local/lib/python3.12/site-packages/airflow/example_dags/example_latest_only_with_trigger.py
[2026-07-01T09:18:18.557+0000] {processor.py:925} INFO - DAG(s) 'latest_only_with_trigger' retrieved from /home/airflow/.local/lib/python3.12/site-packages/airflow/example_dags/example_latest_only_with_trigger.py
[2026-07-01T09:18:18.572+0000] {logging_mixin.py:190} INFO - [2026-07-01T09:18:18.572+0000] {dag.py:3211} INFO - Sync 1 DAGs
[2026-07-01T09:18:18.587+0000] {logging_mixin.py:190} INFO - [2026-07-01T09:18:18.587+0000] {dag.py:4138} INFO - Setting next_dagrun for latest_only_with_trigger to 2026-07-01 04:00:00+00:00, run_after=2026-07-01 08:00:00+00:00
[2026-07-01T09:18:18.602+0000] {processor.py:208} INFO - Processing /home/airflow/.local/lib/python3.12/site-packages/airflow/example_dags/example_latest_only_with_trigger.py took 0.057 seconds
[2026-07-01T09:18:48.799+0000] {processor.py:186} INFO - Started process (PID=1198) to work on /home/airflow/.local/lib/python3.12/site-packages/airflow/example_dags/example_latest_only_with_trigger.py
[2026-07-01T09:18:48.800+0000] {processor.py:914} INFO - Processing file /home/airflow/.local/lib/python3.12/site-packages/airflow/example_dags/example_latest_only_with_trigger.py for tasks to queue
[2026-07-01T09:18:48.802+0000] {logging_mixin.py:190} INFO - [2026-07-01T09:18:48.801+0000] {dagbag.py:587} INFO - Filling up the DagBag from /home/airflow/.local/lib/python3.12/site-packages/airflow/example_dags/example_latest_only_with_trigger.py
[2026-07-01T09:18:48.808+0000] {processor.py:925} INFO - DAG(s) 'latest_only_with_trigger' retrieved from /home/airflow/.local/lib/python3.12/site-packages/airflow/example_dags/example_latest_only_with_trigger.py
[2026-07-01T09:18:48.824+0000] {logging_mixin.py:190} INFO - [2026-07-01T09:18:48.823+0000] {dag.py:3211} INFO - Sync 1 DAGs
[2026-07-01T09:18:48.839+0000] {logging_mixin.py:190} INFO - [2026-07-01T09:18:48.839+0000] {dag.py:4138} INFO - Setting next_dagrun for latest_only_with_trigger to 2026-07-01 04:00:00+00:00, run_after=2026-07-01 08:00:00+00:00
[2026-07-01T09:18:48.852+0000] {processor.py:208} INFO - Processing /home/airflow/.local/lib/python3.12/site-packages/airflow/example_dags/example_latest_only_with_trigger.py took 0.059 seconds
[2026-07-01T09:19:19.668+0000] {processor.py:186} INFO - Started process (PID=1260) to work on /home/airflow/.local/lib/python3.12/site-packages/airflow/example_dags/example_latest_only_with_trigger.py
[2026-07-01T09:19:19.669+0000] {processor.py:914} INFO - Processing file /home/airflow/.local/lib/python3.12/site-packages/airflow/example_dags/example_latest_only_with_trigger.py for tasks to queue
[2026-07-01T09:19:19.671+0000] {logging_mixin.py:190} INFO - [2026-07-01T09:19:19.671+0000] {dagbag.py:587} INFO - Filling up the DagBag from /home/airflow/.local/lib/python3.12/site-packages/airflow/example_dags/example_latest_only_with_trigger.py
[2026-07-01T09:19:19.676+0000] {processor.py:925} INFO - DAG(s) 'latest_only_with_trigger' retrieved from /home/airflow/.local/lib/python3.12/site-packages/airflow/example_dags/example_latest_only_with_trigger.py
[2026-07-01T09:19:19.690+0000] {logging_mixin.py:190} INFO - [2026-07-01T09:19:19.690+0000] {dag.py:3211} INFO - Sync 1 DAGs
[2026-07-01T09:19:19.704+0000] {logging_mixin.py:190} INFO - [2026-07-01T09:19:19.704+0000] {dag.py:4138} INFO - Setting next_dagrun for latest_only_with_trigger to 2026-07-01 04:00:00+00:00, run_after=2026-07-01 08:00:00+00:00
[2026-07-01T09:19:19.716+0000] {processor.py:208} INFO - Processing /home/airflow/.local/lib/python3.12/site-packages/airflow/example_dags/example_latest_only_with_trigger.py took 0.051 seconds
[2026-07-01T09:19:50.430+0000] {processor.py:186} INFO - Started process (PID=1322) to work on /home/airflow/.local/lib/python3.12/site-packages/airflow/example_dags/example_latest_only_with_trigger.py
[2026-07-01T09:19:50.432+0000] {processor.py:914} INFO - Processing file /home/airflow/.local/lib/python3.12/site-packages/airflow/example_dags/example_latest_only_with_trigger.py for tasks to queue
[2026-07-01T09:19:50.434+0000] {logging_mixin.py:190} INFO - [2026-07-01T09:19:50.434+0000] {dagbag.py:587} INFO - Filling up the DagBag from /home/airflow/.local/lib/python3.12/site-packages/airflow/example_dags/example_latest_only_with_trigger.py
[2026-07-01T09:19:50.440+0000] {processor.py:925} INFO - DAG(s) 'latest_only_with_trigger' retrieved from /home/airflow/.local/lib/python3.12/site-packages/airflow/example_dags/example_latest_only_with_trigger.py
[2026-07-01T09:19:50.454+0000] {logging_mixin.py:190} INFO - [2026-07-01T09:19:50.454+0000] {dag.py:3211} INFO - Sync 1 DAGs
[2026-07-01T09:19:50.470+0000] {logging_mixin.py:190} INFO - [2026-07-01T09:19:50.470+0000] {dag.py:4138} INFO - Setting next_dagrun for latest_only_with_trigger to 2026-07-01 04:00:00+00:00, run_after=2026-07-01 08:00:00+00:00
[2026-07-01T09:19:50.482+0000] {processor.py:208} INFO - Processing /home/airflow/.local/lib/python3.12/site-packages/airflow/example_dags/example_latest_only_with_trigger.py took 0.056 seconds
[2026-07-01T09:20:21.125+0000] {processor.py:186} INFO - Started process (PID=1384) to work on /home/airflow/.local/lib/python3.12/site-packages/airflow/example_dags/example_latest_only_with_trigger.py
[2026-07-01T09:20:21.127+0000] {processor.py:914} INFO - Processing file /home/airflow/.local/lib/python3.12/site-packages/airflow/example_dags/example_latest_only_with_trigger.py for tasks to queue
[2026-07-01T09:20:21.129+0000] {logging_mixin.py:190} INFO - [2026-07-01T09:20:21.129+0000] {dagbag.py:587} INFO - Filling up the DagBag from /home/airflow/.local/lib/python3.12/site-packages/airflow/example_dags/example_latest_only_with_trigger.py
[2026-07-01T09:20:21.137+0000] {processor.py:925} INFO - DAG(s) 'latest_only_with_trigger' retrieved from /home/airflow/.local/lib/python3.12/site-packages/airflow/example_dags/example_latest_only_with_trigger.py
[2026-07-01T09:20:21.155+0000] {logging_mixin.py:190} INFO - [2026-07-01T09:20:21.155+0000] {dag.py:3211} INFO - Sync 1 DAGs
[2026-07-01T09:20:21.173+0000] {logging_mixin.py:190} INFO - [2026-07-01T09:20:21.172+0000] {dag.py:4138} INFO - Setting next_dagrun for latest_only_with_trigger to 2026-07-01 04:00:00+00:00, run_after=2026-07-01 08:00:00+00:00
[2026-07-01T09:20:21.187+0000] {processor.py:208} INFO - Processing /home/airflow/.local/lib/python3.12/site-packages/airflow/example_dags/example_latest_only_with_trigger.py took 0.067 seconds
[2026-07-01T09:20:51.906+0000] {processor.py:186} INFO - Started process (PID=1446) to work on /home/airflow/.local/lib/python3.12/site-packages/airflow/example_dags/example_latest_only_with_trigger.py
[2026-07-01T09:20:51.908+0000] {processor.py:914} INFO - Processing file /home/airflow/.local/lib/python3.12/site-packages/airflow/example_dags/example_latest_only_with_trigger.py for tasks to queue
[2026-07-01T09:20:51.910+0000] {logging_mixin.py:190} INFO - [2026-07-01T09:20:51.909+0000] {dagbag.py:587} INFO - Filling up the DagBag from /home/airflow/.local/lib/python3.12/site-packages/airflow/example_dags/example_latest_only_with_trigger.py
[2026-07-01T09:20:51.915+0000] {processor.py:925} INFO - DAG(s) 'latest_only_with_trigger' retrieved from /home/airflow/.local/lib/python3.12/site-packages/airflow/example_dags/example_latest_only_with_trigger.py
[2026-07-01T09:20:51.929+0000] {logging_mixin.py:190} INFO - [2026-07-01T09:20:51.929+0000] {dag.py:3211} INFO - Sync 1 DAGs
[2026-07-01T09:20:51.942+0000] {logging_mixin.py:190} INFO - [2026-07-01T09:20:51.942+0000] {dag.py:4138} INFO - Setting next_dagrun for latest_only_with_trigger to 2026-07-01 04:00:00+00:00, run_after=2026-07-01 08:00:00+00:00
[2026-07-01T09:20:51.954+0000] {processor.py:208} INFO - Processing /home/airflow/.local/lib/python3.12/site-packages/airflow/example_dags/example_latest_only_with_trigger.py took 0.051 seconds
[2026-07-01T09:21:22.092+0000] {processor.py:186} INFO - Started process (PID=1508) to work on /home/airflow/.local/lib/python3.12/site-packages/airflow/example_dags/example_latest_only_with_trigger.py
[2026-07-01T09:21:22.093+0000] {processor.py:914} INFO - Processing file /home/airflow/.local/lib/python3.12/site-packages/airflow/example_dags/example_latest_only_with_trigger.py for tasks to queue
[2026-07-01T09:21:22.096+0000] {logging_mixin.py:190} INFO - [2026-07-01T09:21:22.095+0000] {dagbag.py:587} INFO - Filling up the DagBag from /home/airflow/.local/lib/python3.12/site-packages/airflow/example_dags/example_latest_only_with_trigger.py
[2026-07-01T09:21:22.102+0000] {processor.py:925} INFO - DAG(s) 'latest_only_with_trigger' retrieved from /home/airflow/.local/lib/python3.12/site-packages/airflow/example_dags/example_latest_only_with_trigger.py
[2026-07-01T09:21:22.119+0000] {logging_mixin.py:190} INFO - [2026-07-01T09:21:22.118+0000] {dag.py:3211} INFO - Sync 1 DAGs
[2026-07-01T09:21:22.139+0000] {logging_mixin.py:190} INFO - [2026-07-01T09:21:22.138+0000] {dag.py:4138} INFO - Setting next_dagrun for latest_only_with_trigger to 2026-07-01 04:00:00+00:00, run_after=2026-07-01 08:00:00+00:00
[2026-07-01T09:21:22.154+0000] {processor.py:208} INFO - Processing /home/airflow/.local/lib/python3.12/site-packages/airflow/example_dags/example_latest_only_with_trigger.py took 0.068 seconds
[2026-07-01T09:21:52.364+0000] {processor.py:186} INFO - Started process (PID=1570) to work on /home/airflow/.local/lib/python3.12/site-packages/airflow/example_dags/example_latest_only_with_trigger.py
[2026-07-01T09:21:52.367+0000] {processor.py:914} INFO - Processing file /home/airflow/.local/lib/python3.12/site-packages/airflow/example_dags/example_latest_only_with_trigger.py for tasks to queue
[2026-07-01T09:21:52.370+0000] {logging_mixin.py:190} INFO - [2026-07-01T09:21:52.370+0000] {dagbag.py:587} INFO - Filling up the DagBag from /home/airflow/.local/lib/python3.12/site-packages/airflow/example_dags/example_latest_only_with_trigger.py
[2026-07-01T09:21:52.376+0000] {processor.py:925} INFO - DAG(s) 'latest_only_with_trigger' retrieved from /home/airflow/.local/lib/python3.12/site-packages/airflow/example_dags/example_latest_only_with_trigger.py
[2026-07-01T09:21:52.391+0000] {logging_mixin.py:190} INFO - [2026-07-01T09:21:52.391+0000] {dag.py:3211} INFO - Sync 1 DAGs
[2026-07-01T09:21:52.405+0000] {logging_mixin.py:190} INFO - [2026-07-01T09:21:52.405+0000] {dag.py:4138} INFO - Setting next_dagrun for latest_only_with_trigger to 2026-07-01 04:00:00+00:00, run_after=2026-07-01 08:00:00+00:00
[2026-07-01T09:21:52.416+0000] {processor.py:208} INFO - Processing /home/airflow/.local/lib/python3.12/site-packages/airflow/example_dags/example_latest_only_with_trigger.py took 0.057 seconds
[2026-07-01T09:22:22.716+0000] {processor.py:186} INFO - Started process (PID=1632) to work on /home/airflow/.local/lib/python3.12/site-packages/airflow/example_dags/example_latest_only_with_trigger.py
[2026-07-01T09:22:22.717+0000] {processor.py:914} INFO - Processing file /home/airflow/.local/lib/python3.12/site-packages/airflow/example_dags/example_latest_only_with_trigger.py for tasks to queue
[2026-07-01T09:22:22.719+0000] {logging_mixin.py:190} INFO - [2026-07-01T09:22:22.719+0000] {dagbag.py:587} INFO - Filling up the DagBag from /home/airflow/.local/lib/python3.12/site-packages/airflow/example_dags/example_latest_only_with_trigger.py
[2026-07-01T09:22:22.725+0000] {processor.py:925} INFO - DAG(s) 'latest_only_with_trigger' retrieved from /home/airflow/.local/lib/python3.12/site-packages/airflow/example_dags/example_latest_only_with_trigger.py
[2026-07-01T09:22:22.743+0000] {logging_mixin.py:190} INFO - [2026-07-01T09:22:22.743+0000] {dag.py:3211} INFO - Sync 1 DAGs
[2026-07-01T09:22:22.761+0000] {logging_mixin.py:190} INFO - [2026-07-01T09:22:22.761+0000] {dag.py:4138} INFO - Setting next_dagrun for latest_only_with_trigger to 2026-07-01 04:00:00+00:00, run_after=2026-07-01 08:00:00+00:00
[2026-07-01T09:22:22.776+0000] {processor.py:208} INFO - Processing /home/airflow/.local/lib/python3.12/site-packages/airflow/example_dags/example_latest_only_with_trigger.py took 0.065 seconds
[2026-07-01T09:22:53.594+0000] {processor.py:186} INFO - Started process (PID=1694) to work on /home/airflow/.local/lib/python3.12/site-packages/airflow/example_dags/example_latest_only_with_trigger.py
[2026-07-01T09:22:53.595+0000] {processor.py:914} INFO - Processing file /home/airflow/.local/lib/python3.12/site-packages/airflow/example_dags/example_latest_only_with_trigger.py for tasks to queue
[2026-07-01T09:22:53.597+0000] {logging_mixin.py:190} INFO - [2026-07-01T09:22:53.596+0000] {dagbag.py:587} INFO - Filling up the DagBag from /home/airflow/.local/lib/python3.12/site-packages/airflow/example_dags/example_latest_only_with_trigger.py
[2026-07-01T09:22:53.602+0000] {processor.py:925} INFO - DAG(s) 'latest_only_with_trigger' retrieved from /home/airflow/.local/lib/python3.12/site-packages/airflow/example_dags/example_latest_only_with_trigger.py
[2026-07-01T09:22:53.619+0000] {logging_mixin.py:190} INFO - [2026-07-01T09:22:53.618+0000] {dag.py:3211} INFO - Sync 1 DAGs
[2026-07-01T09:22:53.636+0000] {logging_mixin.py:190} INFO - [2026-07-01T09:22:53.636+0000] {dag.py:4138} INFO - Setting next_dagrun for latest_only_with_trigger to 2026-07-01 04:00:00+00:00, run_after=2026-07-01 08:00:00+00:00
[2026-07-01T09:22:53.650+0000] {processor.py:208} INFO - Processing /home/airflow/.local/lib/python3.12/site-packages/airflow/example_dags/example_latest_only_with_trigger.py took 0.061 seconds
[2026-07-01T09:23:23.728+0000] {processor.py:186} INFO - Started process (PID=1755) to work on /home/airflow/.local/lib/python3.12/site-packages/airflow/example_dags/example_latest_only_with_trigger.py
[2026-07-01T09:23:23.729+0000] {processor.py:914} INFO - Processing file /home/airflow/.local/lib/python3.12/site-packages/airflow/example_dags/example_latest_only_with_trigger.py for tasks to queue
[2026-07-01T09:23:23.731+0000] {logging_mixin.py:190} INFO - [2026-07-01T09:23:23.730+0000] {dagbag.py:587} INFO - Filling up the DagBag from /home/airflow/.local/lib/python3.12/site-packages/airflow/example_dags/example_latest_only_with_trigger.py
[2026-07-01T09:23:23.736+0000] {processor.py:925} INFO - DAG(s) 'latest_only_with_trigger' retrieved from /home/airflow/.local/lib/python3.12/site-packages/airflow/example_dags/example_latest_only_with_trigger.py
[2026-07-01T09:23:23.749+0000] {logging_mixin.py:190} INFO - [2026-07-01T09:23:23.749+0000] {dag.py:3211} INFO - Sync 1 DAGs
[2026-07-01T09:23:23.763+0000] {logging_mixin.py:190} INFO - [2026-07-01T09:23:23.763+0000] {dag.py:4138} INFO - Setting next_dagrun for latest_only_with_trigger to 2026-07-01 04:00:00+00:00, run_after=2026-07-01 08:00:00+00:00
[2026-07-01T09:23:23.777+0000] {processor.py:208} INFO - Processing /home/airflow/.local/lib/python3.12/site-packages/airflow/example_dags/example_latest_only_with_trigger.py took 0.052 seconds
[2026-07-01T09:23:54.142+0000] {processor.py:186} INFO - Started process (PID=1817) to work on /home/airflow/.local/lib/python3.12/site-packages/airflow/example_dags/example_latest_only_with_trigger.py
[2026-07-01T09:23:54.144+0000] {processor.py:914} INFO - Processing file /home/airflow/.local/lib/python3.12/site-packages/airflow/example_dags/example_latest_only_with_trigger.py for tasks to queue
[2026-07-01T09:23:54.146+0000] {logging_mixin.py:190} INFO - [2026-07-01T09:23:54.146+0000] {dagbag.py:587} INFO - Filling up the DagBag from /home/airflow/.local/lib/python3.12/site-packages/airflow/example_dags/example_latest_only_with_trigger.py
[2026-07-01T09:23:54.151+0000] {processor.py:925} INFO - DAG(s) 'latest_only_with_trigger' retrieved from /home/airflow/.local/lib/python3.12/site-packages/airflow/example_dags/example_latest_only_with_trigger.py
[2026-07-01T09:23:54.167+0000] {logging_mixin.py:190} INFO - [2026-07-01T09:23:54.167+0000] {dag.py:3211} INFO - Sync 1 DAGs
[2026-07-01T09:23:54.183+0000] {logging_mixin.py:190} INFO - [2026-07-01T09:23:54.183+0000] {dag.py:4138} INFO - Setting next_dagrun for latest_only_with_trigger to 2026-07-01 04:00:00+00:00, run_after=2026-07-01 08:00:00+00:00
[2026-07-01T09:23:54.198+0000] {processor.py:208} INFO - Processing /home/airflow/.local/lib/python3.12/site-packages/airflow/example_dags/example_latest_only_with_trigger.py took 0.061 seconds
[2026-07-01T09:24:24.391+0000] {processor.py:186} INFO - Started process (PID=1879) to work on /home/airflow/.local/lib/python3.12/site-packages/airflow/example_dags/example_latest_only_with_trigger.py
[2026-07-01T09:24:24.392+0000] {processor.py:914} INFO - Processing file /home/airflow/.local/lib/python3.12/site-packages/airflow/example_dags/example_latest_only_with_trigger.py for tasks to queue
[2026-07-01T09:24:24.394+0000] {logging_mixin.py:190} INFO - [2026-07-01T09:24:24.393+0000] {dagbag.py:587} INFO - Filling up the DagBag from /home/airflow/.local/lib/python3.12/site-packages/airflow/example_dags/example_latest_only_with_trigger.py
[2026-07-01T09:24:24.399+0000] {processor.py:925} INFO - DAG(s) 'latest_only_with_trigger' retrieved from /home/airflow/.local/lib/python3.12/site-packages/airflow/example_dags/example_latest_only_with_trigger.py
[2026-07-01T09:24:24.413+0000] {logging_mixin.py:190} INFO - [2026-07-01T09:24:24.412+0000] {dag.py:3211} INFO - Sync 1 DAGs
[2026-07-01T09:24:24.426+0000] {logging_mixin.py:190} INFO - [2026-07-01T09:24:24.426+0000] {dag.py:4138} INFO - Setting next_dagrun for latest_only_with_trigger to 2026-07-01 04:00:00+00:00, run_after=2026-07-01 08:00:00+00:00
[2026-07-01T09:24:24.441+0000] {processor.py:208} INFO - Processing /home/airflow/.local/lib/python3.12/site-packages/airflow/example_dags/example_latest_only_with_trigger.py took 0.054 seconds
[2026-07-01T09:24:54.579+0000] {processor.py:186} INFO - Started process (PID=1941) to work on /home/airflow/.local/lib/python3.12/site-packages/airflow/example_dags/example_latest_only_with_trigger.py
[2026-07-01T09:24:54.580+0000] {processor.py:914} INFO - Processing file /home/airflow/.local/lib/python3.12/site-packages/airflow/example_dags/example_latest_only_with_trigger.py for tasks to queue
[2026-07-01T09:24:54.582+0000] {logging_mixin.py:190} INFO - [2026-07-01T09:24:54.581+0000] {dagbag.py:587} INFO - Filling up the DagBag from /home/airflow/.local/lib/python3.12/site-packages/airflow/example_dags/example_latest_only_with_trigger.py
[2026-07-01T09:24:54.587+0000] {processor.py:925} INFO - DAG(s) 'latest_only_with_trigger' retrieved from /home/airflow/.local/lib/python3.12/site-packages/airflow/example_dags/example_latest_only_with_trigger.py
[2026-07-01T09:24:54.601+0000] {logging_mixin.py:190} INFO - [2026-07-01T09:24:54.601+0000] {dag.py:3211} INFO - Sync 1 DAGs
[2026-07-01T09:24:54.615+0000] {logging_mixin.py:190} INFO - [2026-07-01T09:24:54.615+0000] {dag.py:4138} INFO - Setting next_dagrun for latest_only_with_trigger to 2026-07-01 04:00:00+00:00, run_after=2026-07-01 08:00:00+00:00
[2026-07-01T09:24:54.628+0000] {processor.py:208} INFO - Processing /home/airflow/.local/lib/python3.12/site-packages/airflow/example_dags/example_latest_only_with_trigger.py took 0.053 seconds
[2026-07-01T09:25:24.673+0000] {processor.py:186} INFO - Started process (PID=2002) to work on /home/airflow/.local/lib/python3.12/site-packages/airflow/example_dags/example_latest_only_with_trigger.py
[2026-07-01T09:25:24.674+0000] {processor.py:914} INFO - Processing file /home/airflow/.local/lib/python3.12/site-packages/airflow/example_dags/example_latest_only_with_trigger.py for tasks to queue
[2026-07-01T09:25:24.676+0000] {logging_mixin.py:190} INFO - [2026-07-01T09:25:24.675+0000] {dagbag.py:587} INFO - Filling up the DagBag from /home/airflow/.local/lib/python3.12/site-packages/airflow/example_dags/example_latest_only_with_trigger.py
[2026-07-01T09:25:24.681+0000] {processor.py:925} INFO - DAG(s) 'latest_only_with_trigger' retrieved from /home/airflow/.local/lib/python3.12/site-packages/airflow/example_dags/example_latest_only_with_trigger.py
[2026-07-01T09:25:24.696+0000] {logging_mixin.py:190} INFO - [2026-07-01T09:25:24.696+0000] {dag.py:3211} INFO - Sync 1 DAGs
[2026-07-01T09:25:24.714+0000] {logging_mixin.py:190} INFO - [2026-07-01T09:25:24.714+0000] {dag.py:4138} INFO - Setting next_dagrun for latest_only_with_trigger to 2026-07-01 04:00:00+00:00, run_after=2026-07-01 08:00:00+00:00
[2026-07-01T09:25:24.727+0000] {processor.py:208} INFO - Processing /home/airflow/.local/lib/python3.12/site-packages/airflow/example_dags/example_latest_only_with_trigger.py took 0.059 seconds
[2026-07-01T09:30:07.659+0000] {processor.py:186} INFO - Started process (PID=2060) to work on /home/airflow/.local/lib/python3.12/site-packages/airflow/example_dags/example_latest_only_with_trigger.py
[2026-07-01T09:30:07.661+0000] {processor.py:914} INFO - Processing file /home/airflow/.local/lib/python3.12/site-packages/airflow/example_dags/example_latest_only_with_trigger.py for tasks to queue
[2026-07-01T09:30:07.662+0000] {logging_mixin.py:190} INFO - [2026-07-01T09:30:07.662+0000] {dagbag.py:587} INFO - Filling up the DagBag from /home/airflow/.local/lib/python3.12/site-packages/airflow/example_dags/example_latest_only_with_trigger.py
[2026-07-01T09:30:07.668+0000] {processor.py:925} INFO - DAG(s) 'latest_only_with_trigger' retrieved from /home/airflow/.local/lib/python3.12/site-packages/airflow/example_dags/example_latest_only_with_trigger.py
[2026-07-01T09:30:07.683+0000] {logging_mixin.py:190} INFO - [2026-07-01T09:30:07.683+0000] {dag.py:3211} INFO - Sync 1 DAGs
[2026-07-01T09:30:07.700+0000] {logging_mixin.py:190} INFO - [2026-07-01T09:30:07.700+0000] {dag.py:4138} INFO - Setting next_dagrun for latest_only_with_trigger to 2026-07-01 04:00:00+00:00, run_after=2026-07-01 08:00:00+00:00
[2026-07-01T09:30:07.714+0000] {processor.py:208} INFO - Processing /home/airflow/.local/lib/python3.12/site-packages/airflow/example_dags/example_latest_only_with_trigger.py took 0.059 seconds
[2026-07-01T09:30:38.418+0000] {processor.py:186} INFO - Started process (PID=2122) to work on /home/airflow/.local/lib/python3.12/site-packages/airflow/example_dags/example_latest_only_with_trigger.py
[2026-07-01T09:30:38.419+0000] {processor.py:914} INFO - Processing file /home/airflow/.local/lib/python3.12/site-packages/airflow/example_dags/example_latest_only_with_trigger.py for tasks to queue
[2026-07-01T09:30:38.422+0000] {logging_mixin.py:190} INFO - [2026-07-01T09:30:38.421+0000] {dagbag.py:587} INFO - Filling up the DagBag from /home/airflow/.local/lib/python3.12/site-packages/airflow/example_dags/example_latest_only_with_trigger.py
[2026-07-01T09:30:38.430+0000] {processor.py:925} INFO - DAG(s) 'latest_only_with_trigger' retrieved from /home/airflow/.local/lib/python3.12/site-packages/airflow/example_dags/example_latest_only_with_trigger.py
[2026-07-01T09:30:38.449+0000] {logging_mixin.py:190} INFO - [2026-07-01T09:30:38.448+0000] {dag.py:3211} INFO - Sync 1 DAGs
[2026-07-01T09:30:38.466+0000] {logging_mixin.py:190} INFO - [2026-07-01T09:30:38.466+0000] {dag.py:4138} INFO - Setting next_dagrun for latest_only_with_trigger to 2026-07-01 04:00:00+00:00, run_after=2026-07-01 08:00:00+00:00
[2026-07-01T09:30:38.479+0000] {processor.py:208} INFO - Processing /home/airflow/.local/lib/python3.12/site-packages/airflow/example_dags/example_latest_only_with_trigger.py took 0.066 seconds
[2026-07-01T09:31:08.706+0000] {processor.py:186} INFO - Started process (PID=2183) to work on /home/airflow/.local/lib/python3.12/site-packages/airflow/example_dags/example_latest_only_with_trigger.py
[2026-07-01T09:31:08.707+0000] {processor.py:914} INFO - Processing file /home/airflow/.local/lib/python3.12/site-packages/airflow/example_dags/example_latest_only_with_trigger.py for tasks to queue
[2026-07-01T09:31:08.709+0000] {logging_mixin.py:190} INFO - [2026-07-01T09:31:08.709+0000] {dagbag.py:587} INFO - Filling up the DagBag from /home/airflow/.local/lib/python3.12/site-packages/airflow/example_dags/example_latest_only_with_trigger.py
[2026-07-01T09:31:08.716+0000] {processor.py:925} INFO - DAG(s) 'latest_only_with_trigger' retrieved from /home/airflow/.local/lib/python3.12/site-packages/airflow/example_dags/example_latest_only_with_trigger.py
[2026-07-01T09:31:08.731+0000] {logging_mixin.py:190} INFO - [2026-07-01T09:31:08.731+0000] {dag.py:3211} INFO - Sync 1 DAGs
[2026-07-01T09:31:08.747+0000] {logging_mixin.py:190} INFO - [2026-07-01T09:31:08.747+0000] {dag.py:4138} INFO - Setting next_dagrun for latest_only_with_trigger to 2026-07-01 04:00:00+00:00, run_after=2026-07-01 08:00:00+00:00
[2026-07-01T09:31:08.760+0000] {processor.py:208} INFO - Processing /home/airflow/.local/lib/python3.12/site-packages/airflow/example_dags/example_latest_only_with_trigger.py took 0.058 seconds
[2026-07-01T09:31:39.128+0000] {processor.py:186} INFO - Started process (PID=2245) to work on /home/airflow/.local/lib/python3.12/site-packages/airflow/example_dags/example_latest_only_with_trigger.py
[2026-07-01T09:31:39.129+0000] {processor.py:914} INFO - Processing file /home/airflow/.local/lib/python3.12/site-packages/airflow/example_dags/example_latest_only_with_trigger.py for tasks to queue
[2026-07-01T09:31:39.131+0000] {logging_mixin.py:190} INFO - [2026-07-01T09:31:39.131+0000] {dagbag.py:587} INFO - Filling up the DagBag from /home/airflow/.local/lib/python3.12/site-packages/airflow/example_dags/example_latest_only_with_trigger.py
[2026-07-01T09:31:39.137+0000] {processor.py:925} INFO - DAG(s) 'latest_only_with_trigger' retrieved from /home/airflow/.local/lib/python3.12/site-packages/airflow/example_dags/example_latest_only_with_trigger.py
[2026-07-01T09:31:39.153+0000] {logging_mixin.py:190} INFO - [2026-07-01T09:31:39.153+0000] {dag.py:3211} INFO - Sync 1 DAGs
[2026-07-01T09:31:39.168+0000] {logging_mixin.py:190} INFO - [2026-07-01T09:31:39.168+0000] {dag.py:4138} INFO - Setting next_dagrun for latest_only_with_trigger to 2026-07-01 04:00:00+00:00, run_after=2026-07-01 08:00:00+00:00
[2026-07-01T09:31:39.182+0000] {processor.py:208} INFO - Processing /home/airflow/.local/lib/python3.12/site-packages/airflow/example_dags/example_latest_only_with_trigger.py took 0.058 seconds
[2026-07-01T09:32:09.295+0000] {processor.py:186} INFO - Started process (PID=2306) to work on /home/airflow/.local/lib/python3.12/site-packages/airflow/example_dags/example_latest_only_with_trigger.py
[2026-07-01T09:32:09.296+0000] {processor.py:914} INFO - Processing file /home/airflow/.local/lib/python3.12/site-packages/airflow/example_dags/example_latest_only_with_trigger.py for tasks to queue
[2026-07-01T09:32:09.298+0000] {logging_mixin.py:190} INFO - [2026-07-01T09:32:09.297+0000] {dagbag.py:587} INFO - Filling up the DagBag from /home/airflow/.local/lib/python3.12/site-packages/airflow/example_dags/example_latest_only_with_trigger.py
[2026-07-01T09:32:09.303+0000] {processor.py:925} INFO - DAG(s) 'latest_only_with_trigger' retrieved from /home/airflow/.local/lib/python3.12/site-packages/airflow/example_dags/example_latest_only_with_trigger.py
[2026-07-01T09:32:09.318+0000] {logging_mixin.py:190} INFO - [2026-07-01T09:32:09.317+0000] {dag.py:3211} INFO - Sync 1 DAGs
[2026-07-01T09:32:09.334+0000] {logging_mixin.py:190} INFO - [2026-07-01T09:32:09.334+0000] {dag.py:4138} INFO - Setting next_dagrun for latest_only_with_trigger to 2026-07-01 04:00:00+00:00, run_after=2026-07-01 08:00:00+00:00
[2026-07-01T09:32:09.346+0000] {processor.py:208} INFO - Processing /home/airflow/.local/lib/python3.12/site-packages/airflow/example_dags/example_latest_only_with_trigger.py took 0.055 seconds
[2026-07-01T09:32:39.514+0000] {processor.py:186} INFO - Started process (PID=2367) to work on /home/airflow/.local/lib/python3.12/site-packages/airflow/example_dags/example_latest_only_with_trigger.py
[2026-07-01T09:32:39.515+0000] {processor.py:914} INFO - Processing file /home/airflow/.local/lib/python3.12/site-packages/airflow/example_dags/example_latest_only_with_trigger.py for tasks to queue
[2026-07-01T09:32:39.517+0000] {logging_mixin.py:190} INFO - [2026-07-01T09:32:39.516+0000] {dagbag.py:587} INFO - Filling up the DagBag from /home/airflow/.local/lib/python3.12/site-packages/airflow/example_dags/example_latest_only_with_trigger.py
[2026-07-01T09:32:39.522+0000] {processor.py:925} INFO - DAG(s) 'latest_only_with_trigger' retrieved from /home/airflow/.local/lib/python3.12/site-packages/airflow/example_dags/example_latest_only_with_trigger.py
[2026-07-01T09:32:39.535+0000] {logging_mixin.py:190} INFO - [2026-07-01T09:32:39.535+0000] {dag.py:3211} INFO - Sync 1 DAGs
[2026-07-01T09:32:39.549+0000] {logging_mixin.py:190} INFO - [2026-07-01T09:32:39.549+0000] {dag.py:4138} INFO - Setting next_dagrun for latest_only_with_trigger to 2026-07-01 04:00:00+00:00, run_after=2026-07-01 08:00:00+00:00
[2026-07-01T09:32:39.563+0000] {processor.py:208} INFO - Processing /home/airflow/.local/lib/python3.12/site-packages/airflow/example_dags/example_latest_only_with_trigger.py took 0.053 seconds
[2026-07-01T09:33:10.091+0000] {processor.py:186} INFO - Started process (PID=2429) to work on /home/airflow/.local/lib/python3.12/site-packages/airflow/example_dags/example_latest_only_with_trigger.py
[2026-07-01T09:33:10.092+0000] {processor.py:914} INFO - Processing file /home/airflow/.local/lib/python3.12/site-packages/airflow/example_dags/example_latest_only_with_trigger.py for tasks to queue
[2026-07-01T09:33:10.094+0000] {logging_mixin.py:190} INFO - [2026-07-01T09:33:10.094+0000] {dagbag.py:587} INFO - Filling up the DagBag from /home/airflow/.local/lib/python3.12/site-packages/airflow/example_dags/example_latest_only_with_trigger.py
[2026-07-01T09:33:10.100+0000] {processor.py:925} INFO - DAG(s) 'latest_only_with_trigger' retrieved from /home/airflow/.local/lib/python3.12/site-packages/airflow/example_dags/example_latest_only_with_trigger.py
[2026-07-01T09:33:10.114+0000] {logging_mixin.py:190} INFO - [2026-07-01T09:33:10.114+0000] {dag.py:3211} INFO - Sync 1 DAGs
[2026-07-01T09:33:10.128+0000] {logging_mixin.py:190} INFO - [2026-07-01T09:33:10.128+0000] {dag.py:4138} INFO - Setting next_dagrun for latest_only_with_trigger to 2026-07-01 04:00:00+00:00, run_after=2026-07-01 08:00:00+00:00
[2026-07-01T09:33:10.141+0000] {processor.py:208} INFO - Processing /home/airflow/.local/lib/python3.12/site-packages/airflow/example_dags/example_latest_only_with_trigger.py took 0.055 seconds
[2026-07-01T09:33:40.763+0000] {processor.py:186} INFO - Started process (PID=2491) to work on /home/airflow/.local/lib/python3.12/site-packages/airflow/example_dags/example_latest_only_with_trigger.py
[2026-07-01T09:33:40.764+0000] {processor.py:914} INFO - Processing file /home/airflow/.local/lib/python3.12/site-packages/airflow/example_dags/example_latest_only_with_trigger.py for tasks to queue
[2026-07-01T09:33:40.766+0000] {logging_mixin.py:190} INFO - [2026-07-01T09:33:40.766+0000] {dagbag.py:587} INFO - Filling up the DagBag from /home/airflow/.local/lib/python3.12/site-packages/airflow/example_dags/example_latest_only_with_trigger.py
[2026-07-01T09:33:40.772+0000] {processor.py:925} INFO - DAG(s) 'latest_only_with_trigger' retrieved from /home/airflow/.local/lib/python3.12/site-packages/airflow/example_dags/example_latest_only_with_trigger.py
[2026-07-01T09:33:40.788+0000] {logging_mixin.py:190} INFO - [2026-07-01T09:33:40.788+0000] {dag.py:3211} INFO - Sync 1 DAGs
[2026-07-01T09:33:40.804+0000] {logging_mixin.py:190} INFO - [2026-07-01T09:33:40.804+0000] {dag.py:4138} INFO - Setting next_dagrun for latest_only_with_trigger to 2026-07-01 04:00:00+00:00, run_after=2026-07-01 08:00:00+00:00
[2026-07-01T09:33:40.816+0000] {processor.py:208} INFO - Processing /home/airflow/.local/lib/python3.12/site-packages/airflow/example_dags/example_latest_only_with_trigger.py took 0.057 seconds
[2026-07-01T09:34:11.714+0000] {processor.py:186} INFO - Started process (PID=2553) to work on /home/airflow/.local/lib/python3.12/site-packages/airflow/example_dags/example_latest_only_with_trigger.py
[2026-07-01T09:34:11.715+0000] {processor.py:914} INFO - Processing file /home/airflow/.local/lib/python3.12/site-packages/airflow/example_dags/example_latest_only_with_trigger.py for tasks to queue
[2026-07-01T09:34:11.717+0000] {logging_mixin.py:190} INFO - [2026-07-01T09:34:11.717+0000] {dagbag.py:587} INFO - Filling up the DagBag from /home/airflow/.local/lib/python3.12/site-packages/airflow/example_dags/example_latest_only_with_trigger.py
[2026-07-01T09:34:11.724+0000] {processor.py:925} INFO - DAG(s) 'latest_only_with_trigger' retrieved from /home/airflow/.local/lib/python3.12/site-packages/airflow/example_dags/example_latest_only_with_trigger.py
[2026-07-01T09:34:11.742+0000] {logging_mixin.py:190} INFO - [2026-07-01T09:34:11.742+0000] {dag.py:3211} INFO - Sync 1 DAGs
[2026-07-01T09:34:11.761+0000] {logging_mixin.py:190} INFO - [2026-07-01T09:34:11.760+0000] {dag.py:4138} INFO - Setting next_dagrun for latest_only_with_trigger to 2026-07-01 04:00:00+00:00, run_after=2026-07-01 08:00:00+00:00
[2026-07-01T09:34:11.776+0000] {processor.py:208} INFO - Processing /home/airflow/.local/lib/python3.12/site-packages/airflow/example_dags/example_latest_only_with_trigger.py took 0.068 seconds
[2026-07-01T09:34:43.068+0000] {processor.py:186} INFO - Started process (PID=2618) to work on /home/airflow/.local/lib/python3.12/site-packages/airflow/example_dags/example_latest_only_with_trigger.py
[2026-07-01T09:34:43.069+0000] {processor.py:914} INFO - Processing file /home/airflow/.local/lib/python3.12/site-packages/airflow/example_dags/example_latest_only_with_trigger.py for tasks to queue
[2026-07-01T09:34:43.072+0000] {logging_mixin.py:190} INFO - [2026-07-01T09:34:43.071+0000] {dagbag.py:587} INFO - Filling up the DagBag from /home/airflow/.local/lib/python3.12/site-packages/airflow/example_dags/example_latest_only_with_trigger.py
[2026-07-01T09:34:43.078+0000] {processor.py:925} INFO - DAG(s) 'latest_only_with_trigger' retrieved from /home/airflow/.local/lib/python3.12/site-packages/airflow/example_dags/example_latest_only_with_trigger.py
[2026-07-01T09:34:43.095+0000] {logging_mixin.py:190} INFO - [2026-07-01T09:34:43.095+0000] {dag.py:3211} INFO - Sync 1 DAGs
[2026-07-01T09:34:43.113+0000] {logging_mixin.py:190} INFO - [2026-07-01T09:34:43.113+0000] {dag.py:4138} INFO - Setting next_dagrun for latest_only_with_trigger to 2026-07-01 04:00:00+00:00, run_after=2026-07-01 08:00:00+00:00
[2026-07-01T09:34:43.128+0000] {processor.py:208} INFO - Processing /home/airflow/.local/lib/python3.12/site-packages/airflow/example_dags/example_latest_only_with_trigger.py took 0.064 seconds
[2026-07-01T09:35:13.743+0000] {processor.py:186} INFO - Started process (PID=2680) to work on /home/airflow/.local/lib/python3.12/site-packages/airflow/example_dags/example_latest_only_with_trigger.py
[2026-07-01T09:35:13.744+0000] {processor.py:914} INFO - Processing file /home/airflow/.local/lib/python3.12/site-packages/airflow/example_dags/example_latest_only_with_trigger.py for tasks to queue
[2026-07-01T09:35:13.747+0000] {logging_mixin.py:190} INFO - [2026-07-01T09:35:13.747+0000] {dagbag.py:587} INFO - Filling up the DagBag from /home/airflow/.local/lib/python3.12/site-packages/airflow/example_dags/example_latest_only_with_trigger.py
[2026-07-01T09:35:13.753+0000] {processor.py:925} INFO - DAG(s) 'latest_only_with_trigger' retrieved from /home/airflow/.local/lib/python3.12/site-packages/airflow/example_dags/example_latest_only_with_trigger.py
[2026-07-01T09:35:13.769+0000] {logging_mixin.py:190} INFO - [2026-07-01T09:35:13.769+0000] {dag.py:3211} INFO - Sync 1 DAGs
[2026-07-01T09:35:13.785+0000] {logging_mixin.py:190} INFO - [2026-07-01T09:35:13.785+0000] {dag.py:4138} INFO - Setting next_dagrun for latest_only_with_trigger to 2026-07-01 04:00:00+00:00, run_after=2026-07-01 08:00:00+00:00
[2026-07-01T09:35:13.799+0000] {processor.py:208} INFO - Processing /home/airflow/.local/lib/python3.12/site-packages/airflow/example_dags/example_latest_only_with_trigger.py took 0.061 seconds
[2026-07-01T09:35:44.414+0000] {processor.py:186} INFO - Started process (PID=2742) to work on /home/airflow/.local/lib/python3.12/site-packages/airflow/example_dags/example_latest_only_with_trigger.py
[2026-07-01T09:35:44.415+0000] {processor.py:914} INFO - Processing file /home/airflow/.local/lib/python3.12/site-packages/airflow/example_dags/example_latest_only_with_trigger.py for tasks to queue
[2026-07-01T09:35:44.417+0000] {logging_mixin.py:190} INFO - [2026-07-01T09:35:44.417+0000] {dagbag.py:587} INFO - Filling up the DagBag from /home/airflow/.local/lib/python3.12/site-packages/airflow/example_dags/example_latest_only_with_trigger.py
[2026-07-01T09:35:44.424+0000] {processor.py:925} INFO - DAG(s) 'latest_only_with_trigger' retrieved from /home/airflow/.local/lib/python3.12/site-packages/airflow/example_dags/example_latest_only_with_trigger.py
[2026-07-01T09:35:44.443+0000] {logging_mixin.py:190} INFO - [2026-07-01T09:35:44.443+0000] {dag.py:3211} INFO - Sync 1 DAGs
[2026-07-01T09:35:44.461+0000] {logging_mixin.py:190} INFO - [2026-07-01T09:35:44.460+0000] {dag.py:4138} INFO - Setting next_dagrun for latest_only_with_trigger to 2026-07-01 04:00:00+00:00, run_after=2026-07-01 08:00:00+00:00
[2026-07-01T09:35:44.477+0000] {processor.py:208} INFO - Processing /home/airflow/.local/lib/python3.12/site-packages/airflow/example_dags/example_latest_only_with_trigger.py took 0.069 seconds
[2026-07-01T09:36:15.071+0000] {processor.py:186} INFO - Started process (PID=2804) to work on /home/airflow/.local/lib/python3.12/site-packages/airflow/example_dags/example_latest_only_with_trigger.py
[2026-07-01T09:36:15.072+0000] {processor.py:914} INFO - Processing file /home/airflow/.local/lib/python3.12/site-packages/airflow/example_dags/example_latest_only_with_trigger.py for tasks to queue
[2026-07-01T09:36:15.074+0000] {logging_mixin.py:190} INFO - [2026-07-01T09:36:15.074+0000] {dagbag.py:587} INFO - Filling up the DagBag from /home/airflow/.local/lib/python3.12/site-packages/airflow/example_dags/example_latest_only_with_trigger.py
[2026-07-01T09:36:15.081+0000] {processor.py:925} INFO - DAG(s) 'latest_only_with_trigger' retrieved from /home/airflow/.local/lib/python3.12/site-packages/airflow/example_dags/example_latest_only_with_trigger.py
[2026-07-01T09:36:15.099+0000] {logging_mixin.py:190} INFO - [2026-07-01T09:36:15.098+0000] {dag.py:3211} INFO - Sync 1 DAGs
[2026-07-01T09:36:15.118+0000] {logging_mixin.py:190} INFO - [2026-07-01T09:36:15.118+0000] {dag.py:4138} INFO - Setting next_dagrun for latest_only_with_trigger to 2026-07-01 04:00:00+00:00, run_after=2026-07-01 08:00:00+00:00
[2026-07-01T09:36:15.138+0000] {processor.py:208} INFO - Processing /home/airflow/.local/lib/python3.12/site-packages/airflow/example_dags/example_latest_only_with_trigger.py took 0.072 seconds
[2026-07-01T09:36:46.006+0000] {processor.py:186} INFO - Started process (PID=2866) to work on /home/airflow/.local/lib/python3.12/site-packages/airflow/example_dags/example_latest_only_with_trigger.py
[2026-07-01T09:36:46.007+0000] {processor.py:914} INFO - Processing file /home/airflow/.local/lib/python3.12/site-packages/airflow/example_dags/example_latest_only_with_trigger.py for tasks to queue
[2026-07-01T09:36:46.009+0000] {logging_mixin.py:190} INFO - [2026-07-01T09:36:46.009+0000] {dagbag.py:587} INFO - Filling up the DagBag from /home/airflow/.local/lib/python3.12/site-packages/airflow/example_dags/example_latest_only_with_trigger.py
[2026-07-01T09:36:46.016+0000] {processor.py:925} INFO - DAG(s) 'latest_only_with_trigger' retrieved from /home/airflow/.local/lib/python3.12/site-packages/airflow/example_dags/example_latest_only_with_trigger.py
[2026-07-01T09:36:46.035+0000] {logging_mixin.py:190} INFO - [2026-07-01T09:36:46.035+0000] {dag.py:3211} INFO - Sync 1 DAGs
[2026-07-01T09:36:46.055+0000] {logging_mixin.py:190} INFO - [2026-07-01T09:36:46.055+0000] {dag.py:4138} INFO - Setting next_dagrun for latest_only_with_trigger to 2026-07-01 04:00:00+00:00, run_after=2026-07-01 08:00:00+00:00
[2026-07-01T09:36:46.070+0000] {processor.py:208} INFO - Processing /home/airflow/.local/lib/python3.12/site-packages/airflow/example_dags/example_latest_only_with_trigger.py took 0.070 seconds
[2026-07-01T09:37:17.460+0000] {processor.py:186} INFO - Started process (PID=2928) to work on /home/airflow/.local/lib/python3.12/site-packages/airflow/example_dags/example_latest_only_with_trigger.py
[2026-07-01T09:37:17.461+0000] {processor.py:914} INFO - Processing file /home/airflow/.local/lib/python3.12/site-packages/airflow/example_dags/example_latest_only_with_trigger.py for tasks to queue
[2026-07-01T09:37:17.463+0000] {logging_mixin.py:190} INFO - [2026-07-01T09:37:17.463+0000] {dagbag.py:587} INFO - Filling up the DagBag from /home/airflow/.local/lib/python3.12/site-packages/airflow/example_dags/example_latest_only_with_trigger.py
[2026-07-01T09:37:17.468+0000] {processor.py:925} INFO - DAG(s) 'latest_only_with_trigger' retrieved from /home/airflow/.local/lib/python3.12/site-packages/airflow/example_dags/example_latest_only_with_trigger.py
[2026-07-01T09:37:17.483+0000] {logging_mixin.py:190} INFO - [2026-07-01T09:37:17.483+0000] {dag.py:3211} INFO - Sync 1 DAGs
[2026-07-01T09:37:17.625+0000] {logging_mixin.py:190} INFO - [2026-07-01T09:37:17.625+0000] {dag.py:4138} INFO - Setting next_dagrun for latest_only_with_trigger to 2026-07-01 04:00:00+00:00, run_after=2026-07-01 08:00:00+00:00
[2026-07-01T09:37:17.638+0000] {processor.py:208} INFO - Processing /home/airflow/.local/lib/python3.12/site-packages/airflow/example_dags/example_latest_only_with_trigger.py took 0.183 seconds
[2026-07-01T09:37:47.894+0000] {processor.py:186} INFO - Started process (PID=2989) to work on /home/airflow/.local/lib/python3.12/site-packages/airflow/example_dags/example_latest_only_with_trigger.py
[2026-07-01T09:37:47.895+0000] {processor.py:914} INFO - Processing file /home/airflow/.local/lib/python3.12/site-packages/airflow/example_dags/example_latest_only_with_trigger.py for tasks to queue
[2026-07-01T09:37:47.897+0000] {logging_mixin.py:190} INFO - [2026-07-01T09:37:47.897+0000] {dagbag.py:587} INFO - Filling up the DagBag from /home/airflow/.local/lib/python3.12/site-packages/airflow/example_dags/example_latest_only_with_trigger.py
[2026-07-01T09:37:47.905+0000] {processor.py:925} INFO - DAG(s) 'latest_only_with_trigger' retrieved from /home/airflow/.local/lib/python3.12/site-packages/airflow/example_dags/example_latest_only_with_trigger.py
[2026-07-01T09:37:47.928+0000] {logging_mixin.py:190} INFO - [2026-07-01T09:37:47.928+0000] {dag.py:3211} INFO - Sync 1 DAGs
[2026-07-01T09:37:47.951+0000] {logging_mixin.py:190} INFO - [2026-07-01T09:37:47.951+0000] {dag.py:4138} INFO - Setting next_dagrun for latest_only_with_trigger to 2026-07-01 04:00:00+00:00, run_after=2026-07-01 08:00:00+00:00
[2026-07-01T09:37:48.137+0000] {processor.py:208} INFO - Processing /home/airflow/.local/lib/python3.12/site-packages/airflow/example_dags/example_latest_only_with_trigger.py took 0.249 seconds
[2026-07-01T09:38:18.770+0000] {processor.py:186} INFO - Started process (PID=3051) to work on /home/airflow/.local/lib/python3.12/site-packages/airflow/example_dags/example_latest_only_with_trigger.py
[2026-07-01T09:38:18.771+0000] {processor.py:914} INFO - Processing file /home/airflow/.local/lib/python3.12/site-packages/airflow/example_dags/example_latest_only_with_trigger.py for tasks to queue
[2026-07-01T09:38:18.775+0000] {logging_mixin.py:190} INFO - [2026-07-01T09:38:18.775+0000] {dagbag.py:587} INFO - Filling up the DagBag from /home/airflow/.local/lib/python3.12/site-packages/airflow/example_dags/example_latest_only_with_trigger.py
[2026-07-01T09:38:18.782+0000] {processor.py:925} INFO - DAG(s) 'latest_only_with_trigger' retrieved from /home/airflow/.local/lib/python3.12/site-packages/airflow/example_dags/example_latest_only_with_trigger.py
[2026-07-01T09:38:18.797+0000] {logging_mixin.py:190} INFO - [2026-07-01T09:38:18.796+0000] {dag.py:3211} INFO - Sync 1 DAGs
[2026-07-01T09:38:18.811+0000] {logging_mixin.py:190} INFO - [2026-07-01T09:38:18.811+0000] {dag.py:4138} INFO - Setting next_dagrun for latest_only_with_trigger to 2026-07-01 04:00:00+00:00, run_after=2026-07-01 08:00:00+00:00
[2026-07-01T09:38:18.946+0000] {processor.py:208} INFO - Processing /home/airflow/.local/lib/python3.12/site-packages/airflow/example_dags/example_latest_only_with_trigger.py took 0.181 seconds
[2026-07-01T09:38:49.915+0000] {processor.py:186} INFO - Started process (PID=3120) to work on /home/airflow/.local/lib/python3.12/site-packages/airflow/example_dags/example_latest_only_with_trigger.py
[2026-07-01T09:38:49.916+0000] {processor.py:914} INFO - Processing file /home/airflow/.local/lib/python3.12/site-packages/airflow/example_dags/example_latest_only_with_trigger.py for tasks to queue
[2026-07-01T09:38:49.918+0000] {logging_mixin.py:190} INFO - [2026-07-01T09:38:49.917+0000] {dagbag.py:587} INFO - Filling up the DagBag from /home/airflow/.local/lib/python3.12/site-packages/airflow/example_dags/example_latest_only_with_trigger.py
[2026-07-01T09:38:49.924+0000] {processor.py:925} INFO - DAG(s) 'latest_only_with_trigger' retrieved from /home/airflow/.local/lib/python3.12/site-packages/airflow/example_dags/example_latest_only_with_trigger.py
[2026-07-01T09:38:49.938+0000] {logging_mixin.py:190} INFO - [2026-07-01T09:38:49.938+0000] {dag.py:3211} INFO - Sync 1 DAGs
[2026-07-01T09:38:49.956+0000] {logging_mixin.py:190} INFO - [2026-07-01T09:38:49.956+0000] {dag.py:4138} INFO - Setting next_dagrun for latest_only_with_trigger to 2026-07-01 04:00:00+00:00, run_after=2026-07-01 08:00:00+00:00
[2026-07-01T09:38:49.972+0000] {processor.py:208} INFO - Processing /home/airflow/.local/lib/python3.12/site-packages/airflow/example_dags/example_latest_only_with_trigger.py took 0.062 seconds
[2026-07-01T09:39:20.565+0000] {processor.py:186} INFO - Started process (PID=3182) to work on /home/airflow/.local/lib/python3.12/site-packages/airflow/example_dags/example_latest_only_with_trigger.py
[2026-07-01T09:39:20.566+0000] {processor.py:914} INFO - Processing file /home/airflow/.local/lib/python3.12/site-packages/airflow/example_dags/example_latest_only_with_trigger.py for tasks to queue
[2026-07-01T09:39:20.568+0000] {logging_mixin.py:190} INFO - [2026-07-01T09:39:20.568+0000] {dagbag.py:587} INFO - Filling up the DagBag from /home/airflow/.local/lib/python3.12/site-packages/airflow/example_dags/example_latest_only_with_trigger.py
[2026-07-01T09:39:20.574+0000] {processor.py:925} INFO - DAG(s) 'latest_only_with_trigger' retrieved from /home/airflow/.local/lib/python3.12/site-packages/airflow/example_dags/example_latest_only_with_trigger.py
[2026-07-01T09:39:20.591+0000] {logging_mixin.py:190} INFO - [2026-07-01T09:39:20.591+0000] {dag.py:3211} INFO - Sync 1 DAGs
[2026-07-01T09:39:20.607+0000] {logging_mixin.py:190} INFO - [2026-07-01T09:39:20.606+0000] {dag.py:4138} INFO - Setting next_dagrun for latest_only_with_trigger to 2026-07-01 04:00:00+00:00, run_after=2026-07-01 08:00:00+00:00
[2026-07-01T09:39:20.622+0000] {processor.py:208} INFO - Processing /home/airflow/.local/lib/python3.12/site-packages/airflow/example_dags/example_latest_only_with_trigger.py took 0.062 seconds
[2026-07-01T09:39:50.819+0000] {processor.py:186} INFO - Started process (PID=3243) to work on /home/airflow/.local/lib/python3.12/site-packages/airflow/example_dags/example_latest_only_with_trigger.py
[2026-07-01T09:39:50.820+0000] {processor.py:914} INFO - Processing file /home/airflow/.local/lib/python3.12/site-packages/airflow/example_dags/example_latest_only_with_trigger.py for tasks to queue
[2026-07-01T09:39:50.822+0000] {logging_mixin.py:190} INFO - [2026-07-01T09:39:50.822+0000] {dagbag.py:587} INFO - Filling up the DagBag from /home/airflow/.local/lib/python3.12/site-packages/airflow/example_dags/example_latest_only_with_trigger.py
[2026-07-01T09:39:50.828+0000] {processor.py:925} INFO - DAG(s) 'latest_only_with_trigger' retrieved from /home/airflow/.local/lib/python3.12/site-packages/airflow/example_dags/example_latest_only_with_trigger.py
[2026-07-01T09:39:50.844+0000] {logging_mixin.py:190} INFO - [2026-07-01T09:39:50.844+0000] {dag.py:3211} INFO - Sync 1 DAGs
[2026-07-01T09:39:50.861+0000] {logging_mixin.py:190} INFO - [2026-07-01T09:39:50.861+0000] {dag.py:4138} INFO - Setting next_dagrun for latest_only_with_trigger to 2026-07-01 04:00:00+00:00, run_after=2026-07-01 08:00:00+00:00
[2026-07-01T09:39:50.874+0000] {processor.py:208} INFO - Processing /home/airflow/.local/lib/python3.12/site-packages/airflow/example_dags/example_latest_only_with_trigger.py took 0.060 seconds
[2026-07-01T09:40:22.219+0000] {processor.py:186} INFO - Started process (PID=3306) to work on /home/airflow/.local/lib/python3.12/site-packages/airflow/example_dags/example_latest_only_with_trigger.py
[2026-07-01T09:40:22.220+0000] {processor.py:914} INFO - Processing file /home/airflow/.local/lib/python3.12/site-packages/airflow/example_dags/example_latest_only_with_trigger.py for tasks to queue
[2026-07-01T09:40:22.223+0000] {logging_mixin.py:190} INFO - [2026-07-01T09:40:22.222+0000] {dagbag.py:587} INFO - Filling up the DagBag from /home/airflow/.local/lib/python3.12/site-packages/airflow/example_dags/example_latest_only_with_trigger.py
[2026-07-01T09:40:22.228+0000] {processor.py:925} INFO - DAG(s) 'latest_only_with_trigger' retrieved from /home/airflow/.local/lib/python3.12/site-packages/airflow/example_dags/example_latest_only_with_trigger.py
[2026-07-01T09:40:22.245+0000] {logging_mixin.py:190} INFO - [2026-07-01T09:40:22.245+0000] {dag.py:3211} INFO - Sync 1 DAGs
[2026-07-01T09:40:22.260+0000] {logging_mixin.py:190} INFO - [2026-07-01T09:40:22.260+0000] {dag.py:4138} INFO - Setting next_dagrun for latest_only_with_trigger to 2026-07-01 04:00:00+00:00, run_after=2026-07-01 08:00:00+00:00
[2026-07-01T09:40:22.273+0000] {processor.py:208} INFO - Processing /home/airflow/.local/lib/python3.12/site-packages/airflow/example_dags/example_latest_only_with_trigger.py took 0.058 seconds
[2026-07-01T09:40:52.453+0000] {processor.py:186} INFO - Started process (PID=3368) to work on /home/airflow/.local/lib/python3.12/site-packages/airflow/example_dags/example_latest_only_with_trigger.py
[2026-07-01T09:40:52.455+0000] {processor.py:914} INFO - Processing file /home/airflow/.local/lib/python3.12/site-packages/airflow/example_dags/example_latest_only_with_trigger.py for tasks to queue
[2026-07-01T09:40:52.458+0000] {logging_mixin.py:190} INFO - [2026-07-01T09:40:52.458+0000] {dagbag.py:587} INFO - Filling up the DagBag from /home/airflow/.local/lib/python3.12/site-packages/airflow/example_dags/example_latest_only_with_trigger.py
[2026-07-01T09:40:52.466+0000] {processor.py:925} INFO - DAG(s) 'latest_only_with_trigger' retrieved from /home/airflow/.local/lib/python3.12/site-packages/airflow/example_dags/example_latest_only_with_trigger.py
[2026-07-01T09:40:52.488+0000] {logging_mixin.py:190} INFO - [2026-07-01T09:40:52.488+0000] {dag.py:3211} INFO - Sync 1 DAGs
[2026-07-01T09:40:52.507+0000] {logging_mixin.py:190} INFO - [2026-07-01T09:40:52.507+0000] {dag.py:4138} INFO - Setting next_dagrun for latest_only_with_trigger to 2026-07-01 04:00:00+00:00, run_after=2026-07-01 08:00:00+00:00
[2026-07-01T09:40:52.526+0000] {processor.py:208} INFO - Processing /home/airflow/.local/lib/python3.12/site-packages/airflow/example_dags/example_latest_only_with_trigger.py took 0.079 seconds
[2026-07-01T09:41:22.842+0000] {processor.py:186} INFO - Started process (PID=3430) to work on /home/airflow/.local/lib/python3.12/site-packages/airflow/example_dags/example_latest_only_with_trigger.py
[2026-07-01T09:41:22.843+0000] {processor.py:914} INFO - Processing file /home/airflow/.local/lib/python3.12/site-packages/airflow/example_dags/example_latest_only_with_trigger.py for tasks to queue
[2026-07-01T09:41:22.845+0000] {logging_mixin.py:190} INFO - [2026-07-01T09:41:22.845+0000] {dagbag.py:587} INFO - Filling up the DagBag from /home/airflow/.local/lib/python3.12/site-packages/airflow/example_dags/example_latest_only_with_trigger.py
[2026-07-01T09:41:22.851+0000] {processor.py:925} INFO - DAG(s) 'latest_only_with_trigger' retrieved from /home/airflow/.local/lib/python3.12/site-packages/airflow/example_dags/example_latest_only_with_trigger.py
[2026-07-01T09:41:22.866+0000] {logging_mixin.py:190} INFO - [2026-07-01T09:41:22.866+0000] {dag.py:3211} INFO - Sync 1 DAGs
[2026-07-01T09:41:22.881+0000] {logging_mixin.py:190} INFO - [2026-07-01T09:41:22.880+0000] {dag.py:4138} INFO - Setting next_dagrun for latest_only_with_trigger to 2026-07-01 04:00:00+00:00, run_after=2026-07-01 08:00:00+00:00
[2026-07-01T09:41:22.894+0000] {processor.py:208} INFO - Processing /home/airflow/.local/lib/python3.12/site-packages/airflow/example_dags/example_latest_only_with_trigger.py took 0.056 seconds
[2026-07-01T09:41:53.176+0000] {processor.py:186} INFO - Started process (PID=3492) to work on /home/airflow/.local/lib/python3.12/site-packages/airflow/example_dags/example_latest_only_with_trigger.py
[2026-07-01T09:41:53.177+0000] {processor.py:914} INFO - Processing file /home/airflow/.local/lib/python3.12/site-packages/airflow/example_dags/example_latest_only_with_trigger.py for tasks to queue
[2026-07-01T09:41:53.180+0000] {logging_mixin.py:190} INFO - [2026-07-01T09:41:53.180+0000] {dagbag.py:587} INFO - Filling up the DagBag from /home/airflow/.local/lib/python3.12/site-packages/airflow/example_dags/example_latest_only_with_trigger.py
[2026-07-01T09:41:53.188+0000] {processor.py:925} INFO - DAG(s) 'latest_only_with_trigger' retrieved from /home/airflow/.local/lib/python3.12/site-packages/airflow/example_dags/example_latest_only_with_trigger.py
[2026-07-01T09:41:53.204+0000] {logging_mixin.py:190} INFO - [2026-07-01T09:41:53.204+0000] {dag.py:3211} INFO - Sync 1 DAGs
[2026-07-01T09:41:53.222+0000] {logging_mixin.py:190} INFO - [2026-07-01T09:41:53.221+0000] {dag.py:4138} INFO - Setting next_dagrun for latest_only_with_trigger to 2026-07-01 04:00:00+00:00, run_after=2026-07-01 08:00:00+00:00
[2026-07-01T09:41:53.235+0000] {processor.py:208} INFO - Processing /home/airflow/.local/lib/python3.12/site-packages/airflow/example_dags/example_latest_only_with_trigger.py took 0.064 seconds
[2026-07-01T09:42:23.415+0000] {processor.py:186} INFO - Started process (PID=3554) to work on /home/airflow/.local/lib/python3.12/site-packages/airflow/example_dags/example_latest_only_with_trigger.py
[2026-07-01T09:42:23.416+0000] {processor.py:914} INFO - Processing file /home/airflow/.local/lib/python3.12/site-packages/airflow/example_dags/example_latest_only_with_trigger.py for tasks to queue
[2026-07-01T09:42:23.418+0000] {logging_mixin.py:190} INFO - [2026-07-01T09:42:23.418+0000] {dagbag.py:587} INFO - Filling up the DagBag from /home/airflow/.local/lib/python3.12/site-packages/airflow/example_dags/example_latest_only_with_trigger.py
[2026-07-01T09:42:23.423+0000] {processor.py:925} INFO - DAG(s) 'latest_only_with_trigger' retrieved from /home/airflow/.local/lib/python3.12/site-packages/airflow/example_dags/example_latest_only_with_trigger.py
[2026-07-01T09:42:23.438+0000] {logging_mixin.py:190} INFO - [2026-07-01T09:42:23.437+0000] {dag.py:3211} INFO - Sync 1 DAGs
[2026-07-01T09:42:23.452+0000] {logging_mixin.py:190} INFO - [2026-07-01T09:42:23.452+0000] {dag.py:4138} INFO - Setting next_dagrun for latest_only_with_trigger to 2026-07-01 04:00:00+00:00, run_after=2026-07-01 08:00:00+00:00
[2026-07-01T09:42:23.464+0000] {processor.py:208} INFO - Processing /home/airflow/.local/lib/python3.12/site-packages/airflow/example_dags/example_latest_only_with_trigger.py took 0.054 seconds
[2026-07-01T09:42:53.815+0000] {processor.py:186} INFO - Started process (PID=3616) to work on /home/airflow/.local/lib/python3.12/site-packages/airflow/example_dags/example_latest_only_with_trigger.py
[2026-07-01T09:42:53.815+0000] {processor.py:914} INFO - Processing file /home/airflow/.local/lib/python3.12/site-packages/airflow/example_dags/example_latest_only_with_trigger.py for tasks to queue
[2026-07-01T09:42:53.817+0000] {logging_mixin.py:190} INFO - [2026-07-01T09:42:53.817+0000] {dagbag.py:587} INFO - Filling up the DagBag from /home/airflow/.local/lib/python3.12/site-packages/airflow/example_dags/example_latest_only_with_trigger.py
[2026-07-01T09:42:53.823+0000] {processor.py:925} INFO - DAG(s) 'latest_only_with_trigger' retrieved from /home/airflow/.local/lib/python3.12/site-packages/airflow/example_dags/example_latest_only_with_trigger.py
[2026-07-01T09:42:53.838+0000] {logging_mixin.py:190} INFO - [2026-07-01T09:42:53.838+0000] {dag.py:3211} INFO - Sync 1 DAGs
[2026-07-01T09:42:53.854+0000] {logging_mixin.py:190} INFO - [2026-07-01T09:42:53.854+0000] {dag.py:4138} INFO - Setting next_dagrun for latest_only_with_trigger to 2026-07-01 04:00:00+00:00, run_after=2026-07-01 08:00:00+00:00
[2026-07-01T09:42:53.870+0000] {processor.py:208} INFO - Processing /home/airflow/.local/lib/python3.12/site-packages/airflow/example_dags/example_latest_only_with_trigger.py took 0.060 seconds
[2026-07-01T09:43:23.995+0000] {processor.py:186} INFO - Started process (PID=3677) to work on /home/airflow/.local/lib/python3.12/site-packages/airflow/example_dags/example_latest_only_with_trigger.py
[2026-07-01T09:43:23.996+0000] {processor.py:914} INFO - Processing file /home/airflow/.local/lib/python3.12/site-packages/airflow/example_dags/example_latest_only_with_trigger.py for tasks to queue
[2026-07-01T09:43:23.998+0000] {logging_mixin.py:190} INFO - [2026-07-01T09:43:23.998+0000] {dagbag.py:587} INFO - Filling up the DagBag from /home/airflow/.local/lib/python3.12/site-packages/airflow/example_dags/example_latest_only_with_trigger.py
[2026-07-01T09:43:24.004+0000] {processor.py:925} INFO - DAG(s) 'latest_only_with_trigger' retrieved from /home/airflow/.local/lib/python3.12/site-packages/airflow/example_dags/example_latest_only_with_trigger.py
[2026-07-01T09:43:24.021+0000] {logging_mixin.py:190} INFO - [2026-07-01T09:43:24.021+0000] {dag.py:3211} INFO - Sync 1 DAGs
[2026-07-01T09:43:24.038+0000] {logging_mixin.py:190} INFO - [2026-07-01T09:43:24.038+0000] {dag.py:4138} INFO - Setting next_dagrun for latest_only_with_trigger to 2026-07-01 04:00:00+00:00, run_after=2026-07-01 08:00:00+00:00
[2026-07-01T09:43:24.052+0000] {processor.py:208} INFO - Processing /home/airflow/.local/lib/python3.12/site-packages/airflow/example_dags/example_latest_only_with_trigger.py took 0.062 seconds
[2026-07-01T09:43:54.282+0000] {processor.py:186} INFO - Started process (PID=3739) to work on /home/airflow/.local/lib/python3.12/site-packages/airflow/example_dags/example_latest_only_with_trigger.py
[2026-07-01T09:43:54.284+0000] {processor.py:914} INFO - Processing file /home/airflow/.local/lib/python3.12/site-packages/airflow/example_dags/example_latest_only_with_trigger.py for tasks to queue
[2026-07-01T09:43:54.287+0000] {logging_mixin.py:190} INFO - [2026-07-01T09:43:54.287+0000] {dagbag.py:587} INFO - Filling up the DagBag from /home/airflow/.local/lib/python3.12/site-packages/airflow/example_dags/example_latest_only_with_trigger.py
[2026-07-01T09:43:54.294+0000] {processor.py:925} INFO - DAG(s) 'latest_only_with_trigger' retrieved from /home/airflow/.local/lib/python3.12/site-packages/airflow/example_dags/example_latest_only_with_trigger.py
[2026-07-01T09:43:54.312+0000] {logging_mixin.py:190} INFO - [2026-07-01T09:43:54.311+0000] {dag.py:3211} INFO - Sync 1 DAGs
[2026-07-01T09:43:54.329+0000] {logging_mixin.py:190} INFO - [2026-07-01T09:43:54.329+0000] {dag.py:4138} INFO - Setting next_dagrun for latest_only_with_trigger to 2026-07-01 04:00:00+00:00, run_after=2026-07-01 08:00:00+00:00
[2026-07-01T09:43:54.342+0000] {processor.py:208} INFO - Processing /home/airflow/.local/lib/python3.12/site-packages/airflow/example_dags/example_latest_only_with_trigger.py took 0.066 seconds
[2026-07-01T09:44:24.840+0000] {processor.py:186} INFO - Started process (PID=3801) to work on /home/airflow/.local/lib/python3.12/site-packages/airflow/example_dags/example_latest_only_with_trigger.py
[2026-07-01T09:44:24.841+0000] {processor.py:914} INFO - Processing file /home/airflow/.local/lib/python3.12/site-packages/airflow/example_dags/example_latest_only_with_trigger.py for tasks to queue
[2026-07-01T09:44:24.843+0000] {logging_mixin.py:190} INFO - [2026-07-01T09:44:24.843+0000] {dagbag.py:587} INFO - Filling up the DagBag from /home/airflow/.local/lib/python3.12/site-packages/airflow/example_dags/example_latest_only_with_trigger.py
[2026-07-01T09:44:24.849+0000] {processor.py:925} INFO - DAG(s) 'latest_only_with_trigger' retrieved from /home/airflow/.local/lib/python3.12/site-packages/airflow/example_dags/example_latest_only_with_trigger.py
[2026-07-01T09:44:24.866+0000] {logging_mixin.py:190} INFO - [2026-07-01T09:44:24.865+0000] {dag.py:3211} INFO - Sync 1 DAGs
[2026-07-01T09:44:24.881+0000] {logging_mixin.py:190} INFO - [2026-07-01T09:44:24.881+0000] {dag.py:4138} INFO - Setting next_dagrun for latest_only_with_trigger to 2026-07-01 04:00:00+00:00, run_after=2026-07-01 08:00:00+00:00
[2026-07-01T09:44:24.893+0000] {processor.py:208} INFO - Processing /home/airflow/.local/lib/python3.12/site-packages/airflow/example_dags/example_latest_only_with_trigger.py took 0.059 seconds
[2026-07-01T09:44:55.208+0000] {processor.py:186} INFO - Started process (PID=3864) to work on /home/airflow/.local/lib/python3.12/site-packages/airflow/example_dags/example_latest_only_with_trigger.py
[2026-07-01T09:44:55.210+0000] {processor.py:914} INFO - Processing file /home/airflow/.local/lib/python3.12/site-packages/airflow/example_dags/example_latest_only_with_trigger.py for tasks to queue
[2026-07-01T09:44:55.214+0000] {logging_mixin.py:190} INFO - [2026-07-01T09:44:55.213+0000] {dagbag.py:587} INFO - Filling up the DagBag from /home/airflow/.local/lib/python3.12/site-packages/airflow/example_dags/example_latest_only_with_trigger.py
[2026-07-01T09:44:55.224+0000] {processor.py:925} INFO - DAG(s) 'latest_only_with_trigger' retrieved from /home/airflow/.local/lib/python3.12/site-packages/airflow/example_dags/example_latest_only_with_trigger.py
[2026-07-01T09:44:55.248+0000] {logging_mixin.py:190} INFO - [2026-07-01T09:44:55.248+0000] {dag.py:3211} INFO - Sync 1 DAGs
[2026-07-01T09:44:55.275+0000] {logging_mixin.py:190} INFO - [2026-07-01T09:44:55.275+0000] {dag.py:4138} INFO - Setting next_dagrun for latest_only_with_trigger to 2026-07-01 04:00:00+00:00, run_after=2026-07-01 08:00:00+00:00
[2026-07-01T09:44:55.290+0000] {processor.py:208} INFO - Processing /home/airflow/.local/lib/python3.12/site-packages/airflow/example_dags/example_latest_only_with_trigger.py took 0.089 seconds
[2026-07-01T09:45:25.617+0000] {processor.py:186} INFO - Started process (PID=3925) to work on /home/airflow/.local/lib/python3.12/site-packages/airflow/example_dags/example_latest_only_with_trigger.py
[2026-07-01T09:45:25.619+0000] {processor.py:914} INFO - Processing file /home/airflow/.local/lib/python3.12/site-packages/airflow/example_dags/example_latest_only_with_trigger.py for tasks to queue
[2026-07-01T09:45:25.621+0000] {logging_mixin.py:190} INFO - [2026-07-01T09:45:25.621+0000] {dagbag.py:587} INFO - Filling up the DagBag from /home/airflow/.local/lib/python3.12/site-packages/airflow/example_dags/example_latest_only_with_trigger.py
[2026-07-01T09:45:25.629+0000] {processor.py:925} INFO - DAG(s) 'latest_only_with_trigger' retrieved from /home/airflow/.local/lib/python3.12/site-packages/airflow/example_dags/example_latest_only_with_trigger.py
[2026-07-01T09:45:25.649+0000] {logging_mixin.py:190} INFO - [2026-07-01T09:45:25.648+0000] {dag.py:3211} INFO - Sync 1 DAGs
[2026-07-01T09:45:25.671+0000] {logging_mixin.py:190} INFO - [2026-07-01T09:45:25.671+0000] {dag.py:4138} INFO - Setting next_dagrun for latest_only_with_trigger to 2026-07-01 04:00:00+00:00, run_after=2026-07-01 08:00:00+00:00
[2026-07-01T09:45:25.686+0000] {processor.py:208} INFO - Processing /home/airflow/.local/lib/python3.12/site-packages/airflow/example_dags/example_latest_only_with_trigger.py took 0.075 seconds
