[2026-07-01T09:09:41.258+0000] {processor.py:186} INFO - Started process (PID=97) to work on /home/airflow/.local/lib/python3.12/site-packages/airflow/example_dags/example_workday_timetable.py
[2026-07-01T09:09:41.259+0000] {processor.py:914} INFO - Processing file /home/airflow/.local/lib/python3.12/site-packages/airflow/example_dags/example_workday_timetable.py for tasks to queue
[2026-07-01T09:09:41.261+0000] {logging_mixin.py:190} INFO - [2026-07-01T09:09:41.261+0000] {dagbag.py:587} INFO - Filling up the DagBag from /home/airflow/.local/lib/python3.12/site-packages/airflow/example_dags/example_workday_timetable.py
[2026-07-01T09:09:41.267+0000] {processor.py:925} INFO - DAG(s) 'example_workday_timetable' retrieved from /home/airflow/.local/lib/python3.12/site-packages/airflow/example_dags/example_workday_timetable.py
[2026-07-01T09:09:41.351+0000] {logging_mixin.py:190} INFO - [2026-07-01T09:09:41.351+0000] {override.py:1858} INFO - Created Permission View: can read on DAG:example_workday_timetable
[2026-07-01T09:09:41.360+0000] {logging_mixin.py:190} INFO - [2026-07-01T09:09:41.359+0000] {override.py:1858} INFO - Created Permission View: can delete on DAG:example_workday_timetable
[2026-07-01T09:09:41.365+0000] {logging_mixin.py:190} INFO - [2026-07-01T09:09:41.365+0000] {override.py:1858} INFO - Created Permission View: can edit on DAG:example_workday_timetable
[2026-07-01T09:09:41.366+0000] {logging_mixin.py:190} INFO - [2026-07-01T09:09:41.366+0000] {dag.py:3211} INFO - Sync 1 DAGs
[2026-07-01T09:09:41.376+0000] {logging_mixin.py:190} INFO - [2026-07-01T09:09:41.376+0000] {dag.py:3234} INFO - Creating ORM DAG for example_workday_timetable
[2026-07-01T09:09:41.430+0000] {logging_mixin.py:190} INFO - [2026-07-01T09:09:41.429+0000] {dag.py:4138} INFO - Setting next_dagrun for example_workday_timetable to 2021-01-04 00:00:00+00:00, run_after=2021-01-05 00:00:00+00:00
[2026-07-01T09:09:41.449+0000] {processor.py:208} INFO - Processing /home/airflow/.local/lib/python3.12/site-packages/airflow/example_dags/example_workday_timetable.py took 0.196 seconds
[2026-07-01T09:10:11.707+0000] {processor.py:186} INFO - Started process (PID=159) to work on /home/airflow/.local/lib/python3.12/site-packages/airflow/example_dags/example_workday_timetable.py
[2026-07-01T09:10:11.709+0000] {processor.py:914} INFO - Processing file /home/airflow/.local/lib/python3.12/site-packages/airflow/example_dags/example_workday_timetable.py for tasks to queue
[2026-07-01T09:10:11.713+0000] {logging_mixin.py:190} INFO - [2026-07-01T09:10:11.712+0000] {dagbag.py:587} INFO - Filling up the DagBag from /home/airflow/.local/lib/python3.12/site-packages/airflow/example_dags/example_workday_timetable.py
[2026-07-01T09:10:11.720+0000] {processor.py:925} INFO - DAG(s) 'example_workday_timetable' retrieved from /home/airflow/.local/lib/python3.12/site-packages/airflow/example_dags/example_workday_timetable.py
[2026-07-01T09:10:11.748+0000] {logging_mixin.py:190} INFO - [2026-07-01T09:10:11.748+0000] {dag.py:3211} INFO - Sync 1 DAGs
[2026-07-01T09:10:11.795+0000] {logging_mixin.py:190} INFO - [2026-07-01T09:10:11.795+0000] {dag.py:4138} INFO - Setting next_dagrun for example_workday_timetable to 2021-01-04 00:00:00+00:00, run_after=2021-01-05 00:00:00+00:00
[2026-07-01T09:10:11.808+0000] {processor.py:208} INFO - Processing /home/airflow/.local/lib/python3.12/site-packages/airflow/example_dags/example_workday_timetable.py took 0.109 seconds
[2026-07-01T09:10:41.908+0000] {processor.py:186} INFO - Started process (PID=221) to work on /home/airflow/.local/lib/python3.12/site-packages/airflow/example_dags/example_workday_timetable.py
[2026-07-01T09:10:41.909+0000] {processor.py:914} INFO - Processing file /home/airflow/.local/lib/python3.12/site-packages/airflow/example_dags/example_workday_timetable.py for tasks to queue
[2026-07-01T09:10:41.911+0000] {logging_mixin.py:190} INFO - [2026-07-01T09:10:41.910+0000] {dagbag.py:587} INFO - Filling up the DagBag from /home/airflow/.local/lib/python3.12/site-packages/airflow/example_dags/example_workday_timetable.py
[2026-07-01T09:10:41.915+0000] {processor.py:925} INFO - DAG(s) 'example_workday_timetable' retrieved from /home/airflow/.local/lib/python3.12/site-packages/airflow/example_dags/example_workday_timetable.py
[2026-07-01T09:10:41.928+0000] {logging_mixin.py:190} INFO - [2026-07-01T09:10:41.928+0000] {dag.py:3211} INFO - Sync 1 DAGs
[2026-07-01T09:10:41.963+0000] {logging_mixin.py:190} INFO - [2026-07-01T09:10:41.963+0000] {dag.py:4138} INFO - Setting next_dagrun for example_workday_timetable to 2021-01-04 00:00:00+00:00, run_after=2021-01-05 00:00:00+00:00
[2026-07-01T09:10:41.977+0000] {processor.py:208} INFO - Processing /home/airflow/.local/lib/python3.12/site-packages/airflow/example_dags/example_workday_timetable.py took 0.073 seconds
[2026-07-01T09:11:12.220+0000] {processor.py:186} INFO - Started process (PID=283) to work on /home/airflow/.local/lib/python3.12/site-packages/airflow/example_dags/example_workday_timetable.py
[2026-07-01T09:11:12.221+0000] {processor.py:914} INFO - Processing file /home/airflow/.local/lib/python3.12/site-packages/airflow/example_dags/example_workday_timetable.py for tasks to queue
[2026-07-01T09:11:12.223+0000] {logging_mixin.py:190} INFO - [2026-07-01T09:11:12.223+0000] {dagbag.py:587} INFO - Filling up the DagBag from /home/airflow/.local/lib/python3.12/site-packages/airflow/example_dags/example_workday_timetable.py
[2026-07-01T09:11:12.228+0000] {processor.py:925} INFO - DAG(s) 'example_workday_timetable' retrieved from /home/airflow/.local/lib/python3.12/site-packages/airflow/example_dags/example_workday_timetable.py
[2026-07-01T09:11:12.242+0000] {logging_mixin.py:190} INFO - [2026-07-01T09:11:12.242+0000] {dag.py:3211} INFO - Sync 1 DAGs
[2026-07-01T09:11:12.279+0000] {logging_mixin.py:190} INFO - [2026-07-01T09:11:12.279+0000] {dag.py:4138} INFO - Setting next_dagrun for example_workday_timetable to 2021-01-04 00:00:00+00:00, run_after=2021-01-05 00:00:00+00:00
[2026-07-01T09:11:12.292+0000] {processor.py:208} INFO - Processing /home/airflow/.local/lib/python3.12/site-packages/airflow/example_dags/example_workday_timetable.py took 0.077 seconds
[2026-07-01T09:11:42.636+0000] {processor.py:186} INFO - Started process (PID=345) to work on /home/airflow/.local/lib/python3.12/site-packages/airflow/example_dags/example_workday_timetable.py
[2026-07-01T09:11:42.637+0000] {processor.py:914} INFO - Processing file /home/airflow/.local/lib/python3.12/site-packages/airflow/example_dags/example_workday_timetable.py for tasks to queue
[2026-07-01T09:11:42.640+0000] {logging_mixin.py:190} INFO - [2026-07-01T09:11:42.639+0000] {dagbag.py:587} INFO - Filling up the DagBag from /home/airflow/.local/lib/python3.12/site-packages/airflow/example_dags/example_workday_timetable.py
[2026-07-01T09:11:42.647+0000] {processor.py:925} INFO - DAG(s) 'example_workday_timetable' retrieved from /home/airflow/.local/lib/python3.12/site-packages/airflow/example_dags/example_workday_timetable.py
[2026-07-01T09:11:42.666+0000] {logging_mixin.py:190} INFO - [2026-07-01T09:11:42.665+0000] {dag.py:3211} INFO - Sync 1 DAGs
[2026-07-01T09:11:42.708+0000] {logging_mixin.py:190} INFO - [2026-07-01T09:11:42.708+0000] {dag.py:4138} INFO - Setting next_dagrun for example_workday_timetable to 2021-01-04 00:00:00+00:00, run_after=2021-01-05 00:00:00+00:00
[2026-07-01T09:11:42.722+0000] {processor.py:208} INFO - Processing /home/airflow/.local/lib/python3.12/site-packages/airflow/example_dags/example_workday_timetable.py took 0.095 seconds
[2026-07-01T09:12:13.003+0000] {processor.py:186} INFO - Started process (PID=407) to work on /home/airflow/.local/lib/python3.12/site-packages/airflow/example_dags/example_workday_timetable.py
[2026-07-01T09:12:13.004+0000] {processor.py:914} INFO - Processing file /home/airflow/.local/lib/python3.12/site-packages/airflow/example_dags/example_workday_timetable.py for tasks to queue
[2026-07-01T09:12:13.006+0000] {logging_mixin.py:190} INFO - [2026-07-01T09:12:13.006+0000] {dagbag.py:587} INFO - Filling up the DagBag from /home/airflow/.local/lib/python3.12/site-packages/airflow/example_dags/example_workday_timetable.py
[2026-07-01T09:12:13.013+0000] {processor.py:925} INFO - DAG(s) 'example_workday_timetable' retrieved from /home/airflow/.local/lib/python3.12/site-packages/airflow/example_dags/example_workday_timetable.py
[2026-07-01T09:12:13.029+0000] {logging_mixin.py:190} INFO - [2026-07-01T09:12:13.029+0000] {dag.py:3211} INFO - Sync 1 DAGs
[2026-07-01T09:12:13.073+0000] {logging_mixin.py:190} INFO - [2026-07-01T09:12:13.073+0000] {dag.py:4138} INFO - Setting next_dagrun for example_workday_timetable to 2021-01-04 00:00:00+00:00, run_after=2021-01-05 00:00:00+00:00
[2026-07-01T09:12:13.090+0000] {processor.py:208} INFO - Processing /home/airflow/.local/lib/python3.12/site-packages/airflow/example_dags/example_workday_timetable.py took 0.092 seconds
[2026-07-01T09:12:43.429+0000] {processor.py:186} INFO - Started process (PID=469) to work on /home/airflow/.local/lib/python3.12/site-packages/airflow/example_dags/example_workday_timetable.py
[2026-07-01T09:12:43.431+0000] {processor.py:914} INFO - Processing file /home/airflow/.local/lib/python3.12/site-packages/airflow/example_dags/example_workday_timetable.py for tasks to queue
[2026-07-01T09:12:43.433+0000] {logging_mixin.py:190} INFO - [2026-07-01T09:12:43.433+0000] {dagbag.py:587} INFO - Filling up the DagBag from /home/airflow/.local/lib/python3.12/site-packages/airflow/example_dags/example_workday_timetable.py
[2026-07-01T09:12:43.438+0000] {processor.py:925} INFO - DAG(s) 'example_workday_timetable' retrieved from /home/airflow/.local/lib/python3.12/site-packages/airflow/example_dags/example_workday_timetable.py
[2026-07-01T09:12:43.455+0000] {logging_mixin.py:190} INFO - [2026-07-01T09:12:43.454+0000] {dag.py:3211} INFO - Sync 1 DAGs
[2026-07-01T09:12:43.497+0000] {logging_mixin.py:190} INFO - [2026-07-01T09:12:43.497+0000] {dag.py:4138} INFO - Setting next_dagrun for example_workday_timetable to 2021-01-04 00:00:00+00:00, run_after=2021-01-05 00:00:00+00:00
[2026-07-01T09:12:43.510+0000] {processor.py:208} INFO - Processing /home/airflow/.local/lib/python3.12/site-packages/airflow/example_dags/example_workday_timetable.py took 0.085 seconds
[2026-07-01T09:13:13.873+0000] {processor.py:186} INFO - Started process (PID=531) to work on /home/airflow/.local/lib/python3.12/site-packages/airflow/example_dags/example_workday_timetable.py
[2026-07-01T09:13:13.875+0000] {processor.py:914} INFO - Processing file /home/airflow/.local/lib/python3.12/site-packages/airflow/example_dags/example_workday_timetable.py for tasks to queue
[2026-07-01T09:13:13.878+0000] {logging_mixin.py:190} INFO - [2026-07-01T09:13:13.878+0000] {dagbag.py:587} INFO - Filling up the DagBag from /home/airflow/.local/lib/python3.12/site-packages/airflow/example_dags/example_workday_timetable.py
[2026-07-01T09:13:13.883+0000] {processor.py:925} INFO - DAG(s) 'example_workday_timetable' retrieved from /home/airflow/.local/lib/python3.12/site-packages/airflow/example_dags/example_workday_timetable.py
[2026-07-01T09:13:13.898+0000] {logging_mixin.py:190} INFO - [2026-07-01T09:13:13.898+0000] {dag.py:3211} INFO - Sync 1 DAGs
[2026-07-01T09:13:13.935+0000] {logging_mixin.py:190} INFO - [2026-07-01T09:13:13.935+0000] {dag.py:4138} INFO - Setting next_dagrun for example_workday_timetable to 2021-01-04 00:00:00+00:00, run_after=2021-01-05 00:00:00+00:00
[2026-07-01T09:13:13.948+0000] {processor.py:208} INFO - Processing /home/airflow/.local/lib/python3.12/site-packages/airflow/example_dags/example_workday_timetable.py took 0.082 seconds
[2026-07-01T09:13:44.801+0000] {processor.py:186} INFO - Started process (PID=593) to work on /home/airflow/.local/lib/python3.12/site-packages/airflow/example_dags/example_workday_timetable.py
[2026-07-01T09:13:44.802+0000] {processor.py:914} INFO - Processing file /home/airflow/.local/lib/python3.12/site-packages/airflow/example_dags/example_workday_timetable.py for tasks to queue
[2026-07-01T09:13:44.803+0000] {logging_mixin.py:190} INFO - [2026-07-01T09:13:44.803+0000] {dagbag.py:587} INFO - Filling up the DagBag from /home/airflow/.local/lib/python3.12/site-packages/airflow/example_dags/example_workday_timetable.py
[2026-07-01T09:13:44.808+0000] {processor.py:925} INFO - DAG(s) 'example_workday_timetable' retrieved from /home/airflow/.local/lib/python3.12/site-packages/airflow/example_dags/example_workday_timetable.py
[2026-07-01T09:13:44.824+0000] {logging_mixin.py:190} INFO - [2026-07-01T09:13:44.824+0000] {dag.py:3211} INFO - Sync 1 DAGs
[2026-07-01T09:13:44.865+0000] {logging_mixin.py:190} INFO - [2026-07-01T09:13:44.865+0000] {dag.py:4138} INFO - Setting next_dagrun for example_workday_timetable to 2021-01-04 00:00:00+00:00, run_after=2021-01-05 00:00:00+00:00
[2026-07-01T09:13:44.880+0000] {processor.py:208} INFO - Processing /home/airflow/.local/lib/python3.12/site-packages/airflow/example_dags/example_workday_timetable.py took 0.083 seconds
[2026-07-01T09:14:15.806+0000] {processor.py:186} INFO - Started process (PID=654) to work on /home/airflow/.local/lib/python3.12/site-packages/airflow/example_dags/example_workday_timetable.py
[2026-07-01T09:14:15.807+0000] {processor.py:914} INFO - Processing file /home/airflow/.local/lib/python3.12/site-packages/airflow/example_dags/example_workday_timetable.py for tasks to queue
[2026-07-01T09:14:15.809+0000] {logging_mixin.py:190} INFO - [2026-07-01T09:14:15.809+0000] {dagbag.py:587} INFO - Filling up the DagBag from /home/airflow/.local/lib/python3.12/site-packages/airflow/example_dags/example_workday_timetable.py
[2026-07-01T09:14:15.815+0000] {processor.py:925} INFO - DAG(s) 'example_workday_timetable' retrieved from /home/airflow/.local/lib/python3.12/site-packages/airflow/example_dags/example_workday_timetable.py
[2026-07-01T09:14:15.831+0000] {logging_mixin.py:190} INFO - [2026-07-01T09:14:15.831+0000] {dag.py:3211} INFO - Sync 1 DAGs
[2026-07-01T09:14:15.870+0000] {logging_mixin.py:190} INFO - [2026-07-01T09:14:15.870+0000] {dag.py:4138} INFO - Setting next_dagrun for example_workday_timetable to 2021-01-04 00:00:00+00:00, run_after=2021-01-05 00:00:00+00:00
[2026-07-01T09:14:15.884+0000] {processor.py:208} INFO - Processing /home/airflow/.local/lib/python3.12/site-packages/airflow/example_dags/example_workday_timetable.py took 0.084 seconds
[2026-07-01T09:14:46.177+0000] {processor.py:186} INFO - Started process (PID=716) to work on /home/airflow/.local/lib/python3.12/site-packages/airflow/example_dags/example_workday_timetable.py
[2026-07-01T09:14:46.178+0000] {processor.py:914} INFO - Processing file /home/airflow/.local/lib/python3.12/site-packages/airflow/example_dags/example_workday_timetable.py for tasks to queue
[2026-07-01T09:14:46.179+0000] {logging_mixin.py:190} INFO - [2026-07-01T09:14:46.179+0000] {dagbag.py:587} INFO - Filling up the DagBag from /home/airflow/.local/lib/python3.12/site-packages/airflow/example_dags/example_workday_timetable.py
[2026-07-01T09:14:46.184+0000] {processor.py:925} INFO - DAG(s) 'example_workday_timetable' retrieved from /home/airflow/.local/lib/python3.12/site-packages/airflow/example_dags/example_workday_timetable.py
[2026-07-01T09:14:46.198+0000] {logging_mixin.py:190} INFO - [2026-07-01T09:14:46.197+0000] {dag.py:3211} INFO - Sync 1 DAGs
[2026-07-01T09:14:46.233+0000] {logging_mixin.py:190} INFO - [2026-07-01T09:14:46.233+0000] {dag.py:4138} INFO - Setting next_dagrun for example_workday_timetable to 2021-01-04 00:00:00+00:00, run_after=2021-01-05 00:00:00+00:00
[2026-07-01T09:14:46.246+0000] {processor.py:208} INFO - Processing /home/airflow/.local/lib/python3.12/site-packages/airflow/example_dags/example_workday_timetable.py took 0.073 seconds
[2026-07-01T09:15:17.007+0000] {processor.py:186} INFO - Started process (PID=779) to work on /home/airflow/.local/lib/python3.12/site-packages/airflow/example_dags/example_workday_timetable.py
[2026-07-01T09:15:17.008+0000] {processor.py:914} INFO - Processing file /home/airflow/.local/lib/python3.12/site-packages/airflow/example_dags/example_workday_timetable.py for tasks to queue
[2026-07-01T09:15:17.010+0000] {logging_mixin.py:190} INFO - [2026-07-01T09:15:17.009+0000] {dagbag.py:587} INFO - Filling up the DagBag from /home/airflow/.local/lib/python3.12/site-packages/airflow/example_dags/example_workday_timetable.py
[2026-07-01T09:15:17.014+0000] {processor.py:925} INFO - DAG(s) 'example_workday_timetable' retrieved from /home/airflow/.local/lib/python3.12/site-packages/airflow/example_dags/example_workday_timetable.py
[2026-07-01T09:15:17.028+0000] {logging_mixin.py:190} INFO - [2026-07-01T09:15:17.028+0000] {dag.py:3211} INFO - Sync 1 DAGs
[2026-07-01T09:15:17.063+0000] {logging_mixin.py:190} INFO - [2026-07-01T09:15:17.063+0000] {dag.py:4138} INFO - Setting next_dagrun for example_workday_timetable to 2021-01-04 00:00:00+00:00, run_after=2021-01-05 00:00:00+00:00
[2026-07-01T09:15:17.075+0000] {processor.py:208} INFO - Processing /home/airflow/.local/lib/python3.12/site-packages/airflow/example_dags/example_workday_timetable.py took 0.072 seconds
[2026-07-01T09:15:47.936+0000] {processor.py:186} INFO - Started process (PID=841) to work on /home/airflow/.local/lib/python3.12/site-packages/airflow/example_dags/example_workday_timetable.py
[2026-07-01T09:15:47.938+0000] {processor.py:914} INFO - Processing file /home/airflow/.local/lib/python3.12/site-packages/airflow/example_dags/example_workday_timetable.py for tasks to queue
[2026-07-01T09:15:47.941+0000] {logging_mixin.py:190} INFO - [2026-07-01T09:15:47.940+0000] {dagbag.py:587} INFO - Filling up the DagBag from /home/airflow/.local/lib/python3.12/site-packages/airflow/example_dags/example_workday_timetable.py
[2026-07-01T09:15:47.947+0000] {processor.py:925} INFO - DAG(s) 'example_workday_timetable' retrieved from /home/airflow/.local/lib/python3.12/site-packages/airflow/example_dags/example_workday_timetable.py
[2026-07-01T09:15:47.962+0000] {logging_mixin.py:190} INFO - [2026-07-01T09:15:47.961+0000] {dag.py:3211} INFO - Sync 1 DAGs
[2026-07-01T09:15:48.000+0000] {logging_mixin.py:190} INFO - [2026-07-01T09:15:48.000+0000] {dag.py:4138} INFO - Setting next_dagrun for example_workday_timetable to 2021-01-04 00:00:00+00:00, run_after=2021-01-05 00:00:00+00:00
[2026-07-01T09:15:48.013+0000] {processor.py:208} INFO - Processing /home/airflow/.local/lib/python3.12/site-packages/airflow/example_dags/example_workday_timetable.py took 0.081 seconds
[2026-07-01T09:16:18.305+0000] {processor.py:186} INFO - Started process (PID=903) to work on /home/airflow/.local/lib/python3.12/site-packages/airflow/example_dags/example_workday_timetable.py
[2026-07-01T09:16:18.306+0000] {processor.py:914} INFO - Processing file /home/airflow/.local/lib/python3.12/site-packages/airflow/example_dags/example_workday_timetable.py for tasks to queue
[2026-07-01T09:16:18.308+0000] {logging_mixin.py:190} INFO - [2026-07-01T09:16:18.308+0000] {dagbag.py:587} INFO - Filling up the DagBag from /home/airflow/.local/lib/python3.12/site-packages/airflow/example_dags/example_workday_timetable.py
[2026-07-01T09:16:18.314+0000] {processor.py:925} INFO - DAG(s) 'example_workday_timetable' retrieved from /home/airflow/.local/lib/python3.12/site-packages/airflow/example_dags/example_workday_timetable.py
[2026-07-01T09:16:18.332+0000] {logging_mixin.py:190} INFO - [2026-07-01T09:16:18.332+0000] {dag.py:3211} INFO - Sync 1 DAGs
[2026-07-01T09:16:18.380+0000] {logging_mixin.py:190} INFO - [2026-07-01T09:16:18.380+0000] {dag.py:4138} INFO - Setting next_dagrun for example_workday_timetable to 2021-01-04 00:00:00+00:00, run_after=2021-01-05 00:00:00+00:00
[2026-07-01T09:16:18.394+0000] {processor.py:208} INFO - Processing /home/airflow/.local/lib/python3.12/site-packages/airflow/example_dags/example_workday_timetable.py took 0.094 seconds
[2026-07-01T09:16:48.523+0000] {processor.py:186} INFO - Started process (PID=965) to work on /home/airflow/.local/lib/python3.12/site-packages/airflow/example_dags/example_workday_timetable.py
[2026-07-01T09:16:48.524+0000] {processor.py:914} INFO - Processing file /home/airflow/.local/lib/python3.12/site-packages/airflow/example_dags/example_workday_timetable.py for tasks to queue
[2026-07-01T09:16:48.525+0000] {logging_mixin.py:190} INFO - [2026-07-01T09:16:48.525+0000] {dagbag.py:587} INFO - Filling up the DagBag from /home/airflow/.local/lib/python3.12/site-packages/airflow/example_dags/example_workday_timetable.py
[2026-07-01T09:16:48.530+0000] {processor.py:925} INFO - DAG(s) 'example_workday_timetable' retrieved from /home/airflow/.local/lib/python3.12/site-packages/airflow/example_dags/example_workday_timetable.py
[2026-07-01T09:16:48.544+0000] {logging_mixin.py:190} INFO - [2026-07-01T09:16:48.544+0000] {dag.py:3211} INFO - Sync 1 DAGs
[2026-07-01T09:16:48.581+0000] {logging_mixin.py:190} INFO - [2026-07-01T09:16:48.581+0000] {dag.py:4138} INFO - Setting next_dagrun for example_workday_timetable to 2021-01-04 00:00:00+00:00, run_after=2021-01-05 00:00:00+00:00
[2026-07-01T09:16:48.597+0000] {processor.py:208} INFO - Processing /home/airflow/.local/lib/python3.12/site-packages/airflow/example_dags/example_workday_timetable.py took 0.078 seconds
[2026-07-01T09:17:18.952+0000] {processor.py:186} INFO - Started process (PID=1027) to work on /home/airflow/.local/lib/python3.12/site-packages/airflow/example_dags/example_workday_timetable.py
[2026-07-01T09:17:18.953+0000] {processor.py:914} INFO - Processing file /home/airflow/.local/lib/python3.12/site-packages/airflow/example_dags/example_workday_timetable.py for tasks to queue
[2026-07-01T09:17:18.956+0000] {logging_mixin.py:190} INFO - [2026-07-01T09:17:18.955+0000] {dagbag.py:587} INFO - Filling up the DagBag from /home/airflow/.local/lib/python3.12/site-packages/airflow/example_dags/example_workday_timetable.py
[2026-07-01T09:17:18.961+0000] {processor.py:925} INFO - DAG(s) 'example_workday_timetable' retrieved from /home/airflow/.local/lib/python3.12/site-packages/airflow/example_dags/example_workday_timetable.py
[2026-07-01T09:17:18.979+0000] {logging_mixin.py:190} INFO - [2026-07-01T09:17:18.978+0000] {dag.py:3211} INFO - Sync 1 DAGs
[2026-07-01T09:17:19.033+0000] {logging_mixin.py:190} INFO - [2026-07-01T09:17:19.033+0000] {dag.py:4138} INFO - Setting next_dagrun for example_workday_timetable to 2021-01-04 00:00:00+00:00, run_after=2021-01-05 00:00:00+00:00
[2026-07-01T09:17:19.055+0000] {processor.py:208} INFO - Processing /home/airflow/.local/lib/python3.12/site-packages/airflow/example_dags/example_workday_timetable.py took 0.110 seconds
[2026-07-01T09:17:49.174+0000] {processor.py:186} INFO - Started process (PID=1089) to work on /home/airflow/.local/lib/python3.12/site-packages/airflow/example_dags/example_workday_timetable.py
[2026-07-01T09:17:49.175+0000] {processor.py:914} INFO - Processing file /home/airflow/.local/lib/python3.12/site-packages/airflow/example_dags/example_workday_timetable.py for tasks to queue
[2026-07-01T09:17:49.177+0000] {logging_mixin.py:190} INFO - [2026-07-01T09:17:49.176+0000] {dagbag.py:587} INFO - Filling up the DagBag from /home/airflow/.local/lib/python3.12/site-packages/airflow/example_dags/example_workday_timetable.py
[2026-07-01T09:17:49.181+0000] {processor.py:925} INFO - DAG(s) 'example_workday_timetable' retrieved from /home/airflow/.local/lib/python3.12/site-packages/airflow/example_dags/example_workday_timetable.py
[2026-07-01T09:17:49.197+0000] {logging_mixin.py:190} INFO - [2026-07-01T09:17:49.197+0000] {dag.py:3211} INFO - Sync 1 DAGs
[2026-07-01T09:17:49.239+0000] {logging_mixin.py:190} INFO - [2026-07-01T09:17:49.239+0000] {dag.py:4138} INFO - Setting next_dagrun for example_workday_timetable to 2021-01-04 00:00:00+00:00, run_after=2021-01-05 00:00:00+00:00
[2026-07-01T09:17:49.259+0000] {processor.py:208} INFO - Processing /home/airflow/.local/lib/python3.12/site-packages/airflow/example_dags/example_workday_timetable.py took 0.090 seconds
[2026-07-01T09:18:19.626+0000] {processor.py:186} INFO - Started process (PID=1151) to work on /home/airflow/.local/lib/python3.12/site-packages/airflow/example_dags/example_workday_timetable.py
[2026-07-01T09:18:19.627+0000] {processor.py:914} INFO - Processing file /home/airflow/.local/lib/python3.12/site-packages/airflow/example_dags/example_workday_timetable.py for tasks to queue
[2026-07-01T09:18:19.629+0000] {logging_mixin.py:190} INFO - [2026-07-01T09:18:19.629+0000] {dagbag.py:587} INFO - Filling up the DagBag from /home/airflow/.local/lib/python3.12/site-packages/airflow/example_dags/example_workday_timetable.py
[2026-07-01T09:18:19.633+0000] {processor.py:925} INFO - DAG(s) 'example_workday_timetable' retrieved from /home/airflow/.local/lib/python3.12/site-packages/airflow/example_dags/example_workday_timetable.py
[2026-07-01T09:18:19.647+0000] {logging_mixin.py:190} INFO - [2026-07-01T09:18:19.647+0000] {dag.py:3211} INFO - Sync 1 DAGs
[2026-07-01T09:18:19.682+0000] {logging_mixin.py:190} INFO - [2026-07-01T09:18:19.682+0000] {dag.py:4138} INFO - Setting next_dagrun for example_workday_timetable to 2021-01-04 00:00:00+00:00, run_after=2021-01-05 00:00:00+00:00
[2026-07-01T09:18:19.694+0000] {processor.py:208} INFO - Processing /home/airflow/.local/lib/python3.12/site-packages/airflow/example_dags/example_workday_timetable.py took 0.072 seconds
[2026-07-01T09:18:50.702+0000] {processor.py:186} INFO - Started process (PID=1213) to work on /home/airflow/.local/lib/python3.12/site-packages/airflow/example_dags/example_workday_timetable.py
[2026-07-01T09:18:50.703+0000] {processor.py:914} INFO - Processing file /home/airflow/.local/lib/python3.12/site-packages/airflow/example_dags/example_workday_timetable.py for tasks to queue
[2026-07-01T09:18:50.705+0000] {logging_mixin.py:190} INFO - [2026-07-01T09:18:50.704+0000] {dagbag.py:587} INFO - Filling up the DagBag from /home/airflow/.local/lib/python3.12/site-packages/airflow/example_dags/example_workday_timetable.py
[2026-07-01T09:18:50.709+0000] {processor.py:925} INFO - DAG(s) 'example_workday_timetable' retrieved from /home/airflow/.local/lib/python3.12/site-packages/airflow/example_dags/example_workday_timetable.py
[2026-07-01T09:18:50.722+0000] {logging_mixin.py:190} INFO - [2026-07-01T09:18:50.722+0000] {dag.py:3211} INFO - Sync 1 DAGs
[2026-07-01T09:18:50.758+0000] {logging_mixin.py:190} INFO - [2026-07-01T09:18:50.758+0000] {dag.py:4138} INFO - Setting next_dagrun for example_workday_timetable to 2021-01-04 00:00:00+00:00, run_after=2021-01-05 00:00:00+00:00
[2026-07-01T09:18:50.770+0000] {processor.py:208} INFO - Processing /home/airflow/.local/lib/python3.12/site-packages/airflow/example_dags/example_workday_timetable.py took 0.072 seconds
[2026-07-01T09:19:21.419+0000] {processor.py:186} INFO - Started process (PID=1275) to work on /home/airflow/.local/lib/python3.12/site-packages/airflow/example_dags/example_workday_timetable.py
[2026-07-01T09:19:21.420+0000] {processor.py:914} INFO - Processing file /home/airflow/.local/lib/python3.12/site-packages/airflow/example_dags/example_workday_timetable.py for tasks to queue
[2026-07-01T09:19:21.422+0000] {logging_mixin.py:190} INFO - [2026-07-01T09:19:21.422+0000] {dagbag.py:587} INFO - Filling up the DagBag from /home/airflow/.local/lib/python3.12/site-packages/airflow/example_dags/example_workday_timetable.py
[2026-07-01T09:19:21.426+0000] {processor.py:925} INFO - DAG(s) 'example_workday_timetable' retrieved from /home/airflow/.local/lib/python3.12/site-packages/airflow/example_dags/example_workday_timetable.py
[2026-07-01T09:19:21.441+0000] {logging_mixin.py:190} INFO - [2026-07-01T09:19:21.441+0000] {dag.py:3211} INFO - Sync 1 DAGs
[2026-07-01T09:19:21.478+0000] {logging_mixin.py:190} INFO - [2026-07-01T09:19:21.478+0000] {dag.py:4138} INFO - Setting next_dagrun for example_workday_timetable to 2021-01-04 00:00:00+00:00, run_after=2021-01-05 00:00:00+00:00
[2026-07-01T09:19:21.491+0000] {processor.py:208} INFO - Processing /home/airflow/.local/lib/python3.12/site-packages/airflow/example_dags/example_workday_timetable.py took 0.076 seconds
[2026-07-01T09:19:52.127+0000] {processor.py:186} INFO - Started process (PID=1337) to work on /home/airflow/.local/lib/python3.12/site-packages/airflow/example_dags/example_workday_timetable.py
[2026-07-01T09:19:52.128+0000] {processor.py:914} INFO - Processing file /home/airflow/.local/lib/python3.12/site-packages/airflow/example_dags/example_workday_timetable.py for tasks to queue
[2026-07-01T09:19:52.130+0000] {logging_mixin.py:190} INFO - [2026-07-01T09:19:52.130+0000] {dagbag.py:587} INFO - Filling up the DagBag from /home/airflow/.local/lib/python3.12/site-packages/airflow/example_dags/example_workday_timetable.py
[2026-07-01T09:19:52.135+0000] {processor.py:925} INFO - DAG(s) 'example_workday_timetable' retrieved from /home/airflow/.local/lib/python3.12/site-packages/airflow/example_dags/example_workday_timetable.py
[2026-07-01T09:19:52.149+0000] {logging_mixin.py:190} INFO - [2026-07-01T09:19:52.149+0000] {dag.py:3211} INFO - Sync 1 DAGs
[2026-07-01T09:19:52.190+0000] {logging_mixin.py:190} INFO - [2026-07-01T09:19:52.189+0000] {dag.py:4138} INFO - Setting next_dagrun for example_workday_timetable to 2021-01-04 00:00:00+00:00, run_after=2021-01-05 00:00:00+00:00
[2026-07-01T09:19:52.204+0000] {processor.py:208} INFO - Processing /home/airflow/.local/lib/python3.12/site-packages/airflow/example_dags/example_workday_timetable.py took 0.082 seconds
[2026-07-01T09:20:22.897+0000] {processor.py:186} INFO - Started process (PID=1399) to work on /home/airflow/.local/lib/python3.12/site-packages/airflow/example_dags/example_workday_timetable.py
[2026-07-01T09:20:22.898+0000] {processor.py:914} INFO - Processing file /home/airflow/.local/lib/python3.12/site-packages/airflow/example_dags/example_workday_timetable.py for tasks to queue
[2026-07-01T09:20:22.900+0000] {logging_mixin.py:190} INFO - [2026-07-01T09:20:22.900+0000] {dagbag.py:587} INFO - Filling up the DagBag from /home/airflow/.local/lib/python3.12/site-packages/airflow/example_dags/example_workday_timetable.py
[2026-07-01T09:20:22.905+0000] {processor.py:925} INFO - DAG(s) 'example_workday_timetable' retrieved from /home/airflow/.local/lib/python3.12/site-packages/airflow/example_dags/example_workday_timetable.py
[2026-07-01T09:20:22.921+0000] {logging_mixin.py:190} INFO - [2026-07-01T09:20:22.920+0000] {dag.py:3211} INFO - Sync 1 DAGs
[2026-07-01T09:20:22.962+0000] {logging_mixin.py:190} INFO - [2026-07-01T09:20:22.962+0000] {dag.py:4138} INFO - Setting next_dagrun for example_workday_timetable to 2021-01-04 00:00:00+00:00, run_after=2021-01-05 00:00:00+00:00
[2026-07-01T09:20:22.975+0000] {processor.py:208} INFO - Processing /home/airflow/.local/lib/python3.12/site-packages/airflow/example_dags/example_workday_timetable.py took 0.083 seconds
[2026-07-01T09:20:53.631+0000] {processor.py:186} INFO - Started process (PID=1461) to work on /home/airflow/.local/lib/python3.12/site-packages/airflow/example_dags/example_workday_timetable.py
[2026-07-01T09:20:53.632+0000] {processor.py:914} INFO - Processing file /home/airflow/.local/lib/python3.12/site-packages/airflow/example_dags/example_workday_timetable.py for tasks to queue
[2026-07-01T09:20:53.634+0000] {logging_mixin.py:190} INFO - [2026-07-01T09:20:53.634+0000] {dagbag.py:587} INFO - Filling up the DagBag from /home/airflow/.local/lib/python3.12/site-packages/airflow/example_dags/example_workday_timetable.py
[2026-07-01T09:20:53.638+0000] {processor.py:925} INFO - DAG(s) 'example_workday_timetable' retrieved from /home/airflow/.local/lib/python3.12/site-packages/airflow/example_dags/example_workday_timetable.py
[2026-07-01T09:20:53.652+0000] {logging_mixin.py:190} INFO - [2026-07-01T09:20:53.652+0000] {dag.py:3211} INFO - Sync 1 DAGs
[2026-07-01T09:20:53.690+0000] {logging_mixin.py:190} INFO - [2026-07-01T09:20:53.690+0000] {dag.py:4138} INFO - Setting next_dagrun for example_workday_timetable to 2021-01-04 00:00:00+00:00, run_after=2021-01-05 00:00:00+00:00
[2026-07-01T09:20:53.703+0000] {processor.py:208} INFO - Processing /home/airflow/.local/lib/python3.12/site-packages/airflow/example_dags/example_workday_timetable.py took 0.076 seconds
[2026-07-01T09:21:23.831+0000] {processor.py:186} INFO - Started process (PID=1523) to work on /home/airflow/.local/lib/python3.12/site-packages/airflow/example_dags/example_workday_timetable.py
[2026-07-01T09:21:23.832+0000] {processor.py:914} INFO - Processing file /home/airflow/.local/lib/python3.12/site-packages/airflow/example_dags/example_workday_timetable.py for tasks to queue
[2026-07-01T09:21:23.835+0000] {logging_mixin.py:190} INFO - [2026-07-01T09:21:23.835+0000] {dagbag.py:587} INFO - Filling up the DagBag from /home/airflow/.local/lib/python3.12/site-packages/airflow/example_dags/example_workday_timetable.py
[2026-07-01T09:21:23.839+0000] {processor.py:925} INFO - DAG(s) 'example_workday_timetable' retrieved from /home/airflow/.local/lib/python3.12/site-packages/airflow/example_dags/example_workday_timetable.py
[2026-07-01T09:21:23.853+0000] {logging_mixin.py:190} INFO - [2026-07-01T09:21:23.853+0000] {dag.py:3211} INFO - Sync 1 DAGs
[2026-07-01T09:21:23.890+0000] {logging_mixin.py:190} INFO - [2026-07-01T09:21:23.890+0000] {dag.py:4138} INFO - Setting next_dagrun for example_workday_timetable to 2021-01-04 00:00:00+00:00, run_after=2021-01-05 00:00:00+00:00
[2026-07-01T09:21:23.902+0000] {processor.py:208} INFO - Processing /home/airflow/.local/lib/python3.12/site-packages/airflow/example_dags/example_workday_timetable.py took 0.075 seconds
[2026-07-01T09:21:54.261+0000] {processor.py:186} INFO - Started process (PID=1585) to work on /home/airflow/.local/lib/python3.12/site-packages/airflow/example_dags/example_workday_timetable.py
[2026-07-01T09:21:54.263+0000] {processor.py:914} INFO - Processing file /home/airflow/.local/lib/python3.12/site-packages/airflow/example_dags/example_workday_timetable.py for tasks to queue
[2026-07-01T09:21:54.265+0000] {logging_mixin.py:190} INFO - [2026-07-01T09:21:54.265+0000] {dagbag.py:587} INFO - Filling up the DagBag from /home/airflow/.local/lib/python3.12/site-packages/airflow/example_dags/example_workday_timetable.py
[2026-07-01T09:21:54.274+0000] {processor.py:925} INFO - DAG(s) 'example_workday_timetable' retrieved from /home/airflow/.local/lib/python3.12/site-packages/airflow/example_dags/example_workday_timetable.py
[2026-07-01T09:21:54.294+0000] {logging_mixin.py:190} INFO - [2026-07-01T09:21:54.294+0000] {dag.py:3211} INFO - Sync 1 DAGs
[2026-07-01T09:21:54.335+0000] {logging_mixin.py:190} INFO - [2026-07-01T09:21:54.335+0000] {dag.py:4138} INFO - Setting next_dagrun for example_workday_timetable to 2021-01-04 00:00:00+00:00, run_after=2021-01-05 00:00:00+00:00
[2026-07-01T09:21:54.349+0000] {processor.py:208} INFO - Processing /home/airflow/.local/lib/python3.12/site-packages/airflow/example_dags/example_workday_timetable.py took 0.094 seconds
[2026-07-01T09:22:24.673+0000] {processor.py:186} INFO - Started process (PID=1647) to work on /home/airflow/.local/lib/python3.12/site-packages/airflow/example_dags/example_workday_timetable.py
[2026-07-01T09:22:24.674+0000] {processor.py:914} INFO - Processing file /home/airflow/.local/lib/python3.12/site-packages/airflow/example_dags/example_workday_timetable.py for tasks to queue
[2026-07-01T09:22:24.676+0000] {logging_mixin.py:190} INFO - [2026-07-01T09:22:24.675+0000] {dagbag.py:587} INFO - Filling up the DagBag from /home/airflow/.local/lib/python3.12/site-packages/airflow/example_dags/example_workday_timetable.py
[2026-07-01T09:22:24.680+0000] {processor.py:925} INFO - DAG(s) 'example_workday_timetable' retrieved from /home/airflow/.local/lib/python3.12/site-packages/airflow/example_dags/example_workday_timetable.py
[2026-07-01T09:22:24.693+0000] {logging_mixin.py:190} INFO - [2026-07-01T09:22:24.693+0000] {dag.py:3211} INFO - Sync 1 DAGs
[2026-07-01T09:22:24.729+0000] {logging_mixin.py:190} INFO - [2026-07-01T09:22:24.729+0000] {dag.py:4138} INFO - Setting next_dagrun for example_workday_timetable to 2021-01-04 00:00:00+00:00, run_after=2021-01-05 00:00:00+00:00
[2026-07-01T09:22:24.741+0000] {processor.py:208} INFO - Processing /home/airflow/.local/lib/python3.12/site-packages/airflow/example_dags/example_workday_timetable.py took 0.073 seconds
[2026-07-01T09:22:55.578+0000] {processor.py:186} INFO - Started process (PID=1709) to work on /home/airflow/.local/lib/python3.12/site-packages/airflow/example_dags/example_workday_timetable.py
[2026-07-01T09:22:55.580+0000] {processor.py:914} INFO - Processing file /home/airflow/.local/lib/python3.12/site-packages/airflow/example_dags/example_workday_timetable.py for tasks to queue
[2026-07-01T09:22:55.582+0000] {logging_mixin.py:190} INFO - [2026-07-01T09:22:55.582+0000] {dagbag.py:587} INFO - Filling up the DagBag from /home/airflow/.local/lib/python3.12/site-packages/airflow/example_dags/example_workday_timetable.py
[2026-07-01T09:22:55.587+0000] {processor.py:925} INFO - DAG(s) 'example_workday_timetable' retrieved from /home/airflow/.local/lib/python3.12/site-packages/airflow/example_dags/example_workday_timetable.py
[2026-07-01T09:22:55.603+0000] {logging_mixin.py:190} INFO - [2026-07-01T09:22:55.603+0000] {dag.py:3211} INFO - Sync 1 DAGs
[2026-07-01T09:22:55.645+0000] {logging_mixin.py:190} INFO - [2026-07-01T09:22:55.644+0000] {dag.py:4138} INFO - Setting next_dagrun for example_workday_timetable to 2021-01-04 00:00:00+00:00, run_after=2021-01-05 00:00:00+00:00
[2026-07-01T09:22:55.659+0000] {processor.py:208} INFO - Processing /home/airflow/.local/lib/python3.12/site-packages/airflow/example_dags/example_workday_timetable.py took 0.088 seconds
[2026-07-01T09:23:25.712+0000] {processor.py:186} INFO - Started process (PID=1771) to work on /home/airflow/.local/lib/python3.12/site-packages/airflow/example_dags/example_workday_timetable.py
[2026-07-01T09:23:25.714+0000] {processor.py:914} INFO - Processing file /home/airflow/.local/lib/python3.12/site-packages/airflow/example_dags/example_workday_timetable.py for tasks to queue
[2026-07-01T09:23:25.716+0000] {logging_mixin.py:190} INFO - [2026-07-01T09:23:25.716+0000] {dagbag.py:587} INFO - Filling up the DagBag from /home/airflow/.local/lib/python3.12/site-packages/airflow/example_dags/example_workday_timetable.py
[2026-07-01T09:23:25.721+0000] {processor.py:925} INFO - DAG(s) 'example_workday_timetable' retrieved from /home/airflow/.local/lib/python3.12/site-packages/airflow/example_dags/example_workday_timetable.py
[2026-07-01T09:23:25.744+0000] {logging_mixin.py:190} INFO - [2026-07-01T09:23:25.744+0000] {dag.py:3211} INFO - Sync 1 DAGs
[2026-07-01T09:23:25.789+0000] {logging_mixin.py:190} INFO - [2026-07-01T09:23:25.789+0000] {dag.py:4138} INFO - Setting next_dagrun for example_workday_timetable to 2021-01-04 00:00:00+00:00, run_after=2021-01-05 00:00:00+00:00
[2026-07-01T09:23:25.805+0000] {processor.py:208} INFO - Processing /home/airflow/.local/lib/python3.12/site-packages/airflow/example_dags/example_workday_timetable.py took 0.097 seconds
[2026-07-01T09:23:56.213+0000] {processor.py:186} INFO - Started process (PID=1833) to work on /home/airflow/.local/lib/python3.12/site-packages/airflow/example_dags/example_workday_timetable.py
[2026-07-01T09:23:56.214+0000] {processor.py:914} INFO - Processing file /home/airflow/.local/lib/python3.12/site-packages/airflow/example_dags/example_workday_timetable.py for tasks to queue
[2026-07-01T09:23:56.216+0000] {logging_mixin.py:190} INFO - [2026-07-01T09:23:56.216+0000] {dagbag.py:587} INFO - Filling up the DagBag from /home/airflow/.local/lib/python3.12/site-packages/airflow/example_dags/example_workday_timetable.py
[2026-07-01T09:23:56.222+0000] {processor.py:925} INFO - DAG(s) 'example_workday_timetable' retrieved from /home/airflow/.local/lib/python3.12/site-packages/airflow/example_dags/example_workday_timetable.py
[2026-07-01T09:23:56.242+0000] {logging_mixin.py:190} INFO - [2026-07-01T09:23:56.241+0000] {dag.py:3211} INFO - Sync 1 DAGs
[2026-07-01T09:23:56.285+0000] {logging_mixin.py:190} INFO - [2026-07-01T09:23:56.285+0000] {dag.py:4138} INFO - Setting next_dagrun for example_workday_timetable to 2021-01-04 00:00:00+00:00, run_after=2021-01-05 00:00:00+00:00
[2026-07-01T09:23:56.297+0000] {processor.py:208} INFO - Processing /home/airflow/.local/lib/python3.12/site-packages/airflow/example_dags/example_workday_timetable.py took 0.091 seconds
[2026-07-01T09:24:26.417+0000] {processor.py:186} INFO - Started process (PID=1895) to work on /home/airflow/.local/lib/python3.12/site-packages/airflow/example_dags/example_workday_timetable.py
[2026-07-01T09:24:26.418+0000] {processor.py:914} INFO - Processing file /home/airflow/.local/lib/python3.12/site-packages/airflow/example_dags/example_workday_timetable.py for tasks to queue
[2026-07-01T09:24:26.419+0000] {logging_mixin.py:190} INFO - [2026-07-01T09:24:26.419+0000] {dagbag.py:587} INFO - Filling up the DagBag from /home/airflow/.local/lib/python3.12/site-packages/airflow/example_dags/example_workday_timetable.py
[2026-07-01T09:24:26.424+0000] {processor.py:925} INFO - DAG(s) 'example_workday_timetable' retrieved from /home/airflow/.local/lib/python3.12/site-packages/airflow/example_dags/example_workday_timetable.py
[2026-07-01T09:24:26.439+0000] {logging_mixin.py:190} INFO - [2026-07-01T09:24:26.439+0000] {dag.py:3211} INFO - Sync 1 DAGs
[2026-07-01T09:24:26.478+0000] {logging_mixin.py:190} INFO - [2026-07-01T09:24:26.477+0000] {dag.py:4138} INFO - Setting next_dagrun for example_workday_timetable to 2021-01-04 00:00:00+00:00, run_after=2021-01-05 00:00:00+00:00
[2026-07-01T09:24:26.494+0000] {processor.py:208} INFO - Processing /home/airflow/.local/lib/python3.12/site-packages/airflow/example_dags/example_workday_timetable.py took 0.081 seconds
[2026-07-01T09:24:57.526+0000] {processor.py:186} INFO - Started process (PID=1957) to work on /home/airflow/.local/lib/python3.12/site-packages/airflow/example_dags/example_workday_timetable.py
[2026-07-01T09:24:57.527+0000] {processor.py:914} INFO - Processing file /home/airflow/.local/lib/python3.12/site-packages/airflow/example_dags/example_workday_timetable.py for tasks to queue
[2026-07-01T09:24:57.528+0000] {logging_mixin.py:190} INFO - [2026-07-01T09:24:57.528+0000] {dagbag.py:587} INFO - Filling up the DagBag from /home/airflow/.local/lib/python3.12/site-packages/airflow/example_dags/example_workday_timetable.py
[2026-07-01T09:24:57.533+0000] {processor.py:925} INFO - DAG(s) 'example_workday_timetable' retrieved from /home/airflow/.local/lib/python3.12/site-packages/airflow/example_dags/example_workday_timetable.py
[2026-07-01T09:24:57.548+0000] {logging_mixin.py:190} INFO - [2026-07-01T09:24:57.548+0000] {dag.py:3211} INFO - Sync 1 DAGs
[2026-07-01T09:24:57.586+0000] {logging_mixin.py:190} INFO - [2026-07-01T09:24:57.586+0000] {dag.py:4138} INFO - Setting next_dagrun for example_workday_timetable to 2021-01-04 00:00:00+00:00, run_after=2021-01-05 00:00:00+00:00
[2026-07-01T09:24:57.599+0000] {processor.py:208} INFO - Processing /home/airflow/.local/lib/python3.12/site-packages/airflow/example_dags/example_workday_timetable.py took 0.078 seconds
[2026-07-01T09:25:27.910+0000] {processor.py:186} INFO - Started process (PID=2019) to work on /home/airflow/.local/lib/python3.12/site-packages/airflow/example_dags/example_workday_timetable.py
[2026-07-01T09:25:27.912+0000] {processor.py:914} INFO - Processing file /home/airflow/.local/lib/python3.12/site-packages/airflow/example_dags/example_workday_timetable.py for tasks to queue
[2026-07-01T09:25:27.915+0000] {logging_mixin.py:190} INFO - [2026-07-01T09:25:27.914+0000] {dagbag.py:587} INFO - Filling up the DagBag from /home/airflow/.local/lib/python3.12/site-packages/airflow/example_dags/example_workday_timetable.py
[2026-07-01T09:25:27.921+0000] {processor.py:925} INFO - DAG(s) 'example_workday_timetable' retrieved from /home/airflow/.local/lib/python3.12/site-packages/airflow/example_dags/example_workday_timetable.py
[2026-07-01T09:25:27.944+0000] {logging_mixin.py:190} INFO - [2026-07-01T09:25:27.943+0000] {dag.py:3211} INFO - Sync 1 DAGs
[2026-07-01T09:25:28.011+0000] {logging_mixin.py:190} INFO - [2026-07-01T09:25:28.011+0000] {dag.py:4138} INFO - Setting next_dagrun for example_workday_timetable to 2021-01-04 00:00:00+00:00, run_after=2021-01-05 00:00:00+00:00
[2026-07-01T09:25:28.030+0000] {processor.py:208} INFO - Processing /home/airflow/.local/lib/python3.12/site-packages/airflow/example_dags/example_workday_timetable.py took 0.125 seconds
[2026-07-01T09:30:08.592+0000] {processor.py:186} INFO - Started process (PID=2075) to work on /home/airflow/.local/lib/python3.12/site-packages/airflow/example_dags/example_workday_timetable.py
[2026-07-01T09:30:08.593+0000] {processor.py:914} INFO - Processing file /home/airflow/.local/lib/python3.12/site-packages/airflow/example_dags/example_workday_timetable.py for tasks to queue
[2026-07-01T09:30:08.595+0000] {logging_mixin.py:190} INFO - [2026-07-01T09:30:08.595+0000] {dagbag.py:587} INFO - Filling up the DagBag from /home/airflow/.local/lib/python3.12/site-packages/airflow/example_dags/example_workday_timetable.py
[2026-07-01T09:30:08.600+0000] {processor.py:925} INFO - DAG(s) 'example_workday_timetable' retrieved from /home/airflow/.local/lib/python3.12/site-packages/airflow/example_dags/example_workday_timetable.py
[2026-07-01T09:30:08.616+0000] {logging_mixin.py:190} INFO - [2026-07-01T09:30:08.616+0000] {dag.py:3211} INFO - Sync 1 DAGs
[2026-07-01T09:30:08.661+0000] {logging_mixin.py:190} INFO - [2026-07-01T09:30:08.661+0000] {dag.py:4138} INFO - Setting next_dagrun for example_workday_timetable to 2021-01-04 00:00:00+00:00, run_after=2021-01-05 00:00:00+00:00
[2026-07-01T09:30:08.674+0000] {processor.py:208} INFO - Processing /home/airflow/.local/lib/python3.12/site-packages/airflow/example_dags/example_workday_timetable.py took 0.088 seconds
[2026-07-01T09:30:39.249+0000] {processor.py:186} INFO - Started process (PID=2137) to work on /home/airflow/.local/lib/python3.12/site-packages/airflow/example_dags/example_workday_timetable.py
[2026-07-01T09:30:39.250+0000] {processor.py:914} INFO - Processing file /home/airflow/.local/lib/python3.12/site-packages/airflow/example_dags/example_workday_timetable.py for tasks to queue
[2026-07-01T09:30:39.253+0000] {logging_mixin.py:190} INFO - [2026-07-01T09:30:39.253+0000] {dagbag.py:587} INFO - Filling up the DagBag from /home/airflow/.local/lib/python3.12/site-packages/airflow/example_dags/example_workday_timetable.py
[2026-07-01T09:30:39.258+0000] {processor.py:925} INFO - DAG(s) 'example_workday_timetable' retrieved from /home/airflow/.local/lib/python3.12/site-packages/airflow/example_dags/example_workday_timetable.py
[2026-07-01T09:30:39.273+0000] {logging_mixin.py:190} INFO - [2026-07-01T09:30:39.273+0000] {dag.py:3211} INFO - Sync 1 DAGs
[2026-07-01T09:30:39.313+0000] {logging_mixin.py:190} INFO - [2026-07-01T09:30:39.313+0000] {dag.py:4138} INFO - Setting next_dagrun for example_workday_timetable to 2021-01-04 00:00:00+00:00, run_after=2021-01-05 00:00:00+00:00
[2026-07-01T09:30:39.326+0000] {processor.py:208} INFO - Processing /home/airflow/.local/lib/python3.12/site-packages/airflow/example_dags/example_workday_timetable.py took 0.081 seconds
[2026-07-01T09:31:09.642+0000] {processor.py:186} INFO - Started process (PID=2199) to work on /home/airflow/.local/lib/python3.12/site-packages/airflow/example_dags/example_workday_timetable.py
[2026-07-01T09:31:09.643+0000] {processor.py:914} INFO - Processing file /home/airflow/.local/lib/python3.12/site-packages/airflow/example_dags/example_workday_timetable.py for tasks to queue
[2026-07-01T09:31:09.645+0000] {logging_mixin.py:190} INFO - [2026-07-01T09:31:09.645+0000] {dagbag.py:587} INFO - Filling up the DagBag from /home/airflow/.local/lib/python3.12/site-packages/airflow/example_dags/example_workday_timetable.py
[2026-07-01T09:31:09.650+0000] {processor.py:925} INFO - DAG(s) 'example_workday_timetable' retrieved from /home/airflow/.local/lib/python3.12/site-packages/airflow/example_dags/example_workday_timetable.py
[2026-07-01T09:31:09.670+0000] {logging_mixin.py:190} INFO - [2026-07-01T09:31:09.670+0000] {dag.py:3211} INFO - Sync 1 DAGs
[2026-07-01T09:31:09.709+0000] {logging_mixin.py:190} INFO - [2026-07-01T09:31:09.709+0000] {dag.py:4138} INFO - Setting next_dagrun for example_workday_timetable to 2021-01-04 00:00:00+00:00, run_after=2021-01-05 00:00:00+00:00
[2026-07-01T09:31:09.724+0000] {processor.py:208} INFO - Processing /home/airflow/.local/lib/python3.12/site-packages/airflow/example_dags/example_workday_timetable.py took 0.087 seconds
[2026-07-01T09:31:40.183+0000] {processor.py:186} INFO - Started process (PID=2261) to work on /home/airflow/.local/lib/python3.12/site-packages/airflow/example_dags/example_workday_timetable.py
[2026-07-01T09:31:40.184+0000] {processor.py:914} INFO - Processing file /home/airflow/.local/lib/python3.12/site-packages/airflow/example_dags/example_workday_timetable.py for tasks to queue
[2026-07-01T09:31:40.185+0000] {logging_mixin.py:190} INFO - [2026-07-01T09:31:40.185+0000] {dagbag.py:587} INFO - Filling up the DagBag from /home/airflow/.local/lib/python3.12/site-packages/airflow/example_dags/example_workday_timetable.py
[2026-07-01T09:31:40.190+0000] {processor.py:925} INFO - DAG(s) 'example_workday_timetable' retrieved from /home/airflow/.local/lib/python3.12/site-packages/airflow/example_dags/example_workday_timetable.py
[2026-07-01T09:31:40.204+0000] {logging_mixin.py:190} INFO - [2026-07-01T09:31:40.204+0000] {dag.py:3211} INFO - Sync 1 DAGs
[2026-07-01T09:31:40.244+0000] {logging_mixin.py:190} INFO - [2026-07-01T09:31:40.243+0000] {dag.py:4138} INFO - Setting next_dagrun for example_workday_timetable to 2021-01-04 00:00:00+00:00, run_after=2021-01-05 00:00:00+00:00
[2026-07-01T09:31:40.257+0000] {processor.py:208} INFO - Processing /home/airflow/.local/lib/python3.12/site-packages/airflow/example_dags/example_workday_timetable.py took 0.079 seconds
[2026-07-01T09:32:10.446+0000] {processor.py:186} INFO - Started process (PID=2323) to work on /home/airflow/.local/lib/python3.12/site-packages/airflow/example_dags/example_workday_timetable.py
[2026-07-01T09:32:10.447+0000] {processor.py:914} INFO - Processing file /home/airflow/.local/lib/python3.12/site-packages/airflow/example_dags/example_workday_timetable.py for tasks to queue
[2026-07-01T09:32:10.449+0000] {logging_mixin.py:190} INFO - [2026-07-01T09:32:10.449+0000] {dagbag.py:587} INFO - Filling up the DagBag from /home/airflow/.local/lib/python3.12/site-packages/airflow/example_dags/example_workday_timetable.py
[2026-07-01T09:32:10.454+0000] {processor.py:925} INFO - DAG(s) 'example_workday_timetable' retrieved from /home/airflow/.local/lib/python3.12/site-packages/airflow/example_dags/example_workday_timetable.py
[2026-07-01T09:32:10.468+0000] {logging_mixin.py:190} INFO - [2026-07-01T09:32:10.468+0000] {dag.py:3211} INFO - Sync 1 DAGs
[2026-07-01T09:32:10.504+0000] {logging_mixin.py:190} INFO - [2026-07-01T09:32:10.504+0000] {dag.py:4138} INFO - Setting next_dagrun for example_workday_timetable to 2021-01-04 00:00:00+00:00, run_after=2021-01-05 00:00:00+00:00
[2026-07-01T09:32:10.516+0000] {processor.py:208} INFO - Processing /home/airflow/.local/lib/python3.12/site-packages/airflow/example_dags/example_workday_timetable.py took 0.075 seconds
[2026-07-01T09:32:41.045+0000] {processor.py:186} INFO - Started process (PID=2385) to work on /home/airflow/.local/lib/python3.12/site-packages/airflow/example_dags/example_workday_timetable.py
[2026-07-01T09:32:41.046+0000] {processor.py:914} INFO - Processing file /home/airflow/.local/lib/python3.12/site-packages/airflow/example_dags/example_workday_timetable.py for tasks to queue
[2026-07-01T09:32:41.049+0000] {logging_mixin.py:190} INFO - [2026-07-01T09:32:41.048+0000] {dagbag.py:587} INFO - Filling up the DagBag from /home/airflow/.local/lib/python3.12/site-packages/airflow/example_dags/example_workday_timetable.py
[2026-07-01T09:32:41.055+0000] {processor.py:925} INFO - DAG(s) 'example_workday_timetable' retrieved from /home/airflow/.local/lib/python3.12/site-packages/airflow/example_dags/example_workday_timetable.py
[2026-07-01T09:32:41.076+0000] {logging_mixin.py:190} INFO - [2026-07-01T09:32:41.075+0000] {dag.py:3211} INFO - Sync 1 DAGs
[2026-07-01T09:32:41.141+0000] {logging_mixin.py:190} INFO - [2026-07-01T09:32:41.141+0000] {dag.py:4138} INFO - Setting next_dagrun for example_workday_timetable to 2021-01-04 00:00:00+00:00, run_after=2021-01-05 00:00:00+00:00
[2026-07-01T09:32:41.162+0000] {processor.py:208} INFO - Processing /home/airflow/.local/lib/python3.12/site-packages/airflow/example_dags/example_workday_timetable.py took 0.123 seconds
[2026-07-01T09:33:11.677+0000] {processor.py:186} INFO - Started process (PID=2447) to work on /home/airflow/.local/lib/python3.12/site-packages/airflow/example_dags/example_workday_timetable.py
[2026-07-01T09:33:11.678+0000] {processor.py:914} INFO - Processing file /home/airflow/.local/lib/python3.12/site-packages/airflow/example_dags/example_workday_timetable.py for tasks to queue
[2026-07-01T09:33:11.680+0000] {logging_mixin.py:190} INFO - [2026-07-01T09:33:11.680+0000] {dagbag.py:587} INFO - Filling up the DagBag from /home/airflow/.local/lib/python3.12/site-packages/airflow/example_dags/example_workday_timetable.py
[2026-07-01T09:33:11.685+0000] {processor.py:925} INFO - DAG(s) 'example_workday_timetable' retrieved from /home/airflow/.local/lib/python3.12/site-packages/airflow/example_dags/example_workday_timetable.py
[2026-07-01T09:33:11.699+0000] {logging_mixin.py:190} INFO - [2026-07-01T09:33:11.699+0000] {dag.py:3211} INFO - Sync 1 DAGs
[2026-07-01T09:33:11.737+0000] {logging_mixin.py:190} INFO - [2026-07-01T09:33:11.737+0000] {dag.py:4138} INFO - Setting next_dagrun for example_workday_timetable to 2021-01-04 00:00:00+00:00, run_after=2021-01-05 00:00:00+00:00
[2026-07-01T09:33:11.751+0000] {processor.py:208} INFO - Processing /home/airflow/.local/lib/python3.12/site-packages/airflow/example_dags/example_workday_timetable.py took 0.078 seconds
[2026-07-01T09:33:42.373+0000] {processor.py:186} INFO - Started process (PID=2509) to work on /home/airflow/.local/lib/python3.12/site-packages/airflow/example_dags/example_workday_timetable.py
[2026-07-01T09:33:42.375+0000] {processor.py:914} INFO - Processing file /home/airflow/.local/lib/python3.12/site-packages/airflow/example_dags/example_workday_timetable.py for tasks to queue
[2026-07-01T09:33:42.378+0000] {logging_mixin.py:190} INFO - [2026-07-01T09:33:42.377+0000] {dagbag.py:587} INFO - Filling up the DagBag from /home/airflow/.local/lib/python3.12/site-packages/airflow/example_dags/example_workday_timetable.py
[2026-07-01T09:33:42.384+0000] {processor.py:925} INFO - DAG(s) 'example_workday_timetable' retrieved from /home/airflow/.local/lib/python3.12/site-packages/airflow/example_dags/example_workday_timetable.py
[2026-07-01T09:33:42.402+0000] {logging_mixin.py:190} INFO - [2026-07-01T09:33:42.401+0000] {dag.py:3211} INFO - Sync 1 DAGs
[2026-07-01T09:33:42.440+0000] {logging_mixin.py:190} INFO - [2026-07-01T09:33:42.440+0000] {dag.py:4138} INFO - Setting next_dagrun for example_workday_timetable to 2021-01-04 00:00:00+00:00, run_after=2021-01-05 00:00:00+00:00
[2026-07-01T09:33:42.456+0000] {processor.py:208} INFO - Processing /home/airflow/.local/lib/python3.12/site-packages/airflow/example_dags/example_workday_timetable.py took 0.089 seconds
[2026-07-01T09:34:13.170+0000] {processor.py:186} INFO - Started process (PID=2571) to work on /home/airflow/.local/lib/python3.12/site-packages/airflow/example_dags/example_workday_timetable.py
[2026-07-01T09:34:13.172+0000] {processor.py:914} INFO - Processing file /home/airflow/.local/lib/python3.12/site-packages/airflow/example_dags/example_workday_timetable.py for tasks to queue
[2026-07-01T09:34:13.174+0000] {logging_mixin.py:190} INFO - [2026-07-01T09:34:13.174+0000] {dagbag.py:587} INFO - Filling up the DagBag from /home/airflow/.local/lib/python3.12/site-packages/airflow/example_dags/example_workday_timetable.py
[2026-07-01T09:34:13.179+0000] {processor.py:925} INFO - DAG(s) 'example_workday_timetable' retrieved from /home/airflow/.local/lib/python3.12/site-packages/airflow/example_dags/example_workday_timetable.py
[2026-07-01T09:34:13.197+0000] {logging_mixin.py:190} INFO - [2026-07-01T09:34:13.197+0000] {dag.py:3211} INFO - Sync 1 DAGs
[2026-07-01T09:34:13.237+0000] {logging_mixin.py:190} INFO - [2026-07-01T09:34:13.237+0000] {dag.py:4138} INFO - Setting next_dagrun for example_workday_timetable to 2021-01-04 00:00:00+00:00, run_after=2021-01-05 00:00:00+00:00
[2026-07-01T09:34:13.252+0000] {processor.py:208} INFO - Processing /home/airflow/.local/lib/python3.12/site-packages/airflow/example_dags/example_workday_timetable.py took 0.087 seconds
[2026-07-01T09:34:44.183+0000] {processor.py:186} INFO - Started process (PID=2633) to work on /home/airflow/.local/lib/python3.12/site-packages/airflow/example_dags/example_workday_timetable.py
[2026-07-01T09:34:44.184+0000] {processor.py:914} INFO - Processing file /home/airflow/.local/lib/python3.12/site-packages/airflow/example_dags/example_workday_timetable.py for tasks to queue
[2026-07-01T09:34:44.186+0000] {logging_mixin.py:190} INFO - [2026-07-01T09:34:44.186+0000] {dagbag.py:587} INFO - Filling up the DagBag from /home/airflow/.local/lib/python3.12/site-packages/airflow/example_dags/example_workday_timetable.py
[2026-07-01T09:34:44.191+0000] {processor.py:925} INFO - DAG(s) 'example_workday_timetable' retrieved from /home/airflow/.local/lib/python3.12/site-packages/airflow/example_dags/example_workday_timetable.py
[2026-07-01T09:34:44.207+0000] {logging_mixin.py:190} INFO - [2026-07-01T09:34:44.207+0000] {dag.py:3211} INFO - Sync 1 DAGs
[2026-07-01T09:34:44.249+0000] {logging_mixin.py:190} INFO - [2026-07-01T09:34:44.249+0000] {dag.py:4138} INFO - Setting next_dagrun for example_workday_timetable to 2021-01-04 00:00:00+00:00, run_after=2021-01-05 00:00:00+00:00
[2026-07-01T09:34:44.263+0000] {processor.py:208} INFO - Processing /home/airflow/.local/lib/python3.12/site-packages/airflow/example_dags/example_workday_timetable.py took 0.085 seconds
[2026-07-01T09:35:14.834+0000] {processor.py:186} INFO - Started process (PID=2695) to work on /home/airflow/.local/lib/python3.12/site-packages/airflow/example_dags/example_workday_timetable.py
[2026-07-01T09:35:14.836+0000] {processor.py:914} INFO - Processing file /home/airflow/.local/lib/python3.12/site-packages/airflow/example_dags/example_workday_timetable.py for tasks to queue
[2026-07-01T09:35:14.837+0000] {logging_mixin.py:190} INFO - [2026-07-01T09:35:14.837+0000] {dagbag.py:587} INFO - Filling up the DagBag from /home/airflow/.local/lib/python3.12/site-packages/airflow/example_dags/example_workday_timetable.py
[2026-07-01T09:35:14.842+0000] {processor.py:925} INFO - DAG(s) 'example_workday_timetable' retrieved from /home/airflow/.local/lib/python3.12/site-packages/airflow/example_dags/example_workday_timetable.py
[2026-07-01T09:35:14.855+0000] {logging_mixin.py:190} INFO - [2026-07-01T09:35:14.855+0000] {dag.py:3211} INFO - Sync 1 DAGs
[2026-07-01T09:35:14.892+0000] {logging_mixin.py:190} INFO - [2026-07-01T09:35:14.892+0000] {dag.py:4138} INFO - Setting next_dagrun for example_workday_timetable to 2021-01-04 00:00:00+00:00, run_after=2021-01-05 00:00:00+00:00
[2026-07-01T09:35:14.906+0000] {processor.py:208} INFO - Processing /home/airflow/.local/lib/python3.12/site-packages/airflow/example_dags/example_workday_timetable.py took 0.077 seconds
[2026-07-01T09:35:45.343+0000] {processor.py:186} INFO - Started process (PID=2757) to work on /home/airflow/.local/lib/python3.12/site-packages/airflow/example_dags/example_workday_timetable.py
[2026-07-01T09:35:45.344+0000] {processor.py:914} INFO - Processing file /home/airflow/.local/lib/python3.12/site-packages/airflow/example_dags/example_workday_timetable.py for tasks to queue
[2026-07-01T09:35:45.347+0000] {logging_mixin.py:190} INFO - [2026-07-01T09:35:45.346+0000] {dagbag.py:587} INFO - Filling up the DagBag from /home/airflow/.local/lib/python3.12/site-packages/airflow/example_dags/example_workday_timetable.py
[2026-07-01T09:35:45.352+0000] {processor.py:925} INFO - DAG(s) 'example_workday_timetable' retrieved from /home/airflow/.local/lib/python3.12/site-packages/airflow/example_dags/example_workday_timetable.py
[2026-07-01T09:35:45.369+0000] {logging_mixin.py:190} INFO - [2026-07-01T09:35:45.369+0000] {dag.py:3211} INFO - Sync 1 DAGs
[2026-07-01T09:35:45.407+0000] {logging_mixin.py:190} INFO - [2026-07-01T09:35:45.407+0000] {dag.py:4138} INFO - Setting next_dagrun for example_workday_timetable to 2021-01-04 00:00:00+00:00, run_after=2021-01-05 00:00:00+00:00
[2026-07-01T09:35:45.423+0000] {processor.py:208} INFO - Processing /home/airflow/.local/lib/python3.12/site-packages/airflow/example_dags/example_workday_timetable.py took 0.085 seconds
[2026-07-01T09:36:16.171+0000] {processor.py:186} INFO - Started process (PID=2819) to work on /home/airflow/.local/lib/python3.12/site-packages/airflow/example_dags/example_workday_timetable.py
[2026-07-01T09:36:16.172+0000] {processor.py:914} INFO - Processing file /home/airflow/.local/lib/python3.12/site-packages/airflow/example_dags/example_workday_timetable.py for tasks to queue
[2026-07-01T09:36:16.175+0000] {logging_mixin.py:190} INFO - [2026-07-01T09:36:16.175+0000] {dagbag.py:587} INFO - Filling up the DagBag from /home/airflow/.local/lib/python3.12/site-packages/airflow/example_dags/example_workday_timetable.py
[2026-07-01T09:36:16.180+0000] {processor.py:925} INFO - DAG(s) 'example_workday_timetable' retrieved from /home/airflow/.local/lib/python3.12/site-packages/airflow/example_dags/example_workday_timetable.py
[2026-07-01T09:36:16.197+0000] {logging_mixin.py:190} INFO - [2026-07-01T09:36:16.196+0000] {dag.py:3211} INFO - Sync 1 DAGs
[2026-07-01T09:36:16.244+0000] {logging_mixin.py:190} INFO - [2026-07-01T09:36:16.244+0000] {dag.py:4138} INFO - Setting next_dagrun for example_workday_timetable to 2021-01-04 00:00:00+00:00, run_after=2021-01-05 00:00:00+00:00
[2026-07-01T09:36:16.258+0000] {processor.py:208} INFO - Processing /home/airflow/.local/lib/python3.12/site-packages/airflow/example_dags/example_workday_timetable.py took 0.092 seconds
[2026-07-01T09:36:46.907+0000] {processor.py:186} INFO - Started process (PID=2881) to work on /home/airflow/.local/lib/python3.12/site-packages/airflow/example_dags/example_workday_timetable.py
[2026-07-01T09:36:46.908+0000] {processor.py:914} INFO - Processing file /home/airflow/.local/lib/python3.12/site-packages/airflow/example_dags/example_workday_timetable.py for tasks to queue
[2026-07-01T09:36:46.910+0000] {logging_mixin.py:190} INFO - [2026-07-01T09:36:46.910+0000] {dagbag.py:587} INFO - Filling up the DagBag from /home/airflow/.local/lib/python3.12/site-packages/airflow/example_dags/example_workday_timetable.py
[2026-07-01T09:36:46.915+0000] {processor.py:925} INFO - DAG(s) 'example_workday_timetable' retrieved from /home/airflow/.local/lib/python3.12/site-packages/airflow/example_dags/example_workday_timetable.py
[2026-07-01T09:36:46.930+0000] {logging_mixin.py:190} INFO - [2026-07-01T09:36:46.930+0000] {dag.py:3211} INFO - Sync 1 DAGs
[2026-07-01T09:36:46.967+0000] {logging_mixin.py:190} INFO - [2026-07-01T09:36:46.967+0000] {dag.py:4138} INFO - Setting next_dagrun for example_workday_timetable to 2021-01-04 00:00:00+00:00, run_after=2021-01-05 00:00:00+00:00
[2026-07-01T09:36:46.981+0000] {processor.py:208} INFO - Processing /home/airflow/.local/lib/python3.12/site-packages/airflow/example_dags/example_workday_timetable.py took 0.078 seconds
[2026-07-01T09:37:18.848+0000] {processor.py:186} INFO - Started process (PID=2943) to work on /home/airflow/.local/lib/python3.12/site-packages/airflow/example_dags/example_workday_timetable.py
[2026-07-01T09:37:18.849+0000] {processor.py:914} INFO - Processing file /home/airflow/.local/lib/python3.12/site-packages/airflow/example_dags/example_workday_timetable.py for tasks to queue
[2026-07-01T09:37:18.851+0000] {logging_mixin.py:190} INFO - [2026-07-01T09:37:18.851+0000] {dagbag.py:587} INFO - Filling up the DagBag from /home/airflow/.local/lib/python3.12/site-packages/airflow/example_dags/example_workday_timetable.py
[2026-07-01T09:37:18.856+0000] {processor.py:925} INFO - DAG(s) 'example_workday_timetable' retrieved from /home/airflow/.local/lib/python3.12/site-packages/airflow/example_dags/example_workday_timetable.py
[2026-07-01T09:37:18.871+0000] {logging_mixin.py:190} INFO - [2026-07-01T09:37:18.871+0000] {dag.py:3211} INFO - Sync 1 DAGs
[2026-07-01T09:37:18.910+0000] {logging_mixin.py:190} INFO - [2026-07-01T09:37:18.910+0000] {dag.py:4138} INFO - Setting next_dagrun for example_workday_timetable to 2021-01-04 00:00:00+00:00, run_after=2021-01-05 00:00:00+00:00
[2026-07-01T09:37:18.923+0000] {processor.py:208} INFO - Processing /home/airflow/.local/lib/python3.12/site-packages/airflow/example_dags/example_workday_timetable.py took 0.080 seconds
[2026-07-01T09:37:50.115+0000] {processor.py:186} INFO - Started process (PID=3011) to work on /home/airflow/.local/lib/python3.12/site-packages/airflow/example_dags/example_workday_timetable.py
[2026-07-01T09:37:50.117+0000] {processor.py:914} INFO - Processing file /home/airflow/.local/lib/python3.12/site-packages/airflow/example_dags/example_workday_timetable.py for tasks to queue
[2026-07-01T09:37:50.119+0000] {logging_mixin.py:190} INFO - [2026-07-01T09:37:50.118+0000] {dagbag.py:587} INFO - Filling up the DagBag from /home/airflow/.local/lib/python3.12/site-packages/airflow/example_dags/example_workday_timetable.py
[2026-07-01T09:37:50.124+0000] {processor.py:925} INFO - DAG(s) 'example_workday_timetable' retrieved from /home/airflow/.local/lib/python3.12/site-packages/airflow/example_dags/example_workday_timetable.py
[2026-07-01T09:37:50.138+0000] {logging_mixin.py:190} INFO - [2026-07-01T09:37:50.138+0000] {dag.py:3211} INFO - Sync 1 DAGs
[2026-07-01T09:37:50.179+0000] {logging_mixin.py:190} INFO - [2026-07-01T09:37:50.179+0000] {dag.py:4138} INFO - Setting next_dagrun for example_workday_timetable to 2021-01-04 00:00:00+00:00, run_after=2021-01-05 00:00:00+00:00
[2026-07-01T09:37:50.194+0000] {processor.py:208} INFO - Processing /home/airflow/.local/lib/python3.12/site-packages/airflow/example_dags/example_workday_timetable.py took 0.084 seconds
[2026-07-01T09:38:21.063+0000] {processor.py:186} INFO - Started process (PID=3073) to work on /home/airflow/.local/lib/python3.12/site-packages/airflow/example_dags/example_workday_timetable.py
[2026-07-01T09:38:21.064+0000] {processor.py:914} INFO - Processing file /home/airflow/.local/lib/python3.12/site-packages/airflow/example_dags/example_workday_timetable.py for tasks to queue
[2026-07-01T09:38:21.066+0000] {logging_mixin.py:190} INFO - [2026-07-01T09:38:21.066+0000] {dagbag.py:587} INFO - Filling up the DagBag from /home/airflow/.local/lib/python3.12/site-packages/airflow/example_dags/example_workday_timetable.py
[2026-07-01T09:38:21.072+0000] {processor.py:925} INFO - DAG(s) 'example_workday_timetable' retrieved from /home/airflow/.local/lib/python3.12/site-packages/airflow/example_dags/example_workday_timetable.py
[2026-07-01T09:38:21.091+0000] {logging_mixin.py:190} INFO - [2026-07-01T09:38:21.091+0000] {dag.py:3211} INFO - Sync 1 DAGs
[2026-07-01T09:38:21.265+0000] {logging_mixin.py:190} INFO - [2026-07-01T09:38:21.265+0000] {dag.py:4138} INFO - Setting next_dagrun for example_workday_timetable to 2021-01-04 00:00:00+00:00, run_after=2021-01-05 00:00:00+00:00
[2026-07-01T09:38:21.281+0000] {processor.py:208} INFO - Processing /home/airflow/.local/lib/python3.12/site-packages/airflow/example_dags/example_workday_timetable.py took 0.224 seconds
[2026-07-01T09:38:51.408+0000] {processor.py:186} INFO - Started process (PID=3135) to work on /home/airflow/.local/lib/python3.12/site-packages/airflow/example_dags/example_workday_timetable.py
[2026-07-01T09:38:51.409+0000] {processor.py:914} INFO - Processing file /home/airflow/.local/lib/python3.12/site-packages/airflow/example_dags/example_workday_timetable.py for tasks to queue
[2026-07-01T09:38:51.412+0000] {logging_mixin.py:190} INFO - [2026-07-01T09:38:51.411+0000] {dagbag.py:587} INFO - Filling up the DagBag from /home/airflow/.local/lib/python3.12/site-packages/airflow/example_dags/example_workday_timetable.py
[2026-07-01T09:38:51.418+0000] {processor.py:925} INFO - DAG(s) 'example_workday_timetable' retrieved from /home/airflow/.local/lib/python3.12/site-packages/airflow/example_dags/example_workday_timetable.py
[2026-07-01T09:38:51.438+0000] {logging_mixin.py:190} INFO - [2026-07-01T09:38:51.438+0000] {dag.py:3211} INFO - Sync 1 DAGs
[2026-07-01T09:38:51.617+0000] {logging_mixin.py:190} INFO - [2026-07-01T09:38:51.617+0000] {dag.py:4138} INFO - Setting next_dagrun for example_workday_timetable to 2021-01-04 00:00:00+00:00, run_after=2021-01-05 00:00:00+00:00
[2026-07-01T09:38:51.629+0000] {processor.py:208} INFO - Processing /home/airflow/.local/lib/python3.12/site-packages/airflow/example_dags/example_workday_timetable.py took 0.228 seconds
[2026-07-01T09:39:22.094+0000] {processor.py:186} INFO - Started process (PID=3197) to work on /home/airflow/.local/lib/python3.12/site-packages/airflow/example_dags/example_workday_timetable.py
[2026-07-01T09:39:22.095+0000] {processor.py:914} INFO - Processing file /home/airflow/.local/lib/python3.12/site-packages/airflow/example_dags/example_workday_timetable.py for tasks to queue
[2026-07-01T09:39:22.097+0000] {logging_mixin.py:190} INFO - [2026-07-01T09:39:22.097+0000] {dagbag.py:587} INFO - Filling up the DagBag from /home/airflow/.local/lib/python3.12/site-packages/airflow/example_dags/example_workday_timetable.py
[2026-07-01T09:39:22.103+0000] {processor.py:925} INFO - DAG(s) 'example_workday_timetable' retrieved from /home/airflow/.local/lib/python3.12/site-packages/airflow/example_dags/example_workday_timetable.py
[2026-07-01T09:39:22.120+0000] {logging_mixin.py:190} INFO - [2026-07-01T09:39:22.120+0000] {dag.py:3211} INFO - Sync 1 DAGs
[2026-07-01T09:39:22.305+0000] {logging_mixin.py:190} INFO - [2026-07-01T09:39:22.305+0000] {dag.py:4138} INFO - Setting next_dagrun for example_workday_timetable to 2021-01-04 00:00:00+00:00, run_after=2021-01-05 00:00:00+00:00
[2026-07-01T09:39:22.320+0000] {processor.py:208} INFO - Processing /home/airflow/.local/lib/python3.12/site-packages/airflow/example_dags/example_workday_timetable.py took 0.230 seconds
[2026-07-01T09:39:53.116+0000] {processor.py:186} INFO - Started process (PID=3259) to work on /home/airflow/.local/lib/python3.12/site-packages/airflow/example_dags/example_workday_timetable.py
[2026-07-01T09:39:53.117+0000] {processor.py:914} INFO - Processing file /home/airflow/.local/lib/python3.12/site-packages/airflow/example_dags/example_workday_timetable.py for tasks to queue
[2026-07-01T09:39:53.119+0000] {logging_mixin.py:190} INFO - [2026-07-01T09:39:53.119+0000] {dagbag.py:587} INFO - Filling up the DagBag from /home/airflow/.local/lib/python3.12/site-packages/airflow/example_dags/example_workday_timetable.py
[2026-07-01T09:39:53.123+0000] {processor.py:925} INFO - DAG(s) 'example_workday_timetable' retrieved from /home/airflow/.local/lib/python3.12/site-packages/airflow/example_dags/example_workday_timetable.py
[2026-07-01T09:39:53.139+0000] {logging_mixin.py:190} INFO - [2026-07-01T09:39:53.139+0000] {dag.py:3211} INFO - Sync 1 DAGs
[2026-07-01T09:39:53.179+0000] {logging_mixin.py:190} INFO - [2026-07-01T09:39:53.179+0000] {dag.py:4138} INFO - Setting next_dagrun for example_workday_timetable to 2021-01-04 00:00:00+00:00, run_after=2021-01-05 00:00:00+00:00
[2026-07-01T09:39:53.326+0000] {processor.py:208} INFO - Processing /home/airflow/.local/lib/python3.12/site-packages/airflow/example_dags/example_workday_timetable.py took 0.215 seconds
[2026-07-01T09:40:23.994+0000] {processor.py:186} INFO - Started process (PID=3321) to work on /home/airflow/.local/lib/python3.12/site-packages/airflow/example_dags/example_workday_timetable.py
[2026-07-01T09:40:23.996+0000] {processor.py:914} INFO - Processing file /home/airflow/.local/lib/python3.12/site-packages/airflow/example_dags/example_workday_timetable.py for tasks to queue
[2026-07-01T09:40:23.997+0000] {logging_mixin.py:190} INFO - [2026-07-01T09:40:23.997+0000] {dagbag.py:587} INFO - Filling up the DagBag from /home/airflow/.local/lib/python3.12/site-packages/airflow/example_dags/example_workday_timetable.py
[2026-07-01T09:40:24.002+0000] {processor.py:925} INFO - DAG(s) 'example_workday_timetable' retrieved from /home/airflow/.local/lib/python3.12/site-packages/airflow/example_dags/example_workday_timetable.py
[2026-07-01T09:40:24.018+0000] {logging_mixin.py:190} INFO - [2026-07-01T09:40:24.018+0000] {dag.py:3211} INFO - Sync 1 DAGs
[2026-07-01T09:40:24.059+0000] {logging_mixin.py:190} INFO - [2026-07-01T09:40:24.059+0000] {dag.py:4138} INFO - Setting next_dagrun for example_workday_timetable to 2021-01-04 00:00:00+00:00, run_after=2021-01-05 00:00:00+00:00
[2026-07-01T09:40:24.072+0000] {processor.py:208} INFO - Processing /home/airflow/.local/lib/python3.12/site-packages/airflow/example_dags/example_workday_timetable.py took 0.082 seconds
[2026-07-01T09:40:54.363+0000] {processor.py:186} INFO - Started process (PID=3383) to work on /home/airflow/.local/lib/python3.12/site-packages/airflow/example_dags/example_workday_timetable.py
[2026-07-01T09:40:54.365+0000] {processor.py:914} INFO - Processing file /home/airflow/.local/lib/python3.12/site-packages/airflow/example_dags/example_workday_timetable.py for tasks to queue
[2026-07-01T09:40:54.367+0000] {logging_mixin.py:190} INFO - [2026-07-01T09:40:54.366+0000] {dagbag.py:587} INFO - Filling up the DagBag from /home/airflow/.local/lib/python3.12/site-packages/airflow/example_dags/example_workday_timetable.py
[2026-07-01T09:40:54.372+0000] {processor.py:925} INFO - DAG(s) 'example_workday_timetable' retrieved from /home/airflow/.local/lib/python3.12/site-packages/airflow/example_dags/example_workday_timetable.py
[2026-07-01T09:40:54.388+0000] {logging_mixin.py:190} INFO - [2026-07-01T09:40:54.387+0000] {dag.py:3211} INFO - Sync 1 DAGs
[2026-07-01T09:40:54.425+0000] {logging_mixin.py:190} INFO - [2026-07-01T09:40:54.425+0000] {dag.py:4138} INFO - Setting next_dagrun for example_workday_timetable to 2021-01-04 00:00:00+00:00, run_after=2021-01-05 00:00:00+00:00
[2026-07-01T09:40:54.440+0000] {processor.py:208} INFO - Processing /home/airflow/.local/lib/python3.12/site-packages/airflow/example_dags/example_workday_timetable.py took 0.085 seconds
[2026-07-01T09:41:24.711+0000] {processor.py:186} INFO - Started process (PID=3445) to work on /home/airflow/.local/lib/python3.12/site-packages/airflow/example_dags/example_workday_timetable.py
[2026-07-01T09:41:24.712+0000] {processor.py:914} INFO - Processing file /home/airflow/.local/lib/python3.12/site-packages/airflow/example_dags/example_workday_timetable.py for tasks to queue
[2026-07-01T09:41:24.714+0000] {logging_mixin.py:190} INFO - [2026-07-01T09:41:24.714+0000] {dagbag.py:587} INFO - Filling up the DagBag from /home/airflow/.local/lib/python3.12/site-packages/airflow/example_dags/example_workday_timetable.py
[2026-07-01T09:41:24.719+0000] {processor.py:925} INFO - DAG(s) 'example_workday_timetable' retrieved from /home/airflow/.local/lib/python3.12/site-packages/airflow/example_dags/example_workday_timetable.py
[2026-07-01T09:41:24.735+0000] {logging_mixin.py:190} INFO - [2026-07-01T09:41:24.735+0000] {dag.py:3211} INFO - Sync 1 DAGs
[2026-07-01T09:41:24.774+0000] {logging_mixin.py:190} INFO - [2026-07-01T09:41:24.774+0000] {dag.py:4138} INFO - Setting next_dagrun for example_workday_timetable to 2021-01-04 00:00:00+00:00, run_after=2021-01-05 00:00:00+00:00
[2026-07-01T09:41:24.788+0000] {processor.py:208} INFO - Processing /home/airflow/.local/lib/python3.12/site-packages/airflow/example_dags/example_workday_timetable.py took 0.082 seconds
[2026-07-01T09:41:54.911+0000] {processor.py:186} INFO - Started process (PID=3507) to work on /home/airflow/.local/lib/python3.12/site-packages/airflow/example_dags/example_workday_timetable.py
[2026-07-01T09:41:54.912+0000] {processor.py:914} INFO - Processing file /home/airflow/.local/lib/python3.12/site-packages/airflow/example_dags/example_workday_timetable.py for tasks to queue
[2026-07-01T09:41:54.914+0000] {logging_mixin.py:190} INFO - [2026-07-01T09:41:54.914+0000] {dagbag.py:587} INFO - Filling up the DagBag from /home/airflow/.local/lib/python3.12/site-packages/airflow/example_dags/example_workday_timetable.py
[2026-07-01T09:41:54.918+0000] {processor.py:925} INFO - DAG(s) 'example_workday_timetable' retrieved from /home/airflow/.local/lib/python3.12/site-packages/airflow/example_dags/example_workday_timetable.py
[2026-07-01T09:41:54.933+0000] {logging_mixin.py:190} INFO - [2026-07-01T09:41:54.933+0000] {dag.py:3211} INFO - Sync 1 DAGs
[2026-07-01T09:41:54.971+0000] {logging_mixin.py:190} INFO - [2026-07-01T09:41:54.971+0000] {dag.py:4138} INFO - Setting next_dagrun for example_workday_timetable to 2021-01-04 00:00:00+00:00, run_after=2021-01-05 00:00:00+00:00
[2026-07-01T09:41:54.984+0000] {processor.py:208} INFO - Processing /home/airflow/.local/lib/python3.12/site-packages/airflow/example_dags/example_workday_timetable.py took 0.077 seconds
[2026-07-01T09:42:25.333+0000] {processor.py:186} INFO - Started process (PID=3569) to work on /home/airflow/.local/lib/python3.12/site-packages/airflow/example_dags/example_workday_timetable.py
[2026-07-01T09:42:25.334+0000] {processor.py:914} INFO - Processing file /home/airflow/.local/lib/python3.12/site-packages/airflow/example_dags/example_workday_timetable.py for tasks to queue
[2026-07-01T09:42:25.337+0000] {logging_mixin.py:190} INFO - [2026-07-01T09:42:25.336+0000] {dagbag.py:587} INFO - Filling up the DagBag from /home/airflow/.local/lib/python3.12/site-packages/airflow/example_dags/example_workday_timetable.py
[2026-07-01T09:42:25.342+0000] {processor.py:925} INFO - DAG(s) 'example_workday_timetable' retrieved from /home/airflow/.local/lib/python3.12/site-packages/airflow/example_dags/example_workday_timetable.py
[2026-07-01T09:42:25.359+0000] {logging_mixin.py:190} INFO - [2026-07-01T09:42:25.359+0000] {dag.py:3211} INFO - Sync 1 DAGs
[2026-07-01T09:42:25.399+0000] {logging_mixin.py:190} INFO - [2026-07-01T09:42:25.399+0000] {dag.py:4138} INFO - Setting next_dagrun for example_workday_timetable to 2021-01-04 00:00:00+00:00, run_after=2021-01-05 00:00:00+00:00
[2026-07-01T09:42:25.413+0000] {processor.py:208} INFO - Processing /home/airflow/.local/lib/python3.12/site-packages/airflow/example_dags/example_workday_timetable.py took 0.086 seconds
[2026-07-01T09:42:55.804+0000] {processor.py:186} INFO - Started process (PID=3631) to work on /home/airflow/.local/lib/python3.12/site-packages/airflow/example_dags/example_workday_timetable.py
[2026-07-01T09:42:55.805+0000] {processor.py:914} INFO - Processing file /home/airflow/.local/lib/python3.12/site-packages/airflow/example_dags/example_workday_timetable.py for tasks to queue
[2026-07-01T09:42:55.808+0000] {logging_mixin.py:190} INFO - [2026-07-01T09:42:55.808+0000] {dagbag.py:587} INFO - Filling up the DagBag from /home/airflow/.local/lib/python3.12/site-packages/airflow/example_dags/example_workday_timetable.py
[2026-07-01T09:42:55.815+0000] {processor.py:925} INFO - DAG(s) 'example_workday_timetable' retrieved from /home/airflow/.local/lib/python3.12/site-packages/airflow/example_dags/example_workday_timetable.py
[2026-07-01T09:42:55.831+0000] {logging_mixin.py:190} INFO - [2026-07-01T09:42:55.831+0000] {dag.py:3211} INFO - Sync 1 DAGs
[2026-07-01T09:42:55.875+0000] {logging_mixin.py:190} INFO - [2026-07-01T09:42:55.875+0000] {dag.py:4138} INFO - Setting next_dagrun for example_workday_timetable to 2021-01-04 00:00:00+00:00, run_after=2021-01-05 00:00:00+00:00
[2026-07-01T09:42:55.887+0000] {processor.py:208} INFO - Processing /home/airflow/.local/lib/python3.12/site-packages/airflow/example_dags/example_workday_timetable.py took 0.090 seconds
[2026-07-01T09:43:26.035+0000] {processor.py:186} INFO - Started process (PID=3693) to work on /home/airflow/.local/lib/python3.12/site-packages/airflow/example_dags/example_workday_timetable.py
[2026-07-01T09:43:26.036+0000] {processor.py:914} INFO - Processing file /home/airflow/.local/lib/python3.12/site-packages/airflow/example_dags/example_workday_timetable.py for tasks to queue
[2026-07-01T09:43:26.038+0000] {logging_mixin.py:190} INFO - [2026-07-01T09:43:26.038+0000] {dagbag.py:587} INFO - Filling up the DagBag from /home/airflow/.local/lib/python3.12/site-packages/airflow/example_dags/example_workday_timetable.py
[2026-07-01T09:43:26.044+0000] {processor.py:925} INFO - DAG(s) 'example_workday_timetable' retrieved from /home/airflow/.local/lib/python3.12/site-packages/airflow/example_dags/example_workday_timetable.py
[2026-07-01T09:43:26.061+0000] {logging_mixin.py:190} INFO - [2026-07-01T09:43:26.061+0000] {dag.py:3211} INFO - Sync 1 DAGs
[2026-07-01T09:43:26.122+0000] {logging_mixin.py:190} INFO - [2026-07-01T09:43:26.121+0000] {dag.py:4138} INFO - Setting next_dagrun for example_workday_timetable to 2021-01-04 00:00:00+00:00, run_after=2021-01-05 00:00:00+00:00
[2026-07-01T09:43:26.138+0000] {processor.py:208} INFO - Processing /home/airflow/.local/lib/python3.12/site-packages/airflow/example_dags/example_workday_timetable.py took 0.109 seconds
[2026-07-01T09:43:56.436+0000] {processor.py:186} INFO - Started process (PID=3755) to work on /home/airflow/.local/lib/python3.12/site-packages/airflow/example_dags/example_workday_timetable.py
[2026-07-01T09:43:56.438+0000] {processor.py:914} INFO - Processing file /home/airflow/.local/lib/python3.12/site-packages/airflow/example_dags/example_workday_timetable.py for tasks to queue
[2026-07-01T09:43:56.440+0000] {logging_mixin.py:190} INFO - [2026-07-01T09:43:56.439+0000] {dagbag.py:587} INFO - Filling up the DagBag from /home/airflow/.local/lib/python3.12/site-packages/airflow/example_dags/example_workday_timetable.py
[2026-07-01T09:43:56.445+0000] {processor.py:925} INFO - DAG(s) 'example_workday_timetable' retrieved from /home/airflow/.local/lib/python3.12/site-packages/airflow/example_dags/example_workday_timetable.py
[2026-07-01T09:43:56.464+0000] {logging_mixin.py:190} INFO - [2026-07-01T09:43:56.464+0000] {dag.py:3211} INFO - Sync 1 DAGs
[2026-07-01T09:43:56.514+0000] {logging_mixin.py:190} INFO - [2026-07-01T09:43:56.513+0000] {dag.py:4138} INFO - Setting next_dagrun for example_workday_timetable to 2021-01-04 00:00:00+00:00, run_after=2021-01-05 00:00:00+00:00
[2026-07-01T09:43:56.530+0000] {processor.py:208} INFO - Processing /home/airflow/.local/lib/python3.12/site-packages/airflow/example_dags/example_workday_timetable.py took 0.100 seconds
[2026-07-01T09:44:26.668+0000] {processor.py:186} INFO - Started process (PID=3817) to work on /home/airflow/.local/lib/python3.12/site-packages/airflow/example_dags/example_workday_timetable.py
[2026-07-01T09:44:26.669+0000] {processor.py:914} INFO - Processing file /home/airflow/.local/lib/python3.12/site-packages/airflow/example_dags/example_workday_timetable.py for tasks to queue
[2026-07-01T09:44:26.672+0000] {logging_mixin.py:190} INFO - [2026-07-01T09:44:26.672+0000] {dagbag.py:587} INFO - Filling up the DagBag from /home/airflow/.local/lib/python3.12/site-packages/airflow/example_dags/example_workday_timetable.py
[2026-07-01T09:44:26.677+0000] {processor.py:925} INFO - DAG(s) 'example_workday_timetable' retrieved from /home/airflow/.local/lib/python3.12/site-packages/airflow/example_dags/example_workday_timetable.py
[2026-07-01T09:44:26.694+0000] {logging_mixin.py:190} INFO - [2026-07-01T09:44:26.694+0000] {dag.py:3211} INFO - Sync 1 DAGs
[2026-07-01T09:44:26.734+0000] {logging_mixin.py:190} INFO - [2026-07-01T09:44:26.734+0000] {dag.py:4138} INFO - Setting next_dagrun for example_workday_timetable to 2021-01-04 00:00:00+00:00, run_after=2021-01-05 00:00:00+00:00
[2026-07-01T09:44:26.749+0000] {processor.py:208} INFO - Processing /home/airflow/.local/lib/python3.12/site-packages/airflow/example_dags/example_workday_timetable.py took 0.086 seconds
[2026-07-01T09:44:57.051+0000] {processor.py:186} INFO - Started process (PID=3879) to work on /home/airflow/.local/lib/python3.12/site-packages/airflow/example_dags/example_workday_timetable.py
[2026-07-01T09:44:57.052+0000] {processor.py:914} INFO - Processing file /home/airflow/.local/lib/python3.12/site-packages/airflow/example_dags/example_workday_timetable.py for tasks to queue
[2026-07-01T09:44:57.054+0000] {logging_mixin.py:190} INFO - [2026-07-01T09:44:57.054+0000] {dagbag.py:587} INFO - Filling up the DagBag from /home/airflow/.local/lib/python3.12/site-packages/airflow/example_dags/example_workday_timetable.py
[2026-07-01T09:44:57.062+0000] {processor.py:925} INFO - DAG(s) 'example_workday_timetable' retrieved from /home/airflow/.local/lib/python3.12/site-packages/airflow/example_dags/example_workday_timetable.py
[2026-07-01T09:44:57.078+0000] {logging_mixin.py:190} INFO - [2026-07-01T09:44:57.077+0000] {dag.py:3211} INFO - Sync 1 DAGs
[2026-07-01T09:44:57.118+0000] {logging_mixin.py:190} INFO - [2026-07-01T09:44:57.118+0000] {dag.py:4138} INFO - Setting next_dagrun for example_workday_timetable to 2021-01-04 00:00:00+00:00, run_after=2021-01-05 00:00:00+00:00
[2026-07-01T09:44:57.133+0000] {processor.py:208} INFO - Processing /home/airflow/.local/lib/python3.12/site-packages/airflow/example_dags/example_workday_timetable.py took 0.087 seconds
[2026-07-01T09:45:27.497+0000] {processor.py:186} INFO - Started process (PID=3941) to work on /home/airflow/.local/lib/python3.12/site-packages/airflow/example_dags/example_workday_timetable.py
[2026-07-01T09:45:27.498+0000] {processor.py:914} INFO - Processing file /home/airflow/.local/lib/python3.12/site-packages/airflow/example_dags/example_workday_timetable.py for tasks to queue
[2026-07-01T09:45:27.500+0000] {logging_mixin.py:190} INFO - [2026-07-01T09:45:27.500+0000] {dagbag.py:587} INFO - Filling up the DagBag from /home/airflow/.local/lib/python3.12/site-packages/airflow/example_dags/example_workday_timetable.py
[2026-07-01T09:45:27.506+0000] {processor.py:925} INFO - DAG(s) 'example_workday_timetable' retrieved from /home/airflow/.local/lib/python3.12/site-packages/airflow/example_dags/example_workday_timetable.py
[2026-07-01T09:45:27.521+0000] {logging_mixin.py:190} INFO - [2026-07-01T09:45:27.521+0000] {dag.py:3211} INFO - Sync 1 DAGs
[2026-07-01T09:45:27.559+0000] {logging_mixin.py:190} INFO - [2026-07-01T09:45:27.558+0000] {dag.py:4138} INFO - Setting next_dagrun for example_workday_timetable to 2021-01-04 00:00:00+00:00, run_after=2021-01-05 00:00:00+00:00
[2026-07-01T09:45:27.571+0000] {processor.py:208} INFO - Processing /home/airflow/.local/lib/python3.12/site-packages/airflow/example_dags/example_workday_timetable.py took 0.079 seconds
