[2026-07-01T09:09:41.246+0000] {processor.py:186} INFO - Started process (PID=96) to work on /home/airflow/.local/lib/python3.12/site-packages/airflow/example_dags/example_dag_decorator.py
[2026-07-01T09:09:41.248+0000] {processor.py:914} INFO - Processing file /home/airflow/.local/lib/python3.12/site-packages/airflow/example_dags/example_dag_decorator.py for tasks to queue
[2026-07-01T09:09:41.250+0000] {logging_mixin.py:190} INFO - [2026-07-01T09:09:41.249+0000] {dagbag.py:587} INFO - Filling up the DagBag from /home/airflow/.local/lib/python3.12/site-packages/airflow/example_dags/example_dag_decorator.py
[2026-07-01T09:09:41.261+0000] {processor.py:925} INFO - DAG(s) 'example_dag_decorator' retrieved from /home/airflow/.local/lib/python3.12/site-packages/airflow/example_dags/example_dag_decorator.py
[2026-07-01T09:09:41.349+0000] {logging_mixin.py:190} INFO - [2026-07-01T09:09:41.348+0000] {override.py:1858} INFO - Created Permission View: can read on DAG:example_dag_decorator
[2026-07-01T09:09:41.358+0000] {logging_mixin.py:190} INFO - [2026-07-01T09:09:41.357+0000] {override.py:1858} INFO - Created Permission View: can delete on DAG:example_dag_decorator
[2026-07-01T09:09:41.364+0000] {logging_mixin.py:190} INFO - [2026-07-01T09:09:41.363+0000] {override.py:1858} INFO - Created Permission View: can edit on DAG:example_dag_decorator
[2026-07-01T09:09:41.364+0000] {logging_mixin.py:190} INFO - [2026-07-01T09:09:41.364+0000] {dag.py:3211} INFO - Sync 1 DAGs
[2026-07-01T09:09:41.376+0000] {logging_mixin.py:190} INFO - [2026-07-01T09:09:41.376+0000] {dag.py:3234} INFO - Creating ORM DAG for example_dag_decorator
[2026-07-01T09:09:41.377+0000] {logging_mixin.py:190} INFO - [2026-07-01T09:09:41.377+0000] {dag.py:4138} INFO - Setting next_dagrun for example_dag_decorator to None, run_after=None
[2026-07-01T09:09:41.390+0000] {processor.py:208} INFO - Processing /home/airflow/.local/lib/python3.12/site-packages/airflow/example_dags/example_dag_decorator.py took 0.149 seconds
[2026-07-01T09:10:11.554+0000] {processor.py:186} INFO - Started process (PID=158) to work on /home/airflow/.local/lib/python3.12/site-packages/airflow/example_dags/example_dag_decorator.py
[2026-07-01T09:10:11.556+0000] {processor.py:914} INFO - Processing file /home/airflow/.local/lib/python3.12/site-packages/airflow/example_dags/example_dag_decorator.py for tasks to queue
[2026-07-01T09:10:11.558+0000] {logging_mixin.py:190} INFO - [2026-07-01T09:10:11.558+0000] {dagbag.py:587} INFO - Filling up the DagBag from /home/airflow/.local/lib/python3.12/site-packages/airflow/example_dags/example_dag_decorator.py
[2026-07-01T09:10:11.567+0000] {processor.py:925} INFO - DAG(s) 'example_dag_decorator' retrieved from /home/airflow/.local/lib/python3.12/site-packages/airflow/example_dags/example_dag_decorator.py
[2026-07-01T09:10:11.638+0000] {logging_mixin.py:190} INFO - [2026-07-01T09:10:11.638+0000] {dag.py:3211} INFO - Sync 1 DAGs
[2026-07-01T09:10:11.647+0000] {logging_mixin.py:190} INFO - [2026-07-01T09:10:11.647+0000] {dag.py:4138} INFO - Setting next_dagrun for example_dag_decorator to None, run_after=None
[2026-07-01T09:10:11.662+0000] {processor.py:208} INFO - Processing /home/airflow/.local/lib/python3.12/site-packages/airflow/example_dags/example_dag_decorator.py took 0.113 seconds
[2026-07-01T09:10:41.793+0000] {processor.py:186} INFO - Started process (PID=220) to work on /home/airflow/.local/lib/python3.12/site-packages/airflow/example_dags/example_dag_decorator.py
[2026-07-01T09:10:41.794+0000] {processor.py:914} INFO - Processing file /home/airflow/.local/lib/python3.12/site-packages/airflow/example_dags/example_dag_decorator.py for tasks to queue
[2026-07-01T09:10:41.796+0000] {logging_mixin.py:190} INFO - [2026-07-01T09:10:41.796+0000] {dagbag.py:587} INFO - Filling up the DagBag from /home/airflow/.local/lib/python3.12/site-packages/airflow/example_dags/example_dag_decorator.py
[2026-07-01T09:10:41.804+0000] {processor.py:925} INFO - DAG(s) 'example_dag_decorator' retrieved from /home/airflow/.local/lib/python3.12/site-packages/airflow/example_dags/example_dag_decorator.py
[2026-07-01T09:10:41.864+0000] {logging_mixin.py:190} INFO - [2026-07-01T09:10:41.864+0000] {dag.py:3211} INFO - Sync 1 DAGs
[2026-07-01T09:10:41.871+0000] {logging_mixin.py:190} INFO - [2026-07-01T09:10:41.870+0000] {dag.py:4138} INFO - Setting next_dagrun for example_dag_decorator to None, run_after=None
[2026-07-01T09:10:41.883+0000] {processor.py:208} INFO - Processing /home/airflow/.local/lib/python3.12/site-packages/airflow/example_dags/example_dag_decorator.py took 0.094 seconds
[2026-07-01T09:11:12.121+0000] {processor.py:186} INFO - Started process (PID=282) to work on /home/airflow/.local/lib/python3.12/site-packages/airflow/example_dags/example_dag_decorator.py
[2026-07-01T09:11:12.122+0000] {processor.py:914} INFO - Processing file /home/airflow/.local/lib/python3.12/site-packages/airflow/example_dags/example_dag_decorator.py for tasks to queue
[2026-07-01T09:11:12.123+0000] {logging_mixin.py:190} INFO - [2026-07-01T09:11:12.123+0000] {dagbag.py:587} INFO - Filling up the DagBag from /home/airflow/.local/lib/python3.12/site-packages/airflow/example_dags/example_dag_decorator.py
[2026-07-01T09:11:12.131+0000] {processor.py:925} INFO - DAG(s) 'example_dag_decorator' retrieved from /home/airflow/.local/lib/python3.12/site-packages/airflow/example_dags/example_dag_decorator.py
[2026-07-01T09:11:12.195+0000] {logging_mixin.py:190} INFO - [2026-07-01T09:11:12.195+0000] {dag.py:3211} INFO - Sync 1 DAGs
[2026-07-01T09:11:12.203+0000] {logging_mixin.py:190} INFO - [2026-07-01T09:11:12.203+0000] {dag.py:4138} INFO - Setting next_dagrun for example_dag_decorator to None, run_after=None
[2026-07-01T09:11:12.216+0000] {processor.py:208} INFO - Processing /home/airflow/.local/lib/python3.12/site-packages/airflow/example_dags/example_dag_decorator.py took 0.100 seconds
[2026-07-01T09:11:42.524+0000] {processor.py:186} INFO - Started process (PID=344) to work on /home/airflow/.local/lib/python3.12/site-packages/airflow/example_dags/example_dag_decorator.py
[2026-07-01T09:11:42.525+0000] {processor.py:914} INFO - Processing file /home/airflow/.local/lib/python3.12/site-packages/airflow/example_dags/example_dag_decorator.py for tasks to queue
[2026-07-01T09:11:42.528+0000] {logging_mixin.py:190} INFO - [2026-07-01T09:11:42.527+0000] {dagbag.py:587} INFO - Filling up the DagBag from /home/airflow/.local/lib/python3.12/site-packages/airflow/example_dags/example_dag_decorator.py
[2026-07-01T09:11:42.538+0000] {processor.py:925} INFO - DAG(s) 'example_dag_decorator' retrieved from /home/airflow/.local/lib/python3.12/site-packages/airflow/example_dags/example_dag_decorator.py
[2026-07-01T09:11:42.632+0000] {logging_mixin.py:190} INFO - [2026-07-01T09:11:42.632+0000] {dag.py:3211} INFO - Sync 1 DAGs
[2026-07-01T09:11:42.642+0000] {logging_mixin.py:190} INFO - [2026-07-01T09:11:42.642+0000] {dag.py:4138} INFO - Setting next_dagrun for example_dag_decorator to None, run_after=None
[2026-07-01T09:11:42.657+0000] {processor.py:208} INFO - Processing /home/airflow/.local/lib/python3.12/site-packages/airflow/example_dags/example_dag_decorator.py took 0.138 seconds
[2026-07-01T09:12:12.869+0000] {processor.py:186} INFO - Started process (PID=406) to work on /home/airflow/.local/lib/python3.12/site-packages/airflow/example_dags/example_dag_decorator.py
[2026-07-01T09:12:12.870+0000] {processor.py:914} INFO - Processing file /home/airflow/.local/lib/python3.12/site-packages/airflow/example_dags/example_dag_decorator.py for tasks to queue
[2026-07-01T09:12:12.872+0000] {logging_mixin.py:190} INFO - [2026-07-01T09:12:12.872+0000] {dagbag.py:587} INFO - Filling up the DagBag from /home/airflow/.local/lib/python3.12/site-packages/airflow/example_dags/example_dag_decorator.py
[2026-07-01T09:12:12.884+0000] {processor.py:925} INFO - DAG(s) 'example_dag_decorator' retrieved from /home/airflow/.local/lib/python3.12/site-packages/airflow/example_dags/example_dag_decorator.py
[2026-07-01T09:12:12.987+0000] {logging_mixin.py:190} INFO - [2026-07-01T09:12:12.986+0000] {dag.py:3211} INFO - Sync 1 DAGs
[2026-07-01T09:12:12.997+0000] {logging_mixin.py:190} INFO - [2026-07-01T09:12:12.997+0000] {dag.py:4138} INFO - Setting next_dagrun for example_dag_decorator to None, run_after=None
[2026-07-01T09:12:13.015+0000] {processor.py:208} INFO - Processing /home/airflow/.local/lib/python3.12/site-packages/airflow/example_dags/example_dag_decorator.py took 0.151 seconds
[2026-07-01T09:12:43.295+0000] {processor.py:186} INFO - Started process (PID=468) to work on /home/airflow/.local/lib/python3.12/site-packages/airflow/example_dags/example_dag_decorator.py
[2026-07-01T09:12:43.296+0000] {processor.py:914} INFO - Processing file /home/airflow/.local/lib/python3.12/site-packages/airflow/example_dags/example_dag_decorator.py for tasks to queue
[2026-07-01T09:12:43.298+0000] {logging_mixin.py:190} INFO - [2026-07-01T09:12:43.298+0000] {dagbag.py:587} INFO - Filling up the DagBag from /home/airflow/.local/lib/python3.12/site-packages/airflow/example_dags/example_dag_decorator.py
[2026-07-01T09:12:43.307+0000] {processor.py:925} INFO - DAG(s) 'example_dag_decorator' retrieved from /home/airflow/.local/lib/python3.12/site-packages/airflow/example_dags/example_dag_decorator.py
[2026-07-01T09:12:43.377+0000] {logging_mixin.py:190} INFO - [2026-07-01T09:12:43.377+0000] {dag.py:3211} INFO - Sync 1 DAGs
[2026-07-01T09:12:43.387+0000] {logging_mixin.py:190} INFO - [2026-07-01T09:12:43.387+0000] {dag.py:4138} INFO - Setting next_dagrun for example_dag_decorator to None, run_after=None
[2026-07-01T09:12:43.401+0000] {processor.py:208} INFO - Processing /home/airflow/.local/lib/python3.12/site-packages/airflow/example_dags/example_dag_decorator.py took 0.110 seconds
[2026-07-01T09:13:13.733+0000] {processor.py:186} INFO - Started process (PID=530) to work on /home/airflow/.local/lib/python3.12/site-packages/airflow/example_dags/example_dag_decorator.py
[2026-07-01T09:13:13.734+0000] {processor.py:914} INFO - Processing file /home/airflow/.local/lib/python3.12/site-packages/airflow/example_dags/example_dag_decorator.py for tasks to queue
[2026-07-01T09:13:13.736+0000] {logging_mixin.py:190} INFO - [2026-07-01T09:13:13.736+0000] {dagbag.py:587} INFO - Filling up the DagBag from /home/airflow/.local/lib/python3.12/site-packages/airflow/example_dags/example_dag_decorator.py
[2026-07-01T09:13:13.745+0000] {processor.py:925} INFO - DAG(s) 'example_dag_decorator' retrieved from /home/airflow/.local/lib/python3.12/site-packages/airflow/example_dags/example_dag_decorator.py
[2026-07-01T09:13:13.815+0000] {logging_mixin.py:190} INFO - [2026-07-01T09:13:13.815+0000] {dag.py:3211} INFO - Sync 1 DAGs
[2026-07-01T09:13:13.823+0000] {logging_mixin.py:190} INFO - [2026-07-01T09:13:13.823+0000] {dag.py:4138} INFO - Setting next_dagrun for example_dag_decorator to None, run_after=None
[2026-07-01T09:13:13.839+0000] {processor.py:208} INFO - Processing /home/airflow/.local/lib/python3.12/site-packages/airflow/example_dags/example_dag_decorator.py took 0.110 seconds
[2026-07-01T09:13:44.800+0000] {processor.py:186} INFO - Started process (PID=592) to work on /home/airflow/.local/lib/python3.12/site-packages/airflow/example_dags/example_dag_decorator.py
[2026-07-01T09:13:44.802+0000] {processor.py:914} INFO - Processing file /home/airflow/.local/lib/python3.12/site-packages/airflow/example_dags/example_dag_decorator.py for tasks to queue
[2026-07-01T09:13:44.803+0000] {logging_mixin.py:190} INFO - [2026-07-01T09:13:44.803+0000] {dagbag.py:587} INFO - Filling up the DagBag from /home/airflow/.local/lib/python3.12/site-packages/airflow/example_dags/example_dag_decorator.py
[2026-07-01T09:13:44.812+0000] {processor.py:925} INFO - DAG(s) 'example_dag_decorator' retrieved from /home/airflow/.local/lib/python3.12/site-packages/airflow/example_dags/example_dag_decorator.py
[2026-07-01T09:13:44.877+0000] {logging_mixin.py:190} INFO - [2026-07-01T09:13:44.877+0000] {dag.py:3211} INFO - Sync 1 DAGs
[2026-07-01T09:13:44.886+0000] {logging_mixin.py:190} INFO - [2026-07-01T09:13:44.886+0000] {dag.py:4138} INFO - Setting next_dagrun for example_dag_decorator to None, run_after=None
[2026-07-01T09:13:44.905+0000] {processor.py:208} INFO - Processing /home/airflow/.local/lib/python3.12/site-packages/airflow/example_dags/example_dag_decorator.py took 0.108 seconds
[2026-07-01T09:14:15.919+0000] {processor.py:186} INFO - Started process (PID=655) to work on /home/airflow/.local/lib/python3.12/site-packages/airflow/example_dags/example_dag_decorator.py
[2026-07-01T09:14:15.921+0000] {processor.py:914} INFO - Processing file /home/airflow/.local/lib/python3.12/site-packages/airflow/example_dags/example_dag_decorator.py for tasks to queue
[2026-07-01T09:14:15.924+0000] {logging_mixin.py:190} INFO - [2026-07-01T09:14:15.923+0000] {dagbag.py:587} INFO - Filling up the DagBag from /home/airflow/.local/lib/python3.12/site-packages/airflow/example_dags/example_dag_decorator.py
[2026-07-01T09:14:15.932+0000] {processor.py:925} INFO - DAG(s) 'example_dag_decorator' retrieved from /home/airflow/.local/lib/python3.12/site-packages/airflow/example_dags/example_dag_decorator.py
[2026-07-01T09:14:15.999+0000] {logging_mixin.py:190} INFO - [2026-07-01T09:14:15.999+0000] {dag.py:3211} INFO - Sync 1 DAGs
[2026-07-01T09:14:16.006+0000] {logging_mixin.py:190} INFO - [2026-07-01T09:14:16.006+0000] {dag.py:4138} INFO - Setting next_dagrun for example_dag_decorator to None, run_after=None
[2026-07-01T09:14:16.019+0000] {processor.py:208} INFO - Processing /home/airflow/.local/lib/python3.12/site-packages/airflow/example_dags/example_dag_decorator.py took 0.104 seconds
[2026-07-01T09:14:46.282+0000] {processor.py:186} INFO - Started process (PID=717) to work on /home/airflow/.local/lib/python3.12/site-packages/airflow/example_dags/example_dag_decorator.py
[2026-07-01T09:14:46.283+0000] {processor.py:914} INFO - Processing file /home/airflow/.local/lib/python3.12/site-packages/airflow/example_dags/example_dag_decorator.py for tasks to queue
[2026-07-01T09:14:46.285+0000] {logging_mixin.py:190} INFO - [2026-07-01T09:14:46.284+0000] {dagbag.py:587} INFO - Filling up the DagBag from /home/airflow/.local/lib/python3.12/site-packages/airflow/example_dags/example_dag_decorator.py
[2026-07-01T09:14:46.294+0000] {processor.py:925} INFO - DAG(s) 'example_dag_decorator' retrieved from /home/airflow/.local/lib/python3.12/site-packages/airflow/example_dags/example_dag_decorator.py
[2026-07-01T09:14:46.363+0000] {logging_mixin.py:190} INFO - [2026-07-01T09:14:46.363+0000] {dag.py:3211} INFO - Sync 1 DAGs
[2026-07-01T09:14:46.372+0000] {logging_mixin.py:190} INFO - [2026-07-01T09:14:46.371+0000] {dag.py:4138} INFO - Setting next_dagrun for example_dag_decorator to None, run_after=None
[2026-07-01T09:14:46.385+0000] {processor.py:208} INFO - Processing /home/airflow/.local/lib/python3.12/site-packages/airflow/example_dags/example_dag_decorator.py took 0.108 seconds
[2026-07-01T09:15:16.877+0000] {processor.py:186} INFO - Started process (PID=778) to work on /home/airflow/.local/lib/python3.12/site-packages/airflow/example_dags/example_dag_decorator.py
[2026-07-01T09:15:16.878+0000] {processor.py:914} INFO - Processing file /home/airflow/.local/lib/python3.12/site-packages/airflow/example_dags/example_dag_decorator.py for tasks to queue
[2026-07-01T09:15:16.880+0000] {logging_mixin.py:190} INFO - [2026-07-01T09:15:16.880+0000] {dagbag.py:587} INFO - Filling up the DagBag from /home/airflow/.local/lib/python3.12/site-packages/airflow/example_dags/example_dag_decorator.py
[2026-07-01T09:15:16.889+0000] {processor.py:925} INFO - DAG(s) 'example_dag_decorator' retrieved from /home/airflow/.local/lib/python3.12/site-packages/airflow/example_dags/example_dag_decorator.py
[2026-07-01T09:15:16.958+0000] {logging_mixin.py:190} INFO - [2026-07-01T09:15:16.957+0000] {dag.py:3211} INFO - Sync 1 DAGs
[2026-07-01T09:15:16.965+0000] {logging_mixin.py:190} INFO - [2026-07-01T09:15:16.965+0000] {dag.py:4138} INFO - Setting next_dagrun for example_dag_decorator to None, run_after=None
[2026-07-01T09:15:16.978+0000] {processor.py:208} INFO - Processing /home/airflow/.local/lib/python3.12/site-packages/airflow/example_dags/example_dag_decorator.py took 0.104 seconds
[2026-07-01T09:15:47.811+0000] {processor.py:186} INFO - Started process (PID=840) to work on /home/airflow/.local/lib/python3.12/site-packages/airflow/example_dags/example_dag_decorator.py
[2026-07-01T09:15:47.812+0000] {processor.py:914} INFO - Processing file /home/airflow/.local/lib/python3.12/site-packages/airflow/example_dags/example_dag_decorator.py for tasks to queue
[2026-07-01T09:15:47.813+0000] {logging_mixin.py:190} INFO - [2026-07-01T09:15:47.813+0000] {dagbag.py:587} INFO - Filling up the DagBag from /home/airflow/.local/lib/python3.12/site-packages/airflow/example_dags/example_dag_decorator.py
[2026-07-01T09:15:47.822+0000] {processor.py:925} INFO - DAG(s) 'example_dag_decorator' retrieved from /home/airflow/.local/lib/python3.12/site-packages/airflow/example_dags/example_dag_decorator.py
[2026-07-01T09:15:47.889+0000] {logging_mixin.py:190} INFO - [2026-07-01T09:15:47.889+0000] {dag.py:3211} INFO - Sync 1 DAGs
[2026-07-01T09:15:47.898+0000] {logging_mixin.py:190} INFO - [2026-07-01T09:15:47.898+0000] {dag.py:4138} INFO - Setting next_dagrun for example_dag_decorator to None, run_after=None
[2026-07-01T09:15:47.911+0000] {processor.py:208} INFO - Processing /home/airflow/.local/lib/python3.12/site-packages/airflow/example_dags/example_dag_decorator.py took 0.105 seconds
[2026-07-01T09:16:18.208+0000] {processor.py:186} INFO - Started process (PID=902) to work on /home/airflow/.local/lib/python3.12/site-packages/airflow/example_dags/example_dag_decorator.py
[2026-07-01T09:16:18.209+0000] {processor.py:914} INFO - Processing file /home/airflow/.local/lib/python3.12/site-packages/airflow/example_dags/example_dag_decorator.py for tasks to queue
[2026-07-01T09:16:18.211+0000] {logging_mixin.py:190} INFO - [2026-07-01T09:16:18.211+0000] {dagbag.py:587} INFO - Filling up the DagBag from /home/airflow/.local/lib/python3.12/site-packages/airflow/example_dags/example_dag_decorator.py
[2026-07-01T09:16:18.222+0000] {processor.py:925} INFO - DAG(s) 'example_dag_decorator' retrieved from /home/airflow/.local/lib/python3.12/site-packages/airflow/example_dags/example_dag_decorator.py
[2026-07-01T09:16:18.294+0000] {logging_mixin.py:190} INFO - [2026-07-01T09:16:18.294+0000] {dag.py:3211} INFO - Sync 1 DAGs
[2026-07-01T09:16:18.302+0000] {logging_mixin.py:190} INFO - [2026-07-01T09:16:18.302+0000] {dag.py:4138} INFO - Setting next_dagrun for example_dag_decorator to None, run_after=None
[2026-07-01T09:16:18.316+0000] {processor.py:208} INFO - Processing /home/airflow/.local/lib/python3.12/site-packages/airflow/example_dags/example_dag_decorator.py took 0.114 seconds
[2026-07-01T09:16:48.522+0000] {processor.py:186} INFO - Started process (PID=964) to work on /home/airflow/.local/lib/python3.12/site-packages/airflow/example_dags/example_dag_decorator.py
[2026-07-01T09:16:48.523+0000] {processor.py:914} INFO - Processing file /home/airflow/.local/lib/python3.12/site-packages/airflow/example_dags/example_dag_decorator.py for tasks to queue
[2026-07-01T09:16:48.525+0000] {logging_mixin.py:190} INFO - [2026-07-01T09:16:48.524+0000] {dagbag.py:587} INFO - Filling up the DagBag from /home/airflow/.local/lib/python3.12/site-packages/airflow/example_dags/example_dag_decorator.py
[2026-07-01T09:16:48.533+0000] {processor.py:925} INFO - DAG(s) 'example_dag_decorator' retrieved from /home/airflow/.local/lib/python3.12/site-packages/airflow/example_dags/example_dag_decorator.py
[2026-07-01T09:16:48.601+0000] {logging_mixin.py:190} INFO - [2026-07-01T09:16:48.600+0000] {dag.py:3211} INFO - Sync 1 DAGs
[2026-07-01T09:16:48.609+0000] {logging_mixin.py:190} INFO - [2026-07-01T09:16:48.609+0000] {dag.py:4138} INFO - Setting next_dagrun for example_dag_decorator to None, run_after=None
[2026-07-01T09:16:48.624+0000] {processor.py:208} INFO - Processing /home/airflow/.local/lib/python3.12/site-packages/airflow/example_dags/example_dag_decorator.py took 0.107 seconds
[2026-07-01T09:17:18.866+0000] {processor.py:186} INFO - Started process (PID=1026) to work on /home/airflow/.local/lib/python3.12/site-packages/airflow/example_dags/example_dag_decorator.py
[2026-07-01T09:17:18.868+0000] {processor.py:914} INFO - Processing file /home/airflow/.local/lib/python3.12/site-packages/airflow/example_dags/example_dag_decorator.py for tasks to queue
[2026-07-01T09:17:18.870+0000] {logging_mixin.py:190} INFO - [2026-07-01T09:17:18.869+0000] {dagbag.py:587} INFO - Filling up the DagBag from /home/airflow/.local/lib/python3.12/site-packages/airflow/example_dags/example_dag_decorator.py
[2026-07-01T09:17:18.880+0000] {processor.py:925} INFO - DAG(s) 'example_dag_decorator' retrieved from /home/airflow/.local/lib/python3.12/site-packages/airflow/example_dags/example_dag_decorator.py
[2026-07-01T09:17:18.965+0000] {logging_mixin.py:190} INFO - [2026-07-01T09:17:18.964+0000] {dag.py:3211} INFO - Sync 1 DAGs
[2026-07-01T09:17:18.975+0000] {logging_mixin.py:190} INFO - [2026-07-01T09:17:18.975+0000] {dag.py:4138} INFO - Setting next_dagrun for example_dag_decorator to None, run_after=None
[2026-07-01T09:17:18.994+0000] {processor.py:208} INFO - Processing /home/airflow/.local/lib/python3.12/site-packages/airflow/example_dags/example_dag_decorator.py took 0.132 seconds
[2026-07-01T09:17:49.113+0000] {processor.py:186} INFO - Started process (PID=1088) to work on /home/airflow/.local/lib/python3.12/site-packages/airflow/example_dags/example_dag_decorator.py
[2026-07-01T09:17:49.114+0000] {processor.py:914} INFO - Processing file /home/airflow/.local/lib/python3.12/site-packages/airflow/example_dags/example_dag_decorator.py for tasks to queue
[2026-07-01T09:17:49.116+0000] {logging_mixin.py:190} INFO - [2026-07-01T09:17:49.116+0000] {dagbag.py:587} INFO - Filling up the DagBag from /home/airflow/.local/lib/python3.12/site-packages/airflow/example_dags/example_dag_decorator.py
[2026-07-01T09:17:49.126+0000] {processor.py:925} INFO - DAG(s) 'example_dag_decorator' retrieved from /home/airflow/.local/lib/python3.12/site-packages/airflow/example_dags/example_dag_decorator.py
[2026-07-01T09:17:49.197+0000] {logging_mixin.py:190} INFO - [2026-07-01T09:17:49.196+0000] {dag.py:3211} INFO - Sync 1 DAGs
[2026-07-01T09:17:49.205+0000] {logging_mixin.py:190} INFO - [2026-07-01T09:17:49.205+0000] {dag.py:4138} INFO - Setting next_dagrun for example_dag_decorator to None, run_after=None
[2026-07-01T09:17:49.219+0000] {processor.py:208} INFO - Processing /home/airflow/.local/lib/python3.12/site-packages/airflow/example_dags/example_dag_decorator.py took 0.111 seconds
[2026-07-01T09:18:19.505+0000] {processor.py:186} INFO - Started process (PID=1150) to work on /home/airflow/.local/lib/python3.12/site-packages/airflow/example_dags/example_dag_decorator.py
[2026-07-01T09:18:19.506+0000] {processor.py:914} INFO - Processing file /home/airflow/.local/lib/python3.12/site-packages/airflow/example_dags/example_dag_decorator.py for tasks to queue
[2026-07-01T09:18:19.508+0000] {logging_mixin.py:190} INFO - [2026-07-01T09:18:19.508+0000] {dagbag.py:587} INFO - Filling up the DagBag from /home/airflow/.local/lib/python3.12/site-packages/airflow/example_dags/example_dag_decorator.py
[2026-07-01T09:18:19.516+0000] {processor.py:925} INFO - DAG(s) 'example_dag_decorator' retrieved from /home/airflow/.local/lib/python3.12/site-packages/airflow/example_dags/example_dag_decorator.py
[2026-07-01T09:18:19.578+0000] {logging_mixin.py:190} INFO - [2026-07-01T09:18:19.578+0000] {dag.py:3211} INFO - Sync 1 DAGs
[2026-07-01T09:18:19.585+0000] {logging_mixin.py:190} INFO - [2026-07-01T09:18:19.585+0000] {dag.py:4138} INFO - Setting next_dagrun for example_dag_decorator to None, run_after=None
[2026-07-01T09:18:19.598+0000] {processor.py:208} INFO - Processing /home/airflow/.local/lib/python3.12/site-packages/airflow/example_dags/example_dag_decorator.py took 0.097 seconds
[2026-07-01T09:18:50.578+0000] {processor.py:186} INFO - Started process (PID=1212) to work on /home/airflow/.local/lib/python3.12/site-packages/airflow/example_dags/example_dag_decorator.py
[2026-07-01T09:18:50.578+0000] {processor.py:914} INFO - Processing file /home/airflow/.local/lib/python3.12/site-packages/airflow/example_dags/example_dag_decorator.py for tasks to queue
[2026-07-01T09:18:50.581+0000] {logging_mixin.py:190} INFO - [2026-07-01T09:18:50.581+0000] {dagbag.py:587} INFO - Filling up the DagBag from /home/airflow/.local/lib/python3.12/site-packages/airflow/example_dags/example_dag_decorator.py
[2026-07-01T09:18:50.590+0000] {processor.py:925} INFO - DAG(s) 'example_dag_decorator' retrieved from /home/airflow/.local/lib/python3.12/site-packages/airflow/example_dags/example_dag_decorator.py
[2026-07-01T09:18:50.652+0000] {logging_mixin.py:190} INFO - [2026-07-01T09:18:50.652+0000] {dag.py:3211} INFO - Sync 1 DAGs
[2026-07-01T09:18:50.660+0000] {logging_mixin.py:190} INFO - [2026-07-01T09:18:50.659+0000] {dag.py:4138} INFO - Setting next_dagrun for example_dag_decorator to None, run_after=None
[2026-07-01T09:18:50.672+0000] {processor.py:208} INFO - Processing /home/airflow/.local/lib/python3.12/site-packages/airflow/example_dags/example_dag_decorator.py took 0.098 seconds
[2026-07-01T09:19:21.344+0000] {processor.py:186} INFO - Started process (PID=1274) to work on /home/airflow/.local/lib/python3.12/site-packages/airflow/example_dags/example_dag_decorator.py
[2026-07-01T09:19:21.345+0000] {processor.py:914} INFO - Processing file /home/airflow/.local/lib/python3.12/site-packages/airflow/example_dags/example_dag_decorator.py for tasks to queue
[2026-07-01T09:19:21.347+0000] {logging_mixin.py:190} INFO - [2026-07-01T09:19:21.347+0000] {dagbag.py:587} INFO - Filling up the DagBag from /home/airflow/.local/lib/python3.12/site-packages/airflow/example_dags/example_dag_decorator.py
[2026-07-01T09:19:21.355+0000] {processor.py:925} INFO - DAG(s) 'example_dag_decorator' retrieved from /home/airflow/.local/lib/python3.12/site-packages/airflow/example_dags/example_dag_decorator.py
[2026-07-01T09:19:21.370+0000] {logging_mixin.py:190} INFO - [2026-07-01T09:19:21.370+0000] {dag.py:3211} INFO - Sync 1 DAGs
[2026-07-01T09:19:21.379+0000] {logging_mixin.py:190} INFO - [2026-07-01T09:19:21.379+0000] {dag.py:4138} INFO - Setting next_dagrun for example_dag_decorator to None, run_after=None
[2026-07-01T09:19:21.391+0000] {processor.py:208} INFO - Processing /home/airflow/.local/lib/python3.12/site-packages/airflow/example_dags/example_dag_decorator.py took 0.051 seconds
[2026-07-01T09:19:52.109+0000] {processor.py:186} INFO - Started process (PID=1336) to work on /home/airflow/.local/lib/python3.12/site-packages/airflow/example_dags/example_dag_decorator.py
[2026-07-01T09:19:52.110+0000] {processor.py:914} INFO - Processing file /home/airflow/.local/lib/python3.12/site-packages/airflow/example_dags/example_dag_decorator.py for tasks to queue
[2026-07-01T09:19:52.113+0000] {logging_mixin.py:190} INFO - [2026-07-01T09:19:52.112+0000] {dagbag.py:587} INFO - Filling up the DagBag from /home/airflow/.local/lib/python3.12/site-packages/airflow/example_dags/example_dag_decorator.py
[2026-07-01T09:19:52.122+0000] {processor.py:925} INFO - DAG(s) 'example_dag_decorator' retrieved from /home/airflow/.local/lib/python3.12/site-packages/airflow/example_dags/example_dag_decorator.py
[2026-07-01T09:19:52.139+0000] {logging_mixin.py:190} INFO - [2026-07-01T09:19:52.139+0000] {dag.py:3211} INFO - Sync 1 DAGs
[2026-07-01T09:19:52.148+0000] {logging_mixin.py:190} INFO - [2026-07-01T09:19:52.148+0000] {dag.py:4138} INFO - Setting next_dagrun for example_dag_decorator to None, run_after=None
[2026-07-01T09:19:52.161+0000] {processor.py:208} INFO - Processing /home/airflow/.local/lib/python3.12/site-packages/airflow/example_dags/example_dag_decorator.py took 0.056 seconds
[2026-07-01T09:20:22.776+0000] {processor.py:186} INFO - Started process (PID=1398) to work on /home/airflow/.local/lib/python3.12/site-packages/airflow/example_dags/example_dag_decorator.py
[2026-07-01T09:20:22.777+0000] {processor.py:914} INFO - Processing file /home/airflow/.local/lib/python3.12/site-packages/airflow/example_dags/example_dag_decorator.py for tasks to queue
[2026-07-01T09:20:22.779+0000] {logging_mixin.py:190} INFO - [2026-07-01T09:20:22.779+0000] {dagbag.py:587} INFO - Filling up the DagBag from /home/airflow/.local/lib/python3.12/site-packages/airflow/example_dags/example_dag_decorator.py
[2026-07-01T09:20:22.788+0000] {processor.py:925} INFO - DAG(s) 'example_dag_decorator' retrieved from /home/airflow/.local/lib/python3.12/site-packages/airflow/example_dags/example_dag_decorator.py
[2026-07-01T09:20:22.848+0000] {logging_mixin.py:190} INFO - [2026-07-01T09:20:22.848+0000] {dag.py:3211} INFO - Sync 1 DAGs
[2026-07-01T09:20:22.855+0000] {logging_mixin.py:190} INFO - [2026-07-01T09:20:22.855+0000] {dag.py:4138} INFO - Setting next_dagrun for example_dag_decorator to None, run_after=None
[2026-07-01T09:20:22.867+0000] {processor.py:208} INFO - Processing /home/airflow/.local/lib/python3.12/site-packages/airflow/example_dags/example_dag_decorator.py took 0.095 seconds
[2026-07-01T09:20:53.623+0000] {processor.py:186} INFO - Started process (PID=1460) to work on /home/airflow/.local/lib/python3.12/site-packages/airflow/example_dags/example_dag_decorator.py
[2026-07-01T09:20:53.624+0000] {processor.py:914} INFO - Processing file /home/airflow/.local/lib/python3.12/site-packages/airflow/example_dags/example_dag_decorator.py for tasks to queue
[2026-07-01T09:20:53.626+0000] {logging_mixin.py:190} INFO - [2026-07-01T09:20:53.626+0000] {dagbag.py:587} INFO - Filling up the DagBag from /home/airflow/.local/lib/python3.12/site-packages/airflow/example_dags/example_dag_decorator.py
[2026-07-01T09:20:53.634+0000] {processor.py:925} INFO - DAG(s) 'example_dag_decorator' retrieved from /home/airflow/.local/lib/python3.12/site-packages/airflow/example_dags/example_dag_decorator.py
[2026-07-01T09:20:53.697+0000] {logging_mixin.py:190} INFO - [2026-07-01T09:20:53.697+0000] {dag.py:3211} INFO - Sync 1 DAGs
[2026-07-01T09:20:53.706+0000] {logging_mixin.py:190} INFO - [2026-07-01T09:20:53.705+0000] {dag.py:4138} INFO - Setting next_dagrun for example_dag_decorator to None, run_after=None
[2026-07-01T09:20:53.718+0000] {processor.py:208} INFO - Processing /home/airflow/.local/lib/python3.12/site-packages/airflow/example_dags/example_dag_decorator.py took 0.100 seconds
[2026-07-01T09:21:23.799+0000] {processor.py:186} INFO - Started process (PID=1522) to work on /home/airflow/.local/lib/python3.12/site-packages/airflow/example_dags/example_dag_decorator.py
[2026-07-01T09:21:23.800+0000] {processor.py:914} INFO - Processing file /home/airflow/.local/lib/python3.12/site-packages/airflow/example_dags/example_dag_decorator.py for tasks to queue
[2026-07-01T09:21:23.802+0000] {logging_mixin.py:190} INFO - [2026-07-01T09:21:23.802+0000] {dagbag.py:587} INFO - Filling up the DagBag from /home/airflow/.local/lib/python3.12/site-packages/airflow/example_dags/example_dag_decorator.py
[2026-07-01T09:21:23.811+0000] {processor.py:925} INFO - DAG(s) 'example_dag_decorator' retrieved from /home/airflow/.local/lib/python3.12/site-packages/airflow/example_dags/example_dag_decorator.py
[2026-07-01T09:21:23.876+0000] {logging_mixin.py:190} INFO - [2026-07-01T09:21:23.876+0000] {dag.py:3211} INFO - Sync 1 DAGs
[2026-07-01T09:21:23.884+0000] {logging_mixin.py:190} INFO - [2026-07-01T09:21:23.884+0000] {dag.py:4138} INFO - Setting next_dagrun for example_dag_decorator to None, run_after=None
[2026-07-01T09:21:23.897+0000] {processor.py:208} INFO - Processing /home/airflow/.local/lib/python3.12/site-packages/airflow/example_dags/example_dag_decorator.py took 0.102 seconds
[2026-07-01T09:21:54.107+0000] {processor.py:186} INFO - Started process (PID=1584) to work on /home/airflow/.local/lib/python3.12/site-packages/airflow/example_dags/example_dag_decorator.py
[2026-07-01T09:21:54.108+0000] {processor.py:914} INFO - Processing file /home/airflow/.local/lib/python3.12/site-packages/airflow/example_dags/example_dag_decorator.py for tasks to queue
[2026-07-01T09:21:54.110+0000] {logging_mixin.py:190} INFO - [2026-07-01T09:21:54.110+0000] {dagbag.py:587} INFO - Filling up the DagBag from /home/airflow/.local/lib/python3.12/site-packages/airflow/example_dags/example_dag_decorator.py
[2026-07-01T09:21:54.120+0000] {processor.py:925} INFO - DAG(s) 'example_dag_decorator' retrieved from /home/airflow/.local/lib/python3.12/site-packages/airflow/example_dags/example_dag_decorator.py
[2026-07-01T09:21:54.190+0000] {logging_mixin.py:190} INFO - [2026-07-01T09:21:54.189+0000] {dag.py:3211} INFO - Sync 1 DAGs
[2026-07-01T09:21:54.203+0000] {logging_mixin.py:190} INFO - [2026-07-01T09:21:54.203+0000] {dag.py:4138} INFO - Setting next_dagrun for example_dag_decorator to None, run_after=None
[2026-07-01T09:21:54.216+0000] {processor.py:208} INFO - Processing /home/airflow/.local/lib/python3.12/site-packages/airflow/example_dags/example_dag_decorator.py took 0.114 seconds
[2026-07-01T09:22:24.552+0000] {processor.py:186} INFO - Started process (PID=1646) to work on /home/airflow/.local/lib/python3.12/site-packages/airflow/example_dags/example_dag_decorator.py
[2026-07-01T09:22:24.553+0000] {processor.py:914} INFO - Processing file /home/airflow/.local/lib/python3.12/site-packages/airflow/example_dags/example_dag_decorator.py for tasks to queue
[2026-07-01T09:22:24.555+0000] {logging_mixin.py:190} INFO - [2026-07-01T09:22:24.555+0000] {dagbag.py:587} INFO - Filling up the DagBag from /home/airflow/.local/lib/python3.12/site-packages/airflow/example_dags/example_dag_decorator.py
[2026-07-01T09:22:24.563+0000] {processor.py:925} INFO - DAG(s) 'example_dag_decorator' retrieved from /home/airflow/.local/lib/python3.12/site-packages/airflow/example_dags/example_dag_decorator.py
[2026-07-01T09:22:24.624+0000] {logging_mixin.py:190} INFO - [2026-07-01T09:22:24.624+0000] {dag.py:3211} INFO - Sync 1 DAGs
[2026-07-01T09:22:24.634+0000] {logging_mixin.py:190} INFO - [2026-07-01T09:22:24.634+0000] {dag.py:4138} INFO - Setting next_dagrun for example_dag_decorator to None, run_after=None
[2026-07-01T09:22:24.646+0000] {processor.py:208} INFO - Processing /home/airflow/.local/lib/python3.12/site-packages/airflow/example_dags/example_dag_decorator.py took 0.102 seconds
[2026-07-01T09:22:55.474+0000] {processor.py:186} INFO - Started process (PID=1708) to work on /home/airflow/.local/lib/python3.12/site-packages/airflow/example_dags/example_dag_decorator.py
[2026-07-01T09:22:55.475+0000] {processor.py:914} INFO - Processing file /home/airflow/.local/lib/python3.12/site-packages/airflow/example_dags/example_dag_decorator.py for tasks to queue
[2026-07-01T09:22:55.477+0000] {logging_mixin.py:190} INFO - [2026-07-01T09:22:55.477+0000] {dagbag.py:587} INFO - Filling up the DagBag from /home/airflow/.local/lib/python3.12/site-packages/airflow/example_dags/example_dag_decorator.py
[2026-07-01T09:22:55.487+0000] {processor.py:925} INFO - DAG(s) 'example_dag_decorator' retrieved from /home/airflow/.local/lib/python3.12/site-packages/airflow/example_dags/example_dag_decorator.py
[2026-07-01T09:22:55.505+0000] {logging_mixin.py:190} INFO - [2026-07-01T09:22:55.505+0000] {dag.py:3211} INFO - Sync 1 DAGs
[2026-07-01T09:22:55.516+0000] {logging_mixin.py:190} INFO - [2026-07-01T09:22:55.516+0000] {dag.py:4138} INFO - Setting next_dagrun for example_dag_decorator to None, run_after=None
[2026-07-01T09:22:55.531+0000] {processor.py:208} INFO - Processing /home/airflow/.local/lib/python3.12/site-packages/airflow/example_dags/example_dag_decorator.py took 0.063 seconds
[2026-07-01T09:23:25.620+0000] {processor.py:186} INFO - Started process (PID=1770) to work on /home/airflow/.local/lib/python3.12/site-packages/airflow/example_dags/example_dag_decorator.py
[2026-07-01T09:23:25.622+0000] {processor.py:914} INFO - Processing file /home/airflow/.local/lib/python3.12/site-packages/airflow/example_dags/example_dag_decorator.py for tasks to queue
[2026-07-01T09:23:25.624+0000] {logging_mixin.py:190} INFO - [2026-07-01T09:23:25.624+0000] {dagbag.py:587} INFO - Filling up the DagBag from /home/airflow/.local/lib/python3.12/site-packages/airflow/example_dags/example_dag_decorator.py
[2026-07-01T09:23:25.634+0000] {processor.py:925} INFO - DAG(s) 'example_dag_decorator' retrieved from /home/airflow/.local/lib/python3.12/site-packages/airflow/example_dags/example_dag_decorator.py
[2026-07-01T09:23:25.653+0000] {logging_mixin.py:190} INFO - [2026-07-01T09:23:25.653+0000] {dag.py:3211} INFO - Sync 1 DAGs
[2026-07-01T09:23:25.665+0000] {logging_mixin.py:190} INFO - [2026-07-01T09:23:25.665+0000] {dag.py:4138} INFO - Setting next_dagrun for example_dag_decorator to None, run_after=None
[2026-07-01T09:23:25.679+0000] {processor.py:208} INFO - Processing /home/airflow/.local/lib/python3.12/site-packages/airflow/example_dags/example_dag_decorator.py took 0.064 seconds
[2026-07-01T09:23:56.063+0000] {processor.py:186} INFO - Started process (PID=1832) to work on /home/airflow/.local/lib/python3.12/site-packages/airflow/example_dags/example_dag_decorator.py
[2026-07-01T09:23:56.064+0000] {processor.py:914} INFO - Processing file /home/airflow/.local/lib/python3.12/site-packages/airflow/example_dags/example_dag_decorator.py for tasks to queue
[2026-07-01T09:23:56.067+0000] {logging_mixin.py:190} INFO - [2026-07-01T09:23:56.067+0000] {dagbag.py:587} INFO - Filling up the DagBag from /home/airflow/.local/lib/python3.12/site-packages/airflow/example_dags/example_dag_decorator.py
[2026-07-01T09:23:56.078+0000] {processor.py:925} INFO - DAG(s) 'example_dag_decorator' retrieved from /home/airflow/.local/lib/python3.12/site-packages/airflow/example_dags/example_dag_decorator.py
[2026-07-01T09:23:56.151+0000] {logging_mixin.py:190} INFO - [2026-07-01T09:23:56.150+0000] {dag.py:3211} INFO - Sync 1 DAGs
[2026-07-01T09:23:56.160+0000] {logging_mixin.py:190} INFO - [2026-07-01T09:23:56.160+0000] {dag.py:4138} INFO - Setting next_dagrun for example_dag_decorator to None, run_after=None
[2026-07-01T09:23:56.175+0000] {processor.py:208} INFO - Processing /home/airflow/.local/lib/python3.12/site-packages/airflow/example_dags/example_dag_decorator.py took 0.117 seconds
[2026-07-01T09:24:26.284+0000] {processor.py:186} INFO - Started process (PID=1894) to work on /home/airflow/.local/lib/python3.12/site-packages/airflow/example_dags/example_dag_decorator.py
[2026-07-01T09:24:26.285+0000] {processor.py:914} INFO - Processing file /home/airflow/.local/lib/python3.12/site-packages/airflow/example_dags/example_dag_decorator.py for tasks to queue
[2026-07-01T09:24:26.286+0000] {logging_mixin.py:190} INFO - [2026-07-01T09:24:26.286+0000] {dagbag.py:587} INFO - Filling up the DagBag from /home/airflow/.local/lib/python3.12/site-packages/airflow/example_dags/example_dag_decorator.py
[2026-07-01T09:24:26.295+0000] {processor.py:925} INFO - DAG(s) 'example_dag_decorator' retrieved from /home/airflow/.local/lib/python3.12/site-packages/airflow/example_dags/example_dag_decorator.py
[2026-07-01T09:24:26.356+0000] {logging_mixin.py:190} INFO - [2026-07-01T09:24:26.356+0000] {dag.py:3211} INFO - Sync 1 DAGs
[2026-07-01T09:24:26.365+0000] {logging_mixin.py:190} INFO - [2026-07-01T09:24:26.365+0000] {dag.py:4138} INFO - Setting next_dagrun for example_dag_decorator to None, run_after=None
[2026-07-01T09:24:26.378+0000] {processor.py:208} INFO - Processing /home/airflow/.local/lib/python3.12/site-packages/airflow/example_dags/example_dag_decorator.py took 0.099 seconds
[2026-07-01T09:24:57.396+0000] {processor.py:186} INFO - Started process (PID=1956) to work on /home/airflow/.local/lib/python3.12/site-packages/airflow/example_dags/example_dag_decorator.py
[2026-07-01T09:24:57.397+0000] {processor.py:914} INFO - Processing file /home/airflow/.local/lib/python3.12/site-packages/airflow/example_dags/example_dag_decorator.py for tasks to queue
[2026-07-01T09:24:57.399+0000] {logging_mixin.py:190} INFO - [2026-07-01T09:24:57.399+0000] {dagbag.py:587} INFO - Filling up the DagBag from /home/airflow/.local/lib/python3.12/site-packages/airflow/example_dags/example_dag_decorator.py
[2026-07-01T09:24:57.407+0000] {processor.py:925} INFO - DAG(s) 'example_dag_decorator' retrieved from /home/airflow/.local/lib/python3.12/site-packages/airflow/example_dags/example_dag_decorator.py
[2026-07-01T09:24:57.471+0000] {logging_mixin.py:190} INFO - [2026-07-01T09:24:57.471+0000] {dag.py:3211} INFO - Sync 1 DAGs
[2026-07-01T09:24:57.481+0000] {logging_mixin.py:190} INFO - [2026-07-01T09:24:57.480+0000] {dag.py:4138} INFO - Setting next_dagrun for example_dag_decorator to None, run_after=None
[2026-07-01T09:24:57.494+0000] {processor.py:208} INFO - Processing /home/airflow/.local/lib/python3.12/site-packages/airflow/example_dags/example_dag_decorator.py took 0.102 seconds
[2026-07-01T09:25:27.807+0000] {processor.py:186} INFO - Started process (PID=2018) to work on /home/airflow/.local/lib/python3.12/site-packages/airflow/example_dags/example_dag_decorator.py
[2026-07-01T09:25:27.810+0000] {processor.py:914} INFO - Processing file /home/airflow/.local/lib/python3.12/site-packages/airflow/example_dags/example_dag_decorator.py for tasks to queue
[2026-07-01T09:25:27.813+0000] {logging_mixin.py:190} INFO - [2026-07-01T09:25:27.812+0000] {dagbag.py:587} INFO - Filling up the DagBag from /home/airflow/.local/lib/python3.12/site-packages/airflow/example_dags/example_dag_decorator.py
[2026-07-01T09:25:27.823+0000] {processor.py:925} INFO - DAG(s) 'example_dag_decorator' retrieved from /home/airflow/.local/lib/python3.12/site-packages/airflow/example_dags/example_dag_decorator.py
[2026-07-01T09:25:27.845+0000] {logging_mixin.py:190} INFO - [2026-07-01T09:25:27.845+0000] {dag.py:3211} INFO - Sync 1 DAGs
[2026-07-01T09:25:27.858+0000] {logging_mixin.py:190} INFO - [2026-07-01T09:25:27.857+0000] {dag.py:4138} INFO - Setting next_dagrun for example_dag_decorator to None, run_after=None
[2026-07-01T09:25:27.878+0000] {processor.py:208} INFO - Processing /home/airflow/.local/lib/python3.12/site-packages/airflow/example_dags/example_dag_decorator.py took 0.076 seconds
[2026-07-01T09:30:08.445+0000] {processor.py:186} INFO - Started process (PID=2074) to work on /home/airflow/.local/lib/python3.12/site-packages/airflow/example_dags/example_dag_decorator.py
[2026-07-01T09:30:08.447+0000] {processor.py:914} INFO - Processing file /home/airflow/.local/lib/python3.12/site-packages/airflow/example_dags/example_dag_decorator.py for tasks to queue
[2026-07-01T09:30:08.449+0000] {logging_mixin.py:190} INFO - [2026-07-01T09:30:08.448+0000] {dagbag.py:587} INFO - Filling up the DagBag from /home/airflow/.local/lib/python3.12/site-packages/airflow/example_dags/example_dag_decorator.py
[2026-07-01T09:30:08.459+0000] {processor.py:925} INFO - DAG(s) 'example_dag_decorator' retrieved from /home/airflow/.local/lib/python3.12/site-packages/airflow/example_dags/example_dag_decorator.py
[2026-07-01T09:30:08.535+0000] {logging_mixin.py:190} INFO - [2026-07-01T09:30:08.534+0000] {dag.py:3211} INFO - Sync 1 DAGs
[2026-07-01T09:30:08.543+0000] {logging_mixin.py:190} INFO - [2026-07-01T09:30:08.543+0000] {dag.py:4138} INFO - Setting next_dagrun for example_dag_decorator to None, run_after=None
[2026-07-01T09:30:08.558+0000] {processor.py:208} INFO - Processing /home/airflow/.local/lib/python3.12/site-packages/airflow/example_dags/example_dag_decorator.py took 0.117 seconds
[2026-07-01T09:30:39.162+0000] {processor.py:186} INFO - Started process (PID=2136) to work on /home/airflow/.local/lib/python3.12/site-packages/airflow/example_dags/example_dag_decorator.py
[2026-07-01T09:30:39.163+0000] {processor.py:914} INFO - Processing file /home/airflow/.local/lib/python3.12/site-packages/airflow/example_dags/example_dag_decorator.py for tasks to queue
[2026-07-01T09:30:39.165+0000] {logging_mixin.py:190} INFO - [2026-07-01T09:30:39.165+0000] {dagbag.py:587} INFO - Filling up the DagBag from /home/airflow/.local/lib/python3.12/site-packages/airflow/example_dags/example_dag_decorator.py
[2026-07-01T09:30:39.174+0000] {processor.py:925} INFO - DAG(s) 'example_dag_decorator' retrieved from /home/airflow/.local/lib/python3.12/site-packages/airflow/example_dags/example_dag_decorator.py
[2026-07-01T09:30:39.191+0000] {logging_mixin.py:190} INFO - [2026-07-01T09:30:39.191+0000] {dag.py:3211} INFO - Sync 1 DAGs
[2026-07-01T09:30:39.202+0000] {logging_mixin.py:190} INFO - [2026-07-01T09:30:39.201+0000] {dag.py:4138} INFO - Setting next_dagrun for example_dag_decorator to None, run_after=None
[2026-07-01T09:30:39.215+0000] {processor.py:208} INFO - Processing /home/airflow/.local/lib/python3.12/site-packages/airflow/example_dags/example_dag_decorator.py took 0.058 seconds
[2026-07-01T09:31:09.512+0000] {processor.py:186} INFO - Started process (PID=2198) to work on /home/airflow/.local/lib/python3.12/site-packages/airflow/example_dags/example_dag_decorator.py
[2026-07-01T09:31:09.512+0000] {processor.py:914} INFO - Processing file /home/airflow/.local/lib/python3.12/site-packages/airflow/example_dags/example_dag_decorator.py for tasks to queue
[2026-07-01T09:31:09.514+0000] {logging_mixin.py:190} INFO - [2026-07-01T09:31:09.514+0000] {dagbag.py:587} INFO - Filling up the DagBag from /home/airflow/.local/lib/python3.12/site-packages/airflow/example_dags/example_dag_decorator.py
[2026-07-01T09:31:09.524+0000] {processor.py:925} INFO - DAG(s) 'example_dag_decorator' retrieved from /home/airflow/.local/lib/python3.12/site-packages/airflow/example_dags/example_dag_decorator.py
[2026-07-01T09:31:09.591+0000] {logging_mixin.py:190} INFO - [2026-07-01T09:31:09.591+0000] {dag.py:3211} INFO - Sync 1 DAGs
[2026-07-01T09:31:09.598+0000] {logging_mixin.py:190} INFO - [2026-07-01T09:31:09.598+0000] {dag.py:4138} INFO - Setting next_dagrun for example_dag_decorator to None, run_after=None
[2026-07-01T09:31:09.612+0000] {processor.py:208} INFO - Processing /home/airflow/.local/lib/python3.12/site-packages/airflow/example_dags/example_dag_decorator.py took 0.105 seconds
[2026-07-01T09:31:40.102+0000] {processor.py:186} INFO - Started process (PID=2260) to work on /home/airflow/.local/lib/python3.12/site-packages/airflow/example_dags/example_dag_decorator.py
[2026-07-01T09:31:40.104+0000] {processor.py:914} INFO - Processing file /home/airflow/.local/lib/python3.12/site-packages/airflow/example_dags/example_dag_decorator.py for tasks to queue
[2026-07-01T09:31:40.106+0000] {logging_mixin.py:190} INFO - [2026-07-01T09:31:40.106+0000] {dagbag.py:587} INFO - Filling up the DagBag from /home/airflow/.local/lib/python3.12/site-packages/airflow/example_dags/example_dag_decorator.py
[2026-07-01T09:31:40.116+0000] {processor.py:925} INFO - DAG(s) 'example_dag_decorator' retrieved from /home/airflow/.local/lib/python3.12/site-packages/airflow/example_dags/example_dag_decorator.py
[2026-07-01T09:31:40.132+0000] {logging_mixin.py:190} INFO - [2026-07-01T09:31:40.132+0000] {dag.py:3211} INFO - Sync 1 DAGs
[2026-07-01T09:31:40.142+0000] {logging_mixin.py:190} INFO - [2026-07-01T09:31:40.142+0000] {dag.py:4138} INFO - Setting next_dagrun for example_dag_decorator to None, run_after=None
[2026-07-01T09:31:40.155+0000] {processor.py:208} INFO - Processing /home/airflow/.local/lib/python3.12/site-packages/airflow/example_dags/example_dag_decorator.py took 0.057 seconds
[2026-07-01T09:32:10.370+0000] {processor.py:186} INFO - Started process (PID=2322) to work on /home/airflow/.local/lib/python3.12/site-packages/airflow/example_dags/example_dag_decorator.py
[2026-07-01T09:32:10.371+0000] {processor.py:914} INFO - Processing file /home/airflow/.local/lib/python3.12/site-packages/airflow/example_dags/example_dag_decorator.py for tasks to queue
[2026-07-01T09:32:10.373+0000] {logging_mixin.py:190} INFO - [2026-07-01T09:32:10.372+0000] {dagbag.py:587} INFO - Filling up the DagBag from /home/airflow/.local/lib/python3.12/site-packages/airflow/example_dags/example_dag_decorator.py
[2026-07-01T09:32:10.381+0000] {processor.py:925} INFO - DAG(s) 'example_dag_decorator' retrieved from /home/airflow/.local/lib/python3.12/site-packages/airflow/example_dags/example_dag_decorator.py
[2026-07-01T09:32:10.398+0000] {logging_mixin.py:190} INFO - [2026-07-01T09:32:10.398+0000] {dag.py:3211} INFO - Sync 1 DAGs
[2026-07-01T09:32:10.408+0000] {logging_mixin.py:190} INFO - [2026-07-01T09:32:10.407+0000] {dag.py:4138} INFO - Setting next_dagrun for example_dag_decorator to None, run_after=None
[2026-07-01T09:32:10.421+0000] {processor.py:208} INFO - Processing /home/airflow/.local/lib/python3.12/site-packages/airflow/example_dags/example_dag_decorator.py took 0.056 seconds
[2026-07-01T09:32:40.898+0000] {processor.py:186} INFO - Started process (PID=2384) to work on /home/airflow/.local/lib/python3.12/site-packages/airflow/example_dags/example_dag_decorator.py
[2026-07-01T09:32:40.900+0000] {processor.py:914} INFO - Processing file /home/airflow/.local/lib/python3.12/site-packages/airflow/example_dags/example_dag_decorator.py for tasks to queue
[2026-07-01T09:32:40.902+0000] {logging_mixin.py:190} INFO - [2026-07-01T09:32:40.901+0000] {dagbag.py:587} INFO - Filling up the DagBag from /home/airflow/.local/lib/python3.12/site-packages/airflow/example_dags/example_dag_decorator.py
[2026-07-01T09:32:40.910+0000] {processor.py:925} INFO - DAG(s) 'example_dag_decorator' retrieved from /home/airflow/.local/lib/python3.12/site-packages/airflow/example_dags/example_dag_decorator.py
[2026-07-01T09:32:40.984+0000] {logging_mixin.py:190} INFO - [2026-07-01T09:32:40.984+0000] {dag.py:3211} INFO - Sync 1 DAGs
[2026-07-01T09:32:40.992+0000] {logging_mixin.py:190} INFO - [2026-07-01T09:32:40.992+0000] {dag.py:4138} INFO - Setting next_dagrun for example_dag_decorator to None, run_after=None
[2026-07-01T09:32:41.007+0000] {processor.py:208} INFO - Processing /home/airflow/.local/lib/python3.12/site-packages/airflow/example_dags/example_dag_decorator.py took 0.114 seconds
[2026-07-01T09:33:11.404+0000] {processor.py:186} INFO - Started process (PID=2445) to work on /home/airflow/.local/lib/python3.12/site-packages/airflow/example_dags/example_dag_decorator.py
[2026-07-01T09:33:11.405+0000] {processor.py:914} INFO - Processing file /home/airflow/.local/lib/python3.12/site-packages/airflow/example_dags/example_dag_decorator.py for tasks to queue
[2026-07-01T09:33:11.407+0000] {logging_mixin.py:190} INFO - [2026-07-01T09:33:11.407+0000] {dagbag.py:587} INFO - Filling up the DagBag from /home/airflow/.local/lib/python3.12/site-packages/airflow/example_dags/example_dag_decorator.py
[2026-07-01T09:33:11.415+0000] {processor.py:925} INFO - DAG(s) 'example_dag_decorator' retrieved from /home/airflow/.local/lib/python3.12/site-packages/airflow/example_dags/example_dag_decorator.py
[2026-07-01T09:33:11.480+0000] {logging_mixin.py:190} INFO - [2026-07-01T09:33:11.480+0000] {dag.py:3211} INFO - Sync 1 DAGs
[2026-07-01T09:33:11.626+0000] {logging_mixin.py:190} INFO - [2026-07-01T09:33:11.626+0000] {dag.py:4138} INFO - Setting next_dagrun for example_dag_decorator to None, run_after=None
[2026-07-01T09:33:11.642+0000] {processor.py:208} INFO - Processing /home/airflow/.local/lib/python3.12/site-packages/airflow/example_dags/example_dag_decorator.py took 0.243 seconds
[2026-07-01T09:33:42.038+0000] {processor.py:186} INFO - Started process (PID=2508) to work on /home/airflow/.local/lib/python3.12/site-packages/airflow/example_dags/example_dag_decorator.py
[2026-07-01T09:33:42.039+0000] {processor.py:914} INFO - Processing file /home/airflow/.local/lib/python3.12/site-packages/airflow/example_dags/example_dag_decorator.py for tasks to queue
[2026-07-01T09:33:42.042+0000] {logging_mixin.py:190} INFO - [2026-07-01T09:33:42.042+0000] {dagbag.py:587} INFO - Filling up the DagBag from /home/airflow/.local/lib/python3.12/site-packages/airflow/example_dags/example_dag_decorator.py
[2026-07-01T09:33:42.054+0000] {processor.py:925} INFO - DAG(s) 'example_dag_decorator' retrieved from /home/airflow/.local/lib/python3.12/site-packages/airflow/example_dags/example_dag_decorator.py
[2026-07-01T09:33:42.132+0000] {logging_mixin.py:190} INFO - [2026-07-01T09:33:42.132+0000] {dag.py:3211} INFO - Sync 1 DAGs
[2026-07-01T09:33:42.318+0000] {logging_mixin.py:190} INFO - [2026-07-01T09:33:42.318+0000] {dag.py:4138} INFO - Setting next_dagrun for example_dag_decorator to None, run_after=None
[2026-07-01T09:33:42.335+0000] {processor.py:208} INFO - Processing /home/airflow/.local/lib/python3.12/site-packages/airflow/example_dags/example_dag_decorator.py took 0.302 seconds
[2026-07-01T09:34:13.027+0000] {processor.py:186} INFO - Started process (PID=2570) to work on /home/airflow/.local/lib/python3.12/site-packages/airflow/example_dags/example_dag_decorator.py
[2026-07-01T09:34:13.028+0000] {processor.py:914} INFO - Processing file /home/airflow/.local/lib/python3.12/site-packages/airflow/example_dags/example_dag_decorator.py for tasks to queue
[2026-07-01T09:34:13.031+0000] {logging_mixin.py:190} INFO - [2026-07-01T09:34:13.030+0000] {dagbag.py:587} INFO - Filling up the DagBag from /home/airflow/.local/lib/python3.12/site-packages/airflow/example_dags/example_dag_decorator.py
[2026-07-01T09:34:13.039+0000] {processor.py:925} INFO - DAG(s) 'example_dag_decorator' retrieved from /home/airflow/.local/lib/python3.12/site-packages/airflow/example_dags/example_dag_decorator.py
[2026-07-01T09:34:13.108+0000] {logging_mixin.py:190} INFO - [2026-07-01T09:34:13.108+0000] {dag.py:3211} INFO - Sync 1 DAGs
[2026-07-01T09:34:13.117+0000] {logging_mixin.py:190} INFO - [2026-07-01T09:34:13.117+0000] {dag.py:4138} INFO - Setting next_dagrun for example_dag_decorator to None, run_after=None
[2026-07-01T09:34:13.286+0000] {processor.py:208} INFO - Processing /home/airflow/.local/lib/python3.12/site-packages/airflow/example_dags/example_dag_decorator.py took 0.263 seconds
[2026-07-01T09:34:44.032+0000] {processor.py:186} INFO - Started process (PID=2632) to work on /home/airflow/.local/lib/python3.12/site-packages/airflow/example_dags/example_dag_decorator.py
[2026-07-01T09:34:44.033+0000] {processor.py:914} INFO - Processing file /home/airflow/.local/lib/python3.12/site-packages/airflow/example_dags/example_dag_decorator.py for tasks to queue
[2026-07-01T09:34:44.035+0000] {logging_mixin.py:190} INFO - [2026-07-01T09:34:44.035+0000] {dagbag.py:587} INFO - Filling up the DagBag from /home/airflow/.local/lib/python3.12/site-packages/airflow/example_dags/example_dag_decorator.py
[2026-07-01T09:34:44.046+0000] {processor.py:925} INFO - DAG(s) 'example_dag_decorator' retrieved from /home/airflow/.local/lib/python3.12/site-packages/airflow/example_dags/example_dag_decorator.py
[2026-07-01T09:34:44.126+0000] {logging_mixin.py:190} INFO - [2026-07-01T09:34:44.126+0000] {dag.py:3211} INFO - Sync 1 DAGs
[2026-07-01T09:34:44.134+0000] {logging_mixin.py:190} INFO - [2026-07-01T09:34:44.134+0000] {dag.py:4138} INFO - Setting next_dagrun for example_dag_decorator to None, run_after=None
[2026-07-01T09:34:44.286+0000] {processor.py:208} INFO - Processing /home/airflow/.local/lib/python3.12/site-packages/airflow/example_dags/example_dag_decorator.py took 0.260 seconds
[2026-07-01T09:35:14.707+0000] {processor.py:186} INFO - Started process (PID=2694) to work on /home/airflow/.local/lib/python3.12/site-packages/airflow/example_dags/example_dag_decorator.py
[2026-07-01T09:35:14.708+0000] {processor.py:914} INFO - Processing file /home/airflow/.local/lib/python3.12/site-packages/airflow/example_dags/example_dag_decorator.py for tasks to queue
[2026-07-01T09:35:14.710+0000] {logging_mixin.py:190} INFO - [2026-07-01T09:35:14.709+0000] {dagbag.py:587} INFO - Filling up the DagBag from /home/airflow/.local/lib/python3.12/site-packages/airflow/example_dags/example_dag_decorator.py
[2026-07-01T09:35:14.719+0000] {processor.py:925} INFO - DAG(s) 'example_dag_decorator' retrieved from /home/airflow/.local/lib/python3.12/site-packages/airflow/example_dags/example_dag_decorator.py
[2026-07-01T09:35:14.785+0000] {logging_mixin.py:190} INFO - [2026-07-01T09:35:14.785+0000] {dag.py:3211} INFO - Sync 1 DAGs
[2026-07-01T09:35:14.793+0000] {logging_mixin.py:190} INFO - [2026-07-01T09:35:14.793+0000] {dag.py:4138} INFO - Setting next_dagrun for example_dag_decorator to None, run_after=None
[2026-07-01T09:35:14.807+0000] {processor.py:208} INFO - Processing /home/airflow/.local/lib/python3.12/site-packages/airflow/example_dags/example_dag_decorator.py took 0.105 seconds
[2026-07-01T09:35:45.191+0000] {processor.py:186} INFO - Started process (PID=2756) to work on /home/airflow/.local/lib/python3.12/site-packages/airflow/example_dags/example_dag_decorator.py
[2026-07-01T09:35:45.192+0000] {processor.py:914} INFO - Processing file /home/airflow/.local/lib/python3.12/site-packages/airflow/example_dags/example_dag_decorator.py for tasks to queue
[2026-07-01T09:35:45.195+0000] {logging_mixin.py:190} INFO - [2026-07-01T09:35:45.195+0000] {dagbag.py:587} INFO - Filling up the DagBag from /home/airflow/.local/lib/python3.12/site-packages/airflow/example_dags/example_dag_decorator.py
[2026-07-01T09:35:45.206+0000] {processor.py:925} INFO - DAG(s) 'example_dag_decorator' retrieved from /home/airflow/.local/lib/python3.12/site-packages/airflow/example_dags/example_dag_decorator.py
[2026-07-01T09:35:45.276+0000] {logging_mixin.py:190} INFO - [2026-07-01T09:35:45.276+0000] {dag.py:3211} INFO - Sync 1 DAGs
[2026-07-01T09:35:45.284+0000] {logging_mixin.py:190} INFO - [2026-07-01T09:35:45.284+0000] {dag.py:4138} INFO - Setting next_dagrun for example_dag_decorator to None, run_after=None
[2026-07-01T09:35:45.298+0000] {processor.py:208} INFO - Processing /home/airflow/.local/lib/python3.12/site-packages/airflow/example_dags/example_dag_decorator.py took 0.113 seconds
[2026-07-01T09:36:15.924+0000] {processor.py:186} INFO - Started process (PID=2818) to work on /home/airflow/.local/lib/python3.12/site-packages/airflow/example_dags/example_dag_decorator.py
[2026-07-01T09:36:15.926+0000] {processor.py:914} INFO - Processing file /home/airflow/.local/lib/python3.12/site-packages/airflow/example_dags/example_dag_decorator.py for tasks to queue
[2026-07-01T09:36:15.928+0000] {logging_mixin.py:190} INFO - [2026-07-01T09:36:15.927+0000] {dagbag.py:587} INFO - Filling up the DagBag from /home/airflow/.local/lib/python3.12/site-packages/airflow/example_dags/example_dag_decorator.py
[2026-07-01T09:36:15.937+0000] {processor.py:925} INFO - DAG(s) 'example_dag_decorator' retrieved from /home/airflow/.local/lib/python3.12/site-packages/airflow/example_dags/example_dag_decorator.py
[2026-07-01T09:36:16.191+0000] {logging_mixin.py:190} INFO - [2026-07-01T09:36:16.191+0000] {dag.py:3211} INFO - Sync 1 DAGs
[2026-07-01T09:36:16.199+0000] {logging_mixin.py:190} INFO - [2026-07-01T09:36:16.199+0000] {dag.py:4138} INFO - Setting next_dagrun for example_dag_decorator to None, run_after=None
[2026-07-01T09:36:16.214+0000] {processor.py:208} INFO - Processing /home/airflow/.local/lib/python3.12/site-packages/airflow/example_dags/example_dag_decorator.py took 0.294 seconds
[2026-07-01T09:36:46.822+0000] {processor.py:186} INFO - Started process (PID=2880) to work on /home/airflow/.local/lib/python3.12/site-packages/airflow/example_dags/example_dag_decorator.py
[2026-07-01T09:36:46.824+0000] {processor.py:914} INFO - Processing file /home/airflow/.local/lib/python3.12/site-packages/airflow/example_dags/example_dag_decorator.py for tasks to queue
[2026-07-01T09:36:46.826+0000] {logging_mixin.py:190} INFO - [2026-07-01T09:36:46.826+0000] {dagbag.py:587} INFO - Filling up the DagBag from /home/airflow/.local/lib/python3.12/site-packages/airflow/example_dags/example_dag_decorator.py
[2026-07-01T09:36:46.835+0000] {processor.py:925} INFO - DAG(s) 'example_dag_decorator' retrieved from /home/airflow/.local/lib/python3.12/site-packages/airflow/example_dags/example_dag_decorator.py
[2026-07-01T09:36:46.853+0000] {logging_mixin.py:190} INFO - [2026-07-01T09:36:46.853+0000] {dag.py:3211} INFO - Sync 1 DAGs
[2026-07-01T09:36:46.863+0000] {logging_mixin.py:190} INFO - [2026-07-01T09:36:46.863+0000] {dag.py:4138} INFO - Setting next_dagrun for example_dag_decorator to None, run_after=None
[2026-07-01T09:36:46.876+0000] {processor.py:208} INFO - Processing /home/airflow/.local/lib/python3.12/site-packages/airflow/example_dags/example_dag_decorator.py took 0.059 seconds
[2026-07-01T09:37:18.751+0000] {processor.py:186} INFO - Started process (PID=2942) to work on /home/airflow/.local/lib/python3.12/site-packages/airflow/example_dags/example_dag_decorator.py
[2026-07-01T09:37:18.753+0000] {processor.py:914} INFO - Processing file /home/airflow/.local/lib/python3.12/site-packages/airflow/example_dags/example_dag_decorator.py for tasks to queue
[2026-07-01T09:37:18.755+0000] {logging_mixin.py:190} INFO - [2026-07-01T09:37:18.754+0000] {dagbag.py:587} INFO - Filling up the DagBag from /home/airflow/.local/lib/python3.12/site-packages/airflow/example_dags/example_dag_decorator.py
[2026-07-01T09:37:18.768+0000] {processor.py:925} INFO - DAG(s) 'example_dag_decorator' retrieved from /home/airflow/.local/lib/python3.12/site-packages/airflow/example_dags/example_dag_decorator.py
[2026-07-01T09:37:18.790+0000] {logging_mixin.py:190} INFO - [2026-07-01T09:37:18.790+0000] {dag.py:3211} INFO - Sync 1 DAGs
[2026-07-01T09:37:18.801+0000] {logging_mixin.py:190} INFO - [2026-07-01T09:37:18.800+0000] {dag.py:4138} INFO - Setting next_dagrun for example_dag_decorator to None, run_after=None
[2026-07-01T09:37:18.815+0000] {processor.py:208} INFO - Processing /home/airflow/.local/lib/python3.12/site-packages/airflow/example_dags/example_dag_decorator.py took 0.069 seconds
[2026-07-01T09:37:49.889+0000] {processor.py:186} INFO - Started process (PID=3010) to work on /home/airflow/.local/lib/python3.12/site-packages/airflow/example_dags/example_dag_decorator.py
[2026-07-01T09:37:49.890+0000] {processor.py:914} INFO - Processing file /home/airflow/.local/lib/python3.12/site-packages/airflow/example_dags/example_dag_decorator.py for tasks to queue
[2026-07-01T09:37:49.894+0000] {logging_mixin.py:190} INFO - [2026-07-01T09:37:49.894+0000] {dagbag.py:587} INFO - Filling up the DagBag from /home/airflow/.local/lib/python3.12/site-packages/airflow/example_dags/example_dag_decorator.py
[2026-07-01T09:37:49.907+0000] {processor.py:925} INFO - DAG(s) 'example_dag_decorator' retrieved from /home/airflow/.local/lib/python3.12/site-packages/airflow/example_dags/example_dag_decorator.py
[2026-07-01T09:37:50.123+0000] {logging_mixin.py:190} INFO - [2026-07-01T09:37:50.123+0000] {dag.py:3211} INFO - Sync 1 DAGs
[2026-07-01T09:37:50.130+0000] {logging_mixin.py:190} INFO - [2026-07-01T09:37:50.130+0000] {dag.py:4138} INFO - Setting next_dagrun for example_dag_decorator to None, run_after=None
[2026-07-01T09:37:50.144+0000] {processor.py:208} INFO - Processing /home/airflow/.local/lib/python3.12/site-packages/airflow/example_dags/example_dag_decorator.py took 0.262 seconds
[2026-07-01T09:38:20.916+0000] {processor.py:186} INFO - Started process (PID=3072) to work on /home/airflow/.local/lib/python3.12/site-packages/airflow/example_dags/example_dag_decorator.py
[2026-07-01T09:38:20.917+0000] {processor.py:914} INFO - Processing file /home/airflow/.local/lib/python3.12/site-packages/airflow/example_dags/example_dag_decorator.py for tasks to queue
[2026-07-01T09:38:20.919+0000] {logging_mixin.py:190} INFO - [2026-07-01T09:38:20.919+0000] {dagbag.py:587} INFO - Filling up the DagBag from /home/airflow/.local/lib/python3.12/site-packages/airflow/example_dags/example_dag_decorator.py
[2026-07-01T09:38:20.929+0000] {processor.py:925} INFO - DAG(s) 'example_dag_decorator' retrieved from /home/airflow/.local/lib/python3.12/site-packages/airflow/example_dags/example_dag_decorator.py
[2026-07-01T09:38:21.142+0000] {logging_mixin.py:190} INFO - [2026-07-01T09:38:21.142+0000] {dag.py:3211} INFO - Sync 1 DAGs
[2026-07-01T09:38:21.149+0000] {logging_mixin.py:190} INFO - [2026-07-01T09:38:21.148+0000] {dag.py:4138} INFO - Setting next_dagrun for example_dag_decorator to None, run_after=None
[2026-07-01T09:38:21.161+0000] {processor.py:208} INFO - Processing /home/airflow/.local/lib/python3.12/site-packages/airflow/example_dags/example_dag_decorator.py took 0.250 seconds
[2026-07-01T09:38:51.234+0000] {processor.py:186} INFO - Started process (PID=3134) to work on /home/airflow/.local/lib/python3.12/site-packages/airflow/example_dags/example_dag_decorator.py
[2026-07-01T09:38:51.236+0000] {processor.py:914} INFO - Processing file /home/airflow/.local/lib/python3.12/site-packages/airflow/example_dags/example_dag_decorator.py for tasks to queue
[2026-07-01T09:38:51.238+0000] {logging_mixin.py:190} INFO - [2026-07-01T09:38:51.237+0000] {dagbag.py:587} INFO - Filling up the DagBag from /home/airflow/.local/lib/python3.12/site-packages/airflow/example_dags/example_dag_decorator.py
[2026-07-01T09:38:51.247+0000] {processor.py:925} INFO - DAG(s) 'example_dag_decorator' retrieved from /home/airflow/.local/lib/python3.12/site-packages/airflow/example_dags/example_dag_decorator.py
[2026-07-01T09:38:51.491+0000] {logging_mixin.py:190} INFO - [2026-07-01T09:38:51.491+0000] {dag.py:3211} INFO - Sync 1 DAGs
[2026-07-01T09:38:51.500+0000] {logging_mixin.py:190} INFO - [2026-07-01T09:38:51.500+0000] {dag.py:4138} INFO - Setting next_dagrun for example_dag_decorator to None, run_after=None
[2026-07-01T09:38:51.515+0000] {processor.py:208} INFO - Processing /home/airflow/.local/lib/python3.12/site-packages/airflow/example_dags/example_dag_decorator.py took 0.285 seconds
[2026-07-01T09:39:22.007+0000] {processor.py:186} INFO - Started process (PID=3196) to work on /home/airflow/.local/lib/python3.12/site-packages/airflow/example_dags/example_dag_decorator.py
[2026-07-01T09:39:22.008+0000] {processor.py:914} INFO - Processing file /home/airflow/.local/lib/python3.12/site-packages/airflow/example_dags/example_dag_decorator.py for tasks to queue
[2026-07-01T09:39:22.010+0000] {logging_mixin.py:190} INFO - [2026-07-01T09:39:22.010+0000] {dagbag.py:587} INFO - Filling up the DagBag from /home/airflow/.local/lib/python3.12/site-packages/airflow/example_dags/example_dag_decorator.py
[2026-07-01T09:39:22.020+0000] {processor.py:925} INFO - DAG(s) 'example_dag_decorator' retrieved from /home/airflow/.local/lib/python3.12/site-packages/airflow/example_dags/example_dag_decorator.py
[2026-07-01T09:39:22.232+0000] {logging_mixin.py:190} INFO - [2026-07-01T09:39:22.232+0000] {dag.py:3211} INFO - Sync 1 DAGs
[2026-07-01T09:39:22.241+0000] {logging_mixin.py:190} INFO - [2026-07-01T09:39:22.240+0000] {dag.py:4138} INFO - Setting next_dagrun for example_dag_decorator to None, run_after=None
[2026-07-01T09:39:22.256+0000] {processor.py:208} INFO - Processing /home/airflow/.local/lib/python3.12/site-packages/airflow/example_dags/example_dag_decorator.py took 0.255 seconds
[2026-07-01T09:39:52.885+0000] {processor.py:186} INFO - Started process (PID=3258) to work on /home/airflow/.local/lib/python3.12/site-packages/airflow/example_dags/example_dag_decorator.py
[2026-07-01T09:39:52.886+0000] {processor.py:914} INFO - Processing file /home/airflow/.local/lib/python3.12/site-packages/airflow/example_dags/example_dag_decorator.py for tasks to queue
[2026-07-01T09:39:52.888+0000] {logging_mixin.py:190} INFO - [2026-07-01T09:39:52.888+0000] {dagbag.py:587} INFO - Filling up the DagBag from /home/airflow/.local/lib/python3.12/site-packages/airflow/example_dags/example_dag_decorator.py
[2026-07-01T09:39:52.897+0000] {processor.py:925} INFO - DAG(s) 'example_dag_decorator' retrieved from /home/airflow/.local/lib/python3.12/site-packages/airflow/example_dags/example_dag_decorator.py
[2026-07-01T09:39:53.096+0000] {logging_mixin.py:190} INFO - [2026-07-01T09:39:53.096+0000] {dag.py:3211} INFO - Sync 1 DAGs
[2026-07-01T09:39:53.105+0000] {logging_mixin.py:190} INFO - [2026-07-01T09:39:53.105+0000] {dag.py:4138} INFO - Setting next_dagrun for example_dag_decorator to None, run_after=None
[2026-07-01T09:39:53.117+0000] {processor.py:208} INFO - Processing /home/airflow/.local/lib/python3.12/site-packages/airflow/example_dags/example_dag_decorator.py took 0.237 seconds
[2026-07-01T09:40:23.909+0000] {processor.py:186} INFO - Started process (PID=3320) to work on /home/airflow/.local/lib/python3.12/site-packages/airflow/example_dags/example_dag_decorator.py
[2026-07-01T09:40:23.910+0000] {processor.py:914} INFO - Processing file /home/airflow/.local/lib/python3.12/site-packages/airflow/example_dags/example_dag_decorator.py for tasks to queue
[2026-07-01T09:40:23.912+0000] {logging_mixin.py:190} INFO - [2026-07-01T09:40:23.912+0000] {dagbag.py:587} INFO - Filling up the DagBag from /home/airflow/.local/lib/python3.12/site-packages/airflow/example_dags/example_dag_decorator.py
[2026-07-01T09:40:23.921+0000] {processor.py:925} INFO - DAG(s) 'example_dag_decorator' retrieved from /home/airflow/.local/lib/python3.12/site-packages/airflow/example_dags/example_dag_decorator.py
[2026-07-01T09:40:23.986+0000] {logging_mixin.py:190} INFO - [2026-07-01T09:40:23.986+0000] {dag.py:3211} INFO - Sync 1 DAGs
[2026-07-01T09:40:23.995+0000] {logging_mixin.py:190} INFO - [2026-07-01T09:40:23.995+0000] {dag.py:4138} INFO - Setting next_dagrun for example_dag_decorator to None, run_after=None
[2026-07-01T09:40:24.008+0000] {processor.py:208} INFO - Processing /home/airflow/.local/lib/python3.12/site-packages/airflow/example_dags/example_dag_decorator.py took 0.104 seconds
[2026-07-01T09:40:54.253+0000] {processor.py:186} INFO - Started process (PID=3382) to work on /home/airflow/.local/lib/python3.12/site-packages/airflow/example_dags/example_dag_decorator.py
[2026-07-01T09:40:54.256+0000] {processor.py:914} INFO - Processing file /home/airflow/.local/lib/python3.12/site-packages/airflow/example_dags/example_dag_decorator.py for tasks to queue
[2026-07-01T09:40:54.258+0000] {logging_mixin.py:190} INFO - [2026-07-01T09:40:54.257+0000] {dagbag.py:587} INFO - Filling up the DagBag from /home/airflow/.local/lib/python3.12/site-packages/airflow/example_dags/example_dag_decorator.py
[2026-07-01T09:40:54.269+0000] {processor.py:925} INFO - DAG(s) 'example_dag_decorator' retrieved from /home/airflow/.local/lib/python3.12/site-packages/airflow/example_dags/example_dag_decorator.py
[2026-07-01T09:40:54.338+0000] {logging_mixin.py:190} INFO - [2026-07-01T09:40:54.338+0000] {dag.py:3211} INFO - Sync 1 DAGs
[2026-07-01T09:40:54.347+0000] {logging_mixin.py:190} INFO - [2026-07-01T09:40:54.347+0000] {dag.py:4138} INFO - Setting next_dagrun for example_dag_decorator to None, run_after=None
[2026-07-01T09:40:54.364+0000] {processor.py:208} INFO - Processing /home/airflow/.local/lib/python3.12/site-packages/airflow/example_dags/example_dag_decorator.py took 0.116 seconds
[2026-07-01T09:41:24.607+0000] {processor.py:186} INFO - Started process (PID=3444) to work on /home/airflow/.local/lib/python3.12/site-packages/airflow/example_dags/example_dag_decorator.py
[2026-07-01T09:41:24.608+0000] {processor.py:914} INFO - Processing file /home/airflow/.local/lib/python3.12/site-packages/airflow/example_dags/example_dag_decorator.py for tasks to queue
[2026-07-01T09:41:24.610+0000] {logging_mixin.py:190} INFO - [2026-07-01T09:41:24.610+0000] {dagbag.py:587} INFO - Filling up the DagBag from /home/airflow/.local/lib/python3.12/site-packages/airflow/example_dags/example_dag_decorator.py
[2026-07-01T09:41:24.619+0000] {processor.py:925} INFO - DAG(s) 'example_dag_decorator' retrieved from /home/airflow/.local/lib/python3.12/site-packages/airflow/example_dags/example_dag_decorator.py
[2026-07-01T09:41:24.687+0000] {logging_mixin.py:190} INFO - [2026-07-01T09:41:24.687+0000] {dag.py:3211} INFO - Sync 1 DAGs
[2026-07-01T09:41:24.697+0000] {logging_mixin.py:190} INFO - [2026-07-01T09:41:24.697+0000] {dag.py:4138} INFO - Setting next_dagrun for example_dag_decorator to None, run_after=None
[2026-07-01T09:41:24.713+0000] {processor.py:208} INFO - Processing /home/airflow/.local/lib/python3.12/site-packages/airflow/example_dags/example_dag_decorator.py took 0.111 seconds
[2026-07-01T09:41:54.821+0000] {processor.py:186} INFO - Started process (PID=3506) to work on /home/airflow/.local/lib/python3.12/site-packages/airflow/example_dags/example_dag_decorator.py
[2026-07-01T09:41:54.822+0000] {processor.py:914} INFO - Processing file /home/airflow/.local/lib/python3.12/site-packages/airflow/example_dags/example_dag_decorator.py for tasks to queue
[2026-07-01T09:41:54.825+0000] {logging_mixin.py:190} INFO - [2026-07-01T09:41:54.825+0000] {dagbag.py:587} INFO - Filling up the DagBag from /home/airflow/.local/lib/python3.12/site-packages/airflow/example_dags/example_dag_decorator.py
[2026-07-01T09:41:54.834+0000] {processor.py:925} INFO - DAG(s) 'example_dag_decorator' retrieved from /home/airflow/.local/lib/python3.12/site-packages/airflow/example_dags/example_dag_decorator.py
[2026-07-01T09:41:54.899+0000] {logging_mixin.py:190} INFO - [2026-07-01T09:41:54.898+0000] {dag.py:3211} INFO - Sync 1 DAGs
[2026-07-01T09:41:54.906+0000] {logging_mixin.py:190} INFO - [2026-07-01T09:41:54.906+0000] {dag.py:4138} INFO - Setting next_dagrun for example_dag_decorator to None, run_after=None
[2026-07-01T09:41:54.919+0000] {processor.py:208} INFO - Processing /home/airflow/.local/lib/python3.12/site-packages/airflow/example_dags/example_dag_decorator.py took 0.102 seconds
[2026-07-01T09:42:25.225+0000] {processor.py:186} INFO - Started process (PID=3568) to work on /home/airflow/.local/lib/python3.12/site-packages/airflow/example_dags/example_dag_decorator.py
[2026-07-01T09:42:25.227+0000] {processor.py:914} INFO - Processing file /home/airflow/.local/lib/python3.12/site-packages/airflow/example_dags/example_dag_decorator.py for tasks to queue
[2026-07-01T09:42:25.229+0000] {logging_mixin.py:190} INFO - [2026-07-01T09:42:25.228+0000] {dagbag.py:587} INFO - Filling up the DagBag from /home/airflow/.local/lib/python3.12/site-packages/airflow/example_dags/example_dag_decorator.py
[2026-07-01T09:42:25.238+0000] {processor.py:925} INFO - DAG(s) 'example_dag_decorator' retrieved from /home/airflow/.local/lib/python3.12/site-packages/airflow/example_dags/example_dag_decorator.py
[2026-07-01T09:42:25.312+0000] {logging_mixin.py:190} INFO - [2026-07-01T09:42:25.312+0000] {dag.py:3211} INFO - Sync 1 DAGs
[2026-07-01T09:42:25.323+0000] {logging_mixin.py:190} INFO - [2026-07-01T09:42:25.323+0000] {dag.py:4138} INFO - Setting next_dagrun for example_dag_decorator to None, run_after=None
[2026-07-01T09:42:25.339+0000] {processor.py:208} INFO - Processing /home/airflow/.local/lib/python3.12/site-packages/airflow/example_dags/example_dag_decorator.py took 0.118 seconds
[2026-07-01T09:42:55.704+0000] {processor.py:186} INFO - Started process (PID=3630) to work on /home/airflow/.local/lib/python3.12/site-packages/airflow/example_dags/example_dag_decorator.py
[2026-07-01T09:42:55.704+0000] {processor.py:914} INFO - Processing file /home/airflow/.local/lib/python3.12/site-packages/airflow/example_dags/example_dag_decorator.py for tasks to queue
[2026-07-01T09:42:55.706+0000] {logging_mixin.py:190} INFO - [2026-07-01T09:42:55.706+0000] {dagbag.py:587} INFO - Filling up the DagBag from /home/airflow/.local/lib/python3.12/site-packages/airflow/example_dags/example_dag_decorator.py
[2026-07-01T09:42:55.715+0000] {processor.py:925} INFO - DAG(s) 'example_dag_decorator' retrieved from /home/airflow/.local/lib/python3.12/site-packages/airflow/example_dags/example_dag_decorator.py
[2026-07-01T09:42:55.782+0000] {logging_mixin.py:190} INFO - [2026-07-01T09:42:55.781+0000] {dag.py:3211} INFO - Sync 1 DAGs
[2026-07-01T09:42:55.789+0000] {logging_mixin.py:190} INFO - [2026-07-01T09:42:55.789+0000] {dag.py:4138} INFO - Setting next_dagrun for example_dag_decorator to None, run_after=None
[2026-07-01T09:42:55.804+0000] {processor.py:208} INFO - Processing /home/airflow/.local/lib/python3.12/site-packages/airflow/example_dags/example_dag_decorator.py took 0.105 seconds
[2026-07-01T09:43:25.841+0000] {processor.py:186} INFO - Started process (PID=3692) to work on /home/airflow/.local/lib/python3.12/site-packages/airflow/example_dags/example_dag_decorator.py
[2026-07-01T09:43:25.843+0000] {processor.py:914} INFO - Processing file /home/airflow/.local/lib/python3.12/site-packages/airflow/example_dags/example_dag_decorator.py for tasks to queue
[2026-07-01T09:43:25.844+0000] {logging_mixin.py:190} INFO - [2026-07-01T09:43:25.844+0000] {dagbag.py:587} INFO - Filling up the DagBag from /home/airflow/.local/lib/python3.12/site-packages/airflow/example_dags/example_dag_decorator.py
[2026-07-01T09:43:25.856+0000] {processor.py:925} INFO - DAG(s) 'example_dag_decorator' retrieved from /home/airflow/.local/lib/python3.12/site-packages/airflow/example_dags/example_dag_decorator.py
[2026-07-01T09:43:25.975+0000] {logging_mixin.py:190} INFO - [2026-07-01T09:43:25.975+0000] {dag.py:3211} INFO - Sync 1 DAGs
[2026-07-01T09:43:25.987+0000] {logging_mixin.py:190} INFO - [2026-07-01T09:43:25.987+0000] {dag.py:4138} INFO - Setting next_dagrun for example_dag_decorator to None, run_after=None
[2026-07-01T09:43:26.004+0000] {processor.py:208} INFO - Processing /home/airflow/.local/lib/python3.12/site-packages/airflow/example_dags/example_dag_decorator.py took 0.167 seconds
[2026-07-01T09:43:56.312+0000] {processor.py:186} INFO - Started process (PID=3754) to work on /home/airflow/.local/lib/python3.12/site-packages/airflow/example_dags/example_dag_decorator.py
[2026-07-01T09:43:56.315+0000] {processor.py:914} INFO - Processing file /home/airflow/.local/lib/python3.12/site-packages/airflow/example_dags/example_dag_decorator.py for tasks to queue
[2026-07-01T09:43:56.317+0000] {logging_mixin.py:190} INFO - [2026-07-01T09:43:56.317+0000] {dagbag.py:587} INFO - Filling up the DagBag from /home/airflow/.local/lib/python3.12/site-packages/airflow/example_dags/example_dag_decorator.py
[2026-07-01T09:43:56.327+0000] {processor.py:925} INFO - DAG(s) 'example_dag_decorator' retrieved from /home/airflow/.local/lib/python3.12/site-packages/airflow/example_dags/example_dag_decorator.py
[2026-07-01T09:43:56.414+0000] {logging_mixin.py:190} INFO - [2026-07-01T09:43:56.414+0000] {dag.py:3211} INFO - Sync 1 DAGs
[2026-07-01T09:43:56.425+0000] {logging_mixin.py:190} INFO - [2026-07-01T09:43:56.425+0000] {dag.py:4138} INFO - Setting next_dagrun for example_dag_decorator to None, run_after=None
[2026-07-01T09:43:56.441+0000] {processor.py:208} INFO - Processing /home/airflow/.local/lib/python3.12/site-packages/airflow/example_dags/example_dag_decorator.py took 0.135 seconds
[2026-07-01T09:44:26.560+0000] {processor.py:186} INFO - Started process (PID=3816) to work on /home/airflow/.local/lib/python3.12/site-packages/airflow/example_dags/example_dag_decorator.py
[2026-07-01T09:44:26.561+0000] {processor.py:914} INFO - Processing file /home/airflow/.local/lib/python3.12/site-packages/airflow/example_dags/example_dag_decorator.py for tasks to queue
[2026-07-01T09:44:26.563+0000] {logging_mixin.py:190} INFO - [2026-07-01T09:44:26.563+0000] {dagbag.py:587} INFO - Filling up the DagBag from /home/airflow/.local/lib/python3.12/site-packages/airflow/example_dags/example_dag_decorator.py
[2026-07-01T09:44:26.572+0000] {processor.py:925} INFO - DAG(s) 'example_dag_decorator' retrieved from /home/airflow/.local/lib/python3.12/site-packages/airflow/example_dags/example_dag_decorator.py
[2026-07-01T09:44:26.638+0000] {logging_mixin.py:190} INFO - [2026-07-01T09:44:26.637+0000] {dag.py:3211} INFO - Sync 1 DAGs
[2026-07-01T09:44:26.650+0000] {logging_mixin.py:190} INFO - [2026-07-01T09:44:26.650+0000] {dag.py:4138} INFO - Setting next_dagrun for example_dag_decorator to None, run_after=None
[2026-07-01T09:44:26.669+0000] {processor.py:208} INFO - Processing /home/airflow/.local/lib/python3.12/site-packages/airflow/example_dags/example_dag_decorator.py took 0.114 seconds
[2026-07-01T09:44:56.946+0000] {processor.py:186} INFO - Started process (PID=3878) to work on /home/airflow/.local/lib/python3.12/site-packages/airflow/example_dags/example_dag_decorator.py
[2026-07-01T09:44:56.947+0000] {processor.py:914} INFO - Processing file /home/airflow/.local/lib/python3.12/site-packages/airflow/example_dags/example_dag_decorator.py for tasks to queue
[2026-07-01T09:44:56.949+0000] {logging_mixin.py:190} INFO - [2026-07-01T09:44:56.949+0000] {dagbag.py:587} INFO - Filling up the DagBag from /home/airflow/.local/lib/python3.12/site-packages/airflow/example_dags/example_dag_decorator.py
[2026-07-01T09:44:56.959+0000] {processor.py:925} INFO - DAG(s) 'example_dag_decorator' retrieved from /home/airflow/.local/lib/python3.12/site-packages/airflow/example_dags/example_dag_decorator.py
[2026-07-01T09:44:57.023+0000] {logging_mixin.py:190} INFO - [2026-07-01T09:44:57.022+0000] {dag.py:3211} INFO - Sync 1 DAGs
[2026-07-01T09:44:57.030+0000] {logging_mixin.py:190} INFO - [2026-07-01T09:44:57.030+0000] {dag.py:4138} INFO - Setting next_dagrun for example_dag_decorator to None, run_after=None
[2026-07-01T09:44:57.044+0000] {processor.py:208} INFO - Processing /home/airflow/.local/lib/python3.12/site-packages/airflow/example_dags/example_dag_decorator.py took 0.104 seconds
[2026-07-01T09:45:27.383+0000] {processor.py:186} INFO - Started process (PID=3940) to work on /home/airflow/.local/lib/python3.12/site-packages/airflow/example_dags/example_dag_decorator.py
[2026-07-01T09:45:27.384+0000] {processor.py:914} INFO - Processing file /home/airflow/.local/lib/python3.12/site-packages/airflow/example_dags/example_dag_decorator.py for tasks to queue
[2026-07-01T09:45:27.386+0000] {logging_mixin.py:190} INFO - [2026-07-01T09:45:27.386+0000] {dagbag.py:587} INFO - Filling up the DagBag from /home/airflow/.local/lib/python3.12/site-packages/airflow/example_dags/example_dag_decorator.py
[2026-07-01T09:45:27.399+0000] {processor.py:925} INFO - DAG(s) 'example_dag_decorator' retrieved from /home/airflow/.local/lib/python3.12/site-packages/airflow/example_dags/example_dag_decorator.py
[2026-07-01T09:45:27.474+0000] {logging_mixin.py:190} INFO - [2026-07-01T09:45:27.474+0000] {dag.py:3211} INFO - Sync 1 DAGs
[2026-07-01T09:45:27.483+0000] {logging_mixin.py:190} INFO - [2026-07-01T09:45:27.483+0000] {dag.py:4138} INFO - Setting next_dagrun for example_dag_decorator to None, run_after=None
[2026-07-01T09:45:27.500+0000] {processor.py:208} INFO - Processing /home/airflow/.local/lib/python3.12/site-packages/airflow/example_dags/example_dag_decorator.py took 0.123 seconds
