[2026-07-01T09:09:40.879+0000] {processor.py:186} INFO - Started process (PID=93) to work on /home/airflow/.local/lib/python3.12/site-packages/airflow/example_dags/example_branch_operator.py
[2026-07-01T09:09:40.880+0000] {processor.py:914} INFO - Processing file /home/airflow/.local/lib/python3.12/site-packages/airflow/example_dags/example_branch_operator.py for tasks to queue
[2026-07-01T09:09:40.883+0000] {logging_mixin.py:190} INFO - [2026-07-01T09:09:40.882+0000] {dagbag.py:587} INFO - Filling up the DagBag from /home/airflow/.local/lib/python3.12/site-packages/airflow/example_dags/example_branch_operator.py
[2026-07-01T09:09:40.900+0000] {processor.py:925} INFO - DAG(s) 'example_branch_operator' retrieved from /home/airflow/.local/lib/python3.12/site-packages/airflow/example_dags/example_branch_operator.py
[2026-07-01T09:09:40.984+0000] {logging_mixin.py:190} INFO - [2026-07-01T09:09:40.983+0000] {override.py:1858} INFO - Created Permission View: can read on DAG:example_branch_operator
[2026-07-01T09:09:40.993+0000] {logging_mixin.py:190} INFO - [2026-07-01T09:09:40.993+0000] {override.py:1858} INFO - Created Permission View: can delete on DAG:example_branch_operator
[2026-07-01T09:09:40.998+0000] {logging_mixin.py:190} INFO - [2026-07-01T09:09:40.998+0000] {override.py:1858} INFO - Created Permission View: can edit on DAG:example_branch_operator
[2026-07-01T09:09:40.999+0000] {logging_mixin.py:190} INFO - [2026-07-01T09:09:40.999+0000] {dag.py:3211} INFO - Sync 1 DAGs
[2026-07-01T09:09:41.010+0000] {logging_mixin.py:190} INFO - [2026-07-01T09:09:41.010+0000] {dag.py:3234} INFO - Creating ORM DAG for example_branch_operator
[2026-07-01T09:09:41.019+0000] {logging_mixin.py:190} INFO - [2026-07-01T09:09:41.019+0000] {dag.py:4138} INFO - Setting next_dagrun for example_branch_operator to 2026-06-30 00:00:00+00:00, run_after=2026-07-01 00:00:00+00:00
[2026-07-01T09:09:41.034+0000] {processor.py:208} INFO - Processing /home/airflow/.local/lib/python3.12/site-packages/airflow/example_dags/example_branch_operator.py took 0.160 seconds
[2026-07-01T09:10:11.357+0000] {processor.py:186} INFO - Started process (PID=155) to work on /home/airflow/.local/lib/python3.12/site-packages/airflow/example_dags/example_branch_operator.py
[2026-07-01T09:10:11.358+0000] {processor.py:914} INFO - Processing file /home/airflow/.local/lib/python3.12/site-packages/airflow/example_dags/example_branch_operator.py for tasks to queue
[2026-07-01T09:10:11.359+0000] {logging_mixin.py:190} INFO - [2026-07-01T09:10:11.359+0000] {dagbag.py:587} INFO - Filling up the DagBag from /home/airflow/.local/lib/python3.12/site-packages/airflow/example_dags/example_branch_operator.py
[2026-07-01T09:10:11.372+0000] {processor.py:925} INFO - DAG(s) 'example_branch_operator' retrieved from /home/airflow/.local/lib/python3.12/site-packages/airflow/example_dags/example_branch_operator.py
[2026-07-01T09:10:11.392+0000] {logging_mixin.py:190} INFO - [2026-07-01T09:10:11.392+0000] {dag.py:3211} INFO - Sync 1 DAGs
[2026-07-01T09:10:11.408+0000] {logging_mixin.py:190} INFO - [2026-07-01T09:10:11.408+0000] {dag.py:4138} INFO - Setting next_dagrun for example_branch_operator to 2026-06-30 00:00:00+00:00, run_after=2026-07-01 00:00:00+00:00
[2026-07-01T09:10:11.421+0000] {processor.py:208} INFO - Processing /home/airflow/.local/lib/python3.12/site-packages/airflow/example_dags/example_branch_operator.py took 0.068 seconds
[2026-07-01T09:10:41.614+0000] {processor.py:186} INFO - Started process (PID=217) to work on /home/airflow/.local/lib/python3.12/site-packages/airflow/example_dags/example_branch_operator.py
[2026-07-01T09:10:41.615+0000] {processor.py:914} INFO - Processing file /home/airflow/.local/lib/python3.12/site-packages/airflow/example_dags/example_branch_operator.py for tasks to queue
[2026-07-01T09:10:41.617+0000] {logging_mixin.py:190} INFO - [2026-07-01T09:10:41.616+0000] {dagbag.py:587} INFO - Filling up the DagBag from /home/airflow/.local/lib/python3.12/site-packages/airflow/example_dags/example_branch_operator.py
[2026-07-01T09:10:41.628+0000] {processor.py:925} INFO - DAG(s) 'example_branch_operator' retrieved from /home/airflow/.local/lib/python3.12/site-packages/airflow/example_dags/example_branch_operator.py
[2026-07-01T09:10:41.644+0000] {logging_mixin.py:190} INFO - [2026-07-01T09:10:41.644+0000] {dag.py:3211} INFO - Sync 1 DAGs
[2026-07-01T09:10:41.659+0000] {logging_mixin.py:190} INFO - [2026-07-01T09:10:41.658+0000] {dag.py:4138} INFO - Setting next_dagrun for example_branch_operator to 2026-06-30 00:00:00+00:00, run_after=2026-07-01 00:00:00+00:00
[2026-07-01T09:10:41.671+0000] {processor.py:208} INFO - Processing /home/airflow/.local/lib/python3.12/site-packages/airflow/example_dags/example_branch_operator.py took 0.061 seconds
[2026-07-01T09:11:11.960+0000] {processor.py:186} INFO - Started process (PID=279) to work on /home/airflow/.local/lib/python3.12/site-packages/airflow/example_dags/example_branch_operator.py
[2026-07-01T09:11:11.961+0000] {processor.py:914} INFO - Processing file /home/airflow/.local/lib/python3.12/site-packages/airflow/example_dags/example_branch_operator.py for tasks to queue
[2026-07-01T09:11:11.963+0000] {logging_mixin.py:190} INFO - [2026-07-01T09:11:11.963+0000] {dagbag.py:587} INFO - Filling up the DagBag from /home/airflow/.local/lib/python3.12/site-packages/airflow/example_dags/example_branch_operator.py
[2026-07-01T09:11:11.974+0000] {processor.py:925} INFO - DAG(s) 'example_branch_operator' retrieved from /home/airflow/.local/lib/python3.12/site-packages/airflow/example_dags/example_branch_operator.py
[2026-07-01T09:11:11.992+0000] {logging_mixin.py:190} INFO - [2026-07-01T09:11:11.992+0000] {dag.py:3211} INFO - Sync 1 DAGs
[2026-07-01T09:11:12.006+0000] {logging_mixin.py:190} INFO - [2026-07-01T09:11:12.006+0000] {dag.py:4138} INFO - Setting next_dagrun for example_branch_operator to 2026-06-30 00:00:00+00:00, run_after=2026-07-01 00:00:00+00:00
[2026-07-01T09:11:12.018+0000] {processor.py:208} INFO - Processing /home/airflow/.local/lib/python3.12/site-packages/airflow/example_dags/example_branch_operator.py took 0.062 seconds
[2026-07-01T09:11:42.282+0000] {processor.py:186} INFO - Started process (PID=341) to work on /home/airflow/.local/lib/python3.12/site-packages/airflow/example_dags/example_branch_operator.py
[2026-07-01T09:11:42.283+0000] {processor.py:914} INFO - Processing file /home/airflow/.local/lib/python3.12/site-packages/airflow/example_dags/example_branch_operator.py for tasks to queue
[2026-07-01T09:11:42.287+0000] {logging_mixin.py:190} INFO - [2026-07-01T09:11:42.286+0000] {dagbag.py:587} INFO - Filling up the DagBag from /home/airflow/.local/lib/python3.12/site-packages/airflow/example_dags/example_branch_operator.py
[2026-07-01T09:11:42.307+0000] {processor.py:925} INFO - DAG(s) 'example_branch_operator' retrieved from /home/airflow/.local/lib/python3.12/site-packages/airflow/example_dags/example_branch_operator.py
[2026-07-01T09:11:42.337+0000] {logging_mixin.py:190} INFO - [2026-07-01T09:11:42.337+0000] {dag.py:3211} INFO - Sync 1 DAGs
[2026-07-01T09:11:42.363+0000] {logging_mixin.py:190} INFO - [2026-07-01T09:11:42.362+0000] {dag.py:4138} INFO - Setting next_dagrun for example_branch_operator to 2026-06-30 00:00:00+00:00, run_after=2026-07-01 00:00:00+00:00
[2026-07-01T09:11:42.381+0000] {processor.py:208} INFO - Processing /home/airflow/.local/lib/python3.12/site-packages/airflow/example_dags/example_branch_operator.py took 0.107 seconds
[2026-07-01T09:12:12.664+0000] {processor.py:186} INFO - Started process (PID=403) to work on /home/airflow/.local/lib/python3.12/site-packages/airflow/example_dags/example_branch_operator.py
[2026-07-01T09:12:12.666+0000] {processor.py:914} INFO - Processing file /home/airflow/.local/lib/python3.12/site-packages/airflow/example_dags/example_branch_operator.py for tasks to queue
[2026-07-01T09:12:12.668+0000] {logging_mixin.py:190} INFO - [2026-07-01T09:12:12.668+0000] {dagbag.py:587} INFO - Filling up the DagBag from /home/airflow/.local/lib/python3.12/site-packages/airflow/example_dags/example_branch_operator.py
[2026-07-01T09:12:12.681+0000] {processor.py:925} INFO - DAG(s) 'example_branch_operator' retrieved from /home/airflow/.local/lib/python3.12/site-packages/airflow/example_dags/example_branch_operator.py
[2026-07-01T09:12:12.701+0000] {logging_mixin.py:190} INFO - [2026-07-01T09:12:12.701+0000] {dag.py:3211} INFO - Sync 1 DAGs
[2026-07-01T09:12:12.718+0000] {logging_mixin.py:190} INFO - [2026-07-01T09:12:12.718+0000] {dag.py:4138} INFO - Setting next_dagrun for example_branch_operator to 2026-06-30 00:00:00+00:00, run_after=2026-07-01 00:00:00+00:00
[2026-07-01T09:12:12.732+0000] {processor.py:208} INFO - Processing /home/airflow/.local/lib/python3.12/site-packages/airflow/example_dags/example_branch_operator.py took 0.072 seconds
[2026-07-01T09:12:43.187+0000] {processor.py:186} INFO - Started process (PID=465) to work on /home/airflow/.local/lib/python3.12/site-packages/airflow/example_dags/example_branch_operator.py
[2026-07-01T09:12:43.188+0000] {processor.py:914} INFO - Processing file /home/airflow/.local/lib/python3.12/site-packages/airflow/example_dags/example_branch_operator.py for tasks to queue
[2026-07-01T09:12:43.190+0000] {logging_mixin.py:190} INFO - [2026-07-01T09:12:43.190+0000] {dagbag.py:587} INFO - Filling up the DagBag from /home/airflow/.local/lib/python3.12/site-packages/airflow/example_dags/example_branch_operator.py
[2026-07-01T09:12:43.203+0000] {processor.py:925} INFO - DAG(s) 'example_branch_operator' retrieved from /home/airflow/.local/lib/python3.12/site-packages/airflow/example_dags/example_branch_operator.py
[2026-07-01T09:12:43.224+0000] {logging_mixin.py:190} INFO - [2026-07-01T09:12:43.224+0000] {dag.py:3211} INFO - Sync 1 DAGs
[2026-07-01T09:12:43.240+0000] {logging_mixin.py:190} INFO - [2026-07-01T09:12:43.240+0000] {dag.py:4138} INFO - Setting next_dagrun for example_branch_operator to 2026-06-30 00:00:00+00:00, run_after=2026-07-01 00:00:00+00:00
[2026-07-01T09:12:43.254+0000] {processor.py:208} INFO - Processing /home/airflow/.local/lib/python3.12/site-packages/airflow/example_dags/example_branch_operator.py took 0.073 seconds
[2026-07-01T09:13:13.582+0000] {processor.py:186} INFO - Started process (PID=527) to work on /home/airflow/.local/lib/python3.12/site-packages/airflow/example_dags/example_branch_operator.py
[2026-07-01T09:13:13.583+0000] {processor.py:914} INFO - Processing file /home/airflow/.local/lib/python3.12/site-packages/airflow/example_dags/example_branch_operator.py for tasks to queue
[2026-07-01T09:13:13.585+0000] {logging_mixin.py:190} INFO - [2026-07-01T09:13:13.585+0000] {dagbag.py:587} INFO - Filling up the DagBag from /home/airflow/.local/lib/python3.12/site-packages/airflow/example_dags/example_branch_operator.py
[2026-07-01T09:13:13.597+0000] {processor.py:925} INFO - DAG(s) 'example_branch_operator' retrieved from /home/airflow/.local/lib/python3.12/site-packages/airflow/example_dags/example_branch_operator.py
[2026-07-01T09:13:13.616+0000] {logging_mixin.py:190} INFO - [2026-07-01T09:13:13.616+0000] {dag.py:3211} INFO - Sync 1 DAGs
[2026-07-01T09:13:13.632+0000] {logging_mixin.py:190} INFO - [2026-07-01T09:13:13.632+0000] {dag.py:4138} INFO - Setting next_dagrun for example_branch_operator to 2026-06-30 00:00:00+00:00, run_after=2026-07-01 00:00:00+00:00
[2026-07-01T09:13:13.644+0000] {processor.py:208} INFO - Processing /home/airflow/.local/lib/python3.12/site-packages/airflow/example_dags/example_branch_operator.py took 0.067 seconds
[2026-07-01T09:13:44.532+0000] {processor.py:186} INFO - Started process (PID=589) to work on /home/airflow/.local/lib/python3.12/site-packages/airflow/example_dags/example_branch_operator.py
[2026-07-01T09:13:44.533+0000] {processor.py:914} INFO - Processing file /home/airflow/.local/lib/python3.12/site-packages/airflow/example_dags/example_branch_operator.py for tasks to queue
[2026-07-01T09:13:44.535+0000] {logging_mixin.py:190} INFO - [2026-07-01T09:13:44.535+0000] {dagbag.py:587} INFO - Filling up the DagBag from /home/airflow/.local/lib/python3.12/site-packages/airflow/example_dags/example_branch_operator.py
[2026-07-01T09:13:44.547+0000] {processor.py:925} INFO - DAG(s) 'example_branch_operator' retrieved from /home/airflow/.local/lib/python3.12/site-packages/airflow/example_dags/example_branch_operator.py
[2026-07-01T09:13:44.566+0000] {logging_mixin.py:190} INFO - [2026-07-01T09:13:44.565+0000] {dag.py:3211} INFO - Sync 1 DAGs
[2026-07-01T09:13:44.585+0000] {logging_mixin.py:190} INFO - [2026-07-01T09:13:44.585+0000] {dag.py:4138} INFO - Setting next_dagrun for example_branch_operator to 2026-06-30 00:00:00+00:00, run_after=2026-07-01 00:00:00+00:00
[2026-07-01T09:13:44.599+0000] {processor.py:208} INFO - Processing /home/airflow/.local/lib/python3.12/site-packages/airflow/example_dags/example_branch_operator.py took 0.071 seconds
[2026-07-01T09:14:15.609+0000] {processor.py:186} INFO - Started process (PID=651) to work on /home/airflow/.local/lib/python3.12/site-packages/airflow/example_dags/example_branch_operator.py
[2026-07-01T09:14:15.611+0000] {processor.py:914} INFO - Processing file /home/airflow/.local/lib/python3.12/site-packages/airflow/example_dags/example_branch_operator.py for tasks to queue
[2026-07-01T09:14:15.613+0000] {logging_mixin.py:190} INFO - [2026-07-01T09:14:15.613+0000] {dagbag.py:587} INFO - Filling up the DagBag from /home/airflow/.local/lib/python3.12/site-packages/airflow/example_dags/example_branch_operator.py
[2026-07-01T09:14:15.629+0000] {processor.py:925} INFO - DAG(s) 'example_branch_operator' retrieved from /home/airflow/.local/lib/python3.12/site-packages/airflow/example_dags/example_branch_operator.py
[2026-07-01T09:14:15.650+0000] {logging_mixin.py:190} INFO - [2026-07-01T09:14:15.650+0000] {dag.py:3211} INFO - Sync 1 DAGs
[2026-07-01T09:14:15.667+0000] {logging_mixin.py:190} INFO - [2026-07-01T09:14:15.666+0000] {dag.py:4138} INFO - Setting next_dagrun for example_branch_operator to 2026-06-30 00:00:00+00:00, run_after=2026-07-01 00:00:00+00:00
[2026-07-01T09:14:15.680+0000] {processor.py:208} INFO - Processing /home/airflow/.local/lib/python3.12/site-packages/airflow/example_dags/example_branch_operator.py took 0.075 seconds
[2026-07-01T09:14:45.911+0000] {processor.py:186} INFO - Started process (PID=713) to work on /home/airflow/.local/lib/python3.12/site-packages/airflow/example_dags/example_branch_operator.py
[2026-07-01T09:14:45.911+0000] {processor.py:914} INFO - Processing file /home/airflow/.local/lib/python3.12/site-packages/airflow/example_dags/example_branch_operator.py for tasks to queue
[2026-07-01T09:14:45.913+0000] {logging_mixin.py:190} INFO - [2026-07-01T09:14:45.913+0000] {dagbag.py:587} INFO - Filling up the DagBag from /home/airflow/.local/lib/python3.12/site-packages/airflow/example_dags/example_branch_operator.py
[2026-07-01T09:14:45.925+0000] {processor.py:925} INFO - DAG(s) 'example_branch_operator' retrieved from /home/airflow/.local/lib/python3.12/site-packages/airflow/example_dags/example_branch_operator.py
[2026-07-01T09:14:45.943+0000] {logging_mixin.py:190} INFO - [2026-07-01T09:14:45.943+0000] {dag.py:3211} INFO - Sync 1 DAGs
[2026-07-01T09:14:45.958+0000] {logging_mixin.py:190} INFO - [2026-07-01T09:14:45.958+0000] {dag.py:4138} INFO - Setting next_dagrun for example_branch_operator to 2026-06-30 00:00:00+00:00, run_after=2026-07-01 00:00:00+00:00
[2026-07-01T09:14:45.972+0000] {processor.py:208} INFO - Processing /home/airflow/.local/lib/python3.12/site-packages/airflow/example_dags/example_branch_operator.py took 0.066 seconds
[2026-07-01T09:15:16.744+0000] {processor.py:186} INFO - Started process (PID=775) to work on /home/airflow/.local/lib/python3.12/site-packages/airflow/example_dags/example_branch_operator.py
[2026-07-01T09:15:16.744+0000] {processor.py:914} INFO - Processing file /home/airflow/.local/lib/python3.12/site-packages/airflow/example_dags/example_branch_operator.py for tasks to queue
[2026-07-01T09:15:16.746+0000] {logging_mixin.py:190} INFO - [2026-07-01T09:15:16.746+0000] {dagbag.py:587} INFO - Filling up the DagBag from /home/airflow/.local/lib/python3.12/site-packages/airflow/example_dags/example_branch_operator.py
[2026-07-01T09:15:16.758+0000] {processor.py:925} INFO - DAG(s) 'example_branch_operator' retrieved from /home/airflow/.local/lib/python3.12/site-packages/airflow/example_dags/example_branch_operator.py
[2026-07-01T09:15:16.777+0000] {logging_mixin.py:190} INFO - [2026-07-01T09:15:16.777+0000] {dag.py:3211} INFO - Sync 1 DAGs
[2026-07-01T09:15:16.793+0000] {logging_mixin.py:190} INFO - [2026-07-01T09:15:16.793+0000] {dag.py:4138} INFO - Setting next_dagrun for example_branch_operator to 2026-06-30 00:00:00+00:00, run_after=2026-07-01 00:00:00+00:00
[2026-07-01T09:15:16.805+0000] {processor.py:208} INFO - Processing /home/airflow/.local/lib/python3.12/site-packages/airflow/example_dags/example_branch_operator.py took 0.066 seconds
[2026-07-01T09:15:47.686+0000] {processor.py:186} INFO - Started process (PID=837) to work on /home/airflow/.local/lib/python3.12/site-packages/airflow/example_dags/example_branch_operator.py
[2026-07-01T09:15:47.686+0000] {processor.py:914} INFO - Processing file /home/airflow/.local/lib/python3.12/site-packages/airflow/example_dags/example_branch_operator.py for tasks to queue
[2026-07-01T09:15:47.688+0000] {logging_mixin.py:190} INFO - [2026-07-01T09:15:47.688+0000] {dagbag.py:587} INFO - Filling up the DagBag from /home/airflow/.local/lib/python3.12/site-packages/airflow/example_dags/example_branch_operator.py
[2026-07-01T09:15:47.700+0000] {processor.py:925} INFO - DAG(s) 'example_branch_operator' retrieved from /home/airflow/.local/lib/python3.12/site-packages/airflow/example_dags/example_branch_operator.py
[2026-07-01T09:15:47.718+0000] {logging_mixin.py:190} INFO - [2026-07-01T09:15:47.718+0000] {dag.py:3211} INFO - Sync 1 DAGs
[2026-07-01T09:15:47.735+0000] {logging_mixin.py:190} INFO - [2026-07-01T09:15:47.735+0000] {dag.py:4138} INFO - Setting next_dagrun for example_branch_operator to 2026-06-30 00:00:00+00:00, run_after=2026-07-01 00:00:00+00:00
[2026-07-01T09:15:47.747+0000] {processor.py:208} INFO - Processing /home/airflow/.local/lib/python3.12/site-packages/airflow/example_dags/example_branch_operator.py took 0.066 seconds
[2026-07-01T09:16:18.000+0000] {processor.py:186} INFO - Started process (PID=899) to work on /home/airflow/.local/lib/python3.12/site-packages/airflow/example_dags/example_branch_operator.py
[2026-07-01T09:16:18.001+0000] {processor.py:914} INFO - Processing file /home/airflow/.local/lib/python3.12/site-packages/airflow/example_dags/example_branch_operator.py for tasks to queue
[2026-07-01T09:16:18.003+0000] {logging_mixin.py:190} INFO - [2026-07-01T09:16:18.003+0000] {dagbag.py:587} INFO - Filling up the DagBag from /home/airflow/.local/lib/python3.12/site-packages/airflow/example_dags/example_branch_operator.py
[2026-07-01T09:16:18.015+0000] {processor.py:925} INFO - DAG(s) 'example_branch_operator' retrieved from /home/airflow/.local/lib/python3.12/site-packages/airflow/example_dags/example_branch_operator.py
[2026-07-01T09:16:18.033+0000] {logging_mixin.py:190} INFO - [2026-07-01T09:16:18.033+0000] {dag.py:3211} INFO - Sync 1 DAGs
[2026-07-01T09:16:18.048+0000] {logging_mixin.py:190} INFO - [2026-07-01T09:16:18.048+0000] {dag.py:4138} INFO - Setting next_dagrun for example_branch_operator to 2026-06-30 00:00:00+00:00, run_after=2026-07-01 00:00:00+00:00
[2026-07-01T09:16:18.062+0000] {processor.py:208} INFO - Processing /home/airflow/.local/lib/python3.12/site-packages/airflow/example_dags/example_branch_operator.py took 0.066 seconds
[2026-07-01T09:16:48.163+0000] {processor.py:186} INFO - Started process (PID=961) to work on /home/airflow/.local/lib/python3.12/site-packages/airflow/example_dags/example_branch_operator.py
[2026-07-01T09:16:48.164+0000] {processor.py:914} INFO - Processing file /home/airflow/.local/lib/python3.12/site-packages/airflow/example_dags/example_branch_operator.py for tasks to queue
[2026-07-01T09:16:48.166+0000] {logging_mixin.py:190} INFO - [2026-07-01T09:16:48.165+0000] {dagbag.py:587} INFO - Filling up the DagBag from /home/airflow/.local/lib/python3.12/site-packages/airflow/example_dags/example_branch_operator.py
[2026-07-01T09:16:48.177+0000] {processor.py:925} INFO - DAG(s) 'example_branch_operator' retrieved from /home/airflow/.local/lib/python3.12/site-packages/airflow/example_dags/example_branch_operator.py
[2026-07-01T09:16:48.197+0000] {logging_mixin.py:190} INFO - [2026-07-01T09:16:48.197+0000] {dag.py:3211} INFO - Sync 1 DAGs
[2026-07-01T09:16:48.213+0000] {logging_mixin.py:190} INFO - [2026-07-01T09:16:48.213+0000] {dag.py:4138} INFO - Setting next_dagrun for example_branch_operator to 2026-06-30 00:00:00+00:00, run_after=2026-07-01 00:00:00+00:00
[2026-07-01T09:16:48.225+0000] {processor.py:208} INFO - Processing /home/airflow/.local/lib/python3.12/site-packages/airflow/example_dags/example_branch_operator.py took 0.067 seconds
[2026-07-01T09:17:18.645+0000] {processor.py:186} INFO - Started process (PID=1023) to work on /home/airflow/.local/lib/python3.12/site-packages/airflow/example_dags/example_branch_operator.py
[2026-07-01T09:17:18.647+0000] {processor.py:914} INFO - Processing file /home/airflow/.local/lib/python3.12/site-packages/airflow/example_dags/example_branch_operator.py for tasks to queue
[2026-07-01T09:17:18.649+0000] {logging_mixin.py:190} INFO - [2026-07-01T09:17:18.649+0000] {dagbag.py:587} INFO - Filling up the DagBag from /home/airflow/.local/lib/python3.12/site-packages/airflow/example_dags/example_branch_operator.py
[2026-07-01T09:17:18.664+0000] {processor.py:925} INFO - DAG(s) 'example_branch_operator' retrieved from /home/airflow/.local/lib/python3.12/site-packages/airflow/example_dags/example_branch_operator.py
[2026-07-01T09:17:18.688+0000] {logging_mixin.py:190} INFO - [2026-07-01T09:17:18.688+0000] {dag.py:3211} INFO - Sync 1 DAGs
[2026-07-01T09:17:18.709+0000] {logging_mixin.py:190} INFO - [2026-07-01T09:17:18.709+0000] {dag.py:4138} INFO - Setting next_dagrun for example_branch_operator to 2026-06-30 00:00:00+00:00, run_after=2026-07-01 00:00:00+00:00
[2026-07-01T09:17:18.729+0000] {processor.py:208} INFO - Processing /home/airflow/.local/lib/python3.12/site-packages/airflow/example_dags/example_branch_operator.py took 0.089 seconds
[2026-07-01T09:17:48.932+0000] {processor.py:186} INFO - Started process (PID=1085) to work on /home/airflow/.local/lib/python3.12/site-packages/airflow/example_dags/example_branch_operator.py
[2026-07-01T09:17:48.933+0000] {processor.py:914} INFO - Processing file /home/airflow/.local/lib/python3.12/site-packages/airflow/example_dags/example_branch_operator.py for tasks to queue
[2026-07-01T09:17:48.935+0000] {logging_mixin.py:190} INFO - [2026-07-01T09:17:48.935+0000] {dagbag.py:587} INFO - Filling up the DagBag from /home/airflow/.local/lib/python3.12/site-packages/airflow/example_dags/example_branch_operator.py
[2026-07-01T09:17:48.947+0000] {processor.py:925} INFO - DAG(s) 'example_branch_operator' retrieved from /home/airflow/.local/lib/python3.12/site-packages/airflow/example_dags/example_branch_operator.py
[2026-07-01T09:17:48.966+0000] {logging_mixin.py:190} INFO - [2026-07-01T09:17:48.966+0000] {dag.py:3211} INFO - Sync 1 DAGs
[2026-07-01T09:17:48.985+0000] {logging_mixin.py:190} INFO - [2026-07-01T09:17:48.985+0000] {dag.py:4138} INFO - Setting next_dagrun for example_branch_operator to 2026-06-30 00:00:00+00:00, run_after=2026-07-01 00:00:00+00:00
[2026-07-01T09:17:48.997+0000] {processor.py:208} INFO - Processing /home/airflow/.local/lib/python3.12/site-packages/airflow/example_dags/example_branch_operator.py took 0.069 seconds
[2026-07-01T09:18:19.330+0000] {processor.py:186} INFO - Started process (PID=1147) to work on /home/airflow/.local/lib/python3.12/site-packages/airflow/example_dags/example_branch_operator.py
[2026-07-01T09:18:19.331+0000] {processor.py:914} INFO - Processing file /home/airflow/.local/lib/python3.12/site-packages/airflow/example_dags/example_branch_operator.py for tasks to queue
[2026-07-01T09:18:19.333+0000] {logging_mixin.py:190} INFO - [2026-07-01T09:18:19.333+0000] {dagbag.py:587} INFO - Filling up the DagBag from /home/airflow/.local/lib/python3.12/site-packages/airflow/example_dags/example_branch_operator.py
[2026-07-01T09:18:19.346+0000] {processor.py:925} INFO - DAG(s) 'example_branch_operator' retrieved from /home/airflow/.local/lib/python3.12/site-packages/airflow/example_dags/example_branch_operator.py
[2026-07-01T09:18:19.366+0000] {logging_mixin.py:190} INFO - [2026-07-01T09:18:19.366+0000] {dag.py:3211} INFO - Sync 1 DAGs
[2026-07-01T09:18:19.382+0000] {logging_mixin.py:190} INFO - [2026-07-01T09:18:19.382+0000] {dag.py:4138} INFO - Setting next_dagrun for example_branch_operator to 2026-06-30 00:00:00+00:00, run_after=2026-07-01 00:00:00+00:00
[2026-07-01T09:18:19.396+0000] {processor.py:208} INFO - Processing /home/airflow/.local/lib/python3.12/site-packages/airflow/example_dags/example_branch_operator.py took 0.071 seconds
[2026-07-01T09:18:50.391+0000] {processor.py:186} INFO - Started process (PID=1209) to work on /home/airflow/.local/lib/python3.12/site-packages/airflow/example_dags/example_branch_operator.py
[2026-07-01T09:18:50.392+0000] {processor.py:914} INFO - Processing file /home/airflow/.local/lib/python3.12/site-packages/airflow/example_dags/example_branch_operator.py for tasks to queue
[2026-07-01T09:18:50.394+0000] {logging_mixin.py:190} INFO - [2026-07-01T09:18:50.394+0000] {dagbag.py:587} INFO - Filling up the DagBag from /home/airflow/.local/lib/python3.12/site-packages/airflow/example_dags/example_branch_operator.py
[2026-07-01T09:18:50.405+0000] {processor.py:925} INFO - DAG(s) 'example_branch_operator' retrieved from /home/airflow/.local/lib/python3.12/site-packages/airflow/example_dags/example_branch_operator.py
[2026-07-01T09:18:50.424+0000] {logging_mixin.py:190} INFO - [2026-07-01T09:18:50.424+0000] {dag.py:3211} INFO - Sync 1 DAGs
[2026-07-01T09:18:50.440+0000] {logging_mixin.py:190} INFO - [2026-07-01T09:18:50.440+0000] {dag.py:4138} INFO - Setting next_dagrun for example_branch_operator to 2026-06-30 00:00:00+00:00, run_after=2026-07-01 00:00:00+00:00
[2026-07-01T09:18:50.472+0000] {processor.py:208} INFO - Processing /home/airflow/.local/lib/python3.12/site-packages/airflow/example_dags/example_branch_operator.py took 0.085 seconds
[2026-07-01T09:19:21.168+0000] {processor.py:186} INFO - Started process (PID=1271) to work on /home/airflow/.local/lib/python3.12/site-packages/airflow/example_dags/example_branch_operator.py
[2026-07-01T09:19:21.169+0000] {processor.py:914} INFO - Processing file /home/airflow/.local/lib/python3.12/site-packages/airflow/example_dags/example_branch_operator.py for tasks to queue
[2026-07-01T09:19:21.171+0000] {logging_mixin.py:190} INFO - [2026-07-01T09:19:21.171+0000] {dagbag.py:587} INFO - Filling up the DagBag from /home/airflow/.local/lib/python3.12/site-packages/airflow/example_dags/example_branch_operator.py
[2026-07-01T09:19:21.182+0000] {processor.py:925} INFO - DAG(s) 'example_branch_operator' retrieved from /home/airflow/.local/lib/python3.12/site-packages/airflow/example_dags/example_branch_operator.py
[2026-07-01T09:19:21.202+0000] {logging_mixin.py:190} INFO - [2026-07-01T09:19:21.202+0000] {dag.py:3211} INFO - Sync 1 DAGs
[2026-07-01T09:19:21.217+0000] {logging_mixin.py:190} INFO - [2026-07-01T09:19:21.217+0000] {dag.py:4138} INFO - Setting next_dagrun for example_branch_operator to 2026-06-30 00:00:00+00:00, run_after=2026-07-01 00:00:00+00:00
[2026-07-01T09:19:21.230+0000] {processor.py:208} INFO - Processing /home/airflow/.local/lib/python3.12/site-packages/airflow/example_dags/example_branch_operator.py took 0.067 seconds
[2026-07-01T09:19:51.911+0000] {processor.py:186} INFO - Started process (PID=1333) to work on /home/airflow/.local/lib/python3.12/site-packages/airflow/example_dags/example_branch_operator.py
[2026-07-01T09:19:51.912+0000] {processor.py:914} INFO - Processing file /home/airflow/.local/lib/python3.12/site-packages/airflow/example_dags/example_branch_operator.py for tasks to queue
[2026-07-01T09:19:51.914+0000] {logging_mixin.py:190} INFO - [2026-07-01T09:19:51.914+0000] {dagbag.py:587} INFO - Filling up the DagBag from /home/airflow/.local/lib/python3.12/site-packages/airflow/example_dags/example_branch_operator.py
[2026-07-01T09:19:51.927+0000] {processor.py:925} INFO - DAG(s) 'example_branch_operator' retrieved from /home/airflow/.local/lib/python3.12/site-packages/airflow/example_dags/example_branch_operator.py
[2026-07-01T09:19:51.949+0000] {logging_mixin.py:190} INFO - [2026-07-01T09:19:51.948+0000] {dag.py:3211} INFO - Sync 1 DAGs
[2026-07-01T09:19:51.970+0000] {logging_mixin.py:190} INFO - [2026-07-01T09:19:51.970+0000] {dag.py:4138} INFO - Setting next_dagrun for example_branch_operator to 2026-06-30 00:00:00+00:00, run_after=2026-07-01 00:00:00+00:00
[2026-07-01T09:19:51.988+0000] {processor.py:208} INFO - Processing /home/airflow/.local/lib/python3.12/site-packages/airflow/example_dags/example_branch_operator.py took 0.082 seconds
[2026-07-01T09:20:22.581+0000] {processor.py:186} INFO - Started process (PID=1395) to work on /home/airflow/.local/lib/python3.12/site-packages/airflow/example_dags/example_branch_operator.py
[2026-07-01T09:20:22.583+0000] {processor.py:914} INFO - Processing file /home/airflow/.local/lib/python3.12/site-packages/airflow/example_dags/example_branch_operator.py for tasks to queue
[2026-07-01T09:20:22.585+0000] {logging_mixin.py:190} INFO - [2026-07-01T09:20:22.584+0000] {dagbag.py:587} INFO - Filling up the DagBag from /home/airflow/.local/lib/python3.12/site-packages/airflow/example_dags/example_branch_operator.py
[2026-07-01T09:20:22.596+0000] {processor.py:925} INFO - DAG(s) 'example_branch_operator' retrieved from /home/airflow/.local/lib/python3.12/site-packages/airflow/example_dags/example_branch_operator.py
[2026-07-01T09:20:22.616+0000] {logging_mixin.py:190} INFO - [2026-07-01T09:20:22.616+0000] {dag.py:3211} INFO - Sync 1 DAGs
[2026-07-01T09:20:22.634+0000] {logging_mixin.py:190} INFO - [2026-07-01T09:20:22.634+0000] {dag.py:4138} INFO - Setting next_dagrun for example_branch_operator to 2026-06-30 00:00:00+00:00, run_after=2026-07-01 00:00:00+00:00
[2026-07-01T09:20:22.649+0000] {processor.py:208} INFO - Processing /home/airflow/.local/lib/python3.12/site-packages/airflow/example_dags/example_branch_operator.py took 0.072 seconds
[2026-07-01T09:20:53.451+0000] {processor.py:186} INFO - Started process (PID=1457) to work on /home/airflow/.local/lib/python3.12/site-packages/airflow/example_dags/example_branch_operator.py
[2026-07-01T09:20:53.452+0000] {processor.py:914} INFO - Processing file /home/airflow/.local/lib/python3.12/site-packages/airflow/example_dags/example_branch_operator.py for tasks to queue
[2026-07-01T09:20:53.454+0000] {logging_mixin.py:190} INFO - [2026-07-01T09:20:53.454+0000] {dagbag.py:587} INFO - Filling up the DagBag from /home/airflow/.local/lib/python3.12/site-packages/airflow/example_dags/example_branch_operator.py
[2026-07-01T09:20:53.466+0000] {processor.py:925} INFO - DAG(s) 'example_branch_operator' retrieved from /home/airflow/.local/lib/python3.12/site-packages/airflow/example_dags/example_branch_operator.py
[2026-07-01T09:20:53.486+0000] {logging_mixin.py:190} INFO - [2026-07-01T09:20:53.486+0000] {dag.py:3211} INFO - Sync 1 DAGs
[2026-07-01T09:20:53.504+0000] {logging_mixin.py:190} INFO - [2026-07-01T09:20:53.504+0000] {dag.py:4138} INFO - Setting next_dagrun for example_branch_operator to 2026-06-30 00:00:00+00:00, run_after=2026-07-01 00:00:00+00:00
[2026-07-01T09:20:53.518+0000] {processor.py:208} INFO - Processing /home/airflow/.local/lib/python3.12/site-packages/airflow/example_dags/example_branch_operator.py took 0.071 seconds
[2026-07-01T09:21:23.615+0000] {processor.py:186} INFO - Started process (PID=1519) to work on /home/airflow/.local/lib/python3.12/site-packages/airflow/example_dags/example_branch_operator.py
[2026-07-01T09:21:23.616+0000] {processor.py:914} INFO - Processing file /home/airflow/.local/lib/python3.12/site-packages/airflow/example_dags/example_branch_operator.py for tasks to queue
[2026-07-01T09:21:23.617+0000] {logging_mixin.py:190} INFO - [2026-07-01T09:21:23.617+0000] {dagbag.py:587} INFO - Filling up the DagBag from /home/airflow/.local/lib/python3.12/site-packages/airflow/example_dags/example_branch_operator.py
[2026-07-01T09:21:23.628+0000] {processor.py:925} INFO - DAG(s) 'example_branch_operator' retrieved from /home/airflow/.local/lib/python3.12/site-packages/airflow/example_dags/example_branch_operator.py
[2026-07-01T09:21:23.646+0000] {logging_mixin.py:190} INFO - [2026-07-01T09:21:23.646+0000] {dag.py:3211} INFO - Sync 1 DAGs
[2026-07-01T09:21:23.663+0000] {logging_mixin.py:190} INFO - [2026-07-01T09:21:23.663+0000] {dag.py:4138} INFO - Setting next_dagrun for example_branch_operator to 2026-06-30 00:00:00+00:00, run_after=2026-07-01 00:00:00+00:00
[2026-07-01T09:21:23.675+0000] {processor.py:208} INFO - Processing /home/airflow/.local/lib/python3.12/site-packages/airflow/example_dags/example_branch_operator.py took 0.064 seconds
[2026-07-01T09:21:53.874+0000] {processor.py:186} INFO - Started process (PID=1581) to work on /home/airflow/.local/lib/python3.12/site-packages/airflow/example_dags/example_branch_operator.py
[2026-07-01T09:21:53.876+0000] {processor.py:914} INFO - Processing file /home/airflow/.local/lib/python3.12/site-packages/airflow/example_dags/example_branch_operator.py for tasks to queue
[2026-07-01T09:21:53.878+0000] {logging_mixin.py:190} INFO - [2026-07-01T09:21:53.877+0000] {dagbag.py:587} INFO - Filling up the DagBag from /home/airflow/.local/lib/python3.12/site-packages/airflow/example_dags/example_branch_operator.py
[2026-07-01T09:21:53.898+0000] {processor.py:925} INFO - DAG(s) 'example_branch_operator' retrieved from /home/airflow/.local/lib/python3.12/site-packages/airflow/example_dags/example_branch_operator.py
[2026-07-01T09:21:53.920+0000] {logging_mixin.py:190} INFO - [2026-07-01T09:21:53.920+0000] {dag.py:3211} INFO - Sync 1 DAGs
[2026-07-01T09:21:53.940+0000] {logging_mixin.py:190} INFO - [2026-07-01T09:21:53.939+0000] {dag.py:4138} INFO - Setting next_dagrun for example_branch_operator to 2026-06-30 00:00:00+00:00, run_after=2026-07-01 00:00:00+00:00
[2026-07-01T09:21:53.960+0000] {processor.py:208} INFO - Processing /home/airflow/.local/lib/python3.12/site-packages/airflow/example_dags/example_branch_operator.py took 0.094 seconds
[2026-07-01T09:22:24.243+0000] {processor.py:186} INFO - Started process (PID=1643) to work on /home/airflow/.local/lib/python3.12/site-packages/airflow/example_dags/example_branch_operator.py
[2026-07-01T09:22:24.244+0000] {processor.py:914} INFO - Processing file /home/airflow/.local/lib/python3.12/site-packages/airflow/example_dags/example_branch_operator.py for tasks to queue
[2026-07-01T09:22:24.245+0000] {logging_mixin.py:190} INFO - [2026-07-01T09:22:24.245+0000] {dagbag.py:587} INFO - Filling up the DagBag from /home/airflow/.local/lib/python3.12/site-packages/airflow/example_dags/example_branch_operator.py
[2026-07-01T09:22:24.257+0000] {processor.py:925} INFO - DAG(s) 'example_branch_operator' retrieved from /home/airflow/.local/lib/python3.12/site-packages/airflow/example_dags/example_branch_operator.py
[2026-07-01T09:22:24.275+0000] {logging_mixin.py:190} INFO - [2026-07-01T09:22:24.275+0000] {dag.py:3211} INFO - Sync 1 DAGs
[2026-07-01T09:22:24.290+0000] {logging_mixin.py:190} INFO - [2026-07-01T09:22:24.290+0000] {dag.py:4138} INFO - Setting next_dagrun for example_branch_operator to 2026-06-30 00:00:00+00:00, run_after=2026-07-01 00:00:00+00:00
[2026-07-01T09:22:24.303+0000] {processor.py:208} INFO - Processing /home/airflow/.local/lib/python3.12/site-packages/airflow/example_dags/example_branch_operator.py took 0.065 seconds
[2026-07-01T09:22:55.197+0000] {processor.py:186} INFO - Started process (PID=1705) to work on /home/airflow/.local/lib/python3.12/site-packages/airflow/example_dags/example_branch_operator.py
[2026-07-01T09:22:55.198+0000] {processor.py:914} INFO - Processing file /home/airflow/.local/lib/python3.12/site-packages/airflow/example_dags/example_branch_operator.py for tasks to queue
[2026-07-01T09:22:55.201+0000] {logging_mixin.py:190} INFO - [2026-07-01T09:22:55.201+0000] {dagbag.py:587} INFO - Filling up the DagBag from /home/airflow/.local/lib/python3.12/site-packages/airflow/example_dags/example_branch_operator.py
[2026-07-01T09:22:55.216+0000] {processor.py:925} INFO - DAG(s) 'example_branch_operator' retrieved from /home/airflow/.local/lib/python3.12/site-packages/airflow/example_dags/example_branch_operator.py
[2026-07-01T09:22:55.245+0000] {logging_mixin.py:190} INFO - [2026-07-01T09:22:55.244+0000] {dag.py:3211} INFO - Sync 1 DAGs
[2026-07-01T09:22:55.267+0000] {logging_mixin.py:190} INFO - [2026-07-01T09:22:55.267+0000] {dag.py:4138} INFO - Setting next_dagrun for example_branch_operator to 2026-06-30 00:00:00+00:00, run_after=2026-07-01 00:00:00+00:00
[2026-07-01T09:22:55.284+0000] {processor.py:208} INFO - Processing /home/airflow/.local/lib/python3.12/site-packages/airflow/example_dags/example_branch_operator.py took 0.092 seconds
[2026-07-01T09:23:25.443+0000] {processor.py:186} INFO - Started process (PID=1767) to work on /home/airflow/.local/lib/python3.12/site-packages/airflow/example_dags/example_branch_operator.py
[2026-07-01T09:23:25.444+0000] {processor.py:914} INFO - Processing file /home/airflow/.local/lib/python3.12/site-packages/airflow/example_dags/example_branch_operator.py for tasks to queue
[2026-07-01T09:23:25.446+0000] {logging_mixin.py:190} INFO - [2026-07-01T09:23:25.445+0000] {dagbag.py:587} INFO - Filling up the DagBag from /home/airflow/.local/lib/python3.12/site-packages/airflow/example_dags/example_branch_operator.py
[2026-07-01T09:23:25.457+0000] {processor.py:925} INFO - DAG(s) 'example_branch_operator' retrieved from /home/airflow/.local/lib/python3.12/site-packages/airflow/example_dags/example_branch_operator.py
[2026-07-01T09:23:25.474+0000] {logging_mixin.py:190} INFO - [2026-07-01T09:23:25.474+0000] {dag.py:3211} INFO - Sync 1 DAGs
[2026-07-01T09:23:25.488+0000] {logging_mixin.py:190} INFO - [2026-07-01T09:23:25.488+0000] {dag.py:4138} INFO - Setting next_dagrun for example_branch_operator to 2026-06-30 00:00:00+00:00, run_after=2026-07-01 00:00:00+00:00
[2026-07-01T09:23:25.502+0000] {processor.py:208} INFO - Processing /home/airflow/.local/lib/python3.12/site-packages/airflow/example_dags/example_branch_operator.py took 0.063 seconds
[2026-07-01T09:23:55.857+0000] {processor.py:186} INFO - Started process (PID=1829) to work on /home/airflow/.local/lib/python3.12/site-packages/airflow/example_dags/example_branch_operator.py
[2026-07-01T09:23:55.859+0000] {processor.py:914} INFO - Processing file /home/airflow/.local/lib/python3.12/site-packages/airflow/example_dags/example_branch_operator.py for tasks to queue
[2026-07-01T09:23:55.861+0000] {logging_mixin.py:190} INFO - [2026-07-01T09:23:55.861+0000] {dagbag.py:587} INFO - Filling up the DagBag from /home/airflow/.local/lib/python3.12/site-packages/airflow/example_dags/example_branch_operator.py
[2026-07-01T09:23:55.876+0000] {processor.py:925} INFO - DAG(s) 'example_branch_operator' retrieved from /home/airflow/.local/lib/python3.12/site-packages/airflow/example_dags/example_branch_operator.py
[2026-07-01T09:23:55.899+0000] {logging_mixin.py:190} INFO - [2026-07-01T09:23:55.899+0000] {dag.py:3211} INFO - Sync 1 DAGs
[2026-07-01T09:23:55.918+0000] {logging_mixin.py:190} INFO - [2026-07-01T09:23:55.918+0000] {dag.py:4138} INFO - Setting next_dagrun for example_branch_operator to 2026-06-30 00:00:00+00:00, run_after=2026-07-01 00:00:00+00:00
[2026-07-01T09:23:55.933+0000] {processor.py:208} INFO - Processing /home/airflow/.local/lib/python3.12/site-packages/airflow/example_dags/example_branch_operator.py took 0.081 seconds
[2026-07-01T09:24:26.177+0000] {processor.py:186} INFO - Started process (PID=1891) to work on /home/airflow/.local/lib/python3.12/site-packages/airflow/example_dags/example_branch_operator.py
[2026-07-01T09:24:26.178+0000] {processor.py:914} INFO - Processing file /home/airflow/.local/lib/python3.12/site-packages/airflow/example_dags/example_branch_operator.py for tasks to queue
[2026-07-01T09:24:26.180+0000] {logging_mixin.py:190} INFO - [2026-07-01T09:24:26.179+0000] {dagbag.py:587} INFO - Filling up the DagBag from /home/airflow/.local/lib/python3.12/site-packages/airflow/example_dags/example_branch_operator.py
[2026-07-01T09:24:26.192+0000] {processor.py:925} INFO - DAG(s) 'example_branch_operator' retrieved from /home/airflow/.local/lib/python3.12/site-packages/airflow/example_dags/example_branch_operator.py
[2026-07-01T09:24:26.212+0000] {logging_mixin.py:190} INFO - [2026-07-01T09:24:26.211+0000] {dag.py:3211} INFO - Sync 1 DAGs
[2026-07-01T09:24:26.228+0000] {logging_mixin.py:190} INFO - [2026-07-01T09:24:26.228+0000] {dag.py:4138} INFO - Setting next_dagrun for example_branch_operator to 2026-06-30 00:00:00+00:00, run_after=2026-07-01 00:00:00+00:00
[2026-07-01T09:24:26.239+0000] {processor.py:208} INFO - Processing /home/airflow/.local/lib/python3.12/site-packages/airflow/example_dags/example_branch_operator.py took 0.067 seconds
[2026-07-01T09:24:56.297+0000] {processor.py:186} INFO - Started process (PID=1953) to work on /home/airflow/.local/lib/python3.12/site-packages/airflow/example_dags/example_branch_operator.py
[2026-07-01T09:24:56.298+0000] {processor.py:914} INFO - Processing file /home/airflow/.local/lib/python3.12/site-packages/airflow/example_dags/example_branch_operator.py for tasks to queue
[2026-07-01T09:24:56.300+0000] {logging_mixin.py:190} INFO - [2026-07-01T09:24:56.300+0000] {dagbag.py:587} INFO - Filling up the DagBag from /home/airflow/.local/lib/python3.12/site-packages/airflow/example_dags/example_branch_operator.py
[2026-07-01T09:24:56.315+0000] {processor.py:925} INFO - DAG(s) 'example_branch_operator' retrieved from /home/airflow/.local/lib/python3.12/site-packages/airflow/example_dags/example_branch_operator.py
[2026-07-01T09:24:56.337+0000] {logging_mixin.py:190} INFO - [2026-07-01T09:24:56.337+0000] {dag.py:3211} INFO - Sync 1 DAGs
[2026-07-01T09:24:56.355+0000] {logging_mixin.py:190} INFO - [2026-07-01T09:24:56.355+0000] {dag.py:4138} INFO - Setting next_dagrun for example_branch_operator to 2026-06-30 00:00:00+00:00, run_after=2026-07-01 00:00:00+00:00
[2026-07-01T09:24:56.369+0000] {processor.py:208} INFO - Processing /home/airflow/.local/lib/python3.12/site-packages/airflow/example_dags/example_branch_operator.py took 0.078 seconds
[2026-07-01T09:25:26.639+0000] {processor.py:186} INFO - Started process (PID=2015) to work on /home/airflow/.local/lib/python3.12/site-packages/airflow/example_dags/example_branch_operator.py
[2026-07-01T09:25:26.641+0000] {processor.py:914} INFO - Processing file /home/airflow/.local/lib/python3.12/site-packages/airflow/example_dags/example_branch_operator.py for tasks to queue
[2026-07-01T09:25:26.645+0000] {logging_mixin.py:190} INFO - [2026-07-01T09:25:26.643+0000] {dagbag.py:587} INFO - Filling up the DagBag from /home/airflow/.local/lib/python3.12/site-packages/airflow/example_dags/example_branch_operator.py
[2026-07-01T09:25:26.688+0000] {processor.py:925} INFO - DAG(s) 'example_branch_operator' retrieved from /home/airflow/.local/lib/python3.12/site-packages/airflow/example_dags/example_branch_operator.py
[2026-07-01T09:25:26.725+0000] {logging_mixin.py:190} INFO - [2026-07-01T09:25:26.725+0000] {dag.py:3211} INFO - Sync 1 DAGs
[2026-07-01T09:25:26.749+0000] {logging_mixin.py:190} INFO - [2026-07-01T09:25:26.749+0000] {dag.py:4138} INFO - Setting next_dagrun for example_branch_operator to 2026-06-30 00:00:00+00:00, run_after=2026-07-01 00:00:00+00:00
[2026-07-01T09:25:26.775+0000] {processor.py:208} INFO - Processing /home/airflow/.local/lib/python3.12/site-packages/airflow/example_dags/example_branch_operator.py took 0.149 seconds
[2026-07-01T09:30:08.259+0000] {processor.py:186} INFO - Started process (PID=2071) to work on /home/airflow/.local/lib/python3.12/site-packages/airflow/example_dags/example_branch_operator.py
[2026-07-01T09:30:08.262+0000] {processor.py:914} INFO - Processing file /home/airflow/.local/lib/python3.12/site-packages/airflow/example_dags/example_branch_operator.py for tasks to queue
[2026-07-01T09:30:08.267+0000] {logging_mixin.py:190} INFO - [2026-07-01T09:30:08.267+0000] {dagbag.py:587} INFO - Filling up the DagBag from /home/airflow/.local/lib/python3.12/site-packages/airflow/example_dags/example_branch_operator.py
[2026-07-01T09:30:08.282+0000] {processor.py:925} INFO - DAG(s) 'example_branch_operator' retrieved from /home/airflow/.local/lib/python3.12/site-packages/airflow/example_dags/example_branch_operator.py
[2026-07-01T09:30:08.302+0000] {logging_mixin.py:190} INFO - [2026-07-01T09:30:08.302+0000] {dag.py:3211} INFO - Sync 1 DAGs
[2026-07-01T09:30:08.317+0000] {logging_mixin.py:190} INFO - [2026-07-01T09:30:08.317+0000] {dag.py:4138} INFO - Setting next_dagrun for example_branch_operator to 2026-06-30 00:00:00+00:00, run_after=2026-07-01 00:00:00+00:00
[2026-07-01T09:30:08.331+0000] {processor.py:208} INFO - Processing /home/airflow/.local/lib/python3.12/site-packages/airflow/example_dags/example_branch_operator.py took 0.077 seconds
[2026-07-01T09:30:38.972+0000] {processor.py:186} INFO - Started process (PID=2133) to work on /home/airflow/.local/lib/python3.12/site-packages/airflow/example_dags/example_branch_operator.py
[2026-07-01T09:30:38.973+0000] {processor.py:914} INFO - Processing file /home/airflow/.local/lib/python3.12/site-packages/airflow/example_dags/example_branch_operator.py for tasks to queue
[2026-07-01T09:30:38.975+0000] {logging_mixin.py:190} INFO - [2026-07-01T09:30:38.975+0000] {dagbag.py:587} INFO - Filling up the DagBag from /home/airflow/.local/lib/python3.12/site-packages/airflow/example_dags/example_branch_operator.py
[2026-07-01T09:30:38.989+0000] {processor.py:925} INFO - DAG(s) 'example_branch_operator' retrieved from /home/airflow/.local/lib/python3.12/site-packages/airflow/example_dags/example_branch_operator.py
[2026-07-01T09:30:39.009+0000] {logging_mixin.py:190} INFO - [2026-07-01T09:30:39.008+0000] {dag.py:3211} INFO - Sync 1 DAGs
[2026-07-01T09:30:39.026+0000] {logging_mixin.py:190} INFO - [2026-07-01T09:30:39.026+0000] {dag.py:4138} INFO - Setting next_dagrun for example_branch_operator to 2026-06-30 00:00:00+00:00, run_after=2026-07-01 00:00:00+00:00
[2026-07-01T09:30:39.040+0000] {processor.py:208} INFO - Processing /home/airflow/.local/lib/python3.12/site-packages/airflow/example_dags/example_branch_operator.py took 0.074 seconds
[2026-07-01T09:31:09.314+0000] {processor.py:186} INFO - Started process (PID=2195) to work on /home/airflow/.local/lib/python3.12/site-packages/airflow/example_dags/example_branch_operator.py
[2026-07-01T09:31:09.318+0000] {processor.py:914} INFO - Processing file /home/airflow/.local/lib/python3.12/site-packages/airflow/example_dags/example_branch_operator.py for tasks to queue
[2026-07-01T09:31:09.321+0000] {logging_mixin.py:190} INFO - [2026-07-01T09:31:09.320+0000] {dagbag.py:587} INFO - Filling up the DagBag from /home/airflow/.local/lib/python3.12/site-packages/airflow/example_dags/example_branch_operator.py
[2026-07-01T09:31:09.337+0000] {processor.py:925} INFO - DAG(s) 'example_branch_operator' retrieved from /home/airflow/.local/lib/python3.12/site-packages/airflow/example_dags/example_branch_operator.py
[2026-07-01T09:31:09.360+0000] {logging_mixin.py:190} INFO - [2026-07-01T09:31:09.359+0000] {dag.py:3211} INFO - Sync 1 DAGs
[2026-07-01T09:31:09.378+0000] {logging_mixin.py:190} INFO - [2026-07-01T09:31:09.378+0000] {dag.py:4138} INFO - Setting next_dagrun for example_branch_operator to 2026-06-30 00:00:00+00:00, run_after=2026-07-01 00:00:00+00:00
[2026-07-01T09:31:09.391+0000] {processor.py:208} INFO - Processing /home/airflow/.local/lib/python3.12/site-packages/airflow/example_dags/example_branch_operator.py took 0.081 seconds
[2026-07-01T09:31:39.915+0000] {processor.py:186} INFO - Started process (PID=2257) to work on /home/airflow/.local/lib/python3.12/site-packages/airflow/example_dags/example_branch_operator.py
[2026-07-01T09:31:39.916+0000] {processor.py:914} INFO - Processing file /home/airflow/.local/lib/python3.12/site-packages/airflow/example_dags/example_branch_operator.py for tasks to queue
[2026-07-01T09:31:39.919+0000] {logging_mixin.py:190} INFO - [2026-07-01T09:31:39.918+0000] {dagbag.py:587} INFO - Filling up the DagBag from /home/airflow/.local/lib/python3.12/site-packages/airflow/example_dags/example_branch_operator.py
[2026-07-01T09:31:39.931+0000] {processor.py:925} INFO - DAG(s) 'example_branch_operator' retrieved from /home/airflow/.local/lib/python3.12/site-packages/airflow/example_dags/example_branch_operator.py
[2026-07-01T09:31:39.949+0000] {logging_mixin.py:190} INFO - [2026-07-01T09:31:39.949+0000] {dag.py:3211} INFO - Sync 1 DAGs
[2026-07-01T09:31:39.964+0000] {logging_mixin.py:190} INFO - [2026-07-01T09:31:39.964+0000] {dag.py:4138} INFO - Setting next_dagrun for example_branch_operator to 2026-06-30 00:00:00+00:00, run_after=2026-07-01 00:00:00+00:00
[2026-07-01T09:31:39.977+0000] {processor.py:208} INFO - Processing /home/airflow/.local/lib/python3.12/site-packages/airflow/example_dags/example_branch_operator.py took 0.066 seconds
[2026-07-01T09:32:10.203+0000] {processor.py:186} INFO - Started process (PID=2319) to work on /home/airflow/.local/lib/python3.12/site-packages/airflow/example_dags/example_branch_operator.py
[2026-07-01T09:32:10.204+0000] {processor.py:914} INFO - Processing file /home/airflow/.local/lib/python3.12/site-packages/airflow/example_dags/example_branch_operator.py for tasks to queue
[2026-07-01T09:32:10.205+0000] {logging_mixin.py:190} INFO - [2026-07-01T09:32:10.205+0000] {dagbag.py:587} INFO - Filling up the DagBag from /home/airflow/.local/lib/python3.12/site-packages/airflow/example_dags/example_branch_operator.py
[2026-07-01T09:32:10.218+0000] {processor.py:925} INFO - DAG(s) 'example_branch_operator' retrieved from /home/airflow/.local/lib/python3.12/site-packages/airflow/example_dags/example_branch_operator.py
[2026-07-01T09:32:10.238+0000] {logging_mixin.py:190} INFO - [2026-07-01T09:32:10.238+0000] {dag.py:3211} INFO - Sync 1 DAGs
[2026-07-01T09:32:10.255+0000] {logging_mixin.py:190} INFO - [2026-07-01T09:32:10.255+0000] {dag.py:4138} INFO - Setting next_dagrun for example_branch_operator to 2026-06-30 00:00:00+00:00, run_after=2026-07-01 00:00:00+00:00
[2026-07-01T09:32:10.267+0000] {processor.py:208} INFO - Processing /home/airflow/.local/lib/python3.12/site-packages/airflow/example_dags/example_branch_operator.py took 0.068 seconds
[2026-07-01T09:32:40.720+0000] {processor.py:186} INFO - Started process (PID=2381) to work on /home/airflow/.local/lib/python3.12/site-packages/airflow/example_dags/example_branch_operator.py
[2026-07-01T09:32:40.721+0000] {processor.py:914} INFO - Processing file /home/airflow/.local/lib/python3.12/site-packages/airflow/example_dags/example_branch_operator.py for tasks to queue
[2026-07-01T09:32:40.724+0000] {logging_mixin.py:190} INFO - [2026-07-01T09:32:40.724+0000] {dagbag.py:587} INFO - Filling up the DagBag from /home/airflow/.local/lib/python3.12/site-packages/airflow/example_dags/example_branch_operator.py
[2026-07-01T09:32:40.736+0000] {processor.py:925} INFO - DAG(s) 'example_branch_operator' retrieved from /home/airflow/.local/lib/python3.12/site-packages/airflow/example_dags/example_branch_operator.py
[2026-07-01T09:32:40.756+0000] {logging_mixin.py:190} INFO - [2026-07-01T09:32:40.756+0000] {dag.py:3211} INFO - Sync 1 DAGs
[2026-07-01T09:32:40.772+0000] {logging_mixin.py:190} INFO - [2026-07-01T09:32:40.772+0000] {dag.py:4138} INFO - Setting next_dagrun for example_branch_operator to 2026-06-30 00:00:00+00:00, run_after=2026-07-01 00:00:00+00:00
[2026-07-01T09:32:40.785+0000] {processor.py:208} INFO - Processing /home/airflow/.local/lib/python3.12/site-packages/airflow/example_dags/example_branch_operator.py took 0.069 seconds
[2026-07-01T09:33:11.295+0000] {processor.py:186} INFO - Started process (PID=2443) to work on /home/airflow/.local/lib/python3.12/site-packages/airflow/example_dags/example_branch_operator.py
[2026-07-01T09:33:11.296+0000] {processor.py:914} INFO - Processing file /home/airflow/.local/lib/python3.12/site-packages/airflow/example_dags/example_branch_operator.py for tasks to queue
[2026-07-01T09:33:11.298+0000] {logging_mixin.py:190} INFO - [2026-07-01T09:33:11.298+0000] {dagbag.py:587} INFO - Filling up the DagBag from /home/airflow/.local/lib/python3.12/site-packages/airflow/example_dags/example_branch_operator.py
[2026-07-01T09:33:11.314+0000] {processor.py:925} INFO - DAG(s) 'example_branch_operator' retrieved from /home/airflow/.local/lib/python3.12/site-packages/airflow/example_dags/example_branch_operator.py
[2026-07-01T09:33:11.334+0000] {logging_mixin.py:190} INFO - [2026-07-01T09:33:11.334+0000] {dag.py:3211} INFO - Sync 1 DAGs
[2026-07-01T09:33:11.350+0000] {logging_mixin.py:190} INFO - [2026-07-01T09:33:11.350+0000] {dag.py:4138} INFO - Setting next_dagrun for example_branch_operator to 2026-06-30 00:00:00+00:00, run_after=2026-07-01 00:00:00+00:00
[2026-07-01T09:33:11.363+0000] {processor.py:208} INFO - Processing /home/airflow/.local/lib/python3.12/site-packages/airflow/example_dags/example_branch_operator.py took 0.074 seconds
[2026-07-01T09:33:41.876+0000] {processor.py:186} INFO - Started process (PID=2505) to work on /home/airflow/.local/lib/python3.12/site-packages/airflow/example_dags/example_branch_operator.py
[2026-07-01T09:33:41.877+0000] {processor.py:914} INFO - Processing file /home/airflow/.local/lib/python3.12/site-packages/airflow/example_dags/example_branch_operator.py for tasks to queue
[2026-07-01T09:33:41.879+0000] {logging_mixin.py:190} INFO - [2026-07-01T09:33:41.879+0000] {dagbag.py:587} INFO - Filling up the DagBag from /home/airflow/.local/lib/python3.12/site-packages/airflow/example_dags/example_branch_operator.py
[2026-07-01T09:33:41.895+0000] {processor.py:925} INFO - DAG(s) 'example_branch_operator' retrieved from /home/airflow/.local/lib/python3.12/site-packages/airflow/example_dags/example_branch_operator.py
[2026-07-01T09:33:41.920+0000] {logging_mixin.py:190} INFO - [2026-07-01T09:33:41.920+0000] {dag.py:3211} INFO - Sync 1 DAGs
[2026-07-01T09:33:41.941+0000] {logging_mixin.py:190} INFO - [2026-07-01T09:33:41.941+0000] {dag.py:4138} INFO - Setting next_dagrun for example_branch_operator to 2026-06-30 00:00:00+00:00, run_after=2026-07-01 00:00:00+00:00
[2026-07-01T09:33:41.960+0000] {processor.py:208} INFO - Processing /home/airflow/.local/lib/python3.12/site-packages/airflow/example_dags/example_branch_operator.py took 0.090 seconds
[2026-07-01T09:34:12.836+0000] {processor.py:186} INFO - Started process (PID=2567) to work on /home/airflow/.local/lib/python3.12/site-packages/airflow/example_dags/example_branch_operator.py
[2026-07-01T09:34:12.837+0000] {processor.py:914} INFO - Processing file /home/airflow/.local/lib/python3.12/site-packages/airflow/example_dags/example_branch_operator.py for tasks to queue
[2026-07-01T09:34:12.839+0000] {logging_mixin.py:190} INFO - [2026-07-01T09:34:12.839+0000] {dagbag.py:587} INFO - Filling up the DagBag from /home/airflow/.local/lib/python3.12/site-packages/airflow/example_dags/example_branch_operator.py
[2026-07-01T09:34:12.853+0000] {processor.py:925} INFO - DAG(s) 'example_branch_operator' retrieved from /home/airflow/.local/lib/python3.12/site-packages/airflow/example_dags/example_branch_operator.py
[2026-07-01T09:34:12.874+0000] {logging_mixin.py:190} INFO - [2026-07-01T09:34:12.874+0000] {dag.py:3211} INFO - Sync 1 DAGs
[2026-07-01T09:34:12.892+0000] {logging_mixin.py:190} INFO - [2026-07-01T09:34:12.891+0000] {dag.py:4138} INFO - Setting next_dagrun for example_branch_operator to 2026-06-30 00:00:00+00:00, run_after=2026-07-01 00:00:00+00:00
[2026-07-01T09:34:12.905+0000] {processor.py:208} INFO - Processing /home/airflow/.local/lib/python3.12/site-packages/airflow/example_dags/example_branch_operator.py took 0.074 seconds
[2026-07-01T09:34:43.830+0000] {processor.py:186} INFO - Started process (PID=2629) to work on /home/airflow/.local/lib/python3.12/site-packages/airflow/example_dags/example_branch_operator.py
[2026-07-01T09:34:43.831+0000] {processor.py:914} INFO - Processing file /home/airflow/.local/lib/python3.12/site-packages/airflow/example_dags/example_branch_operator.py for tasks to queue
[2026-07-01T09:34:43.833+0000] {logging_mixin.py:190} INFO - [2026-07-01T09:34:43.833+0000] {dagbag.py:587} INFO - Filling up the DagBag from /home/airflow/.local/lib/python3.12/site-packages/airflow/example_dags/example_branch_operator.py
[2026-07-01T09:34:43.847+0000] {processor.py:925} INFO - DAG(s) 'example_branch_operator' retrieved from /home/airflow/.local/lib/python3.12/site-packages/airflow/example_dags/example_branch_operator.py
[2026-07-01T09:34:43.871+0000] {logging_mixin.py:190} INFO - [2026-07-01T09:34:43.870+0000] {dag.py:3211} INFO - Sync 1 DAGs
[2026-07-01T09:34:43.889+0000] {logging_mixin.py:190} INFO - [2026-07-01T09:34:43.889+0000] {dag.py:4138} INFO - Setting next_dagrun for example_branch_operator to 2026-06-30 00:00:00+00:00, run_after=2026-07-01 00:00:00+00:00
[2026-07-01T09:34:43.905+0000] {processor.py:208} INFO - Processing /home/airflow/.local/lib/python3.12/site-packages/airflow/example_dags/example_branch_operator.py took 0.080 seconds
[2026-07-01T09:35:14.384+0000] {processor.py:186} INFO - Started process (PID=2691) to work on /home/airflow/.local/lib/python3.12/site-packages/airflow/example_dags/example_branch_operator.py
[2026-07-01T09:35:14.385+0000] {processor.py:914} INFO - Processing file /home/airflow/.local/lib/python3.12/site-packages/airflow/example_dags/example_branch_operator.py for tasks to queue
[2026-07-01T09:35:14.387+0000] {logging_mixin.py:190} INFO - [2026-07-01T09:35:14.387+0000] {dagbag.py:587} INFO - Filling up the DagBag from /home/airflow/.local/lib/python3.12/site-packages/airflow/example_dags/example_branch_operator.py
[2026-07-01T09:35:14.399+0000] {processor.py:925} INFO - DAG(s) 'example_branch_operator' retrieved from /home/airflow/.local/lib/python3.12/site-packages/airflow/example_dags/example_branch_operator.py
[2026-07-01T09:35:14.416+0000] {logging_mixin.py:190} INFO - [2026-07-01T09:35:14.416+0000] {dag.py:3211} INFO - Sync 1 DAGs
[2026-07-01T09:35:14.431+0000] {logging_mixin.py:190} INFO - [2026-07-01T09:35:14.430+0000] {dag.py:4138} INFO - Setting next_dagrun for example_branch_operator to 2026-06-30 00:00:00+00:00, run_after=2026-07-01 00:00:00+00:00
[2026-07-01T09:35:14.568+0000] {processor.py:208} INFO - Processing /home/airflow/.local/lib/python3.12/site-packages/airflow/example_dags/example_branch_operator.py took 0.189 seconds
[2026-07-01T09:35:44.988+0000] {processor.py:186} INFO - Started process (PID=2753) to work on /home/airflow/.local/lib/python3.12/site-packages/airflow/example_dags/example_branch_operator.py
[2026-07-01T09:35:44.989+0000] {processor.py:914} INFO - Processing file /home/airflow/.local/lib/python3.12/site-packages/airflow/example_dags/example_branch_operator.py for tasks to queue
[2026-07-01T09:35:44.992+0000] {logging_mixin.py:190} INFO - [2026-07-01T09:35:44.991+0000] {dagbag.py:587} INFO - Filling up the DagBag from /home/airflow/.local/lib/python3.12/site-packages/airflow/example_dags/example_branch_operator.py
[2026-07-01T09:35:45.005+0000] {processor.py:925} INFO - DAG(s) 'example_branch_operator' retrieved from /home/airflow/.local/lib/python3.12/site-packages/airflow/example_dags/example_branch_operator.py
[2026-07-01T09:35:45.025+0000] {logging_mixin.py:190} INFO - [2026-07-01T09:35:45.025+0000] {dag.py:3211} INFO - Sync 1 DAGs
[2026-07-01T09:35:45.045+0000] {logging_mixin.py:190} INFO - [2026-07-01T09:35:45.044+0000] {dag.py:4138} INFO - Setting next_dagrun for example_branch_operator to 2026-06-30 00:00:00+00:00, run_after=2026-07-01 00:00:00+00:00
[2026-07-01T09:35:45.059+0000] {processor.py:208} INFO - Processing /home/airflow/.local/lib/python3.12/site-packages/airflow/example_dags/example_branch_operator.py took 0.076 seconds
[2026-07-01T09:36:15.728+0000] {processor.py:186} INFO - Started process (PID=2815) to work on /home/airflow/.local/lib/python3.12/site-packages/airflow/example_dags/example_branch_operator.py
[2026-07-01T09:36:15.729+0000] {processor.py:914} INFO - Processing file /home/airflow/.local/lib/python3.12/site-packages/airflow/example_dags/example_branch_operator.py for tasks to queue
[2026-07-01T09:36:15.732+0000] {logging_mixin.py:190} INFO - [2026-07-01T09:36:15.731+0000] {dagbag.py:587} INFO - Filling up the DagBag from /home/airflow/.local/lib/python3.12/site-packages/airflow/example_dags/example_branch_operator.py
[2026-07-01T09:36:15.745+0000] {processor.py:925} INFO - DAG(s) 'example_branch_operator' retrieved from /home/airflow/.local/lib/python3.12/site-packages/airflow/example_dags/example_branch_operator.py
[2026-07-01T09:36:15.766+0000] {logging_mixin.py:190} INFO - [2026-07-01T09:36:15.765+0000] {dag.py:3211} INFO - Sync 1 DAGs
[2026-07-01T09:36:15.783+0000] {logging_mixin.py:190} INFO - [2026-07-01T09:36:15.783+0000] {dag.py:4138} INFO - Setting next_dagrun for example_branch_operator to 2026-06-30 00:00:00+00:00, run_after=2026-07-01 00:00:00+00:00
[2026-07-01T09:36:15.798+0000] {processor.py:208} INFO - Processing /home/airflow/.local/lib/python3.12/site-packages/airflow/example_dags/example_branch_operator.py took 0.074 seconds
[2026-07-01T09:36:46.627+0000] {processor.py:186} INFO - Started process (PID=2877) to work on /home/airflow/.local/lib/python3.12/site-packages/airflow/example_dags/example_branch_operator.py
[2026-07-01T09:36:46.629+0000] {processor.py:914} INFO - Processing file /home/airflow/.local/lib/python3.12/site-packages/airflow/example_dags/example_branch_operator.py for tasks to queue
[2026-07-01T09:36:46.631+0000] {logging_mixin.py:190} INFO - [2026-07-01T09:36:46.631+0000] {dagbag.py:587} INFO - Filling up the DagBag from /home/airflow/.local/lib/python3.12/site-packages/airflow/example_dags/example_branch_operator.py
[2026-07-01T09:36:46.647+0000] {processor.py:925} INFO - DAG(s) 'example_branch_operator' retrieved from /home/airflow/.local/lib/python3.12/site-packages/airflow/example_dags/example_branch_operator.py
[2026-07-01T09:36:46.673+0000] {logging_mixin.py:190} INFO - [2026-07-01T09:36:46.673+0000] {dag.py:3211} INFO - Sync 1 DAGs
[2026-07-01T09:36:46.691+0000] {logging_mixin.py:190} INFO - [2026-07-01T09:36:46.691+0000] {dag.py:4138} INFO - Setting next_dagrun for example_branch_operator to 2026-06-30 00:00:00+00:00, run_after=2026-07-01 00:00:00+00:00
[2026-07-01T09:36:46.705+0000] {processor.py:208} INFO - Processing /home/airflow/.local/lib/python3.12/site-packages/airflow/example_dags/example_branch_operator.py took 0.084 seconds
[2026-07-01T09:37:18.472+0000] {processor.py:186} INFO - Started process (PID=2939) to work on /home/airflow/.local/lib/python3.12/site-packages/airflow/example_dags/example_branch_operator.py
[2026-07-01T09:37:18.473+0000] {processor.py:914} INFO - Processing file /home/airflow/.local/lib/python3.12/site-packages/airflow/example_dags/example_branch_operator.py for tasks to queue
[2026-07-01T09:37:18.475+0000] {logging_mixin.py:190} INFO - [2026-07-01T09:37:18.475+0000] {dagbag.py:587} INFO - Filling up the DagBag from /home/airflow/.local/lib/python3.12/site-packages/airflow/example_dags/example_branch_operator.py
[2026-07-01T09:37:18.487+0000] {processor.py:925} INFO - DAG(s) 'example_branch_operator' retrieved from /home/airflow/.local/lib/python3.12/site-packages/airflow/example_dags/example_branch_operator.py
[2026-07-01T09:37:18.505+0000] {logging_mixin.py:190} INFO - [2026-07-01T09:37:18.505+0000] {dag.py:3211} INFO - Sync 1 DAGs
[2026-07-01T09:37:18.520+0000] {logging_mixin.py:190} INFO - [2026-07-01T09:37:18.520+0000] {dag.py:4138} INFO - Setting next_dagrun for example_branch_operator to 2026-06-30 00:00:00+00:00, run_after=2026-07-01 00:00:00+00:00
[2026-07-01T09:37:18.534+0000] {processor.py:208} INFO - Processing /home/airflow/.local/lib/python3.12/site-packages/airflow/example_dags/example_branch_operator.py took 0.066 seconds
[2026-07-01T09:37:49.535+0000] {processor.py:186} INFO - Started process (PID=3007) to work on /home/airflow/.local/lib/python3.12/site-packages/airflow/example_dags/example_branch_operator.py
[2026-07-01T09:37:49.536+0000] {processor.py:914} INFO - Processing file /home/airflow/.local/lib/python3.12/site-packages/airflow/example_dags/example_branch_operator.py for tasks to queue
[2026-07-01T09:37:49.538+0000] {logging_mixin.py:190} INFO - [2026-07-01T09:37:49.538+0000] {dagbag.py:587} INFO - Filling up the DagBag from /home/airflow/.local/lib/python3.12/site-packages/airflow/example_dags/example_branch_operator.py
[2026-07-01T09:37:49.551+0000] {processor.py:925} INFO - DAG(s) 'example_branch_operator' retrieved from /home/airflow/.local/lib/python3.12/site-packages/airflow/example_dags/example_branch_operator.py
[2026-07-01T09:37:49.572+0000] {logging_mixin.py:190} INFO - [2026-07-01T09:37:49.572+0000] {dag.py:3211} INFO - Sync 1 DAGs
[2026-07-01T09:37:49.729+0000] {logging_mixin.py:190} INFO - [2026-07-01T09:37:49.729+0000] {dag.py:4138} INFO - Setting next_dagrun for example_branch_operator to 2026-06-30 00:00:00+00:00, run_after=2026-07-01 00:00:00+00:00
[2026-07-01T09:37:49.742+0000] {processor.py:208} INFO - Processing /home/airflow/.local/lib/python3.12/site-packages/airflow/example_dags/example_branch_operator.py took 0.211 seconds
[2026-07-01T09:38:20.586+0000] {processor.py:186} INFO - Started process (PID=3069) to work on /home/airflow/.local/lib/python3.12/site-packages/airflow/example_dags/example_branch_operator.py
[2026-07-01T09:38:20.587+0000] {processor.py:914} INFO - Processing file /home/airflow/.local/lib/python3.12/site-packages/airflow/example_dags/example_branch_operator.py for tasks to queue
[2026-07-01T09:38:20.588+0000] {logging_mixin.py:190} INFO - [2026-07-01T09:38:20.588+0000] {dagbag.py:587} INFO - Filling up the DagBag from /home/airflow/.local/lib/python3.12/site-packages/airflow/example_dags/example_branch_operator.py
[2026-07-01T09:38:20.599+0000] {processor.py:925} INFO - DAG(s) 'example_branch_operator' retrieved from /home/airflow/.local/lib/python3.12/site-packages/airflow/example_dags/example_branch_operator.py
[2026-07-01T09:38:20.618+0000] {logging_mixin.py:190} INFO - [2026-07-01T09:38:20.618+0000] {dag.py:3211} INFO - Sync 1 DAGs
[2026-07-01T09:38:20.768+0000] {logging_mixin.py:190} INFO - [2026-07-01T09:38:20.768+0000] {dag.py:4138} INFO - Setting next_dagrun for example_branch_operator to 2026-06-30 00:00:00+00:00, run_after=2026-07-01 00:00:00+00:00
[2026-07-01T09:38:20.780+0000] {processor.py:208} INFO - Processing /home/airflow/.local/lib/python3.12/site-packages/airflow/example_dags/example_branch_operator.py took 0.198 seconds
[2026-07-01T09:38:50.918+0000] {processor.py:186} INFO - Started process (PID=3131) to work on /home/airflow/.local/lib/python3.12/site-packages/airflow/example_dags/example_branch_operator.py
[2026-07-01T09:38:50.919+0000] {processor.py:914} INFO - Processing file /home/airflow/.local/lib/python3.12/site-packages/airflow/example_dags/example_branch_operator.py for tasks to queue
[2026-07-01T09:38:50.921+0000] {logging_mixin.py:190} INFO - [2026-07-01T09:38:50.921+0000] {dagbag.py:587} INFO - Filling up the DagBag from /home/airflow/.local/lib/python3.12/site-packages/airflow/example_dags/example_branch_operator.py
[2026-07-01T09:38:50.933+0000] {processor.py:925} INFO - DAG(s) 'example_branch_operator' retrieved from /home/airflow/.local/lib/python3.12/site-packages/airflow/example_dags/example_branch_operator.py
[2026-07-01T09:38:50.952+0000] {logging_mixin.py:190} INFO - [2026-07-01T09:38:50.952+0000] {dag.py:3211} INFO - Sync 1 DAGs
[2026-07-01T09:38:51.097+0000] {logging_mixin.py:190} INFO - [2026-07-01T09:38:51.097+0000] {dag.py:4138} INFO - Setting next_dagrun for example_branch_operator to 2026-06-30 00:00:00+00:00, run_after=2026-07-01 00:00:00+00:00
[2026-07-01T09:38:51.109+0000] {processor.py:208} INFO - Processing /home/airflow/.local/lib/python3.12/site-packages/airflow/example_dags/example_branch_operator.py took 0.195 seconds
[2026-07-01T09:39:21.475+0000] {processor.py:186} INFO - Started process (PID=3193) to work on /home/airflow/.local/lib/python3.12/site-packages/airflow/example_dags/example_branch_operator.py
[2026-07-01T09:39:21.476+0000] {processor.py:914} INFO - Processing file /home/airflow/.local/lib/python3.12/site-packages/airflow/example_dags/example_branch_operator.py for tasks to queue
[2026-07-01T09:39:21.478+0000] {logging_mixin.py:190} INFO - [2026-07-01T09:39:21.478+0000] {dagbag.py:587} INFO - Filling up the DagBag from /home/airflow/.local/lib/python3.12/site-packages/airflow/example_dags/example_branch_operator.py
[2026-07-01T09:39:21.496+0000] {processor.py:925} INFO - DAG(s) 'example_branch_operator' retrieved from /home/airflow/.local/lib/python3.12/site-packages/airflow/example_dags/example_branch_operator.py
[2026-07-01T09:39:21.520+0000] {logging_mixin.py:190} INFO - [2026-07-01T09:39:21.520+0000] {dag.py:3211} INFO - Sync 1 DAGs
[2026-07-01T09:39:21.687+0000] {logging_mixin.py:190} INFO - [2026-07-01T09:39:21.686+0000] {dag.py:4138} INFO - Setting next_dagrun for example_branch_operator to 2026-06-30 00:00:00+00:00, run_after=2026-07-01 00:00:00+00:00
[2026-07-01T09:39:21.701+0000] {processor.py:208} INFO - Processing /home/airflow/.local/lib/python3.12/site-packages/airflow/example_dags/example_branch_operator.py took 0.233 seconds
[2026-07-01T09:39:51.748+0000] {processor.py:186} INFO - Started process (PID=3255) to work on /home/airflow/.local/lib/python3.12/site-packages/airflow/example_dags/example_branch_operator.py
[2026-07-01T09:39:51.748+0000] {processor.py:914} INFO - Processing file /home/airflow/.local/lib/python3.12/site-packages/airflow/example_dags/example_branch_operator.py for tasks to queue
[2026-07-01T09:39:51.750+0000] {logging_mixin.py:190} INFO - [2026-07-01T09:39:51.750+0000] {dagbag.py:587} INFO - Filling up the DagBag from /home/airflow/.local/lib/python3.12/site-packages/airflow/example_dags/example_branch_operator.py
[2026-07-01T09:39:51.763+0000] {processor.py:925} INFO - DAG(s) 'example_branch_operator' retrieved from /home/airflow/.local/lib/python3.12/site-packages/airflow/example_dags/example_branch_operator.py
[2026-07-01T09:39:51.781+0000] {logging_mixin.py:190} INFO - [2026-07-01T09:39:51.780+0000] {dag.py:3211} INFO - Sync 1 DAGs
[2026-07-01T09:39:51.797+0000] {logging_mixin.py:190} INFO - [2026-07-01T09:39:51.797+0000] {dag.py:4138} INFO - Setting next_dagrun for example_branch_operator to 2026-06-30 00:00:00+00:00, run_after=2026-07-01 00:00:00+00:00
[2026-07-01T09:39:51.927+0000] {processor.py:208} INFO - Processing /home/airflow/.local/lib/python3.12/site-packages/airflow/example_dags/example_branch_operator.py took 0.184 seconds
[2026-07-01T09:40:22.759+0000] {processor.py:186} INFO - Started process (PID=3317) to work on /home/airflow/.local/lib/python3.12/site-packages/airflow/example_dags/example_branch_operator.py
[2026-07-01T09:40:22.760+0000] {processor.py:914} INFO - Processing file /home/airflow/.local/lib/python3.12/site-packages/airflow/example_dags/example_branch_operator.py for tasks to queue
[2026-07-01T09:40:22.762+0000] {logging_mixin.py:190} INFO - [2026-07-01T09:40:22.761+0000] {dagbag.py:587} INFO - Filling up the DagBag from /home/airflow/.local/lib/python3.12/site-packages/airflow/example_dags/example_branch_operator.py
[2026-07-01T09:40:22.774+0000] {processor.py:925} INFO - DAG(s) 'example_branch_operator' retrieved from /home/airflow/.local/lib/python3.12/site-packages/airflow/example_dags/example_branch_operator.py
[2026-07-01T09:40:22.793+0000] {logging_mixin.py:190} INFO - [2026-07-01T09:40:22.793+0000] {dag.py:3211} INFO - Sync 1 DAGs
[2026-07-01T09:40:22.808+0000] {logging_mixin.py:190} INFO - [2026-07-01T09:40:22.808+0000] {dag.py:4138} INFO - Setting next_dagrun for example_branch_operator to 2026-06-30 00:00:00+00:00, run_after=2026-07-01 00:00:00+00:00
[2026-07-01T09:40:22.821+0000] {processor.py:208} INFO - Processing /home/airflow/.local/lib/python3.12/site-packages/airflow/example_dags/example_branch_operator.py took 0.067 seconds
[2026-07-01T09:40:53.041+0000] {processor.py:186} INFO - Started process (PID=3379) to work on /home/airflow/.local/lib/python3.12/site-packages/airflow/example_dags/example_branch_operator.py
[2026-07-01T09:40:53.043+0000] {processor.py:914} INFO - Processing file /home/airflow/.local/lib/python3.12/site-packages/airflow/example_dags/example_branch_operator.py for tasks to queue
[2026-07-01T09:40:53.047+0000] {logging_mixin.py:190} INFO - [2026-07-01T09:40:53.046+0000] {dagbag.py:587} INFO - Filling up the DagBag from /home/airflow/.local/lib/python3.12/site-packages/airflow/example_dags/example_branch_operator.py
[2026-07-01T09:40:53.068+0000] {processor.py:925} INFO - DAG(s) 'example_branch_operator' retrieved from /home/airflow/.local/lib/python3.12/site-packages/airflow/example_dags/example_branch_operator.py
[2026-07-01T09:40:53.097+0000] {logging_mixin.py:190} INFO - [2026-07-01T09:40:53.097+0000] {dag.py:3211} INFO - Sync 1 DAGs
[2026-07-01T09:40:53.118+0000] {logging_mixin.py:190} INFO - [2026-07-01T09:40:53.118+0000] {dag.py:4138} INFO - Setting next_dagrun for example_branch_operator to 2026-06-30 00:00:00+00:00, run_after=2026-07-01 00:00:00+00:00
[2026-07-01T09:40:53.137+0000] {processor.py:208} INFO - Processing /home/airflow/.local/lib/python3.12/site-packages/airflow/example_dags/example_branch_operator.py took 0.103 seconds
[2026-07-01T09:41:23.510+0000] {processor.py:186} INFO - Started process (PID=3441) to work on /home/airflow/.local/lib/python3.12/site-packages/airflow/example_dags/example_branch_operator.py
[2026-07-01T09:41:23.512+0000] {processor.py:914} INFO - Processing file /home/airflow/.local/lib/python3.12/site-packages/airflow/example_dags/example_branch_operator.py for tasks to queue
[2026-07-01T09:41:23.514+0000] {logging_mixin.py:190} INFO - [2026-07-01T09:41:23.514+0000] {dagbag.py:587} INFO - Filling up the DagBag from /home/airflow/.local/lib/python3.12/site-packages/airflow/example_dags/example_branch_operator.py
[2026-07-01T09:41:23.529+0000] {processor.py:925} INFO - DAG(s) 'example_branch_operator' retrieved from /home/airflow/.local/lib/python3.12/site-packages/airflow/example_dags/example_branch_operator.py
[2026-07-01T09:41:23.551+0000] {logging_mixin.py:190} INFO - [2026-07-01T09:41:23.550+0000] {dag.py:3211} INFO - Sync 1 DAGs
[2026-07-01T09:41:23.568+0000] {logging_mixin.py:190} INFO - [2026-07-01T09:41:23.568+0000] {dag.py:4138} INFO - Setting next_dagrun for example_branch_operator to 2026-06-30 00:00:00+00:00, run_after=2026-07-01 00:00:00+00:00
[2026-07-01T09:41:23.582+0000] {processor.py:208} INFO - Processing /home/airflow/.local/lib/python3.12/site-packages/airflow/example_dags/example_branch_operator.py took 0.079 seconds
[2026-07-01T09:41:53.694+0000] {processor.py:186} INFO - Started process (PID=3503) to work on /home/airflow/.local/lib/python3.12/site-packages/airflow/example_dags/example_branch_operator.py
[2026-07-01T09:41:53.695+0000] {processor.py:914} INFO - Processing file /home/airflow/.local/lib/python3.12/site-packages/airflow/example_dags/example_branch_operator.py for tasks to queue
[2026-07-01T09:41:53.698+0000] {logging_mixin.py:190} INFO - [2026-07-01T09:41:53.697+0000] {dagbag.py:587} INFO - Filling up the DagBag from /home/airflow/.local/lib/python3.12/site-packages/airflow/example_dags/example_branch_operator.py
[2026-07-01T09:41:53.710+0000] {processor.py:925} INFO - DAG(s) 'example_branch_operator' retrieved from /home/airflow/.local/lib/python3.12/site-packages/airflow/example_dags/example_branch_operator.py
[2026-07-01T09:41:53.730+0000] {logging_mixin.py:190} INFO - [2026-07-01T09:41:53.730+0000] {dag.py:3211} INFO - Sync 1 DAGs
[2026-07-01T09:41:53.752+0000] {logging_mixin.py:190} INFO - [2026-07-01T09:41:53.752+0000] {dag.py:4138} INFO - Setting next_dagrun for example_branch_operator to 2026-06-30 00:00:00+00:00, run_after=2026-07-01 00:00:00+00:00
[2026-07-01T09:41:53.766+0000] {processor.py:208} INFO - Processing /home/airflow/.local/lib/python3.12/site-packages/airflow/example_dags/example_branch_operator.py took 0.077 seconds
[2026-07-01T09:42:24.126+0000] {processor.py:186} INFO - Started process (PID=3565) to work on /home/airflow/.local/lib/python3.12/site-packages/airflow/example_dags/example_branch_operator.py
[2026-07-01T09:42:24.127+0000] {processor.py:914} INFO - Processing file /home/airflow/.local/lib/python3.12/site-packages/airflow/example_dags/example_branch_operator.py for tasks to queue
[2026-07-01T09:42:24.129+0000] {logging_mixin.py:190} INFO - [2026-07-01T09:42:24.129+0000] {dagbag.py:587} INFO - Filling up the DagBag from /home/airflow/.local/lib/python3.12/site-packages/airflow/example_dags/example_branch_operator.py
[2026-07-01T09:42:24.141+0000] {processor.py:925} INFO - DAG(s) 'example_branch_operator' retrieved from /home/airflow/.local/lib/python3.12/site-packages/airflow/example_dags/example_branch_operator.py
[2026-07-01T09:42:24.161+0000] {logging_mixin.py:190} INFO - [2026-07-01T09:42:24.161+0000] {dag.py:3211} INFO - Sync 1 DAGs
[2026-07-01T09:42:24.179+0000] {logging_mixin.py:190} INFO - [2026-07-01T09:42:24.179+0000] {dag.py:4138} INFO - Setting next_dagrun for example_branch_operator to 2026-06-30 00:00:00+00:00, run_after=2026-07-01 00:00:00+00:00
[2026-07-01T09:42:24.195+0000] {processor.py:208} INFO - Processing /home/airflow/.local/lib/python3.12/site-packages/airflow/example_dags/example_branch_operator.py took 0.074 seconds
[2026-07-01T09:42:54.598+0000] {processor.py:186} INFO - Started process (PID=3627) to work on /home/airflow/.local/lib/python3.12/site-packages/airflow/example_dags/example_branch_operator.py
[2026-07-01T09:42:54.599+0000] {processor.py:914} INFO - Processing file /home/airflow/.local/lib/python3.12/site-packages/airflow/example_dags/example_branch_operator.py for tasks to queue
[2026-07-01T09:42:54.602+0000] {logging_mixin.py:190} INFO - [2026-07-01T09:42:54.601+0000] {dagbag.py:587} INFO - Filling up the DagBag from /home/airflow/.local/lib/python3.12/site-packages/airflow/example_dags/example_branch_operator.py
[2026-07-01T09:42:54.615+0000] {processor.py:925} INFO - DAG(s) 'example_branch_operator' retrieved from /home/airflow/.local/lib/python3.12/site-packages/airflow/example_dags/example_branch_operator.py
[2026-07-01T09:42:54.633+0000] {logging_mixin.py:190} INFO - [2026-07-01T09:42:54.633+0000] {dag.py:3211} INFO - Sync 1 DAGs
[2026-07-01T09:42:54.649+0000] {logging_mixin.py:190} INFO - [2026-07-01T09:42:54.649+0000] {dag.py:4138} INFO - Setting next_dagrun for example_branch_operator to 2026-06-30 00:00:00+00:00, run_after=2026-07-01 00:00:00+00:00
[2026-07-01T09:42:54.662+0000] {processor.py:208} INFO - Processing /home/airflow/.local/lib/python3.12/site-packages/airflow/example_dags/example_branch_operator.py took 0.068 seconds
[2026-07-01T09:43:24.746+0000] {processor.py:186} INFO - Started process (PID=3689) to work on /home/airflow/.local/lib/python3.12/site-packages/airflow/example_dags/example_branch_operator.py
[2026-07-01T09:43:24.747+0000] {processor.py:914} INFO - Processing file /home/airflow/.local/lib/python3.12/site-packages/airflow/example_dags/example_branch_operator.py for tasks to queue
[2026-07-01T09:43:24.749+0000] {logging_mixin.py:190} INFO - [2026-07-01T09:43:24.749+0000] {dagbag.py:587} INFO - Filling up the DagBag from /home/airflow/.local/lib/python3.12/site-packages/airflow/example_dags/example_branch_operator.py
[2026-07-01T09:43:24.761+0000] {processor.py:925} INFO - DAG(s) 'example_branch_operator' retrieved from /home/airflow/.local/lib/python3.12/site-packages/airflow/example_dags/example_branch_operator.py
[2026-07-01T09:43:24.781+0000] {logging_mixin.py:190} INFO - [2026-07-01T09:43:24.781+0000] {dag.py:3211} INFO - Sync 1 DAGs
[2026-07-01T09:43:24.799+0000] {logging_mixin.py:190} INFO - [2026-07-01T09:43:24.799+0000] {dag.py:4138} INFO - Setting next_dagrun for example_branch_operator to 2026-06-30 00:00:00+00:00, run_after=2026-07-01 00:00:00+00:00
[2026-07-01T09:43:24.812+0000] {processor.py:208} INFO - Processing /home/airflow/.local/lib/python3.12/site-packages/airflow/example_dags/example_branch_operator.py took 0.071 seconds
[2026-07-01T09:43:55.192+0000] {processor.py:186} INFO - Started process (PID=3751) to work on /home/airflow/.local/lib/python3.12/site-packages/airflow/example_dags/example_branch_operator.py
[2026-07-01T09:43:55.194+0000] {processor.py:914} INFO - Processing file /home/airflow/.local/lib/python3.12/site-packages/airflow/example_dags/example_branch_operator.py for tasks to queue
[2026-07-01T09:43:55.196+0000] {logging_mixin.py:190} INFO - [2026-07-01T09:43:55.196+0000] {dagbag.py:587} INFO - Filling up the DagBag from /home/airflow/.local/lib/python3.12/site-packages/airflow/example_dags/example_branch_operator.py
[2026-07-01T09:43:55.208+0000] {processor.py:925} INFO - DAG(s) 'example_branch_operator' retrieved from /home/airflow/.local/lib/python3.12/site-packages/airflow/example_dags/example_branch_operator.py
[2026-07-01T09:43:55.227+0000] {logging_mixin.py:190} INFO - [2026-07-01T09:43:55.227+0000] {dag.py:3211} INFO - Sync 1 DAGs
[2026-07-01T09:43:55.246+0000] {logging_mixin.py:190} INFO - [2026-07-01T09:43:55.246+0000] {dag.py:4138} INFO - Setting next_dagrun for example_branch_operator to 2026-06-30 00:00:00+00:00, run_after=2026-07-01 00:00:00+00:00
[2026-07-01T09:43:55.259+0000] {processor.py:208} INFO - Processing /home/airflow/.local/lib/python3.12/site-packages/airflow/example_dags/example_branch_operator.py took 0.071 seconds
[2026-07-01T09:44:25.419+0000] {processor.py:186} INFO - Started process (PID=3813) to work on /home/airflow/.local/lib/python3.12/site-packages/airflow/example_dags/example_branch_operator.py
[2026-07-01T09:44:25.420+0000] {processor.py:914} INFO - Processing file /home/airflow/.local/lib/python3.12/site-packages/airflow/example_dags/example_branch_operator.py for tasks to queue
[2026-07-01T09:44:25.422+0000] {logging_mixin.py:190} INFO - [2026-07-01T09:44:25.422+0000] {dagbag.py:587} INFO - Filling up the DagBag from /home/airflow/.local/lib/python3.12/site-packages/airflow/example_dags/example_branch_operator.py
[2026-07-01T09:44:25.435+0000] {processor.py:925} INFO - DAG(s) 'example_branch_operator' retrieved from /home/airflow/.local/lib/python3.12/site-packages/airflow/example_dags/example_branch_operator.py
[2026-07-01T09:44:25.456+0000] {logging_mixin.py:190} INFO - [2026-07-01T09:44:25.455+0000] {dag.py:3211} INFO - Sync 1 DAGs
[2026-07-01T09:44:25.471+0000] {logging_mixin.py:190} INFO - [2026-07-01T09:44:25.471+0000] {dag.py:4138} INFO - Setting next_dagrun for example_branch_operator to 2026-06-30 00:00:00+00:00, run_after=2026-07-01 00:00:00+00:00
[2026-07-01T09:44:25.484+0000] {processor.py:208} INFO - Processing /home/airflow/.local/lib/python3.12/site-packages/airflow/example_dags/example_branch_operator.py took 0.070 seconds
[2026-07-01T09:44:55.770+0000] {processor.py:186} INFO - Started process (PID=3875) to work on /home/airflow/.local/lib/python3.12/site-packages/airflow/example_dags/example_branch_operator.py
[2026-07-01T09:44:55.771+0000] {processor.py:914} INFO - Processing file /home/airflow/.local/lib/python3.12/site-packages/airflow/example_dags/example_branch_operator.py for tasks to queue
[2026-07-01T09:44:55.773+0000] {logging_mixin.py:190} INFO - [2026-07-01T09:44:55.773+0000] {dagbag.py:587} INFO - Filling up the DagBag from /home/airflow/.local/lib/python3.12/site-packages/airflow/example_dags/example_branch_operator.py
[2026-07-01T09:44:55.786+0000] {processor.py:925} INFO - DAG(s) 'example_branch_operator' retrieved from /home/airflow/.local/lib/python3.12/site-packages/airflow/example_dags/example_branch_operator.py
[2026-07-01T09:44:55.805+0000] {logging_mixin.py:190} INFO - [2026-07-01T09:44:55.805+0000] {dag.py:3211} INFO - Sync 1 DAGs
[2026-07-01T09:44:55.821+0000] {logging_mixin.py:190} INFO - [2026-07-01T09:44:55.821+0000] {dag.py:4138} INFO - Setting next_dagrun for example_branch_operator to 2026-06-30 00:00:00+00:00, run_after=2026-07-01 00:00:00+00:00
[2026-07-01T09:44:55.832+0000] {processor.py:208} INFO - Processing /home/airflow/.local/lib/python3.12/site-packages/airflow/example_dags/example_branch_operator.py took 0.068 seconds
[2026-07-01T09:45:26.231+0000] {processor.py:186} INFO - Started process (PID=3937) to work on /home/airflow/.local/lib/python3.12/site-packages/airflow/example_dags/example_branch_operator.py
[2026-07-01T09:45:26.233+0000] {processor.py:914} INFO - Processing file /home/airflow/.local/lib/python3.12/site-packages/airflow/example_dags/example_branch_operator.py for tasks to queue
[2026-07-01T09:45:26.235+0000] {logging_mixin.py:190} INFO - [2026-07-01T09:45:26.235+0000] {dagbag.py:587} INFO - Filling up the DagBag from /home/airflow/.local/lib/python3.12/site-packages/airflow/example_dags/example_branch_operator.py
[2026-07-01T09:45:26.250+0000] {processor.py:925} INFO - DAG(s) 'example_branch_operator' retrieved from /home/airflow/.local/lib/python3.12/site-packages/airflow/example_dags/example_branch_operator.py
[2026-07-01T09:45:26.272+0000] {logging_mixin.py:190} INFO - [2026-07-01T09:45:26.272+0000] {dag.py:3211} INFO - Sync 1 DAGs
[2026-07-01T09:45:26.288+0000] {logging_mixin.py:190} INFO - [2026-07-01T09:45:26.288+0000] {dag.py:4138} INFO - Setting next_dagrun for example_branch_operator to 2026-06-30 00:00:00+00:00, run_after=2026-07-01 00:00:00+00:00
[2026-07-01T09:45:26.300+0000] {processor.py:208} INFO - Processing /home/airflow/.local/lib/python3.12/site-packages/airflow/example_dags/example_branch_operator.py took 0.075 seconds
