[2026-07-01T09:09:39.916+0000] {processor.py:186} INFO - Started process (PID=78) to work on /home/airflow/.local/lib/python3.12/site-packages/airflow/example_dags/example_branch_day_of_week_operator.py
[2026-07-01T09:09:39.918+0000] {processor.py:914} INFO - Processing file /home/airflow/.local/lib/python3.12/site-packages/airflow/example_dags/example_branch_day_of_week_operator.py for tasks to queue
[2026-07-01T09:09:39.920+0000] {logging_mixin.py:190} INFO - [2026-07-01T09:09:39.920+0000] {dagbag.py:587} INFO - Filling up the DagBag from /home/airflow/.local/lib/python3.12/site-packages/airflow/example_dags/example_branch_day_of_week_operator.py
[2026-07-01T09:09:39.928+0000] {processor.py:925} INFO - DAG(s) 'example_weekday_branch_operator' retrieved from /home/airflow/.local/lib/python3.12/site-packages/airflow/example_dags/example_branch_day_of_week_operator.py
[2026-07-01T09:09:40.024+0000] {logging_mixin.py:190} INFO - [2026-07-01T09:09:40.023+0000] {override.py:1858} INFO - Created Permission View: can read on DAG:example_weekday_branch_operator
[2026-07-01T09:09:40.033+0000] {logging_mixin.py:190} INFO - [2026-07-01T09:09:40.033+0000] {override.py:1858} INFO - Created Permission View: can delete on DAG:example_weekday_branch_operator
[2026-07-01T09:09:40.040+0000] {logging_mixin.py:190} INFO - [2026-07-01T09:09:40.040+0000] {override.py:1858} INFO - Created Permission View: can edit on DAG:example_weekday_branch_operator
[2026-07-01T09:09:40.041+0000] {logging_mixin.py:190} INFO - [2026-07-01T09:09:40.041+0000] {dag.py:3211} INFO - Sync 1 DAGs
[2026-07-01T09:09:40.051+0000] {logging_mixin.py:190} INFO - [2026-07-01T09:09:40.051+0000] {dag.py:3234} INFO - Creating ORM DAG for example_weekday_branch_operator
[2026-07-01T09:09:40.059+0000] {logging_mixin.py:190} INFO - [2026-07-01T09:09:40.059+0000] {dag.py:4138} INFO - Setting next_dagrun for example_weekday_branch_operator to 2026-06-30 00:00:00+00:00, run_after=2026-07-01 00:00:00+00:00
[2026-07-01T09:09:40.072+0000] {processor.py:208} INFO - Processing /home/airflow/.local/lib/python3.12/site-packages/airflow/example_dags/example_branch_day_of_week_operator.py took 0.161 seconds
[2026-07-01T09:10:10.753+0000] {processor.py:186} INFO - Started process (PID=141) to work on /home/airflow/.local/lib/python3.12/site-packages/airflow/example_dags/example_branch_day_of_week_operator.py
[2026-07-01T09:10:10.754+0000] {processor.py:914} INFO - Processing file /home/airflow/.local/lib/python3.12/site-packages/airflow/example_dags/example_branch_day_of_week_operator.py for tasks to queue
[2026-07-01T09:10:10.756+0000] {logging_mixin.py:190} INFO - [2026-07-01T09:10:10.756+0000] {dagbag.py:587} INFO - Filling up the DagBag from /home/airflow/.local/lib/python3.12/site-packages/airflow/example_dags/example_branch_day_of_week_operator.py
[2026-07-01T09:10:10.766+0000] {processor.py:925} INFO - DAG(s) 'example_weekday_branch_operator' retrieved from /home/airflow/.local/lib/python3.12/site-packages/airflow/example_dags/example_branch_day_of_week_operator.py
[2026-07-01T09:10:10.784+0000] {logging_mixin.py:190} INFO - [2026-07-01T09:10:10.784+0000] {dag.py:3211} INFO - Sync 1 DAGs
[2026-07-01T09:10:10.804+0000] {logging_mixin.py:190} INFO - [2026-07-01T09:10:10.803+0000] {dag.py:4138} INFO - Setting next_dagrun for example_weekday_branch_operator to 2026-06-30 00:00:00+00:00, run_after=2026-07-01 00:00:00+00:00
[2026-07-01T09:10:10.817+0000] {processor.py:208} INFO - Processing /home/airflow/.local/lib/python3.12/site-packages/airflow/example_dags/example_branch_day_of_week_operator.py took 0.069 seconds
[2026-07-01T09:10:41.205+0000] {processor.py:186} INFO - Started process (PID=208) to work on /home/airflow/.local/lib/python3.12/site-packages/airflow/example_dags/example_branch_day_of_week_operator.py
[2026-07-01T09:10:41.206+0000] {processor.py:914} INFO - Processing file /home/airflow/.local/lib/python3.12/site-packages/airflow/example_dags/example_branch_day_of_week_operator.py for tasks to queue
[2026-07-01T09:10:41.208+0000] {logging_mixin.py:190} INFO - [2026-07-01T09:10:41.207+0000] {dagbag.py:587} INFO - Filling up the DagBag from /home/airflow/.local/lib/python3.12/site-packages/airflow/example_dags/example_branch_day_of_week_operator.py
[2026-07-01T09:10:41.215+0000] {processor.py:925} INFO - DAG(s) 'example_weekday_branch_operator' retrieved from /home/airflow/.local/lib/python3.12/site-packages/airflow/example_dags/example_branch_day_of_week_operator.py
[2026-07-01T09:10:41.228+0000] {logging_mixin.py:190} INFO - [2026-07-01T09:10:41.228+0000] {dag.py:3211} INFO - Sync 1 DAGs
[2026-07-01T09:10:41.242+0000] {logging_mixin.py:190} INFO - [2026-07-01T09:10:41.242+0000] {dag.py:4138} INFO - Setting next_dagrun for example_weekday_branch_operator to 2026-06-30 00:00:00+00:00, run_after=2026-07-01 00:00:00+00:00
[2026-07-01T09:10:41.253+0000] {processor.py:208} INFO - Processing /home/airflow/.local/lib/python3.12/site-packages/airflow/example_dags/example_branch_day_of_week_operator.py took 0.052 seconds
[2026-07-01T09:11:11.435+0000] {processor.py:186} INFO - Started process (PID=270) to work on /home/airflow/.local/lib/python3.12/site-packages/airflow/example_dags/example_branch_day_of_week_operator.py
[2026-07-01T09:11:11.436+0000] {processor.py:914} INFO - Processing file /home/airflow/.local/lib/python3.12/site-packages/airflow/example_dags/example_branch_day_of_week_operator.py for tasks to queue
[2026-07-01T09:11:11.438+0000] {logging_mixin.py:190} INFO - [2026-07-01T09:11:11.438+0000] {dagbag.py:587} INFO - Filling up the DagBag from /home/airflow/.local/lib/python3.12/site-packages/airflow/example_dags/example_branch_day_of_week_operator.py
[2026-07-01T09:11:11.445+0000] {processor.py:925} INFO - DAG(s) 'example_weekday_branch_operator' retrieved from /home/airflow/.local/lib/python3.12/site-packages/airflow/example_dags/example_branch_day_of_week_operator.py
[2026-07-01T09:11:11.460+0000] {logging_mixin.py:190} INFO - [2026-07-01T09:11:11.459+0000] {dag.py:3211} INFO - Sync 1 DAGs
[2026-07-01T09:11:11.475+0000] {logging_mixin.py:190} INFO - [2026-07-01T09:11:11.475+0000] {dag.py:4138} INFO - Setting next_dagrun for example_weekday_branch_operator to 2026-06-30 00:00:00+00:00, run_after=2026-07-01 00:00:00+00:00
[2026-07-01T09:11:11.487+0000] {processor.py:208} INFO - Processing /home/airflow/.local/lib/python3.12/site-packages/airflow/example_dags/example_branch_day_of_week_operator.py took 0.057 seconds
[2026-07-01T09:11:41.806+0000] {processor.py:186} INFO - Started process (PID=332) to work on /home/airflow/.local/lib/python3.12/site-packages/airflow/example_dags/example_branch_day_of_week_operator.py
[2026-07-01T09:11:41.807+0000] {processor.py:914} INFO - Processing file /home/airflow/.local/lib/python3.12/site-packages/airflow/example_dags/example_branch_day_of_week_operator.py for tasks to queue
[2026-07-01T09:11:41.809+0000] {logging_mixin.py:190} INFO - [2026-07-01T09:11:41.809+0000] {dagbag.py:587} INFO - Filling up the DagBag from /home/airflow/.local/lib/python3.12/site-packages/airflow/example_dags/example_branch_day_of_week_operator.py
[2026-07-01T09:11:41.818+0000] {processor.py:925} INFO - DAG(s) 'example_weekday_branch_operator' retrieved from /home/airflow/.local/lib/python3.12/site-packages/airflow/example_dags/example_branch_day_of_week_operator.py
[2026-07-01T09:11:41.835+0000] {logging_mixin.py:190} INFO - [2026-07-01T09:11:41.835+0000] {dag.py:3211} INFO - Sync 1 DAGs
[2026-07-01T09:11:41.853+0000] {logging_mixin.py:190} INFO - [2026-07-01T09:11:41.852+0000] {dag.py:4138} INFO - Setting next_dagrun for example_weekday_branch_operator to 2026-06-30 00:00:00+00:00, run_after=2026-07-01 00:00:00+00:00
[2026-07-01T09:11:41.867+0000] {processor.py:208} INFO - Processing /home/airflow/.local/lib/python3.12/site-packages/airflow/example_dags/example_branch_day_of_week_operator.py took 0.065 seconds
[2026-07-01T09:12:12.098+0000] {processor.py:186} INFO - Started process (PID=394) to work on /home/airflow/.local/lib/python3.12/site-packages/airflow/example_dags/example_branch_day_of_week_operator.py
[2026-07-01T09:12:12.099+0000] {processor.py:914} INFO - Processing file /home/airflow/.local/lib/python3.12/site-packages/airflow/example_dags/example_branch_day_of_week_operator.py for tasks to queue
[2026-07-01T09:12:12.101+0000] {logging_mixin.py:190} INFO - [2026-07-01T09:12:12.101+0000] {dagbag.py:587} INFO - Filling up the DagBag from /home/airflow/.local/lib/python3.12/site-packages/airflow/example_dags/example_branch_day_of_week_operator.py
[2026-07-01T09:12:12.109+0000] {processor.py:925} INFO - DAG(s) 'example_weekday_branch_operator' retrieved from /home/airflow/.local/lib/python3.12/site-packages/airflow/example_dags/example_branch_day_of_week_operator.py
[2026-07-01T09:12:12.125+0000] {logging_mixin.py:190} INFO - [2026-07-01T09:12:12.124+0000] {dag.py:3211} INFO - Sync 1 DAGs
[2026-07-01T09:12:12.141+0000] {logging_mixin.py:190} INFO - [2026-07-01T09:12:12.141+0000] {dag.py:4138} INFO - Setting next_dagrun for example_weekday_branch_operator to 2026-06-30 00:00:00+00:00, run_after=2026-07-01 00:00:00+00:00
[2026-07-01T09:12:12.154+0000] {processor.py:208} INFO - Processing /home/airflow/.local/lib/python3.12/site-packages/airflow/example_dags/example_branch_day_of_week_operator.py took 0.061 seconds
[2026-07-01T09:12:42.617+0000] {processor.py:186} INFO - Started process (PID=456) to work on /home/airflow/.local/lib/python3.12/site-packages/airflow/example_dags/example_branch_day_of_week_operator.py
[2026-07-01T09:12:42.618+0000] {processor.py:914} INFO - Processing file /home/airflow/.local/lib/python3.12/site-packages/airflow/example_dags/example_branch_day_of_week_operator.py for tasks to queue
[2026-07-01T09:12:42.620+0000] {logging_mixin.py:190} INFO - [2026-07-01T09:12:42.619+0000] {dagbag.py:587} INFO - Filling up the DagBag from /home/airflow/.local/lib/python3.12/site-packages/airflow/example_dags/example_branch_day_of_week_operator.py
[2026-07-01T09:12:42.628+0000] {processor.py:925} INFO - DAG(s) 'example_weekday_branch_operator' retrieved from /home/airflow/.local/lib/python3.12/site-packages/airflow/example_dags/example_branch_day_of_week_operator.py
[2026-07-01T09:12:42.648+0000] {logging_mixin.py:190} INFO - [2026-07-01T09:12:42.648+0000] {dag.py:3211} INFO - Sync 1 DAGs
[2026-07-01T09:12:42.667+0000] {logging_mixin.py:190} INFO - [2026-07-01T09:12:42.667+0000] {dag.py:4138} INFO - Setting next_dagrun for example_weekday_branch_operator to 2026-06-30 00:00:00+00:00, run_after=2026-07-01 00:00:00+00:00
[2026-07-01T09:12:42.681+0000] {processor.py:208} INFO - Processing /home/airflow/.local/lib/python3.12/site-packages/airflow/example_dags/example_branch_day_of_week_operator.py took 0.069 seconds
[2026-07-01T09:13:13.143+0000] {processor.py:186} INFO - Started process (PID=518) to work on /home/airflow/.local/lib/python3.12/site-packages/airflow/example_dags/example_branch_day_of_week_operator.py
[2026-07-01T09:13:13.144+0000] {processor.py:914} INFO - Processing file /home/airflow/.local/lib/python3.12/site-packages/airflow/example_dags/example_branch_day_of_week_operator.py for tasks to queue
[2026-07-01T09:13:13.145+0000] {logging_mixin.py:190} INFO - [2026-07-01T09:13:13.145+0000] {dagbag.py:587} INFO - Filling up the DagBag from /home/airflow/.local/lib/python3.12/site-packages/airflow/example_dags/example_branch_day_of_week_operator.py
[2026-07-01T09:13:13.152+0000] {processor.py:925} INFO - DAG(s) 'example_weekday_branch_operator' retrieved from /home/airflow/.local/lib/python3.12/site-packages/airflow/example_dags/example_branch_day_of_week_operator.py
[2026-07-01T09:13:13.167+0000] {logging_mixin.py:190} INFO - [2026-07-01T09:13:13.167+0000] {dag.py:3211} INFO - Sync 1 DAGs
[2026-07-01T09:13:13.186+0000] {logging_mixin.py:190} INFO - [2026-07-01T09:13:13.186+0000] {dag.py:4138} INFO - Setting next_dagrun for example_weekday_branch_operator to 2026-06-30 00:00:00+00:00, run_after=2026-07-01 00:00:00+00:00
[2026-07-01T09:13:13.198+0000] {processor.py:208} INFO - Processing /home/airflow/.local/lib/python3.12/site-packages/airflow/example_dags/example_branch_day_of_week_operator.py took 0.060 seconds
[2026-07-01T09:13:44.048+0000] {processor.py:186} INFO - Started process (PID=580) to work on /home/airflow/.local/lib/python3.12/site-packages/airflow/example_dags/example_branch_day_of_week_operator.py
[2026-07-01T09:13:44.049+0000] {processor.py:914} INFO - Processing file /home/airflow/.local/lib/python3.12/site-packages/airflow/example_dags/example_branch_day_of_week_operator.py for tasks to queue
[2026-07-01T09:13:44.051+0000] {logging_mixin.py:190} INFO - [2026-07-01T09:13:44.051+0000] {dagbag.py:587} INFO - Filling up the DagBag from /home/airflow/.local/lib/python3.12/site-packages/airflow/example_dags/example_branch_day_of_week_operator.py
[2026-07-01T09:13:44.058+0000] {processor.py:925} INFO - DAG(s) 'example_weekday_branch_operator' retrieved from /home/airflow/.local/lib/python3.12/site-packages/airflow/example_dags/example_branch_day_of_week_operator.py
[2026-07-01T09:13:44.072+0000] {logging_mixin.py:190} INFO - [2026-07-01T09:13:44.072+0000] {dag.py:3211} INFO - Sync 1 DAGs
[2026-07-01T09:13:44.088+0000] {logging_mixin.py:190} INFO - [2026-07-01T09:13:44.087+0000] {dag.py:4138} INFO - Setting next_dagrun for example_weekday_branch_operator to 2026-06-30 00:00:00+00:00, run_after=2026-07-01 00:00:00+00:00
[2026-07-01T09:13:44.100+0000] {processor.py:208} INFO - Processing /home/airflow/.local/lib/python3.12/site-packages/airflow/example_dags/example_branch_day_of_week_operator.py took 0.056 seconds
[2026-07-01T09:14:15.224+0000] {processor.py:186} INFO - Started process (PID=642) to work on /home/airflow/.local/lib/python3.12/site-packages/airflow/example_dags/example_branch_day_of_week_operator.py
[2026-07-01T09:14:15.225+0000] {processor.py:914} INFO - Processing file /home/airflow/.local/lib/python3.12/site-packages/airflow/example_dags/example_branch_day_of_week_operator.py for tasks to queue
[2026-07-01T09:14:15.227+0000] {logging_mixin.py:190} INFO - [2026-07-01T09:14:15.227+0000] {dagbag.py:587} INFO - Filling up the DagBag from /home/airflow/.local/lib/python3.12/site-packages/airflow/example_dags/example_branch_day_of_week_operator.py
[2026-07-01T09:14:15.236+0000] {processor.py:925} INFO - DAG(s) 'example_weekday_branch_operator' retrieved from /home/airflow/.local/lib/python3.12/site-packages/airflow/example_dags/example_branch_day_of_week_operator.py
[2026-07-01T09:14:15.251+0000] {logging_mixin.py:190} INFO - [2026-07-01T09:14:15.251+0000] {dag.py:3211} INFO - Sync 1 DAGs
[2026-07-01T09:14:15.267+0000] {logging_mixin.py:190} INFO - [2026-07-01T09:14:15.266+0000] {dag.py:4138} INFO - Setting next_dagrun for example_weekday_branch_operator to 2026-06-30 00:00:00+00:00, run_after=2026-07-01 00:00:00+00:00
[2026-07-01T09:14:15.280+0000] {processor.py:208} INFO - Processing /home/airflow/.local/lib/python3.12/site-packages/airflow/example_dags/example_branch_day_of_week_operator.py took 0.060 seconds
[2026-07-01T09:14:45.427+0000] {processor.py:186} INFO - Started process (PID=704) to work on /home/airflow/.local/lib/python3.12/site-packages/airflow/example_dags/example_branch_day_of_week_operator.py
[2026-07-01T09:14:45.427+0000] {processor.py:914} INFO - Processing file /home/airflow/.local/lib/python3.12/site-packages/airflow/example_dags/example_branch_day_of_week_operator.py for tasks to queue
[2026-07-01T09:14:45.429+0000] {logging_mixin.py:190} INFO - [2026-07-01T09:14:45.429+0000] {dagbag.py:587} INFO - Filling up the DagBag from /home/airflow/.local/lib/python3.12/site-packages/airflow/example_dags/example_branch_day_of_week_operator.py
[2026-07-01T09:14:45.437+0000] {processor.py:925} INFO - DAG(s) 'example_weekday_branch_operator' retrieved from /home/airflow/.local/lib/python3.12/site-packages/airflow/example_dags/example_branch_day_of_week_operator.py
[2026-07-01T09:14:45.451+0000] {logging_mixin.py:190} INFO - [2026-07-01T09:14:45.451+0000] {dag.py:3211} INFO - Sync 1 DAGs
[2026-07-01T09:14:45.465+0000] {logging_mixin.py:190} INFO - [2026-07-01T09:14:45.465+0000] {dag.py:4138} INFO - Setting next_dagrun for example_weekday_branch_operator to 2026-06-30 00:00:00+00:00, run_after=2026-07-01 00:00:00+00:00
[2026-07-01T09:14:45.477+0000] {processor.py:208} INFO - Processing /home/airflow/.local/lib/python3.12/site-packages/airflow/example_dags/example_branch_day_of_week_operator.py took 0.055 seconds
[2026-07-01T09:15:16.374+0000] {processor.py:186} INFO - Started process (PID=766) to work on /home/airflow/.local/lib/python3.12/site-packages/airflow/example_dags/example_branch_day_of_week_operator.py
[2026-07-01T09:15:16.375+0000] {processor.py:914} INFO - Processing file /home/airflow/.local/lib/python3.12/site-packages/airflow/example_dags/example_branch_day_of_week_operator.py for tasks to queue
[2026-07-01T09:15:16.377+0000] {logging_mixin.py:190} INFO - [2026-07-01T09:15:16.377+0000] {dagbag.py:587} INFO - Filling up the DagBag from /home/airflow/.local/lib/python3.12/site-packages/airflow/example_dags/example_branch_day_of_week_operator.py
[2026-07-01T09:15:16.386+0000] {processor.py:925} INFO - DAG(s) 'example_weekday_branch_operator' retrieved from /home/airflow/.local/lib/python3.12/site-packages/airflow/example_dags/example_branch_day_of_week_operator.py
[2026-07-01T09:15:16.403+0000] {logging_mixin.py:190} INFO - [2026-07-01T09:15:16.403+0000] {dag.py:3211} INFO - Sync 1 DAGs
[2026-07-01T09:15:16.418+0000] {logging_mixin.py:190} INFO - [2026-07-01T09:15:16.418+0000] {dag.py:4138} INFO - Setting next_dagrun for example_weekday_branch_operator to 2026-06-30 00:00:00+00:00, run_after=2026-07-01 00:00:00+00:00
[2026-07-01T09:15:16.430+0000] {processor.py:208} INFO - Processing /home/airflow/.local/lib/python3.12/site-packages/airflow/example_dags/example_branch_day_of_week_operator.py took 0.061 seconds
[2026-07-01T09:15:47.214+0000] {processor.py:186} INFO - Started process (PID=828) to work on /home/airflow/.local/lib/python3.12/site-packages/airflow/example_dags/example_branch_day_of_week_operator.py
[2026-07-01T09:15:47.215+0000] {processor.py:914} INFO - Processing file /home/airflow/.local/lib/python3.12/site-packages/airflow/example_dags/example_branch_day_of_week_operator.py for tasks to queue
[2026-07-01T09:15:47.218+0000] {logging_mixin.py:190} INFO - [2026-07-01T09:15:47.217+0000] {dagbag.py:587} INFO - Filling up the DagBag from /home/airflow/.local/lib/python3.12/site-packages/airflow/example_dags/example_branch_day_of_week_operator.py
[2026-07-01T09:15:47.227+0000] {processor.py:925} INFO - DAG(s) 'example_weekday_branch_operator' retrieved from /home/airflow/.local/lib/python3.12/site-packages/airflow/example_dags/example_branch_day_of_week_operator.py
[2026-07-01T09:15:47.244+0000] {logging_mixin.py:190} INFO - [2026-07-01T09:15:47.244+0000] {dag.py:3211} INFO - Sync 1 DAGs
[2026-07-01T09:15:47.262+0000] {logging_mixin.py:190} INFO - [2026-07-01T09:15:47.261+0000] {dag.py:4138} INFO - Setting next_dagrun for example_weekday_branch_operator to 2026-06-30 00:00:00+00:00, run_after=2026-07-01 00:00:00+00:00
[2026-07-01T09:15:47.275+0000] {processor.py:208} INFO - Processing /home/airflow/.local/lib/python3.12/site-packages/airflow/example_dags/example_branch_day_of_week_operator.py took 0.066 seconds
[2026-07-01T09:16:17.498+0000] {processor.py:186} INFO - Started process (PID=890) to work on /home/airflow/.local/lib/python3.12/site-packages/airflow/example_dags/example_branch_day_of_week_operator.py
[2026-07-01T09:16:17.498+0000] {processor.py:914} INFO - Processing file /home/airflow/.local/lib/python3.12/site-packages/airflow/example_dags/example_branch_day_of_week_operator.py for tasks to queue
[2026-07-01T09:16:17.500+0000] {logging_mixin.py:190} INFO - [2026-07-01T09:16:17.500+0000] {dagbag.py:587} INFO - Filling up the DagBag from /home/airflow/.local/lib/python3.12/site-packages/airflow/example_dags/example_branch_day_of_week_operator.py
[2026-07-01T09:16:17.508+0000] {processor.py:925} INFO - DAG(s) 'example_weekday_branch_operator' retrieved from /home/airflow/.local/lib/python3.12/site-packages/airflow/example_dags/example_branch_day_of_week_operator.py
[2026-07-01T09:16:17.523+0000] {logging_mixin.py:190} INFO - [2026-07-01T09:16:17.523+0000] {dag.py:3211} INFO - Sync 1 DAGs
[2026-07-01T09:16:17.543+0000] {logging_mixin.py:190} INFO - [2026-07-01T09:16:17.543+0000] {dag.py:4138} INFO - Setting next_dagrun for example_weekday_branch_operator to 2026-06-30 00:00:00+00:00, run_after=2026-07-01 00:00:00+00:00
[2026-07-01T09:16:17.559+0000] {processor.py:208} INFO - Processing /home/airflow/.local/lib/python3.12/site-packages/airflow/example_dags/example_branch_day_of_week_operator.py took 0.066 seconds
[2026-07-01T09:16:47.738+0000] {processor.py:186} INFO - Started process (PID=952) to work on /home/airflow/.local/lib/python3.12/site-packages/airflow/example_dags/example_branch_day_of_week_operator.py
[2026-07-01T09:16:47.739+0000] {processor.py:914} INFO - Processing file /home/airflow/.local/lib/python3.12/site-packages/airflow/example_dags/example_branch_day_of_week_operator.py for tasks to queue
[2026-07-01T09:16:47.740+0000] {logging_mixin.py:190} INFO - [2026-07-01T09:16:47.740+0000] {dagbag.py:587} INFO - Filling up the DagBag from /home/airflow/.local/lib/python3.12/site-packages/airflow/example_dags/example_branch_day_of_week_operator.py
[2026-07-01T09:16:47.747+0000] {processor.py:925} INFO - DAG(s) 'example_weekday_branch_operator' retrieved from /home/airflow/.local/lib/python3.12/site-packages/airflow/example_dags/example_branch_day_of_week_operator.py
[2026-07-01T09:16:47.763+0000] {logging_mixin.py:190} INFO - [2026-07-01T09:16:47.762+0000] {dag.py:3211} INFO - Sync 1 DAGs
[2026-07-01T09:16:47.779+0000] {logging_mixin.py:190} INFO - [2026-07-01T09:16:47.779+0000] {dag.py:4138} INFO - Setting next_dagrun for example_weekday_branch_operator to 2026-06-30 00:00:00+00:00, run_after=2026-07-01 00:00:00+00:00
[2026-07-01T09:16:47.790+0000] {processor.py:208} INFO - Processing /home/airflow/.local/lib/python3.12/site-packages/airflow/example_dags/example_branch_day_of_week_operator.py took 0.057 seconds
[2026-07-01T09:17:18.135+0000] {processor.py:186} INFO - Started process (PID=1014) to work on /home/airflow/.local/lib/python3.12/site-packages/airflow/example_dags/example_branch_day_of_week_operator.py
[2026-07-01T09:17:18.136+0000] {processor.py:914} INFO - Processing file /home/airflow/.local/lib/python3.12/site-packages/airflow/example_dags/example_branch_day_of_week_operator.py for tasks to queue
[2026-07-01T09:17:18.139+0000] {logging_mixin.py:190} INFO - [2026-07-01T09:17:18.139+0000] {dagbag.py:587} INFO - Filling up the DagBag from /home/airflow/.local/lib/python3.12/site-packages/airflow/example_dags/example_branch_day_of_week_operator.py
[2026-07-01T09:17:18.149+0000] {processor.py:925} INFO - DAG(s) 'example_weekday_branch_operator' retrieved from /home/airflow/.local/lib/python3.12/site-packages/airflow/example_dags/example_branch_day_of_week_operator.py
[2026-07-01T09:17:18.168+0000] {logging_mixin.py:190} INFO - [2026-07-01T09:17:18.168+0000] {dag.py:3211} INFO - Sync 1 DAGs
[2026-07-01T09:17:18.190+0000] {logging_mixin.py:190} INFO - [2026-07-01T09:17:18.189+0000] {dag.py:4138} INFO - Setting next_dagrun for example_weekday_branch_operator to 2026-06-30 00:00:00+00:00, run_after=2026-07-01 00:00:00+00:00
[2026-07-01T09:17:18.211+0000] {processor.py:208} INFO - Processing /home/airflow/.local/lib/python3.12/site-packages/airflow/example_dags/example_branch_day_of_week_operator.py took 0.082 seconds
[2026-07-01T09:17:48.482+0000] {processor.py:186} INFO - Started process (PID=1076) to work on /home/airflow/.local/lib/python3.12/site-packages/airflow/example_dags/example_branch_day_of_week_operator.py
[2026-07-01T09:17:48.483+0000] {processor.py:914} INFO - Processing file /home/airflow/.local/lib/python3.12/site-packages/airflow/example_dags/example_branch_day_of_week_operator.py for tasks to queue
[2026-07-01T09:17:48.486+0000] {logging_mixin.py:190} INFO - [2026-07-01T09:17:48.485+0000] {dagbag.py:587} INFO - Filling up the DagBag from /home/airflow/.local/lib/python3.12/site-packages/airflow/example_dags/example_branch_day_of_week_operator.py
[2026-07-01T09:17:48.496+0000] {processor.py:925} INFO - DAG(s) 'example_weekday_branch_operator' retrieved from /home/airflow/.local/lib/python3.12/site-packages/airflow/example_dags/example_branch_day_of_week_operator.py
[2026-07-01T09:17:48.515+0000] {logging_mixin.py:190} INFO - [2026-07-01T09:17:48.515+0000] {dag.py:3211} INFO - Sync 1 DAGs
[2026-07-01T09:17:48.536+0000] {logging_mixin.py:190} INFO - [2026-07-01T09:17:48.536+0000] {dag.py:4138} INFO - Setting next_dagrun for example_weekday_branch_operator to 2026-06-30 00:00:00+00:00, run_after=2026-07-01 00:00:00+00:00
[2026-07-01T09:17:48.553+0000] {processor.py:208} INFO - Processing /home/airflow/.local/lib/python3.12/site-packages/airflow/example_dags/example_branch_day_of_week_operator.py took 0.076 seconds
[2026-07-01T09:18:18.745+0000] {processor.py:186} INFO - Started process (PID=1138) to work on /home/airflow/.local/lib/python3.12/site-packages/airflow/example_dags/example_branch_day_of_week_operator.py
[2026-07-01T09:18:18.746+0000] {processor.py:914} INFO - Processing file /home/airflow/.local/lib/python3.12/site-packages/airflow/example_dags/example_branch_day_of_week_operator.py for tasks to queue
[2026-07-01T09:18:18.748+0000] {logging_mixin.py:190} INFO - [2026-07-01T09:18:18.747+0000] {dagbag.py:587} INFO - Filling up the DagBag from /home/airflow/.local/lib/python3.12/site-packages/airflow/example_dags/example_branch_day_of_week_operator.py
[2026-07-01T09:18:18.754+0000] {processor.py:925} INFO - DAG(s) 'example_weekday_branch_operator' retrieved from /home/airflow/.local/lib/python3.12/site-packages/airflow/example_dags/example_branch_day_of_week_operator.py
[2026-07-01T09:18:18.768+0000] {logging_mixin.py:190} INFO - [2026-07-01T09:18:18.767+0000] {dag.py:3211} INFO - Sync 1 DAGs
[2026-07-01T09:18:18.782+0000] {logging_mixin.py:190} INFO - [2026-07-01T09:18:18.782+0000] {dag.py:4138} INFO - Setting next_dagrun for example_weekday_branch_operator to 2026-06-30 00:00:00+00:00, run_after=2026-07-01 00:00:00+00:00
[2026-07-01T09:18:18.794+0000] {processor.py:208} INFO - Processing /home/airflow/.local/lib/python3.12/site-packages/airflow/example_dags/example_branch_day_of_week_operator.py took 0.053 seconds
[2026-07-01T09:18:48.971+0000] {processor.py:186} INFO - Started process (PID=1200) to work on /home/airflow/.local/lib/python3.12/site-packages/airflow/example_dags/example_branch_day_of_week_operator.py
[2026-07-01T09:18:48.972+0000] {processor.py:914} INFO - Processing file /home/airflow/.local/lib/python3.12/site-packages/airflow/example_dags/example_branch_day_of_week_operator.py for tasks to queue
[2026-07-01T09:18:48.975+0000] {logging_mixin.py:190} INFO - [2026-07-01T09:18:48.974+0000] {dagbag.py:587} INFO - Filling up the DagBag from /home/airflow/.local/lib/python3.12/site-packages/airflow/example_dags/example_branch_day_of_week_operator.py
[2026-07-01T09:18:48.981+0000] {processor.py:925} INFO - DAG(s) 'example_weekday_branch_operator' retrieved from /home/airflow/.local/lib/python3.12/site-packages/airflow/example_dags/example_branch_day_of_week_operator.py
[2026-07-01T09:18:48.997+0000] {logging_mixin.py:190} INFO - [2026-07-01T09:18:48.997+0000] {dag.py:3211} INFO - Sync 1 DAGs
[2026-07-01T09:18:49.014+0000] {logging_mixin.py:190} INFO - [2026-07-01T09:18:49.013+0000] {dag.py:4138} INFO - Setting next_dagrun for example_weekday_branch_operator to 2026-06-30 00:00:00+00:00, run_after=2026-07-01 00:00:00+00:00
[2026-07-01T09:18:49.027+0000] {processor.py:208} INFO - Processing /home/airflow/.local/lib/python3.12/site-packages/airflow/example_dags/example_branch_day_of_week_operator.py took 0.060 seconds
[2026-07-01T09:19:19.753+0000] {processor.py:186} INFO - Started process (PID=1262) to work on /home/airflow/.local/lib/python3.12/site-packages/airflow/example_dags/example_branch_day_of_week_operator.py
[2026-07-01T09:19:19.754+0000] {processor.py:914} INFO - Processing file /home/airflow/.local/lib/python3.12/site-packages/airflow/example_dags/example_branch_day_of_week_operator.py for tasks to queue
[2026-07-01T09:19:19.756+0000] {logging_mixin.py:190} INFO - [2026-07-01T09:19:19.756+0000] {dagbag.py:587} INFO - Filling up the DagBag from /home/airflow/.local/lib/python3.12/site-packages/airflow/example_dags/example_branch_day_of_week_operator.py
[2026-07-01T09:19:19.763+0000] {processor.py:925} INFO - DAG(s) 'example_weekday_branch_operator' retrieved from /home/airflow/.local/lib/python3.12/site-packages/airflow/example_dags/example_branch_day_of_week_operator.py
[2026-07-01T09:19:19.777+0000] {logging_mixin.py:190} INFO - [2026-07-01T09:19:19.776+0000] {dag.py:3211} INFO - Sync 1 DAGs
[2026-07-01T09:19:19.791+0000] {logging_mixin.py:190} INFO - [2026-07-01T09:19:19.791+0000] {dag.py:4138} INFO - Setting next_dagrun for example_weekday_branch_operator to 2026-06-30 00:00:00+00:00, run_after=2026-07-01 00:00:00+00:00
[2026-07-01T09:19:19.802+0000] {processor.py:208} INFO - Processing /home/airflow/.local/lib/python3.12/site-packages/airflow/example_dags/example_branch_day_of_week_operator.py took 0.053 seconds
[2026-07-01T09:19:50.514+0000] {processor.py:186} INFO - Started process (PID=1324) to work on /home/airflow/.local/lib/python3.12/site-packages/airflow/example_dags/example_branch_day_of_week_operator.py
[2026-07-01T09:19:50.515+0000] {processor.py:914} INFO - Processing file /home/airflow/.local/lib/python3.12/site-packages/airflow/example_dags/example_branch_day_of_week_operator.py for tasks to queue
[2026-07-01T09:19:50.517+0000] {logging_mixin.py:190} INFO - [2026-07-01T09:19:50.517+0000] {dagbag.py:587} INFO - Filling up the DagBag from /home/airflow/.local/lib/python3.12/site-packages/airflow/example_dags/example_branch_day_of_week_operator.py
[2026-07-01T09:19:50.525+0000] {processor.py:925} INFO - DAG(s) 'example_weekday_branch_operator' retrieved from /home/airflow/.local/lib/python3.12/site-packages/airflow/example_dags/example_branch_day_of_week_operator.py
[2026-07-01T09:19:50.540+0000] {logging_mixin.py:190} INFO - [2026-07-01T09:19:50.540+0000] {dag.py:3211} INFO - Sync 1 DAGs
[2026-07-01T09:19:50.556+0000] {logging_mixin.py:190} INFO - [2026-07-01T09:19:50.556+0000] {dag.py:4138} INFO - Setting next_dagrun for example_weekday_branch_operator to 2026-06-30 00:00:00+00:00, run_after=2026-07-01 00:00:00+00:00
[2026-07-01T09:19:50.570+0000] {processor.py:208} INFO - Processing /home/airflow/.local/lib/python3.12/site-packages/airflow/example_dags/example_branch_day_of_week_operator.py took 0.062 seconds
[2026-07-01T09:20:21.214+0000] {processor.py:186} INFO - Started process (PID=1386) to work on /home/airflow/.local/lib/python3.12/site-packages/airflow/example_dags/example_branch_day_of_week_operator.py
[2026-07-01T09:20:21.215+0000] {processor.py:914} INFO - Processing file /home/airflow/.local/lib/python3.12/site-packages/airflow/example_dags/example_branch_day_of_week_operator.py for tasks to queue
[2026-07-01T09:20:21.217+0000] {logging_mixin.py:190} INFO - [2026-07-01T09:20:21.217+0000] {dagbag.py:587} INFO - Filling up the DagBag from /home/airflow/.local/lib/python3.12/site-packages/airflow/example_dags/example_branch_day_of_week_operator.py
[2026-07-01T09:20:21.225+0000] {processor.py:925} INFO - DAG(s) 'example_weekday_branch_operator' retrieved from /home/airflow/.local/lib/python3.12/site-packages/airflow/example_dags/example_branch_day_of_week_operator.py
[2026-07-01T09:20:21.239+0000] {logging_mixin.py:190} INFO - [2026-07-01T09:20:21.239+0000] {dag.py:3211} INFO - Sync 1 DAGs
[2026-07-01T09:20:21.255+0000] {logging_mixin.py:190} INFO - [2026-07-01T09:20:21.255+0000] {dag.py:4138} INFO - Setting next_dagrun for example_weekday_branch_operator to 2026-06-30 00:00:00+00:00, run_after=2026-07-01 00:00:00+00:00
[2026-07-01T09:20:21.267+0000] {processor.py:208} INFO - Processing /home/airflow/.local/lib/python3.12/site-packages/airflow/example_dags/example_branch_day_of_week_operator.py took 0.058 seconds
[2026-07-01T09:20:51.989+0000] {processor.py:186} INFO - Started process (PID=1448) to work on /home/airflow/.local/lib/python3.12/site-packages/airflow/example_dags/example_branch_day_of_week_operator.py
[2026-07-01T09:20:51.990+0000] {processor.py:914} INFO - Processing file /home/airflow/.local/lib/python3.12/site-packages/airflow/example_dags/example_branch_day_of_week_operator.py for tasks to queue
[2026-07-01T09:20:51.991+0000] {logging_mixin.py:190} INFO - [2026-07-01T09:20:51.991+0000] {dagbag.py:587} INFO - Filling up the DagBag from /home/airflow/.local/lib/python3.12/site-packages/airflow/example_dags/example_branch_day_of_week_operator.py
[2026-07-01T09:20:51.997+0000] {processor.py:925} INFO - DAG(s) 'example_weekday_branch_operator' retrieved from /home/airflow/.local/lib/python3.12/site-packages/airflow/example_dags/example_branch_day_of_week_operator.py
[2026-07-01T09:20:52.012+0000] {logging_mixin.py:190} INFO - [2026-07-01T09:20:52.011+0000] {dag.py:3211} INFO - Sync 1 DAGs
[2026-07-01T09:20:52.028+0000] {logging_mixin.py:190} INFO - [2026-07-01T09:20:52.028+0000] {dag.py:4138} INFO - Setting next_dagrun for example_weekday_branch_operator to 2026-06-30 00:00:00+00:00, run_after=2026-07-01 00:00:00+00:00
[2026-07-01T09:20:52.040+0000] {processor.py:208} INFO - Processing /home/airflow/.local/lib/python3.12/site-packages/airflow/example_dags/example_branch_day_of_week_operator.py took 0.056 seconds
[2026-07-01T09:21:22.185+0000] {processor.py:186} INFO - Started process (PID=1510) to work on /home/airflow/.local/lib/python3.12/site-packages/airflow/example_dags/example_branch_day_of_week_operator.py
[2026-07-01T09:21:22.186+0000] {processor.py:914} INFO - Processing file /home/airflow/.local/lib/python3.12/site-packages/airflow/example_dags/example_branch_day_of_week_operator.py for tasks to queue
[2026-07-01T09:21:22.189+0000] {logging_mixin.py:190} INFO - [2026-07-01T09:21:22.189+0000] {dagbag.py:587} INFO - Filling up the DagBag from /home/airflow/.local/lib/python3.12/site-packages/airflow/example_dags/example_branch_day_of_week_operator.py
[2026-07-01T09:21:22.199+0000] {processor.py:925} INFO - DAG(s) 'example_weekday_branch_operator' retrieved from /home/airflow/.local/lib/python3.12/site-packages/airflow/example_dags/example_branch_day_of_week_operator.py
[2026-07-01T09:21:22.218+0000] {logging_mixin.py:190} INFO - [2026-07-01T09:21:22.217+0000] {dag.py:3211} INFO - Sync 1 DAGs
[2026-07-01T09:21:22.237+0000] {logging_mixin.py:190} INFO - [2026-07-01T09:21:22.236+0000] {dag.py:4138} INFO - Setting next_dagrun for example_weekday_branch_operator to 2026-06-30 00:00:00+00:00, run_after=2026-07-01 00:00:00+00:00
[2026-07-01T09:21:22.252+0000] {processor.py:208} INFO - Processing /home/airflow/.local/lib/python3.12/site-packages/airflow/example_dags/example_branch_day_of_week_operator.py took 0.073 seconds
[2026-07-01T09:21:52.442+0000] {processor.py:186} INFO - Started process (PID=1572) to work on /home/airflow/.local/lib/python3.12/site-packages/airflow/example_dags/example_branch_day_of_week_operator.py
[2026-07-01T09:21:52.443+0000] {processor.py:914} INFO - Processing file /home/airflow/.local/lib/python3.12/site-packages/airflow/example_dags/example_branch_day_of_week_operator.py for tasks to queue
[2026-07-01T09:21:52.445+0000] {logging_mixin.py:190} INFO - [2026-07-01T09:21:52.445+0000] {dagbag.py:587} INFO - Filling up the DagBag from /home/airflow/.local/lib/python3.12/site-packages/airflow/example_dags/example_branch_day_of_week_operator.py
[2026-07-01T09:21:52.453+0000] {processor.py:925} INFO - DAG(s) 'example_weekday_branch_operator' retrieved from /home/airflow/.local/lib/python3.12/site-packages/airflow/example_dags/example_branch_day_of_week_operator.py
[2026-07-01T09:21:52.471+0000] {logging_mixin.py:190} INFO - [2026-07-01T09:21:52.471+0000] {dag.py:3211} INFO - Sync 1 DAGs
[2026-07-01T09:21:52.488+0000] {logging_mixin.py:190} INFO - [2026-07-01T09:21:52.488+0000] {dag.py:4138} INFO - Setting next_dagrun for example_weekday_branch_operator to 2026-06-30 00:00:00+00:00, run_after=2026-07-01 00:00:00+00:00
[2026-07-01T09:21:52.500+0000] {processor.py:208} INFO - Processing /home/airflow/.local/lib/python3.12/site-packages/airflow/example_dags/example_branch_day_of_week_operator.py took 0.062 seconds
[2026-07-01T09:22:22.809+0000] {processor.py:186} INFO - Started process (PID=1634) to work on /home/airflow/.local/lib/python3.12/site-packages/airflow/example_dags/example_branch_day_of_week_operator.py
[2026-07-01T09:22:22.810+0000] {processor.py:914} INFO - Processing file /home/airflow/.local/lib/python3.12/site-packages/airflow/example_dags/example_branch_day_of_week_operator.py for tasks to queue
[2026-07-01T09:22:22.812+0000] {logging_mixin.py:190} INFO - [2026-07-01T09:22:22.812+0000] {dagbag.py:587} INFO - Filling up the DagBag from /home/airflow/.local/lib/python3.12/site-packages/airflow/example_dags/example_branch_day_of_week_operator.py
[2026-07-01T09:22:22.822+0000] {processor.py:925} INFO - DAG(s) 'example_weekday_branch_operator' retrieved from /home/airflow/.local/lib/python3.12/site-packages/airflow/example_dags/example_branch_day_of_week_operator.py
[2026-07-01T09:22:22.840+0000] {logging_mixin.py:190} INFO - [2026-07-01T09:22:22.840+0000] {dag.py:3211} INFO - Sync 1 DAGs
[2026-07-01T09:22:22.858+0000] {logging_mixin.py:190} INFO - [2026-07-01T09:22:22.858+0000] {dag.py:4138} INFO - Setting next_dagrun for example_weekday_branch_operator to 2026-06-30 00:00:00+00:00, run_after=2026-07-01 00:00:00+00:00
[2026-07-01T09:22:22.877+0000] {processor.py:208} INFO - Processing /home/airflow/.local/lib/python3.12/site-packages/airflow/example_dags/example_branch_day_of_week_operator.py took 0.073 seconds
[2026-07-01T09:22:53.769+0000] {processor.py:186} INFO - Started process (PID=1696) to work on /home/airflow/.local/lib/python3.12/site-packages/airflow/example_dags/example_branch_day_of_week_operator.py
[2026-07-01T09:22:53.770+0000] {processor.py:914} INFO - Processing file /home/airflow/.local/lib/python3.12/site-packages/airflow/example_dags/example_branch_day_of_week_operator.py for tasks to queue
[2026-07-01T09:22:53.773+0000] {logging_mixin.py:190} INFO - [2026-07-01T09:22:53.772+0000] {dagbag.py:587} INFO - Filling up the DagBag from /home/airflow/.local/lib/python3.12/site-packages/airflow/example_dags/example_branch_day_of_week_operator.py
[2026-07-01T09:22:53.783+0000] {processor.py:925} INFO - DAG(s) 'example_weekday_branch_operator' retrieved from /home/airflow/.local/lib/python3.12/site-packages/airflow/example_dags/example_branch_day_of_week_operator.py
[2026-07-01T09:22:53.799+0000] {logging_mixin.py:190} INFO - [2026-07-01T09:22:53.799+0000] {dag.py:3211} INFO - Sync 1 DAGs
[2026-07-01T09:22:53.817+0000] {logging_mixin.py:190} INFO - [2026-07-01T09:22:53.817+0000] {dag.py:4138} INFO - Setting next_dagrun for example_weekday_branch_operator to 2026-06-30 00:00:00+00:00, run_after=2026-07-01 00:00:00+00:00
[2026-07-01T09:22:53.831+0000] {processor.py:208} INFO - Processing /home/airflow/.local/lib/python3.12/site-packages/airflow/example_dags/example_branch_day_of_week_operator.py took 0.066 seconds
[2026-07-01T09:23:23.976+0000] {processor.py:186} INFO - Started process (PID=1758) to work on /home/airflow/.local/lib/python3.12/site-packages/airflow/example_dags/example_branch_day_of_week_operator.py
[2026-07-01T09:23:23.977+0000] {processor.py:914} INFO - Processing file /home/airflow/.local/lib/python3.12/site-packages/airflow/example_dags/example_branch_day_of_week_operator.py for tasks to queue
[2026-07-01T09:23:23.979+0000] {logging_mixin.py:190} INFO - [2026-07-01T09:23:23.979+0000] {dagbag.py:587} INFO - Filling up the DagBag from /home/airflow/.local/lib/python3.12/site-packages/airflow/example_dags/example_branch_day_of_week_operator.py
[2026-07-01T09:23:23.986+0000] {processor.py:925} INFO - DAG(s) 'example_weekday_branch_operator' retrieved from /home/airflow/.local/lib/python3.12/site-packages/airflow/example_dags/example_branch_day_of_week_operator.py
[2026-07-01T09:23:24.000+0000] {logging_mixin.py:190} INFO - [2026-07-01T09:23:24.000+0000] {dag.py:3211} INFO - Sync 1 DAGs
[2026-07-01T09:23:24.017+0000] {logging_mixin.py:190} INFO - [2026-07-01T09:23:24.017+0000] {dag.py:4138} INFO - Setting next_dagrun for example_weekday_branch_operator to 2026-06-30 00:00:00+00:00, run_after=2026-07-01 00:00:00+00:00
[2026-07-01T09:23:24.031+0000] {processor.py:208} INFO - Processing /home/airflow/.local/lib/python3.12/site-packages/airflow/example_dags/example_branch_day_of_week_operator.py took 0.059 seconds
[2026-07-01T09:23:54.317+0000] {processor.py:186} INFO - Started process (PID=1819) to work on /home/airflow/.local/lib/python3.12/site-packages/airflow/example_dags/example_branch_day_of_week_operator.py
[2026-07-01T09:23:54.318+0000] {processor.py:914} INFO - Processing file /home/airflow/.local/lib/python3.12/site-packages/airflow/example_dags/example_branch_day_of_week_operator.py for tasks to queue
[2026-07-01T09:23:54.320+0000] {logging_mixin.py:190} INFO - [2026-07-01T09:23:54.320+0000] {dagbag.py:587} INFO - Filling up the DagBag from /home/airflow/.local/lib/python3.12/site-packages/airflow/example_dags/example_branch_day_of_week_operator.py
[2026-07-01T09:23:54.328+0000] {processor.py:925} INFO - DAG(s) 'example_weekday_branch_operator' retrieved from /home/airflow/.local/lib/python3.12/site-packages/airflow/example_dags/example_branch_day_of_week_operator.py
[2026-07-01T09:23:54.343+0000] {logging_mixin.py:190} INFO - [2026-07-01T09:23:54.342+0000] {dag.py:3211} INFO - Sync 1 DAGs
[2026-07-01T09:23:54.357+0000] {logging_mixin.py:190} INFO - [2026-07-01T09:23:54.357+0000] {dag.py:4138} INFO - Setting next_dagrun for example_weekday_branch_operator to 2026-06-30 00:00:00+00:00, run_after=2026-07-01 00:00:00+00:00
[2026-07-01T09:23:54.369+0000] {processor.py:208} INFO - Processing /home/airflow/.local/lib/python3.12/site-packages/airflow/example_dags/example_branch_day_of_week_operator.py took 0.057 seconds
[2026-07-01T09:24:24.559+0000] {processor.py:186} INFO - Started process (PID=1881) to work on /home/airflow/.local/lib/python3.12/site-packages/airflow/example_dags/example_branch_day_of_week_operator.py
[2026-07-01T09:24:24.559+0000] {processor.py:914} INFO - Processing file /home/airflow/.local/lib/python3.12/site-packages/airflow/example_dags/example_branch_day_of_week_operator.py for tasks to queue
[2026-07-01T09:24:24.561+0000] {logging_mixin.py:190} INFO - [2026-07-01T09:24:24.561+0000] {dagbag.py:587} INFO - Filling up the DagBag from /home/airflow/.local/lib/python3.12/site-packages/airflow/example_dags/example_branch_day_of_week_operator.py
[2026-07-01T09:24:24.568+0000] {processor.py:925} INFO - DAG(s) 'example_weekday_branch_operator' retrieved from /home/airflow/.local/lib/python3.12/site-packages/airflow/example_dags/example_branch_day_of_week_operator.py
[2026-07-01T09:24:24.583+0000] {logging_mixin.py:190} INFO - [2026-07-01T09:24:24.583+0000] {dag.py:3211} INFO - Sync 1 DAGs
[2026-07-01T09:24:24.597+0000] {logging_mixin.py:190} INFO - [2026-07-01T09:24:24.597+0000] {dag.py:4138} INFO - Setting next_dagrun for example_weekday_branch_operator to 2026-06-30 00:00:00+00:00, run_after=2026-07-01 00:00:00+00:00
[2026-07-01T09:24:24.609+0000] {processor.py:208} INFO - Processing /home/airflow/.local/lib/python3.12/site-packages/airflow/example_dags/example_branch_day_of_week_operator.py took 0.055 seconds
[2026-07-01T09:24:54.751+0000] {processor.py:186} INFO - Started process (PID=1943) to work on /home/airflow/.local/lib/python3.12/site-packages/airflow/example_dags/example_branch_day_of_week_operator.py
[2026-07-01T09:24:54.753+0000] {processor.py:914} INFO - Processing file /home/airflow/.local/lib/python3.12/site-packages/airflow/example_dags/example_branch_day_of_week_operator.py for tasks to queue
[2026-07-01T09:24:54.755+0000] {logging_mixin.py:190} INFO - [2026-07-01T09:24:54.755+0000] {dagbag.py:587} INFO - Filling up the DagBag from /home/airflow/.local/lib/python3.12/site-packages/airflow/example_dags/example_branch_day_of_week_operator.py
[2026-07-01T09:24:54.765+0000] {processor.py:925} INFO - DAG(s) 'example_weekday_branch_operator' retrieved from /home/airflow/.local/lib/python3.12/site-packages/airflow/example_dags/example_branch_day_of_week_operator.py
[2026-07-01T09:24:54.781+0000] {logging_mixin.py:190} INFO - [2026-07-01T09:24:54.781+0000] {dag.py:3211} INFO - Sync 1 DAGs
[2026-07-01T09:24:54.798+0000] {logging_mixin.py:190} INFO - [2026-07-01T09:24:54.798+0000] {dag.py:4138} INFO - Setting next_dagrun for example_weekday_branch_operator to 2026-06-30 00:00:00+00:00, run_after=2026-07-01 00:00:00+00:00
[2026-07-01T09:24:54.810+0000] {processor.py:208} INFO - Processing /home/airflow/.local/lib/python3.12/site-packages/airflow/example_dags/example_branch_day_of_week_operator.py took 0.064 seconds
[2026-07-01T09:25:24.837+0000] {processor.py:186} INFO - Started process (PID=2004) to work on /home/airflow/.local/lib/python3.12/site-packages/airflow/example_dags/example_branch_day_of_week_operator.py
[2026-07-01T09:25:24.838+0000] {processor.py:914} INFO - Processing file /home/airflow/.local/lib/python3.12/site-packages/airflow/example_dags/example_branch_day_of_week_operator.py for tasks to queue
[2026-07-01T09:25:24.840+0000] {logging_mixin.py:190} INFO - [2026-07-01T09:25:24.840+0000] {dagbag.py:587} INFO - Filling up the DagBag from /home/airflow/.local/lib/python3.12/site-packages/airflow/example_dags/example_branch_day_of_week_operator.py
[2026-07-01T09:25:24.847+0000] {processor.py:925} INFO - DAG(s) 'example_weekday_branch_operator' retrieved from /home/airflow/.local/lib/python3.12/site-packages/airflow/example_dags/example_branch_day_of_week_operator.py
[2026-07-01T09:25:24.864+0000] {logging_mixin.py:190} INFO - [2026-07-01T09:25:24.864+0000] {dag.py:3211} INFO - Sync 1 DAGs
[2026-07-01T09:25:24.880+0000] {logging_mixin.py:190} INFO - [2026-07-01T09:25:24.880+0000] {dag.py:4138} INFO - Setting next_dagrun for example_weekday_branch_operator to 2026-06-30 00:00:00+00:00, run_after=2026-07-01 00:00:00+00:00
[2026-07-01T09:25:24.893+0000] {processor.py:208} INFO - Processing /home/airflow/.local/lib/python3.12/site-packages/airflow/example_dags/example_branch_day_of_week_operator.py took 0.061 seconds
[2026-07-01T09:30:07.843+0000] {processor.py:186} INFO - Started process (PID=2062) to work on /home/airflow/.local/lib/python3.12/site-packages/airflow/example_dags/example_branch_day_of_week_operator.py
[2026-07-01T09:30:07.845+0000] {processor.py:914} INFO - Processing file /home/airflow/.local/lib/python3.12/site-packages/airflow/example_dags/example_branch_day_of_week_operator.py for tasks to queue
[2026-07-01T09:30:07.846+0000] {logging_mixin.py:190} INFO - [2026-07-01T09:30:07.846+0000] {dagbag.py:587} INFO - Filling up the DagBag from /home/airflow/.local/lib/python3.12/site-packages/airflow/example_dags/example_branch_day_of_week_operator.py
[2026-07-01T09:30:07.854+0000] {processor.py:925} INFO - DAG(s) 'example_weekday_branch_operator' retrieved from /home/airflow/.local/lib/python3.12/site-packages/airflow/example_dags/example_branch_day_of_week_operator.py
[2026-07-01T09:30:07.869+0000] {logging_mixin.py:190} INFO - [2026-07-01T09:30:07.869+0000] {dag.py:3211} INFO - Sync 1 DAGs
[2026-07-01T09:30:07.887+0000] {logging_mixin.py:190} INFO - [2026-07-01T09:30:07.886+0000] {dag.py:4138} INFO - Setting next_dagrun for example_weekday_branch_operator to 2026-06-30 00:00:00+00:00, run_after=2026-07-01 00:00:00+00:00
[2026-07-01T09:30:07.900+0000] {processor.py:208} INFO - Processing /home/airflow/.local/lib/python3.12/site-packages/airflow/example_dags/example_branch_day_of_week_operator.py took 0.061 seconds
[2026-07-01T09:30:38.550+0000] {processor.py:186} INFO - Started process (PID=2124) to work on /home/airflow/.local/lib/python3.12/site-packages/airflow/example_dags/example_branch_day_of_week_operator.py
[2026-07-01T09:30:38.551+0000] {processor.py:914} INFO - Processing file /home/airflow/.local/lib/python3.12/site-packages/airflow/example_dags/example_branch_day_of_week_operator.py for tasks to queue
[2026-07-01T09:30:38.553+0000] {logging_mixin.py:190} INFO - [2026-07-01T09:30:38.553+0000] {dagbag.py:587} INFO - Filling up the DagBag from /home/airflow/.local/lib/python3.12/site-packages/airflow/example_dags/example_branch_day_of_week_operator.py
[2026-07-01T09:30:38.560+0000] {processor.py:925} INFO - DAG(s) 'example_weekday_branch_operator' retrieved from /home/airflow/.local/lib/python3.12/site-packages/airflow/example_dags/example_branch_day_of_week_operator.py
[2026-07-01T09:30:38.576+0000] {logging_mixin.py:190} INFO - [2026-07-01T09:30:38.576+0000] {dag.py:3211} INFO - Sync 1 DAGs
[2026-07-01T09:30:38.593+0000] {logging_mixin.py:190} INFO - [2026-07-01T09:30:38.593+0000] {dag.py:4138} INFO - Setting next_dagrun for example_weekday_branch_operator to 2026-06-30 00:00:00+00:00, run_after=2026-07-01 00:00:00+00:00
[2026-07-01T09:30:38.606+0000] {processor.py:208} INFO - Processing /home/airflow/.local/lib/python3.12/site-packages/airflow/example_dags/example_branch_day_of_week_operator.py took 0.060 seconds
[2026-07-01T09:31:08.946+0000] {processor.py:186} INFO - Started process (PID=2186) to work on /home/airflow/.local/lib/python3.12/site-packages/airflow/example_dags/example_branch_day_of_week_operator.py
[2026-07-01T09:31:08.947+0000] {processor.py:914} INFO - Processing file /home/airflow/.local/lib/python3.12/site-packages/airflow/example_dags/example_branch_day_of_week_operator.py for tasks to queue
[2026-07-01T09:31:08.949+0000] {logging_mixin.py:190} INFO - [2026-07-01T09:31:08.949+0000] {dagbag.py:587} INFO - Filling up the DagBag from /home/airflow/.local/lib/python3.12/site-packages/airflow/example_dags/example_branch_day_of_week_operator.py
[2026-07-01T09:31:08.957+0000] {processor.py:925} INFO - DAG(s) 'example_weekday_branch_operator' retrieved from /home/airflow/.local/lib/python3.12/site-packages/airflow/example_dags/example_branch_day_of_week_operator.py
[2026-07-01T09:31:08.972+0000] {logging_mixin.py:190} INFO - [2026-07-01T09:31:08.971+0000] {dag.py:3211} INFO - Sync 1 DAGs
[2026-07-01T09:31:08.986+0000] {logging_mixin.py:190} INFO - [2026-07-01T09:31:08.986+0000] {dag.py:4138} INFO - Setting next_dagrun for example_weekday_branch_operator to 2026-06-30 00:00:00+00:00, run_after=2026-07-01 00:00:00+00:00
[2026-07-01T09:31:08.999+0000] {processor.py:208} INFO - Processing /home/airflow/.local/lib/python3.12/site-packages/airflow/example_dags/example_branch_day_of_week_operator.py took 0.057 seconds
[2026-07-01T09:31:39.295+0000] {processor.py:186} INFO - Started process (PID=2248) to work on /home/airflow/.local/lib/python3.12/site-packages/airflow/example_dags/example_branch_day_of_week_operator.py
[2026-07-01T09:31:39.296+0000] {processor.py:914} INFO - Processing file /home/airflow/.local/lib/python3.12/site-packages/airflow/example_dags/example_branch_day_of_week_operator.py for tasks to queue
[2026-07-01T09:31:39.297+0000] {logging_mixin.py:190} INFO - [2026-07-01T09:31:39.297+0000] {dagbag.py:587} INFO - Filling up the DagBag from /home/airflow/.local/lib/python3.12/site-packages/airflow/example_dags/example_branch_day_of_week_operator.py
[2026-07-01T09:31:39.305+0000] {processor.py:925} INFO - DAG(s) 'example_weekday_branch_operator' retrieved from /home/airflow/.local/lib/python3.12/site-packages/airflow/example_dags/example_branch_day_of_week_operator.py
[2026-07-01T09:31:39.320+0000] {logging_mixin.py:190} INFO - [2026-07-01T09:31:39.320+0000] {dag.py:3211} INFO - Sync 1 DAGs
[2026-07-01T09:31:39.335+0000] {logging_mixin.py:190} INFO - [2026-07-01T09:31:39.335+0000] {dag.py:4138} INFO - Setting next_dagrun for example_weekday_branch_operator to 2026-06-30 00:00:00+00:00, run_after=2026-07-01 00:00:00+00:00
[2026-07-01T09:31:39.347+0000] {processor.py:208} INFO - Processing /home/airflow/.local/lib/python3.12/site-packages/airflow/example_dags/example_branch_day_of_week_operator.py took 0.056 seconds
[2026-07-01T09:32:09.660+0000] {processor.py:186} INFO - Started process (PID=2309) to work on /home/airflow/.local/lib/python3.12/site-packages/airflow/example_dags/example_branch_day_of_week_operator.py
[2026-07-01T09:32:09.661+0000] {processor.py:914} INFO - Processing file /home/airflow/.local/lib/python3.12/site-packages/airflow/example_dags/example_branch_day_of_week_operator.py for tasks to queue
[2026-07-01T09:32:09.663+0000] {logging_mixin.py:190} INFO - [2026-07-01T09:32:09.662+0000] {dagbag.py:587} INFO - Filling up the DagBag from /home/airflow/.local/lib/python3.12/site-packages/airflow/example_dags/example_branch_day_of_week_operator.py
[2026-07-01T09:32:09.670+0000] {processor.py:925} INFO - DAG(s) 'example_weekday_branch_operator' retrieved from /home/airflow/.local/lib/python3.12/site-packages/airflow/example_dags/example_branch_day_of_week_operator.py
[2026-07-01T09:32:09.686+0000] {logging_mixin.py:190} INFO - [2026-07-01T09:32:09.686+0000] {dag.py:3211} INFO - Sync 1 DAGs
[2026-07-01T09:32:09.703+0000] {logging_mixin.py:190} INFO - [2026-07-01T09:32:09.703+0000] {dag.py:4138} INFO - Setting next_dagrun for example_weekday_branch_operator to 2026-06-30 00:00:00+00:00, run_after=2026-07-01 00:00:00+00:00
[2026-07-01T09:32:09.716+0000] {processor.py:208} INFO - Processing /home/airflow/.local/lib/python3.12/site-packages/airflow/example_dags/example_branch_day_of_week_operator.py took 0.061 seconds
[2026-07-01T09:32:40.033+0000] {processor.py:186} INFO - Started process (PID=2371) to work on /home/airflow/.local/lib/python3.12/site-packages/airflow/example_dags/example_branch_day_of_week_operator.py
[2026-07-01T09:32:40.035+0000] {processor.py:914} INFO - Processing file /home/airflow/.local/lib/python3.12/site-packages/airflow/example_dags/example_branch_day_of_week_operator.py for tasks to queue
[2026-07-01T09:32:40.037+0000] {logging_mixin.py:190} INFO - [2026-07-01T09:32:40.037+0000] {dagbag.py:587} INFO - Filling up the DagBag from /home/airflow/.local/lib/python3.12/site-packages/airflow/example_dags/example_branch_day_of_week_operator.py
[2026-07-01T09:32:40.045+0000] {processor.py:925} INFO - DAG(s) 'example_weekday_branch_operator' retrieved from /home/airflow/.local/lib/python3.12/site-packages/airflow/example_dags/example_branch_day_of_week_operator.py
[2026-07-01T09:32:40.062+0000] {logging_mixin.py:190} INFO - [2026-07-01T09:32:40.062+0000] {dag.py:3211} INFO - Sync 1 DAGs
[2026-07-01T09:32:40.079+0000] {logging_mixin.py:190} INFO - [2026-07-01T09:32:40.079+0000] {dag.py:4138} INFO - Setting next_dagrun for example_weekday_branch_operator to 2026-06-30 00:00:00+00:00, run_after=2026-07-01 00:00:00+00:00
[2026-07-01T09:32:40.094+0000] {processor.py:208} INFO - Processing /home/airflow/.local/lib/python3.12/site-packages/airflow/example_dags/example_branch_day_of_week_operator.py took 0.066 seconds
[2026-07-01T09:33:10.269+0000] {processor.py:186} INFO - Started process (PID=2432) to work on /home/airflow/.local/lib/python3.12/site-packages/airflow/example_dags/example_branch_day_of_week_operator.py
[2026-07-01T09:33:10.271+0000] {processor.py:914} INFO - Processing file /home/airflow/.local/lib/python3.12/site-packages/airflow/example_dags/example_branch_day_of_week_operator.py for tasks to queue
[2026-07-01T09:33:10.272+0000] {logging_mixin.py:190} INFO - [2026-07-01T09:33:10.272+0000] {dagbag.py:587} INFO - Filling up the DagBag from /home/airflow/.local/lib/python3.12/site-packages/airflow/example_dags/example_branch_day_of_week_operator.py
[2026-07-01T09:33:10.279+0000] {processor.py:925} INFO - DAG(s) 'example_weekday_branch_operator' retrieved from /home/airflow/.local/lib/python3.12/site-packages/airflow/example_dags/example_branch_day_of_week_operator.py
[2026-07-01T09:33:10.294+0000] {logging_mixin.py:190} INFO - [2026-07-01T09:33:10.294+0000] {dag.py:3211} INFO - Sync 1 DAGs
[2026-07-01T09:33:10.310+0000] {logging_mixin.py:190} INFO - [2026-07-01T09:33:10.310+0000] {dag.py:4138} INFO - Setting next_dagrun for example_weekday_branch_operator to 2026-06-30 00:00:00+00:00, run_after=2026-07-01 00:00:00+00:00
[2026-07-01T09:33:10.324+0000] {processor.py:208} INFO - Processing /home/airflow/.local/lib/python3.12/site-packages/airflow/example_dags/example_branch_day_of_week_operator.py took 0.059 seconds
[2026-07-01T09:33:40.856+0000] {processor.py:186} INFO - Started process (PID=2493) to work on /home/airflow/.local/lib/python3.12/site-packages/airflow/example_dags/example_branch_day_of_week_operator.py
[2026-07-01T09:33:40.857+0000] {processor.py:914} INFO - Processing file /home/airflow/.local/lib/python3.12/site-packages/airflow/example_dags/example_branch_day_of_week_operator.py for tasks to queue
[2026-07-01T09:33:40.859+0000] {logging_mixin.py:190} INFO - [2026-07-01T09:33:40.859+0000] {dagbag.py:587} INFO - Filling up the DagBag from /home/airflow/.local/lib/python3.12/site-packages/airflow/example_dags/example_branch_day_of_week_operator.py
[2026-07-01T09:33:40.867+0000] {processor.py:925} INFO - DAG(s) 'example_weekday_branch_operator' retrieved from /home/airflow/.local/lib/python3.12/site-packages/airflow/example_dags/example_branch_day_of_week_operator.py
[2026-07-01T09:33:40.882+0000] {logging_mixin.py:190} INFO - [2026-07-01T09:33:40.882+0000] {dag.py:3211} INFO - Sync 1 DAGs
[2026-07-01T09:33:40.897+0000] {logging_mixin.py:190} INFO - [2026-07-01T09:33:40.896+0000] {dag.py:4138} INFO - Setting next_dagrun for example_weekday_branch_operator to 2026-06-30 00:00:00+00:00, run_after=2026-07-01 00:00:00+00:00
[2026-07-01T09:33:40.909+0000] {processor.py:208} INFO - Processing /home/airflow/.local/lib/python3.12/site-packages/airflow/example_dags/example_branch_day_of_week_operator.py took 0.057 seconds
[2026-07-01T09:34:12.281+0000] {processor.py:186} INFO - Started process (PID=2558) to work on /home/airflow/.local/lib/python3.12/site-packages/airflow/example_dags/example_branch_day_of_week_operator.py
[2026-07-01T09:34:12.282+0000] {processor.py:914} INFO - Processing file /home/airflow/.local/lib/python3.12/site-packages/airflow/example_dags/example_branch_day_of_week_operator.py for tasks to queue
[2026-07-01T09:34:12.284+0000] {logging_mixin.py:190} INFO - [2026-07-01T09:34:12.284+0000] {dagbag.py:587} INFO - Filling up the DagBag from /home/airflow/.local/lib/python3.12/site-packages/airflow/example_dags/example_branch_day_of_week_operator.py
[2026-07-01T09:34:12.292+0000] {processor.py:925} INFO - DAG(s) 'example_weekday_branch_operator' retrieved from /home/airflow/.local/lib/python3.12/site-packages/airflow/example_dags/example_branch_day_of_week_operator.py
[2026-07-01T09:34:12.308+0000] {logging_mixin.py:190} INFO - [2026-07-01T09:34:12.308+0000] {dag.py:3211} INFO - Sync 1 DAGs
[2026-07-01T09:34:12.325+0000] {logging_mixin.py:190} INFO - [2026-07-01T09:34:12.325+0000] {dag.py:4138} INFO - Setting next_dagrun for example_weekday_branch_operator to 2026-06-30 00:00:00+00:00, run_after=2026-07-01 00:00:00+00:00
[2026-07-01T09:34:12.337+0000] {processor.py:208} INFO - Processing /home/airflow/.local/lib/python3.12/site-packages/airflow/example_dags/example_branch_day_of_week_operator.py took 0.061 seconds
[2026-07-01T09:34:43.260+0000] {processor.py:186} INFO - Started process (PID=2620) to work on /home/airflow/.local/lib/python3.12/site-packages/airflow/example_dags/example_branch_day_of_week_operator.py
[2026-07-01T09:34:43.262+0000] {processor.py:914} INFO - Processing file /home/airflow/.local/lib/python3.12/site-packages/airflow/example_dags/example_branch_day_of_week_operator.py for tasks to queue
[2026-07-01T09:34:43.265+0000] {logging_mixin.py:190} INFO - [2026-07-01T09:34:43.264+0000] {dagbag.py:587} INFO - Filling up the DagBag from /home/airflow/.local/lib/python3.12/site-packages/airflow/example_dags/example_branch_day_of_week_operator.py
[2026-07-01T09:34:43.279+0000] {processor.py:925} INFO - DAG(s) 'example_weekday_branch_operator' retrieved from /home/airflow/.local/lib/python3.12/site-packages/airflow/example_dags/example_branch_day_of_week_operator.py
[2026-07-01T09:34:43.302+0000] {logging_mixin.py:190} INFO - [2026-07-01T09:34:43.302+0000] {dag.py:3211} INFO - Sync 1 DAGs
[2026-07-01T09:34:43.320+0000] {logging_mixin.py:190} INFO - [2026-07-01T09:34:43.319+0000] {dag.py:4138} INFO - Setting next_dagrun for example_weekday_branch_operator to 2026-06-30 00:00:00+00:00, run_after=2026-07-01 00:00:00+00:00
[2026-07-01T09:34:43.336+0000] {processor.py:208} INFO - Processing /home/airflow/.local/lib/python3.12/site-packages/airflow/example_dags/example_branch_day_of_week_operator.py took 0.080 seconds
[2026-07-01T09:35:13.857+0000] {processor.py:186} INFO - Started process (PID=2682) to work on /home/airflow/.local/lib/python3.12/site-packages/airflow/example_dags/example_branch_day_of_week_operator.py
[2026-07-01T09:35:13.858+0000] {processor.py:914} INFO - Processing file /home/airflow/.local/lib/python3.12/site-packages/airflow/example_dags/example_branch_day_of_week_operator.py for tasks to queue
[2026-07-01T09:35:13.860+0000] {logging_mixin.py:190} INFO - [2026-07-01T09:35:13.860+0000] {dagbag.py:587} INFO - Filling up the DagBag from /home/airflow/.local/lib/python3.12/site-packages/airflow/example_dags/example_branch_day_of_week_operator.py
[2026-07-01T09:35:13.867+0000] {processor.py:925} INFO - DAG(s) 'example_weekday_branch_operator' retrieved from /home/airflow/.local/lib/python3.12/site-packages/airflow/example_dags/example_branch_day_of_week_operator.py
[2026-07-01T09:35:13.883+0000] {logging_mixin.py:190} INFO - [2026-07-01T09:35:13.883+0000] {dag.py:3211} INFO - Sync 1 DAGs
[2026-07-01T09:35:13.898+0000] {logging_mixin.py:190} INFO - [2026-07-01T09:35:13.898+0000] {dag.py:4138} INFO - Setting next_dagrun for example_weekday_branch_operator to 2026-06-30 00:00:00+00:00, run_after=2026-07-01 00:00:00+00:00
[2026-07-01T09:35:13.912+0000] {processor.py:208} INFO - Processing /home/airflow/.local/lib/python3.12/site-packages/airflow/example_dags/example_branch_day_of_week_operator.py took 0.059 seconds
[2026-07-01T09:35:44.604+0000] {processor.py:186} INFO - Started process (PID=2744) to work on /home/airflow/.local/lib/python3.12/site-packages/airflow/example_dags/example_branch_day_of_week_operator.py
[2026-07-01T09:35:44.605+0000] {processor.py:914} INFO - Processing file /home/airflow/.local/lib/python3.12/site-packages/airflow/example_dags/example_branch_day_of_week_operator.py for tasks to queue
[2026-07-01T09:35:44.607+0000] {logging_mixin.py:190} INFO - [2026-07-01T09:35:44.607+0000] {dagbag.py:587} INFO - Filling up the DagBag from /home/airflow/.local/lib/python3.12/site-packages/airflow/example_dags/example_branch_day_of_week_operator.py
[2026-07-01T09:35:44.615+0000] {processor.py:925} INFO - DAG(s) 'example_weekday_branch_operator' retrieved from /home/airflow/.local/lib/python3.12/site-packages/airflow/example_dags/example_branch_day_of_week_operator.py
[2026-07-01T09:35:44.632+0000] {logging_mixin.py:190} INFO - [2026-07-01T09:35:44.632+0000] {dag.py:3211} INFO - Sync 1 DAGs
[2026-07-01T09:35:44.648+0000] {logging_mixin.py:190} INFO - [2026-07-01T09:35:44.648+0000] {dag.py:4138} INFO - Setting next_dagrun for example_weekday_branch_operator to 2026-06-30 00:00:00+00:00, run_after=2026-07-01 00:00:00+00:00
[2026-07-01T09:35:44.662+0000] {processor.py:208} INFO - Processing /home/airflow/.local/lib/python3.12/site-packages/airflow/example_dags/example_branch_day_of_week_operator.py took 0.064 seconds
[2026-07-01T09:36:15.171+0000] {processor.py:186} INFO - Started process (PID=2806) to work on /home/airflow/.local/lib/python3.12/site-packages/airflow/example_dags/example_branch_day_of_week_operator.py
[2026-07-01T09:36:15.172+0000] {processor.py:914} INFO - Processing file /home/airflow/.local/lib/python3.12/site-packages/airflow/example_dags/example_branch_day_of_week_operator.py for tasks to queue
[2026-07-01T09:36:15.174+0000] {logging_mixin.py:190} INFO - [2026-07-01T09:36:15.174+0000] {dagbag.py:587} INFO - Filling up the DagBag from /home/airflow/.local/lib/python3.12/site-packages/airflow/example_dags/example_branch_day_of_week_operator.py
[2026-07-01T09:36:15.183+0000] {processor.py:925} INFO - DAG(s) 'example_weekday_branch_operator' retrieved from /home/airflow/.local/lib/python3.12/site-packages/airflow/example_dags/example_branch_day_of_week_operator.py
[2026-07-01T09:36:15.204+0000] {logging_mixin.py:190} INFO - [2026-07-01T09:36:15.203+0000] {dag.py:3211} INFO - Sync 1 DAGs
[2026-07-01T09:36:15.223+0000] {logging_mixin.py:190} INFO - [2026-07-01T09:36:15.223+0000] {dag.py:4138} INFO - Setting next_dagrun for example_weekday_branch_operator to 2026-06-30 00:00:00+00:00, run_after=2026-07-01 00:00:00+00:00
[2026-07-01T09:36:15.238+0000] {processor.py:208} INFO - Processing /home/airflow/.local/lib/python3.12/site-packages/airflow/example_dags/example_branch_day_of_week_operator.py took 0.072 seconds
[2026-07-01T09:36:46.113+0000] {processor.py:186} INFO - Started process (PID=2868) to work on /home/airflow/.local/lib/python3.12/site-packages/airflow/example_dags/example_branch_day_of_week_operator.py
[2026-07-01T09:36:46.114+0000] {processor.py:914} INFO - Processing file /home/airflow/.local/lib/python3.12/site-packages/airflow/example_dags/example_branch_day_of_week_operator.py for tasks to queue
[2026-07-01T09:36:46.117+0000] {logging_mixin.py:190} INFO - [2026-07-01T09:36:46.117+0000] {dagbag.py:587} INFO - Filling up the DagBag from /home/airflow/.local/lib/python3.12/site-packages/airflow/example_dags/example_branch_day_of_week_operator.py
[2026-07-01T09:36:46.126+0000] {processor.py:925} INFO - DAG(s) 'example_weekday_branch_operator' retrieved from /home/airflow/.local/lib/python3.12/site-packages/airflow/example_dags/example_branch_day_of_week_operator.py
[2026-07-01T09:36:46.144+0000] {logging_mixin.py:190} INFO - [2026-07-01T09:36:46.144+0000] {dag.py:3211} INFO - Sync 1 DAGs
[2026-07-01T09:36:46.163+0000] {logging_mixin.py:190} INFO - [2026-07-01T09:36:46.162+0000] {dag.py:4138} INFO - Setting next_dagrun for example_weekday_branch_operator to 2026-06-30 00:00:00+00:00, run_after=2026-07-01 00:00:00+00:00
[2026-07-01T09:36:46.177+0000] {processor.py:208} INFO - Processing /home/airflow/.local/lib/python3.12/site-packages/airflow/example_dags/example_branch_day_of_week_operator.py took 0.069 seconds
[2026-07-01T09:37:17.759+0000] {processor.py:186} INFO - Started process (PID=2930) to work on /home/airflow/.local/lib/python3.12/site-packages/airflow/example_dags/example_branch_day_of_week_operator.py
[2026-07-01T09:37:17.760+0000] {processor.py:914} INFO - Processing file /home/airflow/.local/lib/python3.12/site-packages/airflow/example_dags/example_branch_day_of_week_operator.py for tasks to queue
[2026-07-01T09:37:17.763+0000] {logging_mixin.py:190} INFO - [2026-07-01T09:37:17.763+0000] {dagbag.py:587} INFO - Filling up the DagBag from /home/airflow/.local/lib/python3.12/site-packages/airflow/example_dags/example_branch_day_of_week_operator.py
[2026-07-01T09:37:17.772+0000] {processor.py:925} INFO - DAG(s) 'example_weekday_branch_operator' retrieved from /home/airflow/.local/lib/python3.12/site-packages/airflow/example_dags/example_branch_day_of_week_operator.py
[2026-07-01T09:37:17.791+0000] {logging_mixin.py:190} INFO - [2026-07-01T09:37:17.791+0000] {dag.py:3211} INFO - Sync 1 DAGs
[2026-07-01T09:37:17.972+0000] {logging_mixin.py:190} INFO - [2026-07-01T09:37:17.972+0000] {dag.py:4138} INFO - Setting next_dagrun for example_weekday_branch_operator to 2026-06-30 00:00:00+00:00, run_after=2026-07-01 00:00:00+00:00
[2026-07-01T09:37:17.988+0000] {processor.py:208} INFO - Processing /home/airflow/.local/lib/python3.12/site-packages/airflow/example_dags/example_branch_day_of_week_operator.py took 0.236 seconds
[2026-07-01T09:37:48.434+0000] {processor.py:186} INFO - Started process (PID=2992) to work on /home/airflow/.local/lib/python3.12/site-packages/airflow/example_dags/example_branch_day_of_week_operator.py
[2026-07-01T09:37:48.436+0000] {processor.py:914} INFO - Processing file /home/airflow/.local/lib/python3.12/site-packages/airflow/example_dags/example_branch_day_of_week_operator.py for tasks to queue
[2026-07-01T09:37:48.438+0000] {logging_mixin.py:190} INFO - [2026-07-01T09:37:48.438+0000] {dagbag.py:587} INFO - Filling up the DagBag from /home/airflow/.local/lib/python3.12/site-packages/airflow/example_dags/example_branch_day_of_week_operator.py
[2026-07-01T09:37:48.447+0000] {processor.py:925} INFO - DAG(s) 'example_weekday_branch_operator' retrieved from /home/airflow/.local/lib/python3.12/site-packages/airflow/example_dags/example_branch_day_of_week_operator.py
[2026-07-01T09:37:48.468+0000] {logging_mixin.py:190} INFO - [2026-07-01T09:37:48.467+0000] {dag.py:3211} INFO - Sync 1 DAGs
[2026-07-01T09:37:48.488+0000] {logging_mixin.py:190} INFO - [2026-07-01T09:37:48.488+0000] {dag.py:4138} INFO - Setting next_dagrun for example_weekday_branch_operator to 2026-06-30 00:00:00+00:00, run_after=2026-07-01 00:00:00+00:00
[2026-07-01T09:37:48.658+0000] {processor.py:208} INFO - Processing /home/airflow/.local/lib/python3.12/site-packages/airflow/example_dags/example_branch_day_of_week_operator.py took 0.229 seconds
[2026-07-01T09:38:19.090+0000] {processor.py:186} INFO - Started process (PID=3054) to work on /home/airflow/.local/lib/python3.12/site-packages/airflow/example_dags/example_branch_day_of_week_operator.py
[2026-07-01T09:38:19.091+0000] {processor.py:914} INFO - Processing file /home/airflow/.local/lib/python3.12/site-packages/airflow/example_dags/example_branch_day_of_week_operator.py for tasks to queue
[2026-07-01T09:38:19.093+0000] {logging_mixin.py:190} INFO - [2026-07-01T09:38:19.093+0000] {dagbag.py:587} INFO - Filling up the DagBag from /home/airflow/.local/lib/python3.12/site-packages/airflow/example_dags/example_branch_day_of_week_operator.py
[2026-07-01T09:38:19.101+0000] {processor.py:925} INFO - DAG(s) 'example_weekday_branch_operator' retrieved from /home/airflow/.local/lib/python3.12/site-packages/airflow/example_dags/example_branch_day_of_week_operator.py
[2026-07-01T09:38:19.118+0000] {logging_mixin.py:190} INFO - [2026-07-01T09:38:19.117+0000] {dag.py:3211} INFO - Sync 1 DAGs
[2026-07-01T09:38:19.134+0000] {logging_mixin.py:190} INFO - [2026-07-01T09:38:19.134+0000] {dag.py:4138} INFO - Setting next_dagrun for example_weekday_branch_operator to 2026-06-30 00:00:00+00:00, run_after=2026-07-01 00:00:00+00:00
[2026-07-01T09:38:19.284+0000] {processor.py:208} INFO - Processing /home/airflow/.local/lib/python3.12/site-packages/airflow/example_dags/example_branch_day_of_week_operator.py took 0.200 seconds
[2026-07-01T09:38:50.003+0000] {processor.py:186} INFO - Started process (PID=3122) to work on /home/airflow/.local/lib/python3.12/site-packages/airflow/example_dags/example_branch_day_of_week_operator.py
[2026-07-01T09:38:50.005+0000] {processor.py:914} INFO - Processing file /home/airflow/.local/lib/python3.12/site-packages/airflow/example_dags/example_branch_day_of_week_operator.py for tasks to queue
[2026-07-01T09:38:50.007+0000] {logging_mixin.py:190} INFO - [2026-07-01T09:38:50.007+0000] {dagbag.py:587} INFO - Filling up the DagBag from /home/airflow/.local/lib/python3.12/site-packages/airflow/example_dags/example_branch_day_of_week_operator.py
[2026-07-01T09:38:50.016+0000] {processor.py:925} INFO - DAG(s) 'example_weekday_branch_operator' retrieved from /home/airflow/.local/lib/python3.12/site-packages/airflow/example_dags/example_branch_day_of_week_operator.py
[2026-07-01T09:38:50.034+0000] {logging_mixin.py:190} INFO - [2026-07-01T09:38:50.033+0000] {dag.py:3211} INFO - Sync 1 DAGs
[2026-07-01T09:38:50.051+0000] {logging_mixin.py:190} INFO - [2026-07-01T09:38:50.050+0000] {dag.py:4138} INFO - Setting next_dagrun for example_weekday_branch_operator to 2026-06-30 00:00:00+00:00, run_after=2026-07-01 00:00:00+00:00
[2026-07-01T09:38:50.066+0000] {processor.py:208} INFO - Processing /home/airflow/.local/lib/python3.12/site-packages/airflow/example_dags/example_branch_day_of_week_operator.py took 0.069 seconds
[2026-07-01T09:39:20.754+0000] {processor.py:186} INFO - Started process (PID=3184) to work on /home/airflow/.local/lib/python3.12/site-packages/airflow/example_dags/example_branch_day_of_week_operator.py
[2026-07-01T09:39:20.755+0000] {processor.py:914} INFO - Processing file /home/airflow/.local/lib/python3.12/site-packages/airflow/example_dags/example_branch_day_of_week_operator.py for tasks to queue
[2026-07-01T09:39:20.757+0000] {logging_mixin.py:190} INFO - [2026-07-01T09:39:20.757+0000] {dagbag.py:587} INFO - Filling up the DagBag from /home/airflow/.local/lib/python3.12/site-packages/airflow/example_dags/example_branch_day_of_week_operator.py
[2026-07-01T09:39:20.765+0000] {processor.py:925} INFO - DAG(s) 'example_weekday_branch_operator' retrieved from /home/airflow/.local/lib/python3.12/site-packages/airflow/example_dags/example_branch_day_of_week_operator.py
[2026-07-01T09:39:20.781+0000] {logging_mixin.py:190} INFO - [2026-07-01T09:39:20.781+0000] {dag.py:3211} INFO - Sync 1 DAGs
[2026-07-01T09:39:20.801+0000] {logging_mixin.py:190} INFO - [2026-07-01T09:39:20.801+0000] {dag.py:4138} INFO - Setting next_dagrun for example_weekday_branch_operator to 2026-06-30 00:00:00+00:00, run_after=2026-07-01 00:00:00+00:00
[2026-07-01T09:39:20.816+0000] {processor.py:208} INFO - Processing /home/airflow/.local/lib/python3.12/site-packages/airflow/example_dags/example_branch_day_of_week_operator.py took 0.068 seconds
[2026-07-01T09:39:51.129+0000] {processor.py:186} INFO - Started process (PID=3246) to work on /home/airflow/.local/lib/python3.12/site-packages/airflow/example_dags/example_branch_day_of_week_operator.py
[2026-07-01T09:39:51.131+0000] {processor.py:914} INFO - Processing file /home/airflow/.local/lib/python3.12/site-packages/airflow/example_dags/example_branch_day_of_week_operator.py for tasks to queue
[2026-07-01T09:39:51.133+0000] {logging_mixin.py:190} INFO - [2026-07-01T09:39:51.133+0000] {dagbag.py:587} INFO - Filling up the DagBag from /home/airflow/.local/lib/python3.12/site-packages/airflow/example_dags/example_branch_day_of_week_operator.py
[2026-07-01T09:39:51.142+0000] {processor.py:925} INFO - DAG(s) 'example_weekday_branch_operator' retrieved from /home/airflow/.local/lib/python3.12/site-packages/airflow/example_dags/example_branch_day_of_week_operator.py
[2026-07-01T09:39:51.157+0000] {logging_mixin.py:190} INFO - [2026-07-01T09:39:51.156+0000] {dag.py:3211} INFO - Sync 1 DAGs
[2026-07-01T09:39:51.171+0000] {logging_mixin.py:190} INFO - [2026-07-01T09:39:51.171+0000] {dag.py:4138} INFO - Setting next_dagrun for example_weekday_branch_operator to 2026-06-30 00:00:00+00:00, run_after=2026-07-01 00:00:00+00:00
[2026-07-01T09:39:51.183+0000] {processor.py:208} INFO - Processing /home/airflow/.local/lib/python3.12/site-packages/airflow/example_dags/example_branch_day_of_week_operator.py took 0.058 seconds
[2026-07-01T09:40:22.363+0000] {processor.py:186} INFO - Started process (PID=3308) to work on /home/airflow/.local/lib/python3.12/site-packages/airflow/example_dags/example_branch_day_of_week_operator.py
[2026-07-01T09:40:22.364+0000] {processor.py:914} INFO - Processing file /home/airflow/.local/lib/python3.12/site-packages/airflow/example_dags/example_branch_day_of_week_operator.py for tasks to queue
[2026-07-01T09:40:22.366+0000] {logging_mixin.py:190} INFO - [2026-07-01T09:40:22.366+0000] {dagbag.py:587} INFO - Filling up the DagBag from /home/airflow/.local/lib/python3.12/site-packages/airflow/example_dags/example_branch_day_of_week_operator.py
[2026-07-01T09:40:22.374+0000] {processor.py:925} INFO - DAG(s) 'example_weekday_branch_operator' retrieved from /home/airflow/.local/lib/python3.12/site-packages/airflow/example_dags/example_branch_day_of_week_operator.py
[2026-07-01T09:40:22.395+0000] {logging_mixin.py:190} INFO - [2026-07-01T09:40:22.395+0000] {dag.py:3211} INFO - Sync 1 DAGs
[2026-07-01T09:40:22.411+0000] {logging_mixin.py:190} INFO - [2026-07-01T09:40:22.411+0000] {dag.py:4138} INFO - Setting next_dagrun for example_weekday_branch_operator to 2026-06-30 00:00:00+00:00, run_after=2026-07-01 00:00:00+00:00
[2026-07-01T09:40:22.423+0000] {processor.py:208} INFO - Processing /home/airflow/.local/lib/python3.12/site-packages/airflow/example_dags/example_branch_day_of_week_operator.py took 0.065 seconds
[2026-07-01T09:40:52.582+0000] {processor.py:186} INFO - Started process (PID=3370) to work on /home/airflow/.local/lib/python3.12/site-packages/airflow/example_dags/example_branch_day_of_week_operator.py
[2026-07-01T09:40:52.584+0000] {processor.py:914} INFO - Processing file /home/airflow/.local/lib/python3.12/site-packages/airflow/example_dags/example_branch_day_of_week_operator.py for tasks to queue
[2026-07-01T09:40:52.587+0000] {logging_mixin.py:190} INFO - [2026-07-01T09:40:52.586+0000] {dagbag.py:587} INFO - Filling up the DagBag from /home/airflow/.local/lib/python3.12/site-packages/airflow/example_dags/example_branch_day_of_week_operator.py
[2026-07-01T09:40:52.595+0000] {processor.py:925} INFO - DAG(s) 'example_weekday_branch_operator' retrieved from /home/airflow/.local/lib/python3.12/site-packages/airflow/example_dags/example_branch_day_of_week_operator.py
[2026-07-01T09:40:52.612+0000] {logging_mixin.py:190} INFO - [2026-07-01T09:40:52.612+0000] {dag.py:3211} INFO - Sync 1 DAGs
[2026-07-01T09:40:52.627+0000] {logging_mixin.py:190} INFO - [2026-07-01T09:40:52.627+0000] {dag.py:4138} INFO - Setting next_dagrun for example_weekday_branch_operator to 2026-06-30 00:00:00+00:00, run_after=2026-07-01 00:00:00+00:00
[2026-07-01T09:40:52.643+0000] {processor.py:208} INFO - Processing /home/airflow/.local/lib/python3.12/site-packages/airflow/example_dags/example_branch_day_of_week_operator.py took 0.066 seconds
[2026-07-01T09:41:22.945+0000] {processor.py:186} INFO - Started process (PID=3432) to work on /home/airflow/.local/lib/python3.12/site-packages/airflow/example_dags/example_branch_day_of_week_operator.py
[2026-07-01T09:41:22.946+0000] {processor.py:914} INFO - Processing file /home/airflow/.local/lib/python3.12/site-packages/airflow/example_dags/example_branch_day_of_week_operator.py for tasks to queue
[2026-07-01T09:41:22.948+0000] {logging_mixin.py:190} INFO - [2026-07-01T09:41:22.948+0000] {dagbag.py:587} INFO - Filling up the DagBag from /home/airflow/.local/lib/python3.12/site-packages/airflow/example_dags/example_branch_day_of_week_operator.py
[2026-07-01T09:41:22.956+0000] {processor.py:925} INFO - DAG(s) 'example_weekday_branch_operator' retrieved from /home/airflow/.local/lib/python3.12/site-packages/airflow/example_dags/example_branch_day_of_week_operator.py
[2026-07-01T09:41:22.971+0000] {logging_mixin.py:190} INFO - [2026-07-01T09:41:22.971+0000] {dag.py:3211} INFO - Sync 1 DAGs
[2026-07-01T09:41:22.986+0000] {logging_mixin.py:190} INFO - [2026-07-01T09:41:22.986+0000] {dag.py:4138} INFO - Setting next_dagrun for example_weekday_branch_operator to 2026-06-30 00:00:00+00:00, run_after=2026-07-01 00:00:00+00:00
[2026-07-01T09:41:22.998+0000] {processor.py:208} INFO - Processing /home/airflow/.local/lib/python3.12/site-packages/airflow/example_dags/example_branch_day_of_week_operator.py took 0.058 seconds
[2026-07-01T09:41:53.271+0000] {processor.py:186} INFO - Started process (PID=3494) to work on /home/airflow/.local/lib/python3.12/site-packages/airflow/example_dags/example_branch_day_of_week_operator.py
[2026-07-01T09:41:53.272+0000] {processor.py:914} INFO - Processing file /home/airflow/.local/lib/python3.12/site-packages/airflow/example_dags/example_branch_day_of_week_operator.py for tasks to queue
[2026-07-01T09:41:53.274+0000] {logging_mixin.py:190} INFO - [2026-07-01T09:41:53.274+0000] {dagbag.py:587} INFO - Filling up the DagBag from /home/airflow/.local/lib/python3.12/site-packages/airflow/example_dags/example_branch_day_of_week_operator.py
[2026-07-01T09:41:53.282+0000] {processor.py:925} INFO - DAG(s) 'example_weekday_branch_operator' retrieved from /home/airflow/.local/lib/python3.12/site-packages/airflow/example_dags/example_branch_day_of_week_operator.py
[2026-07-01T09:41:53.298+0000] {logging_mixin.py:190} INFO - [2026-07-01T09:41:53.298+0000] {dag.py:3211} INFO - Sync 1 DAGs
[2026-07-01T09:41:53.314+0000] {logging_mixin.py:190} INFO - [2026-07-01T09:41:53.314+0000] {dag.py:4138} INFO - Setting next_dagrun for example_weekday_branch_operator to 2026-06-30 00:00:00+00:00, run_after=2026-07-01 00:00:00+00:00
[2026-07-01T09:41:53.328+0000] {processor.py:208} INFO - Processing /home/airflow/.local/lib/python3.12/site-packages/airflow/example_dags/example_branch_day_of_week_operator.py took 0.062 seconds
[2026-07-01T09:42:23.504+0000] {processor.py:186} INFO - Started process (PID=3556) to work on /home/airflow/.local/lib/python3.12/site-packages/airflow/example_dags/example_branch_day_of_week_operator.py
[2026-07-01T09:42:23.505+0000] {processor.py:914} INFO - Processing file /home/airflow/.local/lib/python3.12/site-packages/airflow/example_dags/example_branch_day_of_week_operator.py for tasks to queue
[2026-07-01T09:42:23.506+0000] {logging_mixin.py:190} INFO - [2026-07-01T09:42:23.506+0000] {dagbag.py:587} INFO - Filling up the DagBag from /home/airflow/.local/lib/python3.12/site-packages/airflow/example_dags/example_branch_day_of_week_operator.py
[2026-07-01T09:42:23.516+0000] {processor.py:925} INFO - DAG(s) 'example_weekday_branch_operator' retrieved from /home/airflow/.local/lib/python3.12/site-packages/airflow/example_dags/example_branch_day_of_week_operator.py
[2026-07-01T09:42:23.542+0000] {logging_mixin.py:190} INFO - [2026-07-01T09:42:23.542+0000] {dag.py:3211} INFO - Sync 1 DAGs
[2026-07-01T09:42:23.560+0000] {logging_mixin.py:190} INFO - [2026-07-01T09:42:23.560+0000] {dag.py:4138} INFO - Setting next_dagrun for example_weekday_branch_operator to 2026-06-30 00:00:00+00:00, run_after=2026-07-01 00:00:00+00:00
[2026-07-01T09:42:23.574+0000] {processor.py:208} INFO - Processing /home/airflow/.local/lib/python3.12/site-packages/airflow/example_dags/example_branch_day_of_week_operator.py took 0.074 seconds
[2026-07-01T09:42:53.908+0000] {processor.py:186} INFO - Started process (PID=3617) to work on /home/airflow/.local/lib/python3.12/site-packages/airflow/example_dags/example_branch_day_of_week_operator.py
[2026-07-01T09:42:53.909+0000] {processor.py:914} INFO - Processing file /home/airflow/.local/lib/python3.12/site-packages/airflow/example_dags/example_branch_day_of_week_operator.py for tasks to queue
[2026-07-01T09:42:53.911+0000] {logging_mixin.py:190} INFO - [2026-07-01T09:42:53.911+0000] {dagbag.py:587} INFO - Filling up the DagBag from /home/airflow/.local/lib/python3.12/site-packages/airflow/example_dags/example_branch_day_of_week_operator.py
[2026-07-01T09:42:53.919+0000] {processor.py:925} INFO - DAG(s) 'example_weekday_branch_operator' retrieved from /home/airflow/.local/lib/python3.12/site-packages/airflow/example_dags/example_branch_day_of_week_operator.py
[2026-07-01T09:42:53.935+0000] {logging_mixin.py:190} INFO - [2026-07-01T09:42:53.934+0000] {dag.py:3211} INFO - Sync 1 DAGs
[2026-07-01T09:42:53.951+0000] {logging_mixin.py:190} INFO - [2026-07-01T09:42:53.950+0000] {dag.py:4138} INFO - Setting next_dagrun for example_weekday_branch_operator to 2026-06-30 00:00:00+00:00, run_after=2026-07-01 00:00:00+00:00
[2026-07-01T09:42:53.963+0000] {processor.py:208} INFO - Processing /home/airflow/.local/lib/python3.12/site-packages/airflow/example_dags/example_branch_day_of_week_operator.py took 0.060 seconds
[2026-07-01T09:43:24.124+0000] {processor.py:186} INFO - Started process (PID=3679) to work on /home/airflow/.local/lib/python3.12/site-packages/airflow/example_dags/example_branch_day_of_week_operator.py
[2026-07-01T09:43:24.125+0000] {processor.py:914} INFO - Processing file /home/airflow/.local/lib/python3.12/site-packages/airflow/example_dags/example_branch_day_of_week_operator.py for tasks to queue
[2026-07-01T09:43:24.128+0000] {logging_mixin.py:190} INFO - [2026-07-01T09:43:24.127+0000] {dagbag.py:587} INFO - Filling up the DagBag from /home/airflow/.local/lib/python3.12/site-packages/airflow/example_dags/example_branch_day_of_week_operator.py
[2026-07-01T09:43:24.135+0000] {processor.py:925} INFO - DAG(s) 'example_weekday_branch_operator' retrieved from /home/airflow/.local/lib/python3.12/site-packages/airflow/example_dags/example_branch_day_of_week_operator.py
[2026-07-01T09:43:24.153+0000] {logging_mixin.py:190} INFO - [2026-07-01T09:43:24.153+0000] {dag.py:3211} INFO - Sync 1 DAGs
[2026-07-01T09:43:24.169+0000] {logging_mixin.py:190} INFO - [2026-07-01T09:43:24.169+0000] {dag.py:4138} INFO - Setting next_dagrun for example_weekday_branch_operator to 2026-06-30 00:00:00+00:00, run_after=2026-07-01 00:00:00+00:00
[2026-07-01T09:43:24.183+0000] {processor.py:208} INFO - Processing /home/airflow/.local/lib/python3.12/site-packages/airflow/example_dags/example_branch_day_of_week_operator.py took 0.064 seconds
[2026-07-01T09:43:54.384+0000] {processor.py:186} INFO - Started process (PID=3740) to work on /home/airflow/.local/lib/python3.12/site-packages/airflow/example_dags/example_branch_day_of_week_operator.py
[2026-07-01T09:43:54.385+0000] {processor.py:914} INFO - Processing file /home/airflow/.local/lib/python3.12/site-packages/airflow/example_dags/example_branch_day_of_week_operator.py for tasks to queue
[2026-07-01T09:43:54.388+0000] {logging_mixin.py:190} INFO - [2026-07-01T09:43:54.387+0000] {dagbag.py:587} INFO - Filling up the DagBag from /home/airflow/.local/lib/python3.12/site-packages/airflow/example_dags/example_branch_day_of_week_operator.py
[2026-07-01T09:43:54.394+0000] {processor.py:925} INFO - DAG(s) 'example_weekday_branch_operator' retrieved from /home/airflow/.local/lib/python3.12/site-packages/airflow/example_dags/example_branch_day_of_week_operator.py
[2026-07-01T09:43:54.409+0000] {logging_mixin.py:190} INFO - [2026-07-01T09:43:54.409+0000] {dag.py:3211} INFO - Sync 1 DAGs
[2026-07-01T09:43:54.426+0000] {logging_mixin.py:190} INFO - [2026-07-01T09:43:54.426+0000] {dag.py:4138} INFO - Setting next_dagrun for example_weekday_branch_operator to 2026-06-30 00:00:00+00:00, run_after=2026-07-01 00:00:00+00:00
[2026-07-01T09:43:54.439+0000] {processor.py:208} INFO - Processing /home/airflow/.local/lib/python3.12/site-packages/airflow/example_dags/example_branch_day_of_week_operator.py took 0.063 seconds
[2026-07-01T09:44:24.870+0000] {processor.py:186} INFO - Started process (PID=3802) to work on /home/airflow/.local/lib/python3.12/site-packages/airflow/example_dags/example_branch_day_of_week_operator.py
[2026-07-01T09:44:24.872+0000] {processor.py:914} INFO - Processing file /home/airflow/.local/lib/python3.12/site-packages/airflow/example_dags/example_branch_day_of_week_operator.py for tasks to queue
[2026-07-01T09:44:24.874+0000] {logging_mixin.py:190} INFO - [2026-07-01T09:44:24.873+0000] {dagbag.py:587} INFO - Filling up the DagBag from /home/airflow/.local/lib/python3.12/site-packages/airflow/example_dags/example_branch_day_of_week_operator.py
[2026-07-01T09:44:24.882+0000] {processor.py:925} INFO - DAG(s) 'example_weekday_branch_operator' retrieved from /home/airflow/.local/lib/python3.12/site-packages/airflow/example_dags/example_branch_day_of_week_operator.py
[2026-07-01T09:44:24.897+0000] {logging_mixin.py:190} INFO - [2026-07-01T09:44:24.897+0000] {dag.py:3211} INFO - Sync 1 DAGs
[2026-07-01T09:44:24.913+0000] {logging_mixin.py:190} INFO - [2026-07-01T09:44:24.913+0000] {dag.py:4138} INFO - Setting next_dagrun for example_weekday_branch_operator to 2026-06-30 00:00:00+00:00, run_after=2026-07-01 00:00:00+00:00
[2026-07-01T09:44:24.925+0000] {processor.py:208} INFO - Processing /home/airflow/.local/lib/python3.12/site-packages/airflow/example_dags/example_branch_day_of_week_operator.py took 0.059 seconds
[2026-07-01T09:44:55.390+0000] {processor.py:186} INFO - Started process (PID=3866) to work on /home/airflow/.local/lib/python3.12/site-packages/airflow/example_dags/example_branch_day_of_week_operator.py
[2026-07-01T09:44:55.393+0000] {processor.py:914} INFO - Processing file /home/airflow/.local/lib/python3.12/site-packages/airflow/example_dags/example_branch_day_of_week_operator.py for tasks to queue
[2026-07-01T09:44:55.400+0000] {logging_mixin.py:190} INFO - [2026-07-01T09:44:55.399+0000] {dagbag.py:587} INFO - Filling up the DagBag from /home/airflow/.local/lib/python3.12/site-packages/airflow/example_dags/example_branch_day_of_week_operator.py
[2026-07-01T09:44:55.407+0000] {processor.py:925} INFO - DAG(s) 'example_weekday_branch_operator' retrieved from /home/airflow/.local/lib/python3.12/site-packages/airflow/example_dags/example_branch_day_of_week_operator.py
[2026-07-01T09:44:55.423+0000] {logging_mixin.py:190} INFO - [2026-07-01T09:44:55.422+0000] {dag.py:3211} INFO - Sync 1 DAGs
[2026-07-01T09:44:55.438+0000] {logging_mixin.py:190} INFO - [2026-07-01T09:44:55.438+0000] {dag.py:4138} INFO - Setting next_dagrun for example_weekday_branch_operator to 2026-06-30 00:00:00+00:00, run_after=2026-07-01 00:00:00+00:00
[2026-07-01T09:44:55.450+0000] {processor.py:208} INFO - Processing /home/airflow/.local/lib/python3.12/site-packages/airflow/example_dags/example_branch_day_of_week_operator.py took 0.065 seconds
[2026-07-01T09:45:25.817+0000] {processor.py:186} INFO - Started process (PID=3928) to work on /home/airflow/.local/lib/python3.12/site-packages/airflow/example_dags/example_branch_day_of_week_operator.py
[2026-07-01T09:45:25.818+0000] {processor.py:914} INFO - Processing file /home/airflow/.local/lib/python3.12/site-packages/airflow/example_dags/example_branch_day_of_week_operator.py for tasks to queue
[2026-07-01T09:45:25.820+0000] {logging_mixin.py:190} INFO - [2026-07-01T09:45:25.820+0000] {dagbag.py:587} INFO - Filling up the DagBag from /home/airflow/.local/lib/python3.12/site-packages/airflow/example_dags/example_branch_day_of_week_operator.py
[2026-07-01T09:45:25.829+0000] {processor.py:925} INFO - DAG(s) 'example_weekday_branch_operator' retrieved from /home/airflow/.local/lib/python3.12/site-packages/airflow/example_dags/example_branch_day_of_week_operator.py
[2026-07-01T09:45:25.849+0000] {logging_mixin.py:190} INFO - [2026-07-01T09:45:25.849+0000] {dag.py:3211} INFO - Sync 1 DAGs
[2026-07-01T09:45:25.869+0000] {logging_mixin.py:190} INFO - [2026-07-01T09:45:25.869+0000] {dag.py:4138} INFO - Setting next_dagrun for example_weekday_branch_operator to 2026-06-30 00:00:00+00:00, run_after=2026-07-01 00:00:00+00:00
[2026-07-01T09:45:25.887+0000] {processor.py:208} INFO - Processing /home/airflow/.local/lib/python3.12/site-packages/airflow/example_dags/example_branch_day_of_week_operator.py took 0.076 seconds
