[2026-07-01T09:09:41.069+0000] {processor.py:186} INFO - Started process (PID=95) to work on /home/airflow/.local/lib/python3.12/site-packages/airflow/example_dags/example_complex.py
[2026-07-01T09:09:41.071+0000] {processor.py:914} INFO - Processing file /home/airflow/.local/lib/python3.12/site-packages/airflow/example_dags/example_complex.py for tasks to queue
[2026-07-01T09:09:41.073+0000] {logging_mixin.py:190} INFO - [2026-07-01T09:09:41.073+0000] {dagbag.py:587} INFO - Filling up the DagBag from /home/airflow/.local/lib/python3.12/site-packages/airflow/example_dags/example_complex.py
[2026-07-01T09:09:41.084+0000] {processor.py:925} INFO - DAG(s) 'example_complex' retrieved from /home/airflow/.local/lib/python3.12/site-packages/airflow/example_dags/example_complex.py
[2026-07-01T09:09:41.169+0000] {logging_mixin.py:190} INFO - [2026-07-01T09:09:41.169+0000] {override.py:1858} INFO - Created Permission View: can read on DAG:example_complex
[2026-07-01T09:09:41.177+0000] {logging_mixin.py:190} INFO - [2026-07-01T09:09:41.176+0000] {override.py:1858} INFO - Created Permission View: can delete on DAG:example_complex
[2026-07-01T09:09:41.181+0000] {logging_mixin.py:190} INFO - [2026-07-01T09:09:41.181+0000] {override.py:1858} INFO - Created Permission View: can edit on DAG:example_complex
[2026-07-01T09:09:41.182+0000] {logging_mixin.py:190} INFO - [2026-07-01T09:09:41.182+0000] {dag.py:3211} INFO - Sync 1 DAGs
[2026-07-01T09:09:41.192+0000] {logging_mixin.py:190} INFO - [2026-07-01T09:09:41.192+0000] {dag.py:3234} INFO - Creating ORM DAG for example_complex
[2026-07-01T09:09:41.193+0000] {logging_mixin.py:190} INFO - [2026-07-01T09:09:41.193+0000] {dag.py:4138} INFO - Setting next_dagrun for example_complex to None, run_after=None
[2026-07-01T09:09:41.207+0000] {processor.py:208} INFO - Processing /home/airflow/.local/lib/python3.12/site-packages/airflow/example_dags/example_complex.py took 0.142 seconds
[2026-07-01T09:10:11.458+0000] {processor.py:186} INFO - Started process (PID=157) to work on /home/airflow/.local/lib/python3.12/site-packages/airflow/example_dags/example_complex.py
[2026-07-01T09:10:11.459+0000] {processor.py:914} INFO - Processing file /home/airflow/.local/lib/python3.12/site-packages/airflow/example_dags/example_complex.py for tasks to queue
[2026-07-01T09:10:11.461+0000] {logging_mixin.py:190} INFO - [2026-07-01T09:10:11.461+0000] {dagbag.py:587} INFO - Filling up the DagBag from /home/airflow/.local/lib/python3.12/site-packages/airflow/example_dags/example_complex.py
[2026-07-01T09:10:11.469+0000] {processor.py:925} INFO - DAG(s) 'example_complex' retrieved from /home/airflow/.local/lib/python3.12/site-packages/airflow/example_dags/example_complex.py
[2026-07-01T09:10:11.491+0000] {logging_mixin.py:190} INFO - [2026-07-01T09:10:11.490+0000] {dag.py:3211} INFO - Sync 1 DAGs
[2026-07-01T09:10:11.500+0000] {logging_mixin.py:190} INFO - [2026-07-01T09:10:11.500+0000] {dag.py:4138} INFO - Setting next_dagrun for example_complex to None, run_after=None
[2026-07-01T09:10:11.512+0000] {processor.py:208} INFO - Processing /home/airflow/.local/lib/python3.12/site-packages/airflow/example_dags/example_complex.py took 0.059 seconds
[2026-07-01T09:10:41.705+0000] {processor.py:186} INFO - Started process (PID=219) to work on /home/airflow/.local/lib/python3.12/site-packages/airflow/example_dags/example_complex.py
[2026-07-01T09:10:41.706+0000] {processor.py:914} INFO - Processing file /home/airflow/.local/lib/python3.12/site-packages/airflow/example_dags/example_complex.py for tasks to queue
[2026-07-01T09:10:41.708+0000] {logging_mixin.py:190} INFO - [2026-07-01T09:10:41.708+0000] {dagbag.py:587} INFO - Filling up the DagBag from /home/airflow/.local/lib/python3.12/site-packages/airflow/example_dags/example_complex.py
[2026-07-01T09:10:41.716+0000] {processor.py:925} INFO - DAG(s) 'example_complex' retrieved from /home/airflow/.local/lib/python3.12/site-packages/airflow/example_dags/example_complex.py
[2026-07-01T09:10:41.736+0000] {logging_mixin.py:190} INFO - [2026-07-01T09:10:41.735+0000] {dag.py:3211} INFO - Sync 1 DAGs
[2026-07-01T09:10:41.745+0000] {logging_mixin.py:190} INFO - [2026-07-01T09:10:41.745+0000] {dag.py:4138} INFO - Setting next_dagrun for example_complex to None, run_after=None
[2026-07-01T09:10:41.759+0000] {processor.py:208} INFO - Processing /home/airflow/.local/lib/python3.12/site-packages/airflow/example_dags/example_complex.py took 0.058 seconds
[2026-07-01T09:11:12.044+0000] {processor.py:186} INFO - Started process (PID=281) to work on /home/airflow/.local/lib/python3.12/site-packages/airflow/example_dags/example_complex.py
[2026-07-01T09:11:12.045+0000] {processor.py:914} INFO - Processing file /home/airflow/.local/lib/python3.12/site-packages/airflow/example_dags/example_complex.py for tasks to queue
[2026-07-01T09:11:12.047+0000] {logging_mixin.py:190} INFO - [2026-07-01T09:11:12.046+0000] {dagbag.py:587} INFO - Filling up the DagBag from /home/airflow/.local/lib/python3.12/site-packages/airflow/example_dags/example_complex.py
[2026-07-01T09:11:12.054+0000] {processor.py:925} INFO - DAG(s) 'example_complex' retrieved from /home/airflow/.local/lib/python3.12/site-packages/airflow/example_dags/example_complex.py
[2026-07-01T09:11:12.074+0000] {logging_mixin.py:190} INFO - [2026-07-01T09:11:12.073+0000] {dag.py:3211} INFO - Sync 1 DAGs
[2026-07-01T09:11:12.083+0000] {logging_mixin.py:190} INFO - [2026-07-01T09:11:12.083+0000] {dag.py:4138} INFO - Setting next_dagrun for example_complex to None, run_after=None
[2026-07-01T09:11:12.095+0000] {processor.py:208} INFO - Processing /home/airflow/.local/lib/python3.12/site-packages/airflow/example_dags/example_complex.py took 0.055 seconds
[2026-07-01T09:11:42.418+0000] {processor.py:186} INFO - Started process (PID=343) to work on /home/airflow/.local/lib/python3.12/site-packages/airflow/example_dags/example_complex.py
[2026-07-01T09:11:42.419+0000] {processor.py:914} INFO - Processing file /home/airflow/.local/lib/python3.12/site-packages/airflow/example_dags/example_complex.py for tasks to queue
[2026-07-01T09:11:42.422+0000] {logging_mixin.py:190} INFO - [2026-07-01T09:11:42.422+0000] {dagbag.py:587} INFO - Filling up the DagBag from /home/airflow/.local/lib/python3.12/site-packages/airflow/example_dags/example_complex.py
[2026-07-01T09:11:42.433+0000] {processor.py:925} INFO - DAG(s) 'example_complex' retrieved from /home/airflow/.local/lib/python3.12/site-packages/airflow/example_dags/example_complex.py
[2026-07-01T09:11:42.460+0000] {logging_mixin.py:190} INFO - [2026-07-01T09:11:42.460+0000] {dag.py:3211} INFO - Sync 1 DAGs
[2026-07-01T09:11:42.479+0000] {logging_mixin.py:190} INFO - [2026-07-01T09:11:42.478+0000] {dag.py:4138} INFO - Setting next_dagrun for example_complex to None, run_after=None
[2026-07-01T09:11:42.494+0000] {processor.py:208} INFO - Processing /home/airflow/.local/lib/python3.12/site-packages/airflow/example_dags/example_complex.py took 0.082 seconds
[2026-07-01T09:12:12.768+0000] {processor.py:186} INFO - Started process (PID=405) to work on /home/airflow/.local/lib/python3.12/site-packages/airflow/example_dags/example_complex.py
[2026-07-01T09:12:12.768+0000] {processor.py:914} INFO - Processing file /home/airflow/.local/lib/python3.12/site-packages/airflow/example_dags/example_complex.py for tasks to queue
[2026-07-01T09:12:12.770+0000] {logging_mixin.py:190} INFO - [2026-07-01T09:12:12.770+0000] {dagbag.py:587} INFO - Filling up the DagBag from /home/airflow/.local/lib/python3.12/site-packages/airflow/example_dags/example_complex.py
[2026-07-01T09:12:12.786+0000] {processor.py:925} INFO - DAG(s) 'example_complex' retrieved from /home/airflow/.local/lib/python3.12/site-packages/airflow/example_dags/example_complex.py
[2026-07-01T09:12:12.812+0000] {logging_mixin.py:190} INFO - [2026-07-01T09:12:12.811+0000] {dag.py:3211} INFO - Sync 1 DAGs
[2026-07-01T09:12:12.822+0000] {logging_mixin.py:190} INFO - [2026-07-01T09:12:12.822+0000] {dag.py:4138} INFO - Setting next_dagrun for example_complex to None, run_after=None
[2026-07-01T09:12:12.838+0000] {processor.py:208} INFO - Processing /home/airflow/.local/lib/python3.12/site-packages/airflow/example_dags/example_complex.py took 0.075 seconds
[2026-07-01T09:12:43.208+0000] {processor.py:186} INFO - Started process (PID=466) to work on /home/airflow/.local/lib/python3.12/site-packages/airflow/example_dags/example_complex.py
[2026-07-01T09:12:43.209+0000] {processor.py:914} INFO - Processing file /home/airflow/.local/lib/python3.12/site-packages/airflow/example_dags/example_complex.py for tasks to queue
[2026-07-01T09:12:43.211+0000] {logging_mixin.py:190} INFO - [2026-07-01T09:12:43.210+0000] {dagbag.py:587} INFO - Filling up the DagBag from /home/airflow/.local/lib/python3.12/site-packages/airflow/example_dags/example_complex.py
[2026-07-01T09:12:43.220+0000] {processor.py:925} INFO - DAG(s) 'example_complex' retrieved from /home/airflow/.local/lib/python3.12/site-packages/airflow/example_dags/example_complex.py
[2026-07-01T09:12:43.243+0000] {logging_mixin.py:190} INFO - [2026-07-01T09:12:43.242+0000] {dag.py:3211} INFO - Sync 1 DAGs
[2026-07-01T09:12:43.252+0000] {logging_mixin.py:190} INFO - [2026-07-01T09:12:43.252+0000] {dag.py:4138} INFO - Setting next_dagrun for example_complex to None, run_after=None
[2026-07-01T09:12:43.265+0000] {processor.py:208} INFO - Processing /home/airflow/.local/lib/python3.12/site-packages/airflow/example_dags/example_complex.py took 0.062 seconds
[2026-07-01T09:13:13.645+0000] {processor.py:186} INFO - Started process (PID=528) to work on /home/airflow/.local/lib/python3.12/site-packages/airflow/example_dags/example_complex.py
[2026-07-01T09:13:13.646+0000] {processor.py:914} INFO - Processing file /home/airflow/.local/lib/python3.12/site-packages/airflow/example_dags/example_complex.py for tasks to queue
[2026-07-01T09:13:13.648+0000] {logging_mixin.py:190} INFO - [2026-07-01T09:13:13.648+0000] {dagbag.py:587} INFO - Filling up the DagBag from /home/airflow/.local/lib/python3.12/site-packages/airflow/example_dags/example_complex.py
[2026-07-01T09:13:13.656+0000] {processor.py:925} INFO - DAG(s) 'example_complex' retrieved from /home/airflow/.local/lib/python3.12/site-packages/airflow/example_dags/example_complex.py
[2026-07-01T09:13:13.676+0000] {logging_mixin.py:190} INFO - [2026-07-01T09:13:13.676+0000] {dag.py:3211} INFO - Sync 1 DAGs
[2026-07-01T09:13:13.685+0000] {logging_mixin.py:190} INFO - [2026-07-01T09:13:13.685+0000] {dag.py:4138} INFO - Setting next_dagrun for example_complex to None, run_after=None
[2026-07-01T09:13:13.697+0000] {processor.py:208} INFO - Processing /home/airflow/.local/lib/python3.12/site-packages/airflow/example_dags/example_complex.py took 0.056 seconds
[2026-07-01T09:13:44.533+0000] {processor.py:186} INFO - Started process (PID=590) to work on /home/airflow/.local/lib/python3.12/site-packages/airflow/example_dags/example_complex.py
[2026-07-01T09:13:44.534+0000] {processor.py:914} INFO - Processing file /home/airflow/.local/lib/python3.12/site-packages/airflow/example_dags/example_complex.py for tasks to queue
[2026-07-01T09:13:44.536+0000] {logging_mixin.py:190} INFO - [2026-07-01T09:13:44.535+0000] {dagbag.py:587} INFO - Filling up the DagBag from /home/airflow/.local/lib/python3.12/site-packages/airflow/example_dags/example_complex.py
[2026-07-01T09:13:44.543+0000] {processor.py:925} INFO - DAG(s) 'example_complex' retrieved from /home/airflow/.local/lib/python3.12/site-packages/airflow/example_dags/example_complex.py
[2026-07-01T09:13:44.565+0000] {logging_mixin.py:190} INFO - [2026-07-01T09:13:44.564+0000] {dag.py:3211} INFO - Sync 1 DAGs
[2026-07-01T09:13:44.577+0000] {logging_mixin.py:190} INFO - [2026-07-01T09:13:44.577+0000] {dag.py:4138} INFO - Setting next_dagrun for example_complex to None, run_after=None
[2026-07-01T09:13:44.593+0000] {processor.py:208} INFO - Processing /home/airflow/.local/lib/python3.12/site-packages/airflow/example_dags/example_complex.py took 0.065 seconds
[2026-07-01T09:14:15.715+0000] {processor.py:186} INFO - Started process (PID=653) to work on /home/airflow/.local/lib/python3.12/site-packages/airflow/example_dags/example_complex.py
[2026-07-01T09:14:15.716+0000] {processor.py:914} INFO - Processing file /home/airflow/.local/lib/python3.12/site-packages/airflow/example_dags/example_complex.py for tasks to queue
[2026-07-01T09:14:15.718+0000] {logging_mixin.py:190} INFO - [2026-07-01T09:14:15.718+0000] {dagbag.py:587} INFO - Filling up the DagBag from /home/airflow/.local/lib/python3.12/site-packages/airflow/example_dags/example_complex.py
[2026-07-01T09:14:15.727+0000] {processor.py:925} INFO - DAG(s) 'example_complex' retrieved from /home/airflow/.local/lib/python3.12/site-packages/airflow/example_dags/example_complex.py
[2026-07-01T09:14:15.748+0000] {logging_mixin.py:190} INFO - [2026-07-01T09:14:15.747+0000] {dag.py:3211} INFO - Sync 1 DAGs
[2026-07-01T09:14:15.758+0000] {logging_mixin.py:190} INFO - [2026-07-01T09:14:15.758+0000] {dag.py:4138} INFO - Setting next_dagrun for example_complex to None, run_after=None
[2026-07-01T09:14:15.777+0000] {processor.py:208} INFO - Processing /home/airflow/.local/lib/python3.12/site-packages/airflow/example_dags/example_complex.py took 0.067 seconds
[2026-07-01T09:14:45.916+0000] {processor.py:186} INFO - Started process (PID=714) to work on /home/airflow/.local/lib/python3.12/site-packages/airflow/example_dags/example_complex.py
[2026-07-01T09:14:45.917+0000] {processor.py:914} INFO - Processing file /home/airflow/.local/lib/python3.12/site-packages/airflow/example_dags/example_complex.py for tasks to queue
[2026-07-01T09:14:45.919+0000] {logging_mixin.py:190} INFO - [2026-07-01T09:14:45.918+0000] {dagbag.py:587} INFO - Filling up the DagBag from /home/airflow/.local/lib/python3.12/site-packages/airflow/example_dags/example_complex.py
[2026-07-01T09:14:45.926+0000] {processor.py:925} INFO - DAG(s) 'example_complex' retrieved from /home/airflow/.local/lib/python3.12/site-packages/airflow/example_dags/example_complex.py
[2026-07-01T09:14:45.945+0000] {logging_mixin.py:190} INFO - [2026-07-01T09:14:45.945+0000] {dag.py:3211} INFO - Sync 1 DAGs
[2026-07-01T09:14:45.953+0000] {logging_mixin.py:190} INFO - [2026-07-01T09:14:45.953+0000] {dag.py:4138} INFO - Setting next_dagrun for example_complex to None, run_after=None
[2026-07-01T09:14:45.966+0000] {processor.py:208} INFO - Processing /home/airflow/.local/lib/python3.12/site-packages/airflow/example_dags/example_complex.py took 0.054 seconds
[2026-07-01T09:15:16.796+0000] {processor.py:186} INFO - Started process (PID=776) to work on /home/airflow/.local/lib/python3.12/site-packages/airflow/example_dags/example_complex.py
[2026-07-01T09:15:16.796+0000] {processor.py:914} INFO - Processing file /home/airflow/.local/lib/python3.12/site-packages/airflow/example_dags/example_complex.py for tasks to queue
[2026-07-01T09:15:16.798+0000] {logging_mixin.py:190} INFO - [2026-07-01T09:15:16.798+0000] {dagbag.py:587} INFO - Filling up the DagBag from /home/airflow/.local/lib/python3.12/site-packages/airflow/example_dags/example_complex.py
[2026-07-01T09:15:16.806+0000] {processor.py:925} INFO - DAG(s) 'example_complex' retrieved from /home/airflow/.local/lib/python3.12/site-packages/airflow/example_dags/example_complex.py
[2026-07-01T09:15:16.826+0000] {logging_mixin.py:190} INFO - [2026-07-01T09:15:16.826+0000] {dag.py:3211} INFO - Sync 1 DAGs
[2026-07-01T09:15:16.835+0000] {logging_mixin.py:190} INFO - [2026-07-01T09:15:16.835+0000] {dag.py:4138} INFO - Setting next_dagrun for example_complex to None, run_after=None
[2026-07-01T09:15:16.849+0000] {processor.py:208} INFO - Processing /home/airflow/.local/lib/python3.12/site-packages/airflow/example_dags/example_complex.py took 0.057 seconds
[2026-07-01T09:15:47.728+0000] {processor.py:186} INFO - Started process (PID=838) to work on /home/airflow/.local/lib/python3.12/site-packages/airflow/example_dags/example_complex.py
[2026-07-01T09:15:47.728+0000] {processor.py:914} INFO - Processing file /home/airflow/.local/lib/python3.12/site-packages/airflow/example_dags/example_complex.py for tasks to queue
[2026-07-01T09:15:47.730+0000] {logging_mixin.py:190} INFO - [2026-07-01T09:15:47.730+0000] {dagbag.py:587} INFO - Filling up the DagBag from /home/airflow/.local/lib/python3.12/site-packages/airflow/example_dags/example_complex.py
[2026-07-01T09:15:47.740+0000] {processor.py:925} INFO - DAG(s) 'example_complex' retrieved from /home/airflow/.local/lib/python3.12/site-packages/airflow/example_dags/example_complex.py
[2026-07-01T09:15:47.761+0000] {logging_mixin.py:190} INFO - [2026-07-01T09:15:47.761+0000] {dag.py:3211} INFO - Sync 1 DAGs
[2026-07-01T09:15:47.771+0000] {logging_mixin.py:190} INFO - [2026-07-01T09:15:47.771+0000] {dag.py:4138} INFO - Setting next_dagrun for example_complex to None, run_after=None
[2026-07-01T09:15:47.784+0000] {processor.py:208} INFO - Processing /home/airflow/.local/lib/python3.12/site-packages/airflow/example_dags/example_complex.py took 0.061 seconds
[2026-07-01T09:16:18.100+0000] {processor.py:186} INFO - Started process (PID=901) to work on /home/airflow/.local/lib/python3.12/site-packages/airflow/example_dags/example_complex.py
[2026-07-01T09:16:18.101+0000] {processor.py:914} INFO - Processing file /home/airflow/.local/lib/python3.12/site-packages/airflow/example_dags/example_complex.py for tasks to queue
[2026-07-01T09:16:18.104+0000] {logging_mixin.py:190} INFO - [2026-07-01T09:16:18.104+0000] {dagbag.py:587} INFO - Filling up the DagBag from /home/airflow/.local/lib/python3.12/site-packages/airflow/example_dags/example_complex.py
[2026-07-01T09:16:18.115+0000] {processor.py:925} INFO - DAG(s) 'example_complex' retrieved from /home/airflow/.local/lib/python3.12/site-packages/airflow/example_dags/example_complex.py
[2026-07-01T09:16:18.146+0000] {logging_mixin.py:190} INFO - [2026-07-01T09:16:18.145+0000] {dag.py:3211} INFO - Sync 1 DAGs
[2026-07-01T09:16:18.159+0000] {logging_mixin.py:190} INFO - [2026-07-01T09:16:18.159+0000] {dag.py:4138} INFO - Setting next_dagrun for example_complex to None, run_after=None
[2026-07-01T09:16:18.177+0000] {processor.py:208} INFO - Processing /home/airflow/.local/lib/python3.12/site-packages/airflow/example_dags/example_complex.py took 0.082 seconds
[2026-07-01T09:16:48.257+0000] {processor.py:186} INFO - Started process (PID=962) to work on /home/airflow/.local/lib/python3.12/site-packages/airflow/example_dags/example_complex.py
[2026-07-01T09:16:48.258+0000] {processor.py:914} INFO - Processing file /home/airflow/.local/lib/python3.12/site-packages/airflow/example_dags/example_complex.py for tasks to queue
[2026-07-01T09:16:48.259+0000] {logging_mixin.py:190} INFO - [2026-07-01T09:16:48.259+0000] {dagbag.py:587} INFO - Filling up the DagBag from /home/airflow/.local/lib/python3.12/site-packages/airflow/example_dags/example_complex.py
[2026-07-01T09:16:48.267+0000] {processor.py:925} INFO - DAG(s) 'example_complex' retrieved from /home/airflow/.local/lib/python3.12/site-packages/airflow/example_dags/example_complex.py
[2026-07-01T09:16:48.285+0000] {logging_mixin.py:190} INFO - [2026-07-01T09:16:48.285+0000] {dag.py:3211} INFO - Sync 1 DAGs
[2026-07-01T09:16:48.294+0000] {logging_mixin.py:190} INFO - [2026-07-01T09:16:48.294+0000] {dag.py:4138} INFO - Setting next_dagrun for example_complex to None, run_after=None
[2026-07-01T09:16:48.307+0000] {processor.py:208} INFO - Processing /home/airflow/.local/lib/python3.12/site-packages/airflow/example_dags/example_complex.py took 0.054 seconds
[2026-07-01T09:17:18.768+0000] {processor.py:186} INFO - Started process (PID=1025) to work on /home/airflow/.local/lib/python3.12/site-packages/airflow/example_dags/example_complex.py
[2026-07-01T09:17:18.769+0000] {processor.py:914} INFO - Processing file /home/airflow/.local/lib/python3.12/site-packages/airflow/example_dags/example_complex.py for tasks to queue
[2026-07-01T09:17:18.772+0000] {logging_mixin.py:190} INFO - [2026-07-01T09:17:18.771+0000] {dagbag.py:587} INFO - Filling up the DagBag from /home/airflow/.local/lib/python3.12/site-packages/airflow/example_dags/example_complex.py
[2026-07-01T09:17:18.781+0000] {processor.py:925} INFO - DAG(s) 'example_complex' retrieved from /home/airflow/.local/lib/python3.12/site-packages/airflow/example_dags/example_complex.py
[2026-07-01T09:17:18.807+0000] {logging_mixin.py:190} INFO - [2026-07-01T09:17:18.806+0000] {dag.py:3211} INFO - Sync 1 DAGs
[2026-07-01T09:17:18.818+0000] {logging_mixin.py:190} INFO - [2026-07-01T09:17:18.818+0000] {dag.py:4138} INFO - Setting next_dagrun for example_complex to None, run_after=None
[2026-07-01T09:17:18.837+0000] {processor.py:208} INFO - Processing /home/airflow/.local/lib/python3.12/site-packages/airflow/example_dags/example_complex.py took 0.075 seconds
[2026-07-01T09:17:49.024+0000] {processor.py:186} INFO - Started process (PID=1087) to work on /home/airflow/.local/lib/python3.12/site-packages/airflow/example_dags/example_complex.py
[2026-07-01T09:17:49.025+0000] {processor.py:914} INFO - Processing file /home/airflow/.local/lib/python3.12/site-packages/airflow/example_dags/example_complex.py for tasks to queue
[2026-07-01T09:17:49.027+0000] {logging_mixin.py:190} INFO - [2026-07-01T09:17:49.026+0000] {dagbag.py:587} INFO - Filling up the DagBag from /home/airflow/.local/lib/python3.12/site-packages/airflow/example_dags/example_complex.py
[2026-07-01T09:17:49.035+0000] {processor.py:925} INFO - DAG(s) 'example_complex' retrieved from /home/airflow/.local/lib/python3.12/site-packages/airflow/example_dags/example_complex.py
[2026-07-01T09:17:49.054+0000] {logging_mixin.py:190} INFO - [2026-07-01T09:17:49.054+0000] {dag.py:3211} INFO - Sync 1 DAGs
[2026-07-01T09:17:49.064+0000] {logging_mixin.py:190} INFO - [2026-07-01T09:17:49.064+0000] {dag.py:4138} INFO - Setting next_dagrun for example_complex to None, run_after=None
[2026-07-01T09:17:49.078+0000] {processor.py:208} INFO - Processing /home/airflow/.local/lib/python3.12/site-packages/airflow/example_dags/example_complex.py took 0.060 seconds
[2026-07-01T09:18:19.425+0000] {processor.py:186} INFO - Started process (PID=1149) to work on /home/airflow/.local/lib/python3.12/site-packages/airflow/example_dags/example_complex.py
[2026-07-01T09:18:19.426+0000] {processor.py:914} INFO - Processing file /home/airflow/.local/lib/python3.12/site-packages/airflow/example_dags/example_complex.py for tasks to queue
[2026-07-01T09:18:19.428+0000] {logging_mixin.py:190} INFO - [2026-07-01T09:18:19.428+0000] {dagbag.py:587} INFO - Filling up the DagBag from /home/airflow/.local/lib/python3.12/site-packages/airflow/example_dags/example_complex.py
[2026-07-01T09:18:19.436+0000] {processor.py:925} INFO - DAG(s) 'example_complex' retrieved from /home/airflow/.local/lib/python3.12/site-packages/airflow/example_dags/example_complex.py
[2026-07-01T09:18:19.455+0000] {logging_mixin.py:190} INFO - [2026-07-01T09:18:19.455+0000] {dag.py:3211} INFO - Sync 1 DAGs
[2026-07-01T09:18:19.464+0000] {logging_mixin.py:190} INFO - [2026-07-01T09:18:19.464+0000] {dag.py:4138} INFO - Setting next_dagrun for example_complex to None, run_after=None
[2026-07-01T09:18:19.476+0000] {processor.py:208} INFO - Processing /home/airflow/.local/lib/python3.12/site-packages/airflow/example_dags/example_complex.py took 0.055 seconds
[2026-07-01T09:18:50.498+0000] {processor.py:186} INFO - Started process (PID=1211) to work on /home/airflow/.local/lib/python3.12/site-packages/airflow/example_dags/example_complex.py
[2026-07-01T09:18:50.499+0000] {processor.py:914} INFO - Processing file /home/airflow/.local/lib/python3.12/site-packages/airflow/example_dags/example_complex.py for tasks to queue
[2026-07-01T09:18:50.501+0000] {logging_mixin.py:190} INFO - [2026-07-01T09:18:50.501+0000] {dagbag.py:587} INFO - Filling up the DagBag from /home/airflow/.local/lib/python3.12/site-packages/airflow/example_dags/example_complex.py
[2026-07-01T09:18:50.508+0000] {processor.py:925} INFO - DAG(s) 'example_complex' retrieved from /home/airflow/.local/lib/python3.12/site-packages/airflow/example_dags/example_complex.py
[2026-07-01T09:18:50.527+0000] {logging_mixin.py:190} INFO - [2026-07-01T09:18:50.527+0000] {dag.py:3211} INFO - Sync 1 DAGs
[2026-07-01T09:18:50.537+0000] {logging_mixin.py:190} INFO - [2026-07-01T09:18:50.536+0000] {dag.py:4138} INFO - Setting next_dagrun for example_complex to None, run_after=None
[2026-07-01T09:18:50.548+0000] {processor.py:208} INFO - Processing /home/airflow/.local/lib/python3.12/site-packages/airflow/example_dags/example_complex.py took 0.054 seconds
[2026-07-01T09:19:21.261+0000] {processor.py:186} INFO - Started process (PID=1273) to work on /home/airflow/.local/lib/python3.12/site-packages/airflow/example_dags/example_complex.py
[2026-07-01T09:19:21.261+0000] {processor.py:914} INFO - Processing file /home/airflow/.local/lib/python3.12/site-packages/airflow/example_dags/example_complex.py for tasks to queue
[2026-07-01T09:19:21.263+0000] {logging_mixin.py:190} INFO - [2026-07-01T09:19:21.263+0000] {dagbag.py:587} INFO - Filling up the DagBag from /home/airflow/.local/lib/python3.12/site-packages/airflow/example_dags/example_complex.py
[2026-07-01T09:19:21.271+0000] {processor.py:925} INFO - DAG(s) 'example_complex' retrieved from /home/airflow/.local/lib/python3.12/site-packages/airflow/example_dags/example_complex.py
[2026-07-01T09:19:21.290+0000] {logging_mixin.py:190} INFO - [2026-07-01T09:19:21.290+0000] {dag.py:3211} INFO - Sync 1 DAGs
[2026-07-01T09:19:21.300+0000] {logging_mixin.py:190} INFO - [2026-07-01T09:19:21.299+0000] {dag.py:4138} INFO - Setting next_dagrun for example_complex to None, run_after=None
[2026-07-01T09:19:21.312+0000] {processor.py:208} INFO - Processing /home/airflow/.local/lib/python3.12/site-packages/airflow/example_dags/example_complex.py took 0.056 seconds
[2026-07-01T09:19:52.020+0000] {processor.py:186} INFO - Started process (PID=1335) to work on /home/airflow/.local/lib/python3.12/site-packages/airflow/example_dags/example_complex.py
[2026-07-01T09:19:52.021+0000] {processor.py:914} INFO - Processing file /home/airflow/.local/lib/python3.12/site-packages/airflow/example_dags/example_complex.py for tasks to queue
[2026-07-01T09:19:52.023+0000] {logging_mixin.py:190} INFO - [2026-07-01T09:19:52.023+0000] {dagbag.py:587} INFO - Filling up the DagBag from /home/airflow/.local/lib/python3.12/site-packages/airflow/example_dags/example_complex.py
[2026-07-01T09:19:52.032+0000] {processor.py:925} INFO - DAG(s) 'example_complex' retrieved from /home/airflow/.local/lib/python3.12/site-packages/airflow/example_dags/example_complex.py
[2026-07-01T09:19:52.055+0000] {logging_mixin.py:190} INFO - [2026-07-01T09:19:52.055+0000] {dag.py:3211} INFO - Sync 1 DAGs
[2026-07-01T09:19:52.065+0000] {logging_mixin.py:190} INFO - [2026-07-01T09:19:52.065+0000] {dag.py:4138} INFO - Setting next_dagrun for example_complex to None, run_after=None
[2026-07-01T09:19:52.081+0000] {processor.py:208} INFO - Processing /home/airflow/.local/lib/python3.12/site-packages/airflow/example_dags/example_complex.py took 0.067 seconds
[2026-07-01T09:20:22.682+0000] {processor.py:186} INFO - Started process (PID=1397) to work on /home/airflow/.local/lib/python3.12/site-packages/airflow/example_dags/example_complex.py
[2026-07-01T09:20:22.683+0000] {processor.py:914} INFO - Processing file /home/airflow/.local/lib/python3.12/site-packages/airflow/example_dags/example_complex.py for tasks to queue
[2026-07-01T09:20:22.685+0000] {logging_mixin.py:190} INFO - [2026-07-01T09:20:22.685+0000] {dagbag.py:587} INFO - Filling up the DagBag from /home/airflow/.local/lib/python3.12/site-packages/airflow/example_dags/example_complex.py
[2026-07-01T09:20:22.695+0000] {processor.py:925} INFO - DAG(s) 'example_complex' retrieved from /home/airflow/.local/lib/python3.12/site-packages/airflow/example_dags/example_complex.py
[2026-07-01T09:20:22.719+0000] {logging_mixin.py:190} INFO - [2026-07-01T09:20:22.718+0000] {dag.py:3211} INFO - Sync 1 DAGs
[2026-07-01T09:20:22.728+0000] {logging_mixin.py:190} INFO - [2026-07-01T09:20:22.728+0000] {dag.py:4138} INFO - Setting next_dagrun for example_complex to None, run_after=None
[2026-07-01T09:20:22.741+0000] {processor.py:208} INFO - Processing /home/airflow/.local/lib/python3.12/site-packages/airflow/example_dags/example_complex.py took 0.064 seconds
[2026-07-01T09:20:53.547+0000] {processor.py:186} INFO - Started process (PID=1459) to work on /home/airflow/.local/lib/python3.12/site-packages/airflow/example_dags/example_complex.py
[2026-07-01T09:20:53.548+0000] {processor.py:914} INFO - Processing file /home/airflow/.local/lib/python3.12/site-packages/airflow/example_dags/example_complex.py for tasks to queue
[2026-07-01T09:20:53.549+0000] {logging_mixin.py:190} INFO - [2026-07-01T09:20:53.549+0000] {dagbag.py:587} INFO - Filling up the DagBag from /home/airflow/.local/lib/python3.12/site-packages/airflow/example_dags/example_complex.py
[2026-07-01T09:20:53.557+0000] {processor.py:925} INFO - DAG(s) 'example_complex' retrieved from /home/airflow/.local/lib/python3.12/site-packages/airflow/example_dags/example_complex.py
[2026-07-01T09:20:53.576+0000] {logging_mixin.py:190} INFO - [2026-07-01T09:20:53.576+0000] {dag.py:3211} INFO - Sync 1 DAGs
[2026-07-01T09:20:53.586+0000] {logging_mixin.py:190} INFO - [2026-07-01T09:20:53.586+0000] {dag.py:4138} INFO - Setting next_dagrun for example_complex to None, run_after=None
[2026-07-01T09:20:53.598+0000] {processor.py:208} INFO - Processing /home/airflow/.local/lib/python3.12/site-packages/airflow/example_dags/example_complex.py took 0.055 seconds
[2026-07-01T09:21:23.717+0000] {processor.py:186} INFO - Started process (PID=1521) to work on /home/airflow/.local/lib/python3.12/site-packages/airflow/example_dags/example_complex.py
[2026-07-01T09:21:23.718+0000] {processor.py:914} INFO - Processing file /home/airflow/.local/lib/python3.12/site-packages/airflow/example_dags/example_complex.py for tasks to queue
[2026-07-01T09:21:23.721+0000] {logging_mixin.py:190} INFO - [2026-07-01T09:21:23.720+0000] {dagbag.py:587} INFO - Filling up the DagBag from /home/airflow/.local/lib/python3.12/site-packages/airflow/example_dags/example_complex.py
[2026-07-01T09:21:23.732+0000] {processor.py:925} INFO - DAG(s) 'example_complex' retrieved from /home/airflow/.local/lib/python3.12/site-packages/airflow/example_dags/example_complex.py
[2026-07-01T09:21:23.752+0000] {logging_mixin.py:190} INFO - [2026-07-01T09:21:23.752+0000] {dag.py:3211} INFO - Sync 1 DAGs
[2026-07-01T09:21:23.761+0000] {logging_mixin.py:190} INFO - [2026-07-01T09:21:23.761+0000] {dag.py:4138} INFO - Setting next_dagrun for example_complex to None, run_after=None
[2026-07-01T09:21:23.774+0000] {processor.py:208} INFO - Processing /home/airflow/.local/lib/python3.12/site-packages/airflow/example_dags/example_complex.py took 0.063 seconds
[2026-07-01T09:21:53.996+0000] {processor.py:186} INFO - Started process (PID=1583) to work on /home/airflow/.local/lib/python3.12/site-packages/airflow/example_dags/example_complex.py
[2026-07-01T09:21:53.997+0000] {processor.py:914} INFO - Processing file /home/airflow/.local/lib/python3.12/site-packages/airflow/example_dags/example_complex.py for tasks to queue
[2026-07-01T09:21:53.999+0000] {logging_mixin.py:190} INFO - [2026-07-01T09:21:53.999+0000] {dagbag.py:587} INFO - Filling up the DagBag from /home/airflow/.local/lib/python3.12/site-packages/airflow/example_dags/example_complex.py
[2026-07-01T09:21:54.008+0000] {processor.py:925} INFO - DAG(s) 'example_complex' retrieved from /home/airflow/.local/lib/python3.12/site-packages/airflow/example_dags/example_complex.py
[2026-07-01T09:21:54.029+0000] {logging_mixin.py:190} INFO - [2026-07-01T09:21:54.029+0000] {dag.py:3211} INFO - Sync 1 DAGs
[2026-07-01T09:21:54.043+0000] {logging_mixin.py:190} INFO - [2026-07-01T09:21:54.043+0000] {dag.py:4138} INFO - Setting next_dagrun for example_complex to None, run_after=None
[2026-07-01T09:21:54.057+0000] {processor.py:208} INFO - Processing /home/airflow/.local/lib/python3.12/site-packages/airflow/example_dags/example_complex.py took 0.066 seconds
[2026-07-01T09:22:24.345+0000] {processor.py:186} INFO - Started process (PID=1645) to work on /home/airflow/.local/lib/python3.12/site-packages/airflow/example_dags/example_complex.py
[2026-07-01T09:22:24.346+0000] {processor.py:914} INFO - Processing file /home/airflow/.local/lib/python3.12/site-packages/airflow/example_dags/example_complex.py for tasks to queue
[2026-07-01T09:22:24.347+0000] {logging_mixin.py:190} INFO - [2026-07-01T09:22:24.347+0000] {dagbag.py:587} INFO - Filling up the DagBag from /home/airflow/.local/lib/python3.12/site-packages/airflow/example_dags/example_complex.py
[2026-07-01T09:22:24.355+0000] {processor.py:925} INFO - DAG(s) 'example_complex' retrieved from /home/airflow/.local/lib/python3.12/site-packages/airflow/example_dags/example_complex.py
[2026-07-01T09:22:24.374+0000] {logging_mixin.py:190} INFO - [2026-07-01T09:22:24.374+0000] {dag.py:3211} INFO - Sync 1 DAGs
[2026-07-01T09:22:24.383+0000] {logging_mixin.py:190} INFO - [2026-07-01T09:22:24.383+0000] {dag.py:4138} INFO - Setting next_dagrun for example_complex to None, run_after=None
[2026-07-01T09:22:24.395+0000] {processor.py:208} INFO - Processing /home/airflow/.local/lib/python3.12/site-packages/airflow/example_dags/example_complex.py took 0.054 seconds
[2026-07-01T09:22:55.314+0000] {processor.py:186} INFO - Started process (PID=1707) to work on /home/airflow/.local/lib/python3.12/site-packages/airflow/example_dags/example_complex.py
[2026-07-01T09:22:55.315+0000] {processor.py:914} INFO - Processing file /home/airflow/.local/lib/python3.12/site-packages/airflow/example_dags/example_complex.py for tasks to queue
[2026-07-01T09:22:55.317+0000] {logging_mixin.py:190} INFO - [2026-07-01T09:22:55.317+0000] {dagbag.py:587} INFO - Filling up the DagBag from /home/airflow/.local/lib/python3.12/site-packages/airflow/example_dags/example_complex.py
[2026-07-01T09:22:55.326+0000] {processor.py:925} INFO - DAG(s) 'example_complex' retrieved from /home/airflow/.local/lib/python3.12/site-packages/airflow/example_dags/example_complex.py
[2026-07-01T09:22:55.376+0000] {logging_mixin.py:190} INFO - [2026-07-01T09:22:55.376+0000] {dag.py:3211} INFO - Sync 1 DAGs
[2026-07-01T09:22:55.403+0000] {logging_mixin.py:190} INFO - [2026-07-01T09:22:55.403+0000] {dag.py:4138} INFO - Setting next_dagrun for example_complex to None, run_after=None
[2026-07-01T09:22:55.427+0000] {processor.py:208} INFO - Processing /home/airflow/.local/lib/python3.12/site-packages/airflow/example_dags/example_complex.py took 0.118 seconds
[2026-07-01T09:23:25.533+0000] {processor.py:186} INFO - Started process (PID=1769) to work on /home/airflow/.local/lib/python3.12/site-packages/airflow/example_dags/example_complex.py
[2026-07-01T09:23:25.534+0000] {processor.py:914} INFO - Processing file /home/airflow/.local/lib/python3.12/site-packages/airflow/example_dags/example_complex.py for tasks to queue
[2026-07-01T09:23:25.536+0000] {logging_mixin.py:190} INFO - [2026-07-01T09:23:25.536+0000] {dagbag.py:587} INFO - Filling up the DagBag from /home/airflow/.local/lib/python3.12/site-packages/airflow/example_dags/example_complex.py
[2026-07-01T09:23:25.544+0000] {processor.py:925} INFO - DAG(s) 'example_complex' retrieved from /home/airflow/.local/lib/python3.12/site-packages/airflow/example_dags/example_complex.py
[2026-07-01T09:23:25.563+0000] {logging_mixin.py:190} INFO - [2026-07-01T09:23:25.563+0000] {dag.py:3211} INFO - Sync 1 DAGs
[2026-07-01T09:23:25.572+0000] {logging_mixin.py:190} INFO - [2026-07-01T09:23:25.572+0000] {dag.py:4138} INFO - Setting next_dagrun for example_complex to None, run_after=None
[2026-07-01T09:23:25.587+0000] {processor.py:208} INFO - Processing /home/airflow/.local/lib/python3.12/site-packages/airflow/example_dags/example_complex.py took 0.058 seconds
[2026-07-01T09:23:55.969+0000] {processor.py:186} INFO - Started process (PID=1831) to work on /home/airflow/.local/lib/python3.12/site-packages/airflow/example_dags/example_complex.py
[2026-07-01T09:23:55.970+0000] {processor.py:914} INFO - Processing file /home/airflow/.local/lib/python3.12/site-packages/airflow/example_dags/example_complex.py for tasks to queue
[2026-07-01T09:23:55.973+0000] {logging_mixin.py:190} INFO - [2026-07-01T09:23:55.973+0000] {dagbag.py:587} INFO - Filling up the DagBag from /home/airflow/.local/lib/python3.12/site-packages/airflow/example_dags/example_complex.py
[2026-07-01T09:23:55.983+0000] {processor.py:925} INFO - DAG(s) 'example_complex' retrieved from /home/airflow/.local/lib/python3.12/site-packages/airflow/example_dags/example_complex.py
[2026-07-01T09:23:56.007+0000] {logging_mixin.py:190} INFO - [2026-07-01T09:23:56.007+0000] {dag.py:3211} INFO - Sync 1 DAGs
[2026-07-01T09:23:56.020+0000] {logging_mixin.py:190} INFO - [2026-07-01T09:23:56.020+0000] {dag.py:4138} INFO - Setting next_dagrun for example_complex to None, run_after=None
[2026-07-01T09:23:56.036+0000] {processor.py:208} INFO - Processing /home/airflow/.local/lib/python3.12/site-packages/airflow/example_dags/example_complex.py took 0.071 seconds
[2026-07-01T09:24:26.177+0000] {processor.py:186} INFO - Started process (PID=1892) to work on /home/airflow/.local/lib/python3.12/site-packages/airflow/example_dags/example_complex.py
[2026-07-01T09:24:26.178+0000] {processor.py:914} INFO - Processing file /home/airflow/.local/lib/python3.12/site-packages/airflow/example_dags/example_complex.py for tasks to queue
[2026-07-01T09:24:26.180+0000] {logging_mixin.py:190} INFO - [2026-07-01T09:24:26.180+0000] {dagbag.py:587} INFO - Filling up the DagBag from /home/airflow/.local/lib/python3.12/site-packages/airflow/example_dags/example_complex.py
[2026-07-01T09:24:26.187+0000] {processor.py:925} INFO - DAG(s) 'example_complex' retrieved from /home/airflow/.local/lib/python3.12/site-packages/airflow/example_dags/example_complex.py
[2026-07-01T09:24:26.208+0000] {logging_mixin.py:190} INFO - [2026-07-01T09:24:26.207+0000] {dag.py:3211} INFO - Sync 1 DAGs
[2026-07-01T09:24:26.218+0000] {logging_mixin.py:190} INFO - [2026-07-01T09:24:26.218+0000] {dag.py:4138} INFO - Setting next_dagrun for example_complex to None, run_after=None
[2026-07-01T09:24:26.231+0000] {processor.py:208} INFO - Processing /home/airflow/.local/lib/python3.12/site-packages/airflow/example_dags/example_complex.py took 0.058 seconds
[2026-07-01T09:24:56.297+0000] {processor.py:186} INFO - Started process (PID=1954) to work on /home/airflow/.local/lib/python3.12/site-packages/airflow/example_dags/example_complex.py
[2026-07-01T09:24:56.298+0000] {processor.py:914} INFO - Processing file /home/airflow/.local/lib/python3.12/site-packages/airflow/example_dags/example_complex.py for tasks to queue
[2026-07-01T09:24:56.300+0000] {logging_mixin.py:190} INFO - [2026-07-01T09:24:56.300+0000] {dagbag.py:587} INFO - Filling up the DagBag from /home/airflow/.local/lib/python3.12/site-packages/airflow/example_dags/example_complex.py
[2026-07-01T09:24:56.310+0000] {processor.py:925} INFO - DAG(s) 'example_complex' retrieved from /home/airflow/.local/lib/python3.12/site-packages/airflow/example_dags/example_complex.py
[2026-07-01T09:24:56.333+0000] {logging_mixin.py:190} INFO - [2026-07-01T09:24:56.333+0000] {dag.py:3211} INFO - Sync 1 DAGs
[2026-07-01T09:24:56.344+0000] {logging_mixin.py:190} INFO - [2026-07-01T09:24:56.344+0000] {dag.py:4138} INFO - Setting next_dagrun for example_complex to None, run_after=None
[2026-07-01T09:24:56.357+0000] {processor.py:208} INFO - Processing /home/airflow/.local/lib/python3.12/site-packages/airflow/example_dags/example_complex.py took 0.065 seconds
[2026-07-01T09:25:26.639+0000] {processor.py:186} INFO - Started process (PID=2016) to work on /home/airflow/.local/lib/python3.12/site-packages/airflow/example_dags/example_complex.py
[2026-07-01T09:25:26.641+0000] {processor.py:914} INFO - Processing file /home/airflow/.local/lib/python3.12/site-packages/airflow/example_dags/example_complex.py for tasks to queue
[2026-07-01T09:25:26.644+0000] {logging_mixin.py:190} INFO - [2026-07-01T09:25:26.643+0000] {dagbag.py:587} INFO - Filling up the DagBag from /home/airflow/.local/lib/python3.12/site-packages/airflow/example_dags/example_complex.py
[2026-07-01T09:25:26.673+0000] {processor.py:925} INFO - DAG(s) 'example_complex' retrieved from /home/airflow/.local/lib/python3.12/site-packages/airflow/example_dags/example_complex.py
[2026-07-01T09:25:26.715+0000] {logging_mixin.py:190} INFO - [2026-07-01T09:25:26.715+0000] {dag.py:3211} INFO - Sync 1 DAGs
[2026-07-01T09:25:26.733+0000] {logging_mixin.py:190} INFO - [2026-07-01T09:25:26.732+0000] {dag.py:4138} INFO - Setting next_dagrun for example_complex to None, run_after=None
[2026-07-01T09:25:26.753+0000] {processor.py:208} INFO - Processing /home/airflow/.local/lib/python3.12/site-packages/airflow/example_dags/example_complex.py took 0.127 seconds
[2026-07-01T09:30:08.363+0000] {processor.py:186} INFO - Started process (PID=2073) to work on /home/airflow/.local/lib/python3.12/site-packages/airflow/example_dags/example_complex.py
[2026-07-01T09:30:08.364+0000] {processor.py:914} INFO - Processing file /home/airflow/.local/lib/python3.12/site-packages/airflow/example_dags/example_complex.py for tasks to queue
[2026-07-01T09:30:08.366+0000] {logging_mixin.py:190} INFO - [2026-07-01T09:30:08.366+0000] {dagbag.py:587} INFO - Filling up the DagBag from /home/airflow/.local/lib/python3.12/site-packages/airflow/example_dags/example_complex.py
[2026-07-01T09:30:08.374+0000] {processor.py:925} INFO - DAG(s) 'example_complex' retrieved from /home/airflow/.local/lib/python3.12/site-packages/airflow/example_dags/example_complex.py
[2026-07-01T09:30:08.395+0000] {logging_mixin.py:190} INFO - [2026-07-01T09:30:08.395+0000] {dag.py:3211} INFO - Sync 1 DAGs
[2026-07-01T09:30:08.404+0000] {logging_mixin.py:190} INFO - [2026-07-01T09:30:08.404+0000] {dag.py:4138} INFO - Setting next_dagrun for example_complex to None, run_after=None
[2026-07-01T09:30:08.418+0000] {processor.py:208} INFO - Processing /home/airflow/.local/lib/python3.12/site-packages/airflow/example_dags/example_complex.py took 0.060 seconds
[2026-07-01T09:30:39.073+0000] {processor.py:186} INFO - Started process (PID=2135) to work on /home/airflow/.local/lib/python3.12/site-packages/airflow/example_dags/example_complex.py
[2026-07-01T09:30:39.074+0000] {processor.py:914} INFO - Processing file /home/airflow/.local/lib/python3.12/site-packages/airflow/example_dags/example_complex.py for tasks to queue
[2026-07-01T09:30:39.076+0000] {logging_mixin.py:190} INFO - [2026-07-01T09:30:39.076+0000] {dagbag.py:587} INFO - Filling up the DagBag from /home/airflow/.local/lib/python3.12/site-packages/airflow/example_dags/example_complex.py
[2026-07-01T09:30:39.084+0000] {processor.py:925} INFO - DAG(s) 'example_complex' retrieved from /home/airflow/.local/lib/python3.12/site-packages/airflow/example_dags/example_complex.py
[2026-07-01T09:30:39.105+0000] {logging_mixin.py:190} INFO - [2026-07-01T09:30:39.104+0000] {dag.py:3211} INFO - Sync 1 DAGs
[2026-07-01T09:30:39.114+0000] {logging_mixin.py:190} INFO - [2026-07-01T09:30:39.114+0000] {dag.py:4138} INFO - Setting next_dagrun for example_complex to None, run_after=None
[2026-07-01T09:30:39.127+0000] {processor.py:208} INFO - Processing /home/airflow/.local/lib/python3.12/site-packages/airflow/example_dags/example_complex.py took 0.058 seconds
[2026-07-01T09:31:09.420+0000] {processor.py:186} INFO - Started process (PID=2197) to work on /home/airflow/.local/lib/python3.12/site-packages/airflow/example_dags/example_complex.py
[2026-07-01T09:31:09.421+0000] {processor.py:914} INFO - Processing file /home/airflow/.local/lib/python3.12/site-packages/airflow/example_dags/example_complex.py for tasks to queue
[2026-07-01T09:31:09.423+0000] {logging_mixin.py:190} INFO - [2026-07-01T09:31:09.422+0000] {dagbag.py:587} INFO - Filling up the DagBag from /home/airflow/.local/lib/python3.12/site-packages/airflow/example_dags/example_complex.py
[2026-07-01T09:31:09.430+0000] {processor.py:925} INFO - DAG(s) 'example_complex' retrieved from /home/airflow/.local/lib/python3.12/site-packages/airflow/example_dags/example_complex.py
[2026-07-01T09:31:09.450+0000] {logging_mixin.py:190} INFO - [2026-07-01T09:31:09.450+0000] {dag.py:3211} INFO - Sync 1 DAGs
[2026-07-01T09:31:09.460+0000] {logging_mixin.py:190} INFO - [2026-07-01T09:31:09.460+0000] {dag.py:4138} INFO - Setting next_dagrun for example_complex to None, run_after=None
[2026-07-01T09:31:09.473+0000] {processor.py:208} INFO - Processing /home/airflow/.local/lib/python3.12/site-packages/airflow/example_dags/example_complex.py took 0.058 seconds
[2026-07-01T09:31:40.007+0000] {processor.py:186} INFO - Started process (PID=2259) to work on /home/airflow/.local/lib/python3.12/site-packages/airflow/example_dags/example_complex.py
[2026-07-01T09:31:40.008+0000] {processor.py:914} INFO - Processing file /home/airflow/.local/lib/python3.12/site-packages/airflow/example_dags/example_complex.py for tasks to queue
[2026-07-01T09:31:40.009+0000] {logging_mixin.py:190} INFO - [2026-07-01T09:31:40.009+0000] {dagbag.py:587} INFO - Filling up the DagBag from /home/airflow/.local/lib/python3.12/site-packages/airflow/example_dags/example_complex.py
[2026-07-01T09:31:40.017+0000] {processor.py:925} INFO - DAG(s) 'example_complex' retrieved from /home/airflow/.local/lib/python3.12/site-packages/airflow/example_dags/example_complex.py
[2026-07-01T09:31:40.038+0000] {logging_mixin.py:190} INFO - [2026-07-01T09:31:40.038+0000] {dag.py:3211} INFO - Sync 1 DAGs
[2026-07-01T09:31:40.048+0000] {logging_mixin.py:190} INFO - [2026-07-01T09:31:40.048+0000] {dag.py:4138} INFO - Setting next_dagrun for example_complex to None, run_after=None
[2026-07-01T09:31:40.063+0000] {processor.py:208} INFO - Processing /home/airflow/.local/lib/python3.12/site-packages/airflow/example_dags/example_complex.py took 0.061 seconds
[2026-07-01T09:32:10.291+0000] {processor.py:186} INFO - Started process (PID=2321) to work on /home/airflow/.local/lib/python3.12/site-packages/airflow/example_dags/example_complex.py
[2026-07-01T09:32:10.292+0000] {processor.py:914} INFO - Processing file /home/airflow/.local/lib/python3.12/site-packages/airflow/example_dags/example_complex.py for tasks to queue
[2026-07-01T09:32:10.294+0000] {logging_mixin.py:190} INFO - [2026-07-01T09:32:10.294+0000] {dagbag.py:587} INFO - Filling up the DagBag from /home/airflow/.local/lib/python3.12/site-packages/airflow/example_dags/example_complex.py
[2026-07-01T09:32:10.301+0000] {processor.py:925} INFO - DAG(s) 'example_complex' retrieved from /home/airflow/.local/lib/python3.12/site-packages/airflow/example_dags/example_complex.py
[2026-07-01T09:32:10.321+0000] {logging_mixin.py:190} INFO - [2026-07-01T09:32:10.321+0000] {dag.py:3211} INFO - Sync 1 DAGs
[2026-07-01T09:32:10.330+0000] {logging_mixin.py:190} INFO - [2026-07-01T09:32:10.330+0000] {dag.py:4138} INFO - Setting next_dagrun for example_complex to None, run_after=None
[2026-07-01T09:32:10.342+0000] {processor.py:208} INFO - Processing /home/airflow/.local/lib/python3.12/site-packages/airflow/example_dags/example_complex.py took 0.055 seconds
[2026-07-01T09:32:40.817+0000] {processor.py:186} INFO - Started process (PID=2383) to work on /home/airflow/.local/lib/python3.12/site-packages/airflow/example_dags/example_complex.py
[2026-07-01T09:32:40.818+0000] {processor.py:914} INFO - Processing file /home/airflow/.local/lib/python3.12/site-packages/airflow/example_dags/example_complex.py for tasks to queue
[2026-07-01T09:32:40.819+0000] {logging_mixin.py:190} INFO - [2026-07-01T09:32:40.819+0000] {dagbag.py:587} INFO - Filling up the DagBag from /home/airflow/.local/lib/python3.12/site-packages/airflow/example_dags/example_complex.py
[2026-07-01T09:32:40.828+0000] {processor.py:925} INFO - DAG(s) 'example_complex' retrieved from /home/airflow/.local/lib/python3.12/site-packages/airflow/example_dags/example_complex.py
[2026-07-01T09:32:40.849+0000] {logging_mixin.py:190} INFO - [2026-07-01T09:32:40.849+0000] {dag.py:3211} INFO - Sync 1 DAGs
[2026-07-01T09:32:40.859+0000] {logging_mixin.py:190} INFO - [2026-07-01T09:32:40.859+0000] {dag.py:4138} INFO - Setting next_dagrun for example_complex to None, run_after=None
[2026-07-01T09:32:40.873+0000] {processor.py:208} INFO - Processing /home/airflow/.local/lib/python3.12/site-packages/airflow/example_dags/example_complex.py took 0.060 seconds
[2026-07-01T09:33:11.317+0000] {processor.py:186} INFO - Started process (PID=2444) to work on /home/airflow/.local/lib/python3.12/site-packages/airflow/example_dags/example_complex.py
[2026-07-01T09:33:11.318+0000] {processor.py:914} INFO - Processing file /home/airflow/.local/lib/python3.12/site-packages/airflow/example_dags/example_complex.py for tasks to queue
[2026-07-01T09:33:11.320+0000] {logging_mixin.py:190} INFO - [2026-07-01T09:33:11.320+0000] {dagbag.py:587} INFO - Filling up the DagBag from /home/airflow/.local/lib/python3.12/site-packages/airflow/example_dags/example_complex.py
[2026-07-01T09:33:11.329+0000] {processor.py:925} INFO - DAG(s) 'example_complex' retrieved from /home/airflow/.local/lib/python3.12/site-packages/airflow/example_dags/example_complex.py
[2026-07-01T09:33:11.349+0000] {logging_mixin.py:190} INFO - [2026-07-01T09:33:11.349+0000] {dag.py:3211} INFO - Sync 1 DAGs
[2026-07-01T09:33:11.358+0000] {logging_mixin.py:190} INFO - [2026-07-01T09:33:11.358+0000] {dag.py:4138} INFO - Setting next_dagrun for example_complex to None, run_after=None
[2026-07-01T09:33:11.372+0000] {processor.py:208} INFO - Processing /home/airflow/.local/lib/python3.12/site-packages/airflow/example_dags/example_complex.py took 0.060 seconds
[2026-07-01T09:33:41.943+0000] {processor.py:186} INFO - Started process (PID=2506) to work on /home/airflow/.local/lib/python3.12/site-packages/airflow/example_dags/example_complex.py
[2026-07-01T09:33:41.944+0000] {processor.py:914} INFO - Processing file /home/airflow/.local/lib/python3.12/site-packages/airflow/example_dags/example_complex.py for tasks to queue
[2026-07-01T09:33:41.946+0000] {logging_mixin.py:190} INFO - [2026-07-01T09:33:41.946+0000] {dagbag.py:587} INFO - Filling up the DagBag from /home/airflow/.local/lib/python3.12/site-packages/airflow/example_dags/example_complex.py
[2026-07-01T09:33:41.957+0000] {processor.py:925} INFO - DAG(s) 'example_complex' retrieved from /home/airflow/.local/lib/python3.12/site-packages/airflow/example_dags/example_complex.py
[2026-07-01T09:33:41.981+0000] {logging_mixin.py:190} INFO - [2026-07-01T09:33:41.981+0000] {dag.py:3211} INFO - Sync 1 DAGs
[2026-07-01T09:33:41.992+0000] {logging_mixin.py:190} INFO - [2026-07-01T09:33:41.992+0000] {dag.py:4138} INFO - Setting next_dagrun for example_complex to None, run_after=None
[2026-07-01T09:33:42.006+0000] {processor.py:208} INFO - Processing /home/airflow/.local/lib/python3.12/site-packages/airflow/example_dags/example_complex.py took 0.069 seconds
[2026-07-01T09:34:12.941+0000] {processor.py:186} INFO - Started process (PID=2569) to work on /home/airflow/.local/lib/python3.12/site-packages/airflow/example_dags/example_complex.py
[2026-07-01T09:34:12.942+0000] {processor.py:914} INFO - Processing file /home/airflow/.local/lib/python3.12/site-packages/airflow/example_dags/example_complex.py for tasks to queue
[2026-07-01T09:34:12.943+0000] {logging_mixin.py:190} INFO - [2026-07-01T09:34:12.943+0000] {dagbag.py:587} INFO - Filling up the DagBag from /home/airflow/.local/lib/python3.12/site-packages/airflow/example_dags/example_complex.py
[2026-07-01T09:34:12.951+0000] {processor.py:925} INFO - DAG(s) 'example_complex' retrieved from /home/airflow/.local/lib/python3.12/site-packages/airflow/example_dags/example_complex.py
[2026-07-01T09:34:12.973+0000] {logging_mixin.py:190} INFO - [2026-07-01T09:34:12.973+0000] {dag.py:3211} INFO - Sync 1 DAGs
[2026-07-01T09:34:12.985+0000] {logging_mixin.py:190} INFO - [2026-07-01T09:34:12.984+0000] {dag.py:4138} INFO - Setting next_dagrun for example_complex to None, run_after=None
[2026-07-01T09:34:12.998+0000] {processor.py:208} INFO - Processing /home/airflow/.local/lib/python3.12/site-packages/airflow/example_dags/example_complex.py took 0.062 seconds
[2026-07-01T09:34:43.937+0000] {processor.py:186} INFO - Started process (PID=2631) to work on /home/airflow/.local/lib/python3.12/site-packages/airflow/example_dags/example_complex.py
[2026-07-01T09:34:43.938+0000] {processor.py:914} INFO - Processing file /home/airflow/.local/lib/python3.12/site-packages/airflow/example_dags/example_complex.py for tasks to queue
[2026-07-01T09:34:43.941+0000] {logging_mixin.py:190} INFO - [2026-07-01T09:34:43.940+0000] {dagbag.py:587} INFO - Filling up the DagBag from /home/airflow/.local/lib/python3.12/site-packages/airflow/example_dags/example_complex.py
[2026-07-01T09:34:43.950+0000] {processor.py:925} INFO - DAG(s) 'example_complex' retrieved from /home/airflow/.local/lib/python3.12/site-packages/airflow/example_dags/example_complex.py
[2026-07-01T09:34:43.976+0000] {logging_mixin.py:190} INFO - [2026-07-01T09:34:43.976+0000] {dag.py:3211} INFO - Sync 1 DAGs
[2026-07-01T09:34:43.987+0000] {logging_mixin.py:190} INFO - [2026-07-01T09:34:43.987+0000] {dag.py:4138} INFO - Setting next_dagrun for example_complex to None, run_after=None
[2026-07-01T09:34:44.004+0000] {processor.py:208} INFO - Processing /home/airflow/.local/lib/python3.12/site-packages/airflow/example_dags/example_complex.py took 0.072 seconds
[2026-07-01T09:35:14.612+0000] {processor.py:186} INFO - Started process (PID=2693) to work on /home/airflow/.local/lib/python3.12/site-packages/airflow/example_dags/example_complex.py
[2026-07-01T09:35:14.614+0000] {processor.py:914} INFO - Processing file /home/airflow/.local/lib/python3.12/site-packages/airflow/example_dags/example_complex.py for tasks to queue
[2026-07-01T09:35:14.615+0000] {logging_mixin.py:190} INFO - [2026-07-01T09:35:14.615+0000] {dagbag.py:587} INFO - Filling up the DagBag from /home/airflow/.local/lib/python3.12/site-packages/airflow/example_dags/example_complex.py
[2026-07-01T09:35:14.623+0000] {processor.py:925} INFO - DAG(s) 'example_complex' retrieved from /home/airflow/.local/lib/python3.12/site-packages/airflow/example_dags/example_complex.py
[2026-07-01T09:35:14.647+0000] {logging_mixin.py:190} INFO - [2026-07-01T09:35:14.647+0000] {dag.py:3211} INFO - Sync 1 DAGs
[2026-07-01T09:35:14.658+0000] {logging_mixin.py:190} INFO - [2026-07-01T09:35:14.658+0000] {dag.py:4138} INFO - Setting next_dagrun for example_complex to None, run_after=None
[2026-07-01T09:35:14.674+0000] {processor.py:208} INFO - Processing /home/airflow/.local/lib/python3.12/site-packages/airflow/example_dags/example_complex.py took 0.066 seconds
[2026-07-01T09:35:45.091+0000] {processor.py:186} INFO - Started process (PID=2755) to work on /home/airflow/.local/lib/python3.12/site-packages/airflow/example_dags/example_complex.py
[2026-07-01T09:35:45.092+0000] {processor.py:914} INFO - Processing file /home/airflow/.local/lib/python3.12/site-packages/airflow/example_dags/example_complex.py for tasks to queue
[2026-07-01T09:35:45.094+0000] {logging_mixin.py:190} INFO - [2026-07-01T09:35:45.094+0000] {dagbag.py:587} INFO - Filling up the DagBag from /home/airflow/.local/lib/python3.12/site-packages/airflow/example_dags/example_complex.py
[2026-07-01T09:35:45.103+0000] {processor.py:925} INFO - DAG(s) 'example_complex' retrieved from /home/airflow/.local/lib/python3.12/site-packages/airflow/example_dags/example_complex.py
[2026-07-01T09:35:45.130+0000] {logging_mixin.py:190} INFO - [2026-07-01T09:35:45.130+0000] {dag.py:3211} INFO - Sync 1 DAGs
[2026-07-01T09:35:45.143+0000] {logging_mixin.py:190} INFO - [2026-07-01T09:35:45.143+0000] {dag.py:4138} INFO - Setting next_dagrun for example_complex to None, run_after=None
[2026-07-01T09:35:45.161+0000] {processor.py:208} INFO - Processing /home/airflow/.local/lib/python3.12/site-packages/airflow/example_dags/example_complex.py took 0.075 seconds
[2026-07-01T09:36:15.826+0000] {processor.py:186} INFO - Started process (PID=2817) to work on /home/airflow/.local/lib/python3.12/site-packages/airflow/example_dags/example_complex.py
[2026-07-01T09:36:15.827+0000] {processor.py:914} INFO - Processing file /home/airflow/.local/lib/python3.12/site-packages/airflow/example_dags/example_complex.py for tasks to queue
[2026-07-01T09:36:15.829+0000] {logging_mixin.py:190} INFO - [2026-07-01T09:36:15.829+0000] {dagbag.py:587} INFO - Filling up the DagBag from /home/airflow/.local/lib/python3.12/site-packages/airflow/example_dags/example_complex.py
[2026-07-01T09:36:15.837+0000] {processor.py:925} INFO - DAG(s) 'example_complex' retrieved from /home/airflow/.local/lib/python3.12/site-packages/airflow/example_dags/example_complex.py
[2026-07-01T09:36:15.859+0000] {logging_mixin.py:190} INFO - [2026-07-01T09:36:15.859+0000] {dag.py:3211} INFO - Sync 1 DAGs
[2026-07-01T09:36:15.869+0000] {logging_mixin.py:190} INFO - [2026-07-01T09:36:15.869+0000] {dag.py:4138} INFO - Setting next_dagrun for example_complex to None, run_after=None
[2026-07-01T09:36:15.883+0000] {processor.py:208} INFO - Processing /home/airflow/.local/lib/python3.12/site-packages/airflow/example_dags/example_complex.py took 0.062 seconds
[2026-07-01T09:36:46.734+0000] {processor.py:186} INFO - Started process (PID=2879) to work on /home/airflow/.local/lib/python3.12/site-packages/airflow/example_dags/example_complex.py
[2026-07-01T09:36:46.735+0000] {processor.py:914} INFO - Processing file /home/airflow/.local/lib/python3.12/site-packages/airflow/example_dags/example_complex.py for tasks to queue
[2026-07-01T09:36:46.737+0000] {logging_mixin.py:190} INFO - [2026-07-01T09:36:46.737+0000] {dagbag.py:587} INFO - Filling up the DagBag from /home/airflow/.local/lib/python3.12/site-packages/airflow/example_dags/example_complex.py
[2026-07-01T09:36:46.746+0000] {processor.py:925} INFO - DAG(s) 'example_complex' retrieved from /home/airflow/.local/lib/python3.12/site-packages/airflow/example_dags/example_complex.py
[2026-07-01T09:36:46.769+0000] {logging_mixin.py:190} INFO - [2026-07-01T09:36:46.768+0000] {dag.py:3211} INFO - Sync 1 DAGs
[2026-07-01T09:36:46.779+0000] {logging_mixin.py:190} INFO - [2026-07-01T09:36:46.779+0000] {dag.py:4138} INFO - Setting next_dagrun for example_complex to None, run_after=None
[2026-07-01T09:36:46.793+0000] {processor.py:208} INFO - Processing /home/airflow/.local/lib/python3.12/site-packages/airflow/example_dags/example_complex.py took 0.064 seconds
[2026-07-01T09:37:18.569+0000] {processor.py:186} INFO - Started process (PID=2941) to work on /home/airflow/.local/lib/python3.12/site-packages/airflow/example_dags/example_complex.py
[2026-07-01T09:37:18.570+0000] {processor.py:914} INFO - Processing file /home/airflow/.local/lib/python3.12/site-packages/airflow/example_dags/example_complex.py for tasks to queue
[2026-07-01T09:37:18.573+0000] {logging_mixin.py:190} INFO - [2026-07-01T09:37:18.572+0000] {dagbag.py:587} INFO - Filling up the DagBag from /home/airflow/.local/lib/python3.12/site-packages/airflow/example_dags/example_complex.py
[2026-07-01T09:37:18.580+0000] {processor.py:925} INFO - DAG(s) 'example_complex' retrieved from /home/airflow/.local/lib/python3.12/site-packages/airflow/example_dags/example_complex.py
[2026-07-01T09:37:18.603+0000] {logging_mixin.py:190} INFO - [2026-07-01T09:37:18.602+0000] {dag.py:3211} INFO - Sync 1 DAGs
[2026-07-01T09:37:18.629+0000] {logging_mixin.py:190} INFO - [2026-07-01T09:37:18.629+0000] {dag.py:4138} INFO - Setting next_dagrun for example_complex to None, run_after=None
[2026-07-01T09:37:18.658+0000] {processor.py:208} INFO - Processing /home/airflow/.local/lib/python3.12/site-packages/airflow/example_dags/example_complex.py took 0.093 seconds
[2026-07-01T09:37:49.783+0000] {processor.py:186} INFO - Started process (PID=3009) to work on /home/airflow/.local/lib/python3.12/site-packages/airflow/example_dags/example_complex.py
[2026-07-01T09:37:49.784+0000] {processor.py:914} INFO - Processing file /home/airflow/.local/lib/python3.12/site-packages/airflow/example_dags/example_complex.py for tasks to queue
[2026-07-01T09:37:49.786+0000] {logging_mixin.py:190} INFO - [2026-07-01T09:37:49.786+0000] {dagbag.py:587} INFO - Filling up the DagBag from /home/airflow/.local/lib/python3.12/site-packages/airflow/example_dags/example_complex.py
[2026-07-01T09:37:49.796+0000] {processor.py:925} INFO - DAG(s) 'example_complex' retrieved from /home/airflow/.local/lib/python3.12/site-packages/airflow/example_dags/example_complex.py
[2026-07-01T09:37:49.823+0000] {logging_mixin.py:190} INFO - [2026-07-01T09:37:49.823+0000] {dag.py:3211} INFO - Sync 1 DAGs
[2026-07-01T09:37:49.834+0000] {logging_mixin.py:190} INFO - [2026-07-01T09:37:49.834+0000] {dag.py:4138} INFO - Setting next_dagrun for example_complex to None, run_after=None
[2026-07-01T09:37:49.852+0000] {processor.py:208} INFO - Processing /home/airflow/.local/lib/python3.12/site-packages/airflow/example_dags/example_complex.py took 0.074 seconds
[2026-07-01T09:38:20.821+0000] {processor.py:186} INFO - Started process (PID=3071) to work on /home/airflow/.local/lib/python3.12/site-packages/airflow/example_dags/example_complex.py
[2026-07-01T09:38:20.823+0000] {processor.py:914} INFO - Processing file /home/airflow/.local/lib/python3.12/site-packages/airflow/example_dags/example_complex.py for tasks to queue
[2026-07-01T09:38:20.825+0000] {logging_mixin.py:190} INFO - [2026-07-01T09:38:20.824+0000] {dagbag.py:587} INFO - Filling up the DagBag from /home/airflow/.local/lib/python3.12/site-packages/airflow/example_dags/example_complex.py
[2026-07-01T09:38:20.833+0000] {processor.py:925} INFO - DAG(s) 'example_complex' retrieved from /home/airflow/.local/lib/python3.12/site-packages/airflow/example_dags/example_complex.py
[2026-07-01T09:38:20.855+0000] {logging_mixin.py:190} INFO - [2026-07-01T09:38:20.855+0000] {dag.py:3211} INFO - Sync 1 DAGs
[2026-07-01T09:38:21.004+0000] {logging_mixin.py:190} INFO - [2026-07-01T09:38:21.003+0000] {dag.py:4138} INFO - Setting next_dagrun for example_complex to None, run_after=None
[2026-07-01T09:38:21.018+0000] {processor.py:208} INFO - Processing /home/airflow/.local/lib/python3.12/site-packages/airflow/example_dags/example_complex.py took 0.201 seconds
[2026-07-01T09:38:51.153+0000] {processor.py:186} INFO - Started process (PID=3133) to work on /home/airflow/.local/lib/python3.12/site-packages/airflow/example_dags/example_complex.py
[2026-07-01T09:38:51.154+0000] {processor.py:914} INFO - Processing file /home/airflow/.local/lib/python3.12/site-packages/airflow/example_dags/example_complex.py for tasks to queue
[2026-07-01T09:38:51.156+0000] {logging_mixin.py:190} INFO - [2026-07-01T09:38:51.155+0000] {dagbag.py:587} INFO - Filling up the DagBag from /home/airflow/.local/lib/python3.12/site-packages/airflow/example_dags/example_complex.py
[2026-07-01T09:38:51.163+0000] {processor.py:925} INFO - DAG(s) 'example_complex' retrieved from /home/airflow/.local/lib/python3.12/site-packages/airflow/example_dags/example_complex.py
[2026-07-01T09:38:51.187+0000] {logging_mixin.py:190} INFO - [2026-07-01T09:38:51.187+0000] {dag.py:3211} INFO - Sync 1 DAGs
[2026-07-01T09:38:51.347+0000] {logging_mixin.py:190} INFO - [2026-07-01T09:38:51.346+0000] {dag.py:4138} INFO - Setting next_dagrun for example_complex to None, run_after=None
[2026-07-01T09:38:51.364+0000] {processor.py:208} INFO - Processing /home/airflow/.local/lib/python3.12/site-packages/airflow/example_dags/example_complex.py took 0.217 seconds
[2026-07-01T09:39:21.742+0000] {processor.py:186} INFO - Started process (PID=3195) to work on /home/airflow/.local/lib/python3.12/site-packages/airflow/example_dags/example_complex.py
[2026-07-01T09:39:21.743+0000] {processor.py:914} INFO - Processing file /home/airflow/.local/lib/python3.12/site-packages/airflow/example_dags/example_complex.py for tasks to queue
[2026-07-01T09:39:21.745+0000] {logging_mixin.py:190} INFO - [2026-07-01T09:39:21.745+0000] {dagbag.py:587} INFO - Filling up the DagBag from /home/airflow/.local/lib/python3.12/site-packages/airflow/example_dags/example_complex.py
[2026-07-01T09:39:21.754+0000] {processor.py:925} INFO - DAG(s) 'example_complex' retrieved from /home/airflow/.local/lib/python3.12/site-packages/airflow/example_dags/example_complex.py
[2026-07-01T09:39:21.776+0000] {logging_mixin.py:190} INFO - [2026-07-01T09:39:21.776+0000] {dag.py:3211} INFO - Sync 1 DAGs
[2026-07-01T09:39:21.787+0000] {logging_mixin.py:190} INFO - [2026-07-01T09:39:21.787+0000] {dag.py:4138} INFO - Setting next_dagrun for example_complex to None, run_after=None
[2026-07-01T09:39:21.968+0000] {processor.py:208} INFO - Processing /home/airflow/.local/lib/python3.12/site-packages/airflow/example_dags/example_complex.py took 0.230 seconds
[2026-07-01T09:39:52.795+0000] {processor.py:186} INFO - Started process (PID=3257) to work on /home/airflow/.local/lib/python3.12/site-packages/airflow/example_dags/example_complex.py
[2026-07-01T09:39:52.796+0000] {processor.py:914} INFO - Processing file /home/airflow/.local/lib/python3.12/site-packages/airflow/example_dags/example_complex.py for tasks to queue
[2026-07-01T09:39:52.798+0000] {logging_mixin.py:190} INFO - [2026-07-01T09:39:52.797+0000] {dagbag.py:587} INFO - Filling up the DagBag from /home/airflow/.local/lib/python3.12/site-packages/airflow/example_dags/example_complex.py
[2026-07-01T09:39:52.805+0000] {processor.py:925} INFO - DAG(s) 'example_complex' retrieved from /home/airflow/.local/lib/python3.12/site-packages/airflow/example_dags/example_complex.py
[2026-07-01T09:39:52.827+0000] {logging_mixin.py:190} INFO - [2026-07-01T09:39:52.826+0000] {dag.py:3211} INFO - Sync 1 DAGs
[2026-07-01T09:39:52.836+0000] {logging_mixin.py:190} INFO - [2026-07-01T09:39:52.836+0000] {dag.py:4138} INFO - Setting next_dagrun for example_complex to None, run_after=None
[2026-07-01T09:39:52.850+0000] {processor.py:208} INFO - Processing /home/airflow/.local/lib/python3.12/site-packages/airflow/example_dags/example_complex.py took 0.060 seconds
[2026-07-01T09:40:23.818+0000] {processor.py:186} INFO - Started process (PID=3319) to work on /home/airflow/.local/lib/python3.12/site-packages/airflow/example_dags/example_complex.py
[2026-07-01T09:40:23.818+0000] {processor.py:914} INFO - Processing file /home/airflow/.local/lib/python3.12/site-packages/airflow/example_dags/example_complex.py for tasks to queue
[2026-07-01T09:40:23.820+0000] {logging_mixin.py:190} INFO - [2026-07-01T09:40:23.820+0000] {dagbag.py:587} INFO - Filling up the DagBag from /home/airflow/.local/lib/python3.12/site-packages/airflow/example_dags/example_complex.py
[2026-07-01T09:40:23.828+0000] {processor.py:925} INFO - DAG(s) 'example_complex' retrieved from /home/airflow/.local/lib/python3.12/site-packages/airflow/example_dags/example_complex.py
[2026-07-01T09:40:23.849+0000] {logging_mixin.py:190} INFO - [2026-07-01T09:40:23.848+0000] {dag.py:3211} INFO - Sync 1 DAGs
[2026-07-01T09:40:23.858+0000] {logging_mixin.py:190} INFO - [2026-07-01T09:40:23.858+0000] {dag.py:4138} INFO - Setting next_dagrun for example_complex to None, run_after=None
[2026-07-01T09:40:23.874+0000] {processor.py:208} INFO - Processing /home/airflow/.local/lib/python3.12/site-packages/airflow/example_dags/example_complex.py took 0.061 seconds
[2026-07-01T09:40:54.164+0000] {processor.py:186} INFO - Started process (PID=3381) to work on /home/airflow/.local/lib/python3.12/site-packages/airflow/example_dags/example_complex.py
[2026-07-01T09:40:54.165+0000] {processor.py:914} INFO - Processing file /home/airflow/.local/lib/python3.12/site-packages/airflow/example_dags/example_complex.py for tasks to queue
[2026-07-01T09:40:54.167+0000] {logging_mixin.py:190} INFO - [2026-07-01T09:40:54.166+0000] {dagbag.py:587} INFO - Filling up the DagBag from /home/airflow/.local/lib/python3.12/site-packages/airflow/example_dags/example_complex.py
[2026-07-01T09:40:54.174+0000] {processor.py:925} INFO - DAG(s) 'example_complex' retrieved from /home/airflow/.local/lib/python3.12/site-packages/airflow/example_dags/example_complex.py
[2026-07-01T09:40:54.198+0000] {logging_mixin.py:190} INFO - [2026-07-01T09:40:54.198+0000] {dag.py:3211} INFO - Sync 1 DAGs
[2026-07-01T09:40:54.209+0000] {logging_mixin.py:190} INFO - [2026-07-01T09:40:54.209+0000] {dag.py:4138} INFO - Setting next_dagrun for example_complex to None, run_after=None
[2026-07-01T09:40:54.224+0000] {processor.py:208} INFO - Processing /home/airflow/.local/lib/python3.12/site-packages/airflow/example_dags/example_complex.py took 0.064 seconds
[2026-07-01T09:41:24.515+0000] {processor.py:186} INFO - Started process (PID=3443) to work on /home/airflow/.local/lib/python3.12/site-packages/airflow/example_dags/example_complex.py
[2026-07-01T09:41:24.518+0000] {processor.py:914} INFO - Processing file /home/airflow/.local/lib/python3.12/site-packages/airflow/example_dags/example_complex.py for tasks to queue
[2026-07-01T09:41:24.520+0000] {logging_mixin.py:190} INFO - [2026-07-01T09:41:24.520+0000] {dagbag.py:587} INFO - Filling up the DagBag from /home/airflow/.local/lib/python3.12/site-packages/airflow/example_dags/example_complex.py
[2026-07-01T09:41:24.527+0000] {processor.py:925} INFO - DAG(s) 'example_complex' retrieved from /home/airflow/.local/lib/python3.12/site-packages/airflow/example_dags/example_complex.py
[2026-07-01T09:41:24.548+0000] {logging_mixin.py:190} INFO - [2026-07-01T09:41:24.548+0000] {dag.py:3211} INFO - Sync 1 DAGs
[2026-07-01T09:41:24.557+0000] {logging_mixin.py:190} INFO - [2026-07-01T09:41:24.557+0000] {dag.py:4138} INFO - Setting next_dagrun for example_complex to None, run_after=None
[2026-07-01T09:41:24.571+0000] {processor.py:208} INFO - Processing /home/airflow/.local/lib/python3.12/site-packages/airflow/example_dags/example_complex.py took 0.060 seconds
[2026-07-01T09:41:54.730+0000] {processor.py:186} INFO - Started process (PID=3505) to work on /home/airflow/.local/lib/python3.12/site-packages/airflow/example_dags/example_complex.py
[2026-07-01T09:41:54.730+0000] {processor.py:914} INFO - Processing file /home/airflow/.local/lib/python3.12/site-packages/airflow/example_dags/example_complex.py for tasks to queue
[2026-07-01T09:41:54.732+0000] {logging_mixin.py:190} INFO - [2026-07-01T09:41:54.732+0000] {dagbag.py:587} INFO - Filling up the DagBag from /home/airflow/.local/lib/python3.12/site-packages/airflow/example_dags/example_complex.py
[2026-07-01T09:41:54.740+0000] {processor.py:925} INFO - DAG(s) 'example_complex' retrieved from /home/airflow/.local/lib/python3.12/site-packages/airflow/example_dags/example_complex.py
[2026-07-01T09:41:54.760+0000] {logging_mixin.py:190} INFO - [2026-07-01T09:41:54.760+0000] {dag.py:3211} INFO - Sync 1 DAGs
[2026-07-01T09:41:54.771+0000] {logging_mixin.py:190} INFO - [2026-07-01T09:41:54.770+0000] {dag.py:4138} INFO - Setting next_dagrun for example_complex to None, run_after=None
[2026-07-01T09:41:54.785+0000] {processor.py:208} INFO - Processing /home/airflow/.local/lib/python3.12/site-packages/airflow/example_dags/example_complex.py took 0.061 seconds
[2026-07-01T09:42:25.136+0000] {processor.py:186} INFO - Started process (PID=3567) to work on /home/airflow/.local/lib/python3.12/site-packages/airflow/example_dags/example_complex.py
[2026-07-01T09:42:25.137+0000] {processor.py:914} INFO - Processing file /home/airflow/.local/lib/python3.12/site-packages/airflow/example_dags/example_complex.py for tasks to queue
[2026-07-01T09:42:25.139+0000] {logging_mixin.py:190} INFO - [2026-07-01T09:42:25.139+0000] {dagbag.py:587} INFO - Filling up the DagBag from /home/airflow/.local/lib/python3.12/site-packages/airflow/example_dags/example_complex.py
[2026-07-01T09:42:25.147+0000] {processor.py:925} INFO - DAG(s) 'example_complex' retrieved from /home/airflow/.local/lib/python3.12/site-packages/airflow/example_dags/example_complex.py
[2026-07-01T09:42:25.169+0000] {logging_mixin.py:190} INFO - [2026-07-01T09:42:25.169+0000] {dag.py:3211} INFO - Sync 1 DAGs
[2026-07-01T09:42:25.181+0000] {logging_mixin.py:190} INFO - [2026-07-01T09:42:25.181+0000] {dag.py:4138} INFO - Setting next_dagrun for example_complex to None, run_after=None
[2026-07-01T09:42:25.197+0000] {processor.py:208} INFO - Processing /home/airflow/.local/lib/python3.12/site-packages/airflow/example_dags/example_complex.py took 0.066 seconds
[2026-07-01T09:42:55.610+0000] {processor.py:186} INFO - Started process (PID=3629) to work on /home/airflow/.local/lib/python3.12/site-packages/airflow/example_dags/example_complex.py
[2026-07-01T09:42:55.611+0000] {processor.py:914} INFO - Processing file /home/airflow/.local/lib/python3.12/site-packages/airflow/example_dags/example_complex.py for tasks to queue
[2026-07-01T09:42:55.613+0000] {logging_mixin.py:190} INFO - [2026-07-01T09:42:55.613+0000] {dagbag.py:587} INFO - Filling up the DagBag from /home/airflow/.local/lib/python3.12/site-packages/airflow/example_dags/example_complex.py
[2026-07-01T09:42:55.621+0000] {processor.py:925} INFO - DAG(s) 'example_complex' retrieved from /home/airflow/.local/lib/python3.12/site-packages/airflow/example_dags/example_complex.py
[2026-07-01T09:42:55.644+0000] {logging_mixin.py:190} INFO - [2026-07-01T09:42:55.644+0000] {dag.py:3211} INFO - Sync 1 DAGs
[2026-07-01T09:42:55.654+0000] {logging_mixin.py:190} INFO - [2026-07-01T09:42:55.654+0000] {dag.py:4138} INFO - Setting next_dagrun for example_complex to None, run_after=None
[2026-07-01T09:42:55.668+0000] {processor.py:208} INFO - Processing /home/airflow/.local/lib/python3.12/site-packages/airflow/example_dags/example_complex.py took 0.062 seconds
[2026-07-01T09:43:25.747+0000] {processor.py:186} INFO - Started process (PID=3690) to work on /home/airflow/.local/lib/python3.12/site-packages/airflow/example_dags/example_complex.py
[2026-07-01T09:43:25.748+0000] {processor.py:914} INFO - Processing file /home/airflow/.local/lib/python3.12/site-packages/airflow/example_dags/example_complex.py for tasks to queue
[2026-07-01T09:43:25.751+0000] {logging_mixin.py:190} INFO - [2026-07-01T09:43:25.750+0000] {dagbag.py:587} INFO - Filling up the DagBag from /home/airflow/.local/lib/python3.12/site-packages/airflow/example_dags/example_complex.py
[2026-07-01T09:43:25.759+0000] {processor.py:925} INFO - DAG(s) 'example_complex' retrieved from /home/airflow/.local/lib/python3.12/site-packages/airflow/example_dags/example_complex.py
[2026-07-01T09:43:25.780+0000] {logging_mixin.py:190} INFO - [2026-07-01T09:43:25.779+0000] {dag.py:3211} INFO - Sync 1 DAGs
[2026-07-01T09:43:25.791+0000] {logging_mixin.py:190} INFO - [2026-07-01T09:43:25.790+0000] {dag.py:4138} INFO - Setting next_dagrun for example_complex to None, run_after=None
[2026-07-01T09:43:25.804+0000] {processor.py:208} INFO - Processing /home/airflow/.local/lib/python3.12/site-packages/airflow/example_dags/example_complex.py took 0.061 seconds
[2026-07-01T09:43:56.215+0000] {processor.py:186} INFO - Started process (PID=3753) to work on /home/airflow/.local/lib/python3.12/site-packages/airflow/example_dags/example_complex.py
[2026-07-01T09:43:56.216+0000] {processor.py:914} INFO - Processing file /home/airflow/.local/lib/python3.12/site-packages/airflow/example_dags/example_complex.py for tasks to queue
[2026-07-01T09:43:56.217+0000] {logging_mixin.py:190} INFO - [2026-07-01T09:43:56.217+0000] {dagbag.py:587} INFO - Filling up the DagBag from /home/airflow/.local/lib/python3.12/site-packages/airflow/example_dags/example_complex.py
[2026-07-01T09:43:56.225+0000] {processor.py:925} INFO - DAG(s) 'example_complex' retrieved from /home/airflow/.local/lib/python3.12/site-packages/airflow/example_dags/example_complex.py
[2026-07-01T09:43:56.248+0000] {logging_mixin.py:190} INFO - [2026-07-01T09:43:56.248+0000] {dag.py:3211} INFO - Sync 1 DAGs
[2026-07-01T09:43:56.259+0000] {logging_mixin.py:190} INFO - [2026-07-01T09:43:56.259+0000] {dag.py:4138} INFO - Setting next_dagrun for example_complex to None, run_after=None
[2026-07-01T09:43:56.275+0000] {processor.py:208} INFO - Processing /home/airflow/.local/lib/python3.12/site-packages/airflow/example_dags/example_complex.py took 0.067 seconds
[2026-07-01T09:44:26.481+0000] {processor.py:186} INFO - Started process (PID=3815) to work on /home/airflow/.local/lib/python3.12/site-packages/airflow/example_dags/example_complex.py
[2026-07-01T09:44:26.482+0000] {processor.py:914} INFO - Processing file /home/airflow/.local/lib/python3.12/site-packages/airflow/example_dags/example_complex.py for tasks to queue
[2026-07-01T09:44:26.484+0000] {logging_mixin.py:190} INFO - [2026-07-01T09:44:26.484+0000] {dagbag.py:587} INFO - Filling up the DagBag from /home/airflow/.local/lib/python3.12/site-packages/airflow/example_dags/example_complex.py
[2026-07-01T09:44:26.492+0000] {processor.py:925} INFO - DAG(s) 'example_complex' retrieved from /home/airflow/.local/lib/python3.12/site-packages/airflow/example_dags/example_complex.py
[2026-07-01T09:44:26.512+0000] {logging_mixin.py:190} INFO - [2026-07-01T09:44:26.512+0000] {dag.py:3211} INFO - Sync 1 DAGs
[2026-07-01T09:44:26.522+0000] {logging_mixin.py:190} INFO - [2026-07-01T09:44:26.522+0000] {dag.py:4138} INFO - Setting next_dagrun for example_complex to None, run_after=None
[2026-07-01T09:44:26.536+0000] {processor.py:208} INFO - Processing /home/airflow/.local/lib/python3.12/site-packages/airflow/example_dags/example_complex.py took 0.059 seconds
[2026-07-01T09:44:56.857+0000] {processor.py:186} INFO - Started process (PID=3877) to work on /home/airflow/.local/lib/python3.12/site-packages/airflow/example_dags/example_complex.py
[2026-07-01T09:44:56.858+0000] {processor.py:914} INFO - Processing file /home/airflow/.local/lib/python3.12/site-packages/airflow/example_dags/example_complex.py for tasks to queue
[2026-07-01T09:44:56.860+0000] {logging_mixin.py:190} INFO - [2026-07-01T09:44:56.859+0000] {dagbag.py:587} INFO - Filling up the DagBag from /home/airflow/.local/lib/python3.12/site-packages/airflow/example_dags/example_complex.py
[2026-07-01T09:44:56.867+0000] {processor.py:925} INFO - DAG(s) 'example_complex' retrieved from /home/airflow/.local/lib/python3.12/site-packages/airflow/example_dags/example_complex.py
[2026-07-01T09:44:56.889+0000] {logging_mixin.py:190} INFO - [2026-07-01T09:44:56.889+0000] {dag.py:3211} INFO - Sync 1 DAGs
[2026-07-01T09:44:56.900+0000] {logging_mixin.py:190} INFO - [2026-07-01T09:44:56.900+0000] {dag.py:4138} INFO - Setting next_dagrun for example_complex to None, run_after=None
[2026-07-01T09:44:56.917+0000] {processor.py:208} INFO - Processing /home/airflow/.local/lib/python3.12/site-packages/airflow/example_dags/example_complex.py took 0.065 seconds
[2026-07-01T09:45:27.297+0000] {processor.py:186} INFO - Started process (PID=3939) to work on /home/airflow/.local/lib/python3.12/site-packages/airflow/example_dags/example_complex.py
[2026-07-01T09:45:27.298+0000] {processor.py:914} INFO - Processing file /home/airflow/.local/lib/python3.12/site-packages/airflow/example_dags/example_complex.py for tasks to queue
[2026-07-01T09:45:27.300+0000] {logging_mixin.py:190} INFO - [2026-07-01T09:45:27.300+0000] {dagbag.py:587} INFO - Filling up the DagBag from /home/airflow/.local/lib/python3.12/site-packages/airflow/example_dags/example_complex.py
[2026-07-01T09:45:27.308+0000] {processor.py:925} INFO - DAG(s) 'example_complex' retrieved from /home/airflow/.local/lib/python3.12/site-packages/airflow/example_dags/example_complex.py
[2026-07-01T09:45:27.329+0000] {logging_mixin.py:190} INFO - [2026-07-01T09:45:27.329+0000] {dag.py:3211} INFO - Sync 1 DAGs
[2026-07-01T09:45:27.338+0000] {logging_mixin.py:190} INFO - [2026-07-01T09:45:27.338+0000] {dag.py:4138} INFO - Setting next_dagrun for example_complex to None, run_after=None
[2026-07-01T09:45:27.352+0000] {processor.py:208} INFO - Processing /home/airflow/.local/lib/python3.12/site-packages/airflow/example_dags/example_complex.py took 0.060 seconds
