[2026-07-01T09:09:42.226+0000] {processor.py:186} INFO - Started process (PID=107) to work on /home/airflow/.local/lib/python3.12/site-packages/airflow/example_dags/example_branch_python_dop_operator_3.py
[2026-07-01T09:09:42.227+0000] {processor.py:914} INFO - Processing file /home/airflow/.local/lib/python3.12/site-packages/airflow/example_dags/example_branch_python_dop_operator_3.py for tasks to queue
[2026-07-01T09:09:42.229+0000] {logging_mixin.py:190} INFO - [2026-07-01T09:09:42.229+0000] {dagbag.py:587} INFO - Filling up the DagBag from /home/airflow/.local/lib/python3.12/site-packages/airflow/example_dags/example_branch_python_dop_operator_3.py
[2026-07-01T09:09:42.237+0000] {processor.py:925} INFO - DAG(s) 'example_branch_dop_operator_v3' retrieved from /home/airflow/.local/lib/python3.12/site-packages/airflow/example_dags/example_branch_python_dop_operator_3.py
[2026-07-01T09:09:42.308+0000] {logging_mixin.py:190} INFO - [2026-07-01T09:09:42.308+0000] {override.py:1858} INFO - Created Permission View: can read on DAG:example_branch_dop_operator_v3
[2026-07-01T09:09:42.316+0000] {logging_mixin.py:190} INFO - [2026-07-01T09:09:42.316+0000] {override.py:1858} INFO - Created Permission View: can delete on DAG:example_branch_dop_operator_v3
[2026-07-01T09:09:42.320+0000] {logging_mixin.py:190} INFO - [2026-07-01T09:09:42.320+0000] {override.py:1858} INFO - Created Permission View: can edit on DAG:example_branch_dop_operator_v3
[2026-07-01T09:09:42.321+0000] {logging_mixin.py:190} INFO - [2026-07-01T09:09:42.321+0000] {dag.py:3211} INFO - Sync 1 DAGs
[2026-07-01T09:09:42.331+0000] {logging_mixin.py:190} INFO - [2026-07-01T09:09:42.331+0000] {dag.py:3234} INFO - Creating ORM DAG for example_branch_dop_operator_v3
[2026-07-01T09:09:42.340+0000] {logging_mixin.py:190} INFO - [2026-07-01T09:09:42.340+0000] {dag.py:4138} INFO - Setting next_dagrun for example_branch_dop_operator_v3 to 2026-07-01 09:08:00+00:00, run_after=2026-07-01 09:09:00+00:00
[2026-07-01T09:09:42.353+0000] {processor.py:208} INFO - Processing /home/airflow/.local/lib/python3.12/site-packages/airflow/example_dags/example_branch_python_dop_operator_3.py took 0.131 seconds
[2026-07-01T09:10:13.378+0000] {processor.py:186} INFO - Started process (PID=169) to work on /home/airflow/.local/lib/python3.12/site-packages/airflow/example_dags/example_branch_python_dop_operator_3.py
[2026-07-01T09:10:13.379+0000] {processor.py:914} INFO - Processing file /home/airflow/.local/lib/python3.12/site-packages/airflow/example_dags/example_branch_python_dop_operator_3.py for tasks to queue
[2026-07-01T09:10:13.381+0000] {logging_mixin.py:190} INFO - [2026-07-01T09:10:13.381+0000] {dagbag.py:587} INFO - Filling up the DagBag from /home/airflow/.local/lib/python3.12/site-packages/airflow/example_dags/example_branch_python_dop_operator_3.py
[2026-07-01T09:10:13.388+0000] {processor.py:925} INFO - DAG(s) 'example_branch_dop_operator_v3' retrieved from /home/airflow/.local/lib/python3.12/site-packages/airflow/example_dags/example_branch_python_dop_operator_3.py
[2026-07-01T09:10:13.403+0000] {logging_mixin.py:190} INFO - [2026-07-01T09:10:13.403+0000] {dag.py:3211} INFO - Sync 1 DAGs
[2026-07-01T09:10:13.419+0000] {logging_mixin.py:190} INFO - [2026-07-01T09:10:13.419+0000] {dag.py:4138} INFO - Setting next_dagrun for example_branch_dop_operator_v3 to 2026-07-01 09:09:00+00:00, run_after=2026-07-01 09:10:00+00:00
[2026-07-01T09:10:13.431+0000] {processor.py:208} INFO - Processing /home/airflow/.local/lib/python3.12/site-packages/airflow/example_dags/example_branch_python_dop_operator_3.py took 0.057 seconds
[2026-07-01T09:10:43.541+0000] {processor.py:186} INFO - Started process (PID=231) to work on /home/airflow/.local/lib/python3.12/site-packages/airflow/example_dags/example_branch_python_dop_operator_3.py
[2026-07-01T09:10:43.542+0000] {processor.py:914} INFO - Processing file /home/airflow/.local/lib/python3.12/site-packages/airflow/example_dags/example_branch_python_dop_operator_3.py for tasks to queue
[2026-07-01T09:10:43.544+0000] {logging_mixin.py:190} INFO - [2026-07-01T09:10:43.543+0000] {dagbag.py:587} INFO - Filling up the DagBag from /home/airflow/.local/lib/python3.12/site-packages/airflow/example_dags/example_branch_python_dop_operator_3.py
[2026-07-01T09:10:43.551+0000] {processor.py:925} INFO - DAG(s) 'example_branch_dop_operator_v3' retrieved from /home/airflow/.local/lib/python3.12/site-packages/airflow/example_dags/example_branch_python_dop_operator_3.py
[2026-07-01T09:10:43.565+0000] {logging_mixin.py:190} INFO - [2026-07-01T09:10:43.565+0000] {dag.py:3211} INFO - Sync 1 DAGs
[2026-07-01T09:10:43.584+0000] {logging_mixin.py:190} INFO - [2026-07-01T09:10:43.584+0000] {dag.py:4138} INFO - Setting next_dagrun for example_branch_dop_operator_v3 to 2026-07-01 09:09:00+00:00, run_after=2026-07-01 09:10:00+00:00
[2026-07-01T09:10:43.599+0000] {processor.py:208} INFO - Processing /home/airflow/.local/lib/python3.12/site-packages/airflow/example_dags/example_branch_python_dop_operator_3.py took 0.062 seconds
[2026-07-01T09:11:13.742+0000] {processor.py:186} INFO - Started process (PID=293) to work on /home/airflow/.local/lib/python3.12/site-packages/airflow/example_dags/example_branch_python_dop_operator_3.py
[2026-07-01T09:11:13.743+0000] {processor.py:914} INFO - Processing file /home/airflow/.local/lib/python3.12/site-packages/airflow/example_dags/example_branch_python_dop_operator_3.py for tasks to queue
[2026-07-01T09:11:13.745+0000] {logging_mixin.py:190} INFO - [2026-07-01T09:11:13.745+0000] {dagbag.py:587} INFO - Filling up the DagBag from /home/airflow/.local/lib/python3.12/site-packages/airflow/example_dags/example_branch_python_dop_operator_3.py
[2026-07-01T09:11:13.753+0000] {processor.py:925} INFO - DAG(s) 'example_branch_dop_operator_v3' retrieved from /home/airflow/.local/lib/python3.12/site-packages/airflow/example_dags/example_branch_python_dop_operator_3.py
[2026-07-01T09:11:13.768+0000] {logging_mixin.py:190} INFO - [2026-07-01T09:11:13.768+0000] {dag.py:3211} INFO - Sync 1 DAGs
[2026-07-01T09:11:13.785+0000] {logging_mixin.py:190} INFO - [2026-07-01T09:11:13.785+0000] {dag.py:4138} INFO - Setting next_dagrun for example_branch_dop_operator_v3 to 2026-07-01 09:10:00+00:00, run_after=2026-07-01 09:11:00+00:00
[2026-07-01T09:11:13.797+0000] {processor.py:208} INFO - Processing /home/airflow/.local/lib/python3.12/site-packages/airflow/example_dags/example_branch_python_dop_operator_3.py took 0.059 seconds
[2026-07-01T09:11:44.243+0000] {processor.py:186} INFO - Started process (PID=355) to work on /home/airflow/.local/lib/python3.12/site-packages/airflow/example_dags/example_branch_python_dop_operator_3.py
[2026-07-01T09:11:44.245+0000] {processor.py:914} INFO - Processing file /home/airflow/.local/lib/python3.12/site-packages/airflow/example_dags/example_branch_python_dop_operator_3.py for tasks to queue
[2026-07-01T09:11:44.247+0000] {logging_mixin.py:190} INFO - [2026-07-01T09:11:44.246+0000] {dagbag.py:587} INFO - Filling up the DagBag from /home/airflow/.local/lib/python3.12/site-packages/airflow/example_dags/example_branch_python_dop_operator_3.py
[2026-07-01T09:11:44.255+0000] {processor.py:925} INFO - DAG(s) 'example_branch_dop_operator_v3' retrieved from /home/airflow/.local/lib/python3.12/site-packages/airflow/example_dags/example_branch_python_dop_operator_3.py
[2026-07-01T09:11:44.272+0000] {logging_mixin.py:190} INFO - [2026-07-01T09:11:44.271+0000] {dag.py:3211} INFO - Sync 1 DAGs
[2026-07-01T09:11:44.292+0000] {logging_mixin.py:190} INFO - [2026-07-01T09:11:44.292+0000] {dag.py:4138} INFO - Setting next_dagrun for example_branch_dop_operator_v3 to 2026-07-01 09:10:00+00:00, run_after=2026-07-01 09:11:00+00:00
[2026-07-01T09:11:44.307+0000] {processor.py:208} INFO - Processing /home/airflow/.local/lib/python3.12/site-packages/airflow/example_dags/example_branch_python_dop_operator_3.py took 0.069 seconds
[2026-07-01T09:12:14.510+0000] {processor.py:186} INFO - Started process (PID=417) to work on /home/airflow/.local/lib/python3.12/site-packages/airflow/example_dags/example_branch_python_dop_operator_3.py
[2026-07-01T09:12:14.511+0000] {processor.py:914} INFO - Processing file /home/airflow/.local/lib/python3.12/site-packages/airflow/example_dags/example_branch_python_dop_operator_3.py for tasks to queue
[2026-07-01T09:12:14.514+0000] {logging_mixin.py:190} INFO - [2026-07-01T09:12:14.513+0000] {dagbag.py:587} INFO - Filling up the DagBag from /home/airflow/.local/lib/python3.12/site-packages/airflow/example_dags/example_branch_python_dop_operator_3.py
[2026-07-01T09:12:14.524+0000] {processor.py:925} INFO - DAG(s) 'example_branch_dop_operator_v3' retrieved from /home/airflow/.local/lib/python3.12/site-packages/airflow/example_dags/example_branch_python_dop_operator_3.py
[2026-07-01T09:12:14.542+0000] {logging_mixin.py:190} INFO - [2026-07-01T09:12:14.542+0000] {dag.py:3211} INFO - Sync 1 DAGs
[2026-07-01T09:12:14.573+0000] {logging_mixin.py:190} INFO - [2026-07-01T09:12:14.572+0000] {dag.py:4138} INFO - Setting next_dagrun for example_branch_dop_operator_v3 to 2026-07-01 09:11:00+00:00, run_after=2026-07-01 09:12:00+00:00
[2026-07-01T09:12:14.592+0000] {processor.py:208} INFO - Processing /home/airflow/.local/lib/python3.12/site-packages/airflow/example_dags/example_branch_python_dop_operator_3.py took 0.088 seconds
[2026-07-01T09:12:44.883+0000] {processor.py:186} INFO - Started process (PID=479) to work on /home/airflow/.local/lib/python3.12/site-packages/airflow/example_dags/example_branch_python_dop_operator_3.py
[2026-07-01T09:12:44.884+0000] {processor.py:914} INFO - Processing file /home/airflow/.local/lib/python3.12/site-packages/airflow/example_dags/example_branch_python_dop_operator_3.py for tasks to queue
[2026-07-01T09:12:44.887+0000] {logging_mixin.py:190} INFO - [2026-07-01T09:12:44.887+0000] {dagbag.py:587} INFO - Filling up the DagBag from /home/airflow/.local/lib/python3.12/site-packages/airflow/example_dags/example_branch_python_dop_operator_3.py
[2026-07-01T09:12:44.896+0000] {processor.py:925} INFO - DAG(s) 'example_branch_dop_operator_v3' retrieved from /home/airflow/.local/lib/python3.12/site-packages/airflow/example_dags/example_branch_python_dop_operator_3.py
[2026-07-01T09:12:44.912+0000] {logging_mixin.py:190} INFO - [2026-07-01T09:12:44.912+0000] {dag.py:3211} INFO - Sync 1 DAGs
[2026-07-01T09:12:44.927+0000] {logging_mixin.py:190} INFO - [2026-07-01T09:12:44.927+0000] {dag.py:4138} INFO - Setting next_dagrun for example_branch_dop_operator_v3 to 2026-07-01 09:11:00+00:00, run_after=2026-07-01 09:12:00+00:00
[2026-07-01T09:12:44.940+0000] {processor.py:208} INFO - Processing /home/airflow/.local/lib/python3.12/site-packages/airflow/example_dags/example_branch_python_dop_operator_3.py took 0.062 seconds
[2026-07-01T09:13:15.432+0000] {processor.py:186} INFO - Started process (PID=541) to work on /home/airflow/.local/lib/python3.12/site-packages/airflow/example_dags/example_branch_python_dop_operator_3.py
[2026-07-01T09:13:15.433+0000] {processor.py:914} INFO - Processing file /home/airflow/.local/lib/python3.12/site-packages/airflow/example_dags/example_branch_python_dop_operator_3.py for tasks to queue
[2026-07-01T09:13:15.435+0000] {logging_mixin.py:190} INFO - [2026-07-01T09:13:15.435+0000] {dagbag.py:587} INFO - Filling up the DagBag from /home/airflow/.local/lib/python3.12/site-packages/airflow/example_dags/example_branch_python_dop_operator_3.py
[2026-07-01T09:13:15.441+0000] {processor.py:925} INFO - DAG(s) 'example_branch_dop_operator_v3' retrieved from /home/airflow/.local/lib/python3.12/site-packages/airflow/example_dags/example_branch_python_dop_operator_3.py
[2026-07-01T09:13:15.456+0000] {logging_mixin.py:190} INFO - [2026-07-01T09:13:15.456+0000] {dag.py:3211} INFO - Sync 1 DAGs
[2026-07-01T09:13:15.471+0000] {logging_mixin.py:190} INFO - [2026-07-01T09:13:15.471+0000] {dag.py:4138} INFO - Setting next_dagrun for example_branch_dop_operator_v3 to 2026-07-01 09:12:00+00:00, run_after=2026-07-01 09:13:00+00:00
[2026-07-01T09:13:15.484+0000] {processor.py:208} INFO - Processing /home/airflow/.local/lib/python3.12/site-packages/airflow/example_dags/example_branch_python_dop_operator_3.py took 0.056 seconds
[2026-07-01T09:13:46.391+0000] {processor.py:186} INFO - Started process (PID=603) to work on /home/airflow/.local/lib/python3.12/site-packages/airflow/example_dags/example_branch_python_dop_operator_3.py
[2026-07-01T09:13:46.392+0000] {processor.py:914} INFO - Processing file /home/airflow/.local/lib/python3.12/site-packages/airflow/example_dags/example_branch_python_dop_operator_3.py for tasks to queue
[2026-07-01T09:13:46.394+0000] {logging_mixin.py:190} INFO - [2026-07-01T09:13:46.394+0000] {dagbag.py:587} INFO - Filling up the DagBag from /home/airflow/.local/lib/python3.12/site-packages/airflow/example_dags/example_branch_python_dop_operator_3.py
[2026-07-01T09:13:46.401+0000] {processor.py:925} INFO - DAG(s) 'example_branch_dop_operator_v3' retrieved from /home/airflow/.local/lib/python3.12/site-packages/airflow/example_dags/example_branch_python_dop_operator_3.py
[2026-07-01T09:13:46.417+0000] {logging_mixin.py:190} INFO - [2026-07-01T09:13:46.417+0000] {dag.py:3211} INFO - Sync 1 DAGs
[2026-07-01T09:13:46.434+0000] {logging_mixin.py:190} INFO - [2026-07-01T09:13:46.433+0000] {dag.py:4138} INFO - Setting next_dagrun for example_branch_dop_operator_v3 to 2026-07-01 09:12:00+00:00, run_after=2026-07-01 09:13:00+00:00
[2026-07-01T09:13:46.448+0000] {processor.py:208} INFO - Processing /home/airflow/.local/lib/python3.12/site-packages/airflow/example_dags/example_branch_python_dop_operator_3.py took 0.062 seconds
[2026-07-01T09:14:16.628+0000] {processor.py:186} INFO - Started process (PID=665) to work on /home/airflow/.local/lib/python3.12/site-packages/airflow/example_dags/example_branch_python_dop_operator_3.py
[2026-07-01T09:14:16.629+0000] {processor.py:914} INFO - Processing file /home/airflow/.local/lib/python3.12/site-packages/airflow/example_dags/example_branch_python_dop_operator_3.py for tasks to queue
[2026-07-01T09:14:16.631+0000] {logging_mixin.py:190} INFO - [2026-07-01T09:14:16.631+0000] {dagbag.py:587} INFO - Filling up the DagBag from /home/airflow/.local/lib/python3.12/site-packages/airflow/example_dags/example_branch_python_dop_operator_3.py
[2026-07-01T09:14:16.639+0000] {processor.py:925} INFO - DAG(s) 'example_branch_dop_operator_v3' retrieved from /home/airflow/.local/lib/python3.12/site-packages/airflow/example_dags/example_branch_python_dop_operator_3.py
[2026-07-01T09:14:16.655+0000] {logging_mixin.py:190} INFO - [2026-07-01T09:14:16.655+0000] {dag.py:3211} INFO - Sync 1 DAGs
[2026-07-01T09:14:16.673+0000] {logging_mixin.py:190} INFO - [2026-07-01T09:14:16.673+0000] {dag.py:4138} INFO - Setting next_dagrun for example_branch_dop_operator_v3 to 2026-07-01 09:13:00+00:00, run_after=2026-07-01 09:14:00+00:00
[2026-07-01T09:14:16.687+0000] {processor.py:208} INFO - Processing /home/airflow/.local/lib/python3.12/site-packages/airflow/example_dags/example_branch_python_dop_operator_3.py took 0.063 seconds
[2026-07-01T09:14:46.757+0000] {processor.py:186} INFO - Started process (PID=727) to work on /home/airflow/.local/lib/python3.12/site-packages/airflow/example_dags/example_branch_python_dop_operator_3.py
[2026-07-01T09:14:46.757+0000] {processor.py:914} INFO - Processing file /home/airflow/.local/lib/python3.12/site-packages/airflow/example_dags/example_branch_python_dop_operator_3.py for tasks to queue
[2026-07-01T09:14:46.760+0000] {logging_mixin.py:190} INFO - [2026-07-01T09:14:46.759+0000] {dagbag.py:587} INFO - Filling up the DagBag from /home/airflow/.local/lib/python3.12/site-packages/airflow/example_dags/example_branch_python_dop_operator_3.py
[2026-07-01T09:14:46.767+0000] {processor.py:925} INFO - DAG(s) 'example_branch_dop_operator_v3' retrieved from /home/airflow/.local/lib/python3.12/site-packages/airflow/example_dags/example_branch_python_dop_operator_3.py
[2026-07-01T09:14:46.782+0000] {logging_mixin.py:190} INFO - [2026-07-01T09:14:46.782+0000] {dag.py:3211} INFO - Sync 1 DAGs
[2026-07-01T09:14:46.798+0000] {logging_mixin.py:190} INFO - [2026-07-01T09:14:46.798+0000] {dag.py:4138} INFO - Setting next_dagrun for example_branch_dop_operator_v3 to 2026-07-01 09:13:00+00:00, run_after=2026-07-01 09:14:00+00:00
[2026-07-01T09:14:46.810+0000] {processor.py:208} INFO - Processing /home/airflow/.local/lib/python3.12/site-packages/airflow/example_dags/example_branch_python_dop_operator_3.py took 0.057 seconds
[2026-07-01T09:15:17.620+0000] {processor.py:186} INFO - Started process (PID=789) to work on /home/airflow/.local/lib/python3.12/site-packages/airflow/example_dags/example_branch_python_dop_operator_3.py
[2026-07-01T09:15:17.621+0000] {processor.py:914} INFO - Processing file /home/airflow/.local/lib/python3.12/site-packages/airflow/example_dags/example_branch_python_dop_operator_3.py for tasks to queue
[2026-07-01T09:15:17.622+0000] {logging_mixin.py:190} INFO - [2026-07-01T09:15:17.622+0000] {dagbag.py:587} INFO - Filling up the DagBag from /home/airflow/.local/lib/python3.12/site-packages/airflow/example_dags/example_branch_python_dop_operator_3.py
[2026-07-01T09:15:17.629+0000] {processor.py:925} INFO - DAG(s) 'example_branch_dop_operator_v3' retrieved from /home/airflow/.local/lib/python3.12/site-packages/airflow/example_dags/example_branch_python_dop_operator_3.py
[2026-07-01T09:15:17.645+0000] {logging_mixin.py:190} INFO - [2026-07-01T09:15:17.645+0000] {dag.py:3211} INFO - Sync 1 DAGs
[2026-07-01T09:15:17.661+0000] {logging_mixin.py:190} INFO - [2026-07-01T09:15:17.661+0000] {dag.py:4138} INFO - Setting next_dagrun for example_branch_dop_operator_v3 to 2026-07-01 09:14:00+00:00, run_after=2026-07-01 09:15:00+00:00
[2026-07-01T09:15:17.673+0000] {processor.py:208} INFO - Processing /home/airflow/.local/lib/python3.12/site-packages/airflow/example_dags/example_branch_python_dop_operator_3.py took 0.058 seconds
[2026-07-01T09:15:48.507+0000] {processor.py:186} INFO - Started process (PID=851) to work on /home/airflow/.local/lib/python3.12/site-packages/airflow/example_dags/example_branch_python_dop_operator_3.py
[2026-07-01T09:15:48.508+0000] {processor.py:914} INFO - Processing file /home/airflow/.local/lib/python3.12/site-packages/airflow/example_dags/example_branch_python_dop_operator_3.py for tasks to queue
[2026-07-01T09:15:48.510+0000] {logging_mixin.py:190} INFO - [2026-07-01T09:15:48.510+0000] {dagbag.py:587} INFO - Filling up the DagBag from /home/airflow/.local/lib/python3.12/site-packages/airflow/example_dags/example_branch_python_dop_operator_3.py
[2026-07-01T09:15:48.517+0000] {processor.py:925} INFO - DAG(s) 'example_branch_dop_operator_v3' retrieved from /home/airflow/.local/lib/python3.12/site-packages/airflow/example_dags/example_branch_python_dop_operator_3.py
[2026-07-01T09:15:48.532+0000] {logging_mixin.py:190} INFO - [2026-07-01T09:15:48.532+0000] {dag.py:3211} INFO - Sync 1 DAGs
[2026-07-01T09:15:48.549+0000] {logging_mixin.py:190} INFO - [2026-07-01T09:15:48.548+0000] {dag.py:4138} INFO - Setting next_dagrun for example_branch_dop_operator_v3 to 2026-07-01 09:14:00+00:00, run_after=2026-07-01 09:15:00+00:00
[2026-07-01T09:15:48.561+0000] {processor.py:208} INFO - Processing /home/airflow/.local/lib/python3.12/site-packages/airflow/example_dags/example_branch_python_dop_operator_3.py took 0.058 seconds
[2026-07-01T09:16:18.801+0000] {processor.py:186} INFO - Started process (PID=913) to work on /home/airflow/.local/lib/python3.12/site-packages/airflow/example_dags/example_branch_python_dop_operator_3.py
[2026-07-01T09:16:18.802+0000] {processor.py:914} INFO - Processing file /home/airflow/.local/lib/python3.12/site-packages/airflow/example_dags/example_branch_python_dop_operator_3.py for tasks to queue
[2026-07-01T09:16:18.804+0000] {logging_mixin.py:190} INFO - [2026-07-01T09:16:18.804+0000] {dagbag.py:587} INFO - Filling up the DagBag from /home/airflow/.local/lib/python3.12/site-packages/airflow/example_dags/example_branch_python_dop_operator_3.py
[2026-07-01T09:16:18.811+0000] {processor.py:925} INFO - DAG(s) 'example_branch_dop_operator_v3' retrieved from /home/airflow/.local/lib/python3.12/site-packages/airflow/example_dags/example_branch_python_dop_operator_3.py
[2026-07-01T09:16:18.826+0000] {logging_mixin.py:190} INFO - [2026-07-01T09:16:18.826+0000] {dag.py:3211} INFO - Sync 1 DAGs
[2026-07-01T09:16:18.843+0000] {logging_mixin.py:190} INFO - [2026-07-01T09:16:18.843+0000] {dag.py:4138} INFO - Setting next_dagrun for example_branch_dop_operator_v3 to 2026-07-01 09:15:00+00:00, run_after=2026-07-01 09:16:00+00:00
[2026-07-01T09:16:18.854+0000] {processor.py:208} INFO - Processing /home/airflow/.local/lib/python3.12/site-packages/airflow/example_dags/example_branch_python_dop_operator_3.py took 0.057 seconds
[2026-07-01T09:16:49.013+0000] {processor.py:186} INFO - Started process (PID=975) to work on /home/airflow/.local/lib/python3.12/site-packages/airflow/example_dags/example_branch_python_dop_operator_3.py
[2026-07-01T09:16:49.014+0000] {processor.py:914} INFO - Processing file /home/airflow/.local/lib/python3.12/site-packages/airflow/example_dags/example_branch_python_dop_operator_3.py for tasks to queue
[2026-07-01T09:16:49.015+0000] {logging_mixin.py:190} INFO - [2026-07-01T09:16:49.015+0000] {dagbag.py:587} INFO - Filling up the DagBag from /home/airflow/.local/lib/python3.12/site-packages/airflow/example_dags/example_branch_python_dop_operator_3.py
[2026-07-01T09:16:49.023+0000] {processor.py:925} INFO - DAG(s) 'example_branch_dop_operator_v3' retrieved from /home/airflow/.local/lib/python3.12/site-packages/airflow/example_dags/example_branch_python_dop_operator_3.py
[2026-07-01T09:16:49.037+0000] {logging_mixin.py:190} INFO - [2026-07-01T09:16:49.037+0000] {dag.py:3211} INFO - Sync 1 DAGs
[2026-07-01T09:16:49.053+0000] {logging_mixin.py:190} INFO - [2026-07-01T09:16:49.052+0000] {dag.py:4138} INFO - Setting next_dagrun for example_branch_dop_operator_v3 to 2026-07-01 09:15:00+00:00, run_after=2026-07-01 09:16:00+00:00
[2026-07-01T09:16:49.065+0000] {processor.py:208} INFO - Processing /home/airflow/.local/lib/python3.12/site-packages/airflow/example_dags/example_branch_python_dop_operator_3.py took 0.059 seconds
[2026-07-01T09:17:19.497+0000] {processor.py:186} INFO - Started process (PID=1037) to work on /home/airflow/.local/lib/python3.12/site-packages/airflow/example_dags/example_branch_python_dop_operator_3.py
[2026-07-01T09:17:19.498+0000] {processor.py:914} INFO - Processing file /home/airflow/.local/lib/python3.12/site-packages/airflow/example_dags/example_branch_python_dop_operator_3.py for tasks to queue
[2026-07-01T09:17:19.501+0000] {logging_mixin.py:190} INFO - [2026-07-01T09:17:19.501+0000] {dagbag.py:587} INFO - Filling up the DagBag from /home/airflow/.local/lib/python3.12/site-packages/airflow/example_dags/example_branch_python_dop_operator_3.py
[2026-07-01T09:17:19.510+0000] {processor.py:925} INFO - DAG(s) 'example_branch_dop_operator_v3' retrieved from /home/airflow/.local/lib/python3.12/site-packages/airflow/example_dags/example_branch_python_dop_operator_3.py
[2026-07-01T09:17:19.531+0000] {logging_mixin.py:190} INFO - [2026-07-01T09:17:19.531+0000] {dag.py:3211} INFO - Sync 1 DAGs
[2026-07-01T09:17:19.551+0000] {logging_mixin.py:190} INFO - [2026-07-01T09:17:19.551+0000] {dag.py:4138} INFO - Setting next_dagrun for example_branch_dop_operator_v3 to 2026-07-01 09:16:00+00:00, run_after=2026-07-01 09:17:00+00:00
[2026-07-01T09:17:19.566+0000] {processor.py:208} INFO - Processing /home/airflow/.local/lib/python3.12/site-packages/airflow/example_dags/example_branch_python_dop_operator_3.py took 0.074 seconds
[2026-07-01T09:17:49.710+0000] {processor.py:186} INFO - Started process (PID=1099) to work on /home/airflow/.local/lib/python3.12/site-packages/airflow/example_dags/example_branch_python_dop_operator_3.py
[2026-07-01T09:17:49.711+0000] {processor.py:914} INFO - Processing file /home/airflow/.local/lib/python3.12/site-packages/airflow/example_dags/example_branch_python_dop_operator_3.py for tasks to queue
[2026-07-01T09:17:49.714+0000] {logging_mixin.py:190} INFO - [2026-07-01T09:17:49.713+0000] {dagbag.py:587} INFO - Filling up the DagBag from /home/airflow/.local/lib/python3.12/site-packages/airflow/example_dags/example_branch_python_dop_operator_3.py
[2026-07-01T09:17:49.723+0000] {processor.py:925} INFO - DAG(s) 'example_branch_dop_operator_v3' retrieved from /home/airflow/.local/lib/python3.12/site-packages/airflow/example_dags/example_branch_python_dop_operator_3.py
[2026-07-01T09:17:49.742+0000] {logging_mixin.py:190} INFO - [2026-07-01T09:17:49.742+0000] {dag.py:3211} INFO - Sync 1 DAGs
[2026-07-01T09:17:49.764+0000] {logging_mixin.py:190} INFO - [2026-07-01T09:17:49.764+0000] {dag.py:4138} INFO - Setting next_dagrun for example_branch_dop_operator_v3 to 2026-07-01 09:16:00+00:00, run_after=2026-07-01 09:17:00+00:00
[2026-07-01T09:17:49.780+0000] {processor.py:208} INFO - Processing /home/airflow/.local/lib/python3.12/site-packages/airflow/example_dags/example_branch_python_dop_operator_3.py took 0.075 seconds
[2026-07-01T09:18:20.238+0000] {processor.py:186} INFO - Started process (PID=1161) to work on /home/airflow/.local/lib/python3.12/site-packages/airflow/example_dags/example_branch_python_dop_operator_3.py
[2026-07-01T09:18:20.239+0000] {processor.py:914} INFO - Processing file /home/airflow/.local/lib/python3.12/site-packages/airflow/example_dags/example_branch_python_dop_operator_3.py for tasks to queue
[2026-07-01T09:18:20.241+0000] {logging_mixin.py:190} INFO - [2026-07-01T09:18:20.241+0000] {dagbag.py:587} INFO - Filling up the DagBag from /home/airflow/.local/lib/python3.12/site-packages/airflow/example_dags/example_branch_python_dop_operator_3.py
[2026-07-01T09:18:20.250+0000] {processor.py:925} INFO - DAG(s) 'example_branch_dop_operator_v3' retrieved from /home/airflow/.local/lib/python3.12/site-packages/airflow/example_dags/example_branch_python_dop_operator_3.py
[2026-07-01T09:18:20.266+0000] {logging_mixin.py:190} INFO - [2026-07-01T09:18:20.265+0000] {dag.py:3211} INFO - Sync 1 DAGs
[2026-07-01T09:18:20.285+0000] {logging_mixin.py:190} INFO - [2026-07-01T09:18:20.284+0000] {dag.py:4138} INFO - Setting next_dagrun for example_branch_dop_operator_v3 to 2026-07-01 09:17:00+00:00, run_after=2026-07-01 09:18:00+00:00
[2026-07-01T09:18:20.297+0000] {processor.py:208} INFO - Processing /home/airflow/.local/lib/python3.12/site-packages/airflow/example_dags/example_branch_python_dop_operator_3.py took 0.063 seconds
[2026-07-01T09:18:51.180+0000] {processor.py:186} INFO - Started process (PID=1223) to work on /home/airflow/.local/lib/python3.12/site-packages/airflow/example_dags/example_branch_python_dop_operator_3.py
[2026-07-01T09:18:51.181+0000] {processor.py:914} INFO - Processing file /home/airflow/.local/lib/python3.12/site-packages/airflow/example_dags/example_branch_python_dop_operator_3.py for tasks to queue
[2026-07-01T09:18:51.183+0000] {logging_mixin.py:190} INFO - [2026-07-01T09:18:51.183+0000] {dagbag.py:587} INFO - Filling up the DagBag from /home/airflow/.local/lib/python3.12/site-packages/airflow/example_dags/example_branch_python_dop_operator_3.py
[2026-07-01T09:18:51.191+0000] {processor.py:925} INFO - DAG(s) 'example_branch_dop_operator_v3' retrieved from /home/airflow/.local/lib/python3.12/site-packages/airflow/example_dags/example_branch_python_dop_operator_3.py
[2026-07-01T09:18:51.206+0000] {logging_mixin.py:190} INFO - [2026-07-01T09:18:51.206+0000] {dag.py:3211} INFO - Sync 1 DAGs
[2026-07-01T09:18:51.223+0000] {logging_mixin.py:190} INFO - [2026-07-01T09:18:51.223+0000] {dag.py:4138} INFO - Setting next_dagrun for example_branch_dop_operator_v3 to 2026-07-01 09:17:00+00:00, run_after=2026-07-01 09:18:00+00:00
[2026-07-01T09:18:51.236+0000] {processor.py:208} INFO - Processing /home/airflow/.local/lib/python3.12/site-packages/airflow/example_dags/example_branch_python_dop_operator_3.py took 0.060 seconds
[2026-07-01T09:19:21.854+0000] {processor.py:186} INFO - Started process (PID=1285) to work on /home/airflow/.local/lib/python3.12/site-packages/airflow/example_dags/example_branch_python_dop_operator_3.py
[2026-07-01T09:19:21.855+0000] {processor.py:914} INFO - Processing file /home/airflow/.local/lib/python3.12/site-packages/airflow/example_dags/example_branch_python_dop_operator_3.py for tasks to queue
[2026-07-01T09:19:21.857+0000] {logging_mixin.py:190} INFO - [2026-07-01T09:19:21.857+0000] {dagbag.py:587} INFO - Filling up the DagBag from /home/airflow/.local/lib/python3.12/site-packages/airflow/example_dags/example_branch_python_dop_operator_3.py
[2026-07-01T09:19:21.865+0000] {processor.py:925} INFO - DAG(s) 'example_branch_dop_operator_v3' retrieved from /home/airflow/.local/lib/python3.12/site-packages/airflow/example_dags/example_branch_python_dop_operator_3.py
[2026-07-01T09:19:21.879+0000] {logging_mixin.py:190} INFO - [2026-07-01T09:19:21.879+0000] {dag.py:3211} INFO - Sync 1 DAGs
[2026-07-01T09:19:21.895+0000] {logging_mixin.py:190} INFO - [2026-07-01T09:19:21.895+0000] {dag.py:4138} INFO - Setting next_dagrun for example_branch_dop_operator_v3 to 2026-07-01 09:18:00+00:00, run_after=2026-07-01 09:19:00+00:00
[2026-07-01T09:19:21.908+0000] {processor.py:208} INFO - Processing /home/airflow/.local/lib/python3.12/site-packages/airflow/example_dags/example_branch_python_dop_operator_3.py took 0.058 seconds
[2026-07-01T09:19:52.574+0000] {processor.py:186} INFO - Started process (PID=1347) to work on /home/airflow/.local/lib/python3.12/site-packages/airflow/example_dags/example_branch_python_dop_operator_3.py
[2026-07-01T09:19:52.575+0000] {processor.py:914} INFO - Processing file /home/airflow/.local/lib/python3.12/site-packages/airflow/example_dags/example_branch_python_dop_operator_3.py for tasks to queue
[2026-07-01T09:19:52.577+0000] {logging_mixin.py:190} INFO - [2026-07-01T09:19:52.577+0000] {dagbag.py:587} INFO - Filling up the DagBag from /home/airflow/.local/lib/python3.12/site-packages/airflow/example_dags/example_branch_python_dop_operator_3.py
[2026-07-01T09:19:52.584+0000] {processor.py:925} INFO - DAG(s) 'example_branch_dop_operator_v3' retrieved from /home/airflow/.local/lib/python3.12/site-packages/airflow/example_dags/example_branch_python_dop_operator_3.py
[2026-07-01T09:19:52.599+0000] {logging_mixin.py:190} INFO - [2026-07-01T09:19:52.599+0000] {dag.py:3211} INFO - Sync 1 DAGs
[2026-07-01T09:19:52.615+0000] {logging_mixin.py:190} INFO - [2026-07-01T09:19:52.615+0000] {dag.py:4138} INFO - Setting next_dagrun for example_branch_dop_operator_v3 to 2026-07-01 09:18:00+00:00, run_after=2026-07-01 09:19:00+00:00
[2026-07-01T09:19:52.628+0000] {processor.py:208} INFO - Processing /home/airflow/.local/lib/python3.12/site-packages/airflow/example_dags/example_branch_python_dop_operator_3.py took 0.060 seconds
[2026-07-01T09:20:23.378+0000] {processor.py:186} INFO - Started process (PID=1409) to work on /home/airflow/.local/lib/python3.12/site-packages/airflow/example_dags/example_branch_python_dop_operator_3.py
[2026-07-01T09:20:23.379+0000] {processor.py:914} INFO - Processing file /home/airflow/.local/lib/python3.12/site-packages/airflow/example_dags/example_branch_python_dop_operator_3.py for tasks to queue
[2026-07-01T09:20:23.381+0000] {logging_mixin.py:190} INFO - [2026-07-01T09:20:23.381+0000] {dagbag.py:587} INFO - Filling up the DagBag from /home/airflow/.local/lib/python3.12/site-packages/airflow/example_dags/example_branch_python_dop_operator_3.py
[2026-07-01T09:20:23.389+0000] {processor.py:925} INFO - DAG(s) 'example_branch_dop_operator_v3' retrieved from /home/airflow/.local/lib/python3.12/site-packages/airflow/example_dags/example_branch_python_dop_operator_3.py
[2026-07-01T09:20:23.403+0000] {logging_mixin.py:190} INFO - [2026-07-01T09:20:23.403+0000] {dag.py:3211} INFO - Sync 1 DAGs
[2026-07-01T09:20:23.419+0000] {logging_mixin.py:190} INFO - [2026-07-01T09:20:23.419+0000] {dag.py:4138} INFO - Setting next_dagrun for example_branch_dop_operator_v3 to 2026-07-01 09:19:00+00:00, run_after=2026-07-01 09:20:00+00:00
[2026-07-01T09:20:23.431+0000] {processor.py:208} INFO - Processing /home/airflow/.local/lib/python3.12/site-packages/airflow/example_dags/example_branch_python_dop_operator_3.py took 0.057 seconds
[2026-07-01T09:20:54.246+0000] {processor.py:186} INFO - Started process (PID=1471) to work on /home/airflow/.local/lib/python3.12/site-packages/airflow/example_dags/example_branch_python_dop_operator_3.py
[2026-07-01T09:20:54.247+0000] {processor.py:914} INFO - Processing file /home/airflow/.local/lib/python3.12/site-packages/airflow/example_dags/example_branch_python_dop_operator_3.py for tasks to queue
[2026-07-01T09:20:54.249+0000] {logging_mixin.py:190} INFO - [2026-07-01T09:20:54.249+0000] {dagbag.py:587} INFO - Filling up the DagBag from /home/airflow/.local/lib/python3.12/site-packages/airflow/example_dags/example_branch_python_dop_operator_3.py
[2026-07-01T09:20:54.256+0000] {processor.py:925} INFO - DAG(s) 'example_branch_dop_operator_v3' retrieved from /home/airflow/.local/lib/python3.12/site-packages/airflow/example_dags/example_branch_python_dop_operator_3.py
[2026-07-01T09:20:54.270+0000] {logging_mixin.py:190} INFO - [2026-07-01T09:20:54.269+0000] {dag.py:3211} INFO - Sync 1 DAGs
[2026-07-01T09:20:54.285+0000] {logging_mixin.py:190} INFO - [2026-07-01T09:20:54.285+0000] {dag.py:4138} INFO - Setting next_dagrun for example_branch_dop_operator_v3 to 2026-07-01 09:19:00+00:00, run_after=2026-07-01 09:20:00+00:00
[2026-07-01T09:20:54.297+0000] {processor.py:208} INFO - Processing /home/airflow/.local/lib/python3.12/site-packages/airflow/example_dags/example_branch_python_dop_operator_3.py took 0.055 seconds
[2026-07-01T09:21:24.451+0000] {processor.py:186} INFO - Started process (PID=1533) to work on /home/airflow/.local/lib/python3.12/site-packages/airflow/example_dags/example_branch_python_dop_operator_3.py
[2026-07-01T09:21:24.452+0000] {processor.py:914} INFO - Processing file /home/airflow/.local/lib/python3.12/site-packages/airflow/example_dags/example_branch_python_dop_operator_3.py for tasks to queue
[2026-07-01T09:21:24.453+0000] {logging_mixin.py:190} INFO - [2026-07-01T09:21:24.453+0000] {dagbag.py:587} INFO - Filling up the DagBag from /home/airflow/.local/lib/python3.12/site-packages/airflow/example_dags/example_branch_python_dop_operator_3.py
[2026-07-01T09:21:24.460+0000] {processor.py:925} INFO - DAG(s) 'example_branch_dop_operator_v3' retrieved from /home/airflow/.local/lib/python3.12/site-packages/airflow/example_dags/example_branch_python_dop_operator_3.py
[2026-07-01T09:21:24.474+0000] {logging_mixin.py:190} INFO - [2026-07-01T09:21:24.474+0000] {dag.py:3211} INFO - Sync 1 DAGs
[2026-07-01T09:21:24.489+0000] {logging_mixin.py:190} INFO - [2026-07-01T09:21:24.489+0000] {dag.py:4138} INFO - Setting next_dagrun for example_branch_dop_operator_v3 to 2026-07-01 09:20:00+00:00, run_after=2026-07-01 09:21:00+00:00
[2026-07-01T09:21:24.501+0000] {processor.py:208} INFO - Processing /home/airflow/.local/lib/python3.12/site-packages/airflow/example_dags/example_branch_python_dop_operator_3.py took 0.054 seconds
[2026-07-01T09:21:54.725+0000] {processor.py:186} INFO - Started process (PID=1595) to work on /home/airflow/.local/lib/python3.12/site-packages/airflow/example_dags/example_branch_python_dop_operator_3.py
[2026-07-01T09:21:54.726+0000] {processor.py:914} INFO - Processing file /home/airflow/.local/lib/python3.12/site-packages/airflow/example_dags/example_branch_python_dop_operator_3.py for tasks to queue
[2026-07-01T09:21:54.728+0000] {logging_mixin.py:190} INFO - [2026-07-01T09:21:54.728+0000] {dagbag.py:587} INFO - Filling up the DagBag from /home/airflow/.local/lib/python3.12/site-packages/airflow/example_dags/example_branch_python_dop_operator_3.py
[2026-07-01T09:21:54.737+0000] {processor.py:925} INFO - DAG(s) 'example_branch_dop_operator_v3' retrieved from /home/airflow/.local/lib/python3.12/site-packages/airflow/example_dags/example_branch_python_dop_operator_3.py
[2026-07-01T09:21:54.751+0000] {logging_mixin.py:190} INFO - [2026-07-01T09:21:54.751+0000] {dag.py:3211} INFO - Sync 1 DAGs
[2026-07-01T09:21:54.769+0000] {logging_mixin.py:190} INFO - [2026-07-01T09:21:54.769+0000] {dag.py:4138} INFO - Setting next_dagrun for example_branch_dop_operator_v3 to 2026-07-01 09:20:00+00:00, run_after=2026-07-01 09:21:00+00:00
[2026-07-01T09:21:54.782+0000] {processor.py:208} INFO - Processing /home/airflow/.local/lib/python3.12/site-packages/airflow/example_dags/example_branch_python_dop_operator_3.py took 0.061 seconds
[2026-07-01T09:22:25.100+0000] {processor.py:186} INFO - Started process (PID=1657) to work on /home/airflow/.local/lib/python3.12/site-packages/airflow/example_dags/example_branch_python_dop_operator_3.py
[2026-07-01T09:22:25.102+0000] {processor.py:914} INFO - Processing file /home/airflow/.local/lib/python3.12/site-packages/airflow/example_dags/example_branch_python_dop_operator_3.py for tasks to queue
[2026-07-01T09:22:25.104+0000] {logging_mixin.py:190} INFO - [2026-07-01T09:22:25.103+0000] {dagbag.py:587} INFO - Filling up the DagBag from /home/airflow/.local/lib/python3.12/site-packages/airflow/example_dags/example_branch_python_dop_operator_3.py
[2026-07-01T09:22:25.113+0000] {processor.py:925} INFO - DAG(s) 'example_branch_dop_operator_v3' retrieved from /home/airflow/.local/lib/python3.12/site-packages/airflow/example_dags/example_branch_python_dop_operator_3.py
[2026-07-01T09:22:25.129+0000] {logging_mixin.py:190} INFO - [2026-07-01T09:22:25.129+0000] {dag.py:3211} INFO - Sync 1 DAGs
[2026-07-01T09:22:25.148+0000] {logging_mixin.py:190} INFO - [2026-07-01T09:22:25.148+0000] {dag.py:4138} INFO - Setting next_dagrun for example_branch_dop_operator_v3 to 2026-07-01 09:21:00+00:00, run_after=2026-07-01 09:22:00+00:00
[2026-07-01T09:22:25.161+0000] {processor.py:208} INFO - Processing /home/airflow/.local/lib/python3.12/site-packages/airflow/example_dags/example_branch_python_dop_operator_3.py took 0.066 seconds
[2026-07-01T09:22:56.041+0000] {processor.py:186} INFO - Started process (PID=1719) to work on /home/airflow/.local/lib/python3.12/site-packages/airflow/example_dags/example_branch_python_dop_operator_3.py
[2026-07-01T09:22:56.042+0000] {processor.py:914} INFO - Processing file /home/airflow/.local/lib/python3.12/site-packages/airflow/example_dags/example_branch_python_dop_operator_3.py for tasks to queue
[2026-07-01T09:22:56.044+0000] {logging_mixin.py:190} INFO - [2026-07-01T09:22:56.043+0000] {dagbag.py:587} INFO - Filling up the DagBag from /home/airflow/.local/lib/python3.12/site-packages/airflow/example_dags/example_branch_python_dop_operator_3.py
[2026-07-01T09:22:56.050+0000] {processor.py:925} INFO - DAG(s) 'example_branch_dop_operator_v3' retrieved from /home/airflow/.local/lib/python3.12/site-packages/airflow/example_dags/example_branch_python_dop_operator_3.py
[2026-07-01T09:22:56.064+0000] {logging_mixin.py:190} INFO - [2026-07-01T09:22:56.063+0000] {dag.py:3211} INFO - Sync 1 DAGs
[2026-07-01T09:22:56.080+0000] {logging_mixin.py:190} INFO - [2026-07-01T09:22:56.080+0000] {dag.py:4138} INFO - Setting next_dagrun for example_branch_dop_operator_v3 to 2026-07-01 09:21:00+00:00, run_after=2026-07-01 09:22:00+00:00
[2026-07-01T09:22:56.091+0000] {processor.py:208} INFO - Processing /home/airflow/.local/lib/python3.12/site-packages/airflow/example_dags/example_branch_python_dop_operator_3.py took 0.054 seconds
[2026-07-01T09:23:26.426+0000] {processor.py:186} INFO - Started process (PID=1781) to work on /home/airflow/.local/lib/python3.12/site-packages/airflow/example_dags/example_branch_python_dop_operator_3.py
[2026-07-01T09:23:26.427+0000] {processor.py:914} INFO - Processing file /home/airflow/.local/lib/python3.12/site-packages/airflow/example_dags/example_branch_python_dop_operator_3.py for tasks to queue
[2026-07-01T09:23:26.429+0000] {logging_mixin.py:190} INFO - [2026-07-01T09:23:26.429+0000] {dagbag.py:587} INFO - Filling up the DagBag from /home/airflow/.local/lib/python3.12/site-packages/airflow/example_dags/example_branch_python_dop_operator_3.py
[2026-07-01T09:23:26.437+0000] {processor.py:925} INFO - DAG(s) 'example_branch_dop_operator_v3' retrieved from /home/airflow/.local/lib/python3.12/site-packages/airflow/example_dags/example_branch_python_dop_operator_3.py
[2026-07-01T09:23:26.455+0000] {logging_mixin.py:190} INFO - [2026-07-01T09:23:26.455+0000] {dag.py:3211} INFO - Sync 1 DAGs
[2026-07-01T09:23:26.475+0000] {logging_mixin.py:190} INFO - [2026-07-01T09:23:26.475+0000] {dag.py:4138} INFO - Setting next_dagrun for example_branch_dop_operator_v3 to 2026-07-01 09:22:00+00:00, run_after=2026-07-01 09:23:00+00:00
[2026-07-01T09:23:26.490+0000] {processor.py:208} INFO - Processing /home/airflow/.local/lib/python3.12/site-packages/airflow/example_dags/example_branch_python_dop_operator_3.py took 0.069 seconds
[2026-07-01T09:23:56.826+0000] {processor.py:186} INFO - Started process (PID=1843) to work on /home/airflow/.local/lib/python3.12/site-packages/airflow/example_dags/example_branch_python_dop_operator_3.py
[2026-07-01T09:23:56.827+0000] {processor.py:914} INFO - Processing file /home/airflow/.local/lib/python3.12/site-packages/airflow/example_dags/example_branch_python_dop_operator_3.py for tasks to queue
[2026-07-01T09:23:56.829+0000] {logging_mixin.py:190} INFO - [2026-07-01T09:23:56.829+0000] {dagbag.py:587} INFO - Filling up the DagBag from /home/airflow/.local/lib/python3.12/site-packages/airflow/example_dags/example_branch_python_dop_operator_3.py
[2026-07-01T09:23:56.837+0000] {processor.py:925} INFO - DAG(s) 'example_branch_dop_operator_v3' retrieved from /home/airflow/.local/lib/python3.12/site-packages/airflow/example_dags/example_branch_python_dop_operator_3.py
[2026-07-01T09:23:56.853+0000] {logging_mixin.py:190} INFO - [2026-07-01T09:23:56.853+0000] {dag.py:3211} INFO - Sync 1 DAGs
[2026-07-01T09:23:56.872+0000] {logging_mixin.py:190} INFO - [2026-07-01T09:23:56.872+0000] {dag.py:4138} INFO - Setting next_dagrun for example_branch_dop_operator_v3 to 2026-07-01 09:22:00+00:00, run_after=2026-07-01 09:23:00+00:00
[2026-07-01T09:23:56.885+0000] {processor.py:208} INFO - Processing /home/airflow/.local/lib/python3.12/site-packages/airflow/example_dags/example_branch_python_dop_operator_3.py took 0.063 seconds
[2026-07-01T09:24:27.129+0000] {processor.py:186} INFO - Started process (PID=1905) to work on /home/airflow/.local/lib/python3.12/site-packages/airflow/example_dags/example_branch_python_dop_operator_3.py
[2026-07-01T09:24:27.130+0000] {processor.py:914} INFO - Processing file /home/airflow/.local/lib/python3.12/site-packages/airflow/example_dags/example_branch_python_dop_operator_3.py for tasks to queue
[2026-07-01T09:24:27.132+0000] {logging_mixin.py:190} INFO - [2026-07-01T09:24:27.132+0000] {dagbag.py:587} INFO - Filling up the DagBag from /home/airflow/.local/lib/python3.12/site-packages/airflow/example_dags/example_branch_python_dop_operator_3.py
[2026-07-01T09:24:27.139+0000] {processor.py:925} INFO - DAG(s) 'example_branch_dop_operator_v3' retrieved from /home/airflow/.local/lib/python3.12/site-packages/airflow/example_dags/example_branch_python_dop_operator_3.py
[2026-07-01T09:24:27.155+0000] {logging_mixin.py:190} INFO - [2026-07-01T09:24:27.154+0000] {dag.py:3211} INFO - Sync 1 DAGs
[2026-07-01T09:24:27.173+0000] {logging_mixin.py:190} INFO - [2026-07-01T09:24:27.173+0000] {dag.py:4138} INFO - Setting next_dagrun for example_branch_dop_operator_v3 to 2026-07-01 09:23:00+00:00, run_after=2026-07-01 09:24:00+00:00
[2026-07-01T09:24:27.185+0000] {processor.py:208} INFO - Processing /home/airflow/.local/lib/python3.12/site-packages/airflow/example_dags/example_branch_python_dop_operator_3.py took 0.060 seconds
[2026-07-01T09:24:57.995+0000] {processor.py:186} INFO - Started process (PID=1967) to work on /home/airflow/.local/lib/python3.12/site-packages/airflow/example_dags/example_branch_python_dop_operator_3.py
[2026-07-01T09:24:57.996+0000] {processor.py:914} INFO - Processing file /home/airflow/.local/lib/python3.12/site-packages/airflow/example_dags/example_branch_python_dop_operator_3.py for tasks to queue
[2026-07-01T09:24:57.998+0000] {logging_mixin.py:190} INFO - [2026-07-01T09:24:57.998+0000] {dagbag.py:587} INFO - Filling up the DagBag from /home/airflow/.local/lib/python3.12/site-packages/airflow/example_dags/example_branch_python_dop_operator_3.py
[2026-07-01T09:24:58.007+0000] {processor.py:925} INFO - DAG(s) 'example_branch_dop_operator_v3' retrieved from /home/airflow/.local/lib/python3.12/site-packages/airflow/example_dags/example_branch_python_dop_operator_3.py
[2026-07-01T09:24:58.022+0000] {logging_mixin.py:190} INFO - [2026-07-01T09:24:58.022+0000] {dag.py:3211} INFO - Sync 1 DAGs
[2026-07-01T09:24:58.040+0000] {logging_mixin.py:190} INFO - [2026-07-01T09:24:58.039+0000] {dag.py:4138} INFO - Setting next_dagrun for example_branch_dop_operator_v3 to 2026-07-01 09:23:00+00:00, run_after=2026-07-01 09:24:00+00:00
[2026-07-01T09:24:58.051+0000] {processor.py:208} INFO - Processing /home/airflow/.local/lib/python3.12/site-packages/airflow/example_dags/example_branch_python_dop_operator_3.py took 0.059 seconds
[2026-07-01T09:25:28.483+0000] {processor.py:186} INFO - Started process (PID=2029) to work on /home/airflow/.local/lib/python3.12/site-packages/airflow/example_dags/example_branch_python_dop_operator_3.py
[2026-07-01T09:25:28.485+0000] {processor.py:914} INFO - Processing file /home/airflow/.local/lib/python3.12/site-packages/airflow/example_dags/example_branch_python_dop_operator_3.py for tasks to queue
[2026-07-01T09:25:28.487+0000] {logging_mixin.py:190} INFO - [2026-07-01T09:25:28.487+0000] {dagbag.py:587} INFO - Filling up the DagBag from /home/airflow/.local/lib/python3.12/site-packages/airflow/example_dags/example_branch_python_dop_operator_3.py
[2026-07-01T09:25:28.497+0000] {processor.py:925} INFO - DAG(s) 'example_branch_dop_operator_v3' retrieved from /home/airflow/.local/lib/python3.12/site-packages/airflow/example_dags/example_branch_python_dop_operator_3.py
[2026-07-01T09:25:28.513+0000] {logging_mixin.py:190} INFO - [2026-07-01T09:25:28.513+0000] {dag.py:3211} INFO - Sync 1 DAGs
[2026-07-01T09:25:28.533+0000] {logging_mixin.py:190} INFO - [2026-07-01T09:25:28.533+0000] {dag.py:4138} INFO - Setting next_dagrun for example_branch_dop_operator_v3 to 2026-07-01 09:24:00+00:00, run_after=2026-07-01 09:25:00+00:00
[2026-07-01T09:25:28.548+0000] {processor.py:208} INFO - Processing /home/airflow/.local/lib/python3.12/site-packages/airflow/example_dags/example_branch_python_dop_operator_3.py took 0.071 seconds
[2026-07-01T09:30:09.212+0000] {processor.py:186} INFO - Started process (PID=2085) to work on /home/airflow/.local/lib/python3.12/site-packages/airflow/example_dags/example_branch_python_dop_operator_3.py
[2026-07-01T09:30:09.213+0000] {processor.py:914} INFO - Processing file /home/airflow/.local/lib/python3.12/site-packages/airflow/example_dags/example_branch_python_dop_operator_3.py for tasks to queue
[2026-07-01T09:30:09.215+0000] {logging_mixin.py:190} INFO - [2026-07-01T09:30:09.214+0000] {dagbag.py:587} INFO - Filling up the DagBag from /home/airflow/.local/lib/python3.12/site-packages/airflow/example_dags/example_branch_python_dop_operator_3.py
[2026-07-01T09:30:09.223+0000] {processor.py:925} INFO - DAG(s) 'example_branch_dop_operator_v3' retrieved from /home/airflow/.local/lib/python3.12/site-packages/airflow/example_dags/example_branch_python_dop_operator_3.py
[2026-07-01T09:30:09.242+0000] {logging_mixin.py:190} INFO - [2026-07-01T09:30:09.242+0000] {dag.py:3211} INFO - Sync 1 DAGs
[2026-07-01T09:30:09.264+0000] {logging_mixin.py:190} INFO - [2026-07-01T09:30:09.264+0000] {dag.py:4138} INFO - Setting next_dagrun for example_branch_dop_operator_v3 to 2026-07-01 09:29:00+00:00, run_after=2026-07-01 09:30:00+00:00
[2026-07-01T09:30:09.282+0000] {processor.py:208} INFO - Processing /home/airflow/.local/lib/python3.12/site-packages/airflow/example_dags/example_branch_python_dop_operator_3.py took 0.074 seconds
[2026-07-01T09:30:39.699+0000] {processor.py:186} INFO - Started process (PID=2147) to work on /home/airflow/.local/lib/python3.12/site-packages/airflow/example_dags/example_branch_python_dop_operator_3.py
[2026-07-01T09:30:39.700+0000] {processor.py:914} INFO - Processing file /home/airflow/.local/lib/python3.12/site-packages/airflow/example_dags/example_branch_python_dop_operator_3.py for tasks to queue
[2026-07-01T09:30:39.702+0000] {logging_mixin.py:190} INFO - [2026-07-01T09:30:39.702+0000] {dagbag.py:587} INFO - Filling up the DagBag from /home/airflow/.local/lib/python3.12/site-packages/airflow/example_dags/example_branch_python_dop_operator_3.py
[2026-07-01T09:30:39.710+0000] {processor.py:925} INFO - DAG(s) 'example_branch_dop_operator_v3' retrieved from /home/airflow/.local/lib/python3.12/site-packages/airflow/example_dags/example_branch_python_dop_operator_3.py
[2026-07-01T09:30:39.726+0000] {logging_mixin.py:190} INFO - [2026-07-01T09:30:39.726+0000] {dag.py:3211} INFO - Sync 1 DAGs
[2026-07-01T09:30:39.746+0000] {logging_mixin.py:190} INFO - [2026-07-01T09:30:39.746+0000] {dag.py:4138} INFO - Setting next_dagrun for example_branch_dop_operator_v3 to 2026-07-01 09:29:00+00:00, run_after=2026-07-01 09:30:00+00:00
[2026-07-01T09:30:39.762+0000] {processor.py:208} INFO - Processing /home/airflow/.local/lib/python3.12/site-packages/airflow/example_dags/example_branch_python_dop_operator_3.py took 0.067 seconds
[2026-07-01T09:31:10.104+0000] {processor.py:186} INFO - Started process (PID=2209) to work on /home/airflow/.local/lib/python3.12/site-packages/airflow/example_dags/example_branch_python_dop_operator_3.py
[2026-07-01T09:31:10.105+0000] {processor.py:914} INFO - Processing file /home/airflow/.local/lib/python3.12/site-packages/airflow/example_dags/example_branch_python_dop_operator_3.py for tasks to queue
[2026-07-01T09:31:10.107+0000] {logging_mixin.py:190} INFO - [2026-07-01T09:31:10.107+0000] {dagbag.py:587} INFO - Filling up the DagBag from /home/airflow/.local/lib/python3.12/site-packages/airflow/example_dags/example_branch_python_dop_operator_3.py
[2026-07-01T09:31:10.116+0000] {processor.py:925} INFO - DAG(s) 'example_branch_dop_operator_v3' retrieved from /home/airflow/.local/lib/python3.12/site-packages/airflow/example_dags/example_branch_python_dop_operator_3.py
[2026-07-01T09:31:10.132+0000] {logging_mixin.py:190} INFO - [2026-07-01T09:31:10.132+0000] {dag.py:3211} INFO - Sync 1 DAGs
[2026-07-01T09:31:10.150+0000] {logging_mixin.py:190} INFO - [2026-07-01T09:31:10.150+0000] {dag.py:4138} INFO - Setting next_dagrun for example_branch_dop_operator_v3 to 2026-07-01 09:30:00+00:00, run_after=2026-07-01 09:31:00+00:00
[2026-07-01T09:31:10.163+0000] {processor.py:208} INFO - Processing /home/airflow/.local/lib/python3.12/site-packages/airflow/example_dags/example_branch_python_dop_operator_3.py took 0.063 seconds
[2026-07-01T09:31:40.640+0000] {processor.py:186} INFO - Started process (PID=2271) to work on /home/airflow/.local/lib/python3.12/site-packages/airflow/example_dags/example_branch_python_dop_operator_3.py
[2026-07-01T09:31:40.641+0000] {processor.py:914} INFO - Processing file /home/airflow/.local/lib/python3.12/site-packages/airflow/example_dags/example_branch_python_dop_operator_3.py for tasks to queue
[2026-07-01T09:31:40.644+0000] {logging_mixin.py:190} INFO - [2026-07-01T09:31:40.644+0000] {dagbag.py:587} INFO - Filling up the DagBag from /home/airflow/.local/lib/python3.12/site-packages/airflow/example_dags/example_branch_python_dop_operator_3.py
[2026-07-01T09:31:40.652+0000] {processor.py:925} INFO - DAG(s) 'example_branch_dop_operator_v3' retrieved from /home/airflow/.local/lib/python3.12/site-packages/airflow/example_dags/example_branch_python_dop_operator_3.py
[2026-07-01T09:31:40.667+0000] {logging_mixin.py:190} INFO - [2026-07-01T09:31:40.667+0000] {dag.py:3211} INFO - Sync 1 DAGs
[2026-07-01T09:31:40.683+0000] {logging_mixin.py:190} INFO - [2026-07-01T09:31:40.683+0000] {dag.py:4138} INFO - Setting next_dagrun for example_branch_dop_operator_v3 to 2026-07-01 09:30:00+00:00, run_after=2026-07-01 09:31:00+00:00
[2026-07-01T09:31:40.695+0000] {processor.py:208} INFO - Processing /home/airflow/.local/lib/python3.12/site-packages/airflow/example_dags/example_branch_python_dop_operator_3.py took 0.060 seconds
[2026-07-01T09:32:10.919+0000] {processor.py:186} INFO - Started process (PID=2333) to work on /home/airflow/.local/lib/python3.12/site-packages/airflow/example_dags/example_branch_python_dop_operator_3.py
[2026-07-01T09:32:10.921+0000] {processor.py:914} INFO - Processing file /home/airflow/.local/lib/python3.12/site-packages/airflow/example_dags/example_branch_python_dop_operator_3.py for tasks to queue
[2026-07-01T09:32:10.923+0000] {logging_mixin.py:190} INFO - [2026-07-01T09:32:10.923+0000] {dagbag.py:587} INFO - Filling up the DagBag from /home/airflow/.local/lib/python3.12/site-packages/airflow/example_dags/example_branch_python_dop_operator_3.py
[2026-07-01T09:32:10.931+0000] {processor.py:925} INFO - DAG(s) 'example_branch_dop_operator_v3' retrieved from /home/airflow/.local/lib/python3.12/site-packages/airflow/example_dags/example_branch_python_dop_operator_3.py
[2026-07-01T09:32:10.946+0000] {logging_mixin.py:190} INFO - [2026-07-01T09:32:10.945+0000] {dag.py:3211} INFO - Sync 1 DAGs
[2026-07-01T09:32:10.963+0000] {logging_mixin.py:190} INFO - [2026-07-01T09:32:10.963+0000] {dag.py:4138} INFO - Setting next_dagrun for example_branch_dop_operator_v3 to 2026-07-01 09:31:00+00:00, run_after=2026-07-01 09:32:00+00:00
[2026-07-01T09:32:10.977+0000] {processor.py:208} INFO - Processing /home/airflow/.local/lib/python3.12/site-packages/airflow/example_dags/example_branch_python_dop_operator_3.py took 0.062 seconds
[2026-07-01T09:32:41.554+0000] {processor.py:186} INFO - Started process (PID=2395) to work on /home/airflow/.local/lib/python3.12/site-packages/airflow/example_dags/example_branch_python_dop_operator_3.py
[2026-07-01T09:32:41.555+0000] {processor.py:914} INFO - Processing file /home/airflow/.local/lib/python3.12/site-packages/airflow/example_dags/example_branch_python_dop_operator_3.py for tasks to queue
[2026-07-01T09:32:41.557+0000] {logging_mixin.py:190} INFO - [2026-07-01T09:32:41.557+0000] {dagbag.py:587} INFO - Filling up the DagBag from /home/airflow/.local/lib/python3.12/site-packages/airflow/example_dags/example_branch_python_dop_operator_3.py
[2026-07-01T09:32:41.565+0000] {processor.py:925} INFO - DAG(s) 'example_branch_dop_operator_v3' retrieved from /home/airflow/.local/lib/python3.12/site-packages/airflow/example_dags/example_branch_python_dop_operator_3.py
[2026-07-01T09:32:41.579+0000] {logging_mixin.py:190} INFO - [2026-07-01T09:32:41.578+0000] {dag.py:3211} INFO - Sync 1 DAGs
[2026-07-01T09:32:41.596+0000] {logging_mixin.py:190} INFO - [2026-07-01T09:32:41.596+0000] {dag.py:4138} INFO - Setting next_dagrun for example_branch_dop_operator_v3 to 2026-07-01 09:31:00+00:00, run_after=2026-07-01 09:32:00+00:00
[2026-07-01T09:32:41.611+0000] {processor.py:208} INFO - Processing /home/airflow/.local/lib/python3.12/site-packages/airflow/example_dags/example_branch_python_dop_operator_3.py took 0.061 seconds
[2026-07-01T09:33:12.139+0000] {processor.py:186} INFO - Started process (PID=2457) to work on /home/airflow/.local/lib/python3.12/site-packages/airflow/example_dags/example_branch_python_dop_operator_3.py
[2026-07-01T09:33:12.140+0000] {processor.py:914} INFO - Processing file /home/airflow/.local/lib/python3.12/site-packages/airflow/example_dags/example_branch_python_dop_operator_3.py for tasks to queue
[2026-07-01T09:33:12.143+0000] {logging_mixin.py:190} INFO - [2026-07-01T09:33:12.143+0000] {dagbag.py:587} INFO - Filling up the DagBag from /home/airflow/.local/lib/python3.12/site-packages/airflow/example_dags/example_branch_python_dop_operator_3.py
[2026-07-01T09:33:12.154+0000] {processor.py:925} INFO - DAG(s) 'example_branch_dop_operator_v3' retrieved from /home/airflow/.local/lib/python3.12/site-packages/airflow/example_dags/example_branch_python_dop_operator_3.py
[2026-07-01T09:33:12.176+0000] {logging_mixin.py:190} INFO - [2026-07-01T09:33:12.176+0000] {dag.py:3211} INFO - Sync 1 DAGs
[2026-07-01T09:33:12.201+0000] {logging_mixin.py:190} INFO - [2026-07-01T09:33:12.200+0000] {dag.py:4138} INFO - Setting next_dagrun for example_branch_dop_operator_v3 to 2026-07-01 09:32:00+00:00, run_after=2026-07-01 09:33:00+00:00
[2026-07-01T09:33:12.222+0000] {processor.py:208} INFO - Processing /home/airflow/.local/lib/python3.12/site-packages/airflow/example_dags/example_branch_python_dop_operator_3.py took 0.088 seconds
[2026-07-01T09:33:43.008+0000] {processor.py:186} INFO - Started process (PID=2519) to work on /home/airflow/.local/lib/python3.12/site-packages/airflow/example_dags/example_branch_python_dop_operator_3.py
[2026-07-01T09:33:43.009+0000] {processor.py:914} INFO - Processing file /home/airflow/.local/lib/python3.12/site-packages/airflow/example_dags/example_branch_python_dop_operator_3.py for tasks to queue
[2026-07-01T09:33:43.012+0000] {logging_mixin.py:190} INFO - [2026-07-01T09:33:43.011+0000] {dagbag.py:587} INFO - Filling up the DagBag from /home/airflow/.local/lib/python3.12/site-packages/airflow/example_dags/example_branch_python_dop_operator_3.py
[2026-07-01T09:33:43.028+0000] {processor.py:925} INFO - DAG(s) 'example_branch_dop_operator_v3' retrieved from /home/airflow/.local/lib/python3.12/site-packages/airflow/example_dags/example_branch_python_dop_operator_3.py
[2026-07-01T09:33:43.057+0000] {logging_mixin.py:190} INFO - [2026-07-01T09:33:43.057+0000] {dag.py:3211} INFO - Sync 1 DAGs
[2026-07-01T09:33:43.078+0000] {logging_mixin.py:190} INFO - [2026-07-01T09:33:43.078+0000] {dag.py:4138} INFO - Setting next_dagrun for example_branch_dop_operator_v3 to 2026-07-01 09:32:00+00:00, run_after=2026-07-01 09:33:00+00:00
[2026-07-01T09:33:43.094+0000] {processor.py:208} INFO - Processing /home/airflow/.local/lib/python3.12/site-packages/airflow/example_dags/example_branch_python_dop_operator_3.py took 0.092 seconds
[2026-07-01T09:34:13.818+0000] {processor.py:186} INFO - Started process (PID=2581) to work on /home/airflow/.local/lib/python3.12/site-packages/airflow/example_dags/example_branch_python_dop_operator_3.py
[2026-07-01T09:34:13.819+0000] {processor.py:914} INFO - Processing file /home/airflow/.local/lib/python3.12/site-packages/airflow/example_dags/example_branch_python_dop_operator_3.py for tasks to queue
[2026-07-01T09:34:13.822+0000] {logging_mixin.py:190} INFO - [2026-07-01T09:34:13.822+0000] {dagbag.py:587} INFO - Filling up the DagBag from /home/airflow/.local/lib/python3.12/site-packages/airflow/example_dags/example_branch_python_dop_operator_3.py
[2026-07-01T09:34:13.830+0000] {processor.py:925} INFO - DAG(s) 'example_branch_dop_operator_v3' retrieved from /home/airflow/.local/lib/python3.12/site-packages/airflow/example_dags/example_branch_python_dop_operator_3.py
[2026-07-01T09:34:13.850+0000] {logging_mixin.py:190} INFO - [2026-07-01T09:34:13.850+0000] {dag.py:3211} INFO - Sync 1 DAGs
[2026-07-01T09:34:13.877+0000] {logging_mixin.py:190} INFO - [2026-07-01T09:34:13.876+0000] {dag.py:4138} INFO - Setting next_dagrun for example_branch_dop_operator_v3 to 2026-07-01 09:33:00+00:00, run_after=2026-07-01 09:34:00+00:00
[2026-07-01T09:34:13.894+0000] {processor.py:208} INFO - Processing /home/airflow/.local/lib/python3.12/site-packages/airflow/example_dags/example_branch_python_dop_operator_3.py took 0.080 seconds
[2026-07-01T09:34:44.694+0000] {processor.py:186} INFO - Started process (PID=2643) to work on /home/airflow/.local/lib/python3.12/site-packages/airflow/example_dags/example_branch_python_dop_operator_3.py
[2026-07-01T09:34:44.695+0000] {processor.py:914} INFO - Processing file /home/airflow/.local/lib/python3.12/site-packages/airflow/example_dags/example_branch_python_dop_operator_3.py for tasks to queue
[2026-07-01T09:34:44.697+0000] {logging_mixin.py:190} INFO - [2026-07-01T09:34:44.697+0000] {dagbag.py:587} INFO - Filling up the DagBag from /home/airflow/.local/lib/python3.12/site-packages/airflow/example_dags/example_branch_python_dop_operator_3.py
[2026-07-01T09:34:44.705+0000] {processor.py:925} INFO - DAG(s) 'example_branch_dop_operator_v3' retrieved from /home/airflow/.local/lib/python3.12/site-packages/airflow/example_dags/example_branch_python_dop_operator_3.py
[2026-07-01T09:34:44.722+0000] {logging_mixin.py:190} INFO - [2026-07-01T09:34:44.722+0000] {dag.py:3211} INFO - Sync 1 DAGs
[2026-07-01T09:34:44.746+0000] {logging_mixin.py:190} INFO - [2026-07-01T09:34:44.746+0000] {dag.py:4138} INFO - Setting next_dagrun for example_branch_dop_operator_v3 to 2026-07-01 09:33:00+00:00, run_after=2026-07-01 09:34:00+00:00
[2026-07-01T09:34:44.764+0000] {processor.py:208} INFO - Processing /home/airflow/.local/lib/python3.12/site-packages/airflow/example_dags/example_branch_python_dop_operator_3.py took 0.076 seconds
[2026-07-01T09:35:15.442+0000] {processor.py:186} INFO - Started process (PID=2705) to work on /home/airflow/.local/lib/python3.12/site-packages/airflow/example_dags/example_branch_python_dop_operator_3.py
[2026-07-01T09:35:15.443+0000] {processor.py:914} INFO - Processing file /home/airflow/.local/lib/python3.12/site-packages/airflow/example_dags/example_branch_python_dop_operator_3.py for tasks to queue
[2026-07-01T09:35:15.445+0000] {logging_mixin.py:190} INFO - [2026-07-01T09:35:15.444+0000] {dagbag.py:587} INFO - Filling up the DagBag from /home/airflow/.local/lib/python3.12/site-packages/airflow/example_dags/example_branch_python_dop_operator_3.py
[2026-07-01T09:35:15.452+0000] {processor.py:925} INFO - DAG(s) 'example_branch_dop_operator_v3' retrieved from /home/airflow/.local/lib/python3.12/site-packages/airflow/example_dags/example_branch_python_dop_operator_3.py
[2026-07-01T09:35:15.467+0000] {logging_mixin.py:190} INFO - [2026-07-01T09:35:15.467+0000] {dag.py:3211} INFO - Sync 1 DAGs
[2026-07-01T09:35:15.483+0000] {logging_mixin.py:190} INFO - [2026-07-01T09:35:15.483+0000] {dag.py:4138} INFO - Setting next_dagrun for example_branch_dop_operator_v3 to 2026-07-01 09:34:00+00:00, run_after=2026-07-01 09:35:00+00:00
[2026-07-01T09:35:15.498+0000] {processor.py:208} INFO - Processing /home/airflow/.local/lib/python3.12/site-packages/airflow/example_dags/example_branch_python_dop_operator_3.py took 0.061 seconds
[2026-07-01T09:35:45.811+0000] {processor.py:186} INFO - Started process (PID=2767) to work on /home/airflow/.local/lib/python3.12/site-packages/airflow/example_dags/example_branch_python_dop_operator_3.py
[2026-07-01T09:35:45.812+0000] {processor.py:914} INFO - Processing file /home/airflow/.local/lib/python3.12/site-packages/airflow/example_dags/example_branch_python_dop_operator_3.py for tasks to queue
[2026-07-01T09:35:45.814+0000] {logging_mixin.py:190} INFO - [2026-07-01T09:35:45.814+0000] {dagbag.py:587} INFO - Filling up the DagBag from /home/airflow/.local/lib/python3.12/site-packages/airflow/example_dags/example_branch_python_dop_operator_3.py
[2026-07-01T09:35:45.823+0000] {processor.py:925} INFO - DAG(s) 'example_branch_dop_operator_v3' retrieved from /home/airflow/.local/lib/python3.12/site-packages/airflow/example_dags/example_branch_python_dop_operator_3.py
[2026-07-01T09:35:45.841+0000] {logging_mixin.py:190} INFO - [2026-07-01T09:35:45.841+0000] {dag.py:3211} INFO - Sync 1 DAGs
[2026-07-01T09:35:45.863+0000] {logging_mixin.py:190} INFO - [2026-07-01T09:35:45.863+0000] {dag.py:4138} INFO - Setting next_dagrun for example_branch_dop_operator_v3 to 2026-07-01 09:34:00+00:00, run_after=2026-07-01 09:35:00+00:00
[2026-07-01T09:35:45.879+0000] {processor.py:208} INFO - Processing /home/airflow/.local/lib/python3.12/site-packages/airflow/example_dags/example_branch_python_dop_operator_3.py took 0.072 seconds
[2026-07-01T09:36:16.679+0000] {processor.py:186} INFO - Started process (PID=2829) to work on /home/airflow/.local/lib/python3.12/site-packages/airflow/example_dags/example_branch_python_dop_operator_3.py
[2026-07-01T09:36:16.681+0000] {processor.py:914} INFO - Processing file /home/airflow/.local/lib/python3.12/site-packages/airflow/example_dags/example_branch_python_dop_operator_3.py for tasks to queue
[2026-07-01T09:36:16.683+0000] {logging_mixin.py:190} INFO - [2026-07-01T09:36:16.683+0000] {dagbag.py:587} INFO - Filling up the DagBag from /home/airflow/.local/lib/python3.12/site-packages/airflow/example_dags/example_branch_python_dop_operator_3.py
[2026-07-01T09:36:16.691+0000] {processor.py:925} INFO - DAG(s) 'example_branch_dop_operator_v3' retrieved from /home/airflow/.local/lib/python3.12/site-packages/airflow/example_dags/example_branch_python_dop_operator_3.py
[2026-07-01T09:36:16.708+0000] {logging_mixin.py:190} INFO - [2026-07-01T09:36:16.707+0000] {dag.py:3211} INFO - Sync 1 DAGs
[2026-07-01T09:36:16.730+0000] {logging_mixin.py:190} INFO - [2026-07-01T09:36:16.730+0000] {dag.py:4138} INFO - Setting next_dagrun for example_branch_dop_operator_v3 to 2026-07-01 09:35:00+00:00, run_after=2026-07-01 09:36:00+00:00
[2026-07-01T09:36:16.743+0000] {processor.py:208} INFO - Processing /home/airflow/.local/lib/python3.12/site-packages/airflow/example_dags/example_branch_python_dop_operator_3.py took 0.069 seconds
[2026-07-01T09:36:47.604+0000] {processor.py:186} INFO - Started process (PID=2891) to work on /home/airflow/.local/lib/python3.12/site-packages/airflow/example_dags/example_branch_python_dop_operator_3.py
[2026-07-01T09:36:47.605+0000] {processor.py:914} INFO - Processing file /home/airflow/.local/lib/python3.12/site-packages/airflow/example_dags/example_branch_python_dop_operator_3.py for tasks to queue
[2026-07-01T09:36:47.607+0000] {logging_mixin.py:190} INFO - [2026-07-01T09:36:47.607+0000] {dagbag.py:587} INFO - Filling up the DagBag from /home/airflow/.local/lib/python3.12/site-packages/airflow/example_dags/example_branch_python_dop_operator_3.py
[2026-07-01T09:36:47.615+0000] {processor.py:925} INFO - DAG(s) 'example_branch_dop_operator_v3' retrieved from /home/airflow/.local/lib/python3.12/site-packages/airflow/example_dags/example_branch_python_dop_operator_3.py
[2026-07-01T09:36:47.629+0000] {logging_mixin.py:190} INFO - [2026-07-01T09:36:47.629+0000] {dag.py:3211} INFO - Sync 1 DAGs
[2026-07-01T09:36:47.647+0000] {logging_mixin.py:190} INFO - [2026-07-01T09:36:47.647+0000] {dag.py:4138} INFO - Setting next_dagrun for example_branch_dop_operator_v3 to 2026-07-01 09:35:00+00:00, run_after=2026-07-01 09:36:00+00:00
[2026-07-01T09:36:47.663+0000] {processor.py:208} INFO - Processing /home/airflow/.local/lib/python3.12/site-packages/airflow/example_dags/example_branch_python_dop_operator_3.py took 0.063 seconds
[2026-07-01T09:37:19.550+0000] {processor.py:186} INFO - Started process (PID=2959) to work on /home/airflow/.local/lib/python3.12/site-packages/airflow/example_dags/example_branch_python_dop_operator_3.py
[2026-07-01T09:37:19.551+0000] {processor.py:914} INFO - Processing file /home/airflow/.local/lib/python3.12/site-packages/airflow/example_dags/example_branch_python_dop_operator_3.py for tasks to queue
[2026-07-01T09:37:19.554+0000] {logging_mixin.py:190} INFO - [2026-07-01T09:37:19.553+0000] {dagbag.py:587} INFO - Filling up the DagBag from /home/airflow/.local/lib/python3.12/site-packages/airflow/example_dags/example_branch_python_dop_operator_3.py
[2026-07-01T09:37:19.563+0000] {processor.py:925} INFO - DAG(s) 'example_branch_dop_operator_v3' retrieved from /home/airflow/.local/lib/python3.12/site-packages/airflow/example_dags/example_branch_python_dop_operator_3.py
[2026-07-01T09:37:19.583+0000] {logging_mixin.py:190} INFO - [2026-07-01T09:37:19.583+0000] {dag.py:3211} INFO - Sync 1 DAGs
[2026-07-01T09:37:19.603+0000] {logging_mixin.py:190} INFO - [2026-07-01T09:37:19.603+0000] {dag.py:4138} INFO - Setting next_dagrun for example_branch_dop_operator_v3 to 2026-07-01 09:36:00+00:00, run_after=2026-07-01 09:37:00+00:00
[2026-07-01T09:37:19.620+0000] {processor.py:208} INFO - Processing /home/airflow/.local/lib/python3.12/site-packages/airflow/example_dags/example_branch_python_dop_operator_3.py took 0.076 seconds
[2026-07-01T09:37:50.617+0000] {processor.py:186} INFO - Started process (PID=3021) to work on /home/airflow/.local/lib/python3.12/site-packages/airflow/example_dags/example_branch_python_dop_operator_3.py
[2026-07-01T09:37:50.617+0000] {processor.py:914} INFO - Processing file /home/airflow/.local/lib/python3.12/site-packages/airflow/example_dags/example_branch_python_dop_operator_3.py for tasks to queue
[2026-07-01T09:37:50.619+0000] {logging_mixin.py:190} INFO - [2026-07-01T09:37:50.619+0000] {dagbag.py:587} INFO - Filling up the DagBag from /home/airflow/.local/lib/python3.12/site-packages/airflow/example_dags/example_branch_python_dop_operator_3.py
[2026-07-01T09:37:50.628+0000] {processor.py:925} INFO - DAG(s) 'example_branch_dop_operator_v3' retrieved from /home/airflow/.local/lib/python3.12/site-packages/airflow/example_dags/example_branch_python_dop_operator_3.py
[2026-07-01T09:37:50.646+0000] {logging_mixin.py:190} INFO - [2026-07-01T09:37:50.646+0000] {dag.py:3211} INFO - Sync 1 DAGs
[2026-07-01T09:37:50.665+0000] {logging_mixin.py:190} INFO - [2026-07-01T09:37:50.665+0000] {dag.py:4138} INFO - Setting next_dagrun for example_branch_dop_operator_v3 to 2026-07-01 09:36:00+00:00, run_after=2026-07-01 09:37:00+00:00
[2026-07-01T09:37:50.679+0000] {processor.py:208} INFO - Processing /home/airflow/.local/lib/python3.12/site-packages/airflow/example_dags/example_branch_python_dop_operator_3.py took 0.067 seconds
[2026-07-01T09:38:22.413+0000] {processor.py:186} INFO - Started process (PID=3083) to work on /home/airflow/.local/lib/python3.12/site-packages/airflow/example_dags/example_branch_python_dop_operator_3.py
[2026-07-01T09:38:22.414+0000] {processor.py:914} INFO - Processing file /home/airflow/.local/lib/python3.12/site-packages/airflow/example_dags/example_branch_python_dop_operator_3.py for tasks to queue
[2026-07-01T09:38:22.416+0000] {logging_mixin.py:190} INFO - [2026-07-01T09:38:22.416+0000] {dagbag.py:587} INFO - Filling up the DagBag from /home/airflow/.local/lib/python3.12/site-packages/airflow/example_dags/example_branch_python_dop_operator_3.py
[2026-07-01T09:38:22.424+0000] {processor.py:925} INFO - DAG(s) 'example_branch_dop_operator_v3' retrieved from /home/airflow/.local/lib/python3.12/site-packages/airflow/example_dags/example_branch_python_dop_operator_3.py
[2026-07-01T09:38:22.444+0000] {logging_mixin.py:190} INFO - [2026-07-01T09:38:22.444+0000] {dag.py:3211} INFO - Sync 1 DAGs
[2026-07-01T09:38:22.607+0000] {logging_mixin.py:190} INFO - [2026-07-01T09:38:22.607+0000] {dag.py:4138} INFO - Setting next_dagrun for example_branch_dop_operator_v3 to 2026-07-01 09:37:00+00:00, run_after=2026-07-01 09:38:00+00:00
[2026-07-01T09:38:22.619+0000] {processor.py:208} INFO - Processing /home/airflow/.local/lib/python3.12/site-packages/airflow/example_dags/example_branch_python_dop_operator_3.py took 0.211 seconds
[2026-07-01T09:38:52.813+0000] {processor.py:186} INFO - Started process (PID=3145) to work on /home/airflow/.local/lib/python3.12/site-packages/airflow/example_dags/example_branch_python_dop_operator_3.py
[2026-07-01T09:38:52.814+0000] {processor.py:914} INFO - Processing file /home/airflow/.local/lib/python3.12/site-packages/airflow/example_dags/example_branch_python_dop_operator_3.py for tasks to queue
[2026-07-01T09:38:52.816+0000] {logging_mixin.py:190} INFO - [2026-07-01T09:38:52.815+0000] {dagbag.py:587} INFO - Filling up the DagBag from /home/airflow/.local/lib/python3.12/site-packages/airflow/example_dags/example_branch_python_dop_operator_3.py
[2026-07-01T09:38:52.822+0000] {processor.py:925} INFO - DAG(s) 'example_branch_dop_operator_v3' retrieved from /home/airflow/.local/lib/python3.12/site-packages/airflow/example_dags/example_branch_python_dop_operator_3.py
[2026-07-01T09:38:52.836+0000] {logging_mixin.py:190} INFO - [2026-07-01T09:38:52.836+0000] {dag.py:3211} INFO - Sync 1 DAGs
[2026-07-01T09:38:52.978+0000] {logging_mixin.py:190} INFO - [2026-07-01T09:38:52.978+0000] {dag.py:4138} INFO - Setting next_dagrun for example_branch_dop_operator_v3 to 2026-07-01 09:37:00+00:00, run_after=2026-07-01 09:38:00+00:00
[2026-07-01T09:38:52.989+0000] {processor.py:208} INFO - Processing /home/airflow/.local/lib/python3.12/site-packages/airflow/example_dags/example_branch_python_dop_operator_3.py took 0.180 seconds
[2026-07-01T09:39:23.359+0000] {processor.py:186} INFO - Started process (PID=3207) to work on /home/airflow/.local/lib/python3.12/site-packages/airflow/example_dags/example_branch_python_dop_operator_3.py
[2026-07-01T09:39:23.360+0000] {processor.py:914} INFO - Processing file /home/airflow/.local/lib/python3.12/site-packages/airflow/example_dags/example_branch_python_dop_operator_3.py for tasks to queue
[2026-07-01T09:39:23.363+0000] {logging_mixin.py:190} INFO - [2026-07-01T09:39:23.363+0000] {dagbag.py:587} INFO - Filling up the DagBag from /home/airflow/.local/lib/python3.12/site-packages/airflow/example_dags/example_branch_python_dop_operator_3.py
[2026-07-01T09:39:23.371+0000] {processor.py:925} INFO - DAG(s) 'example_branch_dop_operator_v3' retrieved from /home/airflow/.local/lib/python3.12/site-packages/airflow/example_dags/example_branch_python_dop_operator_3.py
[2026-07-01T09:39:23.389+0000] {logging_mixin.py:190} INFO - [2026-07-01T09:39:23.389+0000] {dag.py:3211} INFO - Sync 1 DAGs
[2026-07-01T09:39:23.576+0000] {logging_mixin.py:190} INFO - [2026-07-01T09:39:23.576+0000] {dag.py:4138} INFO - Setting next_dagrun for example_branch_dop_operator_v3 to 2026-07-01 09:38:00+00:00, run_after=2026-07-01 09:39:00+00:00
[2026-07-01T09:39:23.590+0000] {processor.py:208} INFO - Processing /home/airflow/.local/lib/python3.12/site-packages/airflow/example_dags/example_branch_python_dop_operator_3.py took 0.237 seconds
[2026-07-01T09:39:54.492+0000] {processor.py:186} INFO - Started process (PID=3269) to work on /home/airflow/.local/lib/python3.12/site-packages/airflow/example_dags/example_branch_python_dop_operator_3.py
[2026-07-01T09:39:54.493+0000] {processor.py:914} INFO - Processing file /home/airflow/.local/lib/python3.12/site-packages/airflow/example_dags/example_branch_python_dop_operator_3.py for tasks to queue
[2026-07-01T09:39:54.495+0000] {logging_mixin.py:190} INFO - [2026-07-01T09:39:54.495+0000] {dagbag.py:587} INFO - Filling up the DagBag from /home/airflow/.local/lib/python3.12/site-packages/airflow/example_dags/example_branch_python_dop_operator_3.py
[2026-07-01T09:39:54.503+0000] {processor.py:925} INFO - DAG(s) 'example_branch_dop_operator_v3' retrieved from /home/airflow/.local/lib/python3.12/site-packages/airflow/example_dags/example_branch_python_dop_operator_3.py
[2026-07-01T09:39:54.519+0000] {logging_mixin.py:190} INFO - [2026-07-01T09:39:54.519+0000] {dag.py:3211} INFO - Sync 1 DAGs
[2026-07-01T09:39:54.672+0000] {logging_mixin.py:190} INFO - [2026-07-01T09:39:54.672+0000] {dag.py:4138} INFO - Setting next_dagrun for example_branch_dop_operator_v3 to 2026-07-01 09:38:00+00:00, run_after=2026-07-01 09:39:00+00:00
[2026-07-01T09:39:54.686+0000] {processor.py:208} INFO - Processing /home/airflow/.local/lib/python3.12/site-packages/airflow/example_dags/example_branch_python_dop_operator_3.py took 0.198 seconds
[2026-07-01T09:40:25.483+0000] {processor.py:186} INFO - Started process (PID=3331) to work on /home/airflow/.local/lib/python3.12/site-packages/airflow/example_dags/example_branch_python_dop_operator_3.py
[2026-07-01T09:40:25.484+0000] {processor.py:914} INFO - Processing file /home/airflow/.local/lib/python3.12/site-packages/airflow/example_dags/example_branch_python_dop_operator_3.py for tasks to queue
[2026-07-01T09:40:25.486+0000] {logging_mixin.py:190} INFO - [2026-07-01T09:40:25.486+0000] {dagbag.py:587} INFO - Filling up the DagBag from /home/airflow/.local/lib/python3.12/site-packages/airflow/example_dags/example_branch_python_dop_operator_3.py
[2026-07-01T09:40:25.493+0000] {processor.py:925} INFO - DAG(s) 'example_branch_dop_operator_v3' retrieved from /home/airflow/.local/lib/python3.12/site-packages/airflow/example_dags/example_branch_python_dop_operator_3.py
[2026-07-01T09:40:25.508+0000] {logging_mixin.py:190} INFO - [2026-07-01T09:40:25.508+0000] {dag.py:3211} INFO - Sync 1 DAGs
[2026-07-01T09:40:25.524+0000] {logging_mixin.py:190} INFO - [2026-07-01T09:40:25.524+0000] {dag.py:4138} INFO - Setting next_dagrun for example_branch_dop_operator_v3 to 2026-07-01 09:39:00+00:00, run_after=2026-07-01 09:40:00+00:00
[2026-07-01T09:40:25.540+0000] {processor.py:208} INFO - Processing /home/airflow/.local/lib/python3.12/site-packages/airflow/example_dags/example_branch_python_dop_operator_3.py took 0.061 seconds
[2026-07-01T09:40:55.896+0000] {processor.py:186} INFO - Started process (PID=3393) to work on /home/airflow/.local/lib/python3.12/site-packages/airflow/example_dags/example_branch_python_dop_operator_3.py
[2026-07-01T09:40:55.897+0000] {processor.py:914} INFO - Processing file /home/airflow/.local/lib/python3.12/site-packages/airflow/example_dags/example_branch_python_dop_operator_3.py for tasks to queue
[2026-07-01T09:40:55.900+0000] {logging_mixin.py:190} INFO - [2026-07-01T09:40:55.900+0000] {dagbag.py:587} INFO - Filling up the DagBag from /home/airflow/.local/lib/python3.12/site-packages/airflow/example_dags/example_branch_python_dop_operator_3.py
[2026-07-01T09:40:55.910+0000] {processor.py:925} INFO - DAG(s) 'example_branch_dop_operator_v3' retrieved from /home/airflow/.local/lib/python3.12/site-packages/airflow/example_dags/example_branch_python_dop_operator_3.py
[2026-07-01T09:40:55.927+0000] {logging_mixin.py:190} INFO - [2026-07-01T09:40:55.927+0000] {dag.py:3211} INFO - Sync 1 DAGs
[2026-07-01T09:40:55.948+0000] {logging_mixin.py:190} INFO - [2026-07-01T09:40:55.948+0000] {dag.py:4138} INFO - Setting next_dagrun for example_branch_dop_operator_v3 to 2026-07-01 09:39:00+00:00, run_after=2026-07-01 09:40:00+00:00
[2026-07-01T09:40:55.964+0000] {processor.py:208} INFO - Processing /home/airflow/.local/lib/python3.12/site-packages/airflow/example_dags/example_branch_python_dop_operator_3.py took 0.073 seconds
[2026-07-01T09:41:26.200+0000] {processor.py:186} INFO - Started process (PID=3455) to work on /home/airflow/.local/lib/python3.12/site-packages/airflow/example_dags/example_branch_python_dop_operator_3.py
[2026-07-01T09:41:26.200+0000] {processor.py:914} INFO - Processing file /home/airflow/.local/lib/python3.12/site-packages/airflow/example_dags/example_branch_python_dop_operator_3.py for tasks to queue
[2026-07-01T09:41:26.202+0000] {logging_mixin.py:190} INFO - [2026-07-01T09:41:26.202+0000] {dagbag.py:587} INFO - Filling up the DagBag from /home/airflow/.local/lib/python3.12/site-packages/airflow/example_dags/example_branch_python_dop_operator_3.py
[2026-07-01T09:41:26.209+0000] {processor.py:925} INFO - DAG(s) 'example_branch_dop_operator_v3' retrieved from /home/airflow/.local/lib/python3.12/site-packages/airflow/example_dags/example_branch_python_dop_operator_3.py
[2026-07-01T09:41:26.224+0000] {logging_mixin.py:190} INFO - [2026-07-01T09:41:26.224+0000] {dag.py:3211} INFO - Sync 1 DAGs
[2026-07-01T09:41:26.240+0000] {logging_mixin.py:190} INFO - [2026-07-01T09:41:26.240+0000] {dag.py:4138} INFO - Setting next_dagrun for example_branch_dop_operator_v3 to 2026-07-01 09:40:00+00:00, run_after=2026-07-01 09:41:00+00:00
[2026-07-01T09:41:26.253+0000] {processor.py:208} INFO - Processing /home/airflow/.local/lib/python3.12/site-packages/airflow/example_dags/example_branch_python_dop_operator_3.py took 0.058 seconds
[2026-07-01T09:41:56.414+0000] {processor.py:186} INFO - Started process (PID=3517) to work on /home/airflow/.local/lib/python3.12/site-packages/airflow/example_dags/example_branch_python_dop_operator_3.py
[2026-07-01T09:41:56.415+0000] {processor.py:914} INFO - Processing file /home/airflow/.local/lib/python3.12/site-packages/airflow/example_dags/example_branch_python_dop_operator_3.py for tasks to queue
[2026-07-01T09:41:56.418+0000] {logging_mixin.py:190} INFO - [2026-07-01T09:41:56.417+0000] {dagbag.py:587} INFO - Filling up the DagBag from /home/airflow/.local/lib/python3.12/site-packages/airflow/example_dags/example_branch_python_dop_operator_3.py
[2026-07-01T09:41:56.428+0000] {processor.py:925} INFO - DAG(s) 'example_branch_dop_operator_v3' retrieved from /home/airflow/.local/lib/python3.12/site-packages/airflow/example_dags/example_branch_python_dop_operator_3.py
[2026-07-01T09:41:56.447+0000] {logging_mixin.py:190} INFO - [2026-07-01T09:41:56.446+0000] {dag.py:3211} INFO - Sync 1 DAGs
[2026-07-01T09:41:56.465+0000] {logging_mixin.py:190} INFO - [2026-07-01T09:41:56.464+0000] {dag.py:4138} INFO - Setting next_dagrun for example_branch_dop_operator_v3 to 2026-07-01 09:40:00+00:00, run_after=2026-07-01 09:41:00+00:00
[2026-07-01T09:41:56.477+0000] {processor.py:208} INFO - Processing /home/airflow/.local/lib/python3.12/site-packages/airflow/example_dags/example_branch_python_dop_operator_3.py took 0.070 seconds
[2026-07-01T09:42:26.841+0000] {processor.py:186} INFO - Started process (PID=3579) to work on /home/airflow/.local/lib/python3.12/site-packages/airflow/example_dags/example_branch_python_dop_operator_3.py
[2026-07-01T09:42:26.842+0000] {processor.py:914} INFO - Processing file /home/airflow/.local/lib/python3.12/site-packages/airflow/example_dags/example_branch_python_dop_operator_3.py for tasks to queue
[2026-07-01T09:42:26.844+0000] {logging_mixin.py:190} INFO - [2026-07-01T09:42:26.843+0000] {dagbag.py:587} INFO - Filling up the DagBag from /home/airflow/.local/lib/python3.12/site-packages/airflow/example_dags/example_branch_python_dop_operator_3.py
[2026-07-01T09:42:26.851+0000] {processor.py:925} INFO - DAG(s) 'example_branch_dop_operator_v3' retrieved from /home/airflow/.local/lib/python3.12/site-packages/airflow/example_dags/example_branch_python_dop_operator_3.py
[2026-07-01T09:42:26.866+0000] {logging_mixin.py:190} INFO - [2026-07-01T09:42:26.866+0000] {dag.py:3211} INFO - Sync 1 DAGs
[2026-07-01T09:42:26.882+0000] {logging_mixin.py:190} INFO - [2026-07-01T09:42:26.882+0000] {dag.py:4138} INFO - Setting next_dagrun for example_branch_dop_operator_v3 to 2026-07-01 09:41:00+00:00, run_after=2026-07-01 09:42:00+00:00
[2026-07-01T09:42:26.894+0000] {processor.py:208} INFO - Processing /home/airflow/.local/lib/python3.12/site-packages/airflow/example_dags/example_branch_python_dop_operator_3.py took 0.058 seconds
[2026-07-01T09:42:57.296+0000] {processor.py:186} INFO - Started process (PID=3641) to work on /home/airflow/.local/lib/python3.12/site-packages/airflow/example_dags/example_branch_python_dop_operator_3.py
[2026-07-01T09:42:57.297+0000] {processor.py:914} INFO - Processing file /home/airflow/.local/lib/python3.12/site-packages/airflow/example_dags/example_branch_python_dop_operator_3.py for tasks to queue
[2026-07-01T09:42:57.299+0000] {logging_mixin.py:190} INFO - [2026-07-01T09:42:57.298+0000] {dagbag.py:587} INFO - Filling up the DagBag from /home/airflow/.local/lib/python3.12/site-packages/airflow/example_dags/example_branch_python_dop_operator_3.py
[2026-07-01T09:42:57.306+0000] {processor.py:925} INFO - DAG(s) 'example_branch_dop_operator_v3' retrieved from /home/airflow/.local/lib/python3.12/site-packages/airflow/example_dags/example_branch_python_dop_operator_3.py
[2026-07-01T09:42:57.321+0000] {logging_mixin.py:190} INFO - [2026-07-01T09:42:57.321+0000] {dag.py:3211} INFO - Sync 1 DAGs
[2026-07-01T09:42:57.337+0000] {logging_mixin.py:190} INFO - [2026-07-01T09:42:57.337+0000] {dag.py:4138} INFO - Setting next_dagrun for example_branch_dop_operator_v3 to 2026-07-01 09:41:00+00:00, run_after=2026-07-01 09:42:00+00:00
[2026-07-01T09:42:57.350+0000] {processor.py:208} INFO - Processing /home/airflow/.local/lib/python3.12/site-packages/airflow/example_dags/example_branch_python_dop_operator_3.py took 0.059 seconds
[2026-07-01T09:43:27.588+0000] {processor.py:186} INFO - Started process (PID=3703) to work on /home/airflow/.local/lib/python3.12/site-packages/airflow/example_dags/example_branch_python_dop_operator_3.py
[2026-07-01T09:43:27.589+0000] {processor.py:914} INFO - Processing file /home/airflow/.local/lib/python3.12/site-packages/airflow/example_dags/example_branch_python_dop_operator_3.py for tasks to queue
[2026-07-01T09:43:27.592+0000] {logging_mixin.py:190} INFO - [2026-07-01T09:43:27.591+0000] {dagbag.py:587} INFO - Filling up the DagBag from /home/airflow/.local/lib/python3.12/site-packages/airflow/example_dags/example_branch_python_dop_operator_3.py
[2026-07-01T09:43:27.599+0000] {processor.py:925} INFO - DAG(s) 'example_branch_dop_operator_v3' retrieved from /home/airflow/.local/lib/python3.12/site-packages/airflow/example_dags/example_branch_python_dop_operator_3.py
[2026-07-01T09:43:27.614+0000] {logging_mixin.py:190} INFO - [2026-07-01T09:43:27.614+0000] {dag.py:3211} INFO - Sync 1 DAGs
[2026-07-01T09:43:27.630+0000] {logging_mixin.py:190} INFO - [2026-07-01T09:43:27.630+0000] {dag.py:4138} INFO - Setting next_dagrun for example_branch_dop_operator_v3 to 2026-07-01 09:42:00+00:00, run_after=2026-07-01 09:43:00+00:00
[2026-07-01T09:43:27.641+0000] {processor.py:208} INFO - Processing /home/airflow/.local/lib/python3.12/site-packages/airflow/example_dags/example_branch_python_dop_operator_3.py took 0.057 seconds
[2026-07-01T09:43:57.969+0000] {processor.py:186} INFO - Started process (PID=3765) to work on /home/airflow/.local/lib/python3.12/site-packages/airflow/example_dags/example_branch_python_dop_operator_3.py
[2026-07-01T09:43:57.971+0000] {processor.py:914} INFO - Processing file /home/airflow/.local/lib/python3.12/site-packages/airflow/example_dags/example_branch_python_dop_operator_3.py for tasks to queue
[2026-07-01T09:43:57.973+0000] {logging_mixin.py:190} INFO - [2026-07-01T09:43:57.972+0000] {dagbag.py:587} INFO - Filling up the DagBag from /home/airflow/.local/lib/python3.12/site-packages/airflow/example_dags/example_branch_python_dop_operator_3.py
[2026-07-01T09:43:57.980+0000] {processor.py:925} INFO - DAG(s) 'example_branch_dop_operator_v3' retrieved from /home/airflow/.local/lib/python3.12/site-packages/airflow/example_dags/example_branch_python_dop_operator_3.py
[2026-07-01T09:43:57.995+0000] {logging_mixin.py:190} INFO - [2026-07-01T09:43:57.995+0000] {dag.py:3211} INFO - Sync 1 DAGs
[2026-07-01T09:43:58.012+0000] {logging_mixin.py:190} INFO - [2026-07-01T09:43:58.011+0000] {dag.py:4138} INFO - Setting next_dagrun for example_branch_dop_operator_v3 to 2026-07-01 09:42:00+00:00, run_after=2026-07-01 09:43:00+00:00
[2026-07-01T09:43:58.027+0000] {processor.py:208} INFO - Processing /home/airflow/.local/lib/python3.12/site-packages/airflow/example_dags/example_branch_python_dop_operator_3.py took 0.062 seconds
[2026-07-01T09:44:28.195+0000] {processor.py:186} INFO - Started process (PID=3827) to work on /home/airflow/.local/lib/python3.12/site-packages/airflow/example_dags/example_branch_python_dop_operator_3.py
[2026-07-01T09:44:28.196+0000] {processor.py:914} INFO - Processing file /home/airflow/.local/lib/python3.12/site-packages/airflow/example_dags/example_branch_python_dop_operator_3.py for tasks to queue
[2026-07-01T09:44:28.199+0000] {logging_mixin.py:190} INFO - [2026-07-01T09:44:28.198+0000] {dagbag.py:587} INFO - Filling up the DagBag from /home/airflow/.local/lib/python3.12/site-packages/airflow/example_dags/example_branch_python_dop_operator_3.py
[2026-07-01T09:44:28.208+0000] {processor.py:925} INFO - DAG(s) 'example_branch_dop_operator_v3' retrieved from /home/airflow/.local/lib/python3.12/site-packages/airflow/example_dags/example_branch_python_dop_operator_3.py
[2026-07-01T09:44:28.225+0000] {logging_mixin.py:190} INFO - [2026-07-01T09:44:28.225+0000] {dag.py:3211} INFO - Sync 1 DAGs
[2026-07-01T09:44:28.246+0000] {logging_mixin.py:190} INFO - [2026-07-01T09:44:28.245+0000] {dag.py:4138} INFO - Setting next_dagrun for example_branch_dop_operator_v3 to 2026-07-01 09:43:00+00:00, run_after=2026-07-01 09:44:00+00:00
[2026-07-01T09:44:28.260+0000] {processor.py:208} INFO - Processing /home/airflow/.local/lib/python3.12/site-packages/airflow/example_dags/example_branch_python_dop_operator_3.py took 0.071 seconds
[2026-07-01T09:44:58.715+0000] {processor.py:186} INFO - Started process (PID=3889) to work on /home/airflow/.local/lib/python3.12/site-packages/airflow/example_dags/example_branch_python_dop_operator_3.py
[2026-07-01T09:44:58.717+0000] {processor.py:914} INFO - Processing file /home/airflow/.local/lib/python3.12/site-packages/airflow/example_dags/example_branch_python_dop_operator_3.py for tasks to queue
[2026-07-01T09:44:58.720+0000] {logging_mixin.py:190} INFO - [2026-07-01T09:44:58.720+0000] {dagbag.py:587} INFO - Filling up the DagBag from /home/airflow/.local/lib/python3.12/site-packages/airflow/example_dags/example_branch_python_dop_operator_3.py
[2026-07-01T09:44:58.733+0000] {processor.py:925} INFO - DAG(s) 'example_branch_dop_operator_v3' retrieved from /home/airflow/.local/lib/python3.12/site-packages/airflow/example_dags/example_branch_python_dop_operator_3.py
[2026-07-01T09:44:58.759+0000] {logging_mixin.py:190} INFO - [2026-07-01T09:44:58.759+0000] {dag.py:3211} INFO - Sync 1 DAGs
[2026-07-01T09:44:58.783+0000] {logging_mixin.py:190} INFO - [2026-07-01T09:44:58.782+0000] {dag.py:4138} INFO - Setting next_dagrun for example_branch_dop_operator_v3 to 2026-07-01 09:43:00+00:00, run_after=2026-07-01 09:44:00+00:00
[2026-07-01T09:44:58.798+0000] {processor.py:208} INFO - Processing /home/airflow/.local/lib/python3.12/site-packages/airflow/example_dags/example_branch_python_dop_operator_3.py took 0.091 seconds
[2026-07-01T09:45:28.997+0000] {processor.py:186} INFO - Started process (PID=3951) to work on /home/airflow/.local/lib/python3.12/site-packages/airflow/example_dags/example_branch_python_dop_operator_3.py
[2026-07-01T09:45:28.998+0000] {processor.py:914} INFO - Processing file /home/airflow/.local/lib/python3.12/site-packages/airflow/example_dags/example_branch_python_dop_operator_3.py for tasks to queue
[2026-07-01T09:45:29.000+0000] {logging_mixin.py:190} INFO - [2026-07-01T09:45:29.000+0000] {dagbag.py:587} INFO - Filling up the DagBag from /home/airflow/.local/lib/python3.12/site-packages/airflow/example_dags/example_branch_python_dop_operator_3.py
[2026-07-01T09:45:29.011+0000] {processor.py:925} INFO - DAG(s) 'example_branch_dop_operator_v3' retrieved from /home/airflow/.local/lib/python3.12/site-packages/airflow/example_dags/example_branch_python_dop_operator_3.py
[2026-07-01T09:45:29.026+0000] {logging_mixin.py:190} INFO - [2026-07-01T09:45:29.026+0000] {dag.py:3211} INFO - Sync 1 DAGs
[2026-07-01T09:45:29.045+0000] {logging_mixin.py:190} INFO - [2026-07-01T09:45:29.045+0000] {dag.py:4138} INFO - Setting next_dagrun for example_branch_dop_operator_v3 to 2026-07-01 09:44:00+00:00, run_after=2026-07-01 09:45:00+00:00
[2026-07-01T09:45:29.059+0000] {processor.py:208} INFO - Processing /home/airflow/.local/lib/python3.12/site-packages/airflow/example_dags/example_branch_python_dop_operator_3.py took 0.066 seconds
