[2026-07-01T09:09:40.460+0000] {processor.py:186} INFO - Started process (PID=83) to work on /home/airflow/.local/lib/python3.12/site-packages/airflow/example_dags/example_branch_labels.py
[2026-07-01T09:09:40.462+0000] {processor.py:914} INFO - Processing file /home/airflow/.local/lib/python3.12/site-packages/airflow/example_dags/example_branch_labels.py for tasks to queue
[2026-07-01T09:09:40.469+0000] {logging_mixin.py:190} INFO - [2026-07-01T09:09:40.467+0000] {dagbag.py:587} INFO - Filling up the DagBag from /home/airflow/.local/lib/python3.12/site-packages/airflow/example_dags/example_branch_labels.py
[2026-07-01T09:09:40.480+0000] {processor.py:925} INFO - DAG(s) 'example_branch_labels' retrieved from /home/airflow/.local/lib/python3.12/site-packages/airflow/example_dags/example_branch_labels.py
[2026-07-01T09:09:40.587+0000] {logging_mixin.py:190} INFO - [2026-07-01T09:09:40.587+0000] {override.py:1858} INFO - Created Permission View: can read on DAG:example_branch_labels
[2026-07-01T09:09:40.597+0000] {logging_mixin.py:190} INFO - [2026-07-01T09:09:40.597+0000] {override.py:1858} INFO - Created Permission View: can delete on DAG:example_branch_labels
[2026-07-01T09:09:40.603+0000] {logging_mixin.py:190} INFO - [2026-07-01T09:09:40.603+0000] {override.py:1858} INFO - Created Permission View: can edit on DAG:example_branch_labels
[2026-07-01T09:09:40.604+0000] {logging_mixin.py:190} INFO - [2026-07-01T09:09:40.604+0000] {dag.py:3211} INFO - Sync 1 DAGs
[2026-07-01T09:09:40.616+0000] {logging_mixin.py:190} INFO - [2026-07-01T09:09:40.616+0000] {dag.py:3234} INFO - Creating ORM DAG for example_branch_labels
[2026-07-01T09:09:40.631+0000] {logging_mixin.py:190} INFO - [2026-07-01T09:09:40.631+0000] {dag.py:4138} INFO - Setting next_dagrun for example_branch_labels to 2026-06-30 00:00:00+00:00, run_after=2026-07-01 00:00:00+00:00
[2026-07-01T09:09:40.651+0000] {processor.py:208} INFO - Processing /home/airflow/.local/lib/python3.12/site-packages/airflow/example_dags/example_branch_labels.py took 0.196 seconds
[2026-07-01T09:10:11.103+0000] {processor.py:186} INFO - Started process (PID=151) to work on /home/airflow/.local/lib/python3.12/site-packages/airflow/example_dags/example_branch_labels.py
[2026-07-01T09:10:11.104+0000] {processor.py:914} INFO - Processing file /home/airflow/.local/lib/python3.12/site-packages/airflow/example_dags/example_branch_labels.py for tasks to queue
[2026-07-01T09:10:11.106+0000] {logging_mixin.py:190} INFO - [2026-07-01T09:10:11.105+0000] {dagbag.py:587} INFO - Filling up the DagBag from /home/airflow/.local/lib/python3.12/site-packages/airflow/example_dags/example_branch_labels.py
[2026-07-01T09:10:11.113+0000] {processor.py:925} INFO - DAG(s) 'example_branch_labels' retrieved from /home/airflow/.local/lib/python3.12/site-packages/airflow/example_dags/example_branch_labels.py
[2026-07-01T09:10:11.127+0000] {logging_mixin.py:190} INFO - [2026-07-01T09:10:11.127+0000] {dag.py:3211} INFO - Sync 1 DAGs
[2026-07-01T09:10:11.145+0000] {logging_mixin.py:190} INFO - [2026-07-01T09:10:11.144+0000] {dag.py:4138} INFO - Setting next_dagrun for example_branch_labels to 2026-06-30 00:00:00+00:00, run_after=2026-07-01 00:00:00+00:00
[2026-07-01T09:10:11.157+0000] {processor.py:208} INFO - Processing /home/airflow/.local/lib/python3.12/site-packages/airflow/example_dags/example_branch_labels.py took 0.059 seconds
[2026-07-01T09:10:41.430+0000] {processor.py:186} INFO - Started process (PID=213) to work on /home/airflow/.local/lib/python3.12/site-packages/airflow/example_dags/example_branch_labels.py
[2026-07-01T09:10:41.431+0000] {processor.py:914} INFO - Processing file /home/airflow/.local/lib/python3.12/site-packages/airflow/example_dags/example_branch_labels.py for tasks to queue
[2026-07-01T09:10:41.433+0000] {logging_mixin.py:190} INFO - [2026-07-01T09:10:41.432+0000] {dagbag.py:587} INFO - Filling up the DagBag from /home/airflow/.local/lib/python3.12/site-packages/airflow/example_dags/example_branch_labels.py
[2026-07-01T09:10:41.441+0000] {processor.py:925} INFO - DAG(s) 'example_branch_labels' retrieved from /home/airflow/.local/lib/python3.12/site-packages/airflow/example_dags/example_branch_labels.py
[2026-07-01T09:10:41.455+0000] {logging_mixin.py:190} INFO - [2026-07-01T09:10:41.455+0000] {dag.py:3211} INFO - Sync 1 DAGs
[2026-07-01T09:10:41.469+0000] {logging_mixin.py:190} INFO - [2026-07-01T09:10:41.469+0000] {dag.py:4138} INFO - Setting next_dagrun for example_branch_labels to 2026-06-30 00:00:00+00:00, run_after=2026-07-01 00:00:00+00:00
[2026-07-01T09:10:41.482+0000] {processor.py:208} INFO - Processing /home/airflow/.local/lib/python3.12/site-packages/airflow/example_dags/example_branch_labels.py took 0.056 seconds
[2026-07-01T09:11:11.699+0000] {processor.py:186} INFO - Started process (PID=275) to work on /home/airflow/.local/lib/python3.12/site-packages/airflow/example_dags/example_branch_labels.py
[2026-07-01T09:11:11.700+0000] {processor.py:914} INFO - Processing file /home/airflow/.local/lib/python3.12/site-packages/airflow/example_dags/example_branch_labels.py for tasks to queue
[2026-07-01T09:11:11.703+0000] {logging_mixin.py:190} INFO - [2026-07-01T09:11:11.702+0000] {dagbag.py:587} INFO - Filling up the DagBag from /home/airflow/.local/lib/python3.12/site-packages/airflow/example_dags/example_branch_labels.py
[2026-07-01T09:11:11.714+0000] {processor.py:925} INFO - DAG(s) 'example_branch_labels' retrieved from /home/airflow/.local/lib/python3.12/site-packages/airflow/example_dags/example_branch_labels.py
[2026-07-01T09:11:11.734+0000] {logging_mixin.py:190} INFO - [2026-07-01T09:11:11.734+0000] {dag.py:3211} INFO - Sync 1 DAGs
[2026-07-01T09:11:11.749+0000] {logging_mixin.py:190} INFO - [2026-07-01T09:11:11.749+0000] {dag.py:4138} INFO - Setting next_dagrun for example_branch_labels to 2026-06-30 00:00:00+00:00, run_after=2026-07-01 00:00:00+00:00
[2026-07-01T09:11:11.762+0000] {processor.py:208} INFO - Processing /home/airflow/.local/lib/python3.12/site-packages/airflow/example_dags/example_branch_labels.py took 0.068 seconds
[2026-07-01T09:11:42.090+0000] {processor.py:186} INFO - Started process (PID=337) to work on /home/airflow/.local/lib/python3.12/site-packages/airflow/example_dags/example_branch_labels.py
[2026-07-01T09:11:42.092+0000] {processor.py:914} INFO - Processing file /home/airflow/.local/lib/python3.12/site-packages/airflow/example_dags/example_branch_labels.py for tasks to queue
[2026-07-01T09:11:42.094+0000] {logging_mixin.py:190} INFO - [2026-07-01T09:11:42.094+0000] {dagbag.py:587} INFO - Filling up the DagBag from /home/airflow/.local/lib/python3.12/site-packages/airflow/example_dags/example_branch_labels.py
[2026-07-01T09:11:42.102+0000] {processor.py:925} INFO - DAG(s) 'example_branch_labels' retrieved from /home/airflow/.local/lib/python3.12/site-packages/airflow/example_dags/example_branch_labels.py
[2026-07-01T09:11:42.119+0000] {logging_mixin.py:190} INFO - [2026-07-01T09:11:42.119+0000] {dag.py:3211} INFO - Sync 1 DAGs
[2026-07-01T09:11:42.136+0000] {logging_mixin.py:190} INFO - [2026-07-01T09:11:42.136+0000] {dag.py:4138} INFO - Setting next_dagrun for example_branch_labels to 2026-06-30 00:00:00+00:00, run_after=2026-07-01 00:00:00+00:00
[2026-07-01T09:11:42.148+0000] {processor.py:208} INFO - Processing /home/airflow/.local/lib/python3.12/site-packages/airflow/example_dags/example_branch_labels.py took 0.063 seconds
[2026-07-01T09:12:12.378+0000] {processor.py:186} INFO - Started process (PID=399) to work on /home/airflow/.local/lib/python3.12/site-packages/airflow/example_dags/example_branch_labels.py
[2026-07-01T09:12:12.379+0000] {processor.py:914} INFO - Processing file /home/airflow/.local/lib/python3.12/site-packages/airflow/example_dags/example_branch_labels.py for tasks to queue
[2026-07-01T09:12:12.382+0000] {logging_mixin.py:190} INFO - [2026-07-01T09:12:12.382+0000] {dagbag.py:587} INFO - Filling up the DagBag from /home/airflow/.local/lib/python3.12/site-packages/airflow/example_dags/example_branch_labels.py
[2026-07-01T09:12:12.391+0000] {processor.py:925} INFO - DAG(s) 'example_branch_labels' retrieved from /home/airflow/.local/lib/python3.12/site-packages/airflow/example_dags/example_branch_labels.py
[2026-07-01T09:12:12.410+0000] {logging_mixin.py:190} INFO - [2026-07-01T09:12:12.410+0000] {dag.py:3211} INFO - Sync 1 DAGs
[2026-07-01T09:12:12.429+0000] {logging_mixin.py:190} INFO - [2026-07-01T09:12:12.429+0000] {dag.py:4138} INFO - Setting next_dagrun for example_branch_labels to 2026-06-30 00:00:00+00:00, run_after=2026-07-01 00:00:00+00:00
[2026-07-01T09:12:12.442+0000] {processor.py:208} INFO - Processing /home/airflow/.local/lib/python3.12/site-packages/airflow/example_dags/example_branch_labels.py took 0.069 seconds
[2026-07-01T09:12:43.014+0000] {processor.py:186} INFO - Started process (PID=461) to work on /home/airflow/.local/lib/python3.12/site-packages/airflow/example_dags/example_branch_labels.py
[2026-07-01T09:12:43.015+0000] {processor.py:914} INFO - Processing file /home/airflow/.local/lib/python3.12/site-packages/airflow/example_dags/example_branch_labels.py for tasks to queue
[2026-07-01T09:12:43.018+0000] {logging_mixin.py:190} INFO - [2026-07-01T09:12:43.017+0000] {dagbag.py:587} INFO - Filling up the DagBag from /home/airflow/.local/lib/python3.12/site-packages/airflow/example_dags/example_branch_labels.py
[2026-07-01T09:12:43.027+0000] {processor.py:925} INFO - DAG(s) 'example_branch_labels' retrieved from /home/airflow/.local/lib/python3.12/site-packages/airflow/example_dags/example_branch_labels.py
[2026-07-01T09:12:43.044+0000] {logging_mixin.py:190} INFO - [2026-07-01T09:12:43.043+0000] {dag.py:3211} INFO - Sync 1 DAGs
[2026-07-01T09:12:43.063+0000] {logging_mixin.py:190} INFO - [2026-07-01T09:12:43.063+0000] {dag.py:4138} INFO - Setting next_dagrun for example_branch_labels to 2026-06-30 00:00:00+00:00, run_after=2026-07-01 00:00:00+00:00
[2026-07-01T09:12:43.078+0000] {processor.py:208} INFO - Processing /home/airflow/.local/lib/python3.12/site-packages/airflow/example_dags/example_branch_labels.py took 0.071 seconds
[2026-07-01T09:13:13.418+0000] {processor.py:186} INFO - Started process (PID=523) to work on /home/airflow/.local/lib/python3.12/site-packages/airflow/example_dags/example_branch_labels.py
[2026-07-01T09:13:13.419+0000] {processor.py:914} INFO - Processing file /home/airflow/.local/lib/python3.12/site-packages/airflow/example_dags/example_branch_labels.py for tasks to queue
[2026-07-01T09:13:13.422+0000] {logging_mixin.py:190} INFO - [2026-07-01T09:13:13.421+0000] {dagbag.py:587} INFO - Filling up the DagBag from /home/airflow/.local/lib/python3.12/site-packages/airflow/example_dags/example_branch_labels.py
[2026-07-01T09:13:13.429+0000] {processor.py:925} INFO - DAG(s) 'example_branch_labels' retrieved from /home/airflow/.local/lib/python3.12/site-packages/airflow/example_dags/example_branch_labels.py
[2026-07-01T09:13:13.446+0000] {logging_mixin.py:190} INFO - [2026-07-01T09:13:13.445+0000] {dag.py:3211} INFO - Sync 1 DAGs
[2026-07-01T09:13:13.465+0000] {logging_mixin.py:190} INFO - [2026-07-01T09:13:13.465+0000] {dag.py:4138} INFO - Setting next_dagrun for example_branch_labels to 2026-06-30 00:00:00+00:00, run_after=2026-07-01 00:00:00+00:00
[2026-07-01T09:13:13.480+0000] {processor.py:208} INFO - Processing /home/airflow/.local/lib/python3.12/site-packages/airflow/example_dags/example_branch_labels.py took 0.066 seconds
[2026-07-01T09:13:44.288+0000] {processor.py:186} INFO - Started process (PID=585) to work on /home/airflow/.local/lib/python3.12/site-packages/airflow/example_dags/example_branch_labels.py
[2026-07-01T09:13:44.288+0000] {processor.py:914} INFO - Processing file /home/airflow/.local/lib/python3.12/site-packages/airflow/example_dags/example_branch_labels.py for tasks to queue
[2026-07-01T09:13:44.290+0000] {logging_mixin.py:190} INFO - [2026-07-01T09:13:44.290+0000] {dagbag.py:587} INFO - Filling up the DagBag from /home/airflow/.local/lib/python3.12/site-packages/airflow/example_dags/example_branch_labels.py
[2026-07-01T09:13:44.297+0000] {processor.py:925} INFO - DAG(s) 'example_branch_labels' retrieved from /home/airflow/.local/lib/python3.12/site-packages/airflow/example_dags/example_branch_labels.py
[2026-07-01T09:13:44.310+0000] {logging_mixin.py:190} INFO - [2026-07-01T09:13:44.310+0000] {dag.py:3211} INFO - Sync 1 DAGs
[2026-07-01T09:13:44.325+0000] {logging_mixin.py:190} INFO - [2026-07-01T09:13:44.325+0000] {dag.py:4138} INFO - Setting next_dagrun for example_branch_labels to 2026-06-30 00:00:00+00:00, run_after=2026-07-01 00:00:00+00:00
[2026-07-01T09:13:44.337+0000] {processor.py:208} INFO - Processing /home/airflow/.local/lib/python3.12/site-packages/airflow/example_dags/example_branch_labels.py took 0.054 seconds
[2026-07-01T09:14:15.435+0000] {processor.py:186} INFO - Started process (PID=647) to work on /home/airflow/.local/lib/python3.12/site-packages/airflow/example_dags/example_branch_labels.py
[2026-07-01T09:14:15.438+0000] {processor.py:914} INFO - Processing file /home/airflow/.local/lib/python3.12/site-packages/airflow/example_dags/example_branch_labels.py for tasks to queue
[2026-07-01T09:14:15.440+0000] {logging_mixin.py:190} INFO - [2026-07-01T09:14:15.439+0000] {dagbag.py:587} INFO - Filling up the DagBag from /home/airflow/.local/lib/python3.12/site-packages/airflow/example_dags/example_branch_labels.py
[2026-07-01T09:14:15.447+0000] {processor.py:925} INFO - DAG(s) 'example_branch_labels' retrieved from /home/airflow/.local/lib/python3.12/site-packages/airflow/example_dags/example_branch_labels.py
[2026-07-01T09:14:15.465+0000] {logging_mixin.py:190} INFO - [2026-07-01T09:14:15.465+0000] {dag.py:3211} INFO - Sync 1 DAGs
[2026-07-01T09:14:15.482+0000] {logging_mixin.py:190} INFO - [2026-07-01T09:14:15.482+0000] {dag.py:4138} INFO - Setting next_dagrun for example_branch_labels to 2026-06-30 00:00:00+00:00, run_after=2026-07-01 00:00:00+00:00
[2026-07-01T09:14:15.496+0000] {processor.py:208} INFO - Processing /home/airflow/.local/lib/python3.12/site-packages/airflow/example_dags/example_branch_labels.py took 0.067 seconds
[2026-07-01T09:14:45.674+0000] {processor.py:186} INFO - Started process (PID=709) to work on /home/airflow/.local/lib/python3.12/site-packages/airflow/example_dags/example_branch_labels.py
[2026-07-01T09:14:45.675+0000] {processor.py:914} INFO - Processing file /home/airflow/.local/lib/python3.12/site-packages/airflow/example_dags/example_branch_labels.py for tasks to queue
[2026-07-01T09:14:45.677+0000] {logging_mixin.py:190} INFO - [2026-07-01T09:14:45.677+0000] {dagbag.py:587} INFO - Filling up the DagBag from /home/airflow/.local/lib/python3.12/site-packages/airflow/example_dags/example_branch_labels.py
[2026-07-01T09:14:45.683+0000] {processor.py:925} INFO - DAG(s) 'example_branch_labels' retrieved from /home/airflow/.local/lib/python3.12/site-packages/airflow/example_dags/example_branch_labels.py
[2026-07-01T09:14:45.697+0000] {logging_mixin.py:190} INFO - [2026-07-01T09:14:45.697+0000] {dag.py:3211} INFO - Sync 1 DAGs
[2026-07-01T09:14:45.711+0000] {logging_mixin.py:190} INFO - [2026-07-01T09:14:45.710+0000] {dag.py:4138} INFO - Setting next_dagrun for example_branch_labels to 2026-06-30 00:00:00+00:00, run_after=2026-07-01 00:00:00+00:00
[2026-07-01T09:14:45.722+0000] {processor.py:208} INFO - Processing /home/airflow/.local/lib/python3.12/site-packages/airflow/example_dags/example_branch_labels.py took 0.052 seconds
[2026-07-01T09:15:16.580+0000] {processor.py:186} INFO - Started process (PID=771) to work on /home/airflow/.local/lib/python3.12/site-packages/airflow/example_dags/example_branch_labels.py
[2026-07-01T09:15:16.582+0000] {processor.py:914} INFO - Processing file /home/airflow/.local/lib/python3.12/site-packages/airflow/example_dags/example_branch_labels.py for tasks to queue
[2026-07-01T09:15:16.584+0000] {logging_mixin.py:190} INFO - [2026-07-01T09:15:16.584+0000] {dagbag.py:587} INFO - Filling up the DagBag from /home/airflow/.local/lib/python3.12/site-packages/airflow/example_dags/example_branch_labels.py
[2026-07-01T09:15:16.592+0000] {processor.py:925} INFO - DAG(s) 'example_branch_labels' retrieved from /home/airflow/.local/lib/python3.12/site-packages/airflow/example_dags/example_branch_labels.py
[2026-07-01T09:15:16.608+0000] {logging_mixin.py:190} INFO - [2026-07-01T09:15:16.607+0000] {dag.py:3211} INFO - Sync 1 DAGs
[2026-07-01T09:15:16.625+0000] {logging_mixin.py:190} INFO - [2026-07-01T09:15:16.624+0000] {dag.py:4138} INFO - Setting next_dagrun for example_branch_labels to 2026-06-30 00:00:00+00:00, run_after=2026-07-01 00:00:00+00:00
[2026-07-01T09:15:16.637+0000] {processor.py:208} INFO - Processing /home/airflow/.local/lib/python3.12/site-packages/airflow/example_dags/example_branch_labels.py took 0.062 seconds
[2026-07-01T09:15:47.517+0000] {processor.py:186} INFO - Started process (PID=833) to work on /home/airflow/.local/lib/python3.12/site-packages/airflow/example_dags/example_branch_labels.py
[2026-07-01T09:15:47.518+0000] {processor.py:914} INFO - Processing file /home/airflow/.local/lib/python3.12/site-packages/airflow/example_dags/example_branch_labels.py for tasks to queue
[2026-07-01T09:15:47.520+0000] {logging_mixin.py:190} INFO - [2026-07-01T09:15:47.519+0000] {dagbag.py:587} INFO - Filling up the DagBag from /home/airflow/.local/lib/python3.12/site-packages/airflow/example_dags/example_branch_labels.py
[2026-07-01T09:15:47.527+0000] {processor.py:925} INFO - DAG(s) 'example_branch_labels' retrieved from /home/airflow/.local/lib/python3.12/site-packages/airflow/example_dags/example_branch_labels.py
[2026-07-01T09:15:47.545+0000] {logging_mixin.py:190} INFO - [2026-07-01T09:15:47.545+0000] {dag.py:3211} INFO - Sync 1 DAGs
[2026-07-01T09:15:47.564+0000] {logging_mixin.py:190} INFO - [2026-07-01T09:15:47.563+0000] {dag.py:4138} INFO - Setting next_dagrun for example_branch_labels to 2026-06-30 00:00:00+00:00, run_after=2026-07-01 00:00:00+00:00
[2026-07-01T09:15:47.577+0000] {processor.py:208} INFO - Processing /home/airflow/.local/lib/python3.12/site-packages/airflow/example_dags/example_branch_labels.py took 0.065 seconds
[2026-07-01T09:16:17.798+0000] {processor.py:186} INFO - Started process (PID=895) to work on /home/airflow/.local/lib/python3.12/site-packages/airflow/example_dags/example_branch_labels.py
[2026-07-01T09:16:17.799+0000] {processor.py:914} INFO - Processing file /home/airflow/.local/lib/python3.12/site-packages/airflow/example_dags/example_branch_labels.py for tasks to queue
[2026-07-01T09:16:17.801+0000] {logging_mixin.py:190} INFO - [2026-07-01T09:16:17.801+0000] {dagbag.py:587} INFO - Filling up the DagBag from /home/airflow/.local/lib/python3.12/site-packages/airflow/example_dags/example_branch_labels.py
[2026-07-01T09:16:17.809+0000] {processor.py:925} INFO - DAG(s) 'example_branch_labels' retrieved from /home/airflow/.local/lib/python3.12/site-packages/airflow/example_dags/example_branch_labels.py
[2026-07-01T09:16:17.826+0000] {logging_mixin.py:190} INFO - [2026-07-01T09:16:17.826+0000] {dag.py:3211} INFO - Sync 1 DAGs
[2026-07-01T09:16:17.847+0000] {logging_mixin.py:190} INFO - [2026-07-01T09:16:17.846+0000] {dag.py:4138} INFO - Setting next_dagrun for example_branch_labels to 2026-06-30 00:00:00+00:00, run_after=2026-07-01 00:00:00+00:00
[2026-07-01T09:16:17.862+0000] {processor.py:208} INFO - Processing /home/airflow/.local/lib/python3.12/site-packages/airflow/example_dags/example_branch_labels.py took 0.069 seconds
[2026-07-01T09:16:47.995+0000] {processor.py:186} INFO - Started process (PID=957) to work on /home/airflow/.local/lib/python3.12/site-packages/airflow/example_dags/example_branch_labels.py
[2026-07-01T09:16:47.996+0000] {processor.py:914} INFO - Processing file /home/airflow/.local/lib/python3.12/site-packages/airflow/example_dags/example_branch_labels.py for tasks to queue
[2026-07-01T09:16:47.998+0000] {logging_mixin.py:190} INFO - [2026-07-01T09:16:47.997+0000] {dagbag.py:587} INFO - Filling up the DagBag from /home/airflow/.local/lib/python3.12/site-packages/airflow/example_dags/example_branch_labels.py
[2026-07-01T09:16:48.005+0000] {processor.py:925} INFO - DAG(s) 'example_branch_labels' retrieved from /home/airflow/.local/lib/python3.12/site-packages/airflow/example_dags/example_branch_labels.py
[2026-07-01T09:16:48.019+0000] {logging_mixin.py:190} INFO - [2026-07-01T09:16:48.019+0000] {dag.py:3211} INFO - Sync 1 DAGs
[2026-07-01T09:16:48.035+0000] {logging_mixin.py:190} INFO - [2026-07-01T09:16:48.035+0000] {dag.py:4138} INFO - Setting next_dagrun for example_branch_labels to 2026-06-30 00:00:00+00:00, run_after=2026-07-01 00:00:00+00:00
[2026-07-01T09:16:48.046+0000] {processor.py:208} INFO - Processing /home/airflow/.local/lib/python3.12/site-packages/airflow/example_dags/example_branch_labels.py took 0.056 seconds
[2026-07-01T09:17:18.442+0000] {processor.py:186} INFO - Started process (PID=1019) to work on /home/airflow/.local/lib/python3.12/site-packages/airflow/example_dags/example_branch_labels.py
[2026-07-01T09:17:18.443+0000] {processor.py:914} INFO - Processing file /home/airflow/.local/lib/python3.12/site-packages/airflow/example_dags/example_branch_labels.py for tasks to queue
[2026-07-01T09:17:18.445+0000] {logging_mixin.py:190} INFO - [2026-07-01T09:17:18.445+0000] {dagbag.py:587} INFO - Filling up the DagBag from /home/airflow/.local/lib/python3.12/site-packages/airflow/example_dags/example_branch_labels.py
[2026-07-01T09:17:18.454+0000] {processor.py:925} INFO - DAG(s) 'example_branch_labels' retrieved from /home/airflow/.local/lib/python3.12/site-packages/airflow/example_dags/example_branch_labels.py
[2026-07-01T09:17:18.475+0000] {logging_mixin.py:190} INFO - [2026-07-01T09:17:18.474+0000] {dag.py:3211} INFO - Sync 1 DAGs
[2026-07-01T09:17:18.493+0000] {logging_mixin.py:190} INFO - [2026-07-01T09:17:18.493+0000] {dag.py:4138} INFO - Setting next_dagrun for example_branch_labels to 2026-06-30 00:00:00+00:00, run_after=2026-07-01 00:00:00+00:00
[2026-07-01T09:17:18.508+0000] {processor.py:208} INFO - Processing /home/airflow/.local/lib/python3.12/site-packages/airflow/example_dags/example_branch_labels.py took 0.072 seconds
[2026-07-01T09:17:48.751+0000] {processor.py:186} INFO - Started process (PID=1081) to work on /home/airflow/.local/lib/python3.12/site-packages/airflow/example_dags/example_branch_labels.py
[2026-07-01T09:17:48.753+0000] {processor.py:914} INFO - Processing file /home/airflow/.local/lib/python3.12/site-packages/airflow/example_dags/example_branch_labels.py for tasks to queue
[2026-07-01T09:17:48.755+0000] {logging_mixin.py:190} INFO - [2026-07-01T09:17:48.755+0000] {dagbag.py:587} INFO - Filling up the DagBag from /home/airflow/.local/lib/python3.12/site-packages/airflow/example_dags/example_branch_labels.py
[2026-07-01T09:17:48.765+0000] {processor.py:925} INFO - DAG(s) 'example_branch_labels' retrieved from /home/airflow/.local/lib/python3.12/site-packages/airflow/example_dags/example_branch_labels.py
[2026-07-01T09:17:48.786+0000] {logging_mixin.py:190} INFO - [2026-07-01T09:17:48.785+0000] {dag.py:3211} INFO - Sync 1 DAGs
[2026-07-01T09:17:48.809+0000] {logging_mixin.py:190} INFO - [2026-07-01T09:17:48.808+0000] {dag.py:4138} INFO - Setting next_dagrun for example_branch_labels to 2026-06-30 00:00:00+00:00, run_after=2026-07-01 00:00:00+00:00
[2026-07-01T09:17:48.827+0000] {processor.py:208} INFO - Processing /home/airflow/.local/lib/python3.12/site-packages/airflow/example_dags/example_branch_labels.py took 0.082 seconds
[2026-07-01T09:18:18.996+0000] {processor.py:186} INFO - Started process (PID=1143) to work on /home/airflow/.local/lib/python3.12/site-packages/airflow/example_dags/example_branch_labels.py
[2026-07-01T09:18:18.998+0000] {processor.py:914} INFO - Processing file /home/airflow/.local/lib/python3.12/site-packages/airflow/example_dags/example_branch_labels.py for tasks to queue
[2026-07-01T09:18:19.000+0000] {logging_mixin.py:190} INFO - [2026-07-01T09:18:19.000+0000] {dagbag.py:587} INFO - Filling up the DagBag from /home/airflow/.local/lib/python3.12/site-packages/airflow/example_dags/example_branch_labels.py
[2026-07-01T09:18:19.007+0000] {processor.py:925} INFO - DAG(s) 'example_branch_labels' retrieved from /home/airflow/.local/lib/python3.12/site-packages/airflow/example_dags/example_branch_labels.py
[2026-07-01T09:18:19.021+0000] {logging_mixin.py:190} INFO - [2026-07-01T09:18:19.021+0000] {dag.py:3211} INFO - Sync 1 DAGs
[2026-07-01T09:18:19.036+0000] {logging_mixin.py:190} INFO - [2026-07-01T09:18:19.036+0000] {dag.py:4138} INFO - Setting next_dagrun for example_branch_labels to 2026-06-30 00:00:00+00:00, run_after=2026-07-01 00:00:00+00:00
[2026-07-01T09:18:19.046+0000] {processor.py:208} INFO - Processing /home/airflow/.local/lib/python3.12/site-packages/airflow/example_dags/example_branch_labels.py took 0.056 seconds
[2026-07-01T09:18:49.227+0000] {processor.py:186} INFO - Started process (PID=1205) to work on /home/airflow/.local/lib/python3.12/site-packages/airflow/example_dags/example_branch_labels.py
[2026-07-01T09:18:49.229+0000] {processor.py:914} INFO - Processing file /home/airflow/.local/lib/python3.12/site-packages/airflow/example_dags/example_branch_labels.py for tasks to queue
[2026-07-01T09:18:49.231+0000] {logging_mixin.py:190} INFO - [2026-07-01T09:18:49.231+0000] {dagbag.py:587} INFO - Filling up the DagBag from /home/airflow/.local/lib/python3.12/site-packages/airflow/example_dags/example_branch_labels.py
[2026-07-01T09:18:49.239+0000] {processor.py:925} INFO - DAG(s) 'example_branch_labels' retrieved from /home/airflow/.local/lib/python3.12/site-packages/airflow/example_dags/example_branch_labels.py
[2026-07-01T09:18:49.255+0000] {logging_mixin.py:190} INFO - [2026-07-01T09:18:49.255+0000] {dag.py:3211} INFO - Sync 1 DAGs
[2026-07-01T09:18:49.273+0000] {logging_mixin.py:190} INFO - [2026-07-01T09:18:49.273+0000] {dag.py:4138} INFO - Setting next_dagrun for example_branch_labels to 2026-06-30 00:00:00+00:00, run_after=2026-07-01 00:00:00+00:00
[2026-07-01T09:18:49.286+0000] {processor.py:208} INFO - Processing /home/airflow/.local/lib/python3.12/site-packages/airflow/example_dags/example_branch_labels.py took 0.063 seconds
[2026-07-01T09:19:19.988+0000] {processor.py:186} INFO - Started process (PID=1267) to work on /home/airflow/.local/lib/python3.12/site-packages/airflow/example_dags/example_branch_labels.py
[2026-07-01T09:19:19.989+0000] {processor.py:914} INFO - Processing file /home/airflow/.local/lib/python3.12/site-packages/airflow/example_dags/example_branch_labels.py for tasks to queue
[2026-07-01T09:19:19.990+0000] {logging_mixin.py:190} INFO - [2026-07-01T09:19:19.990+0000] {dagbag.py:587} INFO - Filling up the DagBag from /home/airflow/.local/lib/python3.12/site-packages/airflow/example_dags/example_branch_labels.py
[2026-07-01T09:19:19.997+0000] {processor.py:925} INFO - DAG(s) 'example_branch_labels' retrieved from /home/airflow/.local/lib/python3.12/site-packages/airflow/example_dags/example_branch_labels.py
[2026-07-01T09:19:20.012+0000] {logging_mixin.py:190} INFO - [2026-07-01T09:19:20.012+0000] {dag.py:3211} INFO - Sync 1 DAGs
[2026-07-01T09:19:20.026+0000] {logging_mixin.py:190} INFO - [2026-07-01T09:19:20.026+0000] {dag.py:4138} INFO - Setting next_dagrun for example_branch_labels to 2026-06-30 00:00:00+00:00, run_after=2026-07-01 00:00:00+00:00
[2026-07-01T09:19:20.038+0000] {processor.py:208} INFO - Processing /home/airflow/.local/lib/python3.12/site-packages/airflow/example_dags/example_branch_labels.py took 0.054 seconds
[2026-07-01T09:19:50.727+0000] {processor.py:186} INFO - Started process (PID=1329) to work on /home/airflow/.local/lib/python3.12/site-packages/airflow/example_dags/example_branch_labels.py
[2026-07-01T09:19:50.728+0000] {processor.py:914} INFO - Processing file /home/airflow/.local/lib/python3.12/site-packages/airflow/example_dags/example_branch_labels.py for tasks to queue
[2026-07-01T09:19:50.730+0000] {logging_mixin.py:190} INFO - [2026-07-01T09:19:50.730+0000] {dagbag.py:587} INFO - Filling up the DagBag from /home/airflow/.local/lib/python3.12/site-packages/airflow/example_dags/example_branch_labels.py
[2026-07-01T09:19:50.737+0000] {processor.py:925} INFO - DAG(s) 'example_branch_labels' retrieved from /home/airflow/.local/lib/python3.12/site-packages/airflow/example_dags/example_branch_labels.py
[2026-07-01T09:19:50.754+0000] {logging_mixin.py:190} INFO - [2026-07-01T09:19:50.754+0000] {dag.py:3211} INFO - Sync 1 DAGs
[2026-07-01T09:19:50.773+0000] {logging_mixin.py:190} INFO - [2026-07-01T09:19:50.773+0000] {dag.py:4138} INFO - Setting next_dagrun for example_branch_labels to 2026-06-30 00:00:00+00:00, run_after=2026-07-01 00:00:00+00:00
[2026-07-01T09:19:50.785+0000] {processor.py:208} INFO - Processing /home/airflow/.local/lib/python3.12/site-packages/airflow/example_dags/example_branch_labels.py took 0.062 seconds
[2026-07-01T09:20:21.421+0000] {processor.py:186} INFO - Started process (PID=1391) to work on /home/airflow/.local/lib/python3.12/site-packages/airflow/example_dags/example_branch_labels.py
[2026-07-01T09:20:21.422+0000] {processor.py:914} INFO - Processing file /home/airflow/.local/lib/python3.12/site-packages/airflow/example_dags/example_branch_labels.py for tasks to queue
[2026-07-01T09:20:21.424+0000] {logging_mixin.py:190} INFO - [2026-07-01T09:20:21.424+0000] {dagbag.py:587} INFO - Filling up the DagBag from /home/airflow/.local/lib/python3.12/site-packages/airflow/example_dags/example_branch_labels.py
[2026-07-01T09:20:21.431+0000] {processor.py:925} INFO - DAG(s) 'example_branch_labels' retrieved from /home/airflow/.local/lib/python3.12/site-packages/airflow/example_dags/example_branch_labels.py
[2026-07-01T09:20:21.447+0000] {logging_mixin.py:190} INFO - [2026-07-01T09:20:21.446+0000] {dag.py:3211} INFO - Sync 1 DAGs
[2026-07-01T09:20:21.462+0000] {logging_mixin.py:190} INFO - [2026-07-01T09:20:21.462+0000] {dag.py:4138} INFO - Setting next_dagrun for example_branch_labels to 2026-06-30 00:00:00+00:00, run_after=2026-07-01 00:00:00+00:00
[2026-07-01T09:20:21.473+0000] {processor.py:208} INFO - Processing /home/airflow/.local/lib/python3.12/site-packages/airflow/example_dags/example_branch_labels.py took 0.057 seconds
[2026-07-01T09:20:52.267+0000] {processor.py:186} INFO - Started process (PID=1453) to work on /home/airflow/.local/lib/python3.12/site-packages/airflow/example_dags/example_branch_labels.py
[2026-07-01T09:20:52.268+0000] {processor.py:914} INFO - Processing file /home/airflow/.local/lib/python3.12/site-packages/airflow/example_dags/example_branch_labels.py for tasks to queue
[2026-07-01T09:20:52.270+0000] {logging_mixin.py:190} INFO - [2026-07-01T09:20:52.270+0000] {dagbag.py:587} INFO - Filling up the DagBag from /home/airflow/.local/lib/python3.12/site-packages/airflow/example_dags/example_branch_labels.py
[2026-07-01T09:20:52.277+0000] {processor.py:925} INFO - DAG(s) 'example_branch_labels' retrieved from /home/airflow/.local/lib/python3.12/site-packages/airflow/example_dags/example_branch_labels.py
[2026-07-01T09:20:52.291+0000] {logging_mixin.py:190} INFO - [2026-07-01T09:20:52.291+0000] {dag.py:3211} INFO - Sync 1 DAGs
[2026-07-01T09:20:52.307+0000] {logging_mixin.py:190} INFO - [2026-07-01T09:20:52.307+0000] {dag.py:4138} INFO - Setting next_dagrun for example_branch_labels to 2026-06-30 00:00:00+00:00, run_after=2026-07-01 00:00:00+00:00
[2026-07-01T09:20:52.318+0000] {processor.py:208} INFO - Processing /home/airflow/.local/lib/python3.12/site-packages/airflow/example_dags/example_branch_labels.py took 0.056 seconds
[2026-07-01T09:21:22.424+0000] {processor.py:186} INFO - Started process (PID=1515) to work on /home/airflow/.local/lib/python3.12/site-packages/airflow/example_dags/example_branch_labels.py
[2026-07-01T09:21:22.425+0000] {processor.py:914} INFO - Processing file /home/airflow/.local/lib/python3.12/site-packages/airflow/example_dags/example_branch_labels.py for tasks to queue
[2026-07-01T09:21:22.427+0000] {logging_mixin.py:190} INFO - [2026-07-01T09:21:22.427+0000] {dagbag.py:587} INFO - Filling up the DagBag from /home/airflow/.local/lib/python3.12/site-packages/airflow/example_dags/example_branch_labels.py
[2026-07-01T09:21:22.436+0000] {processor.py:925} INFO - DAG(s) 'example_branch_labels' retrieved from /home/airflow/.local/lib/python3.12/site-packages/airflow/example_dags/example_branch_labels.py
[2026-07-01T09:21:22.454+0000] {logging_mixin.py:190} INFO - [2026-07-01T09:21:22.454+0000] {dag.py:3211} INFO - Sync 1 DAGs
[2026-07-01T09:21:22.474+0000] {logging_mixin.py:190} INFO - [2026-07-01T09:21:22.474+0000] {dag.py:4138} INFO - Setting next_dagrun for example_branch_labels to 2026-06-30 00:00:00+00:00, run_after=2026-07-01 00:00:00+00:00
[2026-07-01T09:21:22.489+0000] {processor.py:208} INFO - Processing /home/airflow/.local/lib/python3.12/site-packages/airflow/example_dags/example_branch_labels.py took 0.071 seconds
[2026-07-01T09:21:52.659+0000] {processor.py:186} INFO - Started process (PID=1577) to work on /home/airflow/.local/lib/python3.12/site-packages/airflow/example_dags/example_branch_labels.py
[2026-07-01T09:21:52.660+0000] {processor.py:914} INFO - Processing file /home/airflow/.local/lib/python3.12/site-packages/airflow/example_dags/example_branch_labels.py for tasks to queue
[2026-07-01T09:21:52.662+0000] {logging_mixin.py:190} INFO - [2026-07-01T09:21:52.662+0000] {dagbag.py:587} INFO - Filling up the DagBag from /home/airflow/.local/lib/python3.12/site-packages/airflow/example_dags/example_branch_labels.py
[2026-07-01T09:21:52.669+0000] {processor.py:925} INFO - DAG(s) 'example_branch_labels' retrieved from /home/airflow/.local/lib/python3.12/site-packages/airflow/example_dags/example_branch_labels.py
[2026-07-01T09:21:52.686+0000] {logging_mixin.py:190} INFO - [2026-07-01T09:21:52.686+0000] {dag.py:3211} INFO - Sync 1 DAGs
[2026-07-01T09:21:52.702+0000] {logging_mixin.py:190} INFO - [2026-07-01T09:21:52.702+0000] {dag.py:4138} INFO - Setting next_dagrun for example_branch_labels to 2026-06-30 00:00:00+00:00, run_after=2026-07-01 00:00:00+00:00
[2026-07-01T09:21:52.716+0000] {processor.py:208} INFO - Processing /home/airflow/.local/lib/python3.12/site-packages/airflow/example_dags/example_branch_labels.py took 0.061 seconds
[2026-07-01T09:22:23.045+0000] {processor.py:186} INFO - Started process (PID=1639) to work on /home/airflow/.local/lib/python3.12/site-packages/airflow/example_dags/example_branch_labels.py
[2026-07-01T09:22:23.046+0000] {processor.py:914} INFO - Processing file /home/airflow/.local/lib/python3.12/site-packages/airflow/example_dags/example_branch_labels.py for tasks to queue
[2026-07-01T09:22:23.048+0000] {logging_mixin.py:190} INFO - [2026-07-01T09:22:23.048+0000] {dagbag.py:587} INFO - Filling up the DagBag from /home/airflow/.local/lib/python3.12/site-packages/airflow/example_dags/example_branch_labels.py
[2026-07-01T09:22:23.056+0000] {processor.py:925} INFO - DAG(s) 'example_branch_labels' retrieved from /home/airflow/.local/lib/python3.12/site-packages/airflow/example_dags/example_branch_labels.py
[2026-07-01T09:22:23.075+0000] {logging_mixin.py:190} INFO - [2026-07-01T09:22:23.074+0000] {dag.py:3211} INFO - Sync 1 DAGs
[2026-07-01T09:22:23.096+0000] {logging_mixin.py:190} INFO - [2026-07-01T09:22:23.096+0000] {dag.py:4138} INFO - Setting next_dagrun for example_branch_labels to 2026-06-30 00:00:00+00:00, run_after=2026-07-01 00:00:00+00:00
[2026-07-01T09:22:23.110+0000] {processor.py:208} INFO - Processing /home/airflow/.local/lib/python3.12/site-packages/airflow/example_dags/example_branch_labels.py took 0.071 seconds
[2026-07-01T09:22:53.996+0000] {processor.py:186} INFO - Started process (PID=1701) to work on /home/airflow/.local/lib/python3.12/site-packages/airflow/example_dags/example_branch_labels.py
[2026-07-01T09:22:53.998+0000] {processor.py:914} INFO - Processing file /home/airflow/.local/lib/python3.12/site-packages/airflow/example_dags/example_branch_labels.py for tasks to queue
[2026-07-01T09:22:54.000+0000] {logging_mixin.py:190} INFO - [2026-07-01T09:22:54.000+0000] {dagbag.py:587} INFO - Filling up the DagBag from /home/airflow/.local/lib/python3.12/site-packages/airflow/example_dags/example_branch_labels.py
[2026-07-01T09:22:54.010+0000] {processor.py:925} INFO - DAG(s) 'example_branch_labels' retrieved from /home/airflow/.local/lib/python3.12/site-packages/airflow/example_dags/example_branch_labels.py
[2026-07-01T09:22:54.028+0000] {logging_mixin.py:190} INFO - [2026-07-01T09:22:54.028+0000] {dag.py:3211} INFO - Sync 1 DAGs
[2026-07-01T09:22:54.049+0000] {logging_mixin.py:190} INFO - [2026-07-01T09:22:54.049+0000] {dag.py:4138} INFO - Setting next_dagrun for example_branch_labels to 2026-06-30 00:00:00+00:00, run_after=2026-07-01 00:00:00+00:00
[2026-07-01T09:22:54.064+0000] {processor.py:208} INFO - Processing /home/airflow/.local/lib/python3.12/site-packages/airflow/example_dags/example_branch_labels.py took 0.074 seconds
[2026-07-01T09:23:24.333+0000] {processor.py:186} INFO - Started process (PID=1763) to work on /home/airflow/.local/lib/python3.12/site-packages/airflow/example_dags/example_branch_labels.py
[2026-07-01T09:23:24.334+0000] {processor.py:914} INFO - Processing file /home/airflow/.local/lib/python3.12/site-packages/airflow/example_dags/example_branch_labels.py for tasks to queue
[2026-07-01T09:23:24.336+0000] {logging_mixin.py:190} INFO - [2026-07-01T09:23:24.336+0000] {dagbag.py:587} INFO - Filling up the DagBag from /home/airflow/.local/lib/python3.12/site-packages/airflow/example_dags/example_branch_labels.py
[2026-07-01T09:23:24.342+0000] {processor.py:925} INFO - DAG(s) 'example_branch_labels' retrieved from /home/airflow/.local/lib/python3.12/site-packages/airflow/example_dags/example_branch_labels.py
[2026-07-01T09:23:24.356+0000] {logging_mixin.py:190} INFO - [2026-07-01T09:23:24.356+0000] {dag.py:3211} INFO - Sync 1 DAGs
[2026-07-01T09:23:24.371+0000] {logging_mixin.py:190} INFO - [2026-07-01T09:23:24.371+0000] {dag.py:4138} INFO - Setting next_dagrun for example_branch_labels to 2026-06-30 00:00:00+00:00, run_after=2026-07-01 00:00:00+00:00
[2026-07-01T09:23:24.382+0000] {processor.py:208} INFO - Processing /home/airflow/.local/lib/python3.12/site-packages/airflow/example_dags/example_branch_labels.py took 0.053 seconds
[2026-07-01T09:23:54.677+0000] {processor.py:186} INFO - Started process (PID=1825) to work on /home/airflow/.local/lib/python3.12/site-packages/airflow/example_dags/example_branch_labels.py
[2026-07-01T09:23:54.677+0000] {processor.py:914} INFO - Processing file /home/airflow/.local/lib/python3.12/site-packages/airflow/example_dags/example_branch_labels.py for tasks to queue
[2026-07-01T09:23:54.679+0000] {logging_mixin.py:190} INFO - [2026-07-01T09:23:54.679+0000] {dagbag.py:587} INFO - Filling up the DagBag from /home/airflow/.local/lib/python3.12/site-packages/airflow/example_dags/example_branch_labels.py
[2026-07-01T09:23:54.686+0000] {processor.py:925} INFO - DAG(s) 'example_branch_labels' retrieved from /home/airflow/.local/lib/python3.12/site-packages/airflow/example_dags/example_branch_labels.py
[2026-07-01T09:23:54.700+0000] {logging_mixin.py:190} INFO - [2026-07-01T09:23:54.700+0000] {dag.py:3211} INFO - Sync 1 DAGs
[2026-07-01T09:23:54.714+0000] {logging_mixin.py:190} INFO - [2026-07-01T09:23:54.714+0000] {dag.py:4138} INFO - Setting next_dagrun for example_branch_labels to 2026-06-30 00:00:00+00:00, run_after=2026-07-01 00:00:00+00:00
[2026-07-01T09:23:54.725+0000] {processor.py:208} INFO - Processing /home/airflow/.local/lib/python3.12/site-packages/airflow/example_dags/example_branch_labels.py took 0.053 seconds
[2026-07-01T09:24:24.985+0000] {processor.py:186} INFO - Started process (PID=1887) to work on /home/airflow/.local/lib/python3.12/site-packages/airflow/example_dags/example_branch_labels.py
[2026-07-01T09:24:24.986+0000] {processor.py:914} INFO - Processing file /home/airflow/.local/lib/python3.12/site-packages/airflow/example_dags/example_branch_labels.py for tasks to queue
[2026-07-01T09:24:24.988+0000] {logging_mixin.py:190} INFO - [2026-07-01T09:24:24.988+0000] {dagbag.py:587} INFO - Filling up the DagBag from /home/airflow/.local/lib/python3.12/site-packages/airflow/example_dags/example_branch_labels.py
[2026-07-01T09:24:24.994+0000] {processor.py:925} INFO - DAG(s) 'example_branch_labels' retrieved from /home/airflow/.local/lib/python3.12/site-packages/airflow/example_dags/example_branch_labels.py
[2026-07-01T09:24:25.009+0000] {logging_mixin.py:190} INFO - [2026-07-01T09:24:25.009+0000] {dag.py:3211} INFO - Sync 1 DAGs
[2026-07-01T09:24:25.025+0000] {logging_mixin.py:190} INFO - [2026-07-01T09:24:25.025+0000] {dag.py:4138} INFO - Setting next_dagrun for example_branch_labels to 2026-06-30 00:00:00+00:00, run_after=2026-07-01 00:00:00+00:00
[2026-07-01T09:24:25.038+0000] {processor.py:208} INFO - Processing /home/airflow/.local/lib/python3.12/site-packages/airflow/example_dags/example_branch_labels.py took 0.058 seconds
[2026-07-01T09:24:55.119+0000] {processor.py:186} INFO - Started process (PID=1949) to work on /home/airflow/.local/lib/python3.12/site-packages/airflow/example_dags/example_branch_labels.py
[2026-07-01T09:24:55.121+0000] {processor.py:914} INFO - Processing file /home/airflow/.local/lib/python3.12/site-packages/airflow/example_dags/example_branch_labels.py for tasks to queue
[2026-07-01T09:24:55.123+0000] {logging_mixin.py:190} INFO - [2026-07-01T09:24:55.123+0000] {dagbag.py:587} INFO - Filling up the DagBag from /home/airflow/.local/lib/python3.12/site-packages/airflow/example_dags/example_branch_labels.py
[2026-07-01T09:24:55.132+0000] {processor.py:925} INFO - DAG(s) 'example_branch_labels' retrieved from /home/airflow/.local/lib/python3.12/site-packages/airflow/example_dags/example_branch_labels.py
[2026-07-01T09:24:55.148+0000] {logging_mixin.py:190} INFO - [2026-07-01T09:24:55.148+0000] {dag.py:3211} INFO - Sync 1 DAGs
[2026-07-01T09:24:55.163+0000] {logging_mixin.py:190} INFO - [2026-07-01T09:24:55.163+0000] {dag.py:4138} INFO - Setting next_dagrun for example_branch_labels to 2026-06-30 00:00:00+00:00, run_after=2026-07-01 00:00:00+00:00
[2026-07-01T09:24:55.175+0000] {processor.py:208} INFO - Processing /home/airflow/.local/lib/python3.12/site-packages/airflow/example_dags/example_branch_labels.py took 0.062 seconds
[2026-07-01T09:25:25.439+0000] {processor.py:186} INFO - Started process (PID=2011) to work on /home/airflow/.local/lib/python3.12/site-packages/airflow/example_dags/example_branch_labels.py
[2026-07-01T09:25:25.440+0000] {processor.py:914} INFO - Processing file /home/airflow/.local/lib/python3.12/site-packages/airflow/example_dags/example_branch_labels.py for tasks to queue
[2026-07-01T09:25:25.442+0000] {logging_mixin.py:190} INFO - [2026-07-01T09:25:25.442+0000] {dagbag.py:587} INFO - Filling up the DagBag from /home/airflow/.local/lib/python3.12/site-packages/airflow/example_dags/example_branch_labels.py
[2026-07-01T09:25:25.449+0000] {processor.py:925} INFO - DAG(s) 'example_branch_labels' retrieved from /home/airflow/.local/lib/python3.12/site-packages/airflow/example_dags/example_branch_labels.py
[2026-07-01T09:25:25.463+0000] {logging_mixin.py:190} INFO - [2026-07-01T09:25:25.463+0000] {dag.py:3211} INFO - Sync 1 DAGs
[2026-07-01T09:25:25.478+0000] {logging_mixin.py:190} INFO - [2026-07-01T09:25:25.478+0000] {dag.py:4138} INFO - Setting next_dagrun for example_branch_labels to 2026-06-30 00:00:00+00:00, run_after=2026-07-01 00:00:00+00:00
[2026-07-01T09:25:25.490+0000] {processor.py:208} INFO - Processing /home/airflow/.local/lib/python3.12/site-packages/airflow/example_dags/example_branch_labels.py took 0.055 seconds
[2026-07-01T09:30:08.088+0000] {processor.py:186} INFO - Started process (PID=2067) to work on /home/airflow/.local/lib/python3.12/site-packages/airflow/example_dags/example_branch_labels.py
[2026-07-01T09:30:08.090+0000] {processor.py:914} INFO - Processing file /home/airflow/.local/lib/python3.12/site-packages/airflow/example_dags/example_branch_labels.py for tasks to queue
[2026-07-01T09:30:08.092+0000] {logging_mixin.py:190} INFO - [2026-07-01T09:30:08.092+0000] {dagbag.py:587} INFO - Filling up the DagBag from /home/airflow/.local/lib/python3.12/site-packages/airflow/example_dags/example_branch_labels.py
[2026-07-01T09:30:08.101+0000] {processor.py:925} INFO - DAG(s) 'example_branch_labels' retrieved from /home/airflow/.local/lib/python3.12/site-packages/airflow/example_dags/example_branch_labels.py
[2026-07-01T09:30:08.116+0000] {logging_mixin.py:190} INFO - [2026-07-01T09:30:08.116+0000] {dag.py:3211} INFO - Sync 1 DAGs
[2026-07-01T09:30:08.134+0000] {logging_mixin.py:190} INFO - [2026-07-01T09:30:08.133+0000] {dag.py:4138} INFO - Setting next_dagrun for example_branch_labels to 2026-06-30 00:00:00+00:00, run_after=2026-07-01 00:00:00+00:00
[2026-07-01T09:30:08.148+0000] {processor.py:208} INFO - Processing /home/airflow/.local/lib/python3.12/site-packages/airflow/example_dags/example_branch_labels.py took 0.064 seconds
[2026-07-01T09:30:38.793+0000] {processor.py:186} INFO - Started process (PID=2129) to work on /home/airflow/.local/lib/python3.12/site-packages/airflow/example_dags/example_branch_labels.py
[2026-07-01T09:30:38.795+0000] {processor.py:914} INFO - Processing file /home/airflow/.local/lib/python3.12/site-packages/airflow/example_dags/example_branch_labels.py for tasks to queue
[2026-07-01T09:30:38.799+0000] {logging_mixin.py:190} INFO - [2026-07-01T09:30:38.798+0000] {dagbag.py:587} INFO - Filling up the DagBag from /home/airflow/.local/lib/python3.12/site-packages/airflow/example_dags/example_branch_labels.py
[2026-07-01T09:30:38.809+0000] {processor.py:925} INFO - DAG(s) 'example_branch_labels' retrieved from /home/airflow/.local/lib/python3.12/site-packages/airflow/example_dags/example_branch_labels.py
[2026-07-01T09:30:38.830+0000] {logging_mixin.py:190} INFO - [2026-07-01T09:30:38.829+0000] {dag.py:3211} INFO - Sync 1 DAGs
[2026-07-01T09:30:38.848+0000] {logging_mixin.py:190} INFO - [2026-07-01T09:30:38.848+0000] {dag.py:4138} INFO - Setting next_dagrun for example_branch_labels to 2026-06-30 00:00:00+00:00, run_after=2026-07-01 00:00:00+00:00
[2026-07-01T09:30:38.860+0000] {processor.py:208} INFO - Processing /home/airflow/.local/lib/python3.12/site-packages/airflow/example_dags/example_branch_labels.py took 0.074 seconds
[2026-07-01T09:31:09.146+0000] {processor.py:186} INFO - Started process (PID=2191) to work on /home/airflow/.local/lib/python3.12/site-packages/airflow/example_dags/example_branch_labels.py
[2026-07-01T09:31:09.147+0000] {processor.py:914} INFO - Processing file /home/airflow/.local/lib/python3.12/site-packages/airflow/example_dags/example_branch_labels.py for tasks to queue
[2026-07-01T09:31:09.149+0000] {logging_mixin.py:190} INFO - [2026-07-01T09:31:09.149+0000] {dagbag.py:587} INFO - Filling up the DagBag from /home/airflow/.local/lib/python3.12/site-packages/airflow/example_dags/example_branch_labels.py
[2026-07-01T09:31:09.157+0000] {processor.py:925} INFO - DAG(s) 'example_branch_labels' retrieved from /home/airflow/.local/lib/python3.12/site-packages/airflow/example_dags/example_branch_labels.py
[2026-07-01T09:31:09.173+0000] {logging_mixin.py:190} INFO - [2026-07-01T09:31:09.173+0000] {dag.py:3211} INFO - Sync 1 DAGs
[2026-07-01T09:31:09.190+0000] {logging_mixin.py:190} INFO - [2026-07-01T09:31:09.190+0000] {dag.py:4138} INFO - Setting next_dagrun for example_branch_labels to 2026-06-30 00:00:00+00:00, run_after=2026-07-01 00:00:00+00:00
[2026-07-01T09:31:09.204+0000] {processor.py:208} INFO - Processing /home/airflow/.local/lib/python3.12/site-packages/airflow/example_dags/example_branch_labels.py took 0.063 seconds
[2026-07-01T09:31:39.665+0000] {processor.py:186} INFO - Started process (PID=2253) to work on /home/airflow/.local/lib/python3.12/site-packages/airflow/example_dags/example_branch_labels.py
[2026-07-01T09:31:39.666+0000] {processor.py:914} INFO - Processing file /home/airflow/.local/lib/python3.12/site-packages/airflow/example_dags/example_branch_labels.py for tasks to queue
[2026-07-01T09:31:39.667+0000] {logging_mixin.py:190} INFO - [2026-07-01T09:31:39.667+0000] {dagbag.py:587} INFO - Filling up the DagBag from /home/airflow/.local/lib/python3.12/site-packages/airflow/example_dags/example_branch_labels.py
[2026-07-01T09:31:39.674+0000] {processor.py:925} INFO - DAG(s) 'example_branch_labels' retrieved from /home/airflow/.local/lib/python3.12/site-packages/airflow/example_dags/example_branch_labels.py
[2026-07-01T09:31:39.689+0000] {logging_mixin.py:190} INFO - [2026-07-01T09:31:39.689+0000] {dag.py:3211} INFO - Sync 1 DAGs
[2026-07-01T09:31:39.704+0000] {logging_mixin.py:190} INFO - [2026-07-01T09:31:39.704+0000] {dag.py:4138} INFO - Setting next_dagrun for example_branch_labels to 2026-06-30 00:00:00+00:00, run_after=2026-07-01 00:00:00+00:00
[2026-07-01T09:31:39.716+0000] {processor.py:208} INFO - Processing /home/airflow/.local/lib/python3.12/site-packages/airflow/example_dags/example_branch_labels.py took 0.055 seconds
[2026-07-01T09:32:10.044+0000] {processor.py:186} INFO - Started process (PID=2315) to work on /home/airflow/.local/lib/python3.12/site-packages/airflow/example_dags/example_branch_labels.py
[2026-07-01T09:32:10.045+0000] {processor.py:914} INFO - Processing file /home/airflow/.local/lib/python3.12/site-packages/airflow/example_dags/example_branch_labels.py for tasks to queue
[2026-07-01T09:32:10.047+0000] {logging_mixin.py:190} INFO - [2026-07-01T09:32:10.047+0000] {dagbag.py:587} INFO - Filling up the DagBag from /home/airflow/.local/lib/python3.12/site-packages/airflow/example_dags/example_branch_labels.py
[2026-07-01T09:32:10.054+0000] {processor.py:925} INFO - DAG(s) 'example_branch_labels' retrieved from /home/airflow/.local/lib/python3.12/site-packages/airflow/example_dags/example_branch_labels.py
[2026-07-01T09:32:10.071+0000] {logging_mixin.py:190} INFO - [2026-07-01T09:32:10.071+0000] {dag.py:3211} INFO - Sync 1 DAGs
[2026-07-01T09:32:10.091+0000] {logging_mixin.py:190} INFO - [2026-07-01T09:32:10.091+0000] {dag.py:4138} INFO - Setting next_dagrun for example_branch_labels to 2026-06-30 00:00:00+00:00, run_after=2026-07-01 00:00:00+00:00
[2026-07-01T09:32:10.104+0000] {processor.py:208} INFO - Processing /home/airflow/.local/lib/python3.12/site-packages/airflow/example_dags/example_branch_labels.py took 0.065 seconds
[2026-07-01T09:32:40.511+0000] {processor.py:186} INFO - Started process (PID=2377) to work on /home/airflow/.local/lib/python3.12/site-packages/airflow/example_dags/example_branch_labels.py
[2026-07-01T09:32:40.512+0000] {processor.py:914} INFO - Processing file /home/airflow/.local/lib/python3.12/site-packages/airflow/example_dags/example_branch_labels.py for tasks to queue
[2026-07-01T09:32:40.515+0000] {logging_mixin.py:190} INFO - [2026-07-01T09:32:40.514+0000] {dagbag.py:587} INFO - Filling up the DagBag from /home/airflow/.local/lib/python3.12/site-packages/airflow/example_dags/example_branch_labels.py
[2026-07-01T09:32:40.523+0000] {processor.py:925} INFO - DAG(s) 'example_branch_labels' retrieved from /home/airflow/.local/lib/python3.12/site-packages/airflow/example_dags/example_branch_labels.py
[2026-07-01T09:32:40.543+0000] {logging_mixin.py:190} INFO - [2026-07-01T09:32:40.543+0000] {dag.py:3211} INFO - Sync 1 DAGs
[2026-07-01T09:32:40.569+0000] {logging_mixin.py:190} INFO - [2026-07-01T09:32:40.569+0000] {dag.py:4138} INFO - Setting next_dagrun for example_branch_labels to 2026-06-30 00:00:00+00:00, run_after=2026-07-01 00:00:00+00:00
[2026-07-01T09:32:40.584+0000] {processor.py:208} INFO - Processing /home/airflow/.local/lib/python3.12/site-packages/airflow/example_dags/example_branch_labels.py took 0.077 seconds
[2026-07-01T09:33:11.075+0000] {processor.py:186} INFO - Started process (PID=2439) to work on /home/airflow/.local/lib/python3.12/site-packages/airflow/example_dags/example_branch_labels.py
[2026-07-01T09:33:11.076+0000] {processor.py:914} INFO - Processing file /home/airflow/.local/lib/python3.12/site-packages/airflow/example_dags/example_branch_labels.py for tasks to queue
[2026-07-01T09:33:11.079+0000] {logging_mixin.py:190} INFO - [2026-07-01T09:33:11.079+0000] {dagbag.py:587} INFO - Filling up the DagBag from /home/airflow/.local/lib/python3.12/site-packages/airflow/example_dags/example_branch_labels.py
[2026-07-01T09:33:11.089+0000] {processor.py:925} INFO - DAG(s) 'example_branch_labels' retrieved from /home/airflow/.local/lib/python3.12/site-packages/airflow/example_dags/example_branch_labels.py
[2026-07-01T09:33:11.111+0000] {logging_mixin.py:190} INFO - [2026-07-01T09:33:11.110+0000] {dag.py:3211} INFO - Sync 1 DAGs
[2026-07-01T09:33:11.133+0000] {logging_mixin.py:190} INFO - [2026-07-01T09:33:11.133+0000] {dag.py:4138} INFO - Setting next_dagrun for example_branch_labels to 2026-06-30 00:00:00+00:00, run_after=2026-07-01 00:00:00+00:00
[2026-07-01T09:33:11.155+0000] {processor.py:208} INFO - Processing /home/airflow/.local/lib/python3.12/site-packages/airflow/example_dags/example_branch_labels.py took 0.085 seconds
[2026-07-01T09:33:41.646+0000] {processor.py:186} INFO - Started process (PID=2501) to work on /home/airflow/.local/lib/python3.12/site-packages/airflow/example_dags/example_branch_labels.py
[2026-07-01T09:33:41.647+0000] {processor.py:914} INFO - Processing file /home/airflow/.local/lib/python3.12/site-packages/airflow/example_dags/example_branch_labels.py for tasks to queue
[2026-07-01T09:33:41.649+0000] {logging_mixin.py:190} INFO - [2026-07-01T09:33:41.649+0000] {dagbag.py:587} INFO - Filling up the DagBag from /home/airflow/.local/lib/python3.12/site-packages/airflow/example_dags/example_branch_labels.py
[2026-07-01T09:33:41.657+0000] {processor.py:925} INFO - DAG(s) 'example_branch_labels' retrieved from /home/airflow/.local/lib/python3.12/site-packages/airflow/example_dags/example_branch_labels.py
[2026-07-01T09:33:41.673+0000] {logging_mixin.py:190} INFO - [2026-07-01T09:33:41.673+0000] {dag.py:3211} INFO - Sync 1 DAGs
[2026-07-01T09:33:41.689+0000] {logging_mixin.py:190} INFO - [2026-07-01T09:33:41.689+0000] {dag.py:4138} INFO - Setting next_dagrun for example_branch_labels to 2026-06-30 00:00:00+00:00, run_after=2026-07-01 00:00:00+00:00
[2026-07-01T09:33:41.703+0000] {processor.py:208} INFO - Processing /home/airflow/.local/lib/python3.12/site-packages/airflow/example_dags/example_branch_labels.py took 0.061 seconds
[2026-07-01T09:34:12.649+0000] {processor.py:186} INFO - Started process (PID=2563) to work on /home/airflow/.local/lib/python3.12/site-packages/airflow/example_dags/example_branch_labels.py
[2026-07-01T09:34:12.650+0000] {processor.py:914} INFO - Processing file /home/airflow/.local/lib/python3.12/site-packages/airflow/example_dags/example_branch_labels.py for tasks to queue
[2026-07-01T09:34:12.652+0000] {logging_mixin.py:190} INFO - [2026-07-01T09:34:12.652+0000] {dagbag.py:587} INFO - Filling up the DagBag from /home/airflow/.local/lib/python3.12/site-packages/airflow/example_dags/example_branch_labels.py
[2026-07-01T09:34:12.662+0000] {processor.py:925} INFO - DAG(s) 'example_branch_labels' retrieved from /home/airflow/.local/lib/python3.12/site-packages/airflow/example_dags/example_branch_labels.py
[2026-07-01T09:34:12.678+0000] {logging_mixin.py:190} INFO - [2026-07-01T09:34:12.678+0000] {dag.py:3211} INFO - Sync 1 DAGs
[2026-07-01T09:34:12.695+0000] {logging_mixin.py:190} INFO - [2026-07-01T09:34:12.695+0000] {dag.py:4138} INFO - Setting next_dagrun for example_branch_labels to 2026-06-30 00:00:00+00:00, run_after=2026-07-01 00:00:00+00:00
[2026-07-01T09:34:12.710+0000] {processor.py:208} INFO - Processing /home/airflow/.local/lib/python3.12/site-packages/airflow/example_dags/example_branch_labels.py took 0.066 seconds
[2026-07-01T09:34:43.563+0000] {processor.py:186} INFO - Started process (PID=2625) to work on /home/airflow/.local/lib/python3.12/site-packages/airflow/example_dags/example_branch_labels.py
[2026-07-01T09:34:43.564+0000] {processor.py:914} INFO - Processing file /home/airflow/.local/lib/python3.12/site-packages/airflow/example_dags/example_branch_labels.py for tasks to queue
[2026-07-01T09:34:43.566+0000] {logging_mixin.py:190} INFO - [2026-07-01T09:34:43.565+0000] {dagbag.py:587} INFO - Filling up the DagBag from /home/airflow/.local/lib/python3.12/site-packages/airflow/example_dags/example_branch_labels.py
[2026-07-01T09:34:43.573+0000] {processor.py:925} INFO - DAG(s) 'example_branch_labels' retrieved from /home/airflow/.local/lib/python3.12/site-packages/airflow/example_dags/example_branch_labels.py
[2026-07-01T09:34:43.587+0000] {logging_mixin.py:190} INFO - [2026-07-01T09:34:43.587+0000] {dag.py:3211} INFO - Sync 1 DAGs
[2026-07-01T09:34:43.603+0000] {logging_mixin.py:190} INFO - [2026-07-01T09:34:43.603+0000] {dag.py:4138} INFO - Setting next_dagrun for example_branch_labels to 2026-06-30 00:00:00+00:00, run_after=2026-07-01 00:00:00+00:00
[2026-07-01T09:34:43.615+0000] {processor.py:208} INFO - Processing /home/airflow/.local/lib/python3.12/site-packages/airflow/example_dags/example_branch_labels.py took 0.057 seconds
[2026-07-01T09:35:14.132+0000] {processor.py:186} INFO - Started process (PID=2687) to work on /home/airflow/.local/lib/python3.12/site-packages/airflow/example_dags/example_branch_labels.py
[2026-07-01T09:35:14.133+0000] {processor.py:914} INFO - Processing file /home/airflow/.local/lib/python3.12/site-packages/airflow/example_dags/example_branch_labels.py for tasks to queue
[2026-07-01T09:35:14.136+0000] {logging_mixin.py:190} INFO - [2026-07-01T09:35:14.135+0000] {dagbag.py:587} INFO - Filling up the DagBag from /home/airflow/.local/lib/python3.12/site-packages/airflow/example_dags/example_branch_labels.py
[2026-07-01T09:35:14.143+0000] {processor.py:925} INFO - DAG(s) 'example_branch_labels' retrieved from /home/airflow/.local/lib/python3.12/site-packages/airflow/example_dags/example_branch_labels.py
[2026-07-01T09:35:14.159+0000] {logging_mixin.py:190} INFO - [2026-07-01T09:35:14.159+0000] {dag.py:3211} INFO - Sync 1 DAGs
[2026-07-01T09:35:14.174+0000] {logging_mixin.py:190} INFO - [2026-07-01T09:35:14.174+0000] {dag.py:4138} INFO - Setting next_dagrun for example_branch_labels to 2026-06-30 00:00:00+00:00, run_after=2026-07-01 00:00:00+00:00
[2026-07-01T09:35:14.186+0000] {processor.py:208} INFO - Processing /home/airflow/.local/lib/python3.12/site-packages/airflow/example_dags/example_branch_labels.py took 0.058 seconds
[2026-07-01T09:35:44.812+0000] {processor.py:186} INFO - Started process (PID=2749) to work on /home/airflow/.local/lib/python3.12/site-packages/airflow/example_dags/example_branch_labels.py
[2026-07-01T09:35:44.813+0000] {processor.py:914} INFO - Processing file /home/airflow/.local/lib/python3.12/site-packages/airflow/example_dags/example_branch_labels.py for tasks to queue
[2026-07-01T09:35:44.815+0000] {logging_mixin.py:190} INFO - [2026-07-01T09:35:44.815+0000] {dagbag.py:587} INFO - Filling up the DagBag from /home/airflow/.local/lib/python3.12/site-packages/airflow/example_dags/example_branch_labels.py
[2026-07-01T09:35:44.824+0000] {processor.py:925} INFO - DAG(s) 'example_branch_labels' retrieved from /home/airflow/.local/lib/python3.12/site-packages/airflow/example_dags/example_branch_labels.py
[2026-07-01T09:35:44.842+0000] {logging_mixin.py:190} INFO - [2026-07-01T09:35:44.842+0000] {dag.py:3211} INFO - Sync 1 DAGs
[2026-07-01T09:35:44.861+0000] {logging_mixin.py:190} INFO - [2026-07-01T09:35:44.861+0000] {dag.py:4138} INFO - Setting next_dagrun for example_branch_labels to 2026-06-30 00:00:00+00:00, run_after=2026-07-01 00:00:00+00:00
[2026-07-01T09:35:44.877+0000] {processor.py:208} INFO - Processing /home/airflow/.local/lib/python3.12/site-packages/airflow/example_dags/example_branch_labels.py took 0.072 seconds
[2026-07-01T09:36:15.516+0000] {processor.py:186} INFO - Started process (PID=2811) to work on /home/airflow/.local/lib/python3.12/site-packages/airflow/example_dags/example_branch_labels.py
[2026-07-01T09:36:15.517+0000] {processor.py:914} INFO - Processing file /home/airflow/.local/lib/python3.12/site-packages/airflow/example_dags/example_branch_labels.py for tasks to queue
[2026-07-01T09:36:15.519+0000] {logging_mixin.py:190} INFO - [2026-07-01T09:36:15.519+0000] {dagbag.py:587} INFO - Filling up the DagBag from /home/airflow/.local/lib/python3.12/site-packages/airflow/example_dags/example_branch_labels.py
[2026-07-01T09:36:15.527+0000] {processor.py:925} INFO - DAG(s) 'example_branch_labels' retrieved from /home/airflow/.local/lib/python3.12/site-packages/airflow/example_dags/example_branch_labels.py
[2026-07-01T09:36:15.545+0000] {logging_mixin.py:190} INFO - [2026-07-01T09:36:15.544+0000] {dag.py:3211} INFO - Sync 1 DAGs
[2026-07-01T09:36:15.563+0000] {logging_mixin.py:190} INFO - [2026-07-01T09:36:15.562+0000] {dag.py:4138} INFO - Setting next_dagrun for example_branch_labels to 2026-06-30 00:00:00+00:00, run_after=2026-07-01 00:00:00+00:00
[2026-07-01T09:36:15.577+0000] {processor.py:208} INFO - Processing /home/airflow/.local/lib/python3.12/site-packages/airflow/example_dags/example_branch_labels.py took 0.067 seconds
[2026-07-01T09:36:46.415+0000] {processor.py:186} INFO - Started process (PID=2873) to work on /home/airflow/.local/lib/python3.12/site-packages/airflow/example_dags/example_branch_labels.py
[2026-07-01T09:36:46.417+0000] {processor.py:914} INFO - Processing file /home/airflow/.local/lib/python3.12/site-packages/airflow/example_dags/example_branch_labels.py for tasks to queue
[2026-07-01T09:36:46.419+0000] {logging_mixin.py:190} INFO - [2026-07-01T09:36:46.419+0000] {dagbag.py:587} INFO - Filling up the DagBag from /home/airflow/.local/lib/python3.12/site-packages/airflow/example_dags/example_branch_labels.py
[2026-07-01T09:36:46.430+0000] {processor.py:925} INFO - DAG(s) 'example_branch_labels' retrieved from /home/airflow/.local/lib/python3.12/site-packages/airflow/example_dags/example_branch_labels.py
[2026-07-01T09:36:46.451+0000] {logging_mixin.py:190} INFO - [2026-07-01T09:36:46.451+0000] {dag.py:3211} INFO - Sync 1 DAGs
[2026-07-01T09:36:46.474+0000] {logging_mixin.py:190} INFO - [2026-07-01T09:36:46.473+0000] {dag.py:4138} INFO - Setting next_dagrun for example_branch_labels to 2026-06-30 00:00:00+00:00, run_after=2026-07-01 00:00:00+00:00
[2026-07-01T09:36:46.494+0000] {processor.py:208} INFO - Processing /home/airflow/.local/lib/python3.12/site-packages/airflow/example_dags/example_branch_labels.py took 0.084 seconds
[2026-07-01T09:37:18.306+0000] {processor.py:186} INFO - Started process (PID=2935) to work on /home/airflow/.local/lib/python3.12/site-packages/airflow/example_dags/example_branch_labels.py
[2026-07-01T09:37:18.307+0000] {processor.py:914} INFO - Processing file /home/airflow/.local/lib/python3.12/site-packages/airflow/example_dags/example_branch_labels.py for tasks to queue
[2026-07-01T09:37:18.309+0000] {logging_mixin.py:190} INFO - [2026-07-01T09:37:18.309+0000] {dagbag.py:587} INFO - Filling up the DagBag from /home/airflow/.local/lib/python3.12/site-packages/airflow/example_dags/example_branch_labels.py
[2026-07-01T09:37:18.316+0000] {processor.py:925} INFO - DAG(s) 'example_branch_labels' retrieved from /home/airflow/.local/lib/python3.12/site-packages/airflow/example_dags/example_branch_labels.py
[2026-07-01T09:37:18.332+0000] {logging_mixin.py:190} INFO - [2026-07-01T09:37:18.332+0000] {dag.py:3211} INFO - Sync 1 DAGs
[2026-07-01T09:37:18.347+0000] {logging_mixin.py:190} INFO - [2026-07-01T09:37:18.347+0000] {dag.py:4138} INFO - Setting next_dagrun for example_branch_labels to 2026-06-30 00:00:00+00:00, run_after=2026-07-01 00:00:00+00:00
[2026-07-01T09:37:18.360+0000] {processor.py:208} INFO - Processing /home/airflow/.local/lib/python3.12/site-packages/airflow/example_dags/example_branch_labels.py took 0.058 seconds
[2026-07-01T09:37:49.028+0000] {processor.py:186} INFO - Started process (PID=2997) to work on /home/airflow/.local/lib/python3.12/site-packages/airflow/example_dags/example_branch_labels.py
[2026-07-01T09:37:49.030+0000] {processor.py:914} INFO - Processing file /home/airflow/.local/lib/python3.12/site-packages/airflow/example_dags/example_branch_labels.py for tasks to queue
[2026-07-01T09:37:49.033+0000] {logging_mixin.py:190} INFO - [2026-07-01T09:37:49.032+0000] {dagbag.py:587} INFO - Filling up the DagBag from /home/airflow/.local/lib/python3.12/site-packages/airflow/example_dags/example_branch_labels.py
[2026-07-01T09:37:49.043+0000] {processor.py:925} INFO - DAG(s) 'example_branch_labels' retrieved from /home/airflow/.local/lib/python3.12/site-packages/airflow/example_dags/example_branch_labels.py
[2026-07-01T09:37:49.066+0000] {logging_mixin.py:190} INFO - [2026-07-01T09:37:49.066+0000] {dag.py:3211} INFO - Sync 1 DAGs
[2026-07-01T09:37:49.250+0000] {logging_mixin.py:190} INFO - [2026-07-01T09:37:49.250+0000] {dag.py:4138} INFO - Setting next_dagrun for example_branch_labels to 2026-06-30 00:00:00+00:00, run_after=2026-07-01 00:00:00+00:00
[2026-07-01T09:37:49.266+0000] {processor.py:208} INFO - Processing /home/airflow/.local/lib/python3.12/site-packages/airflow/example_dags/example_branch_labels.py took 0.244 seconds
[2026-07-01T09:38:19.960+0000] {processor.py:186} INFO - Started process (PID=3065) to work on /home/airflow/.local/lib/python3.12/site-packages/airflow/example_dags/example_branch_labels.py
[2026-07-01T09:38:19.961+0000] {processor.py:914} INFO - Processing file /home/airflow/.local/lib/python3.12/site-packages/airflow/example_dags/example_branch_labels.py for tasks to queue
[2026-07-01T09:38:19.963+0000] {logging_mixin.py:190} INFO - [2026-07-01T09:38:19.963+0000] {dagbag.py:587} INFO - Filling up the DagBag from /home/airflow/.local/lib/python3.12/site-packages/airflow/example_dags/example_branch_labels.py
[2026-07-01T09:38:19.970+0000] {processor.py:925} INFO - DAG(s) 'example_branch_labels' retrieved from /home/airflow/.local/lib/python3.12/site-packages/airflow/example_dags/example_branch_labels.py
[2026-07-01T09:38:19.983+0000] {logging_mixin.py:190} INFO - [2026-07-01T09:38:19.983+0000] {dag.py:3211} INFO - Sync 1 DAGs
[2026-07-01T09:38:19.999+0000] {logging_mixin.py:190} INFO - [2026-07-01T09:38:19.999+0000] {dag.py:4138} INFO - Setting next_dagrun for example_branch_labels to 2026-06-30 00:00:00+00:00, run_after=2026-07-01 00:00:00+00:00
[2026-07-01T09:38:20.131+0000] {processor.py:208} INFO - Processing /home/airflow/.local/lib/python3.12/site-packages/airflow/example_dags/example_branch_labels.py took 0.175 seconds
[2026-07-01T09:38:50.410+0000] {processor.py:186} INFO - Started process (PID=3127) to work on /home/airflow/.local/lib/python3.12/site-packages/airflow/example_dags/example_branch_labels.py
[2026-07-01T09:38:50.412+0000] {processor.py:914} INFO - Processing file /home/airflow/.local/lib/python3.12/site-packages/airflow/example_dags/example_branch_labels.py for tasks to queue
[2026-07-01T09:38:50.416+0000] {logging_mixin.py:190} INFO - [2026-07-01T09:38:50.415+0000] {dagbag.py:587} INFO - Filling up the DagBag from /home/airflow/.local/lib/python3.12/site-packages/airflow/example_dags/example_branch_labels.py
[2026-07-01T09:38:50.427+0000] {processor.py:925} INFO - DAG(s) 'example_branch_labels' retrieved from /home/airflow/.local/lib/python3.12/site-packages/airflow/example_dags/example_branch_labels.py
[2026-07-01T09:38:50.446+0000] {logging_mixin.py:190} INFO - [2026-07-01T09:38:50.445+0000] {dag.py:3211} INFO - Sync 1 DAGs
[2026-07-01T09:38:50.464+0000] {logging_mixin.py:190} INFO - [2026-07-01T09:38:50.464+0000] {dag.py:4138} INFO - Setting next_dagrun for example_branch_labels to 2026-06-30 00:00:00+00:00, run_after=2026-07-01 00:00:00+00:00
[2026-07-01T09:38:50.631+0000] {processor.py:208} INFO - Processing /home/airflow/.local/lib/python3.12/site-packages/airflow/example_dags/example_branch_labels.py took 0.227 seconds
[2026-07-01T09:39:21.241+0000] {processor.py:186} INFO - Started process (PID=3189) to work on /home/airflow/.local/lib/python3.12/site-packages/airflow/example_dags/example_branch_labels.py
[2026-07-01T09:39:21.242+0000] {processor.py:914} INFO - Processing file /home/airflow/.local/lib/python3.12/site-packages/airflow/example_dags/example_branch_labels.py for tasks to queue
[2026-07-01T09:39:21.244+0000] {logging_mixin.py:190} INFO - [2026-07-01T09:39:21.244+0000] {dagbag.py:587} INFO - Filling up the DagBag from /home/airflow/.local/lib/python3.12/site-packages/airflow/example_dags/example_branch_labels.py
[2026-07-01T09:39:21.252+0000] {processor.py:925} INFO - DAG(s) 'example_branch_labels' retrieved from /home/airflow/.local/lib/python3.12/site-packages/airflow/example_dags/example_branch_labels.py
[2026-07-01T09:39:21.269+0000] {logging_mixin.py:190} INFO - [2026-07-01T09:39:21.268+0000] {dag.py:3211} INFO - Sync 1 DAGs
[2026-07-01T09:39:21.288+0000] {logging_mixin.py:190} INFO - [2026-07-01T09:39:21.288+0000] {dag.py:4138} INFO - Setting next_dagrun for example_branch_labels to 2026-06-30 00:00:00+00:00, run_after=2026-07-01 00:00:00+00:00
[2026-07-01T09:39:21.304+0000] {processor.py:208} INFO - Processing /home/airflow/.local/lib/python3.12/site-packages/airflow/example_dags/example_branch_labels.py took 0.068 seconds
[2026-07-01T09:39:51.509+0000] {processor.py:186} INFO - Started process (PID=3251) to work on /home/airflow/.local/lib/python3.12/site-packages/airflow/example_dags/example_branch_labels.py
[2026-07-01T09:39:51.510+0000] {processor.py:914} INFO - Processing file /home/airflow/.local/lib/python3.12/site-packages/airflow/example_dags/example_branch_labels.py for tasks to queue
[2026-07-01T09:39:51.513+0000] {logging_mixin.py:190} INFO - [2026-07-01T09:39:51.512+0000] {dagbag.py:587} INFO - Filling up the DagBag from /home/airflow/.local/lib/python3.12/site-packages/airflow/example_dags/example_branch_labels.py
[2026-07-01T09:39:51.522+0000] {processor.py:925} INFO - DAG(s) 'example_branch_labels' retrieved from /home/airflow/.local/lib/python3.12/site-packages/airflow/example_dags/example_branch_labels.py
[2026-07-01T09:39:51.540+0000] {logging_mixin.py:190} INFO - [2026-07-01T09:39:51.539+0000] {dag.py:3211} INFO - Sync 1 DAGs
[2026-07-01T09:39:51.557+0000] {logging_mixin.py:190} INFO - [2026-07-01T09:39:51.557+0000] {dag.py:4138} INFO - Setting next_dagrun for example_branch_labels to 2026-06-30 00:00:00+00:00, run_after=2026-07-01 00:00:00+00:00
[2026-07-01T09:39:51.572+0000] {processor.py:208} INFO - Processing /home/airflow/.local/lib/python3.12/site-packages/airflow/example_dags/example_branch_labels.py took 0.068 seconds
[2026-07-01T09:40:22.545+0000] {processor.py:186} INFO - Started process (PID=3312) to work on /home/airflow/.local/lib/python3.12/site-packages/airflow/example_dags/example_branch_labels.py
[2026-07-01T09:40:22.546+0000] {processor.py:914} INFO - Processing file /home/airflow/.local/lib/python3.12/site-packages/airflow/example_dags/example_branch_labels.py for tasks to queue
[2026-07-01T09:40:22.548+0000] {logging_mixin.py:190} INFO - [2026-07-01T09:40:22.548+0000] {dagbag.py:587} INFO - Filling up the DagBag from /home/airflow/.local/lib/python3.12/site-packages/airflow/example_dags/example_branch_labels.py
[2026-07-01T09:40:22.555+0000] {processor.py:925} INFO - DAG(s) 'example_branch_labels' retrieved from /home/airflow/.local/lib/python3.12/site-packages/airflow/example_dags/example_branch_labels.py
[2026-07-01T09:40:22.571+0000] {logging_mixin.py:190} INFO - [2026-07-01T09:40:22.571+0000] {dag.py:3211} INFO - Sync 1 DAGs
[2026-07-01T09:40:22.587+0000] {logging_mixin.py:190} INFO - [2026-07-01T09:40:22.587+0000] {dag.py:4138} INFO - Setting next_dagrun for example_branch_labels to 2026-06-30 00:00:00+00:00, run_after=2026-07-01 00:00:00+00:00
[2026-07-01T09:40:22.599+0000] {processor.py:208} INFO - Processing /home/airflow/.local/lib/python3.12/site-packages/airflow/example_dags/example_branch_labels.py took 0.060 seconds
[2026-07-01T09:40:52.860+0000] {processor.py:186} INFO - Started process (PID=3375) to work on /home/airflow/.local/lib/python3.12/site-packages/airflow/example_dags/example_branch_labels.py
[2026-07-01T09:40:52.861+0000] {processor.py:914} INFO - Processing file /home/airflow/.local/lib/python3.12/site-packages/airflow/example_dags/example_branch_labels.py for tasks to queue
[2026-07-01T09:40:52.863+0000] {logging_mixin.py:190} INFO - [2026-07-01T09:40:52.863+0000] {dagbag.py:587} INFO - Filling up the DagBag from /home/airflow/.local/lib/python3.12/site-packages/airflow/example_dags/example_branch_labels.py
[2026-07-01T09:40:52.871+0000] {processor.py:925} INFO - DAG(s) 'example_branch_labels' retrieved from /home/airflow/.local/lib/python3.12/site-packages/airflow/example_dags/example_branch_labels.py
[2026-07-01T09:40:52.887+0000] {logging_mixin.py:190} INFO - [2026-07-01T09:40:52.887+0000] {dag.py:3211} INFO - Sync 1 DAGs
[2026-07-01T09:40:52.902+0000] {logging_mixin.py:190} INFO - [2026-07-01T09:40:52.902+0000] {dag.py:4138} INFO - Setting next_dagrun for example_branch_labels to 2026-06-30 00:00:00+00:00, run_after=2026-07-01 00:00:00+00:00
[2026-07-01T09:40:52.915+0000] {processor.py:208} INFO - Processing /home/airflow/.local/lib/python3.12/site-packages/airflow/example_dags/example_branch_labels.py took 0.060 seconds
[2026-07-01T09:41:23.215+0000] {processor.py:186} INFO - Started process (PID=3437) to work on /home/airflow/.local/lib/python3.12/site-packages/airflow/example_dags/example_branch_labels.py
[2026-07-01T09:41:23.216+0000] {processor.py:914} INFO - Processing file /home/airflow/.local/lib/python3.12/site-packages/airflow/example_dags/example_branch_labels.py for tasks to queue
[2026-07-01T09:41:23.218+0000] {logging_mixin.py:190} INFO - [2026-07-01T09:41:23.218+0000] {dagbag.py:587} INFO - Filling up the DagBag from /home/airflow/.local/lib/python3.12/site-packages/airflow/example_dags/example_branch_labels.py
[2026-07-01T09:41:23.225+0000] {processor.py:925} INFO - DAG(s) 'example_branch_labels' retrieved from /home/airflow/.local/lib/python3.12/site-packages/airflow/example_dags/example_branch_labels.py
[2026-07-01T09:41:23.241+0000] {logging_mixin.py:190} INFO - [2026-07-01T09:41:23.241+0000] {dag.py:3211} INFO - Sync 1 DAGs
[2026-07-01T09:41:23.258+0000] {logging_mixin.py:190} INFO - [2026-07-01T09:41:23.258+0000] {dag.py:4138} INFO - Setting next_dagrun for example_branch_labels to 2026-06-30 00:00:00+00:00, run_after=2026-07-01 00:00:00+00:00
[2026-07-01T09:41:23.270+0000] {processor.py:208} INFO - Processing /home/airflow/.local/lib/python3.12/site-packages/airflow/example_dags/example_branch_labels.py took 0.059 seconds
[2026-07-01T09:41:53.505+0000] {processor.py:186} INFO - Started process (PID=3499) to work on /home/airflow/.local/lib/python3.12/site-packages/airflow/example_dags/example_branch_labels.py
[2026-07-01T09:41:53.506+0000] {processor.py:914} INFO - Processing file /home/airflow/.local/lib/python3.12/site-packages/airflow/example_dags/example_branch_labels.py for tasks to queue
[2026-07-01T09:41:53.510+0000] {logging_mixin.py:190} INFO - [2026-07-01T09:41:53.510+0000] {dagbag.py:587} INFO - Filling up the DagBag from /home/airflow/.local/lib/python3.12/site-packages/airflow/example_dags/example_branch_labels.py
[2026-07-01T09:41:53.523+0000] {processor.py:925} INFO - DAG(s) 'example_branch_labels' retrieved from /home/airflow/.local/lib/python3.12/site-packages/airflow/example_dags/example_branch_labels.py
[2026-07-01T09:41:53.542+0000] {logging_mixin.py:190} INFO - [2026-07-01T09:41:53.542+0000] {dag.py:3211} INFO - Sync 1 DAGs
[2026-07-01T09:41:53.560+0000] {logging_mixin.py:190} INFO - [2026-07-01T09:41:53.560+0000] {dag.py:4138} INFO - Setting next_dagrun for example_branch_labels to 2026-06-30 00:00:00+00:00, run_after=2026-07-01 00:00:00+00:00
[2026-07-01T09:41:53.575+0000] {processor.py:208} INFO - Processing /home/airflow/.local/lib/python3.12/site-packages/airflow/example_dags/example_branch_labels.py took 0.075 seconds
[2026-07-01T09:42:23.851+0000] {processor.py:186} INFO - Started process (PID=3561) to work on /home/airflow/.local/lib/python3.12/site-packages/airflow/example_dags/example_branch_labels.py
[2026-07-01T09:42:23.853+0000] {processor.py:914} INFO - Processing file /home/airflow/.local/lib/python3.12/site-packages/airflow/example_dags/example_branch_labels.py for tasks to queue
[2026-07-01T09:42:23.856+0000] {logging_mixin.py:190} INFO - [2026-07-01T09:42:23.855+0000] {dagbag.py:587} INFO - Filling up the DagBag from /home/airflow/.local/lib/python3.12/site-packages/airflow/example_dags/example_branch_labels.py
[2026-07-01T09:42:23.865+0000] {processor.py:925} INFO - DAG(s) 'example_branch_labels' retrieved from /home/airflow/.local/lib/python3.12/site-packages/airflow/example_dags/example_branch_labels.py
[2026-07-01T09:42:23.881+0000] {logging_mixin.py:190} INFO - [2026-07-01T09:42:23.880+0000] {dag.py:3211} INFO - Sync 1 DAGs
[2026-07-01T09:42:23.897+0000] {logging_mixin.py:190} INFO - [2026-07-01T09:42:23.896+0000] {dag.py:4138} INFO - Setting next_dagrun for example_branch_labels to 2026-06-30 00:00:00+00:00, run_after=2026-07-01 00:00:00+00:00
[2026-07-01T09:42:23.910+0000] {processor.py:208} INFO - Processing /home/airflow/.local/lib/python3.12/site-packages/airflow/example_dags/example_branch_labels.py took 0.065 seconds
[2026-07-01T09:42:54.305+0000] {processor.py:186} INFO - Started process (PID=3623) to work on /home/airflow/.local/lib/python3.12/site-packages/airflow/example_dags/example_branch_labels.py
[2026-07-01T09:42:54.307+0000] {processor.py:914} INFO - Processing file /home/airflow/.local/lib/python3.12/site-packages/airflow/example_dags/example_branch_labels.py for tasks to queue
[2026-07-01T09:42:54.309+0000] {logging_mixin.py:190} INFO - [2026-07-01T09:42:54.309+0000] {dagbag.py:587} INFO - Filling up the DagBag from /home/airflow/.local/lib/python3.12/site-packages/airflow/example_dags/example_branch_labels.py
[2026-07-01T09:42:54.318+0000] {processor.py:925} INFO - DAG(s) 'example_branch_labels' retrieved from /home/airflow/.local/lib/python3.12/site-packages/airflow/example_dags/example_branch_labels.py
[2026-07-01T09:42:54.335+0000] {logging_mixin.py:190} INFO - [2026-07-01T09:42:54.335+0000] {dag.py:3211} INFO - Sync 1 DAGs
[2026-07-01T09:42:54.352+0000] {logging_mixin.py:190} INFO - [2026-07-01T09:42:54.351+0000] {dag.py:4138} INFO - Setting next_dagrun for example_branch_labels to 2026-06-30 00:00:00+00:00, run_after=2026-07-01 00:00:00+00:00
[2026-07-01T09:42:54.364+0000] {processor.py:208} INFO - Processing /home/airflow/.local/lib/python3.12/site-packages/airflow/example_dags/example_branch_labels.py took 0.064 seconds
[2026-07-01T09:43:24.460+0000] {processor.py:186} INFO - Started process (PID=3685) to work on /home/airflow/.local/lib/python3.12/site-packages/airflow/example_dags/example_branch_labels.py
[2026-07-01T09:43:24.461+0000] {processor.py:914} INFO - Processing file /home/airflow/.local/lib/python3.12/site-packages/airflow/example_dags/example_branch_labels.py for tasks to queue
[2026-07-01T09:43:24.463+0000] {logging_mixin.py:190} INFO - [2026-07-01T09:43:24.463+0000] {dagbag.py:587} INFO - Filling up the DagBag from /home/airflow/.local/lib/python3.12/site-packages/airflow/example_dags/example_branch_labels.py
[2026-07-01T09:43:24.470+0000] {processor.py:925} INFO - DAG(s) 'example_branch_labels' retrieved from /home/airflow/.local/lib/python3.12/site-packages/airflow/example_dags/example_branch_labels.py
[2026-07-01T09:43:24.484+0000] {logging_mixin.py:190} INFO - [2026-07-01T09:43:24.484+0000] {dag.py:3211} INFO - Sync 1 DAGs
[2026-07-01T09:43:24.501+0000] {logging_mixin.py:190} INFO - [2026-07-01T09:43:24.501+0000] {dag.py:4138} INFO - Setting next_dagrun for example_branch_labels to 2026-06-30 00:00:00+00:00, run_after=2026-07-01 00:00:00+00:00
[2026-07-01T09:43:24.513+0000] {processor.py:208} INFO - Processing /home/airflow/.local/lib/python3.12/site-packages/airflow/example_dags/example_branch_labels.py took 0.058 seconds
[2026-07-01T09:43:54.939+0000] {processor.py:186} INFO - Started process (PID=3747) to work on /home/airflow/.local/lib/python3.12/site-packages/airflow/example_dags/example_branch_labels.py
[2026-07-01T09:43:54.939+0000] {processor.py:914} INFO - Processing file /home/airflow/.local/lib/python3.12/site-packages/airflow/example_dags/example_branch_labels.py for tasks to queue
[2026-07-01T09:43:54.942+0000] {logging_mixin.py:190} INFO - [2026-07-01T09:43:54.942+0000] {dagbag.py:587} INFO - Filling up the DagBag from /home/airflow/.local/lib/python3.12/site-packages/airflow/example_dags/example_branch_labels.py
[2026-07-01T09:43:54.949+0000] {processor.py:925} INFO - DAG(s) 'example_branch_labels' retrieved from /home/airflow/.local/lib/python3.12/site-packages/airflow/example_dags/example_branch_labels.py
[2026-07-01T09:43:54.964+0000] {logging_mixin.py:190} INFO - [2026-07-01T09:43:54.964+0000] {dag.py:3211} INFO - Sync 1 DAGs
[2026-07-01T09:43:54.980+0000] {logging_mixin.py:190} INFO - [2026-07-01T09:43:54.980+0000] {dag.py:4138} INFO - Setting next_dagrun for example_branch_labels to 2026-06-30 00:00:00+00:00, run_after=2026-07-01 00:00:00+00:00
[2026-07-01T09:43:54.993+0000] {processor.py:208} INFO - Processing /home/airflow/.local/lib/python3.12/site-packages/airflow/example_dags/example_branch_labels.py took 0.059 seconds
[2026-07-01T09:44:25.236+0000] {processor.py:186} INFO - Started process (PID=3809) to work on /home/airflow/.local/lib/python3.12/site-packages/airflow/example_dags/example_branch_labels.py
[2026-07-01T09:44:25.236+0000] {processor.py:914} INFO - Processing file /home/airflow/.local/lib/python3.12/site-packages/airflow/example_dags/example_branch_labels.py for tasks to queue
[2026-07-01T09:44:25.238+0000] {logging_mixin.py:190} INFO - [2026-07-01T09:44:25.238+0000] {dagbag.py:587} INFO - Filling up the DagBag from /home/airflow/.local/lib/python3.12/site-packages/airflow/example_dags/example_branch_labels.py
[2026-07-01T09:44:25.246+0000] {processor.py:925} INFO - DAG(s) 'example_branch_labels' retrieved from /home/airflow/.local/lib/python3.12/site-packages/airflow/example_dags/example_branch_labels.py
[2026-07-01T09:44:25.262+0000] {logging_mixin.py:190} INFO - [2026-07-01T09:44:25.261+0000] {dag.py:3211} INFO - Sync 1 DAGs
[2026-07-01T09:44:25.278+0000] {logging_mixin.py:190} INFO - [2026-07-01T09:44:25.278+0000] {dag.py:4138} INFO - Setting next_dagrun for example_branch_labels to 2026-06-30 00:00:00+00:00, run_after=2026-07-01 00:00:00+00:00
[2026-07-01T09:44:25.291+0000] {processor.py:208} INFO - Processing /home/airflow/.local/lib/python3.12/site-packages/airflow/example_dags/example_branch_labels.py took 0.060 seconds
[2026-07-01T09:44:55.601+0000] {processor.py:186} INFO - Started process (PID=3871) to work on /home/airflow/.local/lib/python3.12/site-packages/airflow/example_dags/example_branch_labels.py
[2026-07-01T09:44:55.603+0000] {processor.py:914} INFO - Processing file /home/airflow/.local/lib/python3.12/site-packages/airflow/example_dags/example_branch_labels.py for tasks to queue
[2026-07-01T09:44:55.605+0000] {logging_mixin.py:190} INFO - [2026-07-01T09:44:55.604+0000] {dagbag.py:587} INFO - Filling up the DagBag from /home/airflow/.local/lib/python3.12/site-packages/airflow/example_dags/example_branch_labels.py
[2026-07-01T09:44:55.612+0000] {processor.py:925} INFO - DAG(s) 'example_branch_labels' retrieved from /home/airflow/.local/lib/python3.12/site-packages/airflow/example_dags/example_branch_labels.py
[2026-07-01T09:44:55.629+0000] {logging_mixin.py:190} INFO - [2026-07-01T09:44:55.629+0000] {dag.py:3211} INFO - Sync 1 DAGs
[2026-07-01T09:44:55.648+0000] {logging_mixin.py:190} INFO - [2026-07-01T09:44:55.647+0000] {dag.py:4138} INFO - Setting next_dagrun for example_branch_labels to 2026-06-30 00:00:00+00:00, run_after=2026-07-01 00:00:00+00:00
[2026-07-01T09:44:55.659+0000] {processor.py:208} INFO - Processing /home/airflow/.local/lib/python3.12/site-packages/airflow/example_dags/example_branch_labels.py took 0.063 seconds
[2026-07-01T09:45:26.047+0000] {processor.py:186} INFO - Started process (PID=3933) to work on /home/airflow/.local/lib/python3.12/site-packages/airflow/example_dags/example_branch_labels.py
[2026-07-01T09:45:26.048+0000] {processor.py:914} INFO - Processing file /home/airflow/.local/lib/python3.12/site-packages/airflow/example_dags/example_branch_labels.py for tasks to queue
[2026-07-01T09:45:26.052+0000] {logging_mixin.py:190} INFO - [2026-07-01T09:45:26.052+0000] {dagbag.py:587} INFO - Filling up the DagBag from /home/airflow/.local/lib/python3.12/site-packages/airflow/example_dags/example_branch_labels.py
[2026-07-01T09:45:26.060+0000] {processor.py:925} INFO - DAG(s) 'example_branch_labels' retrieved from /home/airflow/.local/lib/python3.12/site-packages/airflow/example_dags/example_branch_labels.py
[2026-07-01T09:45:26.077+0000] {logging_mixin.py:190} INFO - [2026-07-01T09:45:26.077+0000] {dag.py:3211} INFO - Sync 1 DAGs
[2026-07-01T09:45:26.094+0000] {logging_mixin.py:190} INFO - [2026-07-01T09:45:26.094+0000] {dag.py:4138} INFO - Setting next_dagrun for example_branch_labels to 2026-06-30 00:00:00+00:00, run_after=2026-07-01 00:00:00+00:00
[2026-07-01T09:45:26.107+0000] {processor.py:208} INFO - Processing /home/airflow/.local/lib/python3.12/site-packages/airflow/example_dags/example_branch_labels.py took 0.065 seconds
