[2026-07-01T09:09:39.885+0000] {processor.py:186} INFO - Started process (PID=77) to work on /home/airflow/.local/lib/python3.12/site-packages/airflow/example_dags/example_params_ui_tutorial.py
[2026-07-01T09:09:39.887+0000] {processor.py:914} INFO - Processing file /home/airflow/.local/lib/python3.12/site-packages/airflow/example_dags/example_params_ui_tutorial.py for tasks to queue
[2026-07-01T09:09:39.889+0000] {logging_mixin.py:190} INFO - [2026-07-01T09:09:39.889+0000] {dagbag.py:587} INFO - Filling up the DagBag from /home/airflow/.local/lib/python3.12/site-packages/airflow/example_dags/example_params_ui_tutorial.py
[2026-07-01T09:09:39.900+0000] {processor.py:925} INFO - DAG(s) 'example_params_ui_tutorial' retrieved from /home/airflow/.local/lib/python3.12/site-packages/airflow/example_dags/example_params_ui_tutorial.py
[2026-07-01T09:09:40.005+0000] {logging_mixin.py:190} INFO - [2026-07-01T09:09:40.004+0000] {override.py:1858} INFO - Created Permission View: can read on DAG:example_params_ui_tutorial
[2026-07-01T09:09:40.014+0000] {logging_mixin.py:190} INFO - [2026-07-01T09:09:40.013+0000] {override.py:1858} INFO - Created Permission View: can delete on DAG:example_params_ui_tutorial
[2026-07-01T09:09:40.020+0000] {logging_mixin.py:190} INFO - [2026-07-01T09:09:40.020+0000] {override.py:1858} INFO - Created Permission View: can edit on DAG:example_params_ui_tutorial
[2026-07-01T09:09:40.021+0000] {logging_mixin.py:190} INFO - [2026-07-01T09:09:40.021+0000] {dag.py:3211} INFO - Sync 1 DAGs
[2026-07-01T09:09:40.033+0000] {logging_mixin.py:190} INFO - [2026-07-01T09:09:40.033+0000] {dag.py:3234} INFO - Creating ORM DAG for example_params_ui_tutorial
[2026-07-01T09:09:40.034+0000] {logging_mixin.py:190} INFO - [2026-07-01T09:09:40.034+0000] {dag.py:4138} INFO - Setting next_dagrun for example_params_ui_tutorial to None, run_after=None
[2026-07-01T09:09:40.050+0000] {processor.py:208} INFO - Processing /home/airflow/.local/lib/python3.12/site-packages/airflow/example_dags/example_params_ui_tutorial.py took 0.170 seconds
[2026-07-01T09:10:10.739+0000] {processor.py:186} INFO - Started process (PID=139) to work on /home/airflow/.local/lib/python3.12/site-packages/airflow/example_dags/example_params_ui_tutorial.py
[2026-07-01T09:10:10.740+0000] {processor.py:914} INFO - Processing file /home/airflow/.local/lib/python3.12/site-packages/airflow/example_dags/example_params_ui_tutorial.py for tasks to queue
[2026-07-01T09:10:10.743+0000] {logging_mixin.py:190} INFO - [2026-07-01T09:10:10.743+0000] {dagbag.py:587} INFO - Filling up the DagBag from /home/airflow/.local/lib/python3.12/site-packages/airflow/example_dags/example_params_ui_tutorial.py
[2026-07-01T09:10:10.751+0000] {processor.py:925} INFO - DAG(s) 'example_params_ui_tutorial' retrieved from /home/airflow/.local/lib/python3.12/site-packages/airflow/example_dags/example_params_ui_tutorial.py
[2026-07-01T09:10:10.782+0000] {logging_mixin.py:190} INFO - [2026-07-01T09:10:10.782+0000] {dag.py:3211} INFO - Sync 1 DAGs
[2026-07-01T09:10:10.795+0000] {logging_mixin.py:190} INFO - [2026-07-01T09:10:10.795+0000] {dag.py:4138} INFO - Setting next_dagrun for example_params_ui_tutorial to None, run_after=None
[2026-07-01T09:10:10.810+0000] {processor.py:208} INFO - Processing /home/airflow/.local/lib/python3.12/site-packages/airflow/example_dags/example_params_ui_tutorial.py took 0.075 seconds
[2026-07-01T09:10:41.120+0000] {processor.py:186} INFO - Started process (PID=207) to work on /home/airflow/.local/lib/python3.12/site-packages/airflow/example_dags/example_params_ui_tutorial.py
[2026-07-01T09:10:41.121+0000] {processor.py:914} INFO - Processing file /home/airflow/.local/lib/python3.12/site-packages/airflow/example_dags/example_params_ui_tutorial.py for tasks to queue
[2026-07-01T09:10:41.123+0000] {logging_mixin.py:190} INFO - [2026-07-01T09:10:41.123+0000] {dagbag.py:587} INFO - Filling up the DagBag from /home/airflow/.local/lib/python3.12/site-packages/airflow/example_dags/example_params_ui_tutorial.py
[2026-07-01T09:10:41.129+0000] {processor.py:925} INFO - DAG(s) 'example_params_ui_tutorial' retrieved from /home/airflow/.local/lib/python3.12/site-packages/airflow/example_dags/example_params_ui_tutorial.py
[2026-07-01T09:10:41.154+0000] {logging_mixin.py:190} INFO - [2026-07-01T09:10:41.153+0000] {dag.py:3211} INFO - Sync 1 DAGs
[2026-07-01T09:10:41.162+0000] {logging_mixin.py:190} INFO - [2026-07-01T09:10:41.162+0000] {dag.py:4138} INFO - Setting next_dagrun for example_params_ui_tutorial to None, run_after=None
[2026-07-01T09:10:41.174+0000] {processor.py:208} INFO - Processing /home/airflow/.local/lib/python3.12/site-packages/airflow/example_dags/example_params_ui_tutorial.py took 0.058 seconds
[2026-07-01T09:11:11.414+0000] {processor.py:186} INFO - Started process (PID=269) to work on /home/airflow/.local/lib/python3.12/site-packages/airflow/example_dags/example_params_ui_tutorial.py
[2026-07-01T09:11:11.415+0000] {processor.py:914} INFO - Processing file /home/airflow/.local/lib/python3.12/site-packages/airflow/example_dags/example_params_ui_tutorial.py for tasks to queue
[2026-07-01T09:11:11.417+0000] {logging_mixin.py:190} INFO - [2026-07-01T09:11:11.417+0000] {dagbag.py:587} INFO - Filling up the DagBag from /home/airflow/.local/lib/python3.12/site-packages/airflow/example_dags/example_params_ui_tutorial.py
[2026-07-01T09:11:11.424+0000] {processor.py:925} INFO - DAG(s) 'example_params_ui_tutorial' retrieved from /home/airflow/.local/lib/python3.12/site-packages/airflow/example_dags/example_params_ui_tutorial.py
[2026-07-01T09:11:11.450+0000] {logging_mixin.py:190} INFO - [2026-07-01T09:11:11.450+0000] {dag.py:3211} INFO - Sync 1 DAGs
[2026-07-01T09:11:11.459+0000] {logging_mixin.py:190} INFO - [2026-07-01T09:11:11.459+0000] {dag.py:4138} INFO - Setting next_dagrun for example_params_ui_tutorial to None, run_after=None
[2026-07-01T09:11:11.472+0000] {processor.py:208} INFO - Processing /home/airflow/.local/lib/python3.12/site-packages/airflow/example_dags/example_params_ui_tutorial.py took 0.062 seconds
[2026-07-01T09:11:41.755+0000] {processor.py:186} INFO - Started process (PID=331) to work on /home/airflow/.local/lib/python3.12/site-packages/airflow/example_dags/example_params_ui_tutorial.py
[2026-07-01T09:11:41.756+0000] {processor.py:914} INFO - Processing file /home/airflow/.local/lib/python3.12/site-packages/airflow/example_dags/example_params_ui_tutorial.py for tasks to queue
[2026-07-01T09:11:41.760+0000] {logging_mixin.py:190} INFO - [2026-07-01T09:11:41.759+0000] {dagbag.py:587} INFO - Filling up the DagBag from /home/airflow/.local/lib/python3.12/site-packages/airflow/example_dags/example_params_ui_tutorial.py
[2026-07-01T09:11:41.771+0000] {processor.py:925} INFO - DAG(s) 'example_params_ui_tutorial' retrieved from /home/airflow/.local/lib/python3.12/site-packages/airflow/example_dags/example_params_ui_tutorial.py
[2026-07-01T09:11:41.808+0000] {logging_mixin.py:190} INFO - [2026-07-01T09:11:41.808+0000] {dag.py:3211} INFO - Sync 1 DAGs
[2026-07-01T09:11:41.821+0000] {logging_mixin.py:190} INFO - [2026-07-01T09:11:41.821+0000] {dag.py:4138} INFO - Setting next_dagrun for example_params_ui_tutorial to None, run_after=None
[2026-07-01T09:11:41.835+0000] {processor.py:208} INFO - Processing /home/airflow/.local/lib/python3.12/site-packages/airflow/example_dags/example_params_ui_tutorial.py took 0.088 seconds
[2026-07-01T09:12:12.003+0000] {processor.py:186} INFO - Started process (PID=393) to work on /home/airflow/.local/lib/python3.12/site-packages/airflow/example_dags/example_params_ui_tutorial.py
[2026-07-01T09:12:12.003+0000] {processor.py:914} INFO - Processing file /home/airflow/.local/lib/python3.12/site-packages/airflow/example_dags/example_params_ui_tutorial.py for tasks to queue
[2026-07-01T09:12:12.005+0000] {logging_mixin.py:190} INFO - [2026-07-01T09:12:12.005+0000] {dagbag.py:587} INFO - Filling up the DagBag from /home/airflow/.local/lib/python3.12/site-packages/airflow/example_dags/example_params_ui_tutorial.py
[2026-07-01T09:12:12.013+0000] {processor.py:925} INFO - DAG(s) 'example_params_ui_tutorial' retrieved from /home/airflow/.local/lib/python3.12/site-packages/airflow/example_dags/example_params_ui_tutorial.py
[2026-07-01T09:12:12.042+0000] {logging_mixin.py:190} INFO - [2026-07-01T09:12:12.042+0000] {dag.py:3211} INFO - Sync 1 DAGs
[2026-07-01T09:12:12.052+0000] {logging_mixin.py:190} INFO - [2026-07-01T09:12:12.052+0000] {dag.py:4138} INFO - Setting next_dagrun for example_params_ui_tutorial to None, run_after=None
[2026-07-01T09:12:12.068+0000] {processor.py:208} INFO - Processing /home/airflow/.local/lib/python3.12/site-packages/airflow/example_dags/example_params_ui_tutorial.py took 0.069 seconds
[2026-07-01T09:12:42.613+0000] {processor.py:186} INFO - Started process (PID=455) to work on /home/airflow/.local/lib/python3.12/site-packages/airflow/example_dags/example_params_ui_tutorial.py
[2026-07-01T09:12:42.614+0000] {processor.py:914} INFO - Processing file /home/airflow/.local/lib/python3.12/site-packages/airflow/example_dags/example_params_ui_tutorial.py for tasks to queue
[2026-07-01T09:12:42.616+0000] {logging_mixin.py:190} INFO - [2026-07-01T09:12:42.616+0000] {dagbag.py:587} INFO - Filling up the DagBag from /home/airflow/.local/lib/python3.12/site-packages/airflow/example_dags/example_params_ui_tutorial.py
[2026-07-01T09:12:42.624+0000] {processor.py:925} INFO - DAG(s) 'example_params_ui_tutorial' retrieved from /home/airflow/.local/lib/python3.12/site-packages/airflow/example_dags/example_params_ui_tutorial.py
[2026-07-01T09:12:42.657+0000] {logging_mixin.py:190} INFO - [2026-07-01T09:12:42.656+0000] {dag.py:3211} INFO - Sync 1 DAGs
[2026-07-01T09:12:42.668+0000] {logging_mixin.py:190} INFO - [2026-07-01T09:12:42.668+0000] {dag.py:4138} INFO - Setting next_dagrun for example_params_ui_tutorial to None, run_after=None
[2026-07-01T09:12:42.682+0000] {processor.py:208} INFO - Processing /home/airflow/.local/lib/python3.12/site-packages/airflow/example_dags/example_params_ui_tutorial.py took 0.073 seconds
[2026-07-01T09:13:13.142+0000] {processor.py:186} INFO - Started process (PID=517) to work on /home/airflow/.local/lib/python3.12/site-packages/airflow/example_dags/example_params_ui_tutorial.py
[2026-07-01T09:13:13.143+0000] {processor.py:914} INFO - Processing file /home/airflow/.local/lib/python3.12/site-packages/airflow/example_dags/example_params_ui_tutorial.py for tasks to queue
[2026-07-01T09:13:13.145+0000] {logging_mixin.py:190} INFO - [2026-07-01T09:13:13.145+0000] {dagbag.py:587} INFO - Filling up the DagBag from /home/airflow/.local/lib/python3.12/site-packages/airflow/example_dags/example_params_ui_tutorial.py
[2026-07-01T09:13:13.151+0000] {processor.py:925} INFO - DAG(s) 'example_params_ui_tutorial' retrieved from /home/airflow/.local/lib/python3.12/site-packages/airflow/example_dags/example_params_ui_tutorial.py
[2026-07-01T09:13:13.178+0000] {logging_mixin.py:190} INFO - [2026-07-01T09:13:13.177+0000] {dag.py:3211} INFO - Sync 1 DAGs
[2026-07-01T09:13:13.188+0000] {logging_mixin.py:190} INFO - [2026-07-01T09:13:13.188+0000] {dag.py:4138} INFO - Setting next_dagrun for example_params_ui_tutorial to None, run_after=None
[2026-07-01T09:13:13.201+0000] {processor.py:208} INFO - Processing /home/airflow/.local/lib/python3.12/site-packages/airflow/example_dags/example_params_ui_tutorial.py took 0.063 seconds
[2026-07-01T09:13:44.019+0000] {processor.py:186} INFO - Started process (PID=579) to work on /home/airflow/.local/lib/python3.12/site-packages/airflow/example_dags/example_params_ui_tutorial.py
[2026-07-01T09:13:44.020+0000] {processor.py:914} INFO - Processing file /home/airflow/.local/lib/python3.12/site-packages/airflow/example_dags/example_params_ui_tutorial.py for tasks to queue
[2026-07-01T09:13:44.023+0000] {logging_mixin.py:190} INFO - [2026-07-01T09:13:44.023+0000] {dagbag.py:587} INFO - Filling up the DagBag from /home/airflow/.local/lib/python3.12/site-packages/airflow/example_dags/example_params_ui_tutorial.py
[2026-07-01T09:13:44.031+0000] {processor.py:925} INFO - DAG(s) 'example_params_ui_tutorial' retrieved from /home/airflow/.local/lib/python3.12/site-packages/airflow/example_dags/example_params_ui_tutorial.py
[2026-07-01T09:13:44.059+0000] {logging_mixin.py:190} INFO - [2026-07-01T09:13:44.058+0000] {dag.py:3211} INFO - Sync 1 DAGs
[2026-07-01T09:13:44.068+0000] {logging_mixin.py:190} INFO - [2026-07-01T09:13:44.068+0000] {dag.py:4138} INFO - Setting next_dagrun for example_params_ui_tutorial to None, run_after=None
[2026-07-01T09:13:44.080+0000] {processor.py:208} INFO - Processing /home/airflow/.local/lib/python3.12/site-packages/airflow/example_dags/example_params_ui_tutorial.py took 0.066 seconds
[2026-07-01T09:14:15.146+0000] {processor.py:186} INFO - Started process (PID=641) to work on /home/airflow/.local/lib/python3.12/site-packages/airflow/example_dags/example_params_ui_tutorial.py
[2026-07-01T09:14:15.147+0000] {processor.py:914} INFO - Processing file /home/airflow/.local/lib/python3.12/site-packages/airflow/example_dags/example_params_ui_tutorial.py for tasks to queue
[2026-07-01T09:14:15.151+0000] {logging_mixin.py:190} INFO - [2026-07-01T09:14:15.150+0000] {dagbag.py:587} INFO - Filling up the DagBag from /home/airflow/.local/lib/python3.12/site-packages/airflow/example_dags/example_params_ui_tutorial.py
[2026-07-01T09:14:15.158+0000] {processor.py:925} INFO - DAG(s) 'example_params_ui_tutorial' retrieved from /home/airflow/.local/lib/python3.12/site-packages/airflow/example_dags/example_params_ui_tutorial.py
[2026-07-01T09:14:15.188+0000] {logging_mixin.py:190} INFO - [2026-07-01T09:14:15.188+0000] {dag.py:3211} INFO - Sync 1 DAGs
[2026-07-01T09:14:15.198+0000] {logging_mixin.py:190} INFO - [2026-07-01T09:14:15.198+0000] {dag.py:4138} INFO - Setting next_dagrun for example_params_ui_tutorial to None, run_after=None
[2026-07-01T09:14:15.211+0000] {processor.py:208} INFO - Processing /home/airflow/.local/lib/python3.12/site-packages/airflow/example_dags/example_params_ui_tutorial.py took 0.070 seconds
[2026-07-01T09:14:45.346+0000] {processor.py:186} INFO - Started process (PID=703) to work on /home/airflow/.local/lib/python3.12/site-packages/airflow/example_dags/example_params_ui_tutorial.py
[2026-07-01T09:14:45.347+0000] {processor.py:914} INFO - Processing file /home/airflow/.local/lib/python3.12/site-packages/airflow/example_dags/example_params_ui_tutorial.py for tasks to queue
[2026-07-01T09:14:45.349+0000] {logging_mixin.py:190} INFO - [2026-07-01T09:14:45.349+0000] {dagbag.py:587} INFO - Filling up the DagBag from /home/airflow/.local/lib/python3.12/site-packages/airflow/example_dags/example_params_ui_tutorial.py
[2026-07-01T09:14:45.355+0000] {processor.py:925} INFO - DAG(s) 'example_params_ui_tutorial' retrieved from /home/airflow/.local/lib/python3.12/site-packages/airflow/example_dags/example_params_ui_tutorial.py
[2026-07-01T09:14:45.380+0000] {logging_mixin.py:190} INFO - [2026-07-01T09:14:45.380+0000] {dag.py:3211} INFO - Sync 1 DAGs
[2026-07-01T09:14:45.389+0000] {logging_mixin.py:190} INFO - [2026-07-01T09:14:45.389+0000] {dag.py:4138} INFO - Setting next_dagrun for example_params_ui_tutorial to None, run_after=None
[2026-07-01T09:14:45.402+0000] {processor.py:208} INFO - Processing /home/airflow/.local/lib/python3.12/site-packages/airflow/example_dags/example_params_ui_tutorial.py took 0.060 seconds
[2026-07-01T09:15:16.304+0000] {processor.py:186} INFO - Started process (PID=765) to work on /home/airflow/.local/lib/python3.12/site-packages/airflow/example_dags/example_params_ui_tutorial.py
[2026-07-01T09:15:16.305+0000] {processor.py:914} INFO - Processing file /home/airflow/.local/lib/python3.12/site-packages/airflow/example_dags/example_params_ui_tutorial.py for tasks to queue
[2026-07-01T09:15:16.308+0000] {logging_mixin.py:190} INFO - [2026-07-01T09:15:16.308+0000] {dagbag.py:587} INFO - Filling up the DagBag from /home/airflow/.local/lib/python3.12/site-packages/airflow/example_dags/example_params_ui_tutorial.py
[2026-07-01T09:15:16.317+0000] {processor.py:925} INFO - DAG(s) 'example_params_ui_tutorial' retrieved from /home/airflow/.local/lib/python3.12/site-packages/airflow/example_dags/example_params_ui_tutorial.py
[2026-07-01T09:15:16.349+0000] {logging_mixin.py:190} INFO - [2026-07-01T09:15:16.349+0000] {dag.py:3211} INFO - Sync 1 DAGs
[2026-07-01T09:15:16.360+0000] {logging_mixin.py:190} INFO - [2026-07-01T09:15:16.360+0000] {dag.py:4138} INFO - Setting next_dagrun for example_params_ui_tutorial to None, run_after=None
[2026-07-01T09:15:16.374+0000] {processor.py:208} INFO - Processing /home/airflow/.local/lib/python3.12/site-packages/airflow/example_dags/example_params_ui_tutorial.py took 0.076 seconds
[2026-07-01T09:15:47.150+0000] {processor.py:186} INFO - Started process (PID=827) to work on /home/airflow/.local/lib/python3.12/site-packages/airflow/example_dags/example_params_ui_tutorial.py
[2026-07-01T09:15:47.151+0000] {processor.py:914} INFO - Processing file /home/airflow/.local/lib/python3.12/site-packages/airflow/example_dags/example_params_ui_tutorial.py for tasks to queue
[2026-07-01T09:15:47.153+0000] {logging_mixin.py:190} INFO - [2026-07-01T09:15:47.153+0000] {dagbag.py:587} INFO - Filling up the DagBag from /home/airflow/.local/lib/python3.12/site-packages/airflow/example_dags/example_params_ui_tutorial.py
[2026-07-01T09:15:47.159+0000] {processor.py:925} INFO - DAG(s) 'example_params_ui_tutorial' retrieved from /home/airflow/.local/lib/python3.12/site-packages/airflow/example_dags/example_params_ui_tutorial.py
[2026-07-01T09:15:47.187+0000] {logging_mixin.py:190} INFO - [2026-07-01T09:15:47.187+0000] {dag.py:3211} INFO - Sync 1 DAGs
[2026-07-01T09:15:47.197+0000] {logging_mixin.py:190} INFO - [2026-07-01T09:15:47.197+0000] {dag.py:4138} INFO - Setting next_dagrun for example_params_ui_tutorial to None, run_after=None
[2026-07-01T09:15:47.212+0000] {processor.py:208} INFO - Processing /home/airflow/.local/lib/python3.12/site-packages/airflow/example_dags/example_params_ui_tutorial.py took 0.066 seconds
[2026-07-01T09:16:17.401+0000] {processor.py:186} INFO - Started process (PID=889) to work on /home/airflow/.local/lib/python3.12/site-packages/airflow/example_dags/example_params_ui_tutorial.py
[2026-07-01T09:16:17.402+0000] {processor.py:914} INFO - Processing file /home/airflow/.local/lib/python3.12/site-packages/airflow/example_dags/example_params_ui_tutorial.py for tasks to queue
[2026-07-01T09:16:17.405+0000] {logging_mixin.py:190} INFO - [2026-07-01T09:16:17.405+0000] {dagbag.py:587} INFO - Filling up the DagBag from /home/airflow/.local/lib/python3.12/site-packages/airflow/example_dags/example_params_ui_tutorial.py
[2026-07-01T09:16:17.414+0000] {processor.py:925} INFO - DAG(s) 'example_params_ui_tutorial' retrieved from /home/airflow/.local/lib/python3.12/site-packages/airflow/example_dags/example_params_ui_tutorial.py
[2026-07-01T09:16:17.443+0000] {logging_mixin.py:190} INFO - [2026-07-01T09:16:17.443+0000] {dag.py:3211} INFO - Sync 1 DAGs
[2026-07-01T09:16:17.455+0000] {logging_mixin.py:190} INFO - [2026-07-01T09:16:17.454+0000] {dag.py:4138} INFO - Setting next_dagrun for example_params_ui_tutorial to None, run_after=None
[2026-07-01T09:16:17.468+0000] {processor.py:208} INFO - Processing /home/airflow/.local/lib/python3.12/site-packages/airflow/example_dags/example_params_ui_tutorial.py took 0.071 seconds
[2026-07-01T09:16:47.657+0000] {processor.py:186} INFO - Started process (PID=951) to work on /home/airflow/.local/lib/python3.12/site-packages/airflow/example_dags/example_params_ui_tutorial.py
[2026-07-01T09:16:47.658+0000] {processor.py:914} INFO - Processing file /home/airflow/.local/lib/python3.12/site-packages/airflow/example_dags/example_params_ui_tutorial.py for tasks to queue
[2026-07-01T09:16:47.659+0000] {logging_mixin.py:190} INFO - [2026-07-01T09:16:47.659+0000] {dagbag.py:587} INFO - Filling up the DagBag from /home/airflow/.local/lib/python3.12/site-packages/airflow/example_dags/example_params_ui_tutorial.py
[2026-07-01T09:16:47.666+0000] {processor.py:925} INFO - DAG(s) 'example_params_ui_tutorial' retrieved from /home/airflow/.local/lib/python3.12/site-packages/airflow/example_dags/example_params_ui_tutorial.py
[2026-07-01T09:16:47.691+0000] {logging_mixin.py:190} INFO - [2026-07-01T09:16:47.690+0000] {dag.py:3211} INFO - Sync 1 DAGs
[2026-07-01T09:16:47.699+0000] {logging_mixin.py:190} INFO - [2026-07-01T09:16:47.699+0000] {dag.py:4138} INFO - Setting next_dagrun for example_params_ui_tutorial to None, run_after=None
[2026-07-01T09:16:47.711+0000] {processor.py:208} INFO - Processing /home/airflow/.local/lib/python3.12/site-packages/airflow/example_dags/example_params_ui_tutorial.py took 0.059 seconds
[2026-07-01T09:17:18.038+0000] {processor.py:186} INFO - Started process (PID=1013) to work on /home/airflow/.local/lib/python3.12/site-packages/airflow/example_dags/example_params_ui_tutorial.py
[2026-07-01T09:17:18.039+0000] {processor.py:914} INFO - Processing file /home/airflow/.local/lib/python3.12/site-packages/airflow/example_dags/example_params_ui_tutorial.py for tasks to queue
[2026-07-01T09:17:18.042+0000] {logging_mixin.py:190} INFO - [2026-07-01T09:17:18.041+0000] {dagbag.py:587} INFO - Filling up the DagBag from /home/airflow/.local/lib/python3.12/site-packages/airflow/example_dags/example_params_ui_tutorial.py
[2026-07-01T09:17:18.051+0000] {processor.py:925} INFO - DAG(s) 'example_params_ui_tutorial' retrieved from /home/airflow/.local/lib/python3.12/site-packages/airflow/example_dags/example_params_ui_tutorial.py
[2026-07-01T09:17:18.089+0000] {logging_mixin.py:190} INFO - [2026-07-01T09:17:18.089+0000] {dag.py:3211} INFO - Sync 1 DAGs
[2026-07-01T09:17:18.102+0000] {logging_mixin.py:190} INFO - [2026-07-01T09:17:18.102+0000] {dag.py:4138} INFO - Setting next_dagrun for example_params_ui_tutorial to None, run_after=None
[2026-07-01T09:17:18.122+0000] {processor.py:208} INFO - Processing /home/airflow/.local/lib/python3.12/site-packages/airflow/example_dags/example_params_ui_tutorial.py took 0.090 seconds
[2026-07-01T09:17:48.389+0000] {processor.py:186} INFO - Started process (PID=1075) to work on /home/airflow/.local/lib/python3.12/site-packages/airflow/example_dags/example_params_ui_tutorial.py
[2026-07-01T09:17:48.390+0000] {processor.py:914} INFO - Processing file /home/airflow/.local/lib/python3.12/site-packages/airflow/example_dags/example_params_ui_tutorial.py for tasks to queue
[2026-07-01T09:17:48.393+0000] {logging_mixin.py:190} INFO - [2026-07-01T09:17:48.393+0000] {dagbag.py:587} INFO - Filling up the DagBag from /home/airflow/.local/lib/python3.12/site-packages/airflow/example_dags/example_params_ui_tutorial.py
[2026-07-01T09:17:48.402+0000] {processor.py:925} INFO - DAG(s) 'example_params_ui_tutorial' retrieved from /home/airflow/.local/lib/python3.12/site-packages/airflow/example_dags/example_params_ui_tutorial.py
[2026-07-01T09:17:48.437+0000] {logging_mixin.py:190} INFO - [2026-07-01T09:17:48.437+0000] {dag.py:3211} INFO - Sync 1 DAGs
[2026-07-01T09:17:48.449+0000] {logging_mixin.py:190} INFO - [2026-07-01T09:17:48.449+0000] {dag.py:4138} INFO - Setting next_dagrun for example_params_ui_tutorial to None, run_after=None
[2026-07-01T09:17:48.467+0000] {processor.py:208} INFO - Processing /home/airflow/.local/lib/python3.12/site-packages/airflow/example_dags/example_params_ui_tutorial.py took 0.083 seconds
[2026-07-01T09:18:18.643+0000] {processor.py:186} INFO - Started process (PID=1137) to work on /home/airflow/.local/lib/python3.12/site-packages/airflow/example_dags/example_params_ui_tutorial.py
[2026-07-01T09:18:18.645+0000] {processor.py:914} INFO - Processing file /home/airflow/.local/lib/python3.12/site-packages/airflow/example_dags/example_params_ui_tutorial.py for tasks to queue
[2026-07-01T09:18:18.647+0000] {logging_mixin.py:190} INFO - [2026-07-01T09:18:18.647+0000] {dagbag.py:587} INFO - Filling up the DagBag from /home/airflow/.local/lib/python3.12/site-packages/airflow/example_dags/example_params_ui_tutorial.py
[2026-07-01T09:18:18.653+0000] {processor.py:925} INFO - DAG(s) 'example_params_ui_tutorial' retrieved from /home/airflow/.local/lib/python3.12/site-packages/airflow/example_dags/example_params_ui_tutorial.py
[2026-07-01T09:18:18.679+0000] {logging_mixin.py:190} INFO - [2026-07-01T09:18:18.679+0000] {dag.py:3211} INFO - Sync 1 DAGs
[2026-07-01T09:18:18.689+0000] {logging_mixin.py:190} INFO - [2026-07-01T09:18:18.689+0000] {dag.py:4138} INFO - Setting next_dagrun for example_params_ui_tutorial to None, run_after=None
[2026-07-01T09:18:18.702+0000] {processor.py:208} INFO - Processing /home/airflow/.local/lib/python3.12/site-packages/airflow/example_dags/example_params_ui_tutorial.py took 0.063 seconds
[2026-07-01T09:18:48.877+0000] {processor.py:186} INFO - Started process (PID=1199) to work on /home/airflow/.local/lib/python3.12/site-packages/airflow/example_dags/example_params_ui_tutorial.py
[2026-07-01T09:18:48.878+0000] {processor.py:914} INFO - Processing file /home/airflow/.local/lib/python3.12/site-packages/airflow/example_dags/example_params_ui_tutorial.py for tasks to queue
[2026-07-01T09:18:48.879+0000] {logging_mixin.py:190} INFO - [2026-07-01T09:18:48.879+0000] {dagbag.py:587} INFO - Filling up the DagBag from /home/airflow/.local/lib/python3.12/site-packages/airflow/example_dags/example_params_ui_tutorial.py
[2026-07-01T09:18:48.885+0000] {processor.py:925} INFO - DAG(s) 'example_params_ui_tutorial' retrieved from /home/airflow/.local/lib/python3.12/site-packages/airflow/example_dags/example_params_ui_tutorial.py
[2026-07-01T09:18:48.912+0000] {logging_mixin.py:190} INFO - [2026-07-01T09:18:48.911+0000] {dag.py:3211} INFO - Sync 1 DAGs
[2026-07-01T09:18:48.921+0000] {logging_mixin.py:190} INFO - [2026-07-01T09:18:48.921+0000] {dag.py:4138} INFO - Setting next_dagrun for example_params_ui_tutorial to None, run_after=None
[2026-07-01T09:18:48.935+0000] {processor.py:208} INFO - Processing /home/airflow/.local/lib/python3.12/site-packages/airflow/example_dags/example_params_ui_tutorial.py took 0.062 seconds
[2026-07-01T09:19:19.669+0000] {processor.py:186} INFO - Started process (PID=1261) to work on /home/airflow/.local/lib/python3.12/site-packages/airflow/example_dags/example_params_ui_tutorial.py
[2026-07-01T09:19:19.670+0000] {processor.py:914} INFO - Processing file /home/airflow/.local/lib/python3.12/site-packages/airflow/example_dags/example_params_ui_tutorial.py for tasks to queue
[2026-07-01T09:19:19.672+0000] {logging_mixin.py:190} INFO - [2026-07-01T09:19:19.671+0000] {dagbag.py:587} INFO - Filling up the DagBag from /home/airflow/.local/lib/python3.12/site-packages/airflow/example_dags/example_params_ui_tutorial.py
[2026-07-01T09:19:19.677+0000] {processor.py:925} INFO - DAG(s) 'example_params_ui_tutorial' retrieved from /home/airflow/.local/lib/python3.12/site-packages/airflow/example_dags/example_params_ui_tutorial.py
[2026-07-01T09:19:19.702+0000] {logging_mixin.py:190} INFO - [2026-07-01T09:19:19.702+0000] {dag.py:3211} INFO - Sync 1 DAGs
[2026-07-01T09:19:19.711+0000] {logging_mixin.py:190} INFO - [2026-07-01T09:19:19.711+0000] {dag.py:4138} INFO - Setting next_dagrun for example_params_ui_tutorial to None, run_after=None
[2026-07-01T09:19:19.723+0000] {processor.py:208} INFO - Processing /home/airflow/.local/lib/python3.12/site-packages/airflow/example_dags/example_params_ui_tutorial.py took 0.057 seconds
[2026-07-01T09:19:50.438+0000] {processor.py:186} INFO - Started process (PID=1323) to work on /home/airflow/.local/lib/python3.12/site-packages/airflow/example_dags/example_params_ui_tutorial.py
[2026-07-01T09:19:50.439+0000] {processor.py:914} INFO - Processing file /home/airflow/.local/lib/python3.12/site-packages/airflow/example_dags/example_params_ui_tutorial.py for tasks to queue
[2026-07-01T09:19:50.441+0000] {logging_mixin.py:190} INFO - [2026-07-01T09:19:50.441+0000] {dagbag.py:587} INFO - Filling up the DagBag from /home/airflow/.local/lib/python3.12/site-packages/airflow/example_dags/example_params_ui_tutorial.py
[2026-07-01T09:19:50.449+0000] {processor.py:925} INFO - DAG(s) 'example_params_ui_tutorial' retrieved from /home/airflow/.local/lib/python3.12/site-packages/airflow/example_dags/example_params_ui_tutorial.py
[2026-07-01T09:19:50.478+0000] {logging_mixin.py:190} INFO - [2026-07-01T09:19:50.478+0000] {dag.py:3211} INFO - Sync 1 DAGs
[2026-07-01T09:19:50.489+0000] {logging_mixin.py:190} INFO - [2026-07-01T09:19:50.489+0000] {dag.py:4138} INFO - Setting next_dagrun for example_params_ui_tutorial to None, run_after=None
[2026-07-01T09:19:50.504+0000] {processor.py:208} INFO - Processing /home/airflow/.local/lib/python3.12/site-packages/airflow/example_dags/example_params_ui_tutorial.py took 0.070 seconds
[2026-07-01T09:20:21.144+0000] {processor.py:186} INFO - Started process (PID=1385) to work on /home/airflow/.local/lib/python3.12/site-packages/airflow/example_dags/example_params_ui_tutorial.py
[2026-07-01T09:20:21.145+0000] {processor.py:914} INFO - Processing file /home/airflow/.local/lib/python3.12/site-packages/airflow/example_dags/example_params_ui_tutorial.py for tasks to queue
[2026-07-01T09:20:21.147+0000] {logging_mixin.py:190} INFO - [2026-07-01T09:20:21.147+0000] {dagbag.py:587} INFO - Filling up the DagBag from /home/airflow/.local/lib/python3.12/site-packages/airflow/example_dags/example_params_ui_tutorial.py
[2026-07-01T09:20:21.155+0000] {processor.py:925} INFO - DAG(s) 'example_params_ui_tutorial' retrieved from /home/airflow/.local/lib/python3.12/site-packages/airflow/example_dags/example_params_ui_tutorial.py
[2026-07-01T09:20:21.183+0000] {logging_mixin.py:190} INFO - [2026-07-01T09:20:21.183+0000] {dag.py:3211} INFO - Sync 1 DAGs
[2026-07-01T09:20:21.194+0000] {logging_mixin.py:190} INFO - [2026-07-01T09:20:21.194+0000] {dag.py:4138} INFO - Setting next_dagrun for example_params_ui_tutorial to None, run_after=None
[2026-07-01T09:20:21.209+0000] {processor.py:208} INFO - Processing /home/airflow/.local/lib/python3.12/site-packages/airflow/example_dags/example_params_ui_tutorial.py took 0.070 seconds
[2026-07-01T09:20:51.989+0000] {processor.py:186} INFO - Started process (PID=1447) to work on /home/airflow/.local/lib/python3.12/site-packages/airflow/example_dags/example_params_ui_tutorial.py
[2026-07-01T09:20:51.990+0000] {processor.py:914} INFO - Processing file /home/airflow/.local/lib/python3.12/site-packages/airflow/example_dags/example_params_ui_tutorial.py for tasks to queue
[2026-07-01T09:20:51.991+0000] {logging_mixin.py:190} INFO - [2026-07-01T09:20:51.991+0000] {dagbag.py:587} INFO - Filling up the DagBag from /home/airflow/.local/lib/python3.12/site-packages/airflow/example_dags/example_params_ui_tutorial.py
[2026-07-01T09:20:51.997+0000] {processor.py:925} INFO - DAG(s) 'example_params_ui_tutorial' retrieved from /home/airflow/.local/lib/python3.12/site-packages/airflow/example_dags/example_params_ui_tutorial.py
[2026-07-01T09:20:52.023+0000] {logging_mixin.py:190} INFO - [2026-07-01T09:20:52.023+0000] {dag.py:3211} INFO - Sync 1 DAGs
[2026-07-01T09:20:52.032+0000] {logging_mixin.py:190} INFO - [2026-07-01T09:20:52.032+0000] {dag.py:4138} INFO - Setting next_dagrun for example_params_ui_tutorial to None, run_after=None
[2026-07-01T09:20:52.043+0000] {processor.py:208} INFO - Processing /home/airflow/.local/lib/python3.12/site-packages/airflow/example_dags/example_params_ui_tutorial.py took 0.059 seconds
[2026-07-01T09:21:22.109+0000] {processor.py:186} INFO - Started process (PID=1509) to work on /home/airflow/.local/lib/python3.12/site-packages/airflow/example_dags/example_params_ui_tutorial.py
[2026-07-01T09:21:22.110+0000] {processor.py:914} INFO - Processing file /home/airflow/.local/lib/python3.12/site-packages/airflow/example_dags/example_params_ui_tutorial.py for tasks to queue
[2026-07-01T09:21:22.114+0000] {logging_mixin.py:190} INFO - [2026-07-01T09:21:22.113+0000] {dagbag.py:587} INFO - Filling up the DagBag from /home/airflow/.local/lib/python3.12/site-packages/airflow/example_dags/example_params_ui_tutorial.py
[2026-07-01T09:21:22.122+0000] {processor.py:925} INFO - DAG(s) 'example_params_ui_tutorial' retrieved from /home/airflow/.local/lib/python3.12/site-packages/airflow/example_dags/example_params_ui_tutorial.py
[2026-07-01T09:21:22.155+0000] {logging_mixin.py:190} INFO - [2026-07-01T09:21:22.155+0000] {dag.py:3211} INFO - Sync 1 DAGs
[2026-07-01T09:21:22.166+0000] {logging_mixin.py:190} INFO - [2026-07-01T09:21:22.166+0000] {dag.py:4138} INFO - Setting next_dagrun for example_params_ui_tutorial to None, run_after=None
[2026-07-01T09:21:22.181+0000] {processor.py:208} INFO - Processing /home/airflow/.local/lib/python3.12/site-packages/airflow/example_dags/example_params_ui_tutorial.py took 0.077 seconds
[2026-07-01T09:21:52.386+0000] {processor.py:186} INFO - Started process (PID=1571) to work on /home/airflow/.local/lib/python3.12/site-packages/airflow/example_dags/example_params_ui_tutorial.py
[2026-07-01T09:21:52.387+0000] {processor.py:914} INFO - Processing file /home/airflow/.local/lib/python3.12/site-packages/airflow/example_dags/example_params_ui_tutorial.py for tasks to queue
[2026-07-01T09:21:52.389+0000] {logging_mixin.py:190} INFO - [2026-07-01T09:21:52.388+0000] {dagbag.py:587} INFO - Filling up the DagBag from /home/airflow/.local/lib/python3.12/site-packages/airflow/example_dags/example_params_ui_tutorial.py
[2026-07-01T09:21:52.395+0000] {processor.py:925} INFO - DAG(s) 'example_params_ui_tutorial' retrieved from /home/airflow/.local/lib/python3.12/site-packages/airflow/example_dags/example_params_ui_tutorial.py
[2026-07-01T09:21:52.421+0000] {logging_mixin.py:190} INFO - [2026-07-01T09:21:52.420+0000] {dag.py:3211} INFO - Sync 1 DAGs
[2026-07-01T09:21:52.431+0000] {logging_mixin.py:190} INFO - [2026-07-01T09:21:52.431+0000] {dag.py:4138} INFO - Setting next_dagrun for example_params_ui_tutorial to None, run_after=None
[2026-07-01T09:21:52.443+0000] {processor.py:208} INFO - Processing /home/airflow/.local/lib/python3.12/site-packages/airflow/example_dags/example_params_ui_tutorial.py took 0.062 seconds
[2026-07-01T09:22:22.725+0000] {processor.py:186} INFO - Started process (PID=1633) to work on /home/airflow/.local/lib/python3.12/site-packages/airflow/example_dags/example_params_ui_tutorial.py
[2026-07-01T09:22:22.726+0000] {processor.py:914} INFO - Processing file /home/airflow/.local/lib/python3.12/site-packages/airflow/example_dags/example_params_ui_tutorial.py for tasks to queue
[2026-07-01T09:22:22.728+0000] {logging_mixin.py:190} INFO - [2026-07-01T09:22:22.728+0000] {dagbag.py:587} INFO - Filling up the DagBag from /home/airflow/.local/lib/python3.12/site-packages/airflow/example_dags/example_params_ui_tutorial.py
[2026-07-01T09:22:22.736+0000] {processor.py:925} INFO - DAG(s) 'example_params_ui_tutorial' retrieved from /home/airflow/.local/lib/python3.12/site-packages/airflow/example_dags/example_params_ui_tutorial.py
[2026-07-01T09:22:22.767+0000] {logging_mixin.py:190} INFO - [2026-07-01T09:22:22.766+0000] {dag.py:3211} INFO - Sync 1 DAGs
[2026-07-01T09:22:22.778+0000] {logging_mixin.py:190} INFO - [2026-07-01T09:22:22.778+0000] {dag.py:4138} INFO - Setting next_dagrun for example_params_ui_tutorial to None, run_after=None
[2026-07-01T09:22:22.794+0000] {processor.py:208} INFO - Processing /home/airflow/.local/lib/python3.12/site-packages/airflow/example_dags/example_params_ui_tutorial.py took 0.074 seconds
[2026-07-01T09:22:53.684+0000] {processor.py:186} INFO - Started process (PID=1695) to work on /home/airflow/.local/lib/python3.12/site-packages/airflow/example_dags/example_params_ui_tutorial.py
[2026-07-01T09:22:53.685+0000] {processor.py:914} INFO - Processing file /home/airflow/.local/lib/python3.12/site-packages/airflow/example_dags/example_params_ui_tutorial.py for tasks to queue
[2026-07-01T09:22:53.687+0000] {logging_mixin.py:190} INFO - [2026-07-01T09:22:53.687+0000] {dagbag.py:587} INFO - Filling up the DagBag from /home/airflow/.local/lib/python3.12/site-packages/airflow/example_dags/example_params_ui_tutorial.py
[2026-07-01T09:22:53.696+0000] {processor.py:925} INFO - DAG(s) 'example_params_ui_tutorial' retrieved from /home/airflow/.local/lib/python3.12/site-packages/airflow/example_dags/example_params_ui_tutorial.py
[2026-07-01T09:22:53.728+0000] {logging_mixin.py:190} INFO - [2026-07-01T09:22:53.728+0000] {dag.py:3211} INFO - Sync 1 DAGs
[2026-07-01T09:22:53.740+0000] {logging_mixin.py:190} INFO - [2026-07-01T09:22:53.740+0000] {dag.py:4138} INFO - Setting next_dagrun for example_params_ui_tutorial to None, run_after=None
[2026-07-01T09:22:53.754+0000] {processor.py:208} INFO - Processing /home/airflow/.local/lib/python3.12/site-packages/airflow/example_dags/example_params_ui_tutorial.py took 0.074 seconds
[2026-07-01T09:23:23.891+0000] {processor.py:186} INFO - Started process (PID=1757) to work on /home/airflow/.local/lib/python3.12/site-packages/airflow/example_dags/example_params_ui_tutorial.py
[2026-07-01T09:23:23.892+0000] {processor.py:914} INFO - Processing file /home/airflow/.local/lib/python3.12/site-packages/airflow/example_dags/example_params_ui_tutorial.py for tasks to queue
[2026-07-01T09:23:23.893+0000] {logging_mixin.py:190} INFO - [2026-07-01T09:23:23.893+0000] {dagbag.py:587} INFO - Filling up the DagBag from /home/airflow/.local/lib/python3.12/site-packages/airflow/example_dags/example_params_ui_tutorial.py
[2026-07-01T09:23:23.899+0000] {processor.py:925} INFO - DAG(s) 'example_params_ui_tutorial' retrieved from /home/airflow/.local/lib/python3.12/site-packages/airflow/example_dags/example_params_ui_tutorial.py
[2026-07-01T09:23:23.925+0000] {logging_mixin.py:190} INFO - [2026-07-01T09:23:23.925+0000] {dag.py:3211} INFO - Sync 1 DAGs
[2026-07-01T09:23:23.934+0000] {logging_mixin.py:190} INFO - [2026-07-01T09:23:23.934+0000] {dag.py:4138} INFO - Setting next_dagrun for example_params_ui_tutorial to None, run_after=None
[2026-07-01T09:23:23.946+0000] {processor.py:208} INFO - Processing /home/airflow/.local/lib/python3.12/site-packages/airflow/example_dags/example_params_ui_tutorial.py took 0.060 seconds
[2026-07-01T09:23:54.222+0000] {processor.py:186} INFO - Started process (PID=1818) to work on /home/airflow/.local/lib/python3.12/site-packages/airflow/example_dags/example_params_ui_tutorial.py
[2026-07-01T09:23:54.223+0000] {processor.py:914} INFO - Processing file /home/airflow/.local/lib/python3.12/site-packages/airflow/example_dags/example_params_ui_tutorial.py for tasks to queue
[2026-07-01T09:23:54.224+0000] {logging_mixin.py:190} INFO - [2026-07-01T09:23:54.224+0000] {dagbag.py:587} INFO - Filling up the DagBag from /home/airflow/.local/lib/python3.12/site-packages/airflow/example_dags/example_params_ui_tutorial.py
[2026-07-01T09:23:54.230+0000] {processor.py:925} INFO - DAG(s) 'example_params_ui_tutorial' retrieved from /home/airflow/.local/lib/python3.12/site-packages/airflow/example_dags/example_params_ui_tutorial.py
[2026-07-01T09:23:54.257+0000] {logging_mixin.py:190} INFO - [2026-07-01T09:23:54.256+0000] {dag.py:3211} INFO - Sync 1 DAGs
[2026-07-01T09:23:54.267+0000] {logging_mixin.py:190} INFO - [2026-07-01T09:23:54.267+0000] {dag.py:4138} INFO - Setting next_dagrun for example_params_ui_tutorial to None, run_after=None
[2026-07-01T09:23:54.282+0000] {processor.py:208} INFO - Processing /home/airflow/.local/lib/python3.12/site-packages/airflow/example_dags/example_params_ui_tutorial.py took 0.064 seconds
[2026-07-01T09:24:24.471+0000] {processor.py:186} INFO - Started process (PID=1880) to work on /home/airflow/.local/lib/python3.12/site-packages/airflow/example_dags/example_params_ui_tutorial.py
[2026-07-01T09:24:24.472+0000] {processor.py:914} INFO - Processing file /home/airflow/.local/lib/python3.12/site-packages/airflow/example_dags/example_params_ui_tutorial.py for tasks to queue
[2026-07-01T09:24:24.474+0000] {logging_mixin.py:190} INFO - [2026-07-01T09:24:24.474+0000] {dagbag.py:587} INFO - Filling up the DagBag from /home/airflow/.local/lib/python3.12/site-packages/airflow/example_dags/example_params_ui_tutorial.py
[2026-07-01T09:24:24.480+0000] {processor.py:925} INFO - DAG(s) 'example_params_ui_tutorial' retrieved from /home/airflow/.local/lib/python3.12/site-packages/airflow/example_dags/example_params_ui_tutorial.py
[2026-07-01T09:24:24.505+0000] {logging_mixin.py:190} INFO - [2026-07-01T09:24:24.505+0000] {dag.py:3211} INFO - Sync 1 DAGs
[2026-07-01T09:24:24.514+0000] {logging_mixin.py:190} INFO - [2026-07-01T09:24:24.514+0000] {dag.py:4138} INFO - Setting next_dagrun for example_params_ui_tutorial to None, run_after=None
[2026-07-01T09:24:24.526+0000] {processor.py:208} INFO - Processing /home/airflow/.local/lib/python3.12/site-packages/airflow/example_dags/example_params_ui_tutorial.py took 0.060 seconds
[2026-07-01T09:24:54.657+0000] {processor.py:186} INFO - Started process (PID=1942) to work on /home/airflow/.local/lib/python3.12/site-packages/airflow/example_dags/example_params_ui_tutorial.py
[2026-07-01T09:24:54.658+0000] {processor.py:914} INFO - Processing file /home/airflow/.local/lib/python3.12/site-packages/airflow/example_dags/example_params_ui_tutorial.py for tasks to queue
[2026-07-01T09:24:54.660+0000] {logging_mixin.py:190} INFO - [2026-07-01T09:24:54.659+0000] {dagbag.py:587} INFO - Filling up the DagBag from /home/airflow/.local/lib/python3.12/site-packages/airflow/example_dags/example_params_ui_tutorial.py
[2026-07-01T09:24:54.666+0000] {processor.py:925} INFO - DAG(s) 'example_params_ui_tutorial' retrieved from /home/airflow/.local/lib/python3.12/site-packages/airflow/example_dags/example_params_ui_tutorial.py
[2026-07-01T09:24:54.692+0000] {logging_mixin.py:190} INFO - [2026-07-01T09:24:54.692+0000] {dag.py:3211} INFO - Sync 1 DAGs
[2026-07-01T09:24:54.703+0000] {logging_mixin.py:190} INFO - [2026-07-01T09:24:54.703+0000] {dag.py:4138} INFO - Setting next_dagrun for example_params_ui_tutorial to None, run_after=None
[2026-07-01T09:24:54.717+0000] {processor.py:208} INFO - Processing /home/airflow/.local/lib/python3.12/site-packages/airflow/example_dags/example_params_ui_tutorial.py took 0.064 seconds
[2026-07-01T09:25:24.758+0000] {processor.py:186} INFO - Started process (PID=2003) to work on /home/airflow/.local/lib/python3.12/site-packages/airflow/example_dags/example_params_ui_tutorial.py
[2026-07-01T09:25:24.759+0000] {processor.py:914} INFO - Processing file /home/airflow/.local/lib/python3.12/site-packages/airflow/example_dags/example_params_ui_tutorial.py for tasks to queue
[2026-07-01T09:25:24.761+0000] {logging_mixin.py:190} INFO - [2026-07-01T09:25:24.761+0000] {dagbag.py:587} INFO - Filling up the DagBag from /home/airflow/.local/lib/python3.12/site-packages/airflow/example_dags/example_params_ui_tutorial.py
[2026-07-01T09:25:24.767+0000] {processor.py:925} INFO - DAG(s) 'example_params_ui_tutorial' retrieved from /home/airflow/.local/lib/python3.12/site-packages/airflow/example_dags/example_params_ui_tutorial.py
[2026-07-01T09:25:24.791+0000] {logging_mixin.py:190} INFO - [2026-07-01T09:25:24.791+0000] {dag.py:3211} INFO - Sync 1 DAGs
[2026-07-01T09:25:24.801+0000] {logging_mixin.py:190} INFO - [2026-07-01T09:25:24.801+0000] {dag.py:4138} INFO - Setting next_dagrun for example_params_ui_tutorial to None, run_after=None
[2026-07-01T09:25:24.812+0000] {processor.py:208} INFO - Processing /home/airflow/.local/lib/python3.12/site-packages/airflow/example_dags/example_params_ui_tutorial.py took 0.058 seconds
[2026-07-01T09:30:07.749+0000] {processor.py:186} INFO - Started process (PID=2061) to work on /home/airflow/.local/lib/python3.12/site-packages/airflow/example_dags/example_params_ui_tutorial.py
[2026-07-01T09:30:07.751+0000] {processor.py:914} INFO - Processing file /home/airflow/.local/lib/python3.12/site-packages/airflow/example_dags/example_params_ui_tutorial.py for tasks to queue
[2026-07-01T09:30:07.753+0000] {logging_mixin.py:190} INFO - [2026-07-01T09:30:07.753+0000] {dagbag.py:587} INFO - Filling up the DagBag from /home/airflow/.local/lib/python3.12/site-packages/airflow/example_dags/example_params_ui_tutorial.py
[2026-07-01T09:30:07.761+0000] {processor.py:925} INFO - DAG(s) 'example_params_ui_tutorial' retrieved from /home/airflow/.local/lib/python3.12/site-packages/airflow/example_dags/example_params_ui_tutorial.py
[2026-07-01T09:30:07.791+0000] {logging_mixin.py:190} INFO - [2026-07-01T09:30:07.791+0000] {dag.py:3211} INFO - Sync 1 DAGs
[2026-07-01T09:30:07.802+0000] {logging_mixin.py:190} INFO - [2026-07-01T09:30:07.802+0000] {dag.py:4138} INFO - Setting next_dagrun for example_params_ui_tutorial to None, run_after=None
[2026-07-01T09:30:07.816+0000] {processor.py:208} INFO - Processing /home/airflow/.local/lib/python3.12/site-packages/airflow/example_dags/example_params_ui_tutorial.py took 0.071 seconds
[2026-07-01T09:30:38.510+0000] {processor.py:186} INFO - Started process (PID=2123) to work on /home/airflow/.local/lib/python3.12/site-packages/airflow/example_dags/example_params_ui_tutorial.py
[2026-07-01T09:30:38.512+0000] {processor.py:914} INFO - Processing file /home/airflow/.local/lib/python3.12/site-packages/airflow/example_dags/example_params_ui_tutorial.py for tasks to queue
[2026-07-01T09:30:38.514+0000] {logging_mixin.py:190} INFO - [2026-07-01T09:30:38.514+0000] {dagbag.py:587} INFO - Filling up the DagBag from /home/airflow/.local/lib/python3.12/site-packages/airflow/example_dags/example_params_ui_tutorial.py
[2026-07-01T09:30:38.521+0000] {processor.py:925} INFO - DAG(s) 'example_params_ui_tutorial' retrieved from /home/airflow/.local/lib/python3.12/site-packages/airflow/example_dags/example_params_ui_tutorial.py
[2026-07-01T09:30:38.550+0000] {logging_mixin.py:190} INFO - [2026-07-01T09:30:38.550+0000] {dag.py:3211} INFO - Sync 1 DAGs
[2026-07-01T09:30:38.560+0000] {logging_mixin.py:190} INFO - [2026-07-01T09:30:38.560+0000] {dag.py:4138} INFO - Setting next_dagrun for example_params_ui_tutorial to None, run_after=None
[2026-07-01T09:30:38.574+0000] {processor.py:208} INFO - Processing /home/airflow/.local/lib/python3.12/site-packages/airflow/example_dags/example_params_ui_tutorial.py took 0.068 seconds
[2026-07-01T09:31:08.863+0000] {processor.py:186} INFO - Started process (PID=2185) to work on /home/airflow/.local/lib/python3.12/site-packages/airflow/example_dags/example_params_ui_tutorial.py
[2026-07-01T09:31:08.864+0000] {processor.py:914} INFO - Processing file /home/airflow/.local/lib/python3.12/site-packages/airflow/example_dags/example_params_ui_tutorial.py for tasks to queue
[2026-07-01T09:31:08.866+0000] {logging_mixin.py:190} INFO - [2026-07-01T09:31:08.866+0000] {dagbag.py:587} INFO - Filling up the DagBag from /home/airflow/.local/lib/python3.12/site-packages/airflow/example_dags/example_params_ui_tutorial.py
[2026-07-01T09:31:08.872+0000] {processor.py:925} INFO - DAG(s) 'example_params_ui_tutorial' retrieved from /home/airflow/.local/lib/python3.12/site-packages/airflow/example_dags/example_params_ui_tutorial.py
[2026-07-01T09:31:08.898+0000] {logging_mixin.py:190} INFO - [2026-07-01T09:31:08.898+0000] {dag.py:3211} INFO - Sync 1 DAGs
[2026-07-01T09:31:08.908+0000] {logging_mixin.py:190} INFO - [2026-07-01T09:31:08.907+0000] {dag.py:4138} INFO - Setting next_dagrun for example_params_ui_tutorial to None, run_after=None
[2026-07-01T09:31:08.920+0000] {processor.py:208} INFO - Processing /home/airflow/.local/lib/python3.12/site-packages/airflow/example_dags/example_params_ui_tutorial.py took 0.061 seconds
[2026-07-01T09:31:39.207+0000] {processor.py:186} INFO - Started process (PID=2246) to work on /home/airflow/.local/lib/python3.12/site-packages/airflow/example_dags/example_params_ui_tutorial.py
[2026-07-01T09:31:39.208+0000] {processor.py:914} INFO - Processing file /home/airflow/.local/lib/python3.12/site-packages/airflow/example_dags/example_params_ui_tutorial.py for tasks to queue
[2026-07-01T09:31:39.210+0000] {logging_mixin.py:190} INFO - [2026-07-01T09:31:39.210+0000] {dagbag.py:587} INFO - Filling up the DagBag from /home/airflow/.local/lib/python3.12/site-packages/airflow/example_dags/example_params_ui_tutorial.py
[2026-07-01T09:31:39.217+0000] {processor.py:925} INFO - DAG(s) 'example_params_ui_tutorial' retrieved from /home/airflow/.local/lib/python3.12/site-packages/airflow/example_dags/example_params_ui_tutorial.py
[2026-07-01T09:31:39.243+0000] {logging_mixin.py:190} INFO - [2026-07-01T09:31:39.243+0000] {dag.py:3211} INFO - Sync 1 DAGs
[2026-07-01T09:31:39.254+0000] {logging_mixin.py:190} INFO - [2026-07-01T09:31:39.253+0000] {dag.py:4138} INFO - Setting next_dagrun for example_params_ui_tutorial to None, run_after=None
[2026-07-01T09:31:39.268+0000] {processor.py:208} INFO - Processing /home/airflow/.local/lib/python3.12/site-packages/airflow/example_dags/example_params_ui_tutorial.py took 0.065 seconds
[2026-07-01T09:32:09.578+0000] {processor.py:186} INFO - Started process (PID=2308) to work on /home/airflow/.local/lib/python3.12/site-packages/airflow/example_dags/example_params_ui_tutorial.py
[2026-07-01T09:32:09.579+0000] {processor.py:914} INFO - Processing file /home/airflow/.local/lib/python3.12/site-packages/airflow/example_dags/example_params_ui_tutorial.py for tasks to queue
[2026-07-01T09:32:09.581+0000] {logging_mixin.py:190} INFO - [2026-07-01T09:32:09.581+0000] {dagbag.py:587} INFO - Filling up the DagBag from /home/airflow/.local/lib/python3.12/site-packages/airflow/example_dags/example_params_ui_tutorial.py
[2026-07-01T09:32:09.588+0000] {processor.py:925} INFO - DAG(s) 'example_params_ui_tutorial' retrieved from /home/airflow/.local/lib/python3.12/site-packages/airflow/example_dags/example_params_ui_tutorial.py
[2026-07-01T09:32:09.615+0000] {logging_mixin.py:190} INFO - [2026-07-01T09:32:09.615+0000] {dag.py:3211} INFO - Sync 1 DAGs
[2026-07-01T09:32:09.625+0000] {logging_mixin.py:190} INFO - [2026-07-01T09:32:09.625+0000] {dag.py:4138} INFO - Setting next_dagrun for example_params_ui_tutorial to None, run_after=None
[2026-07-01T09:32:09.638+0000] {processor.py:208} INFO - Processing /home/airflow/.local/lib/python3.12/site-packages/airflow/example_dags/example_params_ui_tutorial.py took 0.065 seconds
[2026-07-01T09:32:39.934+0000] {processor.py:186} INFO - Started process (PID=2370) to work on /home/airflow/.local/lib/python3.12/site-packages/airflow/example_dags/example_params_ui_tutorial.py
[2026-07-01T09:32:39.935+0000] {processor.py:914} INFO - Processing file /home/airflow/.local/lib/python3.12/site-packages/airflow/example_dags/example_params_ui_tutorial.py for tasks to queue
[2026-07-01T09:32:39.937+0000] {logging_mixin.py:190} INFO - [2026-07-01T09:32:39.937+0000] {dagbag.py:587} INFO - Filling up the DagBag from /home/airflow/.local/lib/python3.12/site-packages/airflow/example_dags/example_params_ui_tutorial.py
[2026-07-01T09:32:39.944+0000] {processor.py:925} INFO - DAG(s) 'example_params_ui_tutorial' retrieved from /home/airflow/.local/lib/python3.12/site-packages/airflow/example_dags/example_params_ui_tutorial.py
[2026-07-01T09:32:39.973+0000] {logging_mixin.py:190} INFO - [2026-07-01T09:32:39.972+0000] {dag.py:3211} INFO - Sync 1 DAGs
[2026-07-01T09:32:39.984+0000] {logging_mixin.py:190} INFO - [2026-07-01T09:32:39.984+0000] {dag.py:4138} INFO - Setting next_dagrun for example_params_ui_tutorial to None, run_after=None
[2026-07-01T09:32:40.002+0000] {processor.py:208} INFO - Processing /home/airflow/.local/lib/python3.12/site-packages/airflow/example_dags/example_params_ui_tutorial.py took 0.072 seconds
[2026-07-01T09:33:10.174+0000] {processor.py:186} INFO - Started process (PID=2431) to work on /home/airflow/.local/lib/python3.12/site-packages/airflow/example_dags/example_params_ui_tutorial.py
[2026-07-01T09:33:10.174+0000] {processor.py:914} INFO - Processing file /home/airflow/.local/lib/python3.12/site-packages/airflow/example_dags/example_params_ui_tutorial.py for tasks to queue
[2026-07-01T09:33:10.176+0000] {logging_mixin.py:190} INFO - [2026-07-01T09:33:10.176+0000] {dagbag.py:587} INFO - Filling up the DagBag from /home/airflow/.local/lib/python3.12/site-packages/airflow/example_dags/example_params_ui_tutorial.py
[2026-07-01T09:33:10.182+0000] {processor.py:925} INFO - DAG(s) 'example_params_ui_tutorial' retrieved from /home/airflow/.local/lib/python3.12/site-packages/airflow/example_dags/example_params_ui_tutorial.py
[2026-07-01T09:33:10.208+0000] {logging_mixin.py:190} INFO - [2026-07-01T09:33:10.208+0000] {dag.py:3211} INFO - Sync 1 DAGs
[2026-07-01T09:33:10.217+0000] {logging_mixin.py:190} INFO - [2026-07-01T09:33:10.217+0000] {dag.py:4138} INFO - Setting next_dagrun for example_params_ui_tutorial to None, run_after=None
[2026-07-01T09:33:10.232+0000] {processor.py:208} INFO - Processing /home/airflow/.local/lib/python3.12/site-packages/airflow/example_dags/example_params_ui_tutorial.py took 0.063 seconds
[2026-07-01T09:33:40.765+0000] {processor.py:186} INFO - Started process (PID=2492) to work on /home/airflow/.local/lib/python3.12/site-packages/airflow/example_dags/example_params_ui_tutorial.py
[2026-07-01T09:33:40.766+0000] {processor.py:914} INFO - Processing file /home/airflow/.local/lib/python3.12/site-packages/airflow/example_dags/example_params_ui_tutorial.py for tasks to queue
[2026-07-01T09:33:40.768+0000] {logging_mixin.py:190} INFO - [2026-07-01T09:33:40.768+0000] {dagbag.py:587} INFO - Filling up the DagBag from /home/airflow/.local/lib/python3.12/site-packages/airflow/example_dags/example_params_ui_tutorial.py
[2026-07-01T09:33:40.774+0000] {processor.py:925} INFO - DAG(s) 'example_params_ui_tutorial' retrieved from /home/airflow/.local/lib/python3.12/site-packages/airflow/example_dags/example_params_ui_tutorial.py
[2026-07-01T09:33:40.802+0000] {logging_mixin.py:190} INFO - [2026-07-01T09:33:40.802+0000] {dag.py:3211} INFO - Sync 1 DAGs
[2026-07-01T09:33:40.811+0000] {logging_mixin.py:190} INFO - [2026-07-01T09:33:40.811+0000] {dag.py:4138} INFO - Setting next_dagrun for example_params_ui_tutorial to None, run_after=None
[2026-07-01T09:33:40.824+0000] {processor.py:208} INFO - Processing /home/airflow/.local/lib/python3.12/site-packages/airflow/example_dags/example_params_ui_tutorial.py took 0.063 seconds
[2026-07-01T09:34:11.740+0000] {processor.py:186} INFO - Started process (PID=2554) to work on /home/airflow/.local/lib/python3.12/site-packages/airflow/example_dags/example_params_ui_tutorial.py
[2026-07-01T09:34:11.741+0000] {processor.py:914} INFO - Processing file /home/airflow/.local/lib/python3.12/site-packages/airflow/example_dags/example_params_ui_tutorial.py for tasks to queue
[2026-07-01T09:34:11.743+0000] {logging_mixin.py:190} INFO - [2026-07-01T09:34:11.743+0000] {dagbag.py:587} INFO - Filling up the DagBag from /home/airflow/.local/lib/python3.12/site-packages/airflow/example_dags/example_params_ui_tutorial.py
[2026-07-01T09:34:11.750+0000] {processor.py:925} INFO - DAG(s) 'example_params_ui_tutorial' retrieved from /home/airflow/.local/lib/python3.12/site-packages/airflow/example_dags/example_params_ui_tutorial.py
[2026-07-01T09:34:11.783+0000] {logging_mixin.py:190} INFO - [2026-07-01T09:34:11.783+0000] {dag.py:3211} INFO - Sync 1 DAGs
[2026-07-01T09:34:11.796+0000] {logging_mixin.py:190} INFO - [2026-07-01T09:34:11.796+0000] {dag.py:4138} INFO - Setting next_dagrun for example_params_ui_tutorial to None, run_after=None
[2026-07-01T09:34:11.812+0000] {processor.py:208} INFO - Processing /home/airflow/.local/lib/python3.12/site-packages/airflow/example_dags/example_params_ui_tutorial.py took 0.078 seconds
[2026-07-01T09:34:43.157+0000] {processor.py:186} INFO - Started process (PID=2619) to work on /home/airflow/.local/lib/python3.12/site-packages/airflow/example_dags/example_params_ui_tutorial.py
[2026-07-01T09:34:43.158+0000] {processor.py:914} INFO - Processing file /home/airflow/.local/lib/python3.12/site-packages/airflow/example_dags/example_params_ui_tutorial.py for tasks to queue
[2026-07-01T09:34:43.160+0000] {logging_mixin.py:190} INFO - [2026-07-01T09:34:43.160+0000] {dagbag.py:587} INFO - Filling up the DagBag from /home/airflow/.local/lib/python3.12/site-packages/airflow/example_dags/example_params_ui_tutorial.py
[2026-07-01T09:34:43.167+0000] {processor.py:925} INFO - DAG(s) 'example_params_ui_tutorial' retrieved from /home/airflow/.local/lib/python3.12/site-packages/airflow/example_dags/example_params_ui_tutorial.py
[2026-07-01T09:34:43.195+0000] {logging_mixin.py:190} INFO - [2026-07-01T09:34:43.195+0000] {dag.py:3211} INFO - Sync 1 DAGs
[2026-07-01T09:34:43.206+0000] {logging_mixin.py:190} INFO - [2026-07-01T09:34:43.206+0000] {dag.py:4138} INFO - Setting next_dagrun for example_params_ui_tutorial to None, run_after=None
[2026-07-01T09:34:43.220+0000] {processor.py:208} INFO - Processing /home/airflow/.local/lib/python3.12/site-packages/airflow/example_dags/example_params_ui_tutorial.py took 0.068 seconds
[2026-07-01T09:35:13.834+0000] {processor.py:186} INFO - Started process (PID=2681) to work on /home/airflow/.local/lib/python3.12/site-packages/airflow/example_dags/example_params_ui_tutorial.py
[2026-07-01T09:35:13.838+0000] {processor.py:914} INFO - Processing file /home/airflow/.local/lib/python3.12/site-packages/airflow/example_dags/example_params_ui_tutorial.py for tasks to queue
[2026-07-01T09:35:13.841+0000] {logging_mixin.py:190} INFO - [2026-07-01T09:35:13.840+0000] {dagbag.py:587} INFO - Filling up the DagBag from /home/airflow/.local/lib/python3.12/site-packages/airflow/example_dags/example_params_ui_tutorial.py
[2026-07-01T09:35:13.848+0000] {processor.py:925} INFO - DAG(s) 'example_params_ui_tutorial' retrieved from /home/airflow/.local/lib/python3.12/site-packages/airflow/example_dags/example_params_ui_tutorial.py
[2026-07-01T09:35:13.874+0000] {logging_mixin.py:190} INFO - [2026-07-01T09:35:13.874+0000] {dag.py:3211} INFO - Sync 1 DAGs
[2026-07-01T09:35:13.883+0000] {logging_mixin.py:190} INFO - [2026-07-01T09:35:13.883+0000] {dag.py:4138} INFO - Setting next_dagrun for example_params_ui_tutorial to None, run_after=None
[2026-07-01T09:35:13.896+0000] {processor.py:208} INFO - Processing /home/airflow/.local/lib/python3.12/site-packages/airflow/example_dags/example_params_ui_tutorial.py took 0.067 seconds
[2026-07-01T09:35:44.506+0000] {processor.py:186} INFO - Started process (PID=2743) to work on /home/airflow/.local/lib/python3.12/site-packages/airflow/example_dags/example_params_ui_tutorial.py
[2026-07-01T09:35:44.507+0000] {processor.py:914} INFO - Processing file /home/airflow/.local/lib/python3.12/site-packages/airflow/example_dags/example_params_ui_tutorial.py for tasks to queue
[2026-07-01T09:35:44.509+0000] {logging_mixin.py:190} INFO - [2026-07-01T09:35:44.509+0000] {dagbag.py:587} INFO - Filling up the DagBag from /home/airflow/.local/lib/python3.12/site-packages/airflow/example_dags/example_params_ui_tutorial.py
[2026-07-01T09:35:44.516+0000] {processor.py:925} INFO - DAG(s) 'example_params_ui_tutorial' retrieved from /home/airflow/.local/lib/python3.12/site-packages/airflow/example_dags/example_params_ui_tutorial.py
[2026-07-01T09:35:44.544+0000] {logging_mixin.py:190} INFO - [2026-07-01T09:35:44.544+0000] {dag.py:3211} INFO - Sync 1 DAGs
[2026-07-01T09:35:44.555+0000] {logging_mixin.py:190} INFO - [2026-07-01T09:35:44.554+0000] {dag.py:4138} INFO - Setting next_dagrun for example_params_ui_tutorial to None, run_after=None
[2026-07-01T09:35:44.567+0000] {processor.py:208} INFO - Processing /home/airflow/.local/lib/python3.12/site-packages/airflow/example_dags/example_params_ui_tutorial.py took 0.065 seconds
[2026-07-01T09:36:15.163+0000] {processor.py:186} INFO - Started process (PID=2805) to work on /home/airflow/.local/lib/python3.12/site-packages/airflow/example_dags/example_params_ui_tutorial.py
[2026-07-01T09:36:15.164+0000] {processor.py:914} INFO - Processing file /home/airflow/.local/lib/python3.12/site-packages/airflow/example_dags/example_params_ui_tutorial.py for tasks to queue
[2026-07-01T09:36:15.166+0000] {logging_mixin.py:190} INFO - [2026-07-01T09:36:15.166+0000] {dagbag.py:587} INFO - Filling up the DagBag from /home/airflow/.local/lib/python3.12/site-packages/airflow/example_dags/example_params_ui_tutorial.py
[2026-07-01T09:36:15.174+0000] {processor.py:925} INFO - DAG(s) 'example_params_ui_tutorial' retrieved from /home/airflow/.local/lib/python3.12/site-packages/airflow/example_dags/example_params_ui_tutorial.py
[2026-07-01T09:36:15.209+0000] {logging_mixin.py:190} INFO - [2026-07-01T09:36:15.208+0000] {dag.py:3211} INFO - Sync 1 DAGs
[2026-07-01T09:36:15.220+0000] {logging_mixin.py:190} INFO - [2026-07-01T09:36:15.220+0000] {dag.py:4138} INFO - Setting next_dagrun for example_params_ui_tutorial to None, run_after=None
[2026-07-01T09:36:15.235+0000] {processor.py:208} INFO - Processing /home/airflow/.local/lib/python3.12/site-packages/airflow/example_dags/example_params_ui_tutorial.py took 0.077 seconds
[2026-07-01T09:36:46.102+0000] {processor.py:186} INFO - Started process (PID=2867) to work on /home/airflow/.local/lib/python3.12/site-packages/airflow/example_dags/example_params_ui_tutorial.py
[2026-07-01T09:36:46.103+0000] {processor.py:914} INFO - Processing file /home/airflow/.local/lib/python3.12/site-packages/airflow/example_dags/example_params_ui_tutorial.py for tasks to queue
[2026-07-01T09:36:46.105+0000] {logging_mixin.py:190} INFO - [2026-07-01T09:36:46.105+0000] {dagbag.py:587} INFO - Filling up the DagBag from /home/airflow/.local/lib/python3.12/site-packages/airflow/example_dags/example_params_ui_tutorial.py
[2026-07-01T09:36:46.112+0000] {processor.py:925} INFO - DAG(s) 'example_params_ui_tutorial' retrieved from /home/airflow/.local/lib/python3.12/site-packages/airflow/example_dags/example_params_ui_tutorial.py
[2026-07-01T09:36:46.144+0000] {logging_mixin.py:190} INFO - [2026-07-01T09:36:46.143+0000] {dag.py:3211} INFO - Sync 1 DAGs
[2026-07-01T09:36:46.156+0000] {logging_mixin.py:190} INFO - [2026-07-01T09:36:46.155+0000] {dag.py:4138} INFO - Setting next_dagrun for example_params_ui_tutorial to None, run_after=None
[2026-07-01T09:36:46.170+0000] {processor.py:208} INFO - Processing /home/airflow/.local/lib/python3.12/site-packages/airflow/example_dags/example_params_ui_tutorial.py took 0.073 seconds
[2026-07-01T09:37:17.693+0000] {processor.py:186} INFO - Started process (PID=2929) to work on /home/airflow/.local/lib/python3.12/site-packages/airflow/example_dags/example_params_ui_tutorial.py
[2026-07-01T09:37:17.695+0000] {processor.py:914} INFO - Processing file /home/airflow/.local/lib/python3.12/site-packages/airflow/example_dags/example_params_ui_tutorial.py for tasks to queue
[2026-07-01T09:37:17.697+0000] {logging_mixin.py:190} INFO - [2026-07-01T09:37:17.697+0000] {dagbag.py:587} INFO - Filling up the DagBag from /home/airflow/.local/lib/python3.12/site-packages/airflow/example_dags/example_params_ui_tutorial.py
[2026-07-01T09:37:17.706+0000] {processor.py:925} INFO - DAG(s) 'example_params_ui_tutorial' retrieved from /home/airflow/.local/lib/python3.12/site-packages/airflow/example_dags/example_params_ui_tutorial.py
[2026-07-01T09:37:17.741+0000] {logging_mixin.py:190} INFO - [2026-07-01T09:37:17.741+0000] {dag.py:3211} INFO - Sync 1 DAGs
[2026-07-01T09:37:17.934+0000] {logging_mixin.py:190} INFO - [2026-07-01T09:37:17.934+0000] {dag.py:4138} INFO - Setting next_dagrun for example_params_ui_tutorial to None, run_after=None
[2026-07-01T09:37:17.949+0000] {processor.py:208} INFO - Processing /home/airflow/.local/lib/python3.12/site-packages/airflow/example_dags/example_params_ui_tutorial.py took 0.262 seconds
[2026-07-01T09:37:48.177+0000] {processor.py:186} INFO - Started process (PID=2991) to work on /home/airflow/.local/lib/python3.12/site-packages/airflow/example_dags/example_params_ui_tutorial.py
[2026-07-01T09:37:48.179+0000] {processor.py:914} INFO - Processing file /home/airflow/.local/lib/python3.12/site-packages/airflow/example_dags/example_params_ui_tutorial.py for tasks to queue
[2026-07-01T09:37:48.181+0000] {logging_mixin.py:190} INFO - [2026-07-01T09:37:48.181+0000] {dagbag.py:587} INFO - Filling up the DagBag from /home/airflow/.local/lib/python3.12/site-packages/airflow/example_dags/example_params_ui_tutorial.py
[2026-07-01T09:37:48.189+0000] {processor.py:925} INFO - DAG(s) 'example_params_ui_tutorial' retrieved from /home/airflow/.local/lib/python3.12/site-packages/airflow/example_dags/example_params_ui_tutorial.py
[2026-07-01T09:37:48.221+0000] {logging_mixin.py:190} INFO - [2026-07-01T09:37:48.221+0000] {dag.py:3211} INFO - Sync 1 DAGs
[2026-07-01T09:37:48.233+0000] {logging_mixin.py:190} INFO - [2026-07-01T09:37:48.233+0000] {dag.py:4138} INFO - Setting next_dagrun for example_params_ui_tutorial to None, run_after=None
[2026-07-01T09:37:48.397+0000] {processor.py:208} INFO - Processing /home/airflow/.local/lib/python3.12/site-packages/airflow/example_dags/example_params_ui_tutorial.py took 0.225 seconds
[2026-07-01T09:38:18.994+0000] {processor.py:186} INFO - Started process (PID=3053) to work on /home/airflow/.local/lib/python3.12/site-packages/airflow/example_dags/example_params_ui_tutorial.py
[2026-07-01T09:38:18.994+0000] {processor.py:914} INFO - Processing file /home/airflow/.local/lib/python3.12/site-packages/airflow/example_dags/example_params_ui_tutorial.py for tasks to queue
[2026-07-01T09:38:18.996+0000] {logging_mixin.py:190} INFO - [2026-07-01T09:38:18.996+0000] {dagbag.py:587} INFO - Filling up the DagBag from /home/airflow/.local/lib/python3.12/site-packages/airflow/example_dags/example_params_ui_tutorial.py
[2026-07-01T09:38:19.003+0000] {processor.py:925} INFO - DAG(s) 'example_params_ui_tutorial' retrieved from /home/airflow/.local/lib/python3.12/site-packages/airflow/example_dags/example_params_ui_tutorial.py
[2026-07-01T09:38:19.032+0000] {logging_mixin.py:190} INFO - [2026-07-01T09:38:19.032+0000] {dag.py:3211} INFO - Sync 1 DAGs
[2026-07-01T09:38:19.044+0000] {logging_mixin.py:190} INFO - [2026-07-01T09:38:19.044+0000] {dag.py:4138} INFO - Setting next_dagrun for example_params_ui_tutorial to None, run_after=None
[2026-07-01T09:38:19.058+0000] {processor.py:208} INFO - Processing /home/airflow/.local/lib/python3.12/site-packages/airflow/example_dags/example_params_ui_tutorial.py took 0.070 seconds
[2026-07-01T09:38:49.935+0000] {processor.py:186} INFO - Started process (PID=3121) to work on /home/airflow/.local/lib/python3.12/site-packages/airflow/example_dags/example_params_ui_tutorial.py
[2026-07-01T09:38:49.937+0000] {processor.py:914} INFO - Processing file /home/airflow/.local/lib/python3.12/site-packages/airflow/example_dags/example_params_ui_tutorial.py for tasks to queue
[2026-07-01T09:38:49.939+0000] {logging_mixin.py:190} INFO - [2026-07-01T09:38:49.938+0000] {dagbag.py:587} INFO - Filling up the DagBag from /home/airflow/.local/lib/python3.12/site-packages/airflow/example_dags/example_params_ui_tutorial.py
[2026-07-01T09:38:49.946+0000] {processor.py:925} INFO - DAG(s) 'example_params_ui_tutorial' retrieved from /home/airflow/.local/lib/python3.12/site-packages/airflow/example_dags/example_params_ui_tutorial.py
[2026-07-01T09:38:49.977+0000] {logging_mixin.py:190} INFO - [2026-07-01T09:38:49.977+0000] {dag.py:3211} INFO - Sync 1 DAGs
[2026-07-01T09:38:49.989+0000] {logging_mixin.py:190} INFO - [2026-07-01T09:38:49.989+0000] {dag.py:4138} INFO - Setting next_dagrun for example_params_ui_tutorial to None, run_after=None
[2026-07-01T09:38:50.007+0000] {processor.py:208} INFO - Processing /home/airflow/.local/lib/python3.12/site-packages/airflow/example_dags/example_params_ui_tutorial.py took 0.076 seconds
[2026-07-01T09:39:20.655+0000] {processor.py:186} INFO - Started process (PID=3183) to work on /home/airflow/.local/lib/python3.12/site-packages/airflow/example_dags/example_params_ui_tutorial.py
[2026-07-01T09:39:20.656+0000] {processor.py:914} INFO - Processing file /home/airflow/.local/lib/python3.12/site-packages/airflow/example_dags/example_params_ui_tutorial.py for tasks to queue
[2026-07-01T09:39:20.659+0000] {logging_mixin.py:190} INFO - [2026-07-01T09:39:20.658+0000] {dagbag.py:587} INFO - Filling up the DagBag from /home/airflow/.local/lib/python3.12/site-packages/airflow/example_dags/example_params_ui_tutorial.py
[2026-07-01T09:39:20.666+0000] {processor.py:925} INFO - DAG(s) 'example_params_ui_tutorial' retrieved from /home/airflow/.local/lib/python3.12/site-packages/airflow/example_dags/example_params_ui_tutorial.py
[2026-07-01T09:39:20.697+0000] {logging_mixin.py:190} INFO - [2026-07-01T09:39:20.697+0000] {dag.py:3211} INFO - Sync 1 DAGs
[2026-07-01T09:39:20.708+0000] {logging_mixin.py:190} INFO - [2026-07-01T09:39:20.708+0000] {dag.py:4138} INFO - Setting next_dagrun for example_params_ui_tutorial to None, run_after=None
[2026-07-01T09:39:20.723+0000] {processor.py:208} INFO - Processing /home/airflow/.local/lib/python3.12/site-packages/airflow/example_dags/example_params_ui_tutorial.py took 0.073 seconds
[2026-07-01T09:39:51.033+0000] {processor.py:186} INFO - Started process (PID=3245) to work on /home/airflow/.local/lib/python3.12/site-packages/airflow/example_dags/example_params_ui_tutorial.py
[2026-07-01T09:39:51.034+0000] {processor.py:914} INFO - Processing file /home/airflow/.local/lib/python3.12/site-packages/airflow/example_dags/example_params_ui_tutorial.py for tasks to queue
[2026-07-01T09:39:51.036+0000] {logging_mixin.py:190} INFO - [2026-07-01T09:39:51.036+0000] {dagbag.py:587} INFO - Filling up the DagBag from /home/airflow/.local/lib/python3.12/site-packages/airflow/example_dags/example_params_ui_tutorial.py
[2026-07-01T09:39:51.042+0000] {processor.py:925} INFO - DAG(s) 'example_params_ui_tutorial' retrieved from /home/airflow/.local/lib/python3.12/site-packages/airflow/example_dags/example_params_ui_tutorial.py
[2026-07-01T09:39:51.068+0000] {logging_mixin.py:190} INFO - [2026-07-01T09:39:51.068+0000] {dag.py:3211} INFO - Sync 1 DAGs
[2026-07-01T09:39:51.078+0000] {logging_mixin.py:190} INFO - [2026-07-01T09:39:51.077+0000] {dag.py:4138} INFO - Setting next_dagrun for example_params_ui_tutorial to None, run_after=None
[2026-07-01T09:39:51.090+0000] {processor.py:208} INFO - Processing /home/airflow/.local/lib/python3.12/site-packages/airflow/example_dags/example_params_ui_tutorial.py took 0.061 seconds
[2026-07-01T09:40:22.304+0000] {processor.py:186} INFO - Started process (PID=3307) to work on /home/airflow/.local/lib/python3.12/site-packages/airflow/example_dags/example_params_ui_tutorial.py
[2026-07-01T09:40:22.305+0000] {processor.py:914} INFO - Processing file /home/airflow/.local/lib/python3.12/site-packages/airflow/example_dags/example_params_ui_tutorial.py for tasks to queue
[2026-07-01T09:40:22.307+0000] {logging_mixin.py:190} INFO - [2026-07-01T09:40:22.306+0000] {dagbag.py:587} INFO - Filling up the DagBag from /home/airflow/.local/lib/python3.12/site-packages/airflow/example_dags/example_params_ui_tutorial.py
[2026-07-01T09:40:22.313+0000] {processor.py:925} INFO - DAG(s) 'example_params_ui_tutorial' retrieved from /home/airflow/.local/lib/python3.12/site-packages/airflow/example_dags/example_params_ui_tutorial.py
[2026-07-01T09:40:22.340+0000] {logging_mixin.py:190} INFO - [2026-07-01T09:40:22.340+0000] {dag.py:3211} INFO - Sync 1 DAGs
[2026-07-01T09:40:22.350+0000] {logging_mixin.py:190} INFO - [2026-07-01T09:40:22.350+0000] {dag.py:4138} INFO - Setting next_dagrun for example_params_ui_tutorial to None, run_after=None
[2026-07-01T09:40:22.364+0000] {processor.py:208} INFO - Processing /home/airflow/.local/lib/python3.12/site-packages/airflow/example_dags/example_params_ui_tutorial.py took 0.065 seconds
[2026-07-01T09:40:52.558+0000] {processor.py:186} INFO - Started process (PID=3369) to work on /home/airflow/.local/lib/python3.12/site-packages/airflow/example_dags/example_params_ui_tutorial.py
[2026-07-01T09:40:52.559+0000] {processor.py:914} INFO - Processing file /home/airflow/.local/lib/python3.12/site-packages/airflow/example_dags/example_params_ui_tutorial.py for tasks to queue
[2026-07-01T09:40:52.562+0000] {logging_mixin.py:190} INFO - [2026-07-01T09:40:52.561+0000] {dagbag.py:587} INFO - Filling up the DagBag from /home/airflow/.local/lib/python3.12/site-packages/airflow/example_dags/example_params_ui_tutorial.py
[2026-07-01T09:40:52.570+0000] {processor.py:925} INFO - DAG(s) 'example_params_ui_tutorial' retrieved from /home/airflow/.local/lib/python3.12/site-packages/airflow/example_dags/example_params_ui_tutorial.py
[2026-07-01T09:40:52.600+0000] {logging_mixin.py:190} INFO - [2026-07-01T09:40:52.600+0000] {dag.py:3211} INFO - Sync 1 DAGs
[2026-07-01T09:40:52.610+0000] {logging_mixin.py:190} INFO - [2026-07-01T09:40:52.610+0000] {dag.py:4138} INFO - Setting next_dagrun for example_params_ui_tutorial to None, run_after=None
[2026-07-01T09:40:52.623+0000] {processor.py:208} INFO - Processing /home/airflow/.local/lib/python3.12/site-packages/airflow/example_dags/example_params_ui_tutorial.py took 0.070 seconds
[2026-07-01T09:41:22.931+0000] {processor.py:186} INFO - Started process (PID=3431) to work on /home/airflow/.local/lib/python3.12/site-packages/airflow/example_dags/example_params_ui_tutorial.py
[2026-07-01T09:41:22.933+0000] {processor.py:914} INFO - Processing file /home/airflow/.local/lib/python3.12/site-packages/airflow/example_dags/example_params_ui_tutorial.py for tasks to queue
[2026-07-01T09:41:22.935+0000] {logging_mixin.py:190} INFO - [2026-07-01T09:41:22.935+0000] {dagbag.py:587} INFO - Filling up the DagBag from /home/airflow/.local/lib/python3.12/site-packages/airflow/example_dags/example_params_ui_tutorial.py
[2026-07-01T09:41:22.942+0000] {processor.py:925} INFO - DAG(s) 'example_params_ui_tutorial' retrieved from /home/airflow/.local/lib/python3.12/site-packages/airflow/example_dags/example_params_ui_tutorial.py
[2026-07-01T09:41:22.969+0000] {logging_mixin.py:190} INFO - [2026-07-01T09:41:22.969+0000] {dag.py:3211} INFO - Sync 1 DAGs
[2026-07-01T09:41:22.978+0000] {logging_mixin.py:190} INFO - [2026-07-01T09:41:22.978+0000] {dag.py:4138} INFO - Setting next_dagrun for example_params_ui_tutorial to None, run_after=None
[2026-07-01T09:41:22.991+0000] {processor.py:208} INFO - Processing /home/airflow/.local/lib/python3.12/site-packages/airflow/example_dags/example_params_ui_tutorial.py took 0.064 seconds
[2026-07-01T09:41:53.202+0000] {processor.py:186} INFO - Started process (PID=3493) to work on /home/airflow/.local/lib/python3.12/site-packages/airflow/example_dags/example_params_ui_tutorial.py
[2026-07-01T09:41:53.204+0000] {processor.py:914} INFO - Processing file /home/airflow/.local/lib/python3.12/site-packages/airflow/example_dags/example_params_ui_tutorial.py for tasks to queue
[2026-07-01T09:41:53.206+0000] {logging_mixin.py:190} INFO - [2026-07-01T09:41:53.206+0000] {dagbag.py:587} INFO - Filling up the DagBag from /home/airflow/.local/lib/python3.12/site-packages/airflow/example_dags/example_params_ui_tutorial.py
[2026-07-01T09:41:53.213+0000] {processor.py:925} INFO - DAG(s) 'example_params_ui_tutorial' retrieved from /home/airflow/.local/lib/python3.12/site-packages/airflow/example_dags/example_params_ui_tutorial.py
[2026-07-01T09:41:53.243+0000] {logging_mixin.py:190} INFO - [2026-07-01T09:41:53.243+0000] {dag.py:3211} INFO - Sync 1 DAGs
[2026-07-01T09:41:53.257+0000] {logging_mixin.py:190} INFO - [2026-07-01T09:41:53.256+0000] {dag.py:4138} INFO - Setting next_dagrun for example_params_ui_tutorial to None, run_after=None
[2026-07-01T09:41:53.272+0000] {processor.py:208} INFO - Processing /home/airflow/.local/lib/python3.12/site-packages/airflow/example_dags/example_params_ui_tutorial.py took 0.075 seconds
[2026-07-01T09:42:23.504+0000] {processor.py:186} INFO - Started process (PID=3555) to work on /home/airflow/.local/lib/python3.12/site-packages/airflow/example_dags/example_params_ui_tutorial.py
[2026-07-01T09:42:23.505+0000] {processor.py:914} INFO - Processing file /home/airflow/.local/lib/python3.12/site-packages/airflow/example_dags/example_params_ui_tutorial.py for tasks to queue
[2026-07-01T09:42:23.506+0000] {logging_mixin.py:190} INFO - [2026-07-01T09:42:23.506+0000] {dagbag.py:587} INFO - Filling up the DagBag from /home/airflow/.local/lib/python3.12/site-packages/airflow/example_dags/example_params_ui_tutorial.py
[2026-07-01T09:42:23.513+0000] {processor.py:925} INFO - DAG(s) 'example_params_ui_tutorial' retrieved from /home/airflow/.local/lib/python3.12/site-packages/airflow/example_dags/example_params_ui_tutorial.py
[2026-07-01T09:42:23.554+0000] {logging_mixin.py:190} INFO - [2026-07-01T09:42:23.554+0000] {dag.py:3211} INFO - Sync 1 DAGs
[2026-07-01T09:42:23.564+0000] {logging_mixin.py:190} INFO - [2026-07-01T09:42:23.564+0000] {dag.py:4138} INFO - Setting next_dagrun for example_params_ui_tutorial to None, run_after=None
[2026-07-01T09:42:23.577+0000] {processor.py:208} INFO - Processing /home/airflow/.local/lib/python3.12/site-packages/airflow/example_dags/example_params_ui_tutorial.py took 0.078 seconds
[2026-07-01T09:42:53.998+0000] {processor.py:186} INFO - Started process (PID=3618) to work on /home/airflow/.local/lib/python3.12/site-packages/airflow/example_dags/example_params_ui_tutorial.py
[2026-07-01T09:42:53.999+0000] {processor.py:914} INFO - Processing file /home/airflow/.local/lib/python3.12/site-packages/airflow/example_dags/example_params_ui_tutorial.py for tasks to queue
[2026-07-01T09:42:54.001+0000] {logging_mixin.py:190} INFO - [2026-07-01T09:42:54.001+0000] {dagbag.py:587} INFO - Filling up the DagBag from /home/airflow/.local/lib/python3.12/site-packages/airflow/example_dags/example_params_ui_tutorial.py
[2026-07-01T09:42:54.008+0000] {processor.py:925} INFO - DAG(s) 'example_params_ui_tutorial' retrieved from /home/airflow/.local/lib/python3.12/site-packages/airflow/example_dags/example_params_ui_tutorial.py
[2026-07-01T09:42:54.035+0000] {logging_mixin.py:190} INFO - [2026-07-01T09:42:54.035+0000] {dag.py:3211} INFO - Sync 1 DAGs
[2026-07-01T09:42:54.045+0000] {logging_mixin.py:190} INFO - [2026-07-01T09:42:54.044+0000] {dag.py:4138} INFO - Setting next_dagrun for example_params_ui_tutorial to None, run_after=None
[2026-07-01T09:42:54.057+0000] {processor.py:208} INFO - Processing /home/airflow/.local/lib/python3.12/site-packages/airflow/example_dags/example_params_ui_tutorial.py took 0.064 seconds
[2026-07-01T09:43:24.213+0000] {processor.py:186} INFO - Started process (PID=3680) to work on /home/airflow/.local/lib/python3.12/site-packages/airflow/example_dags/example_params_ui_tutorial.py
[2026-07-01T09:43:24.215+0000] {processor.py:914} INFO - Processing file /home/airflow/.local/lib/python3.12/site-packages/airflow/example_dags/example_params_ui_tutorial.py for tasks to queue
[2026-07-01T09:43:24.217+0000] {logging_mixin.py:190} INFO - [2026-07-01T09:43:24.217+0000] {dagbag.py:587} INFO - Filling up the DagBag from /home/airflow/.local/lib/python3.12/site-packages/airflow/example_dags/example_params_ui_tutorial.py
[2026-07-01T09:43:24.224+0000] {processor.py:925} INFO - DAG(s) 'example_params_ui_tutorial' retrieved from /home/airflow/.local/lib/python3.12/site-packages/airflow/example_dags/example_params_ui_tutorial.py
[2026-07-01T09:43:24.253+0000] {logging_mixin.py:190} INFO - [2026-07-01T09:43:24.252+0000] {dag.py:3211} INFO - Sync 1 DAGs
[2026-07-01T09:43:24.262+0000] {logging_mixin.py:190} INFO - [2026-07-01T09:43:24.262+0000] {dag.py:4138} INFO - Setting next_dagrun for example_params_ui_tutorial to None, run_after=None
[2026-07-01T09:43:24.277+0000] {processor.py:208} INFO - Processing /home/airflow/.local/lib/python3.12/site-packages/airflow/example_dags/example_params_ui_tutorial.py took 0.069 seconds
[2026-07-01T09:43:54.664+0000] {processor.py:186} INFO - Started process (PID=3742) to work on /home/airflow/.local/lib/python3.12/site-packages/airflow/example_dags/example_params_ui_tutorial.py
[2026-07-01T09:43:54.665+0000] {processor.py:914} INFO - Processing file /home/airflow/.local/lib/python3.12/site-packages/airflow/example_dags/example_params_ui_tutorial.py for tasks to queue
[2026-07-01T09:43:54.668+0000] {logging_mixin.py:190} INFO - [2026-07-01T09:43:54.667+0000] {dagbag.py:587} INFO - Filling up the DagBag from /home/airflow/.local/lib/python3.12/site-packages/airflow/example_dags/example_params_ui_tutorial.py
[2026-07-01T09:43:54.674+0000] {processor.py:925} INFO - DAG(s) 'example_params_ui_tutorial' retrieved from /home/airflow/.local/lib/python3.12/site-packages/airflow/example_dags/example_params_ui_tutorial.py
[2026-07-01T09:43:54.701+0000] {logging_mixin.py:190} INFO - [2026-07-01T09:43:54.701+0000] {dag.py:3211} INFO - Sync 1 DAGs
[2026-07-01T09:43:54.711+0000] {logging_mixin.py:190} INFO - [2026-07-01T09:43:54.711+0000] {dag.py:4138} INFO - Setting next_dagrun for example_params_ui_tutorial to None, run_after=None
[2026-07-01T09:43:54.723+0000] {processor.py:208} INFO - Processing /home/airflow/.local/lib/python3.12/site-packages/airflow/example_dags/example_params_ui_tutorial.py took 0.064 seconds
[2026-07-01T09:44:24.953+0000] {processor.py:186} INFO - Started process (PID=3804) to work on /home/airflow/.local/lib/python3.12/site-packages/airflow/example_dags/example_params_ui_tutorial.py
[2026-07-01T09:44:24.954+0000] {processor.py:914} INFO - Processing file /home/airflow/.local/lib/python3.12/site-packages/airflow/example_dags/example_params_ui_tutorial.py for tasks to queue
[2026-07-01T09:44:24.956+0000] {logging_mixin.py:190} INFO - [2026-07-01T09:44:24.956+0000] {dagbag.py:587} INFO - Filling up the DagBag from /home/airflow/.local/lib/python3.12/site-packages/airflow/example_dags/example_params_ui_tutorial.py
[2026-07-01T09:44:24.962+0000] {processor.py:925} INFO - DAG(s) 'example_params_ui_tutorial' retrieved from /home/airflow/.local/lib/python3.12/site-packages/airflow/example_dags/example_params_ui_tutorial.py
[2026-07-01T09:44:24.989+0000] {logging_mixin.py:190} INFO - [2026-07-01T09:44:24.989+0000] {dag.py:3211} INFO - Sync 1 DAGs
[2026-07-01T09:44:24.998+0000] {logging_mixin.py:190} INFO - [2026-07-01T09:44:24.998+0000] {dag.py:4138} INFO - Setting next_dagrun for example_params_ui_tutorial to None, run_after=None
[2026-07-01T09:44:25.011+0000] {processor.py:208} INFO - Processing /home/airflow/.local/lib/python3.12/site-packages/airflow/example_dags/example_params_ui_tutorial.py took 0.062 seconds
[2026-07-01T09:44:55.321+0000] {processor.py:186} INFO - Started process (PID=3865) to work on /home/airflow/.local/lib/python3.12/site-packages/airflow/example_dags/example_params_ui_tutorial.py
[2026-07-01T09:44:55.322+0000] {processor.py:914} INFO - Processing file /home/airflow/.local/lib/python3.12/site-packages/airflow/example_dags/example_params_ui_tutorial.py for tasks to queue
[2026-07-01T09:44:55.324+0000] {logging_mixin.py:190} INFO - [2026-07-01T09:44:55.324+0000] {dagbag.py:587} INFO - Filling up the DagBag from /home/airflow/.local/lib/python3.12/site-packages/airflow/example_dags/example_params_ui_tutorial.py
[2026-07-01T09:44:55.331+0000] {processor.py:925} INFO - DAG(s) 'example_params_ui_tutorial' retrieved from /home/airflow/.local/lib/python3.12/site-packages/airflow/example_dags/example_params_ui_tutorial.py
[2026-07-01T09:44:55.356+0000] {logging_mixin.py:190} INFO - [2026-07-01T09:44:55.356+0000] {dag.py:3211} INFO - Sync 1 DAGs
[2026-07-01T09:44:55.367+0000] {logging_mixin.py:190} INFO - [2026-07-01T09:44:55.367+0000] {dag.py:4138} INFO - Setting next_dagrun for example_params_ui_tutorial to None, run_after=None
[2026-07-01T09:44:55.382+0000] {processor.py:208} INFO - Processing /home/airflow/.local/lib/python3.12/site-packages/airflow/example_dags/example_params_ui_tutorial.py took 0.067 seconds
[2026-07-01T09:45:25.719+0000] {processor.py:186} INFO - Started process (PID=3927) to work on /home/airflow/.local/lib/python3.12/site-packages/airflow/example_dags/example_params_ui_tutorial.py
[2026-07-01T09:45:25.720+0000] {processor.py:914} INFO - Processing file /home/airflow/.local/lib/python3.12/site-packages/airflow/example_dags/example_params_ui_tutorial.py for tasks to queue
[2026-07-01T09:45:25.722+0000] {logging_mixin.py:190} INFO - [2026-07-01T09:45:25.722+0000] {dagbag.py:587} INFO - Filling up the DagBag from /home/airflow/.local/lib/python3.12/site-packages/airflow/example_dags/example_params_ui_tutorial.py
[2026-07-01T09:45:25.729+0000] {processor.py:925} INFO - DAG(s) 'example_params_ui_tutorial' retrieved from /home/airflow/.local/lib/python3.12/site-packages/airflow/example_dags/example_params_ui_tutorial.py
[2026-07-01T09:45:25.760+0000] {logging_mixin.py:190} INFO - [2026-07-01T09:45:25.759+0000] {dag.py:3211} INFO - Sync 1 DAGs
[2026-07-01T09:45:25.770+0000] {logging_mixin.py:190} INFO - [2026-07-01T09:45:25.769+0000] {dag.py:4138} INFO - Setting next_dagrun for example_params_ui_tutorial to None, run_after=None
[2026-07-01T09:45:25.783+0000] {processor.py:208} INFO - Processing /home/airflow/.local/lib/python3.12/site-packages/airflow/example_dags/example_params_ui_tutorial.py took 0.070 seconds
