[2026-07-01T09:09:38.162+0000] {processor.py:186} INFO - Started process (PID=65) to work on /home/airflow/.local/lib/python3.12/site-packages/airflow/example_dags/example_task_group.py
[2026-07-01T09:09:38.163+0000] {processor.py:914} INFO - Processing file /home/airflow/.local/lib/python3.12/site-packages/airflow/example_dags/example_task_group.py for tasks to queue
[2026-07-01T09:09:38.166+0000] {logging_mixin.py:190} INFO - [2026-07-01T09:09:38.166+0000] {dagbag.py:587} INFO - Filling up the DagBag from /home/airflow/.local/lib/python3.12/site-packages/airflow/example_dags/example_task_group.py
[2026-07-01T09:09:38.180+0000] {processor.py:925} INFO - DAG(s) 'example_task_group' retrieved from /home/airflow/.local/lib/python3.12/site-packages/airflow/example_dags/example_task_group.py
[2026-07-01T09:09:38.295+0000] {logging_mixin.py:190} INFO - [2026-07-01T09:09:38.294+0000] {override.py:1858} INFO - Created Permission View: can read on DAG:example_task_group
[2026-07-01T09:09:38.304+0000] {logging_mixin.py:190} INFO - [2026-07-01T09:09:38.303+0000] {override.py:1858} INFO - Created Permission View: can delete on DAG:example_task_group
[2026-07-01T09:09:38.310+0000] {logging_mixin.py:190} INFO - [2026-07-01T09:09:38.310+0000] {override.py:1858} INFO - Created Permission View: can edit on DAG:example_task_group
[2026-07-01T09:09:38.312+0000] {logging_mixin.py:190} INFO - [2026-07-01T09:09:38.312+0000] {dag.py:3211} INFO - Sync 1 DAGs
[2026-07-01T09:09:38.322+0000] {logging_mixin.py:190} INFO - [2026-07-01T09:09:38.322+0000] {dag.py:3234} INFO - Creating ORM DAG for example_task_group
[2026-07-01T09:09:38.332+0000] {logging_mixin.py:190} INFO - [2026-07-01T09:09:38.332+0000] {dag.py:4138} INFO - Setting next_dagrun for example_task_group to 2026-06-30 00:00:00+00:00, run_after=2026-07-01 00:00:00+00:00
[2026-07-01T09:09:38.347+0000] {processor.py:208} INFO - Processing /home/airflow/.local/lib/python3.12/site-packages/airflow/example_dags/example_task_group.py took 0.193 seconds
[2026-07-01T09:10:08.807+0000] {processor.py:186} INFO - Started process (PID=126) to work on /home/airflow/.local/lib/python3.12/site-packages/airflow/example_dags/example_task_group.py
[2026-07-01T09:10:08.808+0000] {processor.py:914} INFO - Processing file /home/airflow/.local/lib/python3.12/site-packages/airflow/example_dags/example_task_group.py for tasks to queue
[2026-07-01T09:10:08.811+0000] {logging_mixin.py:190} INFO - [2026-07-01T09:10:08.810+0000] {dagbag.py:587} INFO - Filling up the DagBag from /home/airflow/.local/lib/python3.12/site-packages/airflow/example_dags/example_task_group.py
[2026-07-01T09:10:08.818+0000] {processor.py:925} INFO - DAG(s) 'example_task_group' retrieved from /home/airflow/.local/lib/python3.12/site-packages/airflow/example_dags/example_task_group.py
[2026-07-01T09:10:08.834+0000] {logging_mixin.py:190} INFO - [2026-07-01T09:10:08.834+0000] {dag.py:3211} INFO - Sync 1 DAGs
[2026-07-01T09:10:08.852+0000] {logging_mixin.py:190} INFO - [2026-07-01T09:10:08.851+0000] {dag.py:4138} INFO - Setting next_dagrun for example_task_group to 2026-06-30 00:00:00+00:00, run_after=2026-07-01 00:00:00+00:00
[2026-07-01T09:10:08.863+0000] {processor.py:208} INFO - Processing /home/airflow/.local/lib/python3.12/site-packages/airflow/example_dags/example_task_group.py took 0.061 seconds
[2026-07-01T09:10:39.392+0000] {processor.py:186} INFO - Started process (PID=189) to work on /home/airflow/.local/lib/python3.12/site-packages/airflow/example_dags/example_task_group.py
[2026-07-01T09:10:39.392+0000] {processor.py:914} INFO - Processing file /home/airflow/.local/lib/python3.12/site-packages/airflow/example_dags/example_task_group.py for tasks to queue
[2026-07-01T09:10:39.395+0000] {logging_mixin.py:190} INFO - [2026-07-01T09:10:39.394+0000] {dagbag.py:587} INFO - Filling up the DagBag from /home/airflow/.local/lib/python3.12/site-packages/airflow/example_dags/example_task_group.py
[2026-07-01T09:10:39.401+0000] {processor.py:925} INFO - DAG(s) 'example_task_group' retrieved from /home/airflow/.local/lib/python3.12/site-packages/airflow/example_dags/example_task_group.py
[2026-07-01T09:10:39.416+0000] {logging_mixin.py:190} INFO - [2026-07-01T09:10:39.416+0000] {dag.py:3211} INFO - Sync 1 DAGs
[2026-07-01T09:10:39.431+0000] {logging_mixin.py:190} INFO - [2026-07-01T09:10:39.430+0000] {dag.py:4138} INFO - Setting next_dagrun for example_task_group to 2026-06-30 00:00:00+00:00, run_after=2026-07-01 00:00:00+00:00
[2026-07-01T09:10:39.443+0000] {processor.py:208} INFO - Processing /home/airflow/.local/lib/python3.12/site-packages/airflow/example_dags/example_task_group.py took 0.056 seconds
[2026-07-01T09:11:09.629+0000] {processor.py:186} INFO - Started process (PID=250) to work on /home/airflow/.local/lib/python3.12/site-packages/airflow/example_dags/example_task_group.py
[2026-07-01T09:11:09.630+0000] {processor.py:914} INFO - Processing file /home/airflow/.local/lib/python3.12/site-packages/airflow/example_dags/example_task_group.py for tasks to queue
[2026-07-01T09:11:09.632+0000] {logging_mixin.py:190} INFO - [2026-07-01T09:11:09.632+0000] {dagbag.py:587} INFO - Filling up the DagBag from /home/airflow/.local/lib/python3.12/site-packages/airflow/example_dags/example_task_group.py
[2026-07-01T09:11:09.638+0000] {processor.py:925} INFO - DAG(s) 'example_task_group' retrieved from /home/airflow/.local/lib/python3.12/site-packages/airflow/example_dags/example_task_group.py
[2026-07-01T09:11:09.653+0000] {logging_mixin.py:190} INFO - [2026-07-01T09:11:09.653+0000] {dag.py:3211} INFO - Sync 1 DAGs
[2026-07-01T09:11:09.667+0000] {logging_mixin.py:190} INFO - [2026-07-01T09:11:09.667+0000] {dag.py:4138} INFO - Setting next_dagrun for example_task_group to 2026-06-30 00:00:00+00:00, run_after=2026-07-01 00:00:00+00:00
[2026-07-01T09:11:09.679+0000] {processor.py:208} INFO - Processing /home/airflow/.local/lib/python3.12/site-packages/airflow/example_dags/example_task_group.py took 0.053 seconds
[2026-07-01T09:11:39.786+0000] {processor.py:186} INFO - Started process (PID=312) to work on /home/airflow/.local/lib/python3.12/site-packages/airflow/example_dags/example_task_group.py
[2026-07-01T09:11:39.790+0000] {processor.py:914} INFO - Processing file /home/airflow/.local/lib/python3.12/site-packages/airflow/example_dags/example_task_group.py for tasks to queue
[2026-07-01T09:11:39.794+0000] {logging_mixin.py:190} INFO - [2026-07-01T09:11:39.793+0000] {dagbag.py:587} INFO - Filling up the DagBag from /home/airflow/.local/lib/python3.12/site-packages/airflow/example_dags/example_task_group.py
[2026-07-01T09:11:39.801+0000] {processor.py:925} INFO - DAG(s) 'example_task_group' retrieved from /home/airflow/.local/lib/python3.12/site-packages/airflow/example_dags/example_task_group.py
[2026-07-01T09:11:39.814+0000] {logging_mixin.py:190} INFO - [2026-07-01T09:11:39.814+0000] {dag.py:3211} INFO - Sync 1 DAGs
[2026-07-01T09:11:39.834+0000] {logging_mixin.py:190} INFO - [2026-07-01T09:11:39.834+0000] {dag.py:4138} INFO - Setting next_dagrun for example_task_group to 2026-06-30 00:00:00+00:00, run_after=2026-07-01 00:00:00+00:00
[2026-07-01T09:11:39.854+0000] {processor.py:208} INFO - Processing /home/airflow/.local/lib/python3.12/site-packages/airflow/example_dags/example_task_group.py took 0.073 seconds
[2026-07-01T09:12:10.293+0000] {processor.py:186} INFO - Started process (PID=375) to work on /home/airflow/.local/lib/python3.12/site-packages/airflow/example_dags/example_task_group.py
[2026-07-01T09:12:10.294+0000] {processor.py:914} INFO - Processing file /home/airflow/.local/lib/python3.12/site-packages/airflow/example_dags/example_task_group.py for tasks to queue
[2026-07-01T09:12:10.296+0000] {logging_mixin.py:190} INFO - [2026-07-01T09:12:10.296+0000] {dagbag.py:587} INFO - Filling up the DagBag from /home/airflow/.local/lib/python3.12/site-packages/airflow/example_dags/example_task_group.py
[2026-07-01T09:12:10.303+0000] {processor.py:925} INFO - DAG(s) 'example_task_group' retrieved from /home/airflow/.local/lib/python3.12/site-packages/airflow/example_dags/example_task_group.py
[2026-07-01T09:12:10.319+0000] {logging_mixin.py:190} INFO - [2026-07-01T09:12:10.318+0000] {dag.py:3211} INFO - Sync 1 DAGs
[2026-07-01T09:12:10.334+0000] {logging_mixin.py:190} INFO - [2026-07-01T09:12:10.334+0000] {dag.py:4138} INFO - Setting next_dagrun for example_task_group to 2026-06-30 00:00:00+00:00, run_after=2026-07-01 00:00:00+00:00
[2026-07-01T09:12:10.346+0000] {processor.py:208} INFO - Processing /home/airflow/.local/lib/python3.12/site-packages/airflow/example_dags/example_task_group.py took 0.058 seconds
[2026-07-01T09:12:40.828+0000] {processor.py:186} INFO - Started process (PID=437) to work on /home/airflow/.local/lib/python3.12/site-packages/airflow/example_dags/example_task_group.py
[2026-07-01T09:12:40.829+0000] {processor.py:914} INFO - Processing file /home/airflow/.local/lib/python3.12/site-packages/airflow/example_dags/example_task_group.py for tasks to queue
[2026-07-01T09:12:40.832+0000] {logging_mixin.py:190} INFO - [2026-07-01T09:12:40.832+0000] {dagbag.py:587} INFO - Filling up the DagBag from /home/airflow/.local/lib/python3.12/site-packages/airflow/example_dags/example_task_group.py
[2026-07-01T09:12:40.840+0000] {processor.py:925} INFO - DAG(s) 'example_task_group' retrieved from /home/airflow/.local/lib/python3.12/site-packages/airflow/example_dags/example_task_group.py
[2026-07-01T09:12:40.859+0000] {logging_mixin.py:190} INFO - [2026-07-01T09:12:40.858+0000] {dag.py:3211} INFO - Sync 1 DAGs
[2026-07-01T09:12:40.876+0000] {logging_mixin.py:190} INFO - [2026-07-01T09:12:40.876+0000] {dag.py:4138} INFO - Setting next_dagrun for example_task_group to 2026-06-30 00:00:00+00:00, run_after=2026-07-01 00:00:00+00:00
[2026-07-01T09:12:40.894+0000] {processor.py:208} INFO - Processing /home/airflow/.local/lib/python3.12/site-packages/airflow/example_dags/example_task_group.py took 0.070 seconds
[2026-07-01T09:13:11.068+0000] {processor.py:186} INFO - Started process (PID=498) to work on /home/airflow/.local/lib/python3.12/site-packages/airflow/example_dags/example_task_group.py
[2026-07-01T09:13:11.068+0000] {processor.py:914} INFO - Processing file /home/airflow/.local/lib/python3.12/site-packages/airflow/example_dags/example_task_group.py for tasks to queue
[2026-07-01T09:13:11.071+0000] {logging_mixin.py:190} INFO - [2026-07-01T09:13:11.070+0000] {dagbag.py:587} INFO - Filling up the DagBag from /home/airflow/.local/lib/python3.12/site-packages/airflow/example_dags/example_task_group.py
[2026-07-01T09:13:11.080+0000] {processor.py:925} INFO - DAG(s) 'example_task_group' retrieved from /home/airflow/.local/lib/python3.12/site-packages/airflow/example_dags/example_task_group.py
[2026-07-01T09:13:11.101+0000] {logging_mixin.py:190} INFO - [2026-07-01T09:13:11.101+0000] {dag.py:3211} INFO - Sync 1 DAGs
[2026-07-01T09:13:11.133+0000] {logging_mixin.py:190} INFO - [2026-07-01T09:13:11.133+0000] {dag.py:4138} INFO - Setting next_dagrun for example_task_group to 2026-06-30 00:00:00+00:00, run_after=2026-07-01 00:00:00+00:00
[2026-07-01T09:13:11.152+0000] {processor.py:208} INFO - Processing /home/airflow/.local/lib/python3.12/site-packages/airflow/example_dags/example_task_group.py took 0.092 seconds
[2026-07-01T09:13:41.287+0000] {processor.py:186} INFO - Started process (PID=566) to work on /home/airflow/.local/lib/python3.12/site-packages/airflow/example_dags/example_task_group.py
[2026-07-01T09:13:41.288+0000] {processor.py:914} INFO - Processing file /home/airflow/.local/lib/python3.12/site-packages/airflow/example_dags/example_task_group.py for tasks to queue
[2026-07-01T09:13:41.291+0000] {logging_mixin.py:190} INFO - [2026-07-01T09:13:41.290+0000] {dagbag.py:587} INFO - Filling up the DagBag from /home/airflow/.local/lib/python3.12/site-packages/airflow/example_dags/example_task_group.py
[2026-07-01T09:13:41.298+0000] {processor.py:925} INFO - DAG(s) 'example_task_group' retrieved from /home/airflow/.local/lib/python3.12/site-packages/airflow/example_dags/example_task_group.py
[2026-07-01T09:13:41.313+0000] {logging_mixin.py:190} INFO - [2026-07-01T09:13:41.312+0000] {dag.py:3211} INFO - Sync 1 DAGs
[2026-07-01T09:13:41.329+0000] {logging_mixin.py:190} INFO - [2026-07-01T09:13:41.328+0000] {dag.py:4138} INFO - Setting next_dagrun for example_task_group to 2026-06-30 00:00:00+00:00, run_after=2026-07-01 00:00:00+00:00
[2026-07-01T09:13:41.341+0000] {processor.py:208} INFO - Processing /home/airflow/.local/lib/python3.12/site-packages/airflow/example_dags/example_task_group.py took 0.058 seconds
[2026-07-01T09:14:11.446+0000] {processor.py:186} INFO - Started process (PID=628) to work on /home/airflow/.local/lib/python3.12/site-packages/airflow/example_dags/example_task_group.py
[2026-07-01T09:14:11.447+0000] {processor.py:914} INFO - Processing file /home/airflow/.local/lib/python3.12/site-packages/airflow/example_dags/example_task_group.py for tasks to queue
[2026-07-01T09:14:11.449+0000] {logging_mixin.py:190} INFO - [2026-07-01T09:14:11.449+0000] {dagbag.py:587} INFO - Filling up the DagBag from /home/airflow/.local/lib/python3.12/site-packages/airflow/example_dags/example_task_group.py
[2026-07-01T09:14:11.456+0000] {processor.py:925} INFO - DAG(s) 'example_task_group' retrieved from /home/airflow/.local/lib/python3.12/site-packages/airflow/example_dags/example_task_group.py
[2026-07-01T09:14:11.472+0000] {logging_mixin.py:190} INFO - [2026-07-01T09:14:11.471+0000] {dag.py:3211} INFO - Sync 1 DAGs
[2026-07-01T09:14:11.487+0000] {logging_mixin.py:190} INFO - [2026-07-01T09:14:11.487+0000] {dag.py:4138} INFO - Setting next_dagrun for example_task_group to 2026-06-30 00:00:00+00:00, run_after=2026-07-01 00:00:00+00:00
[2026-07-01T09:14:11.499+0000] {processor.py:208} INFO - Processing /home/airflow/.local/lib/python3.12/site-packages/airflow/example_dags/example_task_group.py took 0.057 seconds
[2026-07-01T09:14:41.647+0000] {processor.py:186} INFO - Started process (PID=690) to work on /home/airflow/.local/lib/python3.12/site-packages/airflow/example_dags/example_task_group.py
[2026-07-01T09:14:41.647+0000] {processor.py:914} INFO - Processing file /home/airflow/.local/lib/python3.12/site-packages/airflow/example_dags/example_task_group.py for tasks to queue
[2026-07-01T09:14:41.649+0000] {logging_mixin.py:190} INFO - [2026-07-01T09:14:41.649+0000] {dagbag.py:587} INFO - Filling up the DagBag from /home/airflow/.local/lib/python3.12/site-packages/airflow/example_dags/example_task_group.py
[2026-07-01T09:14:41.656+0000] {processor.py:925} INFO - DAG(s) 'example_task_group' retrieved from /home/airflow/.local/lib/python3.12/site-packages/airflow/example_dags/example_task_group.py
[2026-07-01T09:14:41.670+0000] {logging_mixin.py:190} INFO - [2026-07-01T09:14:41.670+0000] {dag.py:3211} INFO - Sync 1 DAGs
[2026-07-01T09:14:41.684+0000] {logging_mixin.py:190} INFO - [2026-07-01T09:14:41.684+0000] {dag.py:4138} INFO - Setting next_dagrun for example_task_group to 2026-06-30 00:00:00+00:00, run_after=2026-07-01 00:00:00+00:00
[2026-07-01T09:14:41.696+0000] {processor.py:208} INFO - Processing /home/airflow/.local/lib/python3.12/site-packages/airflow/example_dags/example_task_group.py took 0.054 seconds
[2026-07-01T09:15:12.596+0000] {processor.py:186} INFO - Started process (PID=752) to work on /home/airflow/.local/lib/python3.12/site-packages/airflow/example_dags/example_task_group.py
[2026-07-01T09:15:12.597+0000] {processor.py:914} INFO - Processing file /home/airflow/.local/lib/python3.12/site-packages/airflow/example_dags/example_task_group.py for tasks to queue
[2026-07-01T09:15:12.599+0000] {logging_mixin.py:190} INFO - [2026-07-01T09:15:12.598+0000] {dagbag.py:587} INFO - Filling up the DagBag from /home/airflow/.local/lib/python3.12/site-packages/airflow/example_dags/example_task_group.py
[2026-07-01T09:15:12.605+0000] {processor.py:925} INFO - DAG(s) 'example_task_group' retrieved from /home/airflow/.local/lib/python3.12/site-packages/airflow/example_dags/example_task_group.py
[2026-07-01T09:15:12.620+0000] {logging_mixin.py:190} INFO - [2026-07-01T09:15:12.619+0000] {dag.py:3211} INFO - Sync 1 DAGs
[2026-07-01T09:15:12.636+0000] {logging_mixin.py:190} INFO - [2026-07-01T09:15:12.635+0000] {dag.py:4138} INFO - Setting next_dagrun for example_task_group to 2026-06-30 00:00:00+00:00, run_after=2026-07-01 00:00:00+00:00
[2026-07-01T09:15:12.648+0000] {processor.py:208} INFO - Processing /home/airflow/.local/lib/python3.12/site-packages/airflow/example_dags/example_task_group.py took 0.056 seconds
[2026-07-01T09:15:43.483+0000] {processor.py:186} INFO - Started process (PID=814) to work on /home/airflow/.local/lib/python3.12/site-packages/airflow/example_dags/example_task_group.py
[2026-07-01T09:15:43.484+0000] {processor.py:914} INFO - Processing file /home/airflow/.local/lib/python3.12/site-packages/airflow/example_dags/example_task_group.py for tasks to queue
[2026-07-01T09:15:43.486+0000] {logging_mixin.py:190} INFO - [2026-07-01T09:15:43.486+0000] {dagbag.py:587} INFO - Filling up the DagBag from /home/airflow/.local/lib/python3.12/site-packages/airflow/example_dags/example_task_group.py
[2026-07-01T09:15:43.493+0000] {processor.py:925} INFO - DAG(s) 'example_task_group' retrieved from /home/airflow/.local/lib/python3.12/site-packages/airflow/example_dags/example_task_group.py
[2026-07-01T09:15:43.507+0000] {logging_mixin.py:190} INFO - [2026-07-01T09:15:43.507+0000] {dag.py:3211} INFO - Sync 1 DAGs
[2026-07-01T09:15:43.524+0000] {logging_mixin.py:190} INFO - [2026-07-01T09:15:43.524+0000] {dag.py:4138} INFO - Setting next_dagrun for example_task_group to 2026-06-30 00:00:00+00:00, run_after=2026-07-01 00:00:00+00:00
[2026-07-01T09:15:43.537+0000] {processor.py:208} INFO - Processing /home/airflow/.local/lib/python3.12/site-packages/airflow/example_dags/example_task_group.py took 0.060 seconds
[2026-07-01T09:16:13.683+0000] {processor.py:186} INFO - Started process (PID=876) to work on /home/airflow/.local/lib/python3.12/site-packages/airflow/example_dags/example_task_group.py
[2026-07-01T09:16:13.685+0000] {processor.py:914} INFO - Processing file /home/airflow/.local/lib/python3.12/site-packages/airflow/example_dags/example_task_group.py for tasks to queue
[2026-07-01T09:16:13.687+0000] {logging_mixin.py:190} INFO - [2026-07-01T09:16:13.687+0000] {dagbag.py:587} INFO - Filling up the DagBag from /home/airflow/.local/lib/python3.12/site-packages/airflow/example_dags/example_task_group.py
[2026-07-01T09:16:13.693+0000] {processor.py:925} INFO - DAG(s) 'example_task_group' retrieved from /home/airflow/.local/lib/python3.12/site-packages/airflow/example_dags/example_task_group.py
[2026-07-01T09:16:13.711+0000] {logging_mixin.py:190} INFO - [2026-07-01T09:16:13.710+0000] {dag.py:3211} INFO - Sync 1 DAGs
[2026-07-01T09:16:13.728+0000] {logging_mixin.py:190} INFO - [2026-07-01T09:16:13.728+0000] {dag.py:4138} INFO - Setting next_dagrun for example_task_group to 2026-06-30 00:00:00+00:00, run_after=2026-07-01 00:00:00+00:00
[2026-07-01T09:16:13.741+0000] {processor.py:208} INFO - Processing /home/airflow/.local/lib/python3.12/site-packages/airflow/example_dags/example_task_group.py took 0.062 seconds
[2026-07-01T09:16:43.786+0000] {processor.py:186} INFO - Started process (PID=938) to work on /home/airflow/.local/lib/python3.12/site-packages/airflow/example_dags/example_task_group.py
[2026-07-01T09:16:43.787+0000] {processor.py:914} INFO - Processing file /home/airflow/.local/lib/python3.12/site-packages/airflow/example_dags/example_task_group.py for tasks to queue
[2026-07-01T09:16:43.789+0000] {logging_mixin.py:190} INFO - [2026-07-01T09:16:43.789+0000] {dagbag.py:587} INFO - Filling up the DagBag from /home/airflow/.local/lib/python3.12/site-packages/airflow/example_dags/example_task_group.py
[2026-07-01T09:16:43.797+0000] {processor.py:925} INFO - DAG(s) 'example_task_group' retrieved from /home/airflow/.local/lib/python3.12/site-packages/airflow/example_dags/example_task_group.py
[2026-07-01T09:16:43.814+0000] {logging_mixin.py:190} INFO - [2026-07-01T09:16:43.814+0000] {dag.py:3211} INFO - Sync 1 DAGs
[2026-07-01T09:16:43.833+0000] {logging_mixin.py:190} INFO - [2026-07-01T09:16:43.833+0000] {dag.py:4138} INFO - Setting next_dagrun for example_task_group to 2026-06-30 00:00:00+00:00, run_after=2026-07-01 00:00:00+00:00
[2026-07-01T09:16:43.848+0000] {processor.py:208} INFO - Processing /home/airflow/.local/lib/python3.12/site-packages/airflow/example_dags/example_task_group.py took 0.067 seconds
[2026-07-01T09:17:14.027+0000] {processor.py:186} INFO - Started process (PID=1000) to work on /home/airflow/.local/lib/python3.12/site-packages/airflow/example_dags/example_task_group.py
[2026-07-01T09:17:14.028+0000] {processor.py:914} INFO - Processing file /home/airflow/.local/lib/python3.12/site-packages/airflow/example_dags/example_task_group.py for tasks to queue
[2026-07-01T09:17:14.030+0000] {logging_mixin.py:190} INFO - [2026-07-01T09:17:14.030+0000] {dagbag.py:587} INFO - Filling up the DagBag from /home/airflow/.local/lib/python3.12/site-packages/airflow/example_dags/example_task_group.py
[2026-07-01T09:17:14.039+0000] {processor.py:925} INFO - DAG(s) 'example_task_group' retrieved from /home/airflow/.local/lib/python3.12/site-packages/airflow/example_dags/example_task_group.py
[2026-07-01T09:17:14.059+0000] {logging_mixin.py:190} INFO - [2026-07-01T09:17:14.059+0000] {dag.py:3211} INFO - Sync 1 DAGs
[2026-07-01T09:17:14.079+0000] {logging_mixin.py:190} INFO - [2026-07-01T09:17:14.078+0000] {dag.py:4138} INFO - Setting next_dagrun for example_task_group to 2026-06-30 00:00:00+00:00, run_after=2026-07-01 00:00:00+00:00
[2026-07-01T09:17:14.093+0000] {processor.py:208} INFO - Processing /home/airflow/.local/lib/python3.12/site-packages/airflow/example_dags/example_task_group.py took 0.071 seconds
[2026-07-01T09:17:44.595+0000] {processor.py:186} INFO - Started process (PID=1062) to work on /home/airflow/.local/lib/python3.12/site-packages/airflow/example_dags/example_task_group.py
[2026-07-01T09:17:44.597+0000] {processor.py:914} INFO - Processing file /home/airflow/.local/lib/python3.12/site-packages/airflow/example_dags/example_task_group.py for tasks to queue
[2026-07-01T09:17:44.599+0000] {logging_mixin.py:190} INFO - [2026-07-01T09:17:44.598+0000] {dagbag.py:587} INFO - Filling up the DagBag from /home/airflow/.local/lib/python3.12/site-packages/airflow/example_dags/example_task_group.py
[2026-07-01T09:17:44.606+0000] {processor.py:925} INFO - DAG(s) 'example_task_group' retrieved from /home/airflow/.local/lib/python3.12/site-packages/airflow/example_dags/example_task_group.py
[2026-07-01T09:17:44.625+0000] {logging_mixin.py:190} INFO - [2026-07-01T09:17:44.625+0000] {dag.py:3211} INFO - Sync 1 DAGs
[2026-07-01T09:17:44.643+0000] {logging_mixin.py:190} INFO - [2026-07-01T09:17:44.643+0000] {dag.py:4138} INFO - Setting next_dagrun for example_task_group to 2026-06-30 00:00:00+00:00, run_after=2026-07-01 00:00:00+00:00
[2026-07-01T09:17:44.656+0000] {processor.py:208} INFO - Processing /home/airflow/.local/lib/python3.12/site-packages/airflow/example_dags/example_task_group.py took 0.067 seconds
[2026-07-01T09:18:14.695+0000] {processor.py:186} INFO - Started process (PID=1124) to work on /home/airflow/.local/lib/python3.12/site-packages/airflow/example_dags/example_task_group.py
[2026-07-01T09:18:14.696+0000] {processor.py:914} INFO - Processing file /home/airflow/.local/lib/python3.12/site-packages/airflow/example_dags/example_task_group.py for tasks to queue
[2026-07-01T09:18:14.697+0000] {logging_mixin.py:190} INFO - [2026-07-01T09:18:14.697+0000] {dagbag.py:587} INFO - Filling up the DagBag from /home/airflow/.local/lib/python3.12/site-packages/airflow/example_dags/example_task_group.py
[2026-07-01T09:18:14.704+0000] {processor.py:925} INFO - DAG(s) 'example_task_group' retrieved from /home/airflow/.local/lib/python3.12/site-packages/airflow/example_dags/example_task_group.py
[2026-07-01T09:18:14.717+0000] {logging_mixin.py:190} INFO - [2026-07-01T09:18:14.717+0000] {dag.py:3211} INFO - Sync 1 DAGs
[2026-07-01T09:18:14.731+0000] {logging_mixin.py:190} INFO - [2026-07-01T09:18:14.731+0000] {dag.py:4138} INFO - Setting next_dagrun for example_task_group to 2026-06-30 00:00:00+00:00, run_after=2026-07-01 00:00:00+00:00
[2026-07-01T09:18:14.742+0000] {processor.py:208} INFO - Processing /home/airflow/.local/lib/python3.12/site-packages/airflow/example_dags/example_task_group.py took 0.052 seconds
[2026-07-01T09:18:45.175+0000] {processor.py:186} INFO - Started process (PID=1186) to work on /home/airflow/.local/lib/python3.12/site-packages/airflow/example_dags/example_task_group.py
[2026-07-01T09:18:45.176+0000] {processor.py:914} INFO - Processing file /home/airflow/.local/lib/python3.12/site-packages/airflow/example_dags/example_task_group.py for tasks to queue
[2026-07-01T09:18:45.178+0000] {logging_mixin.py:190} INFO - [2026-07-01T09:18:45.178+0000] {dagbag.py:587} INFO - Filling up the DagBag from /home/airflow/.local/lib/python3.12/site-packages/airflow/example_dags/example_task_group.py
[2026-07-01T09:18:45.185+0000] {processor.py:925} INFO - DAG(s) 'example_task_group' retrieved from /home/airflow/.local/lib/python3.12/site-packages/airflow/example_dags/example_task_group.py
[2026-07-01T09:18:45.199+0000] {logging_mixin.py:190} INFO - [2026-07-01T09:18:45.199+0000] {dag.py:3211} INFO - Sync 1 DAGs
[2026-07-01T09:18:45.213+0000] {logging_mixin.py:190} INFO - [2026-07-01T09:18:45.213+0000] {dag.py:4138} INFO - Setting next_dagrun for example_task_group to 2026-06-30 00:00:00+00:00, run_after=2026-07-01 00:00:00+00:00
[2026-07-01T09:18:45.225+0000] {processor.py:208} INFO - Processing /home/airflow/.local/lib/python3.12/site-packages/airflow/example_dags/example_task_group.py took 0.054 seconds
[2026-07-01T09:19:16.113+0000] {processor.py:186} INFO - Started process (PID=1248) to work on /home/airflow/.local/lib/python3.12/site-packages/airflow/example_dags/example_task_group.py
[2026-07-01T09:19:16.114+0000] {processor.py:914} INFO - Processing file /home/airflow/.local/lib/python3.12/site-packages/airflow/example_dags/example_task_group.py for tasks to queue
[2026-07-01T09:19:16.116+0000] {logging_mixin.py:190} INFO - [2026-07-01T09:19:16.116+0000] {dagbag.py:587} INFO - Filling up the DagBag from /home/airflow/.local/lib/python3.12/site-packages/airflow/example_dags/example_task_group.py
[2026-07-01T09:19:16.122+0000] {processor.py:925} INFO - DAG(s) 'example_task_group' retrieved from /home/airflow/.local/lib/python3.12/site-packages/airflow/example_dags/example_task_group.py
[2026-07-01T09:19:16.136+0000] {logging_mixin.py:190} INFO - [2026-07-01T09:19:16.136+0000] {dag.py:3211} INFO - Sync 1 DAGs
[2026-07-01T09:19:16.151+0000] {logging_mixin.py:190} INFO - [2026-07-01T09:19:16.151+0000] {dag.py:4138} INFO - Setting next_dagrun for example_task_group to 2026-06-30 00:00:00+00:00, run_after=2026-07-01 00:00:00+00:00
[2026-07-01T09:19:16.164+0000] {processor.py:208} INFO - Processing /home/airflow/.local/lib/python3.12/site-packages/airflow/example_dags/example_task_group.py took 0.055 seconds
[2026-07-01T09:19:46.753+0000] {processor.py:186} INFO - Started process (PID=1310) to work on /home/airflow/.local/lib/python3.12/site-packages/airflow/example_dags/example_task_group.py
[2026-07-01T09:19:46.754+0000] {processor.py:914} INFO - Processing file /home/airflow/.local/lib/python3.12/site-packages/airflow/example_dags/example_task_group.py for tasks to queue
[2026-07-01T09:19:46.756+0000] {logging_mixin.py:190} INFO - [2026-07-01T09:19:46.756+0000] {dagbag.py:587} INFO - Filling up the DagBag from /home/airflow/.local/lib/python3.12/site-packages/airflow/example_dags/example_task_group.py
[2026-07-01T09:19:46.763+0000] {processor.py:925} INFO - DAG(s) 'example_task_group' retrieved from /home/airflow/.local/lib/python3.12/site-packages/airflow/example_dags/example_task_group.py
[2026-07-01T09:19:46.776+0000] {logging_mixin.py:190} INFO - [2026-07-01T09:19:46.776+0000] {dag.py:3211} INFO - Sync 1 DAGs
[2026-07-01T09:19:46.791+0000] {logging_mixin.py:190} INFO - [2026-07-01T09:19:46.791+0000] {dag.py:4138} INFO - Setting next_dagrun for example_task_group to 2026-06-30 00:00:00+00:00, run_after=2026-07-01 00:00:00+00:00
[2026-07-01T09:19:46.803+0000] {processor.py:208} INFO - Processing /home/airflow/.local/lib/python3.12/site-packages/airflow/example_dags/example_task_group.py took 0.055 seconds
[2026-07-01T09:20:17.458+0000] {processor.py:186} INFO - Started process (PID=1372) to work on /home/airflow/.local/lib/python3.12/site-packages/airflow/example_dags/example_task_group.py
[2026-07-01T09:20:17.459+0000] {processor.py:914} INFO - Processing file /home/airflow/.local/lib/python3.12/site-packages/airflow/example_dags/example_task_group.py for tasks to queue
[2026-07-01T09:20:17.461+0000] {logging_mixin.py:190} INFO - [2026-07-01T09:20:17.461+0000] {dagbag.py:587} INFO - Filling up the DagBag from /home/airflow/.local/lib/python3.12/site-packages/airflow/example_dags/example_task_group.py
[2026-07-01T09:20:17.468+0000] {processor.py:925} INFO - DAG(s) 'example_task_group' retrieved from /home/airflow/.local/lib/python3.12/site-packages/airflow/example_dags/example_task_group.py
[2026-07-01T09:20:17.484+0000] {logging_mixin.py:190} INFO - [2026-07-01T09:20:17.484+0000] {dag.py:3211} INFO - Sync 1 DAGs
[2026-07-01T09:20:17.500+0000] {logging_mixin.py:190} INFO - [2026-07-01T09:20:17.500+0000] {dag.py:4138} INFO - Setting next_dagrun for example_task_group to 2026-06-30 00:00:00+00:00, run_after=2026-07-01 00:00:00+00:00
[2026-07-01T09:20:17.513+0000] {processor.py:208} INFO - Processing /home/airflow/.local/lib/python3.12/site-packages/airflow/example_dags/example_task_group.py took 0.060 seconds
[2026-07-01T09:20:48.354+0000] {processor.py:186} INFO - Started process (PID=1434) to work on /home/airflow/.local/lib/python3.12/site-packages/airflow/example_dags/example_task_group.py
[2026-07-01T09:20:48.355+0000] {processor.py:914} INFO - Processing file /home/airflow/.local/lib/python3.12/site-packages/airflow/example_dags/example_task_group.py for tasks to queue
[2026-07-01T09:20:48.357+0000] {logging_mixin.py:190} INFO - [2026-07-01T09:20:48.357+0000] {dagbag.py:587} INFO - Filling up the DagBag from /home/airflow/.local/lib/python3.12/site-packages/airflow/example_dags/example_task_group.py
[2026-07-01T09:20:48.364+0000] {processor.py:925} INFO - DAG(s) 'example_task_group' retrieved from /home/airflow/.local/lib/python3.12/site-packages/airflow/example_dags/example_task_group.py
[2026-07-01T09:20:48.378+0000] {logging_mixin.py:190} INFO - [2026-07-01T09:20:48.378+0000] {dag.py:3211} INFO - Sync 1 DAGs
[2026-07-01T09:20:48.393+0000] {logging_mixin.py:190} INFO - [2026-07-01T09:20:48.393+0000] {dag.py:4138} INFO - Setting next_dagrun for example_task_group to 2026-06-30 00:00:00+00:00, run_after=2026-07-01 00:00:00+00:00
[2026-07-01T09:20:48.405+0000] {processor.py:208} INFO - Processing /home/airflow/.local/lib/python3.12/site-packages/airflow/example_dags/example_task_group.py took 0.055 seconds
[2026-07-01T09:21:19.310+0000] {processor.py:186} INFO - Started process (PID=1496) to work on /home/airflow/.local/lib/python3.12/site-packages/airflow/example_dags/example_task_group.py
[2026-07-01T09:21:19.312+0000] {processor.py:914} INFO - Processing file /home/airflow/.local/lib/python3.12/site-packages/airflow/example_dags/example_task_group.py for tasks to queue
[2026-07-01T09:21:19.314+0000] {logging_mixin.py:190} INFO - [2026-07-01T09:21:19.314+0000] {dagbag.py:587} INFO - Filling up the DagBag from /home/airflow/.local/lib/python3.12/site-packages/airflow/example_dags/example_task_group.py
[2026-07-01T09:21:19.322+0000] {processor.py:925} INFO - DAG(s) 'example_task_group' retrieved from /home/airflow/.local/lib/python3.12/site-packages/airflow/example_dags/example_task_group.py
[2026-07-01T09:21:19.340+0000] {logging_mixin.py:190} INFO - [2026-07-01T09:21:19.340+0000] {dag.py:3211} INFO - Sync 1 DAGs
[2026-07-01T09:21:19.356+0000] {logging_mixin.py:190} INFO - [2026-07-01T09:21:19.356+0000] {dag.py:4138} INFO - Setting next_dagrun for example_task_group to 2026-06-30 00:00:00+00:00, run_after=2026-07-01 00:00:00+00:00
[2026-07-01T09:21:19.371+0000] {processor.py:208} INFO - Processing /home/airflow/.local/lib/python3.12/site-packages/airflow/example_dags/example_task_group.py took 0.065 seconds
[2026-07-01T09:21:49.502+0000] {processor.py:186} INFO - Started process (PID=1558) to work on /home/airflow/.local/lib/python3.12/site-packages/airflow/example_dags/example_task_group.py
[2026-07-01T09:21:49.503+0000] {processor.py:914} INFO - Processing file /home/airflow/.local/lib/python3.12/site-packages/airflow/example_dags/example_task_group.py for tasks to queue
[2026-07-01T09:21:49.505+0000] {logging_mixin.py:190} INFO - [2026-07-01T09:21:49.505+0000] {dagbag.py:587} INFO - Filling up the DagBag from /home/airflow/.local/lib/python3.12/site-packages/airflow/example_dags/example_task_group.py
[2026-07-01T09:21:49.513+0000] {processor.py:925} INFO - DAG(s) 'example_task_group' retrieved from /home/airflow/.local/lib/python3.12/site-packages/airflow/example_dags/example_task_group.py
[2026-07-01T09:21:49.530+0000] {logging_mixin.py:190} INFO - [2026-07-01T09:21:49.530+0000] {dag.py:3211} INFO - Sync 1 DAGs
[2026-07-01T09:21:49.553+0000] {logging_mixin.py:190} INFO - [2026-07-01T09:21:49.553+0000] {dag.py:4138} INFO - Setting next_dagrun for example_task_group to 2026-06-30 00:00:00+00:00, run_after=2026-07-01 00:00:00+00:00
[2026-07-01T09:21:49.566+0000] {processor.py:208} INFO - Processing /home/airflow/.local/lib/python3.12/site-packages/airflow/example_dags/example_task_group.py took 0.070 seconds
[2026-07-01T09:22:19.933+0000] {processor.py:186} INFO - Started process (PID=1620) to work on /home/airflow/.local/lib/python3.12/site-packages/airflow/example_dags/example_task_group.py
[2026-07-01T09:22:19.934+0000] {processor.py:914} INFO - Processing file /home/airflow/.local/lib/python3.12/site-packages/airflow/example_dags/example_task_group.py for tasks to queue
[2026-07-01T09:22:19.936+0000] {logging_mixin.py:190} INFO - [2026-07-01T09:22:19.935+0000] {dagbag.py:587} INFO - Filling up the DagBag from /home/airflow/.local/lib/python3.12/site-packages/airflow/example_dags/example_task_group.py
[2026-07-01T09:22:19.942+0000] {processor.py:925} INFO - DAG(s) 'example_task_group' retrieved from /home/airflow/.local/lib/python3.12/site-packages/airflow/example_dags/example_task_group.py
[2026-07-01T09:22:19.956+0000] {logging_mixin.py:190} INFO - [2026-07-01T09:22:19.956+0000] {dag.py:3211} INFO - Sync 1 DAGs
[2026-07-01T09:22:19.971+0000] {logging_mixin.py:190} INFO - [2026-07-01T09:22:19.970+0000] {dag.py:4138} INFO - Setting next_dagrun for example_task_group to 2026-06-30 00:00:00+00:00, run_after=2026-07-01 00:00:00+00:00
[2026-07-01T09:22:19.981+0000] {processor.py:208} INFO - Processing /home/airflow/.local/lib/python3.12/site-packages/airflow/example_dags/example_task_group.py took 0.052 seconds
[2026-07-01T09:22:50.057+0000] {processor.py:186} INFO - Started process (PID=1682) to work on /home/airflow/.local/lib/python3.12/site-packages/airflow/example_dags/example_task_group.py
[2026-07-01T09:22:50.058+0000] {processor.py:914} INFO - Processing file /home/airflow/.local/lib/python3.12/site-packages/airflow/example_dags/example_task_group.py for tasks to queue
[2026-07-01T09:22:50.060+0000] {logging_mixin.py:190} INFO - [2026-07-01T09:22:50.059+0000] {dagbag.py:587} INFO - Filling up the DagBag from /home/airflow/.local/lib/python3.12/site-packages/airflow/example_dags/example_task_group.py
[2026-07-01T09:22:50.066+0000] {processor.py:925} INFO - DAG(s) 'example_task_group' retrieved from /home/airflow/.local/lib/python3.12/site-packages/airflow/example_dags/example_task_group.py
[2026-07-01T09:22:50.081+0000] {logging_mixin.py:190} INFO - [2026-07-01T09:22:50.080+0000] {dag.py:3211} INFO - Sync 1 DAGs
[2026-07-01T09:22:50.096+0000] {logging_mixin.py:190} INFO - [2026-07-01T09:22:50.096+0000] {dag.py:4138} INFO - Setting next_dagrun for example_task_group to 2026-06-30 00:00:00+00:00, run_after=2026-07-01 00:00:00+00:00
[2026-07-01T09:22:50.107+0000] {processor.py:208} INFO - Processing /home/airflow/.local/lib/python3.12/site-packages/airflow/example_dags/example_task_group.py took 0.054 seconds
[2026-07-01T09:23:21.108+0000] {processor.py:186} INFO - Started process (PID=1744) to work on /home/airflow/.local/lib/python3.12/site-packages/airflow/example_dags/example_task_group.py
[2026-07-01T09:23:21.109+0000] {processor.py:914} INFO - Processing file /home/airflow/.local/lib/python3.12/site-packages/airflow/example_dags/example_task_group.py for tasks to queue
[2026-07-01T09:23:21.112+0000] {logging_mixin.py:190} INFO - [2026-07-01T09:23:21.111+0000] {dagbag.py:587} INFO - Filling up the DagBag from /home/airflow/.local/lib/python3.12/site-packages/airflow/example_dags/example_task_group.py
[2026-07-01T09:23:21.121+0000] {processor.py:925} INFO - DAG(s) 'example_task_group' retrieved from /home/airflow/.local/lib/python3.12/site-packages/airflow/example_dags/example_task_group.py
[2026-07-01T09:23:21.144+0000] {logging_mixin.py:190} INFO - [2026-07-01T09:23:21.144+0000] {dag.py:3211} INFO - Sync 1 DAGs
[2026-07-01T09:23:21.165+0000] {logging_mixin.py:190} INFO - [2026-07-01T09:23:21.165+0000] {dag.py:4138} INFO - Setting next_dagrun for example_task_group to 2026-06-30 00:00:00+00:00, run_after=2026-07-01 00:00:00+00:00
[2026-07-01T09:23:21.181+0000] {processor.py:208} INFO - Processing /home/airflow/.local/lib/python3.12/site-packages/airflow/example_dags/example_task_group.py took 0.077 seconds
[2026-07-01T09:23:51.641+0000] {processor.py:186} INFO - Started process (PID=1806) to work on /home/airflow/.local/lib/python3.12/site-packages/airflow/example_dags/example_task_group.py
[2026-07-01T09:23:51.642+0000] {processor.py:914} INFO - Processing file /home/airflow/.local/lib/python3.12/site-packages/airflow/example_dags/example_task_group.py for tasks to queue
[2026-07-01T09:23:51.644+0000] {logging_mixin.py:190} INFO - [2026-07-01T09:23:51.644+0000] {dagbag.py:587} INFO - Filling up the DagBag from /home/airflow/.local/lib/python3.12/site-packages/airflow/example_dags/example_task_group.py
[2026-07-01T09:23:51.651+0000] {processor.py:925} INFO - DAG(s) 'example_task_group' retrieved from /home/airflow/.local/lib/python3.12/site-packages/airflow/example_dags/example_task_group.py
[2026-07-01T09:23:51.667+0000] {logging_mixin.py:190} INFO - [2026-07-01T09:23:51.667+0000] {dag.py:3211} INFO - Sync 1 DAGs
[2026-07-01T09:23:51.681+0000] {logging_mixin.py:190} INFO - [2026-07-01T09:23:51.681+0000] {dag.py:4138} INFO - Setting next_dagrun for example_task_group to 2026-06-30 00:00:00+00:00, run_after=2026-07-01 00:00:00+00:00
[2026-07-01T09:23:51.693+0000] {processor.py:208} INFO - Processing /home/airflow/.local/lib/python3.12/site-packages/airflow/example_dags/example_task_group.py took 0.056 seconds
[2026-07-01T09:24:21.884+0000] {processor.py:186} INFO - Started process (PID=1868) to work on /home/airflow/.local/lib/python3.12/site-packages/airflow/example_dags/example_task_group.py
[2026-07-01T09:24:21.885+0000] {processor.py:914} INFO - Processing file /home/airflow/.local/lib/python3.12/site-packages/airflow/example_dags/example_task_group.py for tasks to queue
[2026-07-01T09:24:21.887+0000] {logging_mixin.py:190} INFO - [2026-07-01T09:24:21.887+0000] {dagbag.py:587} INFO - Filling up the DagBag from /home/airflow/.local/lib/python3.12/site-packages/airflow/example_dags/example_task_group.py
[2026-07-01T09:24:21.894+0000] {processor.py:925} INFO - DAG(s) 'example_task_group' retrieved from /home/airflow/.local/lib/python3.12/site-packages/airflow/example_dags/example_task_group.py
[2026-07-01T09:24:21.908+0000] {logging_mixin.py:190} INFO - [2026-07-01T09:24:21.908+0000] {dag.py:3211} INFO - Sync 1 DAGs
[2026-07-01T09:24:21.923+0000] {logging_mixin.py:190} INFO - [2026-07-01T09:24:21.923+0000] {dag.py:4138} INFO - Setting next_dagrun for example_task_group to 2026-06-30 00:00:00+00:00, run_after=2026-07-01 00:00:00+00:00
[2026-07-01T09:24:21.935+0000] {processor.py:208} INFO - Processing /home/airflow/.local/lib/python3.12/site-packages/airflow/example_dags/example_task_group.py took 0.055 seconds
[2026-07-01T09:24:52.072+0000] {processor.py:186} INFO - Started process (PID=1930) to work on /home/airflow/.local/lib/python3.12/site-packages/airflow/example_dags/example_task_group.py
[2026-07-01T09:24:52.073+0000] {processor.py:914} INFO - Processing file /home/airflow/.local/lib/python3.12/site-packages/airflow/example_dags/example_task_group.py for tasks to queue
[2026-07-01T09:24:52.075+0000] {logging_mixin.py:190} INFO - [2026-07-01T09:24:52.075+0000] {dagbag.py:587} INFO - Filling up the DagBag from /home/airflow/.local/lib/python3.12/site-packages/airflow/example_dags/example_task_group.py
[2026-07-01T09:24:52.082+0000] {processor.py:925} INFO - DAG(s) 'example_task_group' retrieved from /home/airflow/.local/lib/python3.12/site-packages/airflow/example_dags/example_task_group.py
[2026-07-01T09:24:52.097+0000] {logging_mixin.py:190} INFO - [2026-07-01T09:24:52.097+0000] {dag.py:3211} INFO - Sync 1 DAGs
[2026-07-01T09:24:52.113+0000] {logging_mixin.py:190} INFO - [2026-07-01T09:24:52.113+0000] {dag.py:4138} INFO - Setting next_dagrun for example_task_group to 2026-06-30 00:00:00+00:00, run_after=2026-07-01 00:00:00+00:00
[2026-07-01T09:24:52.125+0000] {processor.py:208} INFO - Processing /home/airflow/.local/lib/python3.12/site-packages/airflow/example_dags/example_task_group.py took 0.057 seconds
[2026-07-01T09:25:22.252+0000] {processor.py:186} INFO - Started process (PID=1992) to work on /home/airflow/.local/lib/python3.12/site-packages/airflow/example_dags/example_task_group.py
[2026-07-01T09:25:22.253+0000] {processor.py:914} INFO - Processing file /home/airflow/.local/lib/python3.12/site-packages/airflow/example_dags/example_task_group.py for tasks to queue
[2026-07-01T09:25:22.255+0000] {logging_mixin.py:190} INFO - [2026-07-01T09:25:22.255+0000] {dagbag.py:587} INFO - Filling up the DagBag from /home/airflow/.local/lib/python3.12/site-packages/airflow/example_dags/example_task_group.py
[2026-07-01T09:25:22.261+0000] {processor.py:925} INFO - DAG(s) 'example_task_group' retrieved from /home/airflow/.local/lib/python3.12/site-packages/airflow/example_dags/example_task_group.py
[2026-07-01T09:25:22.275+0000] {logging_mixin.py:190} INFO - [2026-07-01T09:25:22.274+0000] {dag.py:3211} INFO - Sync 1 DAGs
[2026-07-01T09:25:22.288+0000] {logging_mixin.py:190} INFO - [2026-07-01T09:25:22.288+0000] {dag.py:4138} INFO - Setting next_dagrun for example_task_group to 2026-06-30 00:00:00+00:00, run_after=2026-07-01 00:00:00+00:00
[2026-07-01T09:25:22.299+0000] {processor.py:208} INFO - Processing /home/airflow/.local/lib/python3.12/site-packages/airflow/example_dags/example_task_group.py took 0.050 seconds
[2026-07-01T09:30:06.746+0000] {processor.py:186} INFO - Started process (PID=2049) to work on /home/airflow/.local/lib/python3.12/site-packages/airflow/example_dags/example_task_group.py
[2026-07-01T09:30:06.746+0000] {processor.py:914} INFO - Processing file /home/airflow/.local/lib/python3.12/site-packages/airflow/example_dags/example_task_group.py for tasks to queue
[2026-07-01T09:30:06.748+0000] {logging_mixin.py:190} INFO - [2026-07-01T09:30:06.748+0000] {dagbag.py:587} INFO - Filling up the DagBag from /home/airflow/.local/lib/python3.12/site-packages/airflow/example_dags/example_task_group.py
[2026-07-01T09:30:06.755+0000] {processor.py:925} INFO - DAG(s) 'example_task_group' retrieved from /home/airflow/.local/lib/python3.12/site-packages/airflow/example_dags/example_task_group.py
[2026-07-01T09:30:06.770+0000] {logging_mixin.py:190} INFO - [2026-07-01T09:30:06.770+0000] {dag.py:3211} INFO - Sync 1 DAGs
[2026-07-01T09:30:06.785+0000] {logging_mixin.py:190} INFO - [2026-07-01T09:30:06.785+0000] {dag.py:4138} INFO - Setting next_dagrun for example_task_group to 2026-06-30 00:00:00+00:00, run_after=2026-07-01 00:00:00+00:00
[2026-07-01T09:30:06.800+0000] {processor.py:208} INFO - Processing /home/airflow/.local/lib/python3.12/site-packages/airflow/example_dags/example_task_group.py took 0.059 seconds
[2026-07-01T09:30:37.658+0000] {processor.py:186} INFO - Started process (PID=2111) to work on /home/airflow/.local/lib/python3.12/site-packages/airflow/example_dags/example_task_group.py
[2026-07-01T09:30:37.659+0000] {processor.py:914} INFO - Processing file /home/airflow/.local/lib/python3.12/site-packages/airflow/example_dags/example_task_group.py for tasks to queue
[2026-07-01T09:30:37.661+0000] {logging_mixin.py:190} INFO - [2026-07-01T09:30:37.661+0000] {dagbag.py:587} INFO - Filling up the DagBag from /home/airflow/.local/lib/python3.12/site-packages/airflow/example_dags/example_task_group.py
[2026-07-01T09:30:37.668+0000] {processor.py:925} INFO - DAG(s) 'example_task_group' retrieved from /home/airflow/.local/lib/python3.12/site-packages/airflow/example_dags/example_task_group.py
[2026-07-01T09:30:37.683+0000] {logging_mixin.py:190} INFO - [2026-07-01T09:30:37.683+0000] {dag.py:3211} INFO - Sync 1 DAGs
[2026-07-01T09:30:37.699+0000] {logging_mixin.py:190} INFO - [2026-07-01T09:30:37.699+0000] {dag.py:4138} INFO - Setting next_dagrun for example_task_group to 2026-06-30 00:00:00+00:00, run_after=2026-07-01 00:00:00+00:00
[2026-07-01T09:30:37.711+0000] {processor.py:208} INFO - Processing /home/airflow/.local/lib/python3.12/site-packages/airflow/example_dags/example_task_group.py took 0.058 seconds
[2026-07-01T09:31:07.917+0000] {processor.py:186} INFO - Started process (PID=2172) to work on /home/airflow/.local/lib/python3.12/site-packages/airflow/example_dags/example_task_group.py
[2026-07-01T09:31:07.918+0000] {processor.py:914} INFO - Processing file /home/airflow/.local/lib/python3.12/site-packages/airflow/example_dags/example_task_group.py for tasks to queue
[2026-07-01T09:31:07.920+0000] {logging_mixin.py:190} INFO - [2026-07-01T09:31:07.920+0000] {dagbag.py:587} INFO - Filling up the DagBag from /home/airflow/.local/lib/python3.12/site-packages/airflow/example_dags/example_task_group.py
[2026-07-01T09:31:07.927+0000] {processor.py:925} INFO - DAG(s) 'example_task_group' retrieved from /home/airflow/.local/lib/python3.12/site-packages/airflow/example_dags/example_task_group.py
[2026-07-01T09:31:07.942+0000] {logging_mixin.py:190} INFO - [2026-07-01T09:31:07.941+0000] {dag.py:3211} INFO - Sync 1 DAGs
[2026-07-01T09:31:07.956+0000] {logging_mixin.py:190} INFO - [2026-07-01T09:31:07.956+0000] {dag.py:4138} INFO - Setting next_dagrun for example_task_group to 2026-06-30 00:00:00+00:00, run_after=2026-07-01 00:00:00+00:00
[2026-07-01T09:31:07.967+0000] {processor.py:208} INFO - Processing /home/airflow/.local/lib/python3.12/site-packages/airflow/example_dags/example_task_group.py took 0.054 seconds
[2026-07-01T09:31:38.339+0000] {processor.py:186} INFO - Started process (PID=2234) to work on /home/airflow/.local/lib/python3.12/site-packages/airflow/example_dags/example_task_group.py
[2026-07-01T09:31:38.340+0000] {processor.py:914} INFO - Processing file /home/airflow/.local/lib/python3.12/site-packages/airflow/example_dags/example_task_group.py for tasks to queue
[2026-07-01T09:31:38.342+0000] {logging_mixin.py:190} INFO - [2026-07-01T09:31:38.342+0000] {dagbag.py:587} INFO - Filling up the DagBag from /home/airflow/.local/lib/python3.12/site-packages/airflow/example_dags/example_task_group.py
[2026-07-01T09:31:38.350+0000] {processor.py:925} INFO - DAG(s) 'example_task_group' retrieved from /home/airflow/.local/lib/python3.12/site-packages/airflow/example_dags/example_task_group.py
[2026-07-01T09:31:38.366+0000] {logging_mixin.py:190} INFO - [2026-07-01T09:31:38.366+0000] {dag.py:3211} INFO - Sync 1 DAGs
[2026-07-01T09:31:38.383+0000] {logging_mixin.py:190} INFO - [2026-07-01T09:31:38.383+0000] {dag.py:4138} INFO - Setting next_dagrun for example_task_group to 2026-06-30 00:00:00+00:00, run_after=2026-07-01 00:00:00+00:00
[2026-07-01T09:31:38.395+0000] {processor.py:208} INFO - Processing /home/airflow/.local/lib/python3.12/site-packages/airflow/example_dags/example_task_group.py took 0.060 seconds
[2026-07-01T09:32:08.727+0000] {processor.py:186} INFO - Started process (PID=2296) to work on /home/airflow/.local/lib/python3.12/site-packages/airflow/example_dags/example_task_group.py
[2026-07-01T09:32:08.728+0000] {processor.py:914} INFO - Processing file /home/airflow/.local/lib/python3.12/site-packages/airflow/example_dags/example_task_group.py for tasks to queue
[2026-07-01T09:32:08.730+0000] {logging_mixin.py:190} INFO - [2026-07-01T09:32:08.730+0000] {dagbag.py:587} INFO - Filling up the DagBag from /home/airflow/.local/lib/python3.12/site-packages/airflow/example_dags/example_task_group.py
[2026-07-01T09:32:08.736+0000] {processor.py:925} INFO - DAG(s) 'example_task_group' retrieved from /home/airflow/.local/lib/python3.12/site-packages/airflow/example_dags/example_task_group.py
[2026-07-01T09:32:08.749+0000] {logging_mixin.py:190} INFO - [2026-07-01T09:32:08.749+0000] {dag.py:3211} INFO - Sync 1 DAGs
[2026-07-01T09:32:08.764+0000] {logging_mixin.py:190} INFO - [2026-07-01T09:32:08.763+0000] {dag.py:4138} INFO - Setting next_dagrun for example_task_group to 2026-06-30 00:00:00+00:00, run_after=2026-07-01 00:00:00+00:00
[2026-07-01T09:32:08.777+0000] {processor.py:208} INFO - Processing /home/airflow/.local/lib/python3.12/site-packages/airflow/example_dags/example_task_group.py took 0.054 seconds
[2026-07-01T09:32:39.006+0000] {processor.py:186} INFO - Started process (PID=2358) to work on /home/airflow/.local/lib/python3.12/site-packages/airflow/example_dags/example_task_group.py
[2026-07-01T09:32:39.006+0000] {processor.py:914} INFO - Processing file /home/airflow/.local/lib/python3.12/site-packages/airflow/example_dags/example_task_group.py for tasks to queue
[2026-07-01T09:32:39.008+0000] {logging_mixin.py:190} INFO - [2026-07-01T09:32:39.008+0000] {dagbag.py:587} INFO - Filling up the DagBag from /home/airflow/.local/lib/python3.12/site-packages/airflow/example_dags/example_task_group.py
[2026-07-01T09:32:39.015+0000] {processor.py:925} INFO - DAG(s) 'example_task_group' retrieved from /home/airflow/.local/lib/python3.12/site-packages/airflow/example_dags/example_task_group.py
[2026-07-01T09:32:39.029+0000] {logging_mixin.py:190} INFO - [2026-07-01T09:32:39.029+0000] {dag.py:3211} INFO - Sync 1 DAGs
[2026-07-01T09:32:39.044+0000] {logging_mixin.py:190} INFO - [2026-07-01T09:32:39.044+0000] {dag.py:4138} INFO - Setting next_dagrun for example_task_group to 2026-06-30 00:00:00+00:00, run_after=2026-07-01 00:00:00+00:00
[2026-07-01T09:32:39.056+0000] {processor.py:208} INFO - Processing /home/airflow/.local/lib/python3.12/site-packages/airflow/example_dags/example_task_group.py took 0.055 seconds
[2026-07-01T09:33:09.605+0000] {processor.py:186} INFO - Started process (PID=2420) to work on /home/airflow/.local/lib/python3.12/site-packages/airflow/example_dags/example_task_group.py
[2026-07-01T09:33:09.605+0000] {processor.py:914} INFO - Processing file /home/airflow/.local/lib/python3.12/site-packages/airflow/example_dags/example_task_group.py for tasks to queue
[2026-07-01T09:33:09.607+0000] {logging_mixin.py:190} INFO - [2026-07-01T09:33:09.607+0000] {dagbag.py:587} INFO - Filling up the DagBag from /home/airflow/.local/lib/python3.12/site-packages/airflow/example_dags/example_task_group.py
[2026-07-01T09:33:09.614+0000] {processor.py:925} INFO - DAG(s) 'example_task_group' retrieved from /home/airflow/.local/lib/python3.12/site-packages/airflow/example_dags/example_task_group.py
[2026-07-01T09:33:09.629+0000] {logging_mixin.py:190} INFO - [2026-07-01T09:33:09.628+0000] {dag.py:3211} INFO - Sync 1 DAGs
[2026-07-01T09:33:09.643+0000] {logging_mixin.py:190} INFO - [2026-07-01T09:33:09.643+0000] {dag.py:4138} INFO - Setting next_dagrun for example_task_group to 2026-06-30 00:00:00+00:00, run_after=2026-07-01 00:00:00+00:00
[2026-07-01T09:33:09.655+0000] {processor.py:208} INFO - Processing /home/airflow/.local/lib/python3.12/site-packages/airflow/example_dags/example_task_group.py took 0.054 seconds
[2026-07-01T09:33:40.239+0000] {processor.py:186} INFO - Started process (PID=2482) to work on /home/airflow/.local/lib/python3.12/site-packages/airflow/example_dags/example_task_group.py
[2026-07-01T09:33:40.240+0000] {processor.py:914} INFO - Processing file /home/airflow/.local/lib/python3.12/site-packages/airflow/example_dags/example_task_group.py for tasks to queue
[2026-07-01T09:33:40.244+0000] {logging_mixin.py:190} INFO - [2026-07-01T09:33:40.244+0000] {dagbag.py:587} INFO - Filling up the DagBag from /home/airflow/.local/lib/python3.12/site-packages/airflow/example_dags/example_task_group.py
[2026-07-01T09:33:40.251+0000] {processor.py:925} INFO - DAG(s) 'example_task_group' retrieved from /home/airflow/.local/lib/python3.12/site-packages/airflow/example_dags/example_task_group.py
[2026-07-01T09:33:40.268+0000] {logging_mixin.py:190} INFO - [2026-07-01T09:33:40.267+0000] {dag.py:3211} INFO - Sync 1 DAGs
[2026-07-01T09:33:40.283+0000] {logging_mixin.py:190} INFO - [2026-07-01T09:33:40.283+0000] {dag.py:4138} INFO - Setting next_dagrun for example_task_group to 2026-06-30 00:00:00+00:00, run_after=2026-07-01 00:00:00+00:00
[2026-07-01T09:33:40.295+0000] {processor.py:208} INFO - Processing /home/airflow/.local/lib/python3.12/site-packages/airflow/example_dags/example_task_group.py took 0.060 seconds
[2026-07-01T09:34:11.268+0000] {processor.py:186} INFO - Started process (PID=2544) to work on /home/airflow/.local/lib/python3.12/site-packages/airflow/example_dags/example_task_group.py
[2026-07-01T09:34:11.270+0000] {processor.py:914} INFO - Processing file /home/airflow/.local/lib/python3.12/site-packages/airflow/example_dags/example_task_group.py for tasks to queue
[2026-07-01T09:34:11.272+0000] {logging_mixin.py:190} INFO - [2026-07-01T09:34:11.272+0000] {dagbag.py:587} INFO - Filling up the DagBag from /home/airflow/.local/lib/python3.12/site-packages/airflow/example_dags/example_task_group.py
[2026-07-01T09:34:11.283+0000] {processor.py:925} INFO - DAG(s) 'example_task_group' retrieved from /home/airflow/.local/lib/python3.12/site-packages/airflow/example_dags/example_task_group.py
[2026-07-01T09:34:11.305+0000] {logging_mixin.py:190} INFO - [2026-07-01T09:34:11.305+0000] {dag.py:3211} INFO - Sync 1 DAGs
[2026-07-01T09:34:11.325+0000] {logging_mixin.py:190} INFO - [2026-07-01T09:34:11.325+0000] {dag.py:4138} INFO - Setting next_dagrun for example_task_group to 2026-06-30 00:00:00+00:00, run_after=2026-07-01 00:00:00+00:00
[2026-07-01T09:34:11.344+0000] {processor.py:208} INFO - Processing /home/airflow/.local/lib/python3.12/site-packages/airflow/example_dags/example_task_group.py took 0.082 seconds
[2026-07-01T09:34:42.136+0000] {processor.py:186} INFO - Started process (PID=2606) to work on /home/airflow/.local/lib/python3.12/site-packages/airflow/example_dags/example_task_group.py
[2026-07-01T09:34:42.137+0000] {processor.py:914} INFO - Processing file /home/airflow/.local/lib/python3.12/site-packages/airflow/example_dags/example_task_group.py for tasks to queue
[2026-07-01T09:34:42.139+0000] {logging_mixin.py:190} INFO - [2026-07-01T09:34:42.139+0000] {dagbag.py:587} INFO - Filling up the DagBag from /home/airflow/.local/lib/python3.12/site-packages/airflow/example_dags/example_task_group.py
[2026-07-01T09:34:42.146+0000] {processor.py:925} INFO - DAG(s) 'example_task_group' retrieved from /home/airflow/.local/lib/python3.12/site-packages/airflow/example_dags/example_task_group.py
[2026-07-01T09:34:42.162+0000] {logging_mixin.py:190} INFO - [2026-07-01T09:34:42.162+0000] {dag.py:3211} INFO - Sync 1 DAGs
[2026-07-01T09:34:42.177+0000] {logging_mixin.py:190} INFO - [2026-07-01T09:34:42.177+0000] {dag.py:4138} INFO - Setting next_dagrun for example_task_group to 2026-06-30 00:00:00+00:00, run_after=2026-07-01 00:00:00+00:00
[2026-07-01T09:34:42.189+0000] {processor.py:208} INFO - Processing /home/airflow/.local/lib/python3.12/site-packages/airflow/example_dags/example_task_group.py took 0.057 seconds
[2026-07-01T09:35:12.899+0000] {processor.py:186} INFO - Started process (PID=2668) to work on /home/airflow/.local/lib/python3.12/site-packages/airflow/example_dags/example_task_group.py
[2026-07-01T09:35:12.900+0000] {processor.py:914} INFO - Processing file /home/airflow/.local/lib/python3.12/site-packages/airflow/example_dags/example_task_group.py for tasks to queue
[2026-07-01T09:35:12.902+0000] {logging_mixin.py:190} INFO - [2026-07-01T09:35:12.902+0000] {dagbag.py:587} INFO - Filling up the DagBag from /home/airflow/.local/lib/python3.12/site-packages/airflow/example_dags/example_task_group.py
[2026-07-01T09:35:12.909+0000] {processor.py:925} INFO - DAG(s) 'example_task_group' retrieved from /home/airflow/.local/lib/python3.12/site-packages/airflow/example_dags/example_task_group.py
[2026-07-01T09:35:12.924+0000] {logging_mixin.py:190} INFO - [2026-07-01T09:35:12.924+0000] {dag.py:3211} INFO - Sync 1 DAGs
[2026-07-01T09:35:12.939+0000] {logging_mixin.py:190} INFO - [2026-07-01T09:35:12.939+0000] {dag.py:4138} INFO - Setting next_dagrun for example_task_group to 2026-06-30 00:00:00+00:00, run_after=2026-07-01 00:00:00+00:00
[2026-07-01T09:35:12.953+0000] {processor.py:208} INFO - Processing /home/airflow/.local/lib/python3.12/site-packages/airflow/example_dags/example_task_group.py took 0.058 seconds
[2026-07-01T09:35:43.411+0000] {processor.py:186} INFO - Started process (PID=2730) to work on /home/airflow/.local/lib/python3.12/site-packages/airflow/example_dags/example_task_group.py
[2026-07-01T09:35:43.413+0000] {processor.py:914} INFO - Processing file /home/airflow/.local/lib/python3.12/site-packages/airflow/example_dags/example_task_group.py for tasks to queue
[2026-07-01T09:35:43.415+0000] {logging_mixin.py:190} INFO - [2026-07-01T09:35:43.415+0000] {dagbag.py:587} INFO - Filling up the DagBag from /home/airflow/.local/lib/python3.12/site-packages/airflow/example_dags/example_task_group.py
[2026-07-01T09:35:43.424+0000] {processor.py:925} INFO - DAG(s) 'example_task_group' retrieved from /home/airflow/.local/lib/python3.12/site-packages/airflow/example_dags/example_task_group.py
[2026-07-01T09:35:43.445+0000] {logging_mixin.py:190} INFO - [2026-07-01T09:35:43.445+0000] {dag.py:3211} INFO - Sync 1 DAGs
[2026-07-01T09:35:43.465+0000] {logging_mixin.py:190} INFO - [2026-07-01T09:35:43.465+0000] {dag.py:4138} INFO - Setting next_dagrun for example_task_group to 2026-06-30 00:00:00+00:00, run_after=2026-07-01 00:00:00+00:00
[2026-07-01T09:35:43.482+0000] {processor.py:208} INFO - Processing /home/airflow/.local/lib/python3.12/site-packages/airflow/example_dags/example_task_group.py took 0.075 seconds
[2026-07-01T09:36:13.929+0000] {processor.py:186} INFO - Started process (PID=2792) to work on /home/airflow/.local/lib/python3.12/site-packages/airflow/example_dags/example_task_group.py
[2026-07-01T09:36:13.930+0000] {processor.py:914} INFO - Processing file /home/airflow/.local/lib/python3.12/site-packages/airflow/example_dags/example_task_group.py for tasks to queue
[2026-07-01T09:36:13.932+0000] {logging_mixin.py:190} INFO - [2026-07-01T09:36:13.931+0000] {dagbag.py:587} INFO - Filling up the DagBag from /home/airflow/.local/lib/python3.12/site-packages/airflow/example_dags/example_task_group.py
[2026-07-01T09:36:13.938+0000] {processor.py:925} INFO - DAG(s) 'example_task_group' retrieved from /home/airflow/.local/lib/python3.12/site-packages/airflow/example_dags/example_task_group.py
[2026-07-01T09:36:13.952+0000] {logging_mixin.py:190} INFO - [2026-07-01T09:36:13.952+0000] {dag.py:3211} INFO - Sync 1 DAGs
[2026-07-01T09:36:13.967+0000] {logging_mixin.py:190} INFO - [2026-07-01T09:36:13.967+0000] {dag.py:4138} INFO - Setting next_dagrun for example_task_group to 2026-06-30 00:00:00+00:00, run_after=2026-07-01 00:00:00+00:00
[2026-07-01T09:36:13.979+0000] {processor.py:208} INFO - Processing /home/airflow/.local/lib/python3.12/site-packages/airflow/example_dags/example_task_group.py took 0.054 seconds
[2026-07-01T09:36:45.066+0000] {processor.py:186} INFO - Started process (PID=2855) to work on /home/airflow/.local/lib/python3.12/site-packages/airflow/example_dags/example_task_group.py
[2026-07-01T09:36:45.067+0000] {processor.py:914} INFO - Processing file /home/airflow/.local/lib/python3.12/site-packages/airflow/example_dags/example_task_group.py for tasks to queue
[2026-07-01T09:36:45.069+0000] {logging_mixin.py:190} INFO - [2026-07-01T09:36:45.069+0000] {dagbag.py:587} INFO - Filling up the DagBag from /home/airflow/.local/lib/python3.12/site-packages/airflow/example_dags/example_task_group.py
[2026-07-01T09:36:45.077+0000] {processor.py:925} INFO - DAG(s) 'example_task_group' retrieved from /home/airflow/.local/lib/python3.12/site-packages/airflow/example_dags/example_task_group.py
[2026-07-01T09:36:45.095+0000] {logging_mixin.py:190} INFO - [2026-07-01T09:36:45.095+0000] {dag.py:3211} INFO - Sync 1 DAGs
[2026-07-01T09:36:45.115+0000] {logging_mixin.py:190} INFO - [2026-07-01T09:36:45.114+0000] {dag.py:4138} INFO - Setting next_dagrun for example_task_group to 2026-06-30 00:00:00+00:00, run_after=2026-07-01 00:00:00+00:00
[2026-07-01T09:36:45.129+0000] {processor.py:208} INFO - Processing /home/airflow/.local/lib/python3.12/site-packages/airflow/example_dags/example_task_group.py took 0.067 seconds
[2026-07-01T09:37:15.972+0000] {processor.py:186} INFO - Started process (PID=2917) to work on /home/airflow/.local/lib/python3.12/site-packages/airflow/example_dags/example_task_group.py
[2026-07-01T09:37:15.973+0000] {processor.py:914} INFO - Processing file /home/airflow/.local/lib/python3.12/site-packages/airflow/example_dags/example_task_group.py for tasks to queue
[2026-07-01T09:37:15.975+0000] {logging_mixin.py:190} INFO - [2026-07-01T09:37:15.975+0000] {dagbag.py:587} INFO - Filling up the DagBag from /home/airflow/.local/lib/python3.12/site-packages/airflow/example_dags/example_task_group.py
[2026-07-01T09:37:15.983+0000] {processor.py:925} INFO - DAG(s) 'example_task_group' retrieved from /home/airflow/.local/lib/python3.12/site-packages/airflow/example_dags/example_task_group.py
[2026-07-01T09:37:15.998+0000] {logging_mixin.py:190} INFO - [2026-07-01T09:37:15.998+0000] {dag.py:3211} INFO - Sync 1 DAGs
[2026-07-01T09:37:16.157+0000] {logging_mixin.py:190} INFO - [2026-07-01T09:37:16.157+0000] {dag.py:4138} INFO - Setting next_dagrun for example_task_group to 2026-06-30 00:00:00+00:00, run_after=2026-07-01 00:00:00+00:00
[2026-07-01T09:37:16.169+0000] {processor.py:208} INFO - Processing /home/airflow/.local/lib/python3.12/site-packages/airflow/example_dags/example_task_group.py took 0.201 seconds
[2026-07-01T09:37:46.759+0000] {processor.py:186} INFO - Started process (PID=2979) to work on /home/airflow/.local/lib/python3.12/site-packages/airflow/example_dags/example_task_group.py
[2026-07-01T09:37:46.761+0000] {processor.py:914} INFO - Processing file /home/airflow/.local/lib/python3.12/site-packages/airflow/example_dags/example_task_group.py for tasks to queue
[2026-07-01T09:37:46.763+0000] {logging_mixin.py:190} INFO - [2026-07-01T09:37:46.762+0000] {dagbag.py:587} INFO - Filling up the DagBag from /home/airflow/.local/lib/python3.12/site-packages/airflow/example_dags/example_task_group.py
[2026-07-01T09:37:46.769+0000] {processor.py:925} INFO - DAG(s) 'example_task_group' retrieved from /home/airflow/.local/lib/python3.12/site-packages/airflow/example_dags/example_task_group.py
[2026-07-01T09:37:46.785+0000] {logging_mixin.py:190} INFO - [2026-07-01T09:37:46.785+0000] {dag.py:3211} INFO - Sync 1 DAGs
[2026-07-01T09:37:46.802+0000] {logging_mixin.py:190} INFO - [2026-07-01T09:37:46.802+0000] {dag.py:4138} INFO - Setting next_dagrun for example_task_group to 2026-06-30 00:00:00+00:00, run_after=2026-07-01 00:00:00+00:00
[2026-07-01T09:37:46.985+0000] {processor.py:208} INFO - Processing /home/airflow/.local/lib/python3.12/site-packages/airflow/example_dags/example_task_group.py took 0.230 seconds
[2026-07-01T09:38:17.810+0000] {processor.py:186} INFO - Started process (PID=3041) to work on /home/airflow/.local/lib/python3.12/site-packages/airflow/example_dags/example_task_group.py
[2026-07-01T09:38:17.811+0000] {processor.py:914} INFO - Processing file /home/airflow/.local/lib/python3.12/site-packages/airflow/example_dags/example_task_group.py for tasks to queue
[2026-07-01T09:38:17.813+0000] {logging_mixin.py:190} INFO - [2026-07-01T09:38:17.813+0000] {dagbag.py:587} INFO - Filling up the DagBag from /home/airflow/.local/lib/python3.12/site-packages/airflow/example_dags/example_task_group.py
[2026-07-01T09:38:17.821+0000] {processor.py:925} INFO - DAG(s) 'example_task_group' retrieved from /home/airflow/.local/lib/python3.12/site-packages/airflow/example_dags/example_task_group.py
[2026-07-01T09:38:17.837+0000] {logging_mixin.py:190} INFO - [2026-07-01T09:38:17.837+0000] {dag.py:3211} INFO - Sync 1 DAGs
[2026-07-01T09:38:17.854+0000] {logging_mixin.py:190} INFO - [2026-07-01T09:38:17.854+0000] {dag.py:4138} INFO - Setting next_dagrun for example_task_group to 2026-06-30 00:00:00+00:00, run_after=2026-07-01 00:00:00+00:00
[2026-07-01T09:38:17.869+0000] {processor.py:208} INFO - Processing /home/airflow/.local/lib/python3.12/site-packages/airflow/example_dags/example_task_group.py took 0.064 seconds
[2026-07-01T09:38:48.820+0000] {processor.py:186} INFO - Started process (PID=3103) to work on /home/airflow/.local/lib/python3.12/site-packages/airflow/example_dags/example_task_group.py
[2026-07-01T09:38:48.821+0000] {processor.py:914} INFO - Processing file /home/airflow/.local/lib/python3.12/site-packages/airflow/example_dags/example_task_group.py for tasks to queue
[2026-07-01T09:38:48.823+0000] {logging_mixin.py:190} INFO - [2026-07-01T09:38:48.823+0000] {dagbag.py:587} INFO - Filling up the DagBag from /home/airflow/.local/lib/python3.12/site-packages/airflow/example_dags/example_task_group.py
[2026-07-01T09:38:48.830+0000] {processor.py:925} INFO - DAG(s) 'example_task_group' retrieved from /home/airflow/.local/lib/python3.12/site-packages/airflow/example_dags/example_task_group.py
[2026-07-01T09:38:48.847+0000] {logging_mixin.py:190} INFO - [2026-07-01T09:38:48.847+0000] {dag.py:3211} INFO - Sync 1 DAGs
[2026-07-01T09:38:48.863+0000] {logging_mixin.py:190} INFO - [2026-07-01T09:38:48.863+0000] {dag.py:4138} INFO - Setting next_dagrun for example_task_group to 2026-06-30 00:00:00+00:00, run_after=2026-07-01 00:00:00+00:00
[2026-07-01T09:38:48.879+0000] {processor.py:208} INFO - Processing /home/airflow/.local/lib/python3.12/site-packages/airflow/example_dags/example_task_group.py took 0.063 seconds
[2026-07-01T09:39:19.531+0000] {processor.py:186} INFO - Started process (PID=3170) to work on /home/airflow/.local/lib/python3.12/site-packages/airflow/example_dags/example_task_group.py
[2026-07-01T09:39:19.532+0000] {processor.py:914} INFO - Processing file /home/airflow/.local/lib/python3.12/site-packages/airflow/example_dags/example_task_group.py for tasks to queue
[2026-07-01T09:39:19.533+0000] {logging_mixin.py:190} INFO - [2026-07-01T09:39:19.533+0000] {dagbag.py:587} INFO - Filling up the DagBag from /home/airflow/.local/lib/python3.12/site-packages/airflow/example_dags/example_task_group.py
[2026-07-01T09:39:19.539+0000] {processor.py:925} INFO - DAG(s) 'example_task_group' retrieved from /home/airflow/.local/lib/python3.12/site-packages/airflow/example_dags/example_task_group.py
[2026-07-01T09:39:19.554+0000] {logging_mixin.py:190} INFO - [2026-07-01T09:39:19.554+0000] {dag.py:3211} INFO - Sync 1 DAGs
[2026-07-01T09:39:19.570+0000] {logging_mixin.py:190} INFO - [2026-07-01T09:39:19.570+0000] {dag.py:4138} INFO - Setting next_dagrun for example_task_group to 2026-06-30 00:00:00+00:00, run_after=2026-07-01 00:00:00+00:00
[2026-07-01T09:39:19.583+0000] {processor.py:208} INFO - Processing /home/airflow/.local/lib/python3.12/site-packages/airflow/example_dags/example_task_group.py took 0.056 seconds
[2026-07-01T09:39:50.051+0000] {processor.py:186} INFO - Started process (PID=3232) to work on /home/airflow/.local/lib/python3.12/site-packages/airflow/example_dags/example_task_group.py
[2026-07-01T09:39:50.052+0000] {processor.py:914} INFO - Processing file /home/airflow/.local/lib/python3.12/site-packages/airflow/example_dags/example_task_group.py for tasks to queue
[2026-07-01T09:39:50.054+0000] {logging_mixin.py:190} INFO - [2026-07-01T09:39:50.054+0000] {dagbag.py:587} INFO - Filling up the DagBag from /home/airflow/.local/lib/python3.12/site-packages/airflow/example_dags/example_task_group.py
[2026-07-01T09:39:50.060+0000] {processor.py:925} INFO - DAG(s) 'example_task_group' retrieved from /home/airflow/.local/lib/python3.12/site-packages/airflow/example_dags/example_task_group.py
[2026-07-01T09:39:50.075+0000] {logging_mixin.py:190} INFO - [2026-07-01T09:39:50.075+0000] {dag.py:3211} INFO - Sync 1 DAGs
[2026-07-01T09:39:50.092+0000] {logging_mixin.py:190} INFO - [2026-07-01T09:39:50.092+0000] {dag.py:4138} INFO - Setting next_dagrun for example_task_group to 2026-06-30 00:00:00+00:00, run_after=2026-07-01 00:00:00+00:00
[2026-07-01T09:39:50.104+0000] {processor.py:208} INFO - Processing /home/airflow/.local/lib/python3.12/site-packages/airflow/example_dags/example_task_group.py took 0.057 seconds
[2026-07-01T09:40:20.708+0000] {processor.py:186} INFO - Started process (PID=3294) to work on /home/airflow/.local/lib/python3.12/site-packages/airflow/example_dags/example_task_group.py
[2026-07-01T09:40:20.710+0000] {processor.py:914} INFO - Processing file /home/airflow/.local/lib/python3.12/site-packages/airflow/example_dags/example_task_group.py for tasks to queue
[2026-07-01T09:40:20.712+0000] {logging_mixin.py:190} INFO - [2026-07-01T09:40:20.711+0000] {dagbag.py:587} INFO - Filling up the DagBag from /home/airflow/.local/lib/python3.12/site-packages/airflow/example_dags/example_task_group.py
[2026-07-01T09:40:20.849+0000] {processor.py:925} INFO - DAG(s) 'example_task_group' retrieved from /home/airflow/.local/lib/python3.12/site-packages/airflow/example_dags/example_task_group.py
[2026-07-01T09:40:20.862+0000] {logging_mixin.py:190} INFO - [2026-07-01T09:40:20.862+0000] {dag.py:3211} INFO - Sync 1 DAGs
[2026-07-01T09:40:20.875+0000] {logging_mixin.py:190} INFO - [2026-07-01T09:40:20.874+0000] {dag.py:4138} INFO - Setting next_dagrun for example_task_group to 2026-06-30 00:00:00+00:00, run_after=2026-07-01 00:00:00+00:00
[2026-07-01T09:40:20.885+0000] {processor.py:208} INFO - Processing /home/airflow/.local/lib/python3.12/site-packages/airflow/example_dags/example_task_group.py took 0.181 seconds
[2026-07-01T09:40:51.600+0000] {processor.py:186} INFO - Started process (PID=3356) to work on /home/airflow/.local/lib/python3.12/site-packages/airflow/example_dags/example_task_group.py
[2026-07-01T09:40:51.601+0000] {processor.py:914} INFO - Processing file /home/airflow/.local/lib/python3.12/site-packages/airflow/example_dags/example_task_group.py for tasks to queue
[2026-07-01T09:40:51.604+0000] {logging_mixin.py:190} INFO - [2026-07-01T09:40:51.603+0000] {dagbag.py:587} INFO - Filling up the DagBag from /home/airflow/.local/lib/python3.12/site-packages/airflow/example_dags/example_task_group.py
[2026-07-01T09:40:51.612+0000] {processor.py:925} INFO - DAG(s) 'example_task_group' retrieved from /home/airflow/.local/lib/python3.12/site-packages/airflow/example_dags/example_task_group.py
[2026-07-01T09:40:51.631+0000] {logging_mixin.py:190} INFO - [2026-07-01T09:40:51.631+0000] {dag.py:3211} INFO - Sync 1 DAGs
[2026-07-01T09:40:51.647+0000] {logging_mixin.py:190} INFO - [2026-07-01T09:40:51.647+0000] {dag.py:4138} INFO - Setting next_dagrun for example_task_group to 2026-06-30 00:00:00+00:00, run_after=2026-07-01 00:00:00+00:00
[2026-07-01T09:40:51.662+0000] {processor.py:208} INFO - Processing /home/airflow/.local/lib/python3.12/site-packages/airflow/example_dags/example_task_group.py took 0.068 seconds
[2026-07-01T09:41:22.057+0000] {processor.py:186} INFO - Started process (PID=3418) to work on /home/airflow/.local/lib/python3.12/site-packages/airflow/example_dags/example_task_group.py
[2026-07-01T09:41:22.059+0000] {processor.py:914} INFO - Processing file /home/airflow/.local/lib/python3.12/site-packages/airflow/example_dags/example_task_group.py for tasks to queue
[2026-07-01T09:41:22.061+0000] {logging_mixin.py:190} INFO - [2026-07-01T09:41:22.061+0000] {dagbag.py:587} INFO - Filling up the DagBag from /home/airflow/.local/lib/python3.12/site-packages/airflow/example_dags/example_task_group.py
[2026-07-01T09:41:22.068+0000] {processor.py:925} INFO - DAG(s) 'example_task_group' retrieved from /home/airflow/.local/lib/python3.12/site-packages/airflow/example_dags/example_task_group.py
[2026-07-01T09:41:22.084+0000] {logging_mixin.py:190} INFO - [2026-07-01T09:41:22.084+0000] {dag.py:3211} INFO - Sync 1 DAGs
[2026-07-01T09:41:22.099+0000] {logging_mixin.py:190} INFO - [2026-07-01T09:41:22.099+0000] {dag.py:4138} INFO - Setting next_dagrun for example_task_group to 2026-06-30 00:00:00+00:00, run_after=2026-07-01 00:00:00+00:00
[2026-07-01T09:41:22.112+0000] {processor.py:208} INFO - Processing /home/airflow/.local/lib/python3.12/site-packages/airflow/example_dags/example_task_group.py took 0.059 seconds
[2026-07-01T09:41:52.342+0000] {processor.py:186} INFO - Started process (PID=3480) to work on /home/airflow/.local/lib/python3.12/site-packages/airflow/example_dags/example_task_group.py
[2026-07-01T09:41:52.343+0000] {processor.py:914} INFO - Processing file /home/airflow/.local/lib/python3.12/site-packages/airflow/example_dags/example_task_group.py for tasks to queue
[2026-07-01T09:41:52.345+0000] {logging_mixin.py:190} INFO - [2026-07-01T09:41:52.345+0000] {dagbag.py:587} INFO - Filling up the DagBag from /home/airflow/.local/lib/python3.12/site-packages/airflow/example_dags/example_task_group.py
[2026-07-01T09:41:52.352+0000] {processor.py:925} INFO - DAG(s) 'example_task_group' retrieved from /home/airflow/.local/lib/python3.12/site-packages/airflow/example_dags/example_task_group.py
[2026-07-01T09:41:52.369+0000] {logging_mixin.py:190} INFO - [2026-07-01T09:41:52.369+0000] {dag.py:3211} INFO - Sync 1 DAGs
[2026-07-01T09:41:52.388+0000] {logging_mixin.py:190} INFO - [2026-07-01T09:41:52.388+0000] {dag.py:4138} INFO - Setting next_dagrun for example_task_group to 2026-06-30 00:00:00+00:00, run_after=2026-07-01 00:00:00+00:00
[2026-07-01T09:41:52.402+0000] {processor.py:208} INFO - Processing /home/airflow/.local/lib/python3.12/site-packages/airflow/example_dags/example_task_group.py took 0.064 seconds
[2026-07-01T09:42:22.458+0000] {processor.py:186} INFO - Started process (PID=3542) to work on /home/airflow/.local/lib/python3.12/site-packages/airflow/example_dags/example_task_group.py
[2026-07-01T09:42:22.459+0000] {processor.py:914} INFO - Processing file /home/airflow/.local/lib/python3.12/site-packages/airflow/example_dags/example_task_group.py for tasks to queue
[2026-07-01T09:42:22.461+0000] {logging_mixin.py:190} INFO - [2026-07-01T09:42:22.460+0000] {dagbag.py:587} INFO - Filling up the DagBag from /home/airflow/.local/lib/python3.12/site-packages/airflow/example_dags/example_task_group.py
[2026-07-01T09:42:22.468+0000] {processor.py:925} INFO - DAG(s) 'example_task_group' retrieved from /home/airflow/.local/lib/python3.12/site-packages/airflow/example_dags/example_task_group.py
[2026-07-01T09:42:22.483+0000] {logging_mixin.py:190} INFO - [2026-07-01T09:42:22.483+0000] {dag.py:3211} INFO - Sync 1 DAGs
[2026-07-01T09:42:22.498+0000] {logging_mixin.py:190} INFO - [2026-07-01T09:42:22.498+0000] {dag.py:4138} INFO - Setting next_dagrun for example_task_group to 2026-06-30 00:00:00+00:00, run_after=2026-07-01 00:00:00+00:00
[2026-07-01T09:42:22.515+0000] {processor.py:208} INFO - Processing /home/airflow/.local/lib/python3.12/site-packages/airflow/example_dags/example_task_group.py took 0.062 seconds
[2026-07-01T09:42:52.861+0000] {processor.py:186} INFO - Started process (PID=3604) to work on /home/airflow/.local/lib/python3.12/site-packages/airflow/example_dags/example_task_group.py
[2026-07-01T09:42:52.862+0000] {processor.py:914} INFO - Processing file /home/airflow/.local/lib/python3.12/site-packages/airflow/example_dags/example_task_group.py for tasks to queue
[2026-07-01T09:42:52.864+0000] {logging_mixin.py:190} INFO - [2026-07-01T09:42:52.864+0000] {dagbag.py:587} INFO - Filling up the DagBag from /home/airflow/.local/lib/python3.12/site-packages/airflow/example_dags/example_task_group.py
[2026-07-01T09:42:52.870+0000] {processor.py:925} INFO - DAG(s) 'example_task_group' retrieved from /home/airflow/.local/lib/python3.12/site-packages/airflow/example_dags/example_task_group.py
[2026-07-01T09:42:52.888+0000] {logging_mixin.py:190} INFO - [2026-07-01T09:42:52.888+0000] {dag.py:3211} INFO - Sync 1 DAGs
[2026-07-01T09:42:52.904+0000] {logging_mixin.py:190} INFO - [2026-07-01T09:42:52.904+0000] {dag.py:4138} INFO - Setting next_dagrun for example_task_group to 2026-06-30 00:00:00+00:00, run_after=2026-07-01 00:00:00+00:00
[2026-07-01T09:42:52.918+0000] {processor.py:208} INFO - Processing /home/airflow/.local/lib/python3.12/site-packages/airflow/example_dags/example_task_group.py took 0.062 seconds
[2026-07-01T09:43:23.337+0000] {processor.py:186} INFO - Started process (PID=3666) to work on /home/airflow/.local/lib/python3.12/site-packages/airflow/example_dags/example_task_group.py
[2026-07-01T09:43:23.338+0000] {processor.py:914} INFO - Processing file /home/airflow/.local/lib/python3.12/site-packages/airflow/example_dags/example_task_group.py for tasks to queue
[2026-07-01T09:43:23.340+0000] {logging_mixin.py:190} INFO - [2026-07-01T09:43:23.340+0000] {dagbag.py:587} INFO - Filling up the DagBag from /home/airflow/.local/lib/python3.12/site-packages/airflow/example_dags/example_task_group.py
[2026-07-01T09:43:23.346+0000] {processor.py:925} INFO - DAG(s) 'example_task_group' retrieved from /home/airflow/.local/lib/python3.12/site-packages/airflow/example_dags/example_task_group.py
[2026-07-01T09:43:23.361+0000] {logging_mixin.py:190} INFO - [2026-07-01T09:43:23.361+0000] {dag.py:3211} INFO - Sync 1 DAGs
[2026-07-01T09:43:23.376+0000] {logging_mixin.py:190} INFO - [2026-07-01T09:43:23.376+0000] {dag.py:4138} INFO - Setting next_dagrun for example_task_group to 2026-06-30 00:00:00+00:00, run_after=2026-07-01 00:00:00+00:00
[2026-07-01T09:43:23.387+0000] {processor.py:208} INFO - Processing /home/airflow/.local/lib/python3.12/site-packages/airflow/example_dags/example_task_group.py took 0.055 seconds
[2026-07-01T09:43:53.615+0000] {processor.py:186} INFO - Started process (PID=3728) to work on /home/airflow/.local/lib/python3.12/site-packages/airflow/example_dags/example_task_group.py
[2026-07-01T09:43:53.616+0000] {processor.py:914} INFO - Processing file /home/airflow/.local/lib/python3.12/site-packages/airflow/example_dags/example_task_group.py for tasks to queue
[2026-07-01T09:43:53.622+0000] {logging_mixin.py:190} INFO - [2026-07-01T09:43:53.621+0000] {dagbag.py:587} INFO - Filling up the DagBag from /home/airflow/.local/lib/python3.12/site-packages/airflow/example_dags/example_task_group.py
[2026-07-01T09:43:53.635+0000] {processor.py:925} INFO - DAG(s) 'example_task_group' retrieved from /home/airflow/.local/lib/python3.12/site-packages/airflow/example_dags/example_task_group.py
[2026-07-01T09:43:53.654+0000] {logging_mixin.py:190} INFO - [2026-07-01T09:43:53.653+0000] {dag.py:3211} INFO - Sync 1 DAGs
[2026-07-01T09:43:53.672+0000] {logging_mixin.py:190} INFO - [2026-07-01T09:43:53.672+0000] {dag.py:4138} INFO - Setting next_dagrun for example_task_group to 2026-06-30 00:00:00+00:00, run_after=2026-07-01 00:00:00+00:00
[2026-07-01T09:43:53.685+0000] {processor.py:208} INFO - Processing /home/airflow/.local/lib/python3.12/site-packages/airflow/example_dags/example_task_group.py took 0.076 seconds
[2026-07-01T09:44:24.115+0000] {processor.py:186} INFO - Started process (PID=3790) to work on /home/airflow/.local/lib/python3.12/site-packages/airflow/example_dags/example_task_group.py
[2026-07-01T09:44:24.116+0000] {processor.py:914} INFO - Processing file /home/airflow/.local/lib/python3.12/site-packages/airflow/example_dags/example_task_group.py for tasks to queue
[2026-07-01T09:44:24.118+0000] {logging_mixin.py:190} INFO - [2026-07-01T09:44:24.118+0000] {dagbag.py:587} INFO - Filling up the DagBag from /home/airflow/.local/lib/python3.12/site-packages/airflow/example_dags/example_task_group.py
[2026-07-01T09:44:24.125+0000] {processor.py:925} INFO - DAG(s) 'example_task_group' retrieved from /home/airflow/.local/lib/python3.12/site-packages/airflow/example_dags/example_task_group.py
[2026-07-01T09:44:24.140+0000] {logging_mixin.py:190} INFO - [2026-07-01T09:44:24.140+0000] {dag.py:3211} INFO - Sync 1 DAGs
[2026-07-01T09:44:24.155+0000] {logging_mixin.py:190} INFO - [2026-07-01T09:44:24.155+0000] {dag.py:4138} INFO - Setting next_dagrun for example_task_group to 2026-06-30 00:00:00+00:00, run_after=2026-07-01 00:00:00+00:00
[2026-07-01T09:44:24.166+0000] {processor.py:208} INFO - Processing /home/airflow/.local/lib/python3.12/site-packages/airflow/example_dags/example_task_group.py took 0.055 seconds
[2026-07-01T09:44:54.303+0000] {processor.py:186} INFO - Started process (PID=3852) to work on /home/airflow/.local/lib/python3.12/site-packages/airflow/example_dags/example_task_group.py
[2026-07-01T09:44:54.304+0000] {processor.py:914} INFO - Processing file /home/airflow/.local/lib/python3.12/site-packages/airflow/example_dags/example_task_group.py for tasks to queue
[2026-07-01T09:44:54.306+0000] {logging_mixin.py:190} INFO - [2026-07-01T09:44:54.305+0000] {dagbag.py:587} INFO - Filling up the DagBag from /home/airflow/.local/lib/python3.12/site-packages/airflow/example_dags/example_task_group.py
[2026-07-01T09:44:54.312+0000] {processor.py:925} INFO - DAG(s) 'example_task_group' retrieved from /home/airflow/.local/lib/python3.12/site-packages/airflow/example_dags/example_task_group.py
[2026-07-01T09:44:54.327+0000] {logging_mixin.py:190} INFO - [2026-07-01T09:44:54.327+0000] {dag.py:3211} INFO - Sync 1 DAGs
[2026-07-01T09:44:54.341+0000] {logging_mixin.py:190} INFO - [2026-07-01T09:44:54.341+0000] {dag.py:4138} INFO - Setting next_dagrun for example_task_group to 2026-06-30 00:00:00+00:00, run_after=2026-07-01 00:00:00+00:00
[2026-07-01T09:44:54.354+0000] {processor.py:208} INFO - Processing /home/airflow/.local/lib/python3.12/site-packages/airflow/example_dags/example_task_group.py took 0.056 seconds
[2026-07-01T09:45:24.759+0000] {processor.py:186} INFO - Started process (PID=3914) to work on /home/airflow/.local/lib/python3.12/site-packages/airflow/example_dags/example_task_group.py
[2026-07-01T09:45:24.759+0000] {processor.py:914} INFO - Processing file /home/airflow/.local/lib/python3.12/site-packages/airflow/example_dags/example_task_group.py for tasks to queue
[2026-07-01T09:45:24.761+0000] {logging_mixin.py:190} INFO - [2026-07-01T09:45:24.761+0000] {dagbag.py:587} INFO - Filling up the DagBag from /home/airflow/.local/lib/python3.12/site-packages/airflow/example_dags/example_task_group.py
[2026-07-01T09:45:24.768+0000] {processor.py:925} INFO - DAG(s) 'example_task_group' retrieved from /home/airflow/.local/lib/python3.12/site-packages/airflow/example_dags/example_task_group.py
[2026-07-01T09:45:24.783+0000] {logging_mixin.py:190} INFO - [2026-07-01T09:45:24.782+0000] {dag.py:3211} INFO - Sync 1 DAGs
[2026-07-01T09:45:24.797+0000] {logging_mixin.py:190} INFO - [2026-07-01T09:45:24.797+0000] {dag.py:4138} INFO - Setting next_dagrun for example_task_group to 2026-06-30 00:00:00+00:00, run_after=2026-07-01 00:00:00+00:00
[2026-07-01T09:45:24.809+0000] {processor.py:208} INFO - Processing /home/airflow/.local/lib/python3.12/site-packages/airflow/example_dags/example_task_group.py took 0.055 seconds
