[2026-07-01T09:09:37.914+0000] {processor.py:186} INFO - Started process (PID=63) to work on /home/airflow/.local/lib/python3.12/site-packages/airflow/example_dags/tutorial_objectstorage.py
[2026-07-01T09:09:37.915+0000] {processor.py:914} INFO - Processing file /home/airflow/.local/lib/python3.12/site-packages/airflow/example_dags/tutorial_objectstorage.py for tasks to queue
[2026-07-01T09:09:37.921+0000] {logging_mixin.py:190} INFO - [2026-07-01T09:09:37.920+0000] {dagbag.py:587} INFO - Filling up the DagBag from /home/airflow/.local/lib/python3.12/site-packages/airflow/example_dags/tutorial_objectstorage.py
[2026-07-01T09:09:37.937+0000] {processor.py:925} INFO - DAG(s) 'tutorial_objectstorage' retrieved from /home/airflow/.local/lib/python3.12/site-packages/airflow/example_dags/tutorial_objectstorage.py
[2026-07-01T09:09:38.050+0000] {logging_mixin.py:190} INFO - [2026-07-01T09:09:38.049+0000] {override.py:1858} INFO - Created Permission View: can read on DAG:tutorial_objectstorage
[2026-07-01T09:09:38.061+0000] {logging_mixin.py:190} INFO - [2026-07-01T09:09:38.061+0000] {override.py:1858} INFO - Created Permission View: can delete on DAG:tutorial_objectstorage
[2026-07-01T09:09:38.068+0000] {logging_mixin.py:190} INFO - [2026-07-01T09:09:38.068+0000] {override.py:1858} INFO - Created Permission View: can edit on DAG:tutorial_objectstorage
[2026-07-01T09:09:38.069+0000] {logging_mixin.py:190} INFO - [2026-07-01T09:09:38.069+0000] {dag.py:3211} INFO - Sync 1 DAGs
[2026-07-01T09:09:38.083+0000] {logging_mixin.py:190} INFO - [2026-07-01T09:09:38.083+0000] {dag.py:3234} INFO - Creating ORM DAG for tutorial_objectstorage
[2026-07-01T09:09:38.085+0000] {logging_mixin.py:190} INFO - [2026-07-01T09:09:38.085+0000] {dag.py:4138} INFO - Setting next_dagrun for tutorial_objectstorage to None, run_after=None
[2026-07-01T09:09:38.108+0000] {processor.py:208} INFO - Processing /home/airflow/.local/lib/python3.12/site-packages/airflow/example_dags/tutorial_objectstorage.py took 0.204 seconds
[2026-07-01T09:10:08.702+0000] {processor.py:186} INFO - Started process (PID=125) to work on /home/airflow/.local/lib/python3.12/site-packages/airflow/example_dags/tutorial_objectstorage.py
[2026-07-01T09:10:08.703+0000] {processor.py:914} INFO - Processing file /home/airflow/.local/lib/python3.12/site-packages/airflow/example_dags/tutorial_objectstorage.py for tasks to queue
[2026-07-01T09:10:08.707+0000] {logging_mixin.py:190} INFO - [2026-07-01T09:10:08.707+0000] {dagbag.py:587} INFO - Filling up the DagBag from /home/airflow/.local/lib/python3.12/site-packages/airflow/example_dags/tutorial_objectstorage.py
[2026-07-01T09:10:08.715+0000] {processor.py:925} INFO - DAG(s) 'tutorial_objectstorage' retrieved from /home/airflow/.local/lib/python3.12/site-packages/airflow/example_dags/tutorial_objectstorage.py
[2026-07-01T09:10:08.730+0000] {logging_mixin.py:190} INFO - [2026-07-01T09:10:08.730+0000] {dag.py:3211} INFO - Sync 1 DAGs
[2026-07-01T09:10:08.741+0000] {logging_mixin.py:190} INFO - [2026-07-01T09:10:08.741+0000] {dag.py:4138} INFO - Setting next_dagrun for tutorial_objectstorage to None, run_after=None
[2026-07-01T09:10:08.753+0000] {processor.py:208} INFO - Processing /home/airflow/.local/lib/python3.12/site-packages/airflow/example_dags/tutorial_objectstorage.py took 0.056 seconds
[2026-07-01T09:10:39.284+0000] {processor.py:186} INFO - Started process (PID=187) to work on /home/airflow/.local/lib/python3.12/site-packages/airflow/example_dags/tutorial_objectstorage.py
[2026-07-01T09:10:39.285+0000] {processor.py:914} INFO - Processing file /home/airflow/.local/lib/python3.12/site-packages/airflow/example_dags/tutorial_objectstorage.py for tasks to queue
[2026-07-01T09:10:39.288+0000] {logging_mixin.py:190} INFO - [2026-07-01T09:10:39.287+0000] {dagbag.py:587} INFO - Filling up the DagBag from /home/airflow/.local/lib/python3.12/site-packages/airflow/example_dags/tutorial_objectstorage.py
[2026-07-01T09:10:39.297+0000] {processor.py:925} INFO - DAG(s) 'tutorial_objectstorage' retrieved from /home/airflow/.local/lib/python3.12/site-packages/airflow/example_dags/tutorial_objectstorage.py
[2026-07-01T09:10:39.315+0000] {logging_mixin.py:190} INFO - [2026-07-01T09:10:39.315+0000] {dag.py:3211} INFO - Sync 1 DAGs
[2026-07-01T09:10:39.327+0000] {logging_mixin.py:190} INFO - [2026-07-01T09:10:39.327+0000] {dag.py:4138} INFO - Setting next_dagrun for tutorial_objectstorage to None, run_after=None
[2026-07-01T09:10:39.345+0000] {processor.py:208} INFO - Processing /home/airflow/.local/lib/python3.12/site-packages/airflow/example_dags/tutorial_objectstorage.py took 0.066 seconds
[2026-07-01T09:11:09.559+0000] {processor.py:186} INFO - Started process (PID=249) to work on /home/airflow/.local/lib/python3.12/site-packages/airflow/example_dags/tutorial_objectstorage.py
[2026-07-01T09:11:09.560+0000] {processor.py:914} INFO - Processing file /home/airflow/.local/lib/python3.12/site-packages/airflow/example_dags/tutorial_objectstorage.py for tasks to queue
[2026-07-01T09:11:09.562+0000] {logging_mixin.py:190} INFO - [2026-07-01T09:11:09.562+0000] {dagbag.py:587} INFO - Filling up the DagBag from /home/airflow/.local/lib/python3.12/site-packages/airflow/example_dags/tutorial_objectstorage.py
[2026-07-01T09:11:09.568+0000] {processor.py:925} INFO - DAG(s) 'tutorial_objectstorage' retrieved from /home/airflow/.local/lib/python3.12/site-packages/airflow/example_dags/tutorial_objectstorage.py
[2026-07-01T09:11:09.582+0000] {logging_mixin.py:190} INFO - [2026-07-01T09:11:09.582+0000] {dag.py:3211} INFO - Sync 1 DAGs
[2026-07-01T09:11:09.591+0000] {logging_mixin.py:190} INFO - [2026-07-01T09:11:09.591+0000] {dag.py:4138} INFO - Setting next_dagrun for tutorial_objectstorage to None, run_after=None
[2026-07-01T09:11:09.604+0000] {processor.py:208} INFO - Processing /home/airflow/.local/lib/python3.12/site-packages/airflow/example_dags/tutorial_objectstorage.py took 0.049 seconds
[2026-07-01T09:11:39.713+0000] {processor.py:186} INFO - Started process (PID=311) to work on /home/airflow/.local/lib/python3.12/site-packages/airflow/example_dags/tutorial_objectstorage.py
[2026-07-01T09:11:39.714+0000] {processor.py:914} INFO - Processing file /home/airflow/.local/lib/python3.12/site-packages/airflow/example_dags/tutorial_objectstorage.py for tasks to queue
[2026-07-01T09:11:39.717+0000] {logging_mixin.py:190} INFO - [2026-07-01T09:11:39.717+0000] {dagbag.py:587} INFO - Filling up the DagBag from /home/airflow/.local/lib/python3.12/site-packages/airflow/example_dags/tutorial_objectstorage.py
[2026-07-01T09:11:39.723+0000] {processor.py:925} INFO - DAG(s) 'tutorial_objectstorage' retrieved from /home/airflow/.local/lib/python3.12/site-packages/airflow/example_dags/tutorial_objectstorage.py
[2026-07-01T09:11:39.736+0000] {logging_mixin.py:190} INFO - [2026-07-01T09:11:39.736+0000] {dag.py:3211} INFO - Sync 1 DAGs
[2026-07-01T09:11:39.745+0000] {logging_mixin.py:190} INFO - [2026-07-01T09:11:39.745+0000] {dag.py:4138} INFO - Setting next_dagrun for tutorial_objectstorage to None, run_after=None
[2026-07-01T09:11:39.757+0000] {processor.py:208} INFO - Processing /home/airflow/.local/lib/python3.12/site-packages/airflow/example_dags/tutorial_objectstorage.py took 0.048 seconds
[2026-07-01T09:12:10.196+0000] {processor.py:186} INFO - Started process (PID=373) to work on /home/airflow/.local/lib/python3.12/site-packages/airflow/example_dags/tutorial_objectstorage.py
[2026-07-01T09:12:10.196+0000] {processor.py:914} INFO - Processing file /home/airflow/.local/lib/python3.12/site-packages/airflow/example_dags/tutorial_objectstorage.py for tasks to queue
[2026-07-01T09:12:10.198+0000] {logging_mixin.py:190} INFO - [2026-07-01T09:12:10.198+0000] {dagbag.py:587} INFO - Filling up the DagBag from /home/airflow/.local/lib/python3.12/site-packages/airflow/example_dags/tutorial_objectstorage.py
[2026-07-01T09:12:10.205+0000] {processor.py:925} INFO - DAG(s) 'tutorial_objectstorage' retrieved from /home/airflow/.local/lib/python3.12/site-packages/airflow/example_dags/tutorial_objectstorage.py
[2026-07-01T09:12:10.224+0000] {logging_mixin.py:190} INFO - [2026-07-01T09:12:10.223+0000] {dag.py:3211} INFO - Sync 1 DAGs
[2026-07-01T09:12:10.237+0000] {logging_mixin.py:190} INFO - [2026-07-01T09:12:10.237+0000] {dag.py:4138} INFO - Setting next_dagrun for tutorial_objectstorage to None, run_after=None
[2026-07-01T09:12:10.253+0000] {processor.py:208} INFO - Processing /home/airflow/.local/lib/python3.12/site-packages/airflow/example_dags/tutorial_objectstorage.py took 0.061 seconds
[2026-07-01T09:12:40.698+0000] {processor.py:186} INFO - Started process (PID=435) to work on /home/airflow/.local/lib/python3.12/site-packages/airflow/example_dags/tutorial_objectstorage.py
[2026-07-01T09:12:40.699+0000] {processor.py:914} INFO - Processing file /home/airflow/.local/lib/python3.12/site-packages/airflow/example_dags/tutorial_objectstorage.py for tasks to queue
[2026-07-01T09:12:40.702+0000] {logging_mixin.py:190} INFO - [2026-07-01T09:12:40.701+0000] {dagbag.py:587} INFO - Filling up the DagBag from /home/airflow/.local/lib/python3.12/site-packages/airflow/example_dags/tutorial_objectstorage.py
[2026-07-01T09:12:40.712+0000] {processor.py:925} INFO - DAG(s) 'tutorial_objectstorage' retrieved from /home/airflow/.local/lib/python3.12/site-packages/airflow/example_dags/tutorial_objectstorage.py
[2026-07-01T09:12:40.737+0000] {logging_mixin.py:190} INFO - [2026-07-01T09:12:40.737+0000] {dag.py:3211} INFO - Sync 1 DAGs
[2026-07-01T09:12:40.753+0000] {logging_mixin.py:190} INFO - [2026-07-01T09:12:40.752+0000] {dag.py:4138} INFO - Setting next_dagrun for tutorial_objectstorage to None, run_after=None
[2026-07-01T09:12:40.772+0000] {processor.py:208} INFO - Processing /home/airflow/.local/lib/python3.12/site-packages/airflow/example_dags/tutorial_objectstorage.py took 0.081 seconds
[2026-07-01T09:13:10.958+0000] {processor.py:186} INFO - Started process (PID=497) to work on /home/airflow/.local/lib/python3.12/site-packages/airflow/example_dags/tutorial_objectstorage.py
[2026-07-01T09:13:10.960+0000] {processor.py:914} INFO - Processing file /home/airflow/.local/lib/python3.12/site-packages/airflow/example_dags/tutorial_objectstorage.py for tasks to queue
[2026-07-01T09:13:10.964+0000] {logging_mixin.py:190} INFO - [2026-07-01T09:13:10.963+0000] {dagbag.py:587} INFO - Filling up the DagBag from /home/airflow/.local/lib/python3.12/site-packages/airflow/example_dags/tutorial_objectstorage.py
[2026-07-01T09:13:10.974+0000] {processor.py:925} INFO - DAG(s) 'tutorial_objectstorage' retrieved from /home/airflow/.local/lib/python3.12/site-packages/airflow/example_dags/tutorial_objectstorage.py
[2026-07-01T09:13:11.001+0000] {logging_mixin.py:190} INFO - [2026-07-01T09:13:11.001+0000] {dag.py:3211} INFO - Sync 1 DAGs
[2026-07-01T09:13:11.016+0000] {logging_mixin.py:190} INFO - [2026-07-01T09:13:11.015+0000] {dag.py:4138} INFO - Setting next_dagrun for tutorial_objectstorage to None, run_after=None
[2026-07-01T09:13:11.035+0000] {processor.py:208} INFO - Processing /home/airflow/.local/lib/python3.12/site-packages/airflow/example_dags/tutorial_objectstorage.py took 0.085 seconds
[2026-07-01T09:13:41.204+0000] {processor.py:186} INFO - Started process (PID=559) to work on /home/airflow/.local/lib/python3.12/site-packages/airflow/example_dags/tutorial_objectstorage.py
[2026-07-01T09:13:41.205+0000] {processor.py:914} INFO - Processing file /home/airflow/.local/lib/python3.12/site-packages/airflow/example_dags/tutorial_objectstorage.py for tasks to queue
[2026-07-01T09:13:41.207+0000] {logging_mixin.py:190} INFO - [2026-07-01T09:13:41.206+0000] {dagbag.py:587} INFO - Filling up the DagBag from /home/airflow/.local/lib/python3.12/site-packages/airflow/example_dags/tutorial_objectstorage.py
[2026-07-01T09:13:41.216+0000] {processor.py:925} INFO - DAG(s) 'tutorial_objectstorage' retrieved from /home/airflow/.local/lib/python3.12/site-packages/airflow/example_dags/tutorial_objectstorage.py
[2026-07-01T09:13:41.235+0000] {logging_mixin.py:190} INFO - [2026-07-01T09:13:41.235+0000] {dag.py:3211} INFO - Sync 1 DAGs
[2026-07-01T09:13:41.246+0000] {logging_mixin.py:190} INFO - [2026-07-01T09:13:41.245+0000] {dag.py:4138} INFO - Setting next_dagrun for tutorial_objectstorage to None, run_after=None
[2026-07-01T09:13:41.260+0000] {processor.py:208} INFO - Processing /home/airflow/.local/lib/python3.12/site-packages/airflow/example_dags/tutorial_objectstorage.py took 0.061 seconds
[2026-07-01T09:14:11.345+0000] {processor.py:186} INFO - Started process (PID=627) to work on /home/airflow/.local/lib/python3.12/site-packages/airflow/example_dags/tutorial_objectstorage.py
[2026-07-01T09:14:11.346+0000] {processor.py:914} INFO - Processing file /home/airflow/.local/lib/python3.12/site-packages/airflow/example_dags/tutorial_objectstorage.py for tasks to queue
[2026-07-01T09:14:11.348+0000] {logging_mixin.py:190} INFO - [2026-07-01T09:14:11.348+0000] {dagbag.py:587} INFO - Filling up the DagBag from /home/airflow/.local/lib/python3.12/site-packages/airflow/example_dags/tutorial_objectstorage.py
[2026-07-01T09:14:11.356+0000] {processor.py:925} INFO - DAG(s) 'tutorial_objectstorage' retrieved from /home/airflow/.local/lib/python3.12/site-packages/airflow/example_dags/tutorial_objectstorage.py
[2026-07-01T09:14:11.373+0000] {logging_mixin.py:190} INFO - [2026-07-01T09:14:11.373+0000] {dag.py:3211} INFO - Sync 1 DAGs
[2026-07-01T09:14:11.383+0000] {logging_mixin.py:190} INFO - [2026-07-01T09:14:11.383+0000] {dag.py:4138} INFO - Setting next_dagrun for tutorial_objectstorage to None, run_after=None
[2026-07-01T09:14:11.397+0000] {processor.py:208} INFO - Processing /home/airflow/.local/lib/python3.12/site-packages/airflow/example_dags/tutorial_objectstorage.py took 0.057 seconds
[2026-07-01T09:14:41.563+0000] {processor.py:186} INFO - Started process (PID=689) to work on /home/airflow/.local/lib/python3.12/site-packages/airflow/example_dags/tutorial_objectstorage.py
[2026-07-01T09:14:41.564+0000] {processor.py:914} INFO - Processing file /home/airflow/.local/lib/python3.12/site-packages/airflow/example_dags/tutorial_objectstorage.py for tasks to queue
[2026-07-01T09:14:41.566+0000] {logging_mixin.py:190} INFO - [2026-07-01T09:14:41.565+0000] {dagbag.py:587} INFO - Filling up the DagBag from /home/airflow/.local/lib/python3.12/site-packages/airflow/example_dags/tutorial_objectstorage.py
[2026-07-01T09:14:41.573+0000] {processor.py:925} INFO - DAG(s) 'tutorial_objectstorage' retrieved from /home/airflow/.local/lib/python3.12/site-packages/airflow/example_dags/tutorial_objectstorage.py
[2026-07-01T09:14:41.587+0000] {logging_mixin.py:190} INFO - [2026-07-01T09:14:41.587+0000] {dag.py:3211} INFO - Sync 1 DAGs
[2026-07-01T09:14:41.597+0000] {logging_mixin.py:190} INFO - [2026-07-01T09:14:41.596+0000] {dag.py:4138} INFO - Setting next_dagrun for tutorial_objectstorage to None, run_after=None
[2026-07-01T09:14:41.609+0000] {processor.py:208} INFO - Processing /home/airflow/.local/lib/python3.12/site-packages/airflow/example_dags/tutorial_objectstorage.py took 0.050 seconds
[2026-07-01T09:15:12.513+0000] {processor.py:186} INFO - Started process (PID=751) to work on /home/airflow/.local/lib/python3.12/site-packages/airflow/example_dags/tutorial_objectstorage.py
[2026-07-01T09:15:12.515+0000] {processor.py:914} INFO - Processing file /home/airflow/.local/lib/python3.12/site-packages/airflow/example_dags/tutorial_objectstorage.py for tasks to queue
[2026-07-01T09:15:12.516+0000] {logging_mixin.py:190} INFO - [2026-07-01T09:15:12.516+0000] {dagbag.py:587} INFO - Filling up the DagBag from /home/airflow/.local/lib/python3.12/site-packages/airflow/example_dags/tutorial_objectstorage.py
[2026-07-01T09:15:12.523+0000] {processor.py:925} INFO - DAG(s) 'tutorial_objectstorage' retrieved from /home/airflow/.local/lib/python3.12/site-packages/airflow/example_dags/tutorial_objectstorage.py
[2026-07-01T09:15:12.537+0000] {logging_mixin.py:190} INFO - [2026-07-01T09:15:12.536+0000] {dag.py:3211} INFO - Sync 1 DAGs
[2026-07-01T09:15:12.546+0000] {logging_mixin.py:190} INFO - [2026-07-01T09:15:12.546+0000] {dag.py:4138} INFO - Setting next_dagrun for tutorial_objectstorage to None, run_after=None
[2026-07-01T09:15:12.558+0000] {processor.py:208} INFO - Processing /home/airflow/.local/lib/python3.12/site-packages/airflow/example_dags/tutorial_objectstorage.py took 0.049 seconds
[2026-07-01T09:15:43.400+0000] {processor.py:186} INFO - Started process (PID=813) to work on /home/airflow/.local/lib/python3.12/site-packages/airflow/example_dags/tutorial_objectstorage.py
[2026-07-01T09:15:43.401+0000] {processor.py:914} INFO - Processing file /home/airflow/.local/lib/python3.12/site-packages/airflow/example_dags/tutorial_objectstorage.py for tasks to queue
[2026-07-01T09:15:43.403+0000] {logging_mixin.py:190} INFO - [2026-07-01T09:15:43.403+0000] {dagbag.py:587} INFO - Filling up the DagBag from /home/airflow/.local/lib/python3.12/site-packages/airflow/example_dags/tutorial_objectstorage.py
[2026-07-01T09:15:43.409+0000] {processor.py:925} INFO - DAG(s) 'tutorial_objectstorage' retrieved from /home/airflow/.local/lib/python3.12/site-packages/airflow/example_dags/tutorial_objectstorage.py
[2026-07-01T09:15:43.423+0000] {logging_mixin.py:190} INFO - [2026-07-01T09:15:43.423+0000] {dag.py:3211} INFO - Sync 1 DAGs
[2026-07-01T09:15:43.433+0000] {logging_mixin.py:190} INFO - [2026-07-01T09:15:43.433+0000] {dag.py:4138} INFO - Setting next_dagrun for tutorial_objectstorage to None, run_after=None
[2026-07-01T09:15:43.447+0000] {processor.py:208} INFO - Processing /home/airflow/.local/lib/python3.12/site-packages/airflow/example_dags/tutorial_objectstorage.py took 0.051 seconds
[2026-07-01T09:16:13.590+0000] {processor.py:186} INFO - Started process (PID=875) to work on /home/airflow/.local/lib/python3.12/site-packages/airflow/example_dags/tutorial_objectstorage.py
[2026-07-01T09:16:13.591+0000] {processor.py:914} INFO - Processing file /home/airflow/.local/lib/python3.12/site-packages/airflow/example_dags/tutorial_objectstorage.py for tasks to queue
[2026-07-01T09:16:13.594+0000] {logging_mixin.py:190} INFO - [2026-07-01T09:16:13.594+0000] {dagbag.py:587} INFO - Filling up the DagBag from /home/airflow/.local/lib/python3.12/site-packages/airflow/example_dags/tutorial_objectstorage.py
[2026-07-01T09:16:13.601+0000] {processor.py:925} INFO - DAG(s) 'tutorial_objectstorage' retrieved from /home/airflow/.local/lib/python3.12/site-packages/airflow/example_dags/tutorial_objectstorage.py
[2026-07-01T09:16:13.615+0000] {logging_mixin.py:190} INFO - [2026-07-01T09:16:13.615+0000] {dag.py:3211} INFO - Sync 1 DAGs
[2026-07-01T09:16:13.625+0000] {logging_mixin.py:190} INFO - [2026-07-01T09:16:13.624+0000] {dag.py:4138} INFO - Setting next_dagrun for tutorial_objectstorage to None, run_after=None
[2026-07-01T09:16:13.640+0000] {processor.py:208} INFO - Processing /home/airflow/.local/lib/python3.12/site-packages/airflow/example_dags/tutorial_objectstorage.py took 0.054 seconds
[2026-07-01T09:16:43.703+0000] {processor.py:186} INFO - Started process (PID=937) to work on /home/airflow/.local/lib/python3.12/site-packages/airflow/example_dags/tutorial_objectstorage.py
[2026-07-01T09:16:43.704+0000] {processor.py:914} INFO - Processing file /home/airflow/.local/lib/python3.12/site-packages/airflow/example_dags/tutorial_objectstorage.py for tasks to queue
[2026-07-01T09:16:43.705+0000] {logging_mixin.py:190} INFO - [2026-07-01T09:16:43.705+0000] {dagbag.py:587} INFO - Filling up the DagBag from /home/airflow/.local/lib/python3.12/site-packages/airflow/example_dags/tutorial_objectstorage.py
[2026-07-01T09:16:43.712+0000] {processor.py:925} INFO - DAG(s) 'tutorial_objectstorage' retrieved from /home/airflow/.local/lib/python3.12/site-packages/airflow/example_dags/tutorial_objectstorage.py
[2026-07-01T09:16:43.728+0000] {logging_mixin.py:190} INFO - [2026-07-01T09:16:43.728+0000] {dag.py:3211} INFO - Sync 1 DAGs
[2026-07-01T09:16:43.739+0000] {logging_mixin.py:190} INFO - [2026-07-01T09:16:43.738+0000] {dag.py:4138} INFO - Setting next_dagrun for tutorial_objectstorage to None, run_after=None
[2026-07-01T09:16:43.752+0000] {processor.py:208} INFO - Processing /home/airflow/.local/lib/python3.12/site-packages/airflow/example_dags/tutorial_objectstorage.py took 0.054 seconds
[2026-07-01T09:17:13.940+0000] {processor.py:186} INFO - Started process (PID=999) to work on /home/airflow/.local/lib/python3.12/site-packages/airflow/example_dags/tutorial_objectstorage.py
[2026-07-01T09:17:13.941+0000] {processor.py:914} INFO - Processing file /home/airflow/.local/lib/python3.12/site-packages/airflow/example_dags/tutorial_objectstorage.py for tasks to queue
[2026-07-01T09:17:13.944+0000] {logging_mixin.py:190} INFO - [2026-07-01T09:17:13.943+0000] {dagbag.py:587} INFO - Filling up the DagBag from /home/airflow/.local/lib/python3.12/site-packages/airflow/example_dags/tutorial_objectstorage.py
[2026-07-01T09:17:13.952+0000] {processor.py:925} INFO - DAG(s) 'tutorial_objectstorage' retrieved from /home/airflow/.local/lib/python3.12/site-packages/airflow/example_dags/tutorial_objectstorage.py
[2026-07-01T09:17:13.969+0000] {logging_mixin.py:190} INFO - [2026-07-01T09:17:13.969+0000] {dag.py:3211} INFO - Sync 1 DAGs
[2026-07-01T09:17:13.980+0000] {logging_mixin.py:190} INFO - [2026-07-01T09:17:13.979+0000] {dag.py:4138} INFO - Setting next_dagrun for tutorial_objectstorage to None, run_after=None
[2026-07-01T09:17:13.997+0000] {processor.py:208} INFO - Processing /home/airflow/.local/lib/python3.12/site-packages/airflow/example_dags/tutorial_objectstorage.py took 0.061 seconds
[2026-07-01T09:17:44.500+0000] {processor.py:186} INFO - Started process (PID=1061) to work on /home/airflow/.local/lib/python3.12/site-packages/airflow/example_dags/tutorial_objectstorage.py
[2026-07-01T09:17:44.501+0000] {processor.py:914} INFO - Processing file /home/airflow/.local/lib/python3.12/site-packages/airflow/example_dags/tutorial_objectstorage.py for tasks to queue
[2026-07-01T09:17:44.503+0000] {logging_mixin.py:190} INFO - [2026-07-01T09:17:44.502+0000] {dagbag.py:587} INFO - Filling up the DagBag from /home/airflow/.local/lib/python3.12/site-packages/airflow/example_dags/tutorial_objectstorage.py
[2026-07-01T09:17:44.509+0000] {processor.py:925} INFO - DAG(s) 'tutorial_objectstorage' retrieved from /home/airflow/.local/lib/python3.12/site-packages/airflow/example_dags/tutorial_objectstorage.py
[2026-07-01T09:17:44.523+0000] {logging_mixin.py:190} INFO - [2026-07-01T09:17:44.523+0000] {dag.py:3211} INFO - Sync 1 DAGs
[2026-07-01T09:17:44.533+0000] {logging_mixin.py:190} INFO - [2026-07-01T09:17:44.533+0000] {dag.py:4138} INFO - Setting next_dagrun for tutorial_objectstorage to None, run_after=None
[2026-07-01T09:17:44.545+0000] {processor.py:208} INFO - Processing /home/airflow/.local/lib/python3.12/site-packages/airflow/example_dags/tutorial_objectstorage.py took 0.048 seconds
[2026-07-01T09:18:14.605+0000] {processor.py:186} INFO - Started process (PID=1123) to work on /home/airflow/.local/lib/python3.12/site-packages/airflow/example_dags/tutorial_objectstorage.py
[2026-07-01T09:18:14.606+0000] {processor.py:914} INFO - Processing file /home/airflow/.local/lib/python3.12/site-packages/airflow/example_dags/tutorial_objectstorage.py for tasks to queue
[2026-07-01T09:18:14.608+0000] {logging_mixin.py:190} INFO - [2026-07-01T09:18:14.608+0000] {dagbag.py:587} INFO - Filling up the DagBag from /home/airflow/.local/lib/python3.12/site-packages/airflow/example_dags/tutorial_objectstorage.py
[2026-07-01T09:18:14.614+0000] {processor.py:925} INFO - DAG(s) 'tutorial_objectstorage' retrieved from /home/airflow/.local/lib/python3.12/site-packages/airflow/example_dags/tutorial_objectstorage.py
[2026-07-01T09:18:14.628+0000] {logging_mixin.py:190} INFO - [2026-07-01T09:18:14.628+0000] {dag.py:3211} INFO - Sync 1 DAGs
[2026-07-01T09:18:14.637+0000] {logging_mixin.py:190} INFO - [2026-07-01T09:18:14.637+0000] {dag.py:4138} INFO - Setting next_dagrun for tutorial_objectstorage to None, run_after=None
[2026-07-01T09:18:14.651+0000] {processor.py:208} INFO - Processing /home/airflow/.local/lib/python3.12/site-packages/airflow/example_dags/tutorial_objectstorage.py took 0.050 seconds
[2026-07-01T09:18:45.098+0000] {processor.py:186} INFO - Started process (PID=1185) to work on /home/airflow/.local/lib/python3.12/site-packages/airflow/example_dags/tutorial_objectstorage.py
[2026-07-01T09:18:45.099+0000] {processor.py:914} INFO - Processing file /home/airflow/.local/lib/python3.12/site-packages/airflow/example_dags/tutorial_objectstorage.py for tasks to queue
[2026-07-01T09:18:45.101+0000] {logging_mixin.py:190} INFO - [2026-07-01T09:18:45.101+0000] {dagbag.py:587} INFO - Filling up the DagBag from /home/airflow/.local/lib/python3.12/site-packages/airflow/example_dags/tutorial_objectstorage.py
[2026-07-01T09:18:45.108+0000] {processor.py:925} INFO - DAG(s) 'tutorial_objectstorage' retrieved from /home/airflow/.local/lib/python3.12/site-packages/airflow/example_dags/tutorial_objectstorage.py
[2026-07-01T09:18:45.124+0000] {logging_mixin.py:190} INFO - [2026-07-01T09:18:45.124+0000] {dag.py:3211} INFO - Sync 1 DAGs
[2026-07-01T09:18:45.135+0000] {logging_mixin.py:190} INFO - [2026-07-01T09:18:45.135+0000] {dag.py:4138} INFO - Setting next_dagrun for tutorial_objectstorage to None, run_after=None
[2026-07-01T09:18:45.150+0000] {processor.py:208} INFO - Processing /home/airflow/.local/lib/python3.12/site-packages/airflow/example_dags/tutorial_objectstorage.py took 0.056 seconds
[2026-07-01T09:19:16.019+0000] {processor.py:186} INFO - Started process (PID=1247) to work on /home/airflow/.local/lib/python3.12/site-packages/airflow/example_dags/tutorial_objectstorage.py
[2026-07-01T09:19:16.020+0000] {processor.py:914} INFO - Processing file /home/airflow/.local/lib/python3.12/site-packages/airflow/example_dags/tutorial_objectstorage.py for tasks to queue
[2026-07-01T09:19:16.022+0000] {logging_mixin.py:190} INFO - [2026-07-01T09:19:16.021+0000] {dagbag.py:587} INFO - Filling up the DagBag from /home/airflow/.local/lib/python3.12/site-packages/airflow/example_dags/tutorial_objectstorage.py
[2026-07-01T09:19:16.029+0000] {processor.py:925} INFO - DAG(s) 'tutorial_objectstorage' retrieved from /home/airflow/.local/lib/python3.12/site-packages/airflow/example_dags/tutorial_objectstorage.py
[2026-07-01T09:19:16.044+0000] {logging_mixin.py:190} INFO - [2026-07-01T09:19:16.044+0000] {dag.py:3211} INFO - Sync 1 DAGs
[2026-07-01T09:19:16.056+0000] {logging_mixin.py:190} INFO - [2026-07-01T09:19:16.056+0000] {dag.py:4138} INFO - Setting next_dagrun for tutorial_objectstorage to None, run_after=None
[2026-07-01T09:19:16.068+0000] {processor.py:208} INFO - Processing /home/airflow/.local/lib/python3.12/site-packages/airflow/example_dags/tutorial_objectstorage.py took 0.053 seconds
[2026-07-01T09:19:46.687+0000] {processor.py:186} INFO - Started process (PID=1309) to work on /home/airflow/.local/lib/python3.12/site-packages/airflow/example_dags/tutorial_objectstorage.py
[2026-07-01T09:19:46.687+0000] {processor.py:914} INFO - Processing file /home/airflow/.local/lib/python3.12/site-packages/airflow/example_dags/tutorial_objectstorage.py for tasks to queue
[2026-07-01T09:19:46.689+0000] {logging_mixin.py:190} INFO - [2026-07-01T09:19:46.689+0000] {dagbag.py:587} INFO - Filling up the DagBag from /home/airflow/.local/lib/python3.12/site-packages/airflow/example_dags/tutorial_objectstorage.py
[2026-07-01T09:19:46.695+0000] {processor.py:925} INFO - DAG(s) 'tutorial_objectstorage' retrieved from /home/airflow/.local/lib/python3.12/site-packages/airflow/example_dags/tutorial_objectstorage.py
[2026-07-01T09:19:46.709+0000] {logging_mixin.py:190} INFO - [2026-07-01T09:19:46.709+0000] {dag.py:3211} INFO - Sync 1 DAGs
[2026-07-01T09:19:46.718+0000] {logging_mixin.py:190} INFO - [2026-07-01T09:19:46.718+0000] {dag.py:4138} INFO - Setting next_dagrun for tutorial_objectstorage to None, run_after=None
[2026-07-01T09:19:46.731+0000] {processor.py:208} INFO - Processing /home/airflow/.local/lib/python3.12/site-packages/airflow/example_dags/tutorial_objectstorage.py took 0.049 seconds
[2026-07-01T09:20:17.378+0000] {processor.py:186} INFO - Started process (PID=1371) to work on /home/airflow/.local/lib/python3.12/site-packages/airflow/example_dags/tutorial_objectstorage.py
[2026-07-01T09:20:17.379+0000] {processor.py:914} INFO - Processing file /home/airflow/.local/lib/python3.12/site-packages/airflow/example_dags/tutorial_objectstorage.py for tasks to queue
[2026-07-01T09:20:17.381+0000] {logging_mixin.py:190} INFO - [2026-07-01T09:20:17.380+0000] {dagbag.py:587} INFO - Filling up the DagBag from /home/airflow/.local/lib/python3.12/site-packages/airflow/example_dags/tutorial_objectstorage.py
[2026-07-01T09:20:17.387+0000] {processor.py:925} INFO - DAG(s) 'tutorial_objectstorage' retrieved from /home/airflow/.local/lib/python3.12/site-packages/airflow/example_dags/tutorial_objectstorage.py
[2026-07-01T09:20:17.403+0000] {logging_mixin.py:190} INFO - [2026-07-01T09:20:17.403+0000] {dag.py:3211} INFO - Sync 1 DAGs
[2026-07-01T09:20:17.413+0000] {logging_mixin.py:190} INFO - [2026-07-01T09:20:17.413+0000] {dag.py:4138} INFO - Setting next_dagrun for tutorial_objectstorage to None, run_after=None
[2026-07-01T09:20:17.428+0000] {processor.py:208} INFO - Processing /home/airflow/.local/lib/python3.12/site-packages/airflow/example_dags/tutorial_objectstorage.py took 0.054 seconds
[2026-07-01T09:20:48.255+0000] {processor.py:186} INFO - Started process (PID=1433) to work on /home/airflow/.local/lib/python3.12/site-packages/airflow/example_dags/tutorial_objectstorage.py
[2026-07-01T09:20:48.256+0000] {processor.py:914} INFO - Processing file /home/airflow/.local/lib/python3.12/site-packages/airflow/example_dags/tutorial_objectstorage.py for tasks to queue
[2026-07-01T09:20:48.258+0000] {logging_mixin.py:190} INFO - [2026-07-01T09:20:48.258+0000] {dagbag.py:587} INFO - Filling up the DagBag from /home/airflow/.local/lib/python3.12/site-packages/airflow/example_dags/tutorial_objectstorage.py
[2026-07-01T09:20:48.265+0000] {processor.py:925} INFO - DAG(s) 'tutorial_objectstorage' retrieved from /home/airflow/.local/lib/python3.12/site-packages/airflow/example_dags/tutorial_objectstorage.py
[2026-07-01T09:20:48.279+0000] {logging_mixin.py:190} INFO - [2026-07-01T09:20:48.279+0000] {dag.py:3211} INFO - Sync 1 DAGs
[2026-07-01T09:20:48.290+0000] {logging_mixin.py:190} INFO - [2026-07-01T09:20:48.290+0000] {dag.py:4138} INFO - Setting next_dagrun for tutorial_objectstorage to None, run_after=None
[2026-07-01T09:20:48.303+0000] {processor.py:208} INFO - Processing /home/airflow/.local/lib/python3.12/site-packages/airflow/example_dags/tutorial_objectstorage.py took 0.053 seconds
[2026-07-01T09:21:19.208+0000] {processor.py:186} INFO - Started process (PID=1495) to work on /home/airflow/.local/lib/python3.12/site-packages/airflow/example_dags/tutorial_objectstorage.py
[2026-07-01T09:21:19.210+0000] {processor.py:914} INFO - Processing file /home/airflow/.local/lib/python3.12/site-packages/airflow/example_dags/tutorial_objectstorage.py for tasks to queue
[2026-07-01T09:21:19.213+0000] {logging_mixin.py:190} INFO - [2026-07-01T09:21:19.212+0000] {dagbag.py:587} INFO - Filling up the DagBag from /home/airflow/.local/lib/python3.12/site-packages/airflow/example_dags/tutorial_objectstorage.py
[2026-07-01T09:21:19.222+0000] {processor.py:925} INFO - DAG(s) 'tutorial_objectstorage' retrieved from /home/airflow/.local/lib/python3.12/site-packages/airflow/example_dags/tutorial_objectstorage.py
[2026-07-01T09:21:19.244+0000] {logging_mixin.py:190} INFO - [2026-07-01T09:21:19.244+0000] {dag.py:3211} INFO - Sync 1 DAGs
[2026-07-01T09:21:19.257+0000] {logging_mixin.py:190} INFO - [2026-07-01T09:21:19.257+0000] {dag.py:4138} INFO - Setting next_dagrun for tutorial_objectstorage to None, run_after=None
[2026-07-01T09:21:19.273+0000] {processor.py:208} INFO - Processing /home/airflow/.local/lib/python3.12/site-packages/airflow/example_dags/tutorial_objectstorage.py took 0.071 seconds
[2026-07-01T09:21:49.422+0000] {processor.py:186} INFO - Started process (PID=1557) to work on /home/airflow/.local/lib/python3.12/site-packages/airflow/example_dags/tutorial_objectstorage.py
[2026-07-01T09:21:49.423+0000] {processor.py:914} INFO - Processing file /home/airflow/.local/lib/python3.12/site-packages/airflow/example_dags/tutorial_objectstorage.py for tasks to queue
[2026-07-01T09:21:49.425+0000] {logging_mixin.py:190} INFO - [2026-07-01T09:21:49.425+0000] {dagbag.py:587} INFO - Filling up the DagBag from /home/airflow/.local/lib/python3.12/site-packages/airflow/example_dags/tutorial_objectstorage.py
[2026-07-01T09:21:49.432+0000] {processor.py:925} INFO - DAG(s) 'tutorial_objectstorage' retrieved from /home/airflow/.local/lib/python3.12/site-packages/airflow/example_dags/tutorial_objectstorage.py
[2026-07-01T09:21:49.450+0000] {logging_mixin.py:190} INFO - [2026-07-01T09:21:49.450+0000] {dag.py:3211} INFO - Sync 1 DAGs
[2026-07-01T09:21:49.459+0000] {logging_mixin.py:190} INFO - [2026-07-01T09:21:49.459+0000] {dag.py:4138} INFO - Setting next_dagrun for tutorial_objectstorage to None, run_after=None
[2026-07-01T09:21:49.472+0000] {processor.py:208} INFO - Processing /home/airflow/.local/lib/python3.12/site-packages/airflow/example_dags/tutorial_objectstorage.py took 0.055 seconds
[2026-07-01T09:22:19.848+0000] {processor.py:186} INFO - Started process (PID=1619) to work on /home/airflow/.local/lib/python3.12/site-packages/airflow/example_dags/tutorial_objectstorage.py
[2026-07-01T09:22:19.849+0000] {processor.py:914} INFO - Processing file /home/airflow/.local/lib/python3.12/site-packages/airflow/example_dags/tutorial_objectstorage.py for tasks to queue
[2026-07-01T09:22:19.851+0000] {logging_mixin.py:190} INFO - [2026-07-01T09:22:19.850+0000] {dagbag.py:587} INFO - Filling up the DagBag from /home/airflow/.local/lib/python3.12/site-packages/airflow/example_dags/tutorial_objectstorage.py
[2026-07-01T09:22:19.857+0000] {processor.py:925} INFO - DAG(s) 'tutorial_objectstorage' retrieved from /home/airflow/.local/lib/python3.12/site-packages/airflow/example_dags/tutorial_objectstorage.py
[2026-07-01T09:22:19.870+0000] {logging_mixin.py:190} INFO - [2026-07-01T09:22:19.870+0000] {dag.py:3211} INFO - Sync 1 DAGs
[2026-07-01T09:22:19.880+0000] {logging_mixin.py:190} INFO - [2026-07-01T09:22:19.879+0000] {dag.py:4138} INFO - Setting next_dagrun for tutorial_objectstorage to None, run_after=None
[2026-07-01T09:22:19.891+0000] {processor.py:208} INFO - Processing /home/airflow/.local/lib/python3.12/site-packages/airflow/example_dags/tutorial_objectstorage.py took 0.047 seconds
[2026-07-01T09:22:49.968+0000] {processor.py:186} INFO - Started process (PID=1681) to work on /home/airflow/.local/lib/python3.12/site-packages/airflow/example_dags/tutorial_objectstorage.py
[2026-07-01T09:22:49.969+0000] {processor.py:914} INFO - Processing file /home/airflow/.local/lib/python3.12/site-packages/airflow/example_dags/tutorial_objectstorage.py for tasks to queue
[2026-07-01T09:22:49.971+0000] {logging_mixin.py:190} INFO - [2026-07-01T09:22:49.971+0000] {dagbag.py:587} INFO - Filling up the DagBag from /home/airflow/.local/lib/python3.12/site-packages/airflow/example_dags/tutorial_objectstorage.py
[2026-07-01T09:22:49.977+0000] {processor.py:925} INFO - DAG(s) 'tutorial_objectstorage' retrieved from /home/airflow/.local/lib/python3.12/site-packages/airflow/example_dags/tutorial_objectstorage.py
[2026-07-01T09:22:49.989+0000] {logging_mixin.py:190} INFO - [2026-07-01T09:22:49.989+0000] {dag.py:3211} INFO - Sync 1 DAGs
[2026-07-01T09:22:49.999+0000] {logging_mixin.py:190} INFO - [2026-07-01T09:22:49.999+0000] {dag.py:4138} INFO - Setting next_dagrun for tutorial_objectstorage to None, run_after=None
[2026-07-01T09:22:50.013+0000] {processor.py:208} INFO - Processing /home/airflow/.local/lib/python3.12/site-packages/airflow/example_dags/tutorial_objectstorage.py took 0.049 seconds
[2026-07-01T09:23:21.022+0000] {processor.py:186} INFO - Started process (PID=1743) to work on /home/airflow/.local/lib/python3.12/site-packages/airflow/example_dags/tutorial_objectstorage.py
[2026-07-01T09:23:21.023+0000] {processor.py:914} INFO - Processing file /home/airflow/.local/lib/python3.12/site-packages/airflow/example_dags/tutorial_objectstorage.py for tasks to queue
[2026-07-01T09:23:21.024+0000] {logging_mixin.py:190} INFO - [2026-07-01T09:23:21.024+0000] {dagbag.py:587} INFO - Filling up the DagBag from /home/airflow/.local/lib/python3.12/site-packages/airflow/example_dags/tutorial_objectstorage.py
[2026-07-01T09:23:21.030+0000] {processor.py:925} INFO - DAG(s) 'tutorial_objectstorage' retrieved from /home/airflow/.local/lib/python3.12/site-packages/airflow/example_dags/tutorial_objectstorage.py
[2026-07-01T09:23:21.044+0000] {logging_mixin.py:190} INFO - [2026-07-01T09:23:21.044+0000] {dag.py:3211} INFO - Sync 1 DAGs
[2026-07-01T09:23:21.053+0000] {logging_mixin.py:190} INFO - [2026-07-01T09:23:21.053+0000] {dag.py:4138} INFO - Setting next_dagrun for tutorial_objectstorage to None, run_after=None
[2026-07-01T09:23:21.067+0000] {processor.py:208} INFO - Processing /home/airflow/.local/lib/python3.12/site-packages/airflow/example_dags/tutorial_objectstorage.py took 0.049 seconds
[2026-07-01T09:23:51.554+0000] {processor.py:186} INFO - Started process (PID=1805) to work on /home/airflow/.local/lib/python3.12/site-packages/airflow/example_dags/tutorial_objectstorage.py
[2026-07-01T09:23:51.555+0000] {processor.py:914} INFO - Processing file /home/airflow/.local/lib/python3.12/site-packages/airflow/example_dags/tutorial_objectstorage.py for tasks to queue
[2026-07-01T09:23:51.557+0000] {logging_mixin.py:190} INFO - [2026-07-01T09:23:51.556+0000] {dagbag.py:587} INFO - Filling up the DagBag from /home/airflow/.local/lib/python3.12/site-packages/airflow/example_dags/tutorial_objectstorage.py
[2026-07-01T09:23:51.563+0000] {processor.py:925} INFO - DAG(s) 'tutorial_objectstorage' retrieved from /home/airflow/.local/lib/python3.12/site-packages/airflow/example_dags/tutorial_objectstorage.py
[2026-07-01T09:23:51.577+0000] {logging_mixin.py:190} INFO - [2026-07-01T09:23:51.577+0000] {dag.py:3211} INFO - Sync 1 DAGs
[2026-07-01T09:23:51.586+0000] {logging_mixin.py:190} INFO - [2026-07-01T09:23:51.586+0000] {dag.py:4138} INFO - Setting next_dagrun for tutorial_objectstorage to None, run_after=None
[2026-07-01T09:23:51.599+0000] {processor.py:208} INFO - Processing /home/airflow/.local/lib/python3.12/site-packages/airflow/example_dags/tutorial_objectstorage.py took 0.048 seconds
[2026-07-01T09:24:21.789+0000] {processor.py:186} INFO - Started process (PID=1867) to work on /home/airflow/.local/lib/python3.12/site-packages/airflow/example_dags/tutorial_objectstorage.py
[2026-07-01T09:24:21.790+0000] {processor.py:914} INFO - Processing file /home/airflow/.local/lib/python3.12/site-packages/airflow/example_dags/tutorial_objectstorage.py for tasks to queue
[2026-07-01T09:24:21.792+0000] {logging_mixin.py:190} INFO - [2026-07-01T09:24:21.792+0000] {dagbag.py:587} INFO - Filling up the DagBag from /home/airflow/.local/lib/python3.12/site-packages/airflow/example_dags/tutorial_objectstorage.py
[2026-07-01T09:24:21.798+0000] {processor.py:925} INFO - DAG(s) 'tutorial_objectstorage' retrieved from /home/airflow/.local/lib/python3.12/site-packages/airflow/example_dags/tutorial_objectstorage.py
[2026-07-01T09:24:21.812+0000] {logging_mixin.py:190} INFO - [2026-07-01T09:24:21.812+0000] {dag.py:3211} INFO - Sync 1 DAGs
[2026-07-01T09:24:21.821+0000] {logging_mixin.py:190} INFO - [2026-07-01T09:24:21.821+0000] {dag.py:4138} INFO - Setting next_dagrun for tutorial_objectstorage to None, run_after=None
[2026-07-01T09:24:21.835+0000] {processor.py:208} INFO - Processing /home/airflow/.local/lib/python3.12/site-packages/airflow/example_dags/tutorial_objectstorage.py took 0.049 seconds
[2026-07-01T09:24:51.984+0000] {processor.py:186} INFO - Started process (PID=1929) to work on /home/airflow/.local/lib/python3.12/site-packages/airflow/example_dags/tutorial_objectstorage.py
[2026-07-01T09:24:51.986+0000] {processor.py:914} INFO - Processing file /home/airflow/.local/lib/python3.12/site-packages/airflow/example_dags/tutorial_objectstorage.py for tasks to queue
[2026-07-01T09:24:51.988+0000] {logging_mixin.py:190} INFO - [2026-07-01T09:24:51.988+0000] {dagbag.py:587} INFO - Filling up the DagBag from /home/airflow/.local/lib/python3.12/site-packages/airflow/example_dags/tutorial_objectstorage.py
[2026-07-01T09:24:51.996+0000] {processor.py:925} INFO - DAG(s) 'tutorial_objectstorage' retrieved from /home/airflow/.local/lib/python3.12/site-packages/airflow/example_dags/tutorial_objectstorage.py
[2026-07-01T09:24:52.011+0000] {logging_mixin.py:190} INFO - [2026-07-01T09:24:52.011+0000] {dag.py:3211} INFO - Sync 1 DAGs
[2026-07-01T09:24:52.020+0000] {logging_mixin.py:190} INFO - [2026-07-01T09:24:52.020+0000] {dag.py:4138} INFO - Setting next_dagrun for tutorial_objectstorage to None, run_after=None
[2026-07-01T09:24:52.033+0000] {processor.py:208} INFO - Processing /home/airflow/.local/lib/python3.12/site-packages/airflow/example_dags/tutorial_objectstorage.py took 0.052 seconds
[2026-07-01T09:25:22.178+0000] {processor.py:186} INFO - Started process (PID=1991) to work on /home/airflow/.local/lib/python3.12/site-packages/airflow/example_dags/tutorial_objectstorage.py
[2026-07-01T09:25:22.179+0000] {processor.py:914} INFO - Processing file /home/airflow/.local/lib/python3.12/site-packages/airflow/example_dags/tutorial_objectstorage.py for tasks to queue
[2026-07-01T09:25:22.181+0000] {logging_mixin.py:190} INFO - [2026-07-01T09:25:22.180+0000] {dagbag.py:587} INFO - Filling up the DagBag from /home/airflow/.local/lib/python3.12/site-packages/airflow/example_dags/tutorial_objectstorage.py
[2026-07-01T09:25:22.187+0000] {processor.py:925} INFO - DAG(s) 'tutorial_objectstorage' retrieved from /home/airflow/.local/lib/python3.12/site-packages/airflow/example_dags/tutorial_objectstorage.py
[2026-07-01T09:25:22.200+0000] {logging_mixin.py:190} INFO - [2026-07-01T09:25:22.200+0000] {dag.py:3211} INFO - Sync 1 DAGs
[2026-07-01T09:25:22.208+0000] {logging_mixin.py:190} INFO - [2026-07-01T09:25:22.208+0000] {dag.py:4138} INFO - Setting next_dagrun for tutorial_objectstorage to None, run_after=None
[2026-07-01T09:25:22.220+0000] {processor.py:208} INFO - Processing /home/airflow/.local/lib/python3.12/site-packages/airflow/example_dags/tutorial_objectstorage.py took 0.046 seconds
[2026-07-01T09:30:06.673+0000] {processor.py:186} INFO - Started process (PID=2047) to work on /home/airflow/.local/lib/python3.12/site-packages/airflow/example_dags/tutorial_objectstorage.py
[2026-07-01T09:30:06.674+0000] {processor.py:914} INFO - Processing file /home/airflow/.local/lib/python3.12/site-packages/airflow/example_dags/tutorial_objectstorage.py for tasks to queue
[2026-07-01T09:30:06.676+0000] {logging_mixin.py:190} INFO - [2026-07-01T09:30:06.676+0000] {dagbag.py:587} INFO - Filling up the DagBag from /home/airflow/.local/lib/python3.12/site-packages/airflow/example_dags/tutorial_objectstorage.py
[2026-07-01T09:30:06.683+0000] {processor.py:925} INFO - DAG(s) 'tutorial_objectstorage' retrieved from /home/airflow/.local/lib/python3.12/site-packages/airflow/example_dags/tutorial_objectstorage.py
[2026-07-01T09:30:06.697+0000] {logging_mixin.py:190} INFO - [2026-07-01T09:30:06.696+0000] {dag.py:3211} INFO - Sync 1 DAGs
[2026-07-01T09:30:06.706+0000] {logging_mixin.py:190} INFO - [2026-07-01T09:30:06.706+0000] {dag.py:4138} INFO - Setting next_dagrun for tutorial_objectstorage to None, run_after=None
[2026-07-01T09:30:06.718+0000] {processor.py:208} INFO - Processing /home/airflow/.local/lib/python3.12/site-packages/airflow/example_dags/tutorial_objectstorage.py took 0.049 seconds
[2026-07-01T09:30:37.562+0000] {processor.py:186} INFO - Started process (PID=2109) to work on /home/airflow/.local/lib/python3.12/site-packages/airflow/example_dags/tutorial_objectstorage.py
[2026-07-01T09:30:37.563+0000] {processor.py:914} INFO - Processing file /home/airflow/.local/lib/python3.12/site-packages/airflow/example_dags/tutorial_objectstorage.py for tasks to queue
[2026-07-01T09:30:37.565+0000] {logging_mixin.py:190} INFO - [2026-07-01T09:30:37.565+0000] {dagbag.py:587} INFO - Filling up the DagBag from /home/airflow/.local/lib/python3.12/site-packages/airflow/example_dags/tutorial_objectstorage.py
[2026-07-01T09:30:37.575+0000] {processor.py:925} INFO - DAG(s) 'tutorial_objectstorage' retrieved from /home/airflow/.local/lib/python3.12/site-packages/airflow/example_dags/tutorial_objectstorage.py
[2026-07-01T09:30:37.594+0000] {logging_mixin.py:190} INFO - [2026-07-01T09:30:37.594+0000] {dag.py:3211} INFO - Sync 1 DAGs
[2026-07-01T09:30:37.607+0000] {logging_mixin.py:190} INFO - [2026-07-01T09:30:37.606+0000] {dag.py:4138} INFO - Setting next_dagrun for tutorial_objectstorage to None, run_after=None
[2026-07-01T09:30:37.626+0000] {processor.py:208} INFO - Processing /home/airflow/.local/lib/python3.12/site-packages/airflow/example_dags/tutorial_objectstorage.py took 0.070 seconds
[2026-07-01T09:31:07.917+0000] {processor.py:186} INFO - Started process (PID=2171) to work on /home/airflow/.local/lib/python3.12/site-packages/airflow/example_dags/tutorial_objectstorage.py
[2026-07-01T09:31:07.918+0000] {processor.py:914} INFO - Processing file /home/airflow/.local/lib/python3.12/site-packages/airflow/example_dags/tutorial_objectstorage.py for tasks to queue
[2026-07-01T09:31:07.920+0000] {logging_mixin.py:190} INFO - [2026-07-01T09:31:07.920+0000] {dagbag.py:587} INFO - Filling up the DagBag from /home/airflow/.local/lib/python3.12/site-packages/airflow/example_dags/tutorial_objectstorage.py
[2026-07-01T09:31:07.927+0000] {processor.py:925} INFO - DAG(s) 'tutorial_objectstorage' retrieved from /home/airflow/.local/lib/python3.12/site-packages/airflow/example_dags/tutorial_objectstorage.py
[2026-07-01T09:31:07.941+0000] {logging_mixin.py:190} INFO - [2026-07-01T09:31:07.941+0000] {dag.py:3211} INFO - Sync 1 DAGs
[2026-07-01T09:31:07.951+0000] {logging_mixin.py:190} INFO - [2026-07-01T09:31:07.951+0000] {dag.py:4138} INFO - Setting next_dagrun for tutorial_objectstorage to None, run_after=None
[2026-07-01T09:31:07.963+0000] {processor.py:208} INFO - Processing /home/airflow/.local/lib/python3.12/site-packages/airflow/example_dags/tutorial_objectstorage.py took 0.050 seconds
[2026-07-01T09:31:38.339+0000] {processor.py:186} INFO - Started process (PID=2233) to work on /home/airflow/.local/lib/python3.12/site-packages/airflow/example_dags/tutorial_objectstorage.py
[2026-07-01T09:31:38.340+0000] {processor.py:914} INFO - Processing file /home/airflow/.local/lib/python3.12/site-packages/airflow/example_dags/tutorial_objectstorage.py for tasks to queue
[2026-07-01T09:31:38.342+0000] {logging_mixin.py:190} INFO - [2026-07-01T09:31:38.342+0000] {dagbag.py:587} INFO - Filling up the DagBag from /home/airflow/.local/lib/python3.12/site-packages/airflow/example_dags/tutorial_objectstorage.py
[2026-07-01T09:31:38.350+0000] {processor.py:925} INFO - DAG(s) 'tutorial_objectstorage' retrieved from /home/airflow/.local/lib/python3.12/site-packages/airflow/example_dags/tutorial_objectstorage.py
[2026-07-01T09:31:38.366+0000] {logging_mixin.py:190} INFO - [2026-07-01T09:31:38.366+0000] {dag.py:3211} INFO - Sync 1 DAGs
[2026-07-01T09:31:38.377+0000] {logging_mixin.py:190} INFO - [2026-07-01T09:31:38.376+0000] {dag.py:4138} INFO - Setting next_dagrun for tutorial_objectstorage to None, run_after=None
[2026-07-01T09:31:38.390+0000] {processor.py:208} INFO - Processing /home/airflow/.local/lib/python3.12/site-packages/airflow/example_dags/tutorial_objectstorage.py took 0.056 seconds
[2026-07-01T09:32:08.725+0000] {processor.py:186} INFO - Started process (PID=2295) to work on /home/airflow/.local/lib/python3.12/site-packages/airflow/example_dags/tutorial_objectstorage.py
[2026-07-01T09:32:08.727+0000] {processor.py:914} INFO - Processing file /home/airflow/.local/lib/python3.12/site-packages/airflow/example_dags/tutorial_objectstorage.py for tasks to queue
[2026-07-01T09:32:08.728+0000] {logging_mixin.py:190} INFO - [2026-07-01T09:32:08.728+0000] {dagbag.py:587} INFO - Filling up the DagBag from /home/airflow/.local/lib/python3.12/site-packages/airflow/example_dags/tutorial_objectstorage.py
[2026-07-01T09:32:08.735+0000] {processor.py:925} INFO - DAG(s) 'tutorial_objectstorage' retrieved from /home/airflow/.local/lib/python3.12/site-packages/airflow/example_dags/tutorial_objectstorage.py
[2026-07-01T09:32:08.748+0000] {logging_mixin.py:190} INFO - [2026-07-01T09:32:08.748+0000] {dag.py:3211} INFO - Sync 1 DAGs
[2026-07-01T09:32:08.757+0000] {logging_mixin.py:190} INFO - [2026-07-01T09:32:08.757+0000] {dag.py:4138} INFO - Setting next_dagrun for tutorial_objectstorage to None, run_after=None
[2026-07-01T09:32:08.770+0000] {processor.py:208} INFO - Processing /home/airflow/.local/lib/python3.12/site-packages/airflow/example_dags/tutorial_objectstorage.py took 0.049 seconds
[2026-07-01T09:32:39.006+0000] {processor.py:186} INFO - Started process (PID=2357) to work on /home/airflow/.local/lib/python3.12/site-packages/airflow/example_dags/tutorial_objectstorage.py
[2026-07-01T09:32:39.006+0000] {processor.py:914} INFO - Processing file /home/airflow/.local/lib/python3.12/site-packages/airflow/example_dags/tutorial_objectstorage.py for tasks to queue
[2026-07-01T09:32:39.008+0000] {logging_mixin.py:190} INFO - [2026-07-01T09:32:39.008+0000] {dagbag.py:587} INFO - Filling up the DagBag from /home/airflow/.local/lib/python3.12/site-packages/airflow/example_dags/tutorial_objectstorage.py
[2026-07-01T09:32:39.015+0000] {processor.py:925} INFO - DAG(s) 'tutorial_objectstorage' retrieved from /home/airflow/.local/lib/python3.12/site-packages/airflow/example_dags/tutorial_objectstorage.py
[2026-07-01T09:32:39.028+0000] {logging_mixin.py:190} INFO - [2026-07-01T09:32:39.028+0000] {dag.py:3211} INFO - Sync 1 DAGs
[2026-07-01T09:32:39.038+0000] {logging_mixin.py:190} INFO - [2026-07-01T09:32:39.038+0000] {dag.py:4138} INFO - Setting next_dagrun for tutorial_objectstorage to None, run_after=None
[2026-07-01T09:32:39.050+0000] {processor.py:208} INFO - Processing /home/airflow/.local/lib/python3.12/site-packages/airflow/example_dags/tutorial_objectstorage.py took 0.049 seconds
[2026-07-01T09:33:09.605+0000] {processor.py:186} INFO - Started process (PID=2419) to work on /home/airflow/.local/lib/python3.12/site-packages/airflow/example_dags/tutorial_objectstorage.py
[2026-07-01T09:33:09.605+0000] {processor.py:914} INFO - Processing file /home/airflow/.local/lib/python3.12/site-packages/airflow/example_dags/tutorial_objectstorage.py for tasks to queue
[2026-07-01T09:33:09.607+0000] {logging_mixin.py:190} INFO - [2026-07-01T09:33:09.607+0000] {dagbag.py:587} INFO - Filling up the DagBag from /home/airflow/.local/lib/python3.12/site-packages/airflow/example_dags/tutorial_objectstorage.py
[2026-07-01T09:33:09.614+0000] {processor.py:925} INFO - DAG(s) 'tutorial_objectstorage' retrieved from /home/airflow/.local/lib/python3.12/site-packages/airflow/example_dags/tutorial_objectstorage.py
[2026-07-01T09:33:09.628+0000] {logging_mixin.py:190} INFO - [2026-07-01T09:33:09.628+0000] {dag.py:3211} INFO - Sync 1 DAGs
[2026-07-01T09:33:09.637+0000] {logging_mixin.py:190} INFO - [2026-07-01T09:33:09.637+0000] {dag.py:4138} INFO - Setting next_dagrun for tutorial_objectstorage to None, run_after=None
[2026-07-01T09:33:09.650+0000] {processor.py:208} INFO - Processing /home/airflow/.local/lib/python3.12/site-packages/airflow/example_dags/tutorial_objectstorage.py took 0.049 seconds
[2026-07-01T09:33:40.240+0000] {processor.py:186} INFO - Started process (PID=2481) to work on /home/airflow/.local/lib/python3.12/site-packages/airflow/example_dags/tutorial_objectstorage.py
[2026-07-01T09:33:40.241+0000] {processor.py:914} INFO - Processing file /home/airflow/.local/lib/python3.12/site-packages/airflow/example_dags/tutorial_objectstorage.py for tasks to queue
[2026-07-01T09:33:40.244+0000] {logging_mixin.py:190} INFO - [2026-07-01T09:33:40.244+0000] {dagbag.py:587} INFO - Filling up the DagBag from /home/airflow/.local/lib/python3.12/site-packages/airflow/example_dags/tutorial_objectstorage.py
[2026-07-01T09:33:40.253+0000] {processor.py:925} INFO - DAG(s) 'tutorial_objectstorage' retrieved from /home/airflow/.local/lib/python3.12/site-packages/airflow/example_dags/tutorial_objectstorage.py
[2026-07-01T09:33:40.269+0000] {logging_mixin.py:190} INFO - [2026-07-01T09:33:40.268+0000] {dag.py:3211} INFO - Sync 1 DAGs
[2026-07-01T09:33:40.279+0000] {logging_mixin.py:190} INFO - [2026-07-01T09:33:40.279+0000] {dag.py:4138} INFO - Setting next_dagrun for tutorial_objectstorage to None, run_after=None
[2026-07-01T09:33:40.293+0000] {processor.py:208} INFO - Processing /home/airflow/.local/lib/python3.12/site-packages/airflow/example_dags/tutorial_objectstorage.py took 0.058 seconds
[2026-07-01T09:34:11.238+0000] {processor.py:186} INFO - Started process (PID=2543) to work on /home/airflow/.local/lib/python3.12/site-packages/airflow/example_dags/tutorial_objectstorage.py
[2026-07-01T09:34:11.239+0000] {processor.py:914} INFO - Processing file /home/airflow/.local/lib/python3.12/site-packages/airflow/example_dags/tutorial_objectstorage.py for tasks to queue
[2026-07-01T09:34:11.244+0000] {logging_mixin.py:190} INFO - [2026-07-01T09:34:11.243+0000] {dagbag.py:587} INFO - Filling up the DagBag from /home/airflow/.local/lib/python3.12/site-packages/airflow/example_dags/tutorial_objectstorage.py
[2026-07-01T09:34:11.255+0000] {processor.py:925} INFO - DAG(s) 'tutorial_objectstorage' retrieved from /home/airflow/.local/lib/python3.12/site-packages/airflow/example_dags/tutorial_objectstorage.py
[2026-07-01T09:34:11.280+0000] {logging_mixin.py:190} INFO - [2026-07-01T09:34:11.280+0000] {dag.py:3211} INFO - Sync 1 DAGs
[2026-07-01T09:34:11.293+0000] {logging_mixin.py:190} INFO - [2026-07-01T09:34:11.293+0000] {dag.py:4138} INFO - Setting next_dagrun for tutorial_objectstorage to None, run_after=None
[2026-07-01T09:34:11.310+0000] {processor.py:208} INFO - Processing /home/airflow/.local/lib/python3.12/site-packages/airflow/example_dags/tutorial_objectstorage.py took 0.080 seconds
[2026-07-01T09:34:42.136+0000] {processor.py:186} INFO - Started process (PID=2605) to work on /home/airflow/.local/lib/python3.12/site-packages/airflow/example_dags/tutorial_objectstorage.py
[2026-07-01T09:34:42.137+0000] {processor.py:914} INFO - Processing file /home/airflow/.local/lib/python3.12/site-packages/airflow/example_dags/tutorial_objectstorage.py for tasks to queue
[2026-07-01T09:34:42.139+0000] {logging_mixin.py:190} INFO - [2026-07-01T09:34:42.139+0000] {dagbag.py:587} INFO - Filling up the DagBag from /home/airflow/.local/lib/python3.12/site-packages/airflow/example_dags/tutorial_objectstorage.py
[2026-07-01T09:34:42.146+0000] {processor.py:925} INFO - DAG(s) 'tutorial_objectstorage' retrieved from /home/airflow/.local/lib/python3.12/site-packages/airflow/example_dags/tutorial_objectstorage.py
[2026-07-01T09:34:42.161+0000] {logging_mixin.py:190} INFO - [2026-07-01T09:34:42.161+0000] {dag.py:3211} INFO - Sync 1 DAGs
[2026-07-01T09:34:42.171+0000] {logging_mixin.py:190} INFO - [2026-07-01T09:34:42.171+0000] {dag.py:4138} INFO - Setting next_dagrun for tutorial_objectstorage to None, run_after=None
[2026-07-01T09:34:42.184+0000] {processor.py:208} INFO - Processing /home/airflow/.local/lib/python3.12/site-packages/airflow/example_dags/tutorial_objectstorage.py took 0.053 seconds
[2026-07-01T09:35:12.823+0000] {processor.py:186} INFO - Started process (PID=2667) to work on /home/airflow/.local/lib/python3.12/site-packages/airflow/example_dags/tutorial_objectstorage.py
[2026-07-01T09:35:12.824+0000] {processor.py:914} INFO - Processing file /home/airflow/.local/lib/python3.12/site-packages/airflow/example_dags/tutorial_objectstorage.py for tasks to queue
[2026-07-01T09:35:12.826+0000] {logging_mixin.py:190} INFO - [2026-07-01T09:35:12.825+0000] {dagbag.py:587} INFO - Filling up the DagBag from /home/airflow/.local/lib/python3.12/site-packages/airflow/example_dags/tutorial_objectstorage.py
[2026-07-01T09:35:12.832+0000] {processor.py:925} INFO - DAG(s) 'tutorial_objectstorage' retrieved from /home/airflow/.local/lib/python3.12/site-packages/airflow/example_dags/tutorial_objectstorage.py
[2026-07-01T09:35:12.847+0000] {logging_mixin.py:190} INFO - [2026-07-01T09:35:12.847+0000] {dag.py:3211} INFO - Sync 1 DAGs
[2026-07-01T09:35:12.858+0000] {logging_mixin.py:190} INFO - [2026-07-01T09:35:12.858+0000] {dag.py:4138} INFO - Setting next_dagrun for tutorial_objectstorage to None, run_after=None
[2026-07-01T09:35:12.871+0000] {processor.py:208} INFO - Processing /home/airflow/.local/lib/python3.12/site-packages/airflow/example_dags/tutorial_objectstorage.py took 0.053 seconds
[2026-07-01T09:35:43.378+0000] {processor.py:186} INFO - Started process (PID=2729) to work on /home/airflow/.local/lib/python3.12/site-packages/airflow/example_dags/tutorial_objectstorage.py
[2026-07-01T09:35:43.380+0000] {processor.py:914} INFO - Processing file /home/airflow/.local/lib/python3.12/site-packages/airflow/example_dags/tutorial_objectstorage.py for tasks to queue
[2026-07-01T09:35:43.383+0000] {logging_mixin.py:190} INFO - [2026-07-01T09:35:43.383+0000] {dagbag.py:587} INFO - Filling up the DagBag from /home/airflow/.local/lib/python3.12/site-packages/airflow/example_dags/tutorial_objectstorage.py
[2026-07-01T09:35:43.392+0000] {processor.py:925} INFO - DAG(s) 'tutorial_objectstorage' retrieved from /home/airflow/.local/lib/python3.12/site-packages/airflow/example_dags/tutorial_objectstorage.py
[2026-07-01T09:35:43.411+0000] {logging_mixin.py:190} INFO - [2026-07-01T09:35:43.410+0000] {dag.py:3211} INFO - Sync 1 DAGs
[2026-07-01T09:35:43.423+0000] {logging_mixin.py:190} INFO - [2026-07-01T09:35:43.423+0000] {dag.py:4138} INFO - Setting next_dagrun for tutorial_objectstorage to None, run_after=None
[2026-07-01T09:35:43.441+0000] {processor.py:208} INFO - Processing /home/airflow/.local/lib/python3.12/site-packages/airflow/example_dags/tutorial_objectstorage.py took 0.068 seconds
[2026-07-01T09:36:13.928+0000] {processor.py:186} INFO - Started process (PID=2791) to work on /home/airflow/.local/lib/python3.12/site-packages/airflow/example_dags/tutorial_objectstorage.py
[2026-07-01T09:36:13.929+0000] {processor.py:914} INFO - Processing file /home/airflow/.local/lib/python3.12/site-packages/airflow/example_dags/tutorial_objectstorage.py for tasks to queue
[2026-07-01T09:36:13.931+0000] {logging_mixin.py:190} INFO - [2026-07-01T09:36:13.931+0000] {dagbag.py:587} INFO - Filling up the DagBag from /home/airflow/.local/lib/python3.12/site-packages/airflow/example_dags/tutorial_objectstorage.py
[2026-07-01T09:36:13.938+0000] {processor.py:925} INFO - DAG(s) 'tutorial_objectstorage' retrieved from /home/airflow/.local/lib/python3.12/site-packages/airflow/example_dags/tutorial_objectstorage.py
[2026-07-01T09:36:13.952+0000] {logging_mixin.py:190} INFO - [2026-07-01T09:36:13.951+0000] {dag.py:3211} INFO - Sync 1 DAGs
[2026-07-01T09:36:13.961+0000] {logging_mixin.py:190} INFO - [2026-07-01T09:36:13.961+0000] {dag.py:4138} INFO - Setting next_dagrun for tutorial_objectstorage to None, run_after=None
[2026-07-01T09:36:13.974+0000] {processor.py:208} INFO - Processing /home/airflow/.local/lib/python3.12/site-packages/airflow/example_dags/tutorial_objectstorage.py took 0.050 seconds
[2026-07-01T09:36:44.976+0000] {processor.py:186} INFO - Started process (PID=2853) to work on /home/airflow/.local/lib/python3.12/site-packages/airflow/example_dags/tutorial_objectstorage.py
[2026-07-01T09:36:44.977+0000] {processor.py:914} INFO - Processing file /home/airflow/.local/lib/python3.12/site-packages/airflow/example_dags/tutorial_objectstorage.py for tasks to queue
[2026-07-01T09:36:44.980+0000] {logging_mixin.py:190} INFO - [2026-07-01T09:36:44.980+0000] {dagbag.py:587} INFO - Filling up the DagBag from /home/airflow/.local/lib/python3.12/site-packages/airflow/example_dags/tutorial_objectstorage.py
[2026-07-01T09:36:44.988+0000] {processor.py:925} INFO - DAG(s) 'tutorial_objectstorage' retrieved from /home/airflow/.local/lib/python3.12/site-packages/airflow/example_dags/tutorial_objectstorage.py
[2026-07-01T09:36:45.004+0000] {logging_mixin.py:190} INFO - [2026-07-01T09:36:45.004+0000] {dag.py:3211} INFO - Sync 1 DAGs
[2026-07-01T09:36:45.015+0000] {logging_mixin.py:190} INFO - [2026-07-01T09:36:45.015+0000] {dag.py:4138} INFO - Setting next_dagrun for tutorial_objectstorage to None, run_after=None
[2026-07-01T09:36:45.028+0000] {processor.py:208} INFO - Processing /home/airflow/.local/lib/python3.12/site-packages/airflow/example_dags/tutorial_objectstorage.py took 0.056 seconds
[2026-07-01T09:37:15.825+0000] {processor.py:186} INFO - Started process (PID=2915) to work on /home/airflow/.local/lib/python3.12/site-packages/airflow/example_dags/tutorial_objectstorage.py
[2026-07-01T09:37:15.826+0000] {processor.py:914} INFO - Processing file /home/airflow/.local/lib/python3.12/site-packages/airflow/example_dags/tutorial_objectstorage.py for tasks to queue
[2026-07-01T09:37:15.828+0000] {logging_mixin.py:190} INFO - [2026-07-01T09:37:15.828+0000] {dagbag.py:587} INFO - Filling up the DagBag from /home/airflow/.local/lib/python3.12/site-packages/airflow/example_dags/tutorial_objectstorage.py
[2026-07-01T09:37:15.836+0000] {processor.py:925} INFO - DAG(s) 'tutorial_objectstorage' retrieved from /home/airflow/.local/lib/python3.12/site-packages/airflow/example_dags/tutorial_objectstorage.py
[2026-07-01T09:37:15.851+0000] {logging_mixin.py:190} INFO - [2026-07-01T09:37:15.851+0000] {dag.py:3211} INFO - Sync 1 DAGs
[2026-07-01T09:37:15.861+0000] {logging_mixin.py:190} INFO - [2026-07-01T09:37:15.860+0000] {dag.py:4138} INFO - Setting next_dagrun for tutorial_objectstorage to None, run_after=None
[2026-07-01T09:37:15.875+0000] {processor.py:208} INFO - Processing /home/airflow/.local/lib/python3.12/site-packages/airflow/example_dags/tutorial_objectstorage.py took 0.055 seconds
[2026-07-01T09:37:46.676+0000] {processor.py:186} INFO - Started process (PID=2977) to work on /home/airflow/.local/lib/python3.12/site-packages/airflow/example_dags/tutorial_objectstorage.py
[2026-07-01T09:37:46.677+0000] {processor.py:914} INFO - Processing file /home/airflow/.local/lib/python3.12/site-packages/airflow/example_dags/tutorial_objectstorage.py for tasks to queue
[2026-07-01T09:37:46.679+0000] {logging_mixin.py:190} INFO - [2026-07-01T09:37:46.679+0000] {dagbag.py:587} INFO - Filling up the DagBag from /home/airflow/.local/lib/python3.12/site-packages/airflow/example_dags/tutorial_objectstorage.py
[2026-07-01T09:37:46.686+0000] {processor.py:925} INFO - DAG(s) 'tutorial_objectstorage' retrieved from /home/airflow/.local/lib/python3.12/site-packages/airflow/example_dags/tutorial_objectstorage.py
[2026-07-01T09:37:46.702+0000] {logging_mixin.py:190} INFO - [2026-07-01T09:37:46.702+0000] {dag.py:3211} INFO - Sync 1 DAGs
[2026-07-01T09:37:46.711+0000] {logging_mixin.py:190} INFO - [2026-07-01T09:37:46.711+0000] {dag.py:4138} INFO - Setting next_dagrun for tutorial_objectstorage to None, run_after=None
[2026-07-01T09:37:46.724+0000] {processor.py:208} INFO - Processing /home/airflow/.local/lib/python3.12/site-packages/airflow/example_dags/tutorial_objectstorage.py took 0.052 seconds
[2026-07-01T09:38:17.740+0000] {processor.py:186} INFO - Started process (PID=3039) to work on /home/airflow/.local/lib/python3.12/site-packages/airflow/example_dags/tutorial_objectstorage.py
[2026-07-01T09:38:17.741+0000] {processor.py:914} INFO - Processing file /home/airflow/.local/lib/python3.12/site-packages/airflow/example_dags/tutorial_objectstorage.py for tasks to queue
[2026-07-01T09:38:17.743+0000] {logging_mixin.py:190} INFO - [2026-07-01T09:38:17.743+0000] {dagbag.py:587} INFO - Filling up the DagBag from /home/airflow/.local/lib/python3.12/site-packages/airflow/example_dags/tutorial_objectstorage.py
[2026-07-01T09:38:17.749+0000] {processor.py:925} INFO - DAG(s) 'tutorial_objectstorage' retrieved from /home/airflow/.local/lib/python3.12/site-packages/airflow/example_dags/tutorial_objectstorage.py
[2026-07-01T09:38:17.763+0000] {logging_mixin.py:190} INFO - [2026-07-01T09:38:17.763+0000] {dag.py:3211} INFO - Sync 1 DAGs
[2026-07-01T09:38:17.773+0000] {logging_mixin.py:190} INFO - [2026-07-01T09:38:17.773+0000] {dag.py:4138} INFO - Setting next_dagrun for tutorial_objectstorage to None, run_after=None
[2026-07-01T09:38:17.786+0000] {processor.py:208} INFO - Processing /home/airflow/.local/lib/python3.12/site-packages/airflow/example_dags/tutorial_objectstorage.py took 0.050 seconds
[2026-07-01T09:38:48.722+0000] {processor.py:186} INFO - Started process (PID=3101) to work on /home/airflow/.local/lib/python3.12/site-packages/airflow/example_dags/tutorial_objectstorage.py
[2026-07-01T09:38:48.725+0000] {processor.py:914} INFO - Processing file /home/airflow/.local/lib/python3.12/site-packages/airflow/example_dags/tutorial_objectstorage.py for tasks to queue
[2026-07-01T09:38:48.728+0000] {logging_mixin.py:190} INFO - [2026-07-01T09:38:48.727+0000] {dagbag.py:587} INFO - Filling up the DagBag from /home/airflow/.local/lib/python3.12/site-packages/airflow/example_dags/tutorial_objectstorage.py
[2026-07-01T09:38:48.736+0000] {processor.py:925} INFO - DAG(s) 'tutorial_objectstorage' retrieved from /home/airflow/.local/lib/python3.12/site-packages/airflow/example_dags/tutorial_objectstorage.py
[2026-07-01T09:38:48.750+0000] {logging_mixin.py:190} INFO - [2026-07-01T09:38:48.750+0000] {dag.py:3211} INFO - Sync 1 DAGs
[2026-07-01T09:38:48.760+0000] {logging_mixin.py:190} INFO - [2026-07-01T09:38:48.760+0000] {dag.py:4138} INFO - Setting next_dagrun for tutorial_objectstorage to None, run_after=None
[2026-07-01T09:38:48.775+0000] {processor.py:208} INFO - Processing /home/airflow/.local/lib/python3.12/site-packages/airflow/example_dags/tutorial_objectstorage.py took 0.058 seconds
[2026-07-01T09:39:19.530+0000] {processor.py:186} INFO - Started process (PID=3169) to work on /home/airflow/.local/lib/python3.12/site-packages/airflow/example_dags/tutorial_objectstorage.py
[2026-07-01T09:39:19.531+0000] {processor.py:914} INFO - Processing file /home/airflow/.local/lib/python3.12/site-packages/airflow/example_dags/tutorial_objectstorage.py for tasks to queue
[2026-07-01T09:39:19.533+0000] {logging_mixin.py:190} INFO - [2026-07-01T09:39:19.533+0000] {dagbag.py:587} INFO - Filling up the DagBag from /home/airflow/.local/lib/python3.12/site-packages/airflow/example_dags/tutorial_objectstorage.py
[2026-07-01T09:39:19.540+0000] {processor.py:925} INFO - DAG(s) 'tutorial_objectstorage' retrieved from /home/airflow/.local/lib/python3.12/site-packages/airflow/example_dags/tutorial_objectstorage.py
[2026-07-01T09:39:19.554+0000] {logging_mixin.py:190} INFO - [2026-07-01T09:39:19.554+0000] {dag.py:3211} INFO - Sync 1 DAGs
[2026-07-01T09:39:19.565+0000] {logging_mixin.py:190} INFO - [2026-07-01T09:39:19.565+0000] {dag.py:4138} INFO - Setting next_dagrun for tutorial_objectstorage to None, run_after=None
[2026-07-01T09:39:19.579+0000] {processor.py:208} INFO - Processing /home/airflow/.local/lib/python3.12/site-packages/airflow/example_dags/tutorial_objectstorage.py took 0.053 seconds
[2026-07-01T09:39:50.050+0000] {processor.py:186} INFO - Started process (PID=3231) to work on /home/airflow/.local/lib/python3.12/site-packages/airflow/example_dags/tutorial_objectstorage.py
[2026-07-01T09:39:50.051+0000] {processor.py:914} INFO - Processing file /home/airflow/.local/lib/python3.12/site-packages/airflow/example_dags/tutorial_objectstorage.py for tasks to queue
[2026-07-01T09:39:50.054+0000] {logging_mixin.py:190} INFO - [2026-07-01T09:39:50.053+0000] {dagbag.py:587} INFO - Filling up the DagBag from /home/airflow/.local/lib/python3.12/site-packages/airflow/example_dags/tutorial_objectstorage.py
[2026-07-01T09:39:50.060+0000] {processor.py:925} INFO - DAG(s) 'tutorial_objectstorage' retrieved from /home/airflow/.local/lib/python3.12/site-packages/airflow/example_dags/tutorial_objectstorage.py
[2026-07-01T09:39:50.075+0000] {logging_mixin.py:190} INFO - [2026-07-01T09:39:50.074+0000] {dag.py:3211} INFO - Sync 1 DAGs
[2026-07-01T09:39:50.086+0000] {logging_mixin.py:190} INFO - [2026-07-01T09:39:50.086+0000] {dag.py:4138} INFO - Setting next_dagrun for tutorial_objectstorage to None, run_after=None
[2026-07-01T09:39:50.099+0000] {processor.py:208} INFO - Processing /home/airflow/.local/lib/python3.12/site-packages/airflow/example_dags/tutorial_objectstorage.py took 0.054 seconds
[2026-07-01T09:40:20.708+0000] {processor.py:186} INFO - Started process (PID=3293) to work on /home/airflow/.local/lib/python3.12/site-packages/airflow/example_dags/tutorial_objectstorage.py
[2026-07-01T09:40:20.710+0000] {processor.py:914} INFO - Processing file /home/airflow/.local/lib/python3.12/site-packages/airflow/example_dags/tutorial_objectstorage.py for tasks to queue
[2026-07-01T09:40:20.712+0000] {logging_mixin.py:190} INFO - [2026-07-01T09:40:20.711+0000] {dagbag.py:587} INFO - Filling up the DagBag from /home/airflow/.local/lib/python3.12/site-packages/airflow/example_dags/tutorial_objectstorage.py
[2026-07-01T09:40:20.848+0000] {processor.py:925} INFO - DAG(s) 'tutorial_objectstorage' retrieved from /home/airflow/.local/lib/python3.12/site-packages/airflow/example_dags/tutorial_objectstorage.py
[2026-07-01T09:40:20.860+0000] {logging_mixin.py:190} INFO - [2026-07-01T09:40:20.860+0000] {dag.py:3211} INFO - Sync 1 DAGs
[2026-07-01T09:40:20.868+0000] {logging_mixin.py:190} INFO - [2026-07-01T09:40:20.868+0000] {dag.py:4138} INFO - Setting next_dagrun for tutorial_objectstorage to None, run_after=None
[2026-07-01T09:40:20.880+0000] {processor.py:208} INFO - Processing /home/airflow/.local/lib/python3.12/site-packages/airflow/example_dags/tutorial_objectstorage.py took 0.177 seconds
[2026-07-01T09:40:51.599+0000] {processor.py:186} INFO - Started process (PID=3355) to work on /home/airflow/.local/lib/python3.12/site-packages/airflow/example_dags/tutorial_objectstorage.py
[2026-07-01T09:40:51.600+0000] {processor.py:914} INFO - Processing file /home/airflow/.local/lib/python3.12/site-packages/airflow/example_dags/tutorial_objectstorage.py for tasks to queue
[2026-07-01T09:40:51.603+0000] {logging_mixin.py:190} INFO - [2026-07-01T09:40:51.602+0000] {dagbag.py:587} INFO - Filling up the DagBag from /home/airflow/.local/lib/python3.12/site-packages/airflow/example_dags/tutorial_objectstorage.py
[2026-07-01T09:40:51.612+0000] {processor.py:925} INFO - DAG(s) 'tutorial_objectstorage' retrieved from /home/airflow/.local/lib/python3.12/site-packages/airflow/example_dags/tutorial_objectstorage.py
[2026-07-01T09:40:51.630+0000] {logging_mixin.py:190} INFO - [2026-07-01T09:40:51.630+0000] {dag.py:3211} INFO - Sync 1 DAGs
[2026-07-01T09:40:51.641+0000] {logging_mixin.py:190} INFO - [2026-07-01T09:40:51.641+0000] {dag.py:4138} INFO - Setting next_dagrun for tutorial_objectstorage to None, run_after=None
[2026-07-01T09:40:51.656+0000] {processor.py:208} INFO - Processing /home/airflow/.local/lib/python3.12/site-packages/airflow/example_dags/tutorial_objectstorage.py took 0.063 seconds
[2026-07-01T09:41:22.057+0000] {processor.py:186} INFO - Started process (PID=3417) to work on /home/airflow/.local/lib/python3.12/site-packages/airflow/example_dags/tutorial_objectstorage.py
[2026-07-01T09:41:22.059+0000] {processor.py:914} INFO - Processing file /home/airflow/.local/lib/python3.12/site-packages/airflow/example_dags/tutorial_objectstorage.py for tasks to queue
[2026-07-01T09:41:22.061+0000] {logging_mixin.py:190} INFO - [2026-07-01T09:41:22.060+0000] {dagbag.py:587} INFO - Filling up the DagBag from /home/airflow/.local/lib/python3.12/site-packages/airflow/example_dags/tutorial_objectstorage.py
[2026-07-01T09:41:22.068+0000] {processor.py:925} INFO - DAG(s) 'tutorial_objectstorage' retrieved from /home/airflow/.local/lib/python3.12/site-packages/airflow/example_dags/tutorial_objectstorage.py
[2026-07-01T09:41:22.083+0000] {logging_mixin.py:190} INFO - [2026-07-01T09:41:22.083+0000] {dag.py:3211} INFO - Sync 1 DAGs
[2026-07-01T09:41:22.092+0000] {logging_mixin.py:190} INFO - [2026-07-01T09:41:22.092+0000] {dag.py:4138} INFO - Setting next_dagrun for tutorial_objectstorage to None, run_after=None
[2026-07-01T09:41:22.107+0000] {processor.py:208} INFO - Processing /home/airflow/.local/lib/python3.12/site-packages/airflow/example_dags/tutorial_objectstorage.py took 0.055 seconds
[2026-07-01T09:41:52.342+0000] {processor.py:186} INFO - Started process (PID=3479) to work on /home/airflow/.local/lib/python3.12/site-packages/airflow/example_dags/tutorial_objectstorage.py
[2026-07-01T09:41:52.343+0000] {processor.py:914} INFO - Processing file /home/airflow/.local/lib/python3.12/site-packages/airflow/example_dags/tutorial_objectstorage.py for tasks to queue
[2026-07-01T09:41:52.345+0000] {logging_mixin.py:190} INFO - [2026-07-01T09:41:52.345+0000] {dagbag.py:587} INFO - Filling up the DagBag from /home/airflow/.local/lib/python3.12/site-packages/airflow/example_dags/tutorial_objectstorage.py
[2026-07-01T09:41:52.352+0000] {processor.py:925} INFO - DAG(s) 'tutorial_objectstorage' retrieved from /home/airflow/.local/lib/python3.12/site-packages/airflow/example_dags/tutorial_objectstorage.py
[2026-07-01T09:41:52.367+0000] {logging_mixin.py:190} INFO - [2026-07-01T09:41:52.367+0000] {dag.py:3211} INFO - Sync 1 DAGs
[2026-07-01T09:41:52.379+0000] {logging_mixin.py:190} INFO - [2026-07-01T09:41:52.379+0000] {dag.py:4138} INFO - Setting next_dagrun for tutorial_objectstorage to None, run_after=None
[2026-07-01T09:41:52.393+0000] {processor.py:208} INFO - Processing /home/airflow/.local/lib/python3.12/site-packages/airflow/example_dags/tutorial_objectstorage.py took 0.055 seconds
[2026-07-01T09:42:22.456+0000] {processor.py:186} INFO - Started process (PID=3541) to work on /home/airflow/.local/lib/python3.12/site-packages/airflow/example_dags/tutorial_objectstorage.py
[2026-07-01T09:42:22.457+0000] {processor.py:914} INFO - Processing file /home/airflow/.local/lib/python3.12/site-packages/airflow/example_dags/tutorial_objectstorage.py for tasks to queue
[2026-07-01T09:42:22.459+0000] {logging_mixin.py:190} INFO - [2026-07-01T09:42:22.459+0000] {dagbag.py:587} INFO - Filling up the DagBag from /home/airflow/.local/lib/python3.12/site-packages/airflow/example_dags/tutorial_objectstorage.py
[2026-07-01T09:42:22.467+0000] {processor.py:925} INFO - DAG(s) 'tutorial_objectstorage' retrieved from /home/airflow/.local/lib/python3.12/site-packages/airflow/example_dags/tutorial_objectstorage.py
[2026-07-01T09:42:22.482+0000] {logging_mixin.py:190} INFO - [2026-07-01T09:42:22.482+0000] {dag.py:3211} INFO - Sync 1 DAGs
[2026-07-01T09:42:22.493+0000] {logging_mixin.py:190} INFO - [2026-07-01T09:42:22.492+0000] {dag.py:4138} INFO - Setting next_dagrun for tutorial_objectstorage to None, run_after=None
[2026-07-01T09:42:22.510+0000] {processor.py:208} INFO - Processing /home/airflow/.local/lib/python3.12/site-packages/airflow/example_dags/tutorial_objectstorage.py took 0.059 seconds
[2026-07-01T09:42:52.861+0000] {processor.py:186} INFO - Started process (PID=3603) to work on /home/airflow/.local/lib/python3.12/site-packages/airflow/example_dags/tutorial_objectstorage.py
[2026-07-01T09:42:52.862+0000] {processor.py:914} INFO - Processing file /home/airflow/.local/lib/python3.12/site-packages/airflow/example_dags/tutorial_objectstorage.py for tasks to queue
[2026-07-01T09:42:52.864+0000] {logging_mixin.py:190} INFO - [2026-07-01T09:42:52.864+0000] {dagbag.py:587} INFO - Filling up the DagBag from /home/airflow/.local/lib/python3.12/site-packages/airflow/example_dags/tutorial_objectstorage.py
[2026-07-01T09:42:52.871+0000] {processor.py:925} INFO - DAG(s) 'tutorial_objectstorage' retrieved from /home/airflow/.local/lib/python3.12/site-packages/airflow/example_dags/tutorial_objectstorage.py
[2026-07-01T09:42:52.888+0000] {logging_mixin.py:190} INFO - [2026-07-01T09:42:52.888+0000] {dag.py:3211} INFO - Sync 1 DAGs
[2026-07-01T09:42:52.899+0000] {logging_mixin.py:190} INFO - [2026-07-01T09:42:52.899+0000] {dag.py:4138} INFO - Setting next_dagrun for tutorial_objectstorage to None, run_after=None
[2026-07-01T09:42:52.913+0000] {processor.py:208} INFO - Processing /home/airflow/.local/lib/python3.12/site-packages/airflow/example_dags/tutorial_objectstorage.py took 0.057 seconds
[2026-07-01T09:43:23.337+0000] {processor.py:186} INFO - Started process (PID=3665) to work on /home/airflow/.local/lib/python3.12/site-packages/airflow/example_dags/tutorial_objectstorage.py
[2026-07-01T09:43:23.337+0000] {processor.py:914} INFO - Processing file /home/airflow/.local/lib/python3.12/site-packages/airflow/example_dags/tutorial_objectstorage.py for tasks to queue
[2026-07-01T09:43:23.339+0000] {logging_mixin.py:190} INFO - [2026-07-01T09:43:23.339+0000] {dagbag.py:587} INFO - Filling up the DagBag from /home/airflow/.local/lib/python3.12/site-packages/airflow/example_dags/tutorial_objectstorage.py
[2026-07-01T09:43:23.346+0000] {processor.py:925} INFO - DAG(s) 'tutorial_objectstorage' retrieved from /home/airflow/.local/lib/python3.12/site-packages/airflow/example_dags/tutorial_objectstorage.py
[2026-07-01T09:43:23.360+0000] {logging_mixin.py:190} INFO - [2026-07-01T09:43:23.360+0000] {dag.py:3211} INFO - Sync 1 DAGs
[2026-07-01T09:43:23.370+0000] {logging_mixin.py:190} INFO - [2026-07-01T09:43:23.369+0000] {dag.py:4138} INFO - Setting next_dagrun for tutorial_objectstorage to None, run_after=None
[2026-07-01T09:43:23.382+0000] {processor.py:208} INFO - Processing /home/airflow/.local/lib/python3.12/site-packages/airflow/example_dags/tutorial_objectstorage.py took 0.051 seconds
[2026-07-01T09:43:53.541+0000] {processor.py:186} INFO - Started process (PID=3727) to work on /home/airflow/.local/lib/python3.12/site-packages/airflow/example_dags/tutorial_objectstorage.py
[2026-07-01T09:43:53.542+0000] {processor.py:914} INFO - Processing file /home/airflow/.local/lib/python3.12/site-packages/airflow/example_dags/tutorial_objectstorage.py for tasks to queue
[2026-07-01T09:43:53.544+0000] {logging_mixin.py:190} INFO - [2026-07-01T09:43:53.543+0000] {dagbag.py:587} INFO - Filling up the DagBag from /home/airflow/.local/lib/python3.12/site-packages/airflow/example_dags/tutorial_objectstorage.py
[2026-07-01T09:43:53.551+0000] {processor.py:925} INFO - DAG(s) 'tutorial_objectstorage' retrieved from /home/airflow/.local/lib/python3.12/site-packages/airflow/example_dags/tutorial_objectstorage.py
[2026-07-01T09:43:53.565+0000] {logging_mixin.py:190} INFO - [2026-07-01T09:43:53.565+0000] {dag.py:3211} INFO - Sync 1 DAGs
[2026-07-01T09:43:53.575+0000] {logging_mixin.py:190} INFO - [2026-07-01T09:43:53.574+0000] {dag.py:4138} INFO - Setting next_dagrun for tutorial_objectstorage to None, run_after=None
[2026-07-01T09:43:53.587+0000] {processor.py:208} INFO - Processing /home/airflow/.local/lib/python3.12/site-packages/airflow/example_dags/tutorial_objectstorage.py took 0.051 seconds
[2026-07-01T09:44:24.042+0000] {processor.py:186} INFO - Started process (PID=3789) to work on /home/airflow/.local/lib/python3.12/site-packages/airflow/example_dags/tutorial_objectstorage.py
[2026-07-01T09:44:24.043+0000] {processor.py:914} INFO - Processing file /home/airflow/.local/lib/python3.12/site-packages/airflow/example_dags/tutorial_objectstorage.py for tasks to queue
[2026-07-01T09:44:24.045+0000] {logging_mixin.py:190} INFO - [2026-07-01T09:44:24.045+0000] {dagbag.py:587} INFO - Filling up the DagBag from /home/airflow/.local/lib/python3.12/site-packages/airflow/example_dags/tutorial_objectstorage.py
[2026-07-01T09:44:24.052+0000] {processor.py:925} INFO - DAG(s) 'tutorial_objectstorage' retrieved from /home/airflow/.local/lib/python3.12/site-packages/airflow/example_dags/tutorial_objectstorage.py
[2026-07-01T09:44:24.066+0000] {logging_mixin.py:190} INFO - [2026-07-01T09:44:24.066+0000] {dag.py:3211} INFO - Sync 1 DAGs
[2026-07-01T09:44:24.076+0000] {logging_mixin.py:190} INFO - [2026-07-01T09:44:24.075+0000] {dag.py:4138} INFO - Setting next_dagrun for tutorial_objectstorage to None, run_after=None
[2026-07-01T09:44:24.087+0000] {processor.py:208} INFO - Processing /home/airflow/.local/lib/python3.12/site-packages/airflow/example_dags/tutorial_objectstorage.py took 0.050 seconds
[2026-07-01T09:44:54.302+0000] {processor.py:186} INFO - Started process (PID=3851) to work on /home/airflow/.local/lib/python3.12/site-packages/airflow/example_dags/tutorial_objectstorage.py
[2026-07-01T09:44:54.303+0000] {processor.py:914} INFO - Processing file /home/airflow/.local/lib/python3.12/site-packages/airflow/example_dags/tutorial_objectstorage.py for tasks to queue
[2026-07-01T09:44:54.305+0000] {logging_mixin.py:190} INFO - [2026-07-01T09:44:54.305+0000] {dagbag.py:587} INFO - Filling up the DagBag from /home/airflow/.local/lib/python3.12/site-packages/airflow/example_dags/tutorial_objectstorage.py
[2026-07-01T09:44:54.312+0000] {processor.py:925} INFO - DAG(s) 'tutorial_objectstorage' retrieved from /home/airflow/.local/lib/python3.12/site-packages/airflow/example_dags/tutorial_objectstorage.py
[2026-07-01T09:44:54.326+0000] {logging_mixin.py:190} INFO - [2026-07-01T09:44:54.326+0000] {dag.py:3211} INFO - Sync 1 DAGs
[2026-07-01T09:44:54.336+0000] {logging_mixin.py:190} INFO - [2026-07-01T09:44:54.336+0000] {dag.py:4138} INFO - Setting next_dagrun for tutorial_objectstorage to None, run_after=None
[2026-07-01T09:44:54.348+0000] {processor.py:208} INFO - Processing /home/airflow/.local/lib/python3.12/site-packages/airflow/example_dags/tutorial_objectstorage.py took 0.051 seconds
[2026-07-01T09:45:24.757+0000] {processor.py:186} INFO - Started process (PID=3913) to work on /home/airflow/.local/lib/python3.12/site-packages/airflow/example_dags/tutorial_objectstorage.py
[2026-07-01T09:45:24.758+0000] {processor.py:914} INFO - Processing file /home/airflow/.local/lib/python3.12/site-packages/airflow/example_dags/tutorial_objectstorage.py for tasks to queue
[2026-07-01T09:45:24.760+0000] {logging_mixin.py:190} INFO - [2026-07-01T09:45:24.759+0000] {dagbag.py:587} INFO - Filling up the DagBag from /home/airflow/.local/lib/python3.12/site-packages/airflow/example_dags/tutorial_objectstorage.py
[2026-07-01T09:45:24.767+0000] {processor.py:925} INFO - DAG(s) 'tutorial_objectstorage' retrieved from /home/airflow/.local/lib/python3.12/site-packages/airflow/example_dags/tutorial_objectstorage.py
[2026-07-01T09:45:24.782+0000] {logging_mixin.py:190} INFO - [2026-07-01T09:45:24.781+0000] {dag.py:3211} INFO - Sync 1 DAGs
[2026-07-01T09:45:24.791+0000] {logging_mixin.py:190} INFO - [2026-07-01T09:45:24.791+0000] {dag.py:4138} INFO - Setting next_dagrun for tutorial_objectstorage to None, run_after=None
[2026-07-01T09:45:24.804+0000] {processor.py:208} INFO - Processing /home/airflow/.local/lib/python3.12/site-packages/airflow/example_dags/tutorial_objectstorage.py took 0.052 seconds
