[2026-07-01T09:09:36.744+0000] {processor.py:186} INFO - Started process (PID=57) to work on /home/airflow/.local/lib/python3.12/site-packages/airflow/example_dags/tutorial.py
[2026-07-01T09:09:36.745+0000] {processor.py:914} INFO - Processing file /home/airflow/.local/lib/python3.12/site-packages/airflow/example_dags/tutorial.py for tasks to queue
[2026-07-01T09:09:36.749+0000] {logging_mixin.py:190} INFO - [2026-07-01T09:09:36.748+0000] {dagbag.py:587} INFO - Filling up the DagBag from /home/airflow/.local/lib/python3.12/site-packages/airflow/example_dags/tutorial.py
[2026-07-01T09:09:36.797+0000] {processor.py:925} INFO - DAG(s) 'tutorial' retrieved from /home/airflow/.local/lib/python3.12/site-packages/airflow/example_dags/tutorial.py
[2026-07-01T09:09:37.035+0000] {logging_mixin.py:190} INFO - [2026-07-01T09:09:37.035+0000] {override.py:1858} INFO - Created Permission View: can read on DAG:tutorial
[2026-07-01T09:09:37.044+0000] {logging_mixin.py:190} INFO - [2026-07-01T09:09:37.044+0000] {override.py:1858} INFO - Created Permission View: can delete on DAG:tutorial
[2026-07-01T09:09:37.050+0000] {logging_mixin.py:190} INFO - [2026-07-01T09:09:37.050+0000] {override.py:1858} INFO - Created Permission View: can edit on DAG:tutorial
[2026-07-01T09:09:37.051+0000] {logging_mixin.py:190} INFO - [2026-07-01T09:09:37.051+0000] {dag.py:3211} INFO - Sync 1 DAGs
[2026-07-01T09:09:37.065+0000] {logging_mixin.py:190} INFO - [2026-07-01T09:09:37.065+0000] {dag.py:3234} INFO - Creating ORM DAG for tutorial
[2026-07-01T09:09:37.077+0000] {logging_mixin.py:190} INFO - [2026-07-01T09:09:37.077+0000] {dag.py:4138} INFO - Setting next_dagrun for tutorial to 2026-06-30 00:00:00+00:00, run_after=2026-07-01 00:00:00+00:00
[2026-07-01T09:09:37.098+0000] {processor.py:208} INFO - Processing /home/airflow/.local/lib/python3.12/site-packages/airflow/example_dags/tutorial.py took 0.361 seconds
[2026-07-01T09:10:07.490+0000] {processor.py:186} INFO - Started process (PID=119) to work on /home/airflow/.local/lib/python3.12/site-packages/airflow/example_dags/tutorial.py
[2026-07-01T09:10:07.491+0000] {processor.py:914} INFO - Processing file /home/airflow/.local/lib/python3.12/site-packages/airflow/example_dags/tutorial.py for tasks to queue
[2026-07-01T09:10:07.493+0000] {logging_mixin.py:190} INFO - [2026-07-01T09:10:07.493+0000] {dagbag.py:587} INFO - Filling up the DagBag from /home/airflow/.local/lib/python3.12/site-packages/airflow/example_dags/tutorial.py
[2026-07-01T09:10:07.505+0000] {processor.py:925} INFO - DAG(s) 'tutorial' retrieved from /home/airflow/.local/lib/python3.12/site-packages/airflow/example_dags/tutorial.py
[2026-07-01T09:10:07.523+0000] {logging_mixin.py:190} INFO - [2026-07-01T09:10:07.523+0000] {dag.py:3211} INFO - Sync 1 DAGs
[2026-07-01T09:10:07.542+0000] {logging_mixin.py:190} INFO - [2026-07-01T09:10:07.542+0000] {dag.py:4138} INFO - Setting next_dagrun for tutorial to 2026-06-30 00:00:00+00:00, run_after=2026-07-01 00:00:00+00:00
[2026-07-01T09:10:07.555+0000] {processor.py:208} INFO - Processing /home/airflow/.local/lib/python3.12/site-packages/airflow/example_dags/tutorial.py took 0.075 seconds
[2026-07-01T09:10:38.091+0000] {processor.py:186} INFO - Started process (PID=181) to work on /home/airflow/.local/lib/python3.12/site-packages/airflow/example_dags/tutorial.py
[2026-07-01T09:10:38.093+0000] {processor.py:914} INFO - Processing file /home/airflow/.local/lib/python3.12/site-packages/airflow/example_dags/tutorial.py for tasks to queue
[2026-07-01T09:10:38.095+0000] {logging_mixin.py:190} INFO - [2026-07-01T09:10:38.095+0000] {dagbag.py:587} INFO - Filling up the DagBag from /home/airflow/.local/lib/python3.12/site-packages/airflow/example_dags/tutorial.py
[2026-07-01T09:10:38.103+0000] {processor.py:925} INFO - DAG(s) 'tutorial' retrieved from /home/airflow/.local/lib/python3.12/site-packages/airflow/example_dags/tutorial.py
[2026-07-01T09:10:38.120+0000] {logging_mixin.py:190} INFO - [2026-07-01T09:10:38.120+0000] {dag.py:3211} INFO - Sync 1 DAGs
[2026-07-01T09:10:38.136+0000] {logging_mixin.py:190} INFO - [2026-07-01T09:10:38.136+0000] {dag.py:4138} INFO - Setting next_dagrun for tutorial to 2026-06-30 00:00:00+00:00, run_after=2026-07-01 00:00:00+00:00
[2026-07-01T09:10:38.151+0000] {processor.py:208} INFO - Processing /home/airflow/.local/lib/python3.12/site-packages/airflow/example_dags/tutorial.py took 0.066 seconds
[2026-07-01T09:11:08.315+0000] {processor.py:186} INFO - Started process (PID=243) to work on /home/airflow/.local/lib/python3.12/site-packages/airflow/example_dags/tutorial.py
[2026-07-01T09:11:08.316+0000] {processor.py:914} INFO - Processing file /home/airflow/.local/lib/python3.12/site-packages/airflow/example_dags/tutorial.py for tasks to queue
[2026-07-01T09:11:08.319+0000] {logging_mixin.py:190} INFO - [2026-07-01T09:11:08.319+0000] {dagbag.py:587} INFO - Filling up the DagBag from /home/airflow/.local/lib/python3.12/site-packages/airflow/example_dags/tutorial.py
[2026-07-01T09:11:08.326+0000] {processor.py:925} INFO - DAG(s) 'tutorial' retrieved from /home/airflow/.local/lib/python3.12/site-packages/airflow/example_dags/tutorial.py
[2026-07-01T09:11:08.344+0000] {logging_mixin.py:190} INFO - [2026-07-01T09:11:08.344+0000] {dag.py:3211} INFO - Sync 1 DAGs
[2026-07-01T09:11:08.361+0000] {logging_mixin.py:190} INFO - [2026-07-01T09:11:08.360+0000] {dag.py:4138} INFO - Setting next_dagrun for tutorial to 2026-06-30 00:00:00+00:00, run_after=2026-07-01 00:00:00+00:00
[2026-07-01T09:11:08.375+0000] {processor.py:208} INFO - Processing /home/airflow/.local/lib/python3.12/site-packages/airflow/example_dags/tutorial.py took 0.065 seconds
[2026-07-01T09:11:38.516+0000] {processor.py:186} INFO - Started process (PID=305) to work on /home/airflow/.local/lib/python3.12/site-packages/airflow/example_dags/tutorial.py
[2026-07-01T09:11:38.518+0000] {processor.py:914} INFO - Processing file /home/airflow/.local/lib/python3.12/site-packages/airflow/example_dags/tutorial.py for tasks to queue
[2026-07-01T09:11:38.521+0000] {logging_mixin.py:190} INFO - [2026-07-01T09:11:38.521+0000] {dagbag.py:587} INFO - Filling up the DagBag from /home/airflow/.local/lib/python3.12/site-packages/airflow/example_dags/tutorial.py
[2026-07-01T09:11:38.529+0000] {processor.py:925} INFO - DAG(s) 'tutorial' retrieved from /home/airflow/.local/lib/python3.12/site-packages/airflow/example_dags/tutorial.py
[2026-07-01T09:11:38.547+0000] {logging_mixin.py:190} INFO - [2026-07-01T09:11:38.547+0000] {dag.py:3211} INFO - Sync 1 DAGs
[2026-07-01T09:11:38.566+0000] {logging_mixin.py:190} INFO - [2026-07-01T09:11:38.566+0000] {dag.py:4138} INFO - Setting next_dagrun for tutorial to 2026-06-30 00:00:00+00:00, run_after=2026-07-01 00:00:00+00:00
[2026-07-01T09:11:38.581+0000] {processor.py:208} INFO - Processing /home/airflow/.local/lib/python3.12/site-packages/airflow/example_dags/tutorial.py took 0.070 seconds
[2026-07-01T09:12:08.999+0000] {processor.py:186} INFO - Started process (PID=367) to work on /home/airflow/.local/lib/python3.12/site-packages/airflow/example_dags/tutorial.py
[2026-07-01T09:12:09.001+0000] {processor.py:914} INFO - Processing file /home/airflow/.local/lib/python3.12/site-packages/airflow/example_dags/tutorial.py for tasks to queue
[2026-07-01T09:12:09.003+0000] {logging_mixin.py:190} INFO - [2026-07-01T09:12:09.003+0000] {dagbag.py:587} INFO - Filling up the DagBag from /home/airflow/.local/lib/python3.12/site-packages/airflow/example_dags/tutorial.py
[2026-07-01T09:12:09.009+0000] {processor.py:925} INFO - DAG(s) 'tutorial' retrieved from /home/airflow/.local/lib/python3.12/site-packages/airflow/example_dags/tutorial.py
[2026-07-01T09:12:09.031+0000] {logging_mixin.py:190} INFO - [2026-07-01T09:12:09.031+0000] {dag.py:3211} INFO - Sync 1 DAGs
[2026-07-01T09:12:09.052+0000] {logging_mixin.py:190} INFO - [2026-07-01T09:12:09.051+0000] {dag.py:4138} INFO - Setting next_dagrun for tutorial to 2026-06-30 00:00:00+00:00, run_after=2026-07-01 00:00:00+00:00
[2026-07-01T09:12:09.070+0000] {processor.py:208} INFO - Processing /home/airflow/.local/lib/python3.12/site-packages/airflow/example_dags/tutorial.py took 0.078 seconds
[2026-07-01T09:12:39.426+0000] {processor.py:186} INFO - Started process (PID=429) to work on /home/airflow/.local/lib/python3.12/site-packages/airflow/example_dags/tutorial.py
[2026-07-01T09:12:39.427+0000] {processor.py:914} INFO - Processing file /home/airflow/.local/lib/python3.12/site-packages/airflow/example_dags/tutorial.py for tasks to queue
[2026-07-01T09:12:39.435+0000] {logging_mixin.py:190} INFO - [2026-07-01T09:12:39.435+0000] {dagbag.py:587} INFO - Filling up the DagBag from /home/airflow/.local/lib/python3.12/site-packages/airflow/example_dags/tutorial.py
[2026-07-01T09:12:39.445+0000] {processor.py:925} INFO - DAG(s) 'tutorial' retrieved from /home/airflow/.local/lib/python3.12/site-packages/airflow/example_dags/tutorial.py
[2026-07-01T09:12:39.475+0000] {logging_mixin.py:190} INFO - [2026-07-01T09:12:39.475+0000] {dag.py:3211} INFO - Sync 1 DAGs
[2026-07-01T09:12:39.500+0000] {logging_mixin.py:190} INFO - [2026-07-01T09:12:39.499+0000] {dag.py:4138} INFO - Setting next_dagrun for tutorial to 2026-06-30 00:00:00+00:00, run_after=2026-07-01 00:00:00+00:00
[2026-07-01T09:12:39.519+0000] {processor.py:208} INFO - Processing /home/airflow/.local/lib/python3.12/site-packages/airflow/example_dags/tutorial.py took 0.101 seconds
[2026-07-01T09:13:09.695+0000] {processor.py:186} INFO - Started process (PID=491) to work on /home/airflow/.local/lib/python3.12/site-packages/airflow/example_dags/tutorial.py
[2026-07-01T09:13:09.696+0000] {processor.py:914} INFO - Processing file /home/airflow/.local/lib/python3.12/site-packages/airflow/example_dags/tutorial.py for tasks to queue
[2026-07-01T09:13:09.697+0000] {logging_mixin.py:190} INFO - [2026-07-01T09:13:09.697+0000] {dagbag.py:587} INFO - Filling up the DagBag from /home/airflow/.local/lib/python3.12/site-packages/airflow/example_dags/tutorial.py
[2026-07-01T09:13:09.704+0000] {processor.py:925} INFO - DAG(s) 'tutorial' retrieved from /home/airflow/.local/lib/python3.12/site-packages/airflow/example_dags/tutorial.py
[2026-07-01T09:13:09.730+0000] {logging_mixin.py:190} INFO - [2026-07-01T09:13:09.730+0000] {dag.py:3211} INFO - Sync 1 DAGs
[2026-07-01T09:13:09.746+0000] {logging_mixin.py:190} INFO - [2026-07-01T09:13:09.746+0000] {dag.py:4138} INFO - Setting next_dagrun for tutorial to 2026-06-30 00:00:00+00:00, run_after=2026-07-01 00:00:00+00:00
[2026-07-01T09:13:09.758+0000] {processor.py:208} INFO - Processing /home/airflow/.local/lib/python3.12/site-packages/airflow/example_dags/tutorial.py took 0.069 seconds
[2026-07-01T09:13:40.016+0000] {processor.py:186} INFO - Started process (PID=553) to work on /home/airflow/.local/lib/python3.12/site-packages/airflow/example_dags/tutorial.py
[2026-07-01T09:13:40.017+0000] {processor.py:914} INFO - Processing file /home/airflow/.local/lib/python3.12/site-packages/airflow/example_dags/tutorial.py for tasks to queue
[2026-07-01T09:13:40.019+0000] {logging_mixin.py:190} INFO - [2026-07-01T09:13:40.019+0000] {dagbag.py:587} INFO - Filling up the DagBag from /home/airflow/.local/lib/python3.12/site-packages/airflow/example_dags/tutorial.py
[2026-07-01T09:13:40.025+0000] {processor.py:925} INFO - DAG(s) 'tutorial' retrieved from /home/airflow/.local/lib/python3.12/site-packages/airflow/example_dags/tutorial.py
[2026-07-01T09:13:40.042+0000] {logging_mixin.py:190} INFO - [2026-07-01T09:13:40.042+0000] {dag.py:3211} INFO - Sync 1 DAGs
[2026-07-01T09:13:40.058+0000] {logging_mixin.py:190} INFO - [2026-07-01T09:13:40.058+0000] {dag.py:4138} INFO - Setting next_dagrun for tutorial to 2026-06-30 00:00:00+00:00, run_after=2026-07-01 00:00:00+00:00
[2026-07-01T09:13:40.071+0000] {processor.py:208} INFO - Processing /home/airflow/.local/lib/python3.12/site-packages/airflow/example_dags/tutorial.py took 0.059 seconds
[2026-07-01T09:14:10.135+0000] {processor.py:186} INFO - Started process (PID=615) to work on /home/airflow/.local/lib/python3.12/site-packages/airflow/example_dags/tutorial.py
[2026-07-01T09:14:10.136+0000] {processor.py:914} INFO - Processing file /home/airflow/.local/lib/python3.12/site-packages/airflow/example_dags/tutorial.py for tasks to queue
[2026-07-01T09:14:10.138+0000] {logging_mixin.py:190} INFO - [2026-07-01T09:14:10.137+0000] {dagbag.py:587} INFO - Filling up the DagBag from /home/airflow/.local/lib/python3.12/site-packages/airflow/example_dags/tutorial.py
[2026-07-01T09:14:10.146+0000] {processor.py:925} INFO - DAG(s) 'tutorial' retrieved from /home/airflow/.local/lib/python3.12/site-packages/airflow/example_dags/tutorial.py
[2026-07-01T09:14:10.164+0000] {logging_mixin.py:190} INFO - [2026-07-01T09:14:10.164+0000] {dag.py:3211} INFO - Sync 1 DAGs
[2026-07-01T09:14:10.182+0000] {logging_mixin.py:190} INFO - [2026-07-01T09:14:10.182+0000] {dag.py:4138} INFO - Setting next_dagrun for tutorial to 2026-06-30 00:00:00+00:00, run_after=2026-07-01 00:00:00+00:00
[2026-07-01T09:14:10.196+0000] {processor.py:208} INFO - Processing /home/airflow/.local/lib/python3.12/site-packages/airflow/example_dags/tutorial.py took 0.066 seconds
[2026-07-01T09:14:40.381+0000] {processor.py:186} INFO - Started process (PID=677) to work on /home/airflow/.local/lib/python3.12/site-packages/airflow/example_dags/tutorial.py
[2026-07-01T09:14:40.383+0000] {processor.py:914} INFO - Processing file /home/airflow/.local/lib/python3.12/site-packages/airflow/example_dags/tutorial.py for tasks to queue
[2026-07-01T09:14:40.385+0000] {logging_mixin.py:190} INFO - [2026-07-01T09:14:40.385+0000] {dagbag.py:587} INFO - Filling up the DagBag from /home/airflow/.local/lib/python3.12/site-packages/airflow/example_dags/tutorial.py
[2026-07-01T09:14:40.391+0000] {processor.py:925} INFO - DAG(s) 'tutorial' retrieved from /home/airflow/.local/lib/python3.12/site-packages/airflow/example_dags/tutorial.py
[2026-07-01T09:14:40.405+0000] {logging_mixin.py:190} INFO - [2026-07-01T09:14:40.405+0000] {dag.py:3211} INFO - Sync 1 DAGs
[2026-07-01T09:14:40.419+0000] {logging_mixin.py:190} INFO - [2026-07-01T09:14:40.419+0000] {dag.py:4138} INFO - Setting next_dagrun for tutorial to 2026-06-30 00:00:00+00:00, run_after=2026-07-01 00:00:00+00:00
[2026-07-01T09:14:40.432+0000] {processor.py:208} INFO - Processing /home/airflow/.local/lib/python3.12/site-packages/airflow/example_dags/tutorial.py took 0.055 seconds
[2026-07-01T09:15:11.310+0000] {processor.py:186} INFO - Started process (PID=739) to work on /home/airflow/.local/lib/python3.12/site-packages/airflow/example_dags/tutorial.py
[2026-07-01T09:15:11.311+0000] {processor.py:914} INFO - Processing file /home/airflow/.local/lib/python3.12/site-packages/airflow/example_dags/tutorial.py for tasks to queue
[2026-07-01T09:15:11.313+0000] {logging_mixin.py:190} INFO - [2026-07-01T09:15:11.313+0000] {dagbag.py:587} INFO - Filling up the DagBag from /home/airflow/.local/lib/python3.12/site-packages/airflow/example_dags/tutorial.py
[2026-07-01T09:15:11.320+0000] {processor.py:925} INFO - DAG(s) 'tutorial' retrieved from /home/airflow/.local/lib/python3.12/site-packages/airflow/example_dags/tutorial.py
[2026-07-01T09:15:11.337+0000] {logging_mixin.py:190} INFO - [2026-07-01T09:15:11.337+0000] {dag.py:3211} INFO - Sync 1 DAGs
[2026-07-01T09:15:11.369+0000] {logging_mixin.py:190} INFO - [2026-07-01T09:15:11.368+0000] {dag.py:4138} INFO - Setting next_dagrun for tutorial to 2026-06-30 00:00:00+00:00, run_after=2026-07-01 00:00:00+00:00
[2026-07-01T09:15:11.380+0000] {processor.py:208} INFO - Processing /home/airflow/.local/lib/python3.12/site-packages/airflow/example_dags/tutorial.py took 0.075 seconds
[2026-07-01T09:15:42.115+0000] {processor.py:186} INFO - Started process (PID=807) to work on /home/airflow/.local/lib/python3.12/site-packages/airflow/example_dags/tutorial.py
[2026-07-01T09:15:42.116+0000] {processor.py:914} INFO - Processing file /home/airflow/.local/lib/python3.12/site-packages/airflow/example_dags/tutorial.py for tasks to queue
[2026-07-01T09:15:42.119+0000] {logging_mixin.py:190} INFO - [2026-07-01T09:15:42.119+0000] {dagbag.py:587} INFO - Filling up the DagBag from /home/airflow/.local/lib/python3.12/site-packages/airflow/example_dags/tutorial.py
[2026-07-01T09:15:42.126+0000] {processor.py:925} INFO - DAG(s) 'tutorial' retrieved from /home/airflow/.local/lib/python3.12/site-packages/airflow/example_dags/tutorial.py
[2026-07-01T09:15:42.142+0000] {logging_mixin.py:190} INFO - [2026-07-01T09:15:42.141+0000] {dag.py:3211} INFO - Sync 1 DAGs
[2026-07-01T09:15:42.163+0000] {logging_mixin.py:190} INFO - [2026-07-01T09:15:42.163+0000] {dag.py:4138} INFO - Setting next_dagrun for tutorial to 2026-06-30 00:00:00+00:00, run_after=2026-07-01 00:00:00+00:00
[2026-07-01T09:15:42.177+0000] {processor.py:208} INFO - Processing /home/airflow/.local/lib/python3.12/site-packages/airflow/example_dags/tutorial.py took 0.069 seconds
[2026-07-01T09:16:12.411+0000] {processor.py:186} INFO - Started process (PID=869) to work on /home/airflow/.local/lib/python3.12/site-packages/airflow/example_dags/tutorial.py
[2026-07-01T09:16:12.412+0000] {processor.py:914} INFO - Processing file /home/airflow/.local/lib/python3.12/site-packages/airflow/example_dags/tutorial.py for tasks to queue
[2026-07-01T09:16:12.413+0000] {logging_mixin.py:190} INFO - [2026-07-01T09:16:12.413+0000] {dagbag.py:587} INFO - Filling up the DagBag from /home/airflow/.local/lib/python3.12/site-packages/airflow/example_dags/tutorial.py
[2026-07-01T09:16:12.419+0000] {processor.py:925} INFO - DAG(s) 'tutorial' retrieved from /home/airflow/.local/lib/python3.12/site-packages/airflow/example_dags/tutorial.py
[2026-07-01T09:16:12.434+0000] {logging_mixin.py:190} INFO - [2026-07-01T09:16:12.433+0000] {dag.py:3211} INFO - Sync 1 DAGs
[2026-07-01T09:16:12.449+0000] {logging_mixin.py:190} INFO - [2026-07-01T09:16:12.449+0000] {dag.py:4138} INFO - Setting next_dagrun for tutorial to 2026-06-30 00:00:00+00:00, run_after=2026-07-01 00:00:00+00:00
[2026-07-01T09:16:12.461+0000] {processor.py:208} INFO - Processing /home/airflow/.local/lib/python3.12/site-packages/airflow/example_dags/tutorial.py took 0.054 seconds
[2026-07-01T09:16:42.506+0000] {processor.py:186} INFO - Started process (PID=931) to work on /home/airflow/.local/lib/python3.12/site-packages/airflow/example_dags/tutorial.py
[2026-07-01T09:16:42.507+0000] {processor.py:914} INFO - Processing file /home/airflow/.local/lib/python3.12/site-packages/airflow/example_dags/tutorial.py for tasks to queue
[2026-07-01T09:16:42.510+0000] {logging_mixin.py:190} INFO - [2026-07-01T09:16:42.509+0000] {dagbag.py:587} INFO - Filling up the DagBag from /home/airflow/.local/lib/python3.12/site-packages/airflow/example_dags/tutorial.py
[2026-07-01T09:16:42.517+0000] {processor.py:925} INFO - DAG(s) 'tutorial' retrieved from /home/airflow/.local/lib/python3.12/site-packages/airflow/example_dags/tutorial.py
[2026-07-01T09:16:42.535+0000] {logging_mixin.py:190} INFO - [2026-07-01T09:16:42.534+0000] {dag.py:3211} INFO - Sync 1 DAGs
[2026-07-01T09:16:42.556+0000] {logging_mixin.py:190} INFO - [2026-07-01T09:16:42.556+0000] {dag.py:4138} INFO - Setting next_dagrun for tutorial to 2026-06-30 00:00:00+00:00, run_after=2026-07-01 00:00:00+00:00
[2026-07-01T09:16:42.570+0000] {processor.py:208} INFO - Processing /home/airflow/.local/lib/python3.12/site-packages/airflow/example_dags/tutorial.py took 0.072 seconds
[2026-07-01T09:17:12.682+0000] {processor.py:186} INFO - Started process (PID=993) to work on /home/airflow/.local/lib/python3.12/site-packages/airflow/example_dags/tutorial.py
[2026-07-01T09:17:12.684+0000] {processor.py:914} INFO - Processing file /home/airflow/.local/lib/python3.12/site-packages/airflow/example_dags/tutorial.py for tasks to queue
[2026-07-01T09:17:12.687+0000] {logging_mixin.py:190} INFO - [2026-07-01T09:17:12.686+0000] {dagbag.py:587} INFO - Filling up the DagBag from /home/airflow/.local/lib/python3.12/site-packages/airflow/example_dags/tutorial.py
[2026-07-01T09:17:12.692+0000] {processor.py:925} INFO - DAG(s) 'tutorial' retrieved from /home/airflow/.local/lib/python3.12/site-packages/airflow/example_dags/tutorial.py
[2026-07-01T09:17:12.706+0000] {logging_mixin.py:190} INFO - [2026-07-01T09:17:12.706+0000] {dag.py:3211} INFO - Sync 1 DAGs
[2026-07-01T09:17:12.721+0000] {logging_mixin.py:190} INFO - [2026-07-01T09:17:12.720+0000] {dag.py:4138} INFO - Setting next_dagrun for tutorial to 2026-06-30 00:00:00+00:00, run_after=2026-07-01 00:00:00+00:00
[2026-07-01T09:17:12.733+0000] {processor.py:208} INFO - Processing /home/airflow/.local/lib/python3.12/site-packages/airflow/example_dags/tutorial.py took 0.055 seconds
[2026-07-01T09:17:43.220+0000] {processor.py:186} INFO - Started process (PID=1055) to work on /home/airflow/.local/lib/python3.12/site-packages/airflow/example_dags/tutorial.py
[2026-07-01T09:17:43.221+0000] {processor.py:914} INFO - Processing file /home/airflow/.local/lib/python3.12/site-packages/airflow/example_dags/tutorial.py for tasks to queue
[2026-07-01T09:17:43.223+0000] {logging_mixin.py:190} INFO - [2026-07-01T09:17:43.223+0000] {dagbag.py:587} INFO - Filling up the DagBag from /home/airflow/.local/lib/python3.12/site-packages/airflow/example_dags/tutorial.py
[2026-07-01T09:17:43.231+0000] {processor.py:925} INFO - DAG(s) 'tutorial' retrieved from /home/airflow/.local/lib/python3.12/site-packages/airflow/example_dags/tutorial.py
[2026-07-01T09:17:43.247+0000] {logging_mixin.py:190} INFO - [2026-07-01T09:17:43.247+0000] {dag.py:3211} INFO - Sync 1 DAGs
[2026-07-01T09:17:43.263+0000] {logging_mixin.py:190} INFO - [2026-07-01T09:17:43.263+0000] {dag.py:4138} INFO - Setting next_dagrun for tutorial to 2026-06-30 00:00:00+00:00, run_after=2026-07-01 00:00:00+00:00
[2026-07-01T09:17:43.276+0000] {processor.py:208} INFO - Processing /home/airflow/.local/lib/python3.12/site-packages/airflow/example_dags/tutorial.py took 0.062 seconds
[2026-07-01T09:18:13.425+0000] {processor.py:186} INFO - Started process (PID=1117) to work on /home/airflow/.local/lib/python3.12/site-packages/airflow/example_dags/tutorial.py
[2026-07-01T09:18:13.426+0000] {processor.py:914} INFO - Processing file /home/airflow/.local/lib/python3.12/site-packages/airflow/example_dags/tutorial.py for tasks to queue
[2026-07-01T09:18:13.428+0000] {logging_mixin.py:190} INFO - [2026-07-01T09:18:13.428+0000] {dagbag.py:587} INFO - Filling up the DagBag from /home/airflow/.local/lib/python3.12/site-packages/airflow/example_dags/tutorial.py
[2026-07-01T09:18:13.434+0000] {processor.py:925} INFO - DAG(s) 'tutorial' retrieved from /home/airflow/.local/lib/python3.12/site-packages/airflow/example_dags/tutorial.py
[2026-07-01T09:18:13.448+0000] {logging_mixin.py:190} INFO - [2026-07-01T09:18:13.448+0000] {dag.py:3211} INFO - Sync 1 DAGs
[2026-07-01T09:18:13.462+0000] {logging_mixin.py:190} INFO - [2026-07-01T09:18:13.462+0000] {dag.py:4138} INFO - Setting next_dagrun for tutorial to 2026-06-30 00:00:00+00:00, run_after=2026-07-01 00:00:00+00:00
[2026-07-01T09:18:13.476+0000] {processor.py:208} INFO - Processing /home/airflow/.local/lib/python3.12/site-packages/airflow/example_dags/tutorial.py took 0.056 seconds
[2026-07-01T09:18:43.888+0000] {processor.py:186} INFO - Started process (PID=1179) to work on /home/airflow/.local/lib/python3.12/site-packages/airflow/example_dags/tutorial.py
[2026-07-01T09:18:43.889+0000] {processor.py:914} INFO - Processing file /home/airflow/.local/lib/python3.12/site-packages/airflow/example_dags/tutorial.py for tasks to queue
[2026-07-01T09:18:43.891+0000] {logging_mixin.py:190} INFO - [2026-07-01T09:18:43.891+0000] {dagbag.py:587} INFO - Filling up the DagBag from /home/airflow/.local/lib/python3.12/site-packages/airflow/example_dags/tutorial.py
[2026-07-01T09:18:43.898+0000] {processor.py:925} INFO - DAG(s) 'tutorial' retrieved from /home/airflow/.local/lib/python3.12/site-packages/airflow/example_dags/tutorial.py
[2026-07-01T09:18:43.916+0000] {logging_mixin.py:190} INFO - [2026-07-01T09:18:43.916+0000] {dag.py:3211} INFO - Sync 1 DAGs
[2026-07-01T09:18:43.934+0000] {logging_mixin.py:190} INFO - [2026-07-01T09:18:43.933+0000] {dag.py:4138} INFO - Setting next_dagrun for tutorial to 2026-06-30 00:00:00+00:00, run_after=2026-07-01 00:00:00+00:00
[2026-07-01T09:18:43.946+0000] {processor.py:208} INFO - Processing /home/airflow/.local/lib/python3.12/site-packages/airflow/example_dags/tutorial.py took 0.063 seconds
[2026-07-01T09:19:14.851+0000] {processor.py:186} INFO - Started process (PID=1241) to work on /home/airflow/.local/lib/python3.12/site-packages/airflow/example_dags/tutorial.py
[2026-07-01T09:19:14.852+0000] {processor.py:914} INFO - Processing file /home/airflow/.local/lib/python3.12/site-packages/airflow/example_dags/tutorial.py for tasks to queue
[2026-07-01T09:19:14.854+0000] {logging_mixin.py:190} INFO - [2026-07-01T09:19:14.853+0000] {dagbag.py:587} INFO - Filling up the DagBag from /home/airflow/.local/lib/python3.12/site-packages/airflow/example_dags/tutorial.py
[2026-07-01T09:19:14.859+0000] {processor.py:925} INFO - DAG(s) 'tutorial' retrieved from /home/airflow/.local/lib/python3.12/site-packages/airflow/example_dags/tutorial.py
[2026-07-01T09:19:14.874+0000] {logging_mixin.py:190} INFO - [2026-07-01T09:19:14.874+0000] {dag.py:3211} INFO - Sync 1 DAGs
[2026-07-01T09:19:14.889+0000] {logging_mixin.py:190} INFO - [2026-07-01T09:19:14.889+0000] {dag.py:4138} INFO - Setting next_dagrun for tutorial to 2026-06-30 00:00:00+00:00, run_after=2026-07-01 00:00:00+00:00
[2026-07-01T09:19:14.903+0000] {processor.py:208} INFO - Processing /home/airflow/.local/lib/python3.12/site-packages/airflow/example_dags/tutorial.py took 0.057 seconds
[2026-07-01T09:19:45.505+0000] {processor.py:186} INFO - Started process (PID=1303) to work on /home/airflow/.local/lib/python3.12/site-packages/airflow/example_dags/tutorial.py
[2026-07-01T09:19:45.506+0000] {processor.py:914} INFO - Processing file /home/airflow/.local/lib/python3.12/site-packages/airflow/example_dags/tutorial.py for tasks to queue
[2026-07-01T09:19:45.508+0000] {logging_mixin.py:190} INFO - [2026-07-01T09:19:45.507+0000] {dagbag.py:587} INFO - Filling up the DagBag from /home/airflow/.local/lib/python3.12/site-packages/airflow/example_dags/tutorial.py
[2026-07-01T09:19:45.513+0000] {processor.py:925} INFO - DAG(s) 'tutorial' retrieved from /home/airflow/.local/lib/python3.12/site-packages/airflow/example_dags/tutorial.py
[2026-07-01T09:19:45.528+0000] {logging_mixin.py:190} INFO - [2026-07-01T09:19:45.528+0000] {dag.py:3211} INFO - Sync 1 DAGs
[2026-07-01T09:19:45.546+0000] {logging_mixin.py:190} INFO - [2026-07-01T09:19:45.546+0000] {dag.py:4138} INFO - Setting next_dagrun for tutorial to 2026-06-30 00:00:00+00:00, run_after=2026-07-01 00:00:00+00:00
[2026-07-01T09:19:45.558+0000] {processor.py:208} INFO - Processing /home/airflow/.local/lib/python3.12/site-packages/airflow/example_dags/tutorial.py took 0.057 seconds
[2026-07-01T09:20:16.195+0000] {processor.py:186} INFO - Started process (PID=1365) to work on /home/airflow/.local/lib/python3.12/site-packages/airflow/example_dags/tutorial.py
[2026-07-01T09:20:16.196+0000] {processor.py:914} INFO - Processing file /home/airflow/.local/lib/python3.12/site-packages/airflow/example_dags/tutorial.py for tasks to queue
[2026-07-01T09:20:16.198+0000] {logging_mixin.py:190} INFO - [2026-07-01T09:20:16.198+0000] {dagbag.py:587} INFO - Filling up the DagBag from /home/airflow/.local/lib/python3.12/site-packages/airflow/example_dags/tutorial.py
[2026-07-01T09:20:16.205+0000] {processor.py:925} INFO - DAG(s) 'tutorial' retrieved from /home/airflow/.local/lib/python3.12/site-packages/airflow/example_dags/tutorial.py
[2026-07-01T09:20:16.220+0000] {logging_mixin.py:190} INFO - [2026-07-01T09:20:16.220+0000] {dag.py:3211} INFO - Sync 1 DAGs
[2026-07-01T09:20:16.235+0000] {logging_mixin.py:190} INFO - [2026-07-01T09:20:16.235+0000] {dag.py:4138} INFO - Setting next_dagrun for tutorial to 2026-06-30 00:00:00+00:00, run_after=2026-07-01 00:00:00+00:00
[2026-07-01T09:20:16.248+0000] {processor.py:208} INFO - Processing /home/airflow/.local/lib/python3.12/site-packages/airflow/example_dags/tutorial.py took 0.058 seconds
[2026-07-01T09:20:47.022+0000] {processor.py:186} INFO - Started process (PID=1427) to work on /home/airflow/.local/lib/python3.12/site-packages/airflow/example_dags/tutorial.py
[2026-07-01T09:20:47.024+0000] {processor.py:914} INFO - Processing file /home/airflow/.local/lib/python3.12/site-packages/airflow/example_dags/tutorial.py for tasks to queue
[2026-07-01T09:20:47.029+0000] {logging_mixin.py:190} INFO - [2026-07-01T09:20:47.029+0000] {dagbag.py:587} INFO - Filling up the DagBag from /home/airflow/.local/lib/python3.12/site-packages/airflow/example_dags/tutorial.py
[2026-07-01T09:20:47.036+0000] {processor.py:925} INFO - DAG(s) 'tutorial' retrieved from /home/airflow/.local/lib/python3.12/site-packages/airflow/example_dags/tutorial.py
[2026-07-01T09:20:47.055+0000] {logging_mixin.py:190} INFO - [2026-07-01T09:20:47.055+0000] {dag.py:3211} INFO - Sync 1 DAGs
[2026-07-01T09:20:47.075+0000] {logging_mixin.py:190} INFO - [2026-07-01T09:20:47.075+0000] {dag.py:4138} INFO - Setting next_dagrun for tutorial to 2026-06-30 00:00:00+00:00, run_after=2026-07-01 00:00:00+00:00
[2026-07-01T09:20:47.099+0000] {processor.py:208} INFO - Processing /home/airflow/.local/lib/python3.12/site-packages/airflow/example_dags/tutorial.py took 0.083 seconds
[2026-07-01T09:21:17.996+0000] {processor.py:186} INFO - Started process (PID=1489) to work on /home/airflow/.local/lib/python3.12/site-packages/airflow/example_dags/tutorial.py
[2026-07-01T09:21:17.997+0000] {processor.py:914} INFO - Processing file /home/airflow/.local/lib/python3.12/site-packages/airflow/example_dags/tutorial.py for tasks to queue
[2026-07-01T09:21:17.999+0000] {logging_mixin.py:190} INFO - [2026-07-01T09:21:17.999+0000] {dagbag.py:587} INFO - Filling up the DagBag from /home/airflow/.local/lib/python3.12/site-packages/airflow/example_dags/tutorial.py
[2026-07-01T09:21:18.005+0000] {processor.py:925} INFO - DAG(s) 'tutorial' retrieved from /home/airflow/.local/lib/python3.12/site-packages/airflow/example_dags/tutorial.py
[2026-07-01T09:21:18.022+0000] {logging_mixin.py:190} INFO - [2026-07-01T09:21:18.021+0000] {dag.py:3211} INFO - Sync 1 DAGs
[2026-07-01T09:21:18.044+0000] {logging_mixin.py:190} INFO - [2026-07-01T09:21:18.044+0000] {dag.py:4138} INFO - Setting next_dagrun for tutorial to 2026-06-30 00:00:00+00:00, run_after=2026-07-01 00:00:00+00:00
[2026-07-01T09:21:18.060+0000] {processor.py:208} INFO - Processing /home/airflow/.local/lib/python3.12/site-packages/airflow/example_dags/tutorial.py took 0.068 seconds
[2026-07-01T09:21:48.208+0000] {processor.py:186} INFO - Started process (PID=1551) to work on /home/airflow/.local/lib/python3.12/site-packages/airflow/example_dags/tutorial.py
[2026-07-01T09:21:48.209+0000] {processor.py:914} INFO - Processing file /home/airflow/.local/lib/python3.12/site-packages/airflow/example_dags/tutorial.py for tasks to queue
[2026-07-01T09:21:48.212+0000] {logging_mixin.py:190} INFO - [2026-07-01T09:21:48.212+0000] {dagbag.py:587} INFO - Filling up the DagBag from /home/airflow/.local/lib/python3.12/site-packages/airflow/example_dags/tutorial.py
[2026-07-01T09:21:48.218+0000] {processor.py:925} INFO - DAG(s) 'tutorial' retrieved from /home/airflow/.local/lib/python3.12/site-packages/airflow/example_dags/tutorial.py
[2026-07-01T09:21:48.238+0000] {logging_mixin.py:190} INFO - [2026-07-01T09:21:48.238+0000] {dag.py:3211} INFO - Sync 1 DAGs
[2026-07-01T09:21:48.254+0000] {logging_mixin.py:190} INFO - [2026-07-01T09:21:48.254+0000] {dag.py:4138} INFO - Setting next_dagrun for tutorial to 2026-06-30 00:00:00+00:00, run_after=2026-07-01 00:00:00+00:00
[2026-07-01T09:21:48.269+0000] {processor.py:208} INFO - Processing /home/airflow/.local/lib/python3.12/site-packages/airflow/example_dags/tutorial.py took 0.066 seconds
[2026-07-01T09:22:18.602+0000] {processor.py:186} INFO - Started process (PID=1613) to work on /home/airflow/.local/lib/python3.12/site-packages/airflow/example_dags/tutorial.py
[2026-07-01T09:22:18.603+0000] {processor.py:914} INFO - Processing file /home/airflow/.local/lib/python3.12/site-packages/airflow/example_dags/tutorial.py for tasks to queue
[2026-07-01T09:22:18.605+0000] {logging_mixin.py:190} INFO - [2026-07-01T09:22:18.604+0000] {dagbag.py:587} INFO - Filling up the DagBag from /home/airflow/.local/lib/python3.12/site-packages/airflow/example_dags/tutorial.py
[2026-07-01T09:22:18.610+0000] {processor.py:925} INFO - DAG(s) 'tutorial' retrieved from /home/airflow/.local/lib/python3.12/site-packages/airflow/example_dags/tutorial.py
[2026-07-01T09:22:18.625+0000] {logging_mixin.py:190} INFO - [2026-07-01T09:22:18.624+0000] {dag.py:3211} INFO - Sync 1 DAGs
[2026-07-01T09:22:18.639+0000] {logging_mixin.py:190} INFO - [2026-07-01T09:22:18.639+0000] {dag.py:4138} INFO - Setting next_dagrun for tutorial to 2026-06-30 00:00:00+00:00, run_after=2026-07-01 00:00:00+00:00
[2026-07-01T09:22:18.653+0000] {processor.py:208} INFO - Processing /home/airflow/.local/lib/python3.12/site-packages/airflow/example_dags/tutorial.py took 0.055 seconds
[2026-07-01T09:22:48.782+0000] {processor.py:186} INFO - Started process (PID=1675) to work on /home/airflow/.local/lib/python3.12/site-packages/airflow/example_dags/tutorial.py
[2026-07-01T09:22:48.784+0000] {processor.py:914} INFO - Processing file /home/airflow/.local/lib/python3.12/site-packages/airflow/example_dags/tutorial.py for tasks to queue
[2026-07-01T09:22:48.785+0000] {logging_mixin.py:190} INFO - [2026-07-01T09:22:48.785+0000] {dagbag.py:587} INFO - Filling up the DagBag from /home/airflow/.local/lib/python3.12/site-packages/airflow/example_dags/tutorial.py
[2026-07-01T09:22:48.792+0000] {processor.py:925} INFO - DAG(s) 'tutorial' retrieved from /home/airflow/.local/lib/python3.12/site-packages/airflow/example_dags/tutorial.py
[2026-07-01T09:22:48.808+0000] {logging_mixin.py:190} INFO - [2026-07-01T09:22:48.808+0000] {dag.py:3211} INFO - Sync 1 DAGs
[2026-07-01T09:22:48.823+0000] {logging_mixin.py:190} INFO - [2026-07-01T09:22:48.823+0000] {dag.py:4138} INFO - Setting next_dagrun for tutorial to 2026-06-30 00:00:00+00:00, run_after=2026-07-01 00:00:00+00:00
[2026-07-01T09:22:48.835+0000] {processor.py:208} INFO - Processing /home/airflow/.local/lib/python3.12/site-packages/airflow/example_dags/tutorial.py took 0.058 seconds
[2026-07-01T09:23:19.760+0000] {processor.py:186} INFO - Started process (PID=1737) to work on /home/airflow/.local/lib/python3.12/site-packages/airflow/example_dags/tutorial.py
[2026-07-01T09:23:19.761+0000] {processor.py:914} INFO - Processing file /home/airflow/.local/lib/python3.12/site-packages/airflow/example_dags/tutorial.py for tasks to queue
[2026-07-01T09:23:19.763+0000] {logging_mixin.py:190} INFO - [2026-07-01T09:23:19.763+0000] {dagbag.py:587} INFO - Filling up the DagBag from /home/airflow/.local/lib/python3.12/site-packages/airflow/example_dags/tutorial.py
[2026-07-01T09:23:19.769+0000] {processor.py:925} INFO - DAG(s) 'tutorial' retrieved from /home/airflow/.local/lib/python3.12/site-packages/airflow/example_dags/tutorial.py
[2026-07-01T09:23:19.785+0000] {logging_mixin.py:190} INFO - [2026-07-01T09:23:19.785+0000] {dag.py:3211} INFO - Sync 1 DAGs
[2026-07-01T09:23:19.803+0000] {logging_mixin.py:190} INFO - [2026-07-01T09:23:19.803+0000] {dag.py:4138} INFO - Setting next_dagrun for tutorial to 2026-06-30 00:00:00+00:00, run_after=2026-07-01 00:00:00+00:00
[2026-07-01T09:23:19.818+0000] {processor.py:208} INFO - Processing /home/airflow/.local/lib/python3.12/site-packages/airflow/example_dags/tutorial.py took 0.062 seconds
[2026-07-01T09:23:50.362+0000] {processor.py:186} INFO - Started process (PID=1799) to work on /home/airflow/.local/lib/python3.12/site-packages/airflow/example_dags/tutorial.py
[2026-07-01T09:23:50.363+0000] {processor.py:914} INFO - Processing file /home/airflow/.local/lib/python3.12/site-packages/airflow/example_dags/tutorial.py for tasks to queue
[2026-07-01T09:23:50.365+0000] {logging_mixin.py:190} INFO - [2026-07-01T09:23:50.365+0000] {dagbag.py:587} INFO - Filling up the DagBag from /home/airflow/.local/lib/python3.12/site-packages/airflow/example_dags/tutorial.py
[2026-07-01T09:23:50.371+0000] {processor.py:925} INFO - DAG(s) 'tutorial' retrieved from /home/airflow/.local/lib/python3.12/site-packages/airflow/example_dags/tutorial.py
[2026-07-01T09:23:50.386+0000] {logging_mixin.py:190} INFO - [2026-07-01T09:23:50.386+0000] {dag.py:3211} INFO - Sync 1 DAGs
[2026-07-01T09:23:50.401+0000] {logging_mixin.py:190} INFO - [2026-07-01T09:23:50.401+0000] {dag.py:4138} INFO - Setting next_dagrun for tutorial to 2026-06-30 00:00:00+00:00, run_after=2026-07-01 00:00:00+00:00
[2026-07-01T09:23:50.415+0000] {processor.py:208} INFO - Processing /home/airflow/.local/lib/python3.12/site-packages/airflow/example_dags/tutorial.py took 0.057 seconds
[2026-07-01T09:24:20.591+0000] {processor.py:186} INFO - Started process (PID=1861) to work on /home/airflow/.local/lib/python3.12/site-packages/airflow/example_dags/tutorial.py
[2026-07-01T09:24:20.592+0000] {processor.py:914} INFO - Processing file /home/airflow/.local/lib/python3.12/site-packages/airflow/example_dags/tutorial.py for tasks to queue
[2026-07-01T09:24:20.594+0000] {logging_mixin.py:190} INFO - [2026-07-01T09:24:20.594+0000] {dagbag.py:587} INFO - Filling up the DagBag from /home/airflow/.local/lib/python3.12/site-packages/airflow/example_dags/tutorial.py
[2026-07-01T09:24:20.601+0000] {processor.py:925} INFO - DAG(s) 'tutorial' retrieved from /home/airflow/.local/lib/python3.12/site-packages/airflow/example_dags/tutorial.py
[2026-07-01T09:24:20.616+0000] {logging_mixin.py:190} INFO - [2026-07-01T09:24:20.616+0000] {dag.py:3211} INFO - Sync 1 DAGs
[2026-07-01T09:24:20.634+0000] {logging_mixin.py:190} INFO - [2026-07-01T09:24:20.633+0000] {dag.py:4138} INFO - Setting next_dagrun for tutorial to 2026-06-30 00:00:00+00:00, run_after=2026-07-01 00:00:00+00:00
[2026-07-01T09:24:20.647+0000] {processor.py:208} INFO - Processing /home/airflow/.local/lib/python3.12/site-packages/airflow/example_dags/tutorial.py took 0.061 seconds
[2026-07-01T09:24:50.799+0000] {processor.py:186} INFO - Started process (PID=1923) to work on /home/airflow/.local/lib/python3.12/site-packages/airflow/example_dags/tutorial.py
[2026-07-01T09:24:50.800+0000] {processor.py:914} INFO - Processing file /home/airflow/.local/lib/python3.12/site-packages/airflow/example_dags/tutorial.py for tasks to queue
[2026-07-01T09:24:50.803+0000] {logging_mixin.py:190} INFO - [2026-07-01T09:24:50.803+0000] {dagbag.py:587} INFO - Filling up the DagBag from /home/airflow/.local/lib/python3.12/site-packages/airflow/example_dags/tutorial.py
[2026-07-01T09:24:50.809+0000] {processor.py:925} INFO - DAG(s) 'tutorial' retrieved from /home/airflow/.local/lib/python3.12/site-packages/airflow/example_dags/tutorial.py
[2026-07-01T09:24:50.826+0000] {logging_mixin.py:190} INFO - [2026-07-01T09:24:50.825+0000] {dag.py:3211} INFO - Sync 1 DAGs
[2026-07-01T09:24:50.841+0000] {logging_mixin.py:190} INFO - [2026-07-01T09:24:50.841+0000] {dag.py:4138} INFO - Setting next_dagrun for tutorial to 2026-06-30 00:00:00+00:00, run_after=2026-07-01 00:00:00+00:00
[2026-07-01T09:24:50.854+0000] {processor.py:208} INFO - Processing /home/airflow/.local/lib/python3.12/site-packages/airflow/example_dags/tutorial.py took 0.059 seconds
[2026-07-01T09:25:21.825+0000] {processor.py:186} INFO - Started process (PID=1985) to work on /home/airflow/.local/lib/python3.12/site-packages/airflow/example_dags/tutorial.py
[2026-07-01T09:25:21.826+0000] {processor.py:914} INFO - Processing file /home/airflow/.local/lib/python3.12/site-packages/airflow/example_dags/tutorial.py for tasks to queue
[2026-07-01T09:25:21.829+0000] {logging_mixin.py:190} INFO - [2026-07-01T09:25:21.828+0000] {dagbag.py:587} INFO - Filling up the DagBag from /home/airflow/.local/lib/python3.12/site-packages/airflow/example_dags/tutorial.py
[2026-07-01T09:25:21.836+0000] {processor.py:925} INFO - DAG(s) 'tutorial' retrieved from /home/airflow/.local/lib/python3.12/site-packages/airflow/example_dags/tutorial.py
[2026-07-01T09:25:21.858+0000] {logging_mixin.py:190} INFO - [2026-07-01T09:25:21.858+0000] {dag.py:3211} INFO - Sync 1 DAGs
[2026-07-01T09:25:21.880+0000] {logging_mixin.py:190} INFO - [2026-07-01T09:25:21.880+0000] {dag.py:4138} INFO - Setting next_dagrun for tutorial to 2026-06-30 00:00:00+00:00, run_after=2026-07-01 00:00:00+00:00
[2026-07-01T09:25:21.897+0000] {processor.py:208} INFO - Processing /home/airflow/.local/lib/python3.12/site-packages/airflow/example_dags/tutorial.py took 0.078 seconds
[2026-07-01T09:30:06.406+0000] {processor.py:186} INFO - Started process (PID=2041) to work on /home/airflow/.local/lib/python3.12/site-packages/airflow/example_dags/tutorial.py
[2026-07-01T09:30:06.407+0000] {processor.py:914} INFO - Processing file /home/airflow/.local/lib/python3.12/site-packages/airflow/example_dags/tutorial.py for tasks to queue
[2026-07-01T09:30:06.409+0000] {logging_mixin.py:190} INFO - [2026-07-01T09:30:06.409+0000] {dagbag.py:587} INFO - Filling up the DagBag from /home/airflow/.local/lib/python3.12/site-packages/airflow/example_dags/tutorial.py
[2026-07-01T09:30:06.415+0000] {processor.py:925} INFO - DAG(s) 'tutorial' retrieved from /home/airflow/.local/lib/python3.12/site-packages/airflow/example_dags/tutorial.py
[2026-07-01T09:30:06.430+0000] {logging_mixin.py:190} INFO - [2026-07-01T09:30:06.430+0000] {dag.py:3211} INFO - Sync 1 DAGs
[2026-07-01T09:30:06.447+0000] {logging_mixin.py:190} INFO - [2026-07-01T09:30:06.447+0000] {dag.py:4138} INFO - Setting next_dagrun for tutorial to 2026-06-30 00:00:00+00:00, run_after=2026-07-01 00:00:00+00:00
[2026-07-01T09:30:06.459+0000] {processor.py:208} INFO - Processing /home/airflow/.local/lib/python3.12/site-packages/airflow/example_dags/tutorial.py took 0.057 seconds
[2026-07-01T09:30:37.193+0000] {processor.py:186} INFO - Started process (PID=2103) to work on /home/airflow/.local/lib/python3.12/site-packages/airflow/example_dags/tutorial.py
[2026-07-01T09:30:37.194+0000] {processor.py:914} INFO - Processing file /home/airflow/.local/lib/python3.12/site-packages/airflow/example_dags/tutorial.py for tasks to queue
[2026-07-01T09:30:37.196+0000] {logging_mixin.py:190} INFO - [2026-07-01T09:30:37.196+0000] {dagbag.py:587} INFO - Filling up the DagBag from /home/airflow/.local/lib/python3.12/site-packages/airflow/example_dags/tutorial.py
[2026-07-01T09:30:37.202+0000] {processor.py:925} INFO - DAG(s) 'tutorial' retrieved from /home/airflow/.local/lib/python3.12/site-packages/airflow/example_dags/tutorial.py
[2026-07-01T09:30:37.216+0000] {logging_mixin.py:190} INFO - [2026-07-01T09:30:37.216+0000] {dag.py:3211} INFO - Sync 1 DAGs
[2026-07-01T09:30:37.232+0000] {logging_mixin.py:190} INFO - [2026-07-01T09:30:37.232+0000] {dag.py:4138} INFO - Setting next_dagrun for tutorial to 2026-06-30 00:00:00+00:00, run_after=2026-07-01 00:00:00+00:00
[2026-07-01T09:30:37.246+0000] {processor.py:208} INFO - Processing /home/airflow/.local/lib/python3.12/site-packages/airflow/example_dags/tutorial.py took 0.057 seconds
[2026-07-01T09:31:07.580+0000] {processor.py:186} INFO - Started process (PID=2165) to work on /home/airflow/.local/lib/python3.12/site-packages/airflow/example_dags/tutorial.py
[2026-07-01T09:31:07.581+0000] {processor.py:914} INFO - Processing file /home/airflow/.local/lib/python3.12/site-packages/airflow/example_dags/tutorial.py for tasks to queue
[2026-07-01T09:31:07.583+0000] {logging_mixin.py:190} INFO - [2026-07-01T09:31:07.583+0000] {dagbag.py:587} INFO - Filling up the DagBag from /home/airflow/.local/lib/python3.12/site-packages/airflow/example_dags/tutorial.py
[2026-07-01T09:31:07.589+0000] {processor.py:925} INFO - DAG(s) 'tutorial' retrieved from /home/airflow/.local/lib/python3.12/site-packages/airflow/example_dags/tutorial.py
[2026-07-01T09:31:07.605+0000] {logging_mixin.py:190} INFO - [2026-07-01T09:31:07.605+0000] {dag.py:3211} INFO - Sync 1 DAGs
[2026-07-01T09:31:07.620+0000] {logging_mixin.py:190} INFO - [2026-07-01T09:31:07.619+0000] {dag.py:4138} INFO - Setting next_dagrun for tutorial to 2026-06-30 00:00:00+00:00, run_after=2026-07-01 00:00:00+00:00
[2026-07-01T09:31:07.632+0000] {processor.py:208} INFO - Processing /home/airflow/.local/lib/python3.12/site-packages/airflow/example_dags/tutorial.py took 0.055 seconds
[2026-07-01T09:31:38.011+0000] {processor.py:186} INFO - Started process (PID=2227) to work on /home/airflow/.local/lib/python3.12/site-packages/airflow/example_dags/tutorial.py
[2026-07-01T09:31:38.012+0000] {processor.py:914} INFO - Processing file /home/airflow/.local/lib/python3.12/site-packages/airflow/example_dags/tutorial.py for tasks to queue
[2026-07-01T09:31:38.014+0000] {logging_mixin.py:190} INFO - [2026-07-01T09:31:38.013+0000] {dagbag.py:587} INFO - Filling up the DagBag from /home/airflow/.local/lib/python3.12/site-packages/airflow/example_dags/tutorial.py
[2026-07-01T09:31:38.019+0000] {processor.py:925} INFO - DAG(s) 'tutorial' retrieved from /home/airflow/.local/lib/python3.12/site-packages/airflow/example_dags/tutorial.py
[2026-07-01T09:31:38.033+0000] {logging_mixin.py:190} INFO - [2026-07-01T09:31:38.033+0000] {dag.py:3211} INFO - Sync 1 DAGs
[2026-07-01T09:31:38.049+0000] {logging_mixin.py:190} INFO - [2026-07-01T09:31:38.049+0000] {dag.py:4138} INFO - Setting next_dagrun for tutorial to 2026-06-30 00:00:00+00:00, run_after=2026-07-01 00:00:00+00:00
[2026-07-01T09:31:38.062+0000] {processor.py:208} INFO - Processing /home/airflow/.local/lib/python3.12/site-packages/airflow/example_dags/tutorial.py took 0.055 seconds
[2026-07-01T09:32:08.381+0000] {processor.py:186} INFO - Started process (PID=2289) to work on /home/airflow/.local/lib/python3.12/site-packages/airflow/example_dags/tutorial.py
[2026-07-01T09:32:08.382+0000] {processor.py:914} INFO - Processing file /home/airflow/.local/lib/python3.12/site-packages/airflow/example_dags/tutorial.py for tasks to queue
[2026-07-01T09:32:08.384+0000] {logging_mixin.py:190} INFO - [2026-07-01T09:32:08.384+0000] {dagbag.py:587} INFO - Filling up the DagBag from /home/airflow/.local/lib/python3.12/site-packages/airflow/example_dags/tutorial.py
[2026-07-01T09:32:08.390+0000] {processor.py:925} INFO - DAG(s) 'tutorial' retrieved from /home/airflow/.local/lib/python3.12/site-packages/airflow/example_dags/tutorial.py
[2026-07-01T09:32:08.405+0000] {logging_mixin.py:190} INFO - [2026-07-01T09:32:08.405+0000] {dag.py:3211} INFO - Sync 1 DAGs
[2026-07-01T09:32:08.421+0000] {logging_mixin.py:190} INFO - [2026-07-01T09:32:08.421+0000] {dag.py:4138} INFO - Setting next_dagrun for tutorial to 2026-06-30 00:00:00+00:00, run_after=2026-07-01 00:00:00+00:00
[2026-07-01T09:32:08.435+0000] {processor.py:208} INFO - Processing /home/airflow/.local/lib/python3.12/site-packages/airflow/example_dags/tutorial.py took 0.058 seconds
[2026-07-01T09:32:38.654+0000] {processor.py:186} INFO - Started process (PID=2351) to work on /home/airflow/.local/lib/python3.12/site-packages/airflow/example_dags/tutorial.py
[2026-07-01T09:32:38.655+0000] {processor.py:914} INFO - Processing file /home/airflow/.local/lib/python3.12/site-packages/airflow/example_dags/tutorial.py for tasks to queue
[2026-07-01T09:32:38.657+0000] {logging_mixin.py:190} INFO - [2026-07-01T09:32:38.657+0000] {dagbag.py:587} INFO - Filling up the DagBag from /home/airflow/.local/lib/python3.12/site-packages/airflow/example_dags/tutorial.py
[2026-07-01T09:32:38.663+0000] {processor.py:925} INFO - DAG(s) 'tutorial' retrieved from /home/airflow/.local/lib/python3.12/site-packages/airflow/example_dags/tutorial.py
[2026-07-01T09:32:38.677+0000] {logging_mixin.py:190} INFO - [2026-07-01T09:32:38.677+0000] {dag.py:3211} INFO - Sync 1 DAGs
[2026-07-01T09:32:38.692+0000] {logging_mixin.py:190} INFO - [2026-07-01T09:32:38.692+0000] {dag.py:4138} INFO - Setting next_dagrun for tutorial to 2026-06-30 00:00:00+00:00, run_after=2026-07-01 00:00:00+00:00
[2026-07-01T09:32:38.706+0000] {processor.py:208} INFO - Processing /home/airflow/.local/lib/python3.12/site-packages/airflow/example_dags/tutorial.py took 0.056 seconds
[2026-07-01T09:33:09.266+0000] {processor.py:186} INFO - Started process (PID=2413) to work on /home/airflow/.local/lib/python3.12/site-packages/airflow/example_dags/tutorial.py
[2026-07-01T09:33:09.267+0000] {processor.py:914} INFO - Processing file /home/airflow/.local/lib/python3.12/site-packages/airflow/example_dags/tutorial.py for tasks to queue
[2026-07-01T09:33:09.269+0000] {logging_mixin.py:190} INFO - [2026-07-01T09:33:09.268+0000] {dagbag.py:587} INFO - Filling up the DagBag from /home/airflow/.local/lib/python3.12/site-packages/airflow/example_dags/tutorial.py
[2026-07-01T09:33:09.275+0000] {processor.py:925} INFO - DAG(s) 'tutorial' retrieved from /home/airflow/.local/lib/python3.12/site-packages/airflow/example_dags/tutorial.py
[2026-07-01T09:33:09.289+0000] {logging_mixin.py:190} INFO - [2026-07-01T09:33:09.289+0000] {dag.py:3211} INFO - Sync 1 DAGs
[2026-07-01T09:33:09.304+0000] {logging_mixin.py:190} INFO - [2026-07-01T09:33:09.304+0000] {dag.py:4138} INFO - Setting next_dagrun for tutorial to 2026-06-30 00:00:00+00:00, run_after=2026-07-01 00:00:00+00:00
[2026-07-01T09:33:09.316+0000] {processor.py:208} INFO - Processing /home/airflow/.local/lib/python3.12/site-packages/airflow/example_dags/tutorial.py took 0.054 seconds
[2026-07-01T09:33:39.886+0000] {processor.py:186} INFO - Started process (PID=2475) to work on /home/airflow/.local/lib/python3.12/site-packages/airflow/example_dags/tutorial.py
[2026-07-01T09:33:39.886+0000] {processor.py:914} INFO - Processing file /home/airflow/.local/lib/python3.12/site-packages/airflow/example_dags/tutorial.py for tasks to queue
[2026-07-01T09:33:39.888+0000] {logging_mixin.py:190} INFO - [2026-07-01T09:33:39.888+0000] {dagbag.py:587} INFO - Filling up the DagBag from /home/airflow/.local/lib/python3.12/site-packages/airflow/example_dags/tutorial.py
[2026-07-01T09:33:39.895+0000] {processor.py:925} INFO - DAG(s) 'tutorial' retrieved from /home/airflow/.local/lib/python3.12/site-packages/airflow/example_dags/tutorial.py
[2026-07-01T09:33:39.910+0000] {logging_mixin.py:190} INFO - [2026-07-01T09:33:39.910+0000] {dag.py:3211} INFO - Sync 1 DAGs
[2026-07-01T09:33:39.927+0000] {logging_mixin.py:190} INFO - [2026-07-01T09:33:39.926+0000] {dag.py:4138} INFO - Setting next_dagrun for tutorial to 2026-06-30 00:00:00+00:00, run_after=2026-07-01 00:00:00+00:00
[2026-07-01T09:33:39.941+0000] {processor.py:208} INFO - Processing /home/airflow/.local/lib/python3.12/site-packages/airflow/example_dags/tutorial.py took 0.061 seconds
[2026-07-01T09:34:10.895+0000] {processor.py:186} INFO - Started process (PID=2537) to work on /home/airflow/.local/lib/python3.12/site-packages/airflow/example_dags/tutorial.py
[2026-07-01T09:34:10.896+0000] {processor.py:914} INFO - Processing file /home/airflow/.local/lib/python3.12/site-packages/airflow/example_dags/tutorial.py for tasks to queue
[2026-07-01T09:34:10.899+0000] {logging_mixin.py:190} INFO - [2026-07-01T09:34:10.898+0000] {dagbag.py:587} INFO - Filling up the DagBag from /home/airflow/.local/lib/python3.12/site-packages/airflow/example_dags/tutorial.py
[2026-07-01T09:34:10.906+0000] {processor.py:925} INFO - DAG(s) 'tutorial' retrieved from /home/airflow/.local/lib/python3.12/site-packages/airflow/example_dags/tutorial.py
[2026-07-01T09:34:10.926+0000] {logging_mixin.py:190} INFO - [2026-07-01T09:34:10.926+0000] {dag.py:3211} INFO - Sync 1 DAGs
[2026-07-01T09:34:10.947+0000] {logging_mixin.py:190} INFO - [2026-07-01T09:34:10.947+0000] {dag.py:4138} INFO - Setting next_dagrun for tutorial to 2026-06-30 00:00:00+00:00, run_after=2026-07-01 00:00:00+00:00
[2026-07-01T09:34:10.966+0000] {processor.py:208} INFO - Processing /home/airflow/.local/lib/python3.12/site-packages/airflow/example_dags/tutorial.py took 0.077 seconds
[2026-07-01T09:34:41.791+0000] {processor.py:186} INFO - Started process (PID=2599) to work on /home/airflow/.local/lib/python3.12/site-packages/airflow/example_dags/tutorial.py
[2026-07-01T09:34:41.791+0000] {processor.py:914} INFO - Processing file /home/airflow/.local/lib/python3.12/site-packages/airflow/example_dags/tutorial.py for tasks to queue
[2026-07-01T09:34:41.793+0000] {logging_mixin.py:190} INFO - [2026-07-01T09:34:41.793+0000] {dagbag.py:587} INFO - Filling up the DagBag from /home/airflow/.local/lib/python3.12/site-packages/airflow/example_dags/tutorial.py
[2026-07-01T09:34:41.799+0000] {processor.py:925} INFO - DAG(s) 'tutorial' retrieved from /home/airflow/.local/lib/python3.12/site-packages/airflow/example_dags/tutorial.py
[2026-07-01T09:34:41.813+0000] {logging_mixin.py:190} INFO - [2026-07-01T09:34:41.813+0000] {dag.py:3211} INFO - Sync 1 DAGs
[2026-07-01T09:34:41.827+0000] {logging_mixin.py:190} INFO - [2026-07-01T09:34:41.827+0000] {dag.py:4138} INFO - Setting next_dagrun for tutorial to 2026-06-30 00:00:00+00:00, run_after=2026-07-01 00:00:00+00:00
[2026-07-01T09:34:41.840+0000] {processor.py:208} INFO - Processing /home/airflow/.local/lib/python3.12/site-packages/airflow/example_dags/tutorial.py took 0.054 seconds
[2026-07-01T09:35:12.542+0000] {processor.py:186} INFO - Started process (PID=2661) to work on /home/airflow/.local/lib/python3.12/site-packages/airflow/example_dags/tutorial.py
[2026-07-01T09:35:12.547+0000] {processor.py:914} INFO - Processing file /home/airflow/.local/lib/python3.12/site-packages/airflow/example_dags/tutorial.py for tasks to queue
[2026-07-01T09:35:12.553+0000] {logging_mixin.py:190} INFO - [2026-07-01T09:35:12.553+0000] {dagbag.py:587} INFO - Filling up the DagBag from /home/airflow/.local/lib/python3.12/site-packages/airflow/example_dags/tutorial.py
[2026-07-01T09:35:12.567+0000] {processor.py:925} INFO - DAG(s) 'tutorial' retrieved from /home/airflow/.local/lib/python3.12/site-packages/airflow/example_dags/tutorial.py
[2026-07-01T09:35:12.590+0000] {logging_mixin.py:190} INFO - [2026-07-01T09:35:12.590+0000] {dag.py:3211} INFO - Sync 1 DAGs
[2026-07-01T09:35:12.612+0000] {logging_mixin.py:190} INFO - [2026-07-01T09:35:12.611+0000] {dag.py:4138} INFO - Setting next_dagrun for tutorial to 2026-06-30 00:00:00+00:00, run_after=2026-07-01 00:00:00+00:00
[2026-07-01T09:35:12.630+0000] {processor.py:208} INFO - Processing /home/airflow/.local/lib/python3.12/site-packages/airflow/example_dags/tutorial.py took 0.098 seconds
[2026-07-01T09:35:43.071+0000] {processor.py:186} INFO - Started process (PID=2723) to work on /home/airflow/.local/lib/python3.12/site-packages/airflow/example_dags/tutorial.py
[2026-07-01T09:35:43.072+0000] {processor.py:914} INFO - Processing file /home/airflow/.local/lib/python3.12/site-packages/airflow/example_dags/tutorial.py for tasks to queue
[2026-07-01T09:35:43.074+0000] {logging_mixin.py:190} INFO - [2026-07-01T09:35:43.074+0000] {dagbag.py:587} INFO - Filling up the DagBag from /home/airflow/.local/lib/python3.12/site-packages/airflow/example_dags/tutorial.py
[2026-07-01T09:35:43.082+0000] {processor.py:925} INFO - DAG(s) 'tutorial' retrieved from /home/airflow/.local/lib/python3.12/site-packages/airflow/example_dags/tutorial.py
[2026-07-01T09:35:43.101+0000] {logging_mixin.py:190} INFO - [2026-07-01T09:35:43.101+0000] {dag.py:3211} INFO - Sync 1 DAGs
[2026-07-01T09:35:43.125+0000] {logging_mixin.py:190} INFO - [2026-07-01T09:35:43.125+0000] {dag.py:4138} INFO - Setting next_dagrun for tutorial to 2026-06-30 00:00:00+00:00, run_after=2026-07-01 00:00:00+00:00
[2026-07-01T09:35:43.148+0000] {processor.py:208} INFO - Processing /home/airflow/.local/lib/python3.12/site-packages/airflow/example_dags/tutorial.py took 0.082 seconds
[2026-07-01T09:36:13.596+0000] {processor.py:186} INFO - Started process (PID=2785) to work on /home/airflow/.local/lib/python3.12/site-packages/airflow/example_dags/tutorial.py
[2026-07-01T09:36:13.597+0000] {processor.py:914} INFO - Processing file /home/airflow/.local/lib/python3.12/site-packages/airflow/example_dags/tutorial.py for tasks to queue
[2026-07-01T09:36:13.599+0000] {logging_mixin.py:190} INFO - [2026-07-01T09:36:13.598+0000] {dagbag.py:587} INFO - Filling up the DagBag from /home/airflow/.local/lib/python3.12/site-packages/airflow/example_dags/tutorial.py
[2026-07-01T09:36:13.605+0000] {processor.py:925} INFO - DAG(s) 'tutorial' retrieved from /home/airflow/.local/lib/python3.12/site-packages/airflow/example_dags/tutorial.py
[2026-07-01T09:36:13.619+0000] {logging_mixin.py:190} INFO - [2026-07-01T09:36:13.619+0000] {dag.py:3211} INFO - Sync 1 DAGs
[2026-07-01T09:36:13.635+0000] {logging_mixin.py:190} INFO - [2026-07-01T09:36:13.635+0000] {dag.py:4138} INFO - Setting next_dagrun for tutorial to 2026-06-30 00:00:00+00:00, run_after=2026-07-01 00:00:00+00:00
[2026-07-01T09:36:13.648+0000] {processor.py:208} INFO - Processing /home/airflow/.local/lib/python3.12/site-packages/airflow/example_dags/tutorial.py took 0.056 seconds
[2026-07-01T09:36:44.512+0000] {processor.py:186} INFO - Started process (PID=2847) to work on /home/airflow/.local/lib/python3.12/site-packages/airflow/example_dags/tutorial.py
[2026-07-01T09:36:44.513+0000] {processor.py:914} INFO - Processing file /home/airflow/.local/lib/python3.12/site-packages/airflow/example_dags/tutorial.py for tasks to queue
[2026-07-01T09:36:44.516+0000] {logging_mixin.py:190} INFO - [2026-07-01T09:36:44.516+0000] {dagbag.py:587} INFO - Filling up the DagBag from /home/airflow/.local/lib/python3.12/site-packages/airflow/example_dags/tutorial.py
[2026-07-01T09:36:44.526+0000] {processor.py:925} INFO - DAG(s) 'tutorial' retrieved from /home/airflow/.local/lib/python3.12/site-packages/airflow/example_dags/tutorial.py
[2026-07-01T09:36:44.565+0000] {logging_mixin.py:190} INFO - [2026-07-01T09:36:44.565+0000] {dag.py:3211} INFO - Sync 1 DAGs
[2026-07-01T09:36:44.592+0000] {logging_mixin.py:190} INFO - [2026-07-01T09:36:44.592+0000] {dag.py:4138} INFO - Setting next_dagrun for tutorial to 2026-06-30 00:00:00+00:00, run_after=2026-07-01 00:00:00+00:00
[2026-07-01T09:36:44.610+0000] {processor.py:208} INFO - Processing /home/airflow/.local/lib/python3.12/site-packages/airflow/example_dags/tutorial.py took 0.106 seconds
[2026-07-01T09:37:15.491+0000] {processor.py:186} INFO - Started process (PID=2909) to work on /home/airflow/.local/lib/python3.12/site-packages/airflow/example_dags/tutorial.py
[2026-07-01T09:37:15.492+0000] {processor.py:914} INFO - Processing file /home/airflow/.local/lib/python3.12/site-packages/airflow/example_dags/tutorial.py for tasks to queue
[2026-07-01T09:37:15.494+0000] {logging_mixin.py:190} INFO - [2026-07-01T09:37:15.494+0000] {dagbag.py:587} INFO - Filling up the DagBag from /home/airflow/.local/lib/python3.12/site-packages/airflow/example_dags/tutorial.py
[2026-07-01T09:37:15.503+0000] {processor.py:925} INFO - DAG(s) 'tutorial' retrieved from /home/airflow/.local/lib/python3.12/site-packages/airflow/example_dags/tutorial.py
[2026-07-01T09:37:15.518+0000] {logging_mixin.py:190} INFO - [2026-07-01T09:37:15.518+0000] {dag.py:3211} INFO - Sync 1 DAGs
[2026-07-01T09:37:15.533+0000] {logging_mixin.py:190} INFO - [2026-07-01T09:37:15.533+0000] {dag.py:4138} INFO - Setting next_dagrun for tutorial to 2026-06-30 00:00:00+00:00, run_after=2026-07-01 00:00:00+00:00
[2026-07-01T09:37:15.548+0000] {processor.py:208} INFO - Processing /home/airflow/.local/lib/python3.12/site-packages/airflow/example_dags/tutorial.py took 0.061 seconds
[2026-07-01T09:37:46.401+0000] {processor.py:186} INFO - Started process (PID=2971) to work on /home/airflow/.local/lib/python3.12/site-packages/airflow/example_dags/tutorial.py
[2026-07-01T09:37:46.402+0000] {processor.py:914} INFO - Processing file /home/airflow/.local/lib/python3.12/site-packages/airflow/example_dags/tutorial.py for tasks to queue
[2026-07-01T09:37:46.404+0000] {logging_mixin.py:190} INFO - [2026-07-01T09:37:46.404+0000] {dagbag.py:587} INFO - Filling up the DagBag from /home/airflow/.local/lib/python3.12/site-packages/airflow/example_dags/tutorial.py
[2026-07-01T09:37:46.409+0000] {processor.py:925} INFO - DAG(s) 'tutorial' retrieved from /home/airflow/.local/lib/python3.12/site-packages/airflow/example_dags/tutorial.py
[2026-07-01T09:37:46.424+0000] {logging_mixin.py:190} INFO - [2026-07-01T09:37:46.424+0000] {dag.py:3211} INFO - Sync 1 DAGs
[2026-07-01T09:37:46.438+0000] {logging_mixin.py:190} INFO - [2026-07-01T09:37:46.438+0000] {dag.py:4138} INFO - Setting next_dagrun for tutorial to 2026-06-30 00:00:00+00:00, run_after=2026-07-01 00:00:00+00:00
[2026-07-01T09:37:46.450+0000] {processor.py:208} INFO - Processing /home/airflow/.local/lib/python3.12/site-packages/airflow/example_dags/tutorial.py took 0.053 seconds
[2026-07-01T09:38:17.387+0000] {processor.py:186} INFO - Started process (PID=3033) to work on /home/airflow/.local/lib/python3.12/site-packages/airflow/example_dags/tutorial.py
[2026-07-01T09:38:17.388+0000] {processor.py:914} INFO - Processing file /home/airflow/.local/lib/python3.12/site-packages/airflow/example_dags/tutorial.py for tasks to queue
[2026-07-01T09:38:17.390+0000] {logging_mixin.py:190} INFO - [2026-07-01T09:38:17.390+0000] {dagbag.py:587} INFO - Filling up the DagBag from /home/airflow/.local/lib/python3.12/site-packages/airflow/example_dags/tutorial.py
[2026-07-01T09:38:17.397+0000] {processor.py:925} INFO - DAG(s) 'tutorial' retrieved from /home/airflow/.local/lib/python3.12/site-packages/airflow/example_dags/tutorial.py
[2026-07-01T09:38:17.413+0000] {logging_mixin.py:190} INFO - [2026-07-01T09:38:17.412+0000] {dag.py:3211} INFO - Sync 1 DAGs
[2026-07-01T09:38:17.433+0000] {logging_mixin.py:190} INFO - [2026-07-01T09:38:17.433+0000] {dag.py:4138} INFO - Setting next_dagrun for tutorial to 2026-06-30 00:00:00+00:00, run_after=2026-07-01 00:00:00+00:00
[2026-07-01T09:38:17.447+0000] {processor.py:208} INFO - Processing /home/airflow/.local/lib/python3.12/site-packages/airflow/example_dags/tutorial.py took 0.065 seconds
[2026-07-01T09:38:48.442+0000] {processor.py:186} INFO - Started process (PID=3095) to work on /home/airflow/.local/lib/python3.12/site-packages/airflow/example_dags/tutorial.py
[2026-07-01T09:38:48.443+0000] {processor.py:914} INFO - Processing file /home/airflow/.local/lib/python3.12/site-packages/airflow/example_dags/tutorial.py for tasks to queue
[2026-07-01T09:38:48.445+0000] {logging_mixin.py:190} INFO - [2026-07-01T09:38:48.445+0000] {dagbag.py:587} INFO - Filling up the DagBag from /home/airflow/.local/lib/python3.12/site-packages/airflow/example_dags/tutorial.py
[2026-07-01T09:38:48.451+0000] {processor.py:925} INFO - DAG(s) 'tutorial' retrieved from /home/airflow/.local/lib/python3.12/site-packages/airflow/example_dags/tutorial.py
[2026-07-01T09:38:48.466+0000] {logging_mixin.py:190} INFO - [2026-07-01T09:38:48.466+0000] {dag.py:3211} INFO - Sync 1 DAGs
[2026-07-01T09:38:48.481+0000] {logging_mixin.py:190} INFO - [2026-07-01T09:38:48.481+0000] {dag.py:4138} INFO - Setting next_dagrun for tutorial to 2026-06-30 00:00:00+00:00, run_after=2026-07-01 00:00:00+00:00
[2026-07-01T09:38:48.493+0000] {processor.py:208} INFO - Processing /home/airflow/.local/lib/python3.12/site-packages/airflow/example_dags/tutorial.py took 0.055 seconds
[2026-07-01T09:39:19.193+0000] {processor.py:186} INFO - Started process (PID=3157) to work on /home/airflow/.local/lib/python3.12/site-packages/airflow/example_dags/tutorial.py
[2026-07-01T09:39:19.194+0000] {processor.py:914} INFO - Processing file /home/airflow/.local/lib/python3.12/site-packages/airflow/example_dags/tutorial.py for tasks to queue
[2026-07-01T09:39:19.196+0000] {logging_mixin.py:190} INFO - [2026-07-01T09:39:19.195+0000] {dagbag.py:587} INFO - Filling up the DagBag from /home/airflow/.local/lib/python3.12/site-packages/airflow/example_dags/tutorial.py
[2026-07-01T09:39:19.201+0000] {processor.py:925} INFO - DAG(s) 'tutorial' retrieved from /home/airflow/.local/lib/python3.12/site-packages/airflow/example_dags/tutorial.py
[2026-07-01T09:39:19.217+0000] {logging_mixin.py:190} INFO - [2026-07-01T09:39:19.217+0000] {dag.py:3211} INFO - Sync 1 DAGs
[2026-07-01T09:39:19.233+0000] {logging_mixin.py:190} INFO - [2026-07-01T09:39:19.233+0000] {dag.py:4138} INFO - Setting next_dagrun for tutorial to 2026-06-30 00:00:00+00:00, run_after=2026-07-01 00:00:00+00:00
[2026-07-01T09:39:19.246+0000] {processor.py:208} INFO - Processing /home/airflow/.local/lib/python3.12/site-packages/airflow/example_dags/tutorial.py took 0.058 seconds
[2026-07-01T09:39:49.683+0000] {processor.py:186} INFO - Started process (PID=3225) to work on /home/airflow/.local/lib/python3.12/site-packages/airflow/example_dags/tutorial.py
[2026-07-01T09:39:49.684+0000] {processor.py:914} INFO - Processing file /home/airflow/.local/lib/python3.12/site-packages/airflow/example_dags/tutorial.py for tasks to queue
[2026-07-01T09:39:49.685+0000] {logging_mixin.py:190} INFO - [2026-07-01T09:39:49.685+0000] {dagbag.py:587} INFO - Filling up the DagBag from /home/airflow/.local/lib/python3.12/site-packages/airflow/example_dags/tutorial.py
[2026-07-01T09:39:49.691+0000] {processor.py:925} INFO - DAG(s) 'tutorial' retrieved from /home/airflow/.local/lib/python3.12/site-packages/airflow/example_dags/tutorial.py
[2026-07-01T09:39:49.705+0000] {logging_mixin.py:190} INFO - [2026-07-01T09:39:49.705+0000] {dag.py:3211} INFO - Sync 1 DAGs
[2026-07-01T09:39:49.720+0000] {logging_mixin.py:190} INFO - [2026-07-01T09:39:49.720+0000] {dag.py:4138} INFO - Setting next_dagrun for tutorial to 2026-06-30 00:00:00+00:00, run_after=2026-07-01 00:00:00+00:00
[2026-07-01T09:39:49.733+0000] {processor.py:208} INFO - Processing /home/airflow/.local/lib/python3.12/site-packages/airflow/example_dags/tutorial.py took 0.054 seconds
[2026-07-01T09:40:19.786+0000] {processor.py:186} INFO - Started process (PID=3287) to work on /home/airflow/.local/lib/python3.12/site-packages/airflow/example_dags/tutorial.py
[2026-07-01T09:40:19.787+0000] {processor.py:914} INFO - Processing file /home/airflow/.local/lib/python3.12/site-packages/airflow/example_dags/tutorial.py for tasks to queue
[2026-07-01T09:40:19.789+0000] {logging_mixin.py:190} INFO - [2026-07-01T09:40:19.788+0000] {dagbag.py:587} INFO - Filling up the DagBag from /home/airflow/.local/lib/python3.12/site-packages/airflow/example_dags/tutorial.py
[2026-07-01T09:40:19.795+0000] {processor.py:925} INFO - DAG(s) 'tutorial' retrieved from /home/airflow/.local/lib/python3.12/site-packages/airflow/example_dags/tutorial.py
[2026-07-01T09:40:19.953+0000] {logging_mixin.py:190} INFO - [2026-07-01T09:40:19.952+0000] {dag.py:3211} INFO - Sync 1 DAGs
[2026-07-01T09:40:19.968+0000] {logging_mixin.py:190} INFO - [2026-07-01T09:40:19.968+0000] {dag.py:4138} INFO - Setting next_dagrun for tutorial to 2026-06-30 00:00:00+00:00, run_after=2026-07-01 00:00:00+00:00
[2026-07-01T09:40:19.980+0000] {processor.py:208} INFO - Processing /home/airflow/.local/lib/python3.12/site-packages/airflow/example_dags/tutorial.py took 0.200 seconds
[2026-07-01T09:40:50.238+0000] {processor.py:186} INFO - Started process (PID=3349) to work on /home/airflow/.local/lib/python3.12/site-packages/airflow/example_dags/tutorial.py
[2026-07-01T09:40:50.239+0000] {processor.py:914} INFO - Processing file /home/airflow/.local/lib/python3.12/site-packages/airflow/example_dags/tutorial.py for tasks to queue
[2026-07-01T09:40:50.242+0000] {logging_mixin.py:190} INFO - [2026-07-01T09:40:50.241+0000] {dagbag.py:587} INFO - Filling up the DagBag from /home/airflow/.local/lib/python3.12/site-packages/airflow/example_dags/tutorial.py
[2026-07-01T09:40:50.248+0000] {processor.py:925} INFO - DAG(s) 'tutorial' retrieved from /home/airflow/.local/lib/python3.12/site-packages/airflow/example_dags/tutorial.py
[2026-07-01T09:40:50.268+0000] {logging_mixin.py:190} INFO - [2026-07-01T09:40:50.267+0000] {dag.py:3211} INFO - Sync 1 DAGs
[2026-07-01T09:40:50.288+0000] {logging_mixin.py:190} INFO - [2026-07-01T09:40:50.287+0000] {dag.py:4138} INFO - Setting next_dagrun for tutorial to 2026-06-30 00:00:00+00:00, run_after=2026-07-01 00:00:00+00:00
[2026-07-01T09:40:50.305+0000] {processor.py:208} INFO - Processing /home/airflow/.local/lib/python3.12/site-packages/airflow/example_dags/tutorial.py took 0.072 seconds
[2026-07-01T09:41:20.758+0000] {processor.py:186} INFO - Started process (PID=3411) to work on /home/airflow/.local/lib/python3.12/site-packages/airflow/example_dags/tutorial.py
[2026-07-01T09:41:20.759+0000] {processor.py:914} INFO - Processing file /home/airflow/.local/lib/python3.12/site-packages/airflow/example_dags/tutorial.py for tasks to queue
[2026-07-01T09:41:20.761+0000] {logging_mixin.py:190} INFO - [2026-07-01T09:41:20.761+0000] {dagbag.py:587} INFO - Filling up the DagBag from /home/airflow/.local/lib/python3.12/site-packages/airflow/example_dags/tutorial.py
[2026-07-01T09:41:20.767+0000] {processor.py:925} INFO - DAG(s) 'tutorial' retrieved from /home/airflow/.local/lib/python3.12/site-packages/airflow/example_dags/tutorial.py
[2026-07-01T09:41:20.783+0000] {logging_mixin.py:190} INFO - [2026-07-01T09:41:20.783+0000] {dag.py:3211} INFO - Sync 1 DAGs
[2026-07-01T09:41:20.800+0000] {logging_mixin.py:190} INFO - [2026-07-01T09:41:20.800+0000] {dag.py:4138} INFO - Setting next_dagrun for tutorial to 2026-06-30 00:00:00+00:00, run_after=2026-07-01 00:00:00+00:00
[2026-07-01T09:41:20.815+0000] {processor.py:208} INFO - Processing /home/airflow/.local/lib/python3.12/site-packages/airflow/example_dags/tutorial.py took 0.061 seconds
[2026-07-01T09:41:51.071+0000] {processor.py:186} INFO - Started process (PID=3473) to work on /home/airflow/.local/lib/python3.12/site-packages/airflow/example_dags/tutorial.py
[2026-07-01T09:41:51.072+0000] {processor.py:914} INFO - Processing file /home/airflow/.local/lib/python3.12/site-packages/airflow/example_dags/tutorial.py for tasks to queue
[2026-07-01T09:41:51.074+0000] {logging_mixin.py:190} INFO - [2026-07-01T09:41:51.074+0000] {dagbag.py:587} INFO - Filling up the DagBag from /home/airflow/.local/lib/python3.12/site-packages/airflow/example_dags/tutorial.py
[2026-07-01T09:41:51.080+0000] {processor.py:925} INFO - DAG(s) 'tutorial' retrieved from /home/airflow/.local/lib/python3.12/site-packages/airflow/example_dags/tutorial.py
[2026-07-01T09:41:51.095+0000] {logging_mixin.py:190} INFO - [2026-07-01T09:41:51.094+0000] {dag.py:3211} INFO - Sync 1 DAGs
[2026-07-01T09:41:51.110+0000] {logging_mixin.py:190} INFO - [2026-07-01T09:41:51.110+0000] {dag.py:4138} INFO - Setting next_dagrun for tutorial to 2026-06-30 00:00:00+00:00, run_after=2026-07-01 00:00:00+00:00
[2026-07-01T09:41:51.125+0000] {processor.py:208} INFO - Processing /home/airflow/.local/lib/python3.12/site-packages/airflow/example_dags/tutorial.py took 0.059 seconds
[2026-07-01T09:42:22.094+0000] {processor.py:186} INFO - Started process (PID=3535) to work on /home/airflow/.local/lib/python3.12/site-packages/airflow/example_dags/tutorial.py
[2026-07-01T09:42:22.097+0000] {processor.py:914} INFO - Processing file /home/airflow/.local/lib/python3.12/site-packages/airflow/example_dags/tutorial.py for tasks to queue
[2026-07-01T09:42:22.099+0000] {logging_mixin.py:190} INFO - [2026-07-01T09:42:22.099+0000] {dagbag.py:587} INFO - Filling up the DagBag from /home/airflow/.local/lib/python3.12/site-packages/airflow/example_dags/tutorial.py
[2026-07-01T09:42:22.105+0000] {processor.py:925} INFO - DAG(s) 'tutorial' retrieved from /home/airflow/.local/lib/python3.12/site-packages/airflow/example_dags/tutorial.py
[2026-07-01T09:42:22.120+0000] {logging_mixin.py:190} INFO - [2026-07-01T09:42:22.120+0000] {dag.py:3211} INFO - Sync 1 DAGs
[2026-07-01T09:42:22.135+0000] {logging_mixin.py:190} INFO - [2026-07-01T09:42:22.135+0000] {dag.py:4138} INFO - Setting next_dagrun for tutorial to 2026-06-30 00:00:00+00:00, run_after=2026-07-01 00:00:00+00:00
[2026-07-01T09:42:22.149+0000] {processor.py:208} INFO - Processing /home/airflow/.local/lib/python3.12/site-packages/airflow/example_dags/tutorial.py took 0.060 seconds
[2026-07-01T09:42:52.499+0000] {processor.py:186} INFO - Started process (PID=3597) to work on /home/airflow/.local/lib/python3.12/site-packages/airflow/example_dags/tutorial.py
[2026-07-01T09:42:52.500+0000] {processor.py:914} INFO - Processing file /home/airflow/.local/lib/python3.12/site-packages/airflow/example_dags/tutorial.py for tasks to queue
[2026-07-01T09:42:52.502+0000] {logging_mixin.py:190} INFO - [2026-07-01T09:42:52.501+0000] {dagbag.py:587} INFO - Filling up the DagBag from /home/airflow/.local/lib/python3.12/site-packages/airflow/example_dags/tutorial.py
[2026-07-01T09:42:52.508+0000] {processor.py:925} INFO - DAG(s) 'tutorial' retrieved from /home/airflow/.local/lib/python3.12/site-packages/airflow/example_dags/tutorial.py
[2026-07-01T09:42:52.522+0000] {logging_mixin.py:190} INFO - [2026-07-01T09:42:52.522+0000] {dag.py:3211} INFO - Sync 1 DAGs
[2026-07-01T09:42:52.537+0000] {logging_mixin.py:190} INFO - [2026-07-01T09:42:52.536+0000] {dag.py:4138} INFO - Setting next_dagrun for tutorial to 2026-06-30 00:00:00+00:00, run_after=2026-07-01 00:00:00+00:00
[2026-07-01T09:42:52.553+0000] {processor.py:208} INFO - Processing /home/airflow/.local/lib/python3.12/site-packages/airflow/example_dags/tutorial.py took 0.059 seconds
[2026-07-01T09:43:22.961+0000] {processor.py:186} INFO - Started process (PID=3659) to work on /home/airflow/.local/lib/python3.12/site-packages/airflow/example_dags/tutorial.py
[2026-07-01T09:43:22.963+0000] {processor.py:914} INFO - Processing file /home/airflow/.local/lib/python3.12/site-packages/airflow/example_dags/tutorial.py for tasks to queue
[2026-07-01T09:43:22.966+0000] {logging_mixin.py:190} INFO - [2026-07-01T09:43:22.966+0000] {dagbag.py:587} INFO - Filling up the DagBag from /home/airflow/.local/lib/python3.12/site-packages/airflow/example_dags/tutorial.py
[2026-07-01T09:43:22.973+0000] {processor.py:925} INFO - DAG(s) 'tutorial' retrieved from /home/airflow/.local/lib/python3.12/site-packages/airflow/example_dags/tutorial.py
[2026-07-01T09:43:22.993+0000] {logging_mixin.py:190} INFO - [2026-07-01T09:43:22.993+0000] {dag.py:3211} INFO - Sync 1 DAGs
[2026-07-01T09:43:23.014+0000] {logging_mixin.py:190} INFO - [2026-07-01T09:43:23.014+0000] {dag.py:4138} INFO - Setting next_dagrun for tutorial to 2026-06-30 00:00:00+00:00, run_after=2026-07-01 00:00:00+00:00
[2026-07-01T09:43:23.030+0000] {processor.py:208} INFO - Processing /home/airflow/.local/lib/python3.12/site-packages/airflow/example_dags/tutorial.py took 0.074 seconds
[2026-07-01T09:43:53.273+0000] {processor.py:186} INFO - Started process (PID=3721) to work on /home/airflow/.local/lib/python3.12/site-packages/airflow/example_dags/tutorial.py
[2026-07-01T09:43:53.274+0000] {processor.py:914} INFO - Processing file /home/airflow/.local/lib/python3.12/site-packages/airflow/example_dags/tutorial.py for tasks to queue
[2026-07-01T09:43:53.275+0000] {logging_mixin.py:190} INFO - [2026-07-01T09:43:53.275+0000] {dagbag.py:587} INFO - Filling up the DagBag from /home/airflow/.local/lib/python3.12/site-packages/airflow/example_dags/tutorial.py
[2026-07-01T09:43:53.281+0000] {processor.py:925} INFO - DAG(s) 'tutorial' retrieved from /home/airflow/.local/lib/python3.12/site-packages/airflow/example_dags/tutorial.py
[2026-07-01T09:43:53.297+0000] {logging_mixin.py:190} INFO - [2026-07-01T09:43:53.297+0000] {dag.py:3211} INFO - Sync 1 DAGs
[2026-07-01T09:43:53.312+0000] {logging_mixin.py:190} INFO - [2026-07-01T09:43:53.312+0000] {dag.py:4138} INFO - Setting next_dagrun for tutorial to 2026-06-30 00:00:00+00:00, run_after=2026-07-01 00:00:00+00:00
[2026-07-01T09:43:53.326+0000] {processor.py:208} INFO - Processing /home/airflow/.local/lib/python3.12/site-packages/airflow/example_dags/tutorial.py took 0.059 seconds
[2026-07-01T09:44:23.686+0000] {processor.py:186} INFO - Started process (PID=3783) to work on /home/airflow/.local/lib/python3.12/site-packages/airflow/example_dags/tutorial.py
[2026-07-01T09:44:23.688+0000] {processor.py:914} INFO - Processing file /home/airflow/.local/lib/python3.12/site-packages/airflow/example_dags/tutorial.py for tasks to queue
[2026-07-01T09:44:23.690+0000] {logging_mixin.py:190} INFO - [2026-07-01T09:44:23.690+0000] {dagbag.py:587} INFO - Filling up the DagBag from /home/airflow/.local/lib/python3.12/site-packages/airflow/example_dags/tutorial.py
[2026-07-01T09:44:23.696+0000] {processor.py:925} INFO - DAG(s) 'tutorial' retrieved from /home/airflow/.local/lib/python3.12/site-packages/airflow/example_dags/tutorial.py
[2026-07-01T09:44:23.713+0000] {logging_mixin.py:190} INFO - [2026-07-01T09:44:23.713+0000] {dag.py:3211} INFO - Sync 1 DAGs
[2026-07-01T09:44:23.730+0000] {logging_mixin.py:190} INFO - [2026-07-01T09:44:23.730+0000] {dag.py:4138} INFO - Setting next_dagrun for tutorial to 2026-06-30 00:00:00+00:00, run_after=2026-07-01 00:00:00+00:00
[2026-07-01T09:44:23.745+0000] {processor.py:208} INFO - Processing /home/airflow/.local/lib/python3.12/site-packages/airflow/example_dags/tutorial.py took 0.067 seconds
[2026-07-01T09:44:53.928+0000] {processor.py:186} INFO - Started process (PID=3845) to work on /home/airflow/.local/lib/python3.12/site-packages/airflow/example_dags/tutorial.py
[2026-07-01T09:44:53.929+0000] {processor.py:914} INFO - Processing file /home/airflow/.local/lib/python3.12/site-packages/airflow/example_dags/tutorial.py for tasks to queue
[2026-07-01T09:44:53.931+0000] {logging_mixin.py:190} INFO - [2026-07-01T09:44:53.931+0000] {dagbag.py:587} INFO - Filling up the DagBag from /home/airflow/.local/lib/python3.12/site-packages/airflow/example_dags/tutorial.py
[2026-07-01T09:44:53.938+0000] {processor.py:925} INFO - DAG(s) 'tutorial' retrieved from /home/airflow/.local/lib/python3.12/site-packages/airflow/example_dags/tutorial.py
[2026-07-01T09:44:53.955+0000] {logging_mixin.py:190} INFO - [2026-07-01T09:44:53.955+0000] {dag.py:3211} INFO - Sync 1 DAGs
[2026-07-01T09:44:53.973+0000] {logging_mixin.py:190} INFO - [2026-07-01T09:44:53.973+0000] {dag.py:4138} INFO - Setting next_dagrun for tutorial to 2026-06-30 00:00:00+00:00, run_after=2026-07-01 00:00:00+00:00
[2026-07-01T09:44:53.985+0000] {processor.py:208} INFO - Processing /home/airflow/.local/lib/python3.12/site-packages/airflow/example_dags/tutorial.py took 0.063 seconds
[2026-07-01T09:45:24.413+0000] {processor.py:186} INFO - Started process (PID=3907) to work on /home/airflow/.local/lib/python3.12/site-packages/airflow/example_dags/tutorial.py
[2026-07-01T09:45:24.414+0000] {processor.py:914} INFO - Processing file /home/airflow/.local/lib/python3.12/site-packages/airflow/example_dags/tutorial.py for tasks to queue
[2026-07-01T09:45:24.415+0000] {logging_mixin.py:190} INFO - [2026-07-01T09:45:24.415+0000] {dagbag.py:587} INFO - Filling up the DagBag from /home/airflow/.local/lib/python3.12/site-packages/airflow/example_dags/tutorial.py
[2026-07-01T09:45:24.422+0000] {processor.py:925} INFO - DAG(s) 'tutorial' retrieved from /home/airflow/.local/lib/python3.12/site-packages/airflow/example_dags/tutorial.py
[2026-07-01T09:45:24.437+0000] {logging_mixin.py:190} INFO - [2026-07-01T09:45:24.437+0000] {dag.py:3211} INFO - Sync 1 DAGs
[2026-07-01T09:45:24.453+0000] {logging_mixin.py:190} INFO - [2026-07-01T09:45:24.453+0000] {dag.py:4138} INFO - Setting next_dagrun for tutorial to 2026-06-30 00:00:00+00:00, run_after=2026-07-01 00:00:00+00:00
[2026-07-01T09:45:24.465+0000] {processor.py:208} INFO - Processing /home/airflow/.local/lib/python3.12/site-packages/airflow/example_dags/tutorial.py took 0.057 seconds
