[2026-07-01T09:09:37.168+0000] {processor.py:186} INFO - Started process (PID=59) to work on /home/airflow/.local/lib/python3.12/site-packages/airflow/example_dags/tutorial_dag.py
[2026-07-01T09:09:37.169+0000] {processor.py:914} INFO - Processing file /home/airflow/.local/lib/python3.12/site-packages/airflow/example_dags/tutorial_dag.py for tasks to queue
[2026-07-01T09:09:37.172+0000] {logging_mixin.py:190} INFO - [2026-07-01T09:09:37.171+0000] {dagbag.py:587} INFO - Filling up the DagBag from /home/airflow/.local/lib/python3.12/site-packages/airflow/example_dags/tutorial_dag.py
[2026-07-01T09:09:37.180+0000] {processor.py:925} INFO - DAG(s) 'tutorial_dag' retrieved from /home/airflow/.local/lib/python3.12/site-packages/airflow/example_dags/tutorial_dag.py
[2026-07-01T09:09:37.289+0000] {logging_mixin.py:190} INFO - [2026-07-01T09:09:37.288+0000] {override.py:1858} INFO - Created Permission View: can read on DAG:tutorial_dag
[2026-07-01T09:09:37.298+0000] {logging_mixin.py:190} INFO - [2026-07-01T09:09:37.298+0000] {override.py:1858} INFO - Created Permission View: can delete on DAG:tutorial_dag
[2026-07-01T09:09:37.306+0000] {logging_mixin.py:190} INFO - [2026-07-01T09:09:37.306+0000] {override.py:1858} INFO - Created Permission View: can edit on DAG:tutorial_dag
[2026-07-01T09:09:37.308+0000] {logging_mixin.py:190} INFO - [2026-07-01T09:09:37.308+0000] {dag.py:3211} INFO - Sync 1 DAGs
[2026-07-01T09:09:37.317+0000] {logging_mixin.py:190} INFO - [2026-07-01T09:09:37.317+0000] {dag.py:3234} INFO - Creating ORM DAG for tutorial_dag
[2026-07-01T09:09:37.318+0000] {logging_mixin.py:190} INFO - [2026-07-01T09:09:37.318+0000] {dag.py:4138} INFO - Setting next_dagrun for tutorial_dag to None, run_after=None
[2026-07-01T09:09:37.334+0000] {processor.py:208} INFO - Processing /home/airflow/.local/lib/python3.12/site-packages/airflow/example_dags/tutorial_dag.py took 0.173 seconds
[2026-07-01T09:10:07.592+0000] {processor.py:186} INFO - Started process (PID=121) to work on /home/airflow/.local/lib/python3.12/site-packages/airflow/example_dags/tutorial_dag.py
[2026-07-01T09:10:07.593+0000] {processor.py:914} INFO - Processing file /home/airflow/.local/lib/python3.12/site-packages/airflow/example_dags/tutorial_dag.py for tasks to queue
[2026-07-01T09:10:07.596+0000] {logging_mixin.py:190} INFO - [2026-07-01T09:10:07.595+0000] {dagbag.py:587} INFO - Filling up the DagBag from /home/airflow/.local/lib/python3.12/site-packages/airflow/example_dags/tutorial_dag.py
[2026-07-01T09:10:07.603+0000] {processor.py:925} INFO - DAG(s) 'tutorial_dag' retrieved from /home/airflow/.local/lib/python3.12/site-packages/airflow/example_dags/tutorial_dag.py
[2026-07-01T09:10:07.621+0000] {logging_mixin.py:190} INFO - [2026-07-01T09:10:07.621+0000] {dag.py:3211} INFO - Sync 1 DAGs
[2026-07-01T09:10:07.632+0000] {logging_mixin.py:190} INFO - [2026-07-01T09:10:07.632+0000] {dag.py:4138} INFO - Setting next_dagrun for tutorial_dag to None, run_after=None
[2026-07-01T09:10:07.646+0000] {processor.py:208} INFO - Processing /home/airflow/.local/lib/python3.12/site-packages/airflow/example_dags/tutorial_dag.py took 0.060 seconds
[2026-07-01T09:10:38.192+0000] {processor.py:186} INFO - Started process (PID=183) to work on /home/airflow/.local/lib/python3.12/site-packages/airflow/example_dags/tutorial_dag.py
[2026-07-01T09:10:38.193+0000] {processor.py:914} INFO - Processing file /home/airflow/.local/lib/python3.12/site-packages/airflow/example_dags/tutorial_dag.py for tasks to queue
[2026-07-01T09:10:38.195+0000] {logging_mixin.py:190} INFO - [2026-07-01T09:10:38.195+0000] {dagbag.py:587} INFO - Filling up the DagBag from /home/airflow/.local/lib/python3.12/site-packages/airflow/example_dags/tutorial_dag.py
[2026-07-01T09:10:38.200+0000] {processor.py:925} INFO - DAG(s) 'tutorial_dag' retrieved from /home/airflow/.local/lib/python3.12/site-packages/airflow/example_dags/tutorial_dag.py
[2026-07-01T09:10:38.214+0000] {logging_mixin.py:190} INFO - [2026-07-01T09:10:38.214+0000] {dag.py:3211} INFO - Sync 1 DAGs
[2026-07-01T09:10:38.223+0000] {logging_mixin.py:190} INFO - [2026-07-01T09:10:38.223+0000] {dag.py:4138} INFO - Setting next_dagrun for tutorial_dag to None, run_after=None
[2026-07-01T09:10:38.236+0000] {processor.py:208} INFO - Processing /home/airflow/.local/lib/python3.12/site-packages/airflow/example_dags/tutorial_dag.py took 0.048 seconds
[2026-07-01T09:11:08.407+0000] {processor.py:186} INFO - Started process (PID=245) to work on /home/airflow/.local/lib/python3.12/site-packages/airflow/example_dags/tutorial_dag.py
[2026-07-01T09:11:08.408+0000] {processor.py:914} INFO - Processing file /home/airflow/.local/lib/python3.12/site-packages/airflow/example_dags/tutorial_dag.py for tasks to queue
[2026-07-01T09:11:08.410+0000] {logging_mixin.py:190} INFO - [2026-07-01T09:11:08.409+0000] {dagbag.py:587} INFO - Filling up the DagBag from /home/airflow/.local/lib/python3.12/site-packages/airflow/example_dags/tutorial_dag.py
[2026-07-01T09:11:08.415+0000] {processor.py:925} INFO - DAG(s) 'tutorial_dag' retrieved from /home/airflow/.local/lib/python3.12/site-packages/airflow/example_dags/tutorial_dag.py
[2026-07-01T09:11:08.428+0000] {logging_mixin.py:190} INFO - [2026-07-01T09:11:08.428+0000] {dag.py:3211} INFO - Sync 1 DAGs
[2026-07-01T09:11:08.437+0000] {logging_mixin.py:190} INFO - [2026-07-01T09:11:08.436+0000] {dag.py:4138} INFO - Setting next_dagrun for tutorial_dag to None, run_after=None
[2026-07-01T09:11:08.448+0000] {processor.py:208} INFO - Processing /home/airflow/.local/lib/python3.12/site-packages/airflow/example_dags/tutorial_dag.py took 0.045 seconds
[2026-07-01T09:11:38.620+0000] {processor.py:186} INFO - Started process (PID=307) to work on /home/airflow/.local/lib/python3.12/site-packages/airflow/example_dags/tutorial_dag.py
[2026-07-01T09:11:38.620+0000] {processor.py:914} INFO - Processing file /home/airflow/.local/lib/python3.12/site-packages/airflow/example_dags/tutorial_dag.py for tasks to queue
[2026-07-01T09:11:38.622+0000] {logging_mixin.py:190} INFO - [2026-07-01T09:11:38.622+0000] {dagbag.py:587} INFO - Filling up the DagBag from /home/airflow/.local/lib/python3.12/site-packages/airflow/example_dags/tutorial_dag.py
[2026-07-01T09:11:38.628+0000] {processor.py:925} INFO - DAG(s) 'tutorial_dag' retrieved from /home/airflow/.local/lib/python3.12/site-packages/airflow/example_dags/tutorial_dag.py
[2026-07-01T09:11:38.642+0000] {logging_mixin.py:190} INFO - [2026-07-01T09:11:38.641+0000] {dag.py:3211} INFO - Sync 1 DAGs
[2026-07-01T09:11:38.652+0000] {logging_mixin.py:190} INFO - [2026-07-01T09:11:38.652+0000] {dag.py:4138} INFO - Setting next_dagrun for tutorial_dag to None, run_after=None
[2026-07-01T09:11:38.664+0000] {processor.py:208} INFO - Processing /home/airflow/.local/lib/python3.12/site-packages/airflow/example_dags/tutorial_dag.py took 0.049 seconds
[2026-07-01T09:12:09.108+0000] {processor.py:186} INFO - Started process (PID=369) to work on /home/airflow/.local/lib/python3.12/site-packages/airflow/example_dags/tutorial_dag.py
[2026-07-01T09:12:09.109+0000] {processor.py:914} INFO - Processing file /home/airflow/.local/lib/python3.12/site-packages/airflow/example_dags/tutorial_dag.py for tasks to queue
[2026-07-01T09:12:09.112+0000] {logging_mixin.py:190} INFO - [2026-07-01T09:12:09.112+0000] {dagbag.py:587} INFO - Filling up the DagBag from /home/airflow/.local/lib/python3.12/site-packages/airflow/example_dags/tutorial_dag.py
[2026-07-01T09:12:09.118+0000] {processor.py:925} INFO - DAG(s) 'tutorial_dag' retrieved from /home/airflow/.local/lib/python3.12/site-packages/airflow/example_dags/tutorial_dag.py
[2026-07-01T09:12:09.132+0000] {logging_mixin.py:190} INFO - [2026-07-01T09:12:09.132+0000] {dag.py:3211} INFO - Sync 1 DAGs
[2026-07-01T09:12:09.142+0000] {logging_mixin.py:190} INFO - [2026-07-01T09:12:09.141+0000] {dag.py:4138} INFO - Setting next_dagrun for tutorial_dag to None, run_after=None
[2026-07-01T09:12:09.153+0000] {processor.py:208} INFO - Processing /home/airflow/.local/lib/python3.12/site-packages/airflow/example_dags/tutorial_dag.py took 0.052 seconds
[2026-07-01T09:12:39.557+0000] {processor.py:186} INFO - Started process (PID=431) to work on /home/airflow/.local/lib/python3.12/site-packages/airflow/example_dags/tutorial_dag.py
[2026-07-01T09:12:39.558+0000] {processor.py:914} INFO - Processing file /home/airflow/.local/lib/python3.12/site-packages/airflow/example_dags/tutorial_dag.py for tasks to queue
[2026-07-01T09:12:39.560+0000] {logging_mixin.py:190} INFO - [2026-07-01T09:12:39.560+0000] {dagbag.py:587} INFO - Filling up the DagBag from /home/airflow/.local/lib/python3.12/site-packages/airflow/example_dags/tutorial_dag.py
[2026-07-01T09:12:39.566+0000] {processor.py:925} INFO - DAG(s) 'tutorial_dag' retrieved from /home/airflow/.local/lib/python3.12/site-packages/airflow/example_dags/tutorial_dag.py
[2026-07-01T09:12:39.580+0000] {logging_mixin.py:190} INFO - [2026-07-01T09:12:39.580+0000] {dag.py:3211} INFO - Sync 1 DAGs
[2026-07-01T09:12:39.590+0000] {logging_mixin.py:190} INFO - [2026-07-01T09:12:39.590+0000] {dag.py:4138} INFO - Setting next_dagrun for tutorial_dag to None, run_after=None
[2026-07-01T09:12:39.604+0000] {processor.py:208} INFO - Processing /home/airflow/.local/lib/python3.12/site-packages/airflow/example_dags/tutorial_dag.py took 0.051 seconds
[2026-07-01T09:13:09.790+0000] {processor.py:186} INFO - Started process (PID=493) to work on /home/airflow/.local/lib/python3.12/site-packages/airflow/example_dags/tutorial_dag.py
[2026-07-01T09:13:09.791+0000] {processor.py:914} INFO - Processing file /home/airflow/.local/lib/python3.12/site-packages/airflow/example_dags/tutorial_dag.py for tasks to queue
[2026-07-01T09:13:09.793+0000] {logging_mixin.py:190} INFO - [2026-07-01T09:13:09.793+0000] {dagbag.py:587} INFO - Filling up the DagBag from /home/airflow/.local/lib/python3.12/site-packages/airflow/example_dags/tutorial_dag.py
[2026-07-01T09:13:09.798+0000] {processor.py:925} INFO - DAG(s) 'tutorial_dag' retrieved from /home/airflow/.local/lib/python3.12/site-packages/airflow/example_dags/tutorial_dag.py
[2026-07-01T09:13:09.811+0000] {logging_mixin.py:190} INFO - [2026-07-01T09:13:09.811+0000] {dag.py:3211} INFO - Sync 1 DAGs
[2026-07-01T09:13:09.819+0000] {logging_mixin.py:190} INFO - [2026-07-01T09:13:09.819+0000] {dag.py:4138} INFO - Setting next_dagrun for tutorial_dag to None, run_after=None
[2026-07-01T09:13:09.831+0000] {processor.py:208} INFO - Processing /home/airflow/.local/lib/python3.12/site-packages/airflow/example_dags/tutorial_dag.py took 0.045 seconds
[2026-07-01T09:13:40.109+0000] {processor.py:186} INFO - Started process (PID=555) to work on /home/airflow/.local/lib/python3.12/site-packages/airflow/example_dags/tutorial_dag.py
[2026-07-01T09:13:40.110+0000] {processor.py:914} INFO - Processing file /home/airflow/.local/lib/python3.12/site-packages/airflow/example_dags/tutorial_dag.py for tasks to queue
[2026-07-01T09:13:40.113+0000] {logging_mixin.py:190} INFO - [2026-07-01T09:13:40.112+0000] {dagbag.py:587} INFO - Filling up the DagBag from /home/airflow/.local/lib/python3.12/site-packages/airflow/example_dags/tutorial_dag.py
[2026-07-01T09:13:40.119+0000] {processor.py:925} INFO - DAG(s) 'tutorial_dag' retrieved from /home/airflow/.local/lib/python3.12/site-packages/airflow/example_dags/tutorial_dag.py
[2026-07-01T09:13:40.133+0000] {logging_mixin.py:190} INFO - [2026-07-01T09:13:40.133+0000] {dag.py:3211} INFO - Sync 1 DAGs
[2026-07-01T09:13:40.144+0000] {logging_mixin.py:190} INFO - [2026-07-01T09:13:40.143+0000] {dag.py:4138} INFO - Setting next_dagrun for tutorial_dag to None, run_after=None
[2026-07-01T09:13:40.155+0000] {processor.py:208} INFO - Processing /home/airflow/.local/lib/python3.12/site-packages/airflow/example_dags/tutorial_dag.py took 0.050 seconds
[2026-07-01T09:14:10.235+0000] {processor.py:186} INFO - Started process (PID=617) to work on /home/airflow/.local/lib/python3.12/site-packages/airflow/example_dags/tutorial_dag.py
[2026-07-01T09:14:10.236+0000] {processor.py:914} INFO - Processing file /home/airflow/.local/lib/python3.12/site-packages/airflow/example_dags/tutorial_dag.py for tasks to queue
[2026-07-01T09:14:10.238+0000] {logging_mixin.py:190} INFO - [2026-07-01T09:14:10.238+0000] {dagbag.py:587} INFO - Filling up the DagBag from /home/airflow/.local/lib/python3.12/site-packages/airflow/example_dags/tutorial_dag.py
[2026-07-01T09:14:10.245+0000] {processor.py:925} INFO - DAG(s) 'tutorial_dag' retrieved from /home/airflow/.local/lib/python3.12/site-packages/airflow/example_dags/tutorial_dag.py
[2026-07-01T09:14:10.263+0000] {logging_mixin.py:190} INFO - [2026-07-01T09:14:10.263+0000] {dag.py:3211} INFO - Sync 1 DAGs
[2026-07-01T09:14:10.273+0000] {logging_mixin.py:190} INFO - [2026-07-01T09:14:10.273+0000] {dag.py:4138} INFO - Setting next_dagrun for tutorial_dag to None, run_after=None
[2026-07-01T09:14:10.287+0000] {processor.py:208} INFO - Processing /home/airflow/.local/lib/python3.12/site-packages/airflow/example_dags/tutorial_dag.py took 0.059 seconds
[2026-07-01T09:14:40.466+0000] {processor.py:186} INFO - Started process (PID=679) to work on /home/airflow/.local/lib/python3.12/site-packages/airflow/example_dags/tutorial_dag.py
[2026-07-01T09:14:40.467+0000] {processor.py:914} INFO - Processing file /home/airflow/.local/lib/python3.12/site-packages/airflow/example_dags/tutorial_dag.py for tasks to queue
[2026-07-01T09:14:40.469+0000] {logging_mixin.py:190} INFO - [2026-07-01T09:14:40.469+0000] {dagbag.py:587} INFO - Filling up the DagBag from /home/airflow/.local/lib/python3.12/site-packages/airflow/example_dags/tutorial_dag.py
[2026-07-01T09:14:40.474+0000] {processor.py:925} INFO - DAG(s) 'tutorial_dag' retrieved from /home/airflow/.local/lib/python3.12/site-packages/airflow/example_dags/tutorial_dag.py
[2026-07-01T09:14:40.488+0000] {logging_mixin.py:190} INFO - [2026-07-01T09:14:40.488+0000] {dag.py:3211} INFO - Sync 1 DAGs
[2026-07-01T09:14:40.498+0000] {logging_mixin.py:190} INFO - [2026-07-01T09:14:40.497+0000] {dag.py:4138} INFO - Setting next_dagrun for tutorial_dag to None, run_after=None
[2026-07-01T09:14:40.509+0000] {processor.py:208} INFO - Processing /home/airflow/.local/lib/python3.12/site-packages/airflow/example_dags/tutorial_dag.py took 0.048 seconds
[2026-07-01T09:15:11.414+0000] {processor.py:186} INFO - Started process (PID=741) to work on /home/airflow/.local/lib/python3.12/site-packages/airflow/example_dags/tutorial_dag.py
[2026-07-01T09:15:11.414+0000] {processor.py:914} INFO - Processing file /home/airflow/.local/lib/python3.12/site-packages/airflow/example_dags/tutorial_dag.py for tasks to queue
[2026-07-01T09:15:11.416+0000] {logging_mixin.py:190} INFO - [2026-07-01T09:15:11.416+0000] {dagbag.py:587} INFO - Filling up the DagBag from /home/airflow/.local/lib/python3.12/site-packages/airflow/example_dags/tutorial_dag.py
[2026-07-01T09:15:11.421+0000] {processor.py:925} INFO - DAG(s) 'tutorial_dag' retrieved from /home/airflow/.local/lib/python3.12/site-packages/airflow/example_dags/tutorial_dag.py
[2026-07-01T09:15:11.435+0000] {logging_mixin.py:190} INFO - [2026-07-01T09:15:11.435+0000] {dag.py:3211} INFO - Sync 1 DAGs
[2026-07-01T09:15:11.445+0000] {logging_mixin.py:190} INFO - [2026-07-01T09:15:11.445+0000] {dag.py:4138} INFO - Setting next_dagrun for tutorial_dag to None, run_after=None
[2026-07-01T09:15:11.465+0000] {processor.py:208} INFO - Processing /home/airflow/.local/lib/python3.12/site-packages/airflow/example_dags/tutorial_dag.py took 0.056 seconds
[2026-07-01T09:15:42.213+0000] {processor.py:186} INFO - Started process (PID=809) to work on /home/airflow/.local/lib/python3.12/site-packages/airflow/example_dags/tutorial_dag.py
[2026-07-01T09:15:42.214+0000] {processor.py:914} INFO - Processing file /home/airflow/.local/lib/python3.12/site-packages/airflow/example_dags/tutorial_dag.py for tasks to queue
[2026-07-01T09:15:42.217+0000] {logging_mixin.py:190} INFO - [2026-07-01T09:15:42.217+0000] {dagbag.py:587} INFO - Filling up the DagBag from /home/airflow/.local/lib/python3.12/site-packages/airflow/example_dags/tutorial_dag.py
[2026-07-01T09:15:42.223+0000] {processor.py:925} INFO - DAG(s) 'tutorial_dag' retrieved from /home/airflow/.local/lib/python3.12/site-packages/airflow/example_dags/tutorial_dag.py
[2026-07-01T09:15:42.237+0000] {logging_mixin.py:190} INFO - [2026-07-01T09:15:42.237+0000] {dag.py:3211} INFO - Sync 1 DAGs
[2026-07-01T09:15:42.247+0000] {logging_mixin.py:190} INFO - [2026-07-01T09:15:42.247+0000] {dag.py:4138} INFO - Setting next_dagrun for tutorial_dag to None, run_after=None
[2026-07-01T09:15:42.260+0000] {processor.py:208} INFO - Processing /home/airflow/.local/lib/python3.12/site-packages/airflow/example_dags/tutorial_dag.py took 0.052 seconds
[2026-07-01T09:16:12.496+0000] {processor.py:186} INFO - Started process (PID=871) to work on /home/airflow/.local/lib/python3.12/site-packages/airflow/example_dags/tutorial_dag.py
[2026-07-01T09:16:12.497+0000] {processor.py:914} INFO - Processing file /home/airflow/.local/lib/python3.12/site-packages/airflow/example_dags/tutorial_dag.py for tasks to queue
[2026-07-01T09:16:12.499+0000] {logging_mixin.py:190} INFO - [2026-07-01T09:16:12.499+0000] {dagbag.py:587} INFO - Filling up the DagBag from /home/airflow/.local/lib/python3.12/site-packages/airflow/example_dags/tutorial_dag.py
[2026-07-01T09:16:12.504+0000] {processor.py:925} INFO - DAG(s) 'tutorial_dag' retrieved from /home/airflow/.local/lib/python3.12/site-packages/airflow/example_dags/tutorial_dag.py
[2026-07-01T09:16:12.518+0000] {logging_mixin.py:190} INFO - [2026-07-01T09:16:12.517+0000] {dag.py:3211} INFO - Sync 1 DAGs
[2026-07-01T09:16:12.526+0000] {logging_mixin.py:190} INFO - [2026-07-01T09:16:12.526+0000] {dag.py:4138} INFO - Setting next_dagrun for tutorial_dag to None, run_after=None
[2026-07-01T09:16:12.539+0000] {processor.py:208} INFO - Processing /home/airflow/.local/lib/python3.12/site-packages/airflow/example_dags/tutorial_dag.py took 0.047 seconds
[2026-07-01T09:16:42.601+0000] {processor.py:186} INFO - Started process (PID=933) to work on /home/airflow/.local/lib/python3.12/site-packages/airflow/example_dags/tutorial_dag.py
[2026-07-01T09:16:42.602+0000] {processor.py:914} INFO - Processing file /home/airflow/.local/lib/python3.12/site-packages/airflow/example_dags/tutorial_dag.py for tasks to queue
[2026-07-01T09:16:42.604+0000] {logging_mixin.py:190} INFO - [2026-07-01T09:16:42.604+0000] {dagbag.py:587} INFO - Filling up the DagBag from /home/airflow/.local/lib/python3.12/site-packages/airflow/example_dags/tutorial_dag.py
[2026-07-01T09:16:42.609+0000] {processor.py:925} INFO - DAG(s) 'tutorial_dag' retrieved from /home/airflow/.local/lib/python3.12/site-packages/airflow/example_dags/tutorial_dag.py
[2026-07-01T09:16:42.624+0000] {logging_mixin.py:190} INFO - [2026-07-01T09:16:42.624+0000] {dag.py:3211} INFO - Sync 1 DAGs
[2026-07-01T09:16:42.634+0000] {logging_mixin.py:190} INFO - [2026-07-01T09:16:42.634+0000] {dag.py:4138} INFO - Setting next_dagrun for tutorial_dag to None, run_after=None
[2026-07-01T09:16:42.647+0000] {processor.py:208} INFO - Processing /home/airflow/.local/lib/python3.12/site-packages/airflow/example_dags/tutorial_dag.py took 0.050 seconds
[2026-07-01T09:17:12.766+0000] {processor.py:186} INFO - Started process (PID=995) to work on /home/airflow/.local/lib/python3.12/site-packages/airflow/example_dags/tutorial_dag.py
[2026-07-01T09:17:12.767+0000] {processor.py:914} INFO - Processing file /home/airflow/.local/lib/python3.12/site-packages/airflow/example_dags/tutorial_dag.py for tasks to queue
[2026-07-01T09:17:12.769+0000] {logging_mixin.py:190} INFO - [2026-07-01T09:17:12.769+0000] {dagbag.py:587} INFO - Filling up the DagBag from /home/airflow/.local/lib/python3.12/site-packages/airflow/example_dags/tutorial_dag.py
[2026-07-01T09:17:12.774+0000] {processor.py:925} INFO - DAG(s) 'tutorial_dag' retrieved from /home/airflow/.local/lib/python3.12/site-packages/airflow/example_dags/tutorial_dag.py
[2026-07-01T09:17:12.788+0000] {logging_mixin.py:190} INFO - [2026-07-01T09:17:12.788+0000] {dag.py:3211} INFO - Sync 1 DAGs
[2026-07-01T09:17:12.797+0000] {logging_mixin.py:190} INFO - [2026-07-01T09:17:12.796+0000] {dag.py:4138} INFO - Setting next_dagrun for tutorial_dag to None, run_after=None
[2026-07-01T09:17:12.809+0000] {processor.py:208} INFO - Processing /home/airflow/.local/lib/python3.12/site-packages/airflow/example_dags/tutorial_dag.py took 0.048 seconds
[2026-07-01T09:17:43.325+0000] {processor.py:186} INFO - Started process (PID=1057) to work on /home/airflow/.local/lib/python3.12/site-packages/airflow/example_dags/tutorial_dag.py
[2026-07-01T09:17:43.326+0000] {processor.py:914} INFO - Processing file /home/airflow/.local/lib/python3.12/site-packages/airflow/example_dags/tutorial_dag.py for tasks to queue
[2026-07-01T09:17:43.328+0000] {logging_mixin.py:190} INFO - [2026-07-01T09:17:43.328+0000] {dagbag.py:587} INFO - Filling up the DagBag from /home/airflow/.local/lib/python3.12/site-packages/airflow/example_dags/tutorial_dag.py
[2026-07-01T09:17:43.339+0000] {processor.py:925} INFO - DAG(s) 'tutorial_dag' retrieved from /home/airflow/.local/lib/python3.12/site-packages/airflow/example_dags/tutorial_dag.py
[2026-07-01T09:17:43.353+0000] {logging_mixin.py:190} INFO - [2026-07-01T09:17:43.352+0000] {dag.py:3211} INFO - Sync 1 DAGs
[2026-07-01T09:17:43.362+0000] {logging_mixin.py:190} INFO - [2026-07-01T09:17:43.361+0000] {dag.py:4138} INFO - Setting next_dagrun for tutorial_dag to None, run_after=None
[2026-07-01T09:17:43.375+0000] {processor.py:208} INFO - Processing /home/airflow/.local/lib/python3.12/site-packages/airflow/example_dags/tutorial_dag.py took 0.055 seconds
[2026-07-01T09:18:13.513+0000] {processor.py:186} INFO - Started process (PID=1119) to work on /home/airflow/.local/lib/python3.12/site-packages/airflow/example_dags/tutorial_dag.py
[2026-07-01T09:18:13.513+0000] {processor.py:914} INFO - Processing file /home/airflow/.local/lib/python3.12/site-packages/airflow/example_dags/tutorial_dag.py for tasks to queue
[2026-07-01T09:18:13.515+0000] {logging_mixin.py:190} INFO - [2026-07-01T09:18:13.515+0000] {dagbag.py:587} INFO - Filling up the DagBag from /home/airflow/.local/lib/python3.12/site-packages/airflow/example_dags/tutorial_dag.py
[2026-07-01T09:18:13.520+0000] {processor.py:925} INFO - DAG(s) 'tutorial_dag' retrieved from /home/airflow/.local/lib/python3.12/site-packages/airflow/example_dags/tutorial_dag.py
[2026-07-01T09:18:13.534+0000] {logging_mixin.py:190} INFO - [2026-07-01T09:18:13.533+0000] {dag.py:3211} INFO - Sync 1 DAGs
[2026-07-01T09:18:13.542+0000] {logging_mixin.py:190} INFO - [2026-07-01T09:18:13.542+0000] {dag.py:4138} INFO - Setting next_dagrun for tutorial_dag to None, run_after=None
[2026-07-01T09:18:13.554+0000] {processor.py:208} INFO - Processing /home/airflow/.local/lib/python3.12/site-packages/airflow/example_dags/tutorial_dag.py took 0.046 seconds
[2026-07-01T09:18:43.980+0000] {processor.py:186} INFO - Started process (PID=1181) to work on /home/airflow/.local/lib/python3.12/site-packages/airflow/example_dags/tutorial_dag.py
[2026-07-01T09:18:43.982+0000] {processor.py:914} INFO - Processing file /home/airflow/.local/lib/python3.12/site-packages/airflow/example_dags/tutorial_dag.py for tasks to queue
[2026-07-01T09:18:43.985+0000] {logging_mixin.py:190} INFO - [2026-07-01T09:18:43.985+0000] {dagbag.py:587} INFO - Filling up the DagBag from /home/airflow/.local/lib/python3.12/site-packages/airflow/example_dags/tutorial_dag.py
[2026-07-01T09:18:43.991+0000] {processor.py:925} INFO - DAG(s) 'tutorial_dag' retrieved from /home/airflow/.local/lib/python3.12/site-packages/airflow/example_dags/tutorial_dag.py
[2026-07-01T09:18:44.007+0000] {logging_mixin.py:190} INFO - [2026-07-01T09:18:44.007+0000] {dag.py:3211} INFO - Sync 1 DAGs
[2026-07-01T09:18:44.017+0000] {logging_mixin.py:190} INFO - [2026-07-01T09:18:44.017+0000] {dag.py:4138} INFO - Setting next_dagrun for tutorial_dag to None, run_after=None
[2026-07-01T09:18:44.029+0000] {processor.py:208} INFO - Processing /home/airflow/.local/lib/python3.12/site-packages/airflow/example_dags/tutorial_dag.py took 0.053 seconds
[2026-07-01T09:19:14.934+0000] {processor.py:186} INFO - Started process (PID=1243) to work on /home/airflow/.local/lib/python3.12/site-packages/airflow/example_dags/tutorial_dag.py
[2026-07-01T09:19:14.934+0000] {processor.py:914} INFO - Processing file /home/airflow/.local/lib/python3.12/site-packages/airflow/example_dags/tutorial_dag.py for tasks to queue
[2026-07-01T09:19:14.936+0000] {logging_mixin.py:190} INFO - [2026-07-01T09:19:14.936+0000] {dagbag.py:587} INFO - Filling up the DagBag from /home/airflow/.local/lib/python3.12/site-packages/airflow/example_dags/tutorial_dag.py
[2026-07-01T09:19:14.941+0000] {processor.py:925} INFO - DAG(s) 'tutorial_dag' retrieved from /home/airflow/.local/lib/python3.12/site-packages/airflow/example_dags/tutorial_dag.py
[2026-07-01T09:19:14.954+0000] {logging_mixin.py:190} INFO - [2026-07-01T09:19:14.954+0000] {dag.py:3211} INFO - Sync 1 DAGs
[2026-07-01T09:19:14.963+0000] {logging_mixin.py:190} INFO - [2026-07-01T09:19:14.963+0000] {dag.py:4138} INFO - Setting next_dagrun for tutorial_dag to None, run_after=None
[2026-07-01T09:19:14.975+0000] {processor.py:208} INFO - Processing /home/airflow/.local/lib/python3.12/site-packages/airflow/example_dags/tutorial_dag.py took 0.046 seconds
[2026-07-01T09:19:45.591+0000] {processor.py:186} INFO - Started process (PID=1305) to work on /home/airflow/.local/lib/python3.12/site-packages/airflow/example_dags/tutorial_dag.py
[2026-07-01T09:19:45.592+0000] {processor.py:914} INFO - Processing file /home/airflow/.local/lib/python3.12/site-packages/airflow/example_dags/tutorial_dag.py for tasks to queue
[2026-07-01T09:19:45.594+0000] {logging_mixin.py:190} INFO - [2026-07-01T09:19:45.594+0000] {dagbag.py:587} INFO - Filling up the DagBag from /home/airflow/.local/lib/python3.12/site-packages/airflow/example_dags/tutorial_dag.py
[2026-07-01T09:19:45.600+0000] {processor.py:925} INFO - DAG(s) 'tutorial_dag' retrieved from /home/airflow/.local/lib/python3.12/site-packages/airflow/example_dags/tutorial_dag.py
[2026-07-01T09:19:45.614+0000] {logging_mixin.py:190} INFO - [2026-07-01T09:19:45.613+0000] {dag.py:3211} INFO - Sync 1 DAGs
[2026-07-01T09:19:45.622+0000] {logging_mixin.py:190} INFO - [2026-07-01T09:19:45.622+0000] {dag.py:4138} INFO - Setting next_dagrun for tutorial_dag to None, run_after=None
[2026-07-01T09:19:45.634+0000] {processor.py:208} INFO - Processing /home/airflow/.local/lib/python3.12/site-packages/airflow/example_dags/tutorial_dag.py took 0.047 seconds
[2026-07-01T09:20:16.282+0000] {processor.py:186} INFO - Started process (PID=1367) to work on /home/airflow/.local/lib/python3.12/site-packages/airflow/example_dags/tutorial_dag.py
[2026-07-01T09:20:16.283+0000] {processor.py:914} INFO - Processing file /home/airflow/.local/lib/python3.12/site-packages/airflow/example_dags/tutorial_dag.py for tasks to queue
[2026-07-01T09:20:16.285+0000] {logging_mixin.py:190} INFO - [2026-07-01T09:20:16.285+0000] {dagbag.py:587} INFO - Filling up the DagBag from /home/airflow/.local/lib/python3.12/site-packages/airflow/example_dags/tutorial_dag.py
[2026-07-01T09:20:16.290+0000] {processor.py:925} INFO - DAG(s) 'tutorial_dag' retrieved from /home/airflow/.local/lib/python3.12/site-packages/airflow/example_dags/tutorial_dag.py
[2026-07-01T09:20:16.304+0000] {logging_mixin.py:190} INFO - [2026-07-01T09:20:16.303+0000] {dag.py:3211} INFO - Sync 1 DAGs
[2026-07-01T09:20:16.312+0000] {logging_mixin.py:190} INFO - [2026-07-01T09:20:16.312+0000] {dag.py:4138} INFO - Setting next_dagrun for tutorial_dag to None, run_after=None
[2026-07-01T09:20:16.324+0000] {processor.py:208} INFO - Processing /home/airflow/.local/lib/python3.12/site-packages/airflow/example_dags/tutorial_dag.py took 0.046 seconds
[2026-07-01T09:20:47.136+0000] {processor.py:186} INFO - Started process (PID=1429) to work on /home/airflow/.local/lib/python3.12/site-packages/airflow/example_dags/tutorial_dag.py
[2026-07-01T09:20:47.137+0000] {processor.py:914} INFO - Processing file /home/airflow/.local/lib/python3.12/site-packages/airflow/example_dags/tutorial_dag.py for tasks to queue
[2026-07-01T09:20:47.139+0000] {logging_mixin.py:190} INFO - [2026-07-01T09:20:47.139+0000] {dagbag.py:587} INFO - Filling up the DagBag from /home/airflow/.local/lib/python3.12/site-packages/airflow/example_dags/tutorial_dag.py
[2026-07-01T09:20:47.146+0000] {processor.py:925} INFO - DAG(s) 'tutorial_dag' retrieved from /home/airflow/.local/lib/python3.12/site-packages/airflow/example_dags/tutorial_dag.py
[2026-07-01T09:20:47.164+0000] {logging_mixin.py:190} INFO - [2026-07-01T09:20:47.163+0000] {dag.py:3211} INFO - Sync 1 DAGs
[2026-07-01T09:20:47.175+0000] {logging_mixin.py:190} INFO - [2026-07-01T09:20:47.174+0000] {dag.py:4138} INFO - Setting next_dagrun for tutorial_dag to None, run_after=None
[2026-07-01T09:20:47.190+0000] {processor.py:208} INFO - Processing /home/airflow/.local/lib/python3.12/site-packages/airflow/example_dags/tutorial_dag.py took 0.059 seconds
[2026-07-01T09:21:18.098+0000] {processor.py:186} INFO - Started process (PID=1491) to work on /home/airflow/.local/lib/python3.12/site-packages/airflow/example_dags/tutorial_dag.py
[2026-07-01T09:21:18.099+0000] {processor.py:914} INFO - Processing file /home/airflow/.local/lib/python3.12/site-packages/airflow/example_dags/tutorial_dag.py for tasks to queue
[2026-07-01T09:21:18.101+0000] {logging_mixin.py:190} INFO - [2026-07-01T09:21:18.101+0000] {dagbag.py:587} INFO - Filling up the DagBag from /home/airflow/.local/lib/python3.12/site-packages/airflow/example_dags/tutorial_dag.py
[2026-07-01T09:21:18.107+0000] {processor.py:925} INFO - DAG(s) 'tutorial_dag' retrieved from /home/airflow/.local/lib/python3.12/site-packages/airflow/example_dags/tutorial_dag.py
[2026-07-01T09:21:18.122+0000] {logging_mixin.py:190} INFO - [2026-07-01T09:21:18.122+0000] {dag.py:3211} INFO - Sync 1 DAGs
[2026-07-01T09:21:18.132+0000] {logging_mixin.py:190} INFO - [2026-07-01T09:21:18.132+0000] {dag.py:4138} INFO - Setting next_dagrun for tutorial_dag to None, run_after=None
[2026-07-01T09:21:18.147+0000] {processor.py:208} INFO - Processing /home/airflow/.local/lib/python3.12/site-packages/airflow/example_dags/tutorial_dag.py took 0.054 seconds
[2026-07-01T09:21:48.314+0000] {processor.py:186} INFO - Started process (PID=1553) to work on /home/airflow/.local/lib/python3.12/site-packages/airflow/example_dags/tutorial_dag.py
[2026-07-01T09:21:48.315+0000] {processor.py:914} INFO - Processing file /home/airflow/.local/lib/python3.12/site-packages/airflow/example_dags/tutorial_dag.py for tasks to queue
[2026-07-01T09:21:48.317+0000] {logging_mixin.py:190} INFO - [2026-07-01T09:21:48.317+0000] {dagbag.py:587} INFO - Filling up the DagBag from /home/airflow/.local/lib/python3.12/site-packages/airflow/example_dags/tutorial_dag.py
[2026-07-01T09:21:48.322+0000] {processor.py:925} INFO - DAG(s) 'tutorial_dag' retrieved from /home/airflow/.local/lib/python3.12/site-packages/airflow/example_dags/tutorial_dag.py
[2026-07-01T09:21:48.337+0000] {logging_mixin.py:190} INFO - [2026-07-01T09:21:48.337+0000] {dag.py:3211} INFO - Sync 1 DAGs
[2026-07-01T09:21:48.346+0000] {logging_mixin.py:190} INFO - [2026-07-01T09:21:48.346+0000] {dag.py:4138} INFO - Setting next_dagrun for tutorial_dag to None, run_after=None
[2026-07-01T09:21:48.359+0000] {processor.py:208} INFO - Processing /home/airflow/.local/lib/python3.12/site-packages/airflow/example_dags/tutorial_dag.py took 0.050 seconds
[2026-07-01T09:22:18.692+0000] {processor.py:186} INFO - Started process (PID=1615) to work on /home/airflow/.local/lib/python3.12/site-packages/airflow/example_dags/tutorial_dag.py
[2026-07-01T09:22:18.693+0000] {processor.py:914} INFO - Processing file /home/airflow/.local/lib/python3.12/site-packages/airflow/example_dags/tutorial_dag.py for tasks to queue
[2026-07-01T09:22:18.695+0000] {logging_mixin.py:190} INFO - [2026-07-01T09:22:18.695+0000] {dagbag.py:587} INFO - Filling up the DagBag from /home/airflow/.local/lib/python3.12/site-packages/airflow/example_dags/tutorial_dag.py
[2026-07-01T09:22:18.700+0000] {processor.py:925} INFO - DAG(s) 'tutorial_dag' retrieved from /home/airflow/.local/lib/python3.12/site-packages/airflow/example_dags/tutorial_dag.py
[2026-07-01T09:22:18.713+0000] {logging_mixin.py:190} INFO - [2026-07-01T09:22:18.713+0000] {dag.py:3211} INFO - Sync 1 DAGs
[2026-07-01T09:22:18.722+0000] {logging_mixin.py:190} INFO - [2026-07-01T09:22:18.722+0000] {dag.py:4138} INFO - Setting next_dagrun for tutorial_dag to None, run_after=None
[2026-07-01T09:22:18.734+0000] {processor.py:208} INFO - Processing /home/airflow/.local/lib/python3.12/site-packages/airflow/example_dags/tutorial_dag.py took 0.046 seconds
[2026-07-01T09:22:48.873+0000] {processor.py:186} INFO - Started process (PID=1677) to work on /home/airflow/.local/lib/python3.12/site-packages/airflow/example_dags/tutorial_dag.py
[2026-07-01T09:22:48.874+0000] {processor.py:914} INFO - Processing file /home/airflow/.local/lib/python3.12/site-packages/airflow/example_dags/tutorial_dag.py for tasks to queue
[2026-07-01T09:22:48.876+0000] {logging_mixin.py:190} INFO - [2026-07-01T09:22:48.875+0000] {dagbag.py:587} INFO - Filling up the DagBag from /home/airflow/.local/lib/python3.12/site-packages/airflow/example_dags/tutorial_dag.py
[2026-07-01T09:22:48.881+0000] {processor.py:925} INFO - DAG(s) 'tutorial_dag' retrieved from /home/airflow/.local/lib/python3.12/site-packages/airflow/example_dags/tutorial_dag.py
[2026-07-01T09:22:48.893+0000] {logging_mixin.py:190} INFO - [2026-07-01T09:22:48.893+0000] {dag.py:3211} INFO - Sync 1 DAGs
[2026-07-01T09:22:48.902+0000] {logging_mixin.py:190} INFO - [2026-07-01T09:22:48.902+0000] {dag.py:4138} INFO - Setting next_dagrun for tutorial_dag to None, run_after=None
[2026-07-01T09:22:48.915+0000] {processor.py:208} INFO - Processing /home/airflow/.local/lib/python3.12/site-packages/airflow/example_dags/tutorial_dag.py took 0.047 seconds
[2026-07-01T09:23:19.854+0000] {processor.py:186} INFO - Started process (PID=1739) to work on /home/airflow/.local/lib/python3.12/site-packages/airflow/example_dags/tutorial_dag.py
[2026-07-01T09:23:19.855+0000] {processor.py:914} INFO - Processing file /home/airflow/.local/lib/python3.12/site-packages/airflow/example_dags/tutorial_dag.py for tasks to queue
[2026-07-01T09:23:19.857+0000] {logging_mixin.py:190} INFO - [2026-07-01T09:23:19.857+0000] {dagbag.py:587} INFO - Filling up the DagBag from /home/airflow/.local/lib/python3.12/site-packages/airflow/example_dags/tutorial_dag.py
[2026-07-01T09:23:19.863+0000] {processor.py:925} INFO - DAG(s) 'tutorial_dag' retrieved from /home/airflow/.local/lib/python3.12/site-packages/airflow/example_dags/tutorial_dag.py
[2026-07-01T09:23:19.878+0000] {logging_mixin.py:190} INFO - [2026-07-01T09:23:19.878+0000] {dag.py:3211} INFO - Sync 1 DAGs
[2026-07-01T09:23:19.888+0000] {logging_mixin.py:190} INFO - [2026-07-01T09:23:19.888+0000] {dag.py:4138} INFO - Setting next_dagrun for tutorial_dag to None, run_after=None
[2026-07-01T09:23:19.902+0000] {processor.py:208} INFO - Processing /home/airflow/.local/lib/python3.12/site-packages/airflow/example_dags/tutorial_dag.py took 0.053 seconds
[2026-07-01T09:23:50.451+0000] {processor.py:186} INFO - Started process (PID=1801) to work on /home/airflow/.local/lib/python3.12/site-packages/airflow/example_dags/tutorial_dag.py
[2026-07-01T09:23:50.452+0000] {processor.py:914} INFO - Processing file /home/airflow/.local/lib/python3.12/site-packages/airflow/example_dags/tutorial_dag.py for tasks to queue
[2026-07-01T09:23:50.454+0000] {logging_mixin.py:190} INFO - [2026-07-01T09:23:50.454+0000] {dagbag.py:587} INFO - Filling up the DagBag from /home/airflow/.local/lib/python3.12/site-packages/airflow/example_dags/tutorial_dag.py
[2026-07-01T09:23:50.459+0000] {processor.py:925} INFO - DAG(s) 'tutorial_dag' retrieved from /home/airflow/.local/lib/python3.12/site-packages/airflow/example_dags/tutorial_dag.py
[2026-07-01T09:23:50.472+0000] {logging_mixin.py:190} INFO - [2026-07-01T09:23:50.472+0000] {dag.py:3211} INFO - Sync 1 DAGs
[2026-07-01T09:23:50.480+0000] {logging_mixin.py:190} INFO - [2026-07-01T09:23:50.480+0000] {dag.py:4138} INFO - Setting next_dagrun for tutorial_dag to None, run_after=None
[2026-07-01T09:23:50.492+0000] {processor.py:208} INFO - Processing /home/airflow/.local/lib/python3.12/site-packages/airflow/example_dags/tutorial_dag.py took 0.045 seconds
[2026-07-01T09:24:20.688+0000] {processor.py:186} INFO - Started process (PID=1863) to work on /home/airflow/.local/lib/python3.12/site-packages/airflow/example_dags/tutorial_dag.py
[2026-07-01T09:24:20.689+0000] {processor.py:914} INFO - Processing file /home/airflow/.local/lib/python3.12/site-packages/airflow/example_dags/tutorial_dag.py for tasks to queue
[2026-07-01T09:24:20.690+0000] {logging_mixin.py:190} INFO - [2026-07-01T09:24:20.690+0000] {dagbag.py:587} INFO - Filling up the DagBag from /home/airflow/.local/lib/python3.12/site-packages/airflow/example_dags/tutorial_dag.py
[2026-07-01T09:24:20.695+0000] {processor.py:925} INFO - DAG(s) 'tutorial_dag' retrieved from /home/airflow/.local/lib/python3.12/site-packages/airflow/example_dags/tutorial_dag.py
[2026-07-01T09:24:20.709+0000] {logging_mixin.py:190} INFO - [2026-07-01T09:24:20.709+0000] {dag.py:3211} INFO - Sync 1 DAGs
[2026-07-01T09:24:20.717+0000] {logging_mixin.py:190} INFO - [2026-07-01T09:24:20.717+0000] {dag.py:4138} INFO - Setting next_dagrun for tutorial_dag to None, run_after=None
[2026-07-01T09:24:20.729+0000] {processor.py:208} INFO - Processing /home/airflow/.local/lib/python3.12/site-packages/airflow/example_dags/tutorial_dag.py took 0.045 seconds
[2026-07-01T09:24:50.891+0000] {processor.py:186} INFO - Started process (PID=1925) to work on /home/airflow/.local/lib/python3.12/site-packages/airflow/example_dags/tutorial_dag.py
[2026-07-01T09:24:50.892+0000] {processor.py:914} INFO - Processing file /home/airflow/.local/lib/python3.12/site-packages/airflow/example_dags/tutorial_dag.py for tasks to queue
[2026-07-01T09:24:50.894+0000] {logging_mixin.py:190} INFO - [2026-07-01T09:24:50.893+0000] {dagbag.py:587} INFO - Filling up the DagBag from /home/airflow/.local/lib/python3.12/site-packages/airflow/example_dags/tutorial_dag.py
[2026-07-01T09:24:50.899+0000] {processor.py:925} INFO - DAG(s) 'tutorial_dag' retrieved from /home/airflow/.local/lib/python3.12/site-packages/airflow/example_dags/tutorial_dag.py
[2026-07-01T09:24:50.912+0000] {logging_mixin.py:190} INFO - [2026-07-01T09:24:50.912+0000] {dag.py:3211} INFO - Sync 1 DAGs
[2026-07-01T09:24:50.921+0000] {logging_mixin.py:190} INFO - [2026-07-01T09:24:50.921+0000] {dag.py:4138} INFO - Setting next_dagrun for tutorial_dag to None, run_after=None
[2026-07-01T09:24:50.934+0000] {processor.py:208} INFO - Processing /home/airflow/.local/lib/python3.12/site-packages/airflow/example_dags/tutorial_dag.py took 0.048 seconds
[2026-07-01T09:25:21.936+0000] {processor.py:186} INFO - Started process (PID=1987) to work on /home/airflow/.local/lib/python3.12/site-packages/airflow/example_dags/tutorial_dag.py
[2026-07-01T09:25:21.937+0000] {processor.py:914} INFO - Processing file /home/airflow/.local/lib/python3.12/site-packages/airflow/example_dags/tutorial_dag.py for tasks to queue
[2026-07-01T09:25:21.939+0000] {logging_mixin.py:190} INFO - [2026-07-01T09:25:21.939+0000] {dagbag.py:587} INFO - Filling up the DagBag from /home/airflow/.local/lib/python3.12/site-packages/airflow/example_dags/tutorial_dag.py
[2026-07-01T09:25:21.945+0000] {processor.py:925} INFO - DAG(s) 'tutorial_dag' retrieved from /home/airflow/.local/lib/python3.12/site-packages/airflow/example_dags/tutorial_dag.py
[2026-07-01T09:25:21.961+0000] {logging_mixin.py:190} INFO - [2026-07-01T09:25:21.961+0000] {dag.py:3211} INFO - Sync 1 DAGs
[2026-07-01T09:25:21.970+0000] {logging_mixin.py:190} INFO - [2026-07-01T09:25:21.970+0000] {dag.py:4138} INFO - Setting next_dagrun for tutorial_dag to None, run_after=None
[2026-07-01T09:25:21.982+0000] {processor.py:208} INFO - Processing /home/airflow/.local/lib/python3.12/site-packages/airflow/example_dags/tutorial_dag.py took 0.051 seconds
[2026-07-01T09:30:06.503+0000] {processor.py:186} INFO - Started process (PID=2043) to work on /home/airflow/.local/lib/python3.12/site-packages/airflow/example_dags/tutorial_dag.py
[2026-07-01T09:30:06.504+0000] {processor.py:914} INFO - Processing file /home/airflow/.local/lib/python3.12/site-packages/airflow/example_dags/tutorial_dag.py for tasks to queue
[2026-07-01T09:30:06.506+0000] {logging_mixin.py:190} INFO - [2026-07-01T09:30:06.506+0000] {dagbag.py:587} INFO - Filling up the DagBag from /home/airflow/.local/lib/python3.12/site-packages/airflow/example_dags/tutorial_dag.py
[2026-07-01T09:30:06.511+0000] {processor.py:925} INFO - DAG(s) 'tutorial_dag' retrieved from /home/airflow/.local/lib/python3.12/site-packages/airflow/example_dags/tutorial_dag.py
[2026-07-01T09:30:06.525+0000] {logging_mixin.py:190} INFO - [2026-07-01T09:30:06.525+0000] {dag.py:3211} INFO - Sync 1 DAGs
[2026-07-01T09:30:06.535+0000] {logging_mixin.py:190} INFO - [2026-07-01T09:30:06.535+0000] {dag.py:4138} INFO - Setting next_dagrun for tutorial_dag to None, run_after=None
[2026-07-01T09:30:06.547+0000] {processor.py:208} INFO - Processing /home/airflow/.local/lib/python3.12/site-packages/airflow/example_dags/tutorial_dag.py took 0.049 seconds
[2026-07-01T09:30:37.287+0000] {processor.py:186} INFO - Started process (PID=2105) to work on /home/airflow/.local/lib/python3.12/site-packages/airflow/example_dags/tutorial_dag.py
[2026-07-01T09:30:37.288+0000] {processor.py:914} INFO - Processing file /home/airflow/.local/lib/python3.12/site-packages/airflow/example_dags/tutorial_dag.py for tasks to queue
[2026-07-01T09:30:37.291+0000] {logging_mixin.py:190} INFO - [2026-07-01T09:30:37.290+0000] {dagbag.py:587} INFO - Filling up the DagBag from /home/airflow/.local/lib/python3.12/site-packages/airflow/example_dags/tutorial_dag.py
[2026-07-01T09:30:37.297+0000] {processor.py:925} INFO - DAG(s) 'tutorial_dag' retrieved from /home/airflow/.local/lib/python3.12/site-packages/airflow/example_dags/tutorial_dag.py
[2026-07-01T09:30:37.312+0000] {logging_mixin.py:190} INFO - [2026-07-01T09:30:37.312+0000] {dag.py:3211} INFO - Sync 1 DAGs
[2026-07-01T09:30:37.322+0000] {logging_mixin.py:190} INFO - [2026-07-01T09:30:37.321+0000] {dag.py:4138} INFO - Setting next_dagrun for tutorial_dag to None, run_after=None
[2026-07-01T09:30:37.334+0000] {processor.py:208} INFO - Processing /home/airflow/.local/lib/python3.12/site-packages/airflow/example_dags/tutorial_dag.py took 0.052 seconds
[2026-07-01T09:31:07.675+0000] {processor.py:186} INFO - Started process (PID=2167) to work on /home/airflow/.local/lib/python3.12/site-packages/airflow/example_dags/tutorial_dag.py
[2026-07-01T09:31:07.675+0000] {processor.py:914} INFO - Processing file /home/airflow/.local/lib/python3.12/site-packages/airflow/example_dags/tutorial_dag.py for tasks to queue
[2026-07-01T09:31:07.677+0000] {logging_mixin.py:190} INFO - [2026-07-01T09:31:07.677+0000] {dagbag.py:587} INFO - Filling up the DagBag from /home/airflow/.local/lib/python3.12/site-packages/airflow/example_dags/tutorial_dag.py
[2026-07-01T09:31:07.682+0000] {processor.py:925} INFO - DAG(s) 'tutorial_dag' retrieved from /home/airflow/.local/lib/python3.12/site-packages/airflow/example_dags/tutorial_dag.py
[2026-07-01T09:31:07.696+0000] {logging_mixin.py:190} INFO - [2026-07-01T09:31:07.696+0000] {dag.py:3211} INFO - Sync 1 DAGs
[2026-07-01T09:31:07.705+0000] {logging_mixin.py:190} INFO - [2026-07-01T09:31:07.705+0000] {dag.py:4138} INFO - Setting next_dagrun for tutorial_dag to None, run_after=None
[2026-07-01T09:31:07.717+0000] {processor.py:208} INFO - Processing /home/airflow/.local/lib/python3.12/site-packages/airflow/example_dags/tutorial_dag.py took 0.047 seconds
[2026-07-01T09:31:38.096+0000] {processor.py:186} INFO - Started process (PID=2229) to work on /home/airflow/.local/lib/python3.12/site-packages/airflow/example_dags/tutorial_dag.py
[2026-07-01T09:31:38.097+0000] {processor.py:914} INFO - Processing file /home/airflow/.local/lib/python3.12/site-packages/airflow/example_dags/tutorial_dag.py for tasks to queue
[2026-07-01T09:31:38.099+0000] {logging_mixin.py:190} INFO - [2026-07-01T09:31:38.099+0000] {dagbag.py:587} INFO - Filling up the DagBag from /home/airflow/.local/lib/python3.12/site-packages/airflow/example_dags/tutorial_dag.py
[2026-07-01T09:31:38.105+0000] {processor.py:925} INFO - DAG(s) 'tutorial_dag' retrieved from /home/airflow/.local/lib/python3.12/site-packages/airflow/example_dags/tutorial_dag.py
[2026-07-01T09:31:38.118+0000] {logging_mixin.py:190} INFO - [2026-07-01T09:31:38.118+0000] {dag.py:3211} INFO - Sync 1 DAGs
[2026-07-01T09:31:38.127+0000] {logging_mixin.py:190} INFO - [2026-07-01T09:31:38.127+0000] {dag.py:4138} INFO - Setting next_dagrun for tutorial_dag to None, run_after=None
[2026-07-01T09:31:38.140+0000] {processor.py:208} INFO - Processing /home/airflow/.local/lib/python3.12/site-packages/airflow/example_dags/tutorial_dag.py took 0.049 seconds
[2026-07-01T09:32:08.474+0000] {processor.py:186} INFO - Started process (PID=2291) to work on /home/airflow/.local/lib/python3.12/site-packages/airflow/example_dags/tutorial_dag.py
[2026-07-01T09:32:08.475+0000] {processor.py:914} INFO - Processing file /home/airflow/.local/lib/python3.12/site-packages/airflow/example_dags/tutorial_dag.py for tasks to queue
[2026-07-01T09:32:08.476+0000] {logging_mixin.py:190} INFO - [2026-07-01T09:32:08.476+0000] {dagbag.py:587} INFO - Filling up the DagBag from /home/airflow/.local/lib/python3.12/site-packages/airflow/example_dags/tutorial_dag.py
[2026-07-01T09:32:08.481+0000] {processor.py:925} INFO - DAG(s) 'tutorial_dag' retrieved from /home/airflow/.local/lib/python3.12/site-packages/airflow/example_dags/tutorial_dag.py
[2026-07-01T09:32:08.495+0000] {logging_mixin.py:190} INFO - [2026-07-01T09:32:08.495+0000] {dag.py:3211} INFO - Sync 1 DAGs
[2026-07-01T09:32:08.504+0000] {logging_mixin.py:190} INFO - [2026-07-01T09:32:08.504+0000] {dag.py:4138} INFO - Setting next_dagrun for tutorial_dag to None, run_after=None
[2026-07-01T09:32:08.516+0000] {processor.py:208} INFO - Processing /home/airflow/.local/lib/python3.12/site-packages/airflow/example_dags/tutorial_dag.py took 0.047 seconds
[2026-07-01T09:32:38.749+0000] {processor.py:186} INFO - Started process (PID=2353) to work on /home/airflow/.local/lib/python3.12/site-packages/airflow/example_dags/tutorial_dag.py
[2026-07-01T09:32:38.750+0000] {processor.py:914} INFO - Processing file /home/airflow/.local/lib/python3.12/site-packages/airflow/example_dags/tutorial_dag.py for tasks to queue
[2026-07-01T09:32:38.753+0000] {logging_mixin.py:190} INFO - [2026-07-01T09:32:38.753+0000] {dagbag.py:587} INFO - Filling up the DagBag from /home/airflow/.local/lib/python3.12/site-packages/airflow/example_dags/tutorial_dag.py
[2026-07-01T09:32:38.760+0000] {processor.py:925} INFO - DAG(s) 'tutorial_dag' retrieved from /home/airflow/.local/lib/python3.12/site-packages/airflow/example_dags/tutorial_dag.py
[2026-07-01T09:32:38.776+0000] {logging_mixin.py:190} INFO - [2026-07-01T09:32:38.776+0000] {dag.py:3211} INFO - Sync 1 DAGs
[2026-07-01T09:32:38.786+0000] {logging_mixin.py:190} INFO - [2026-07-01T09:32:38.786+0000] {dag.py:4138} INFO - Setting next_dagrun for tutorial_dag to None, run_after=None
[2026-07-01T09:32:38.800+0000] {processor.py:208} INFO - Processing /home/airflow/.local/lib/python3.12/site-packages/airflow/example_dags/tutorial_dag.py took 0.056 seconds
[2026-07-01T09:33:09.354+0000] {processor.py:186} INFO - Started process (PID=2415) to work on /home/airflow/.local/lib/python3.12/site-packages/airflow/example_dags/tutorial_dag.py
[2026-07-01T09:33:09.355+0000] {processor.py:914} INFO - Processing file /home/airflow/.local/lib/python3.12/site-packages/airflow/example_dags/tutorial_dag.py for tasks to queue
[2026-07-01T09:33:09.356+0000] {logging_mixin.py:190} INFO - [2026-07-01T09:33:09.356+0000] {dagbag.py:587} INFO - Filling up the DagBag from /home/airflow/.local/lib/python3.12/site-packages/airflow/example_dags/tutorial_dag.py
[2026-07-01T09:33:09.362+0000] {processor.py:925} INFO - DAG(s) 'tutorial_dag' retrieved from /home/airflow/.local/lib/python3.12/site-packages/airflow/example_dags/tutorial_dag.py
[2026-07-01T09:33:09.375+0000] {logging_mixin.py:190} INFO - [2026-07-01T09:33:09.375+0000] {dag.py:3211} INFO - Sync 1 DAGs
[2026-07-01T09:33:09.384+0000] {logging_mixin.py:190} INFO - [2026-07-01T09:33:09.383+0000] {dag.py:4138} INFO - Setting next_dagrun for tutorial_dag to None, run_after=None
[2026-07-01T09:33:09.395+0000] {processor.py:208} INFO - Processing /home/airflow/.local/lib/python3.12/site-packages/airflow/example_dags/tutorial_dag.py took 0.046 seconds
[2026-07-01T09:33:39.977+0000] {processor.py:186} INFO - Started process (PID=2477) to work on /home/airflow/.local/lib/python3.12/site-packages/airflow/example_dags/tutorial_dag.py
[2026-07-01T09:33:39.978+0000] {processor.py:914} INFO - Processing file /home/airflow/.local/lib/python3.12/site-packages/airflow/example_dags/tutorial_dag.py for tasks to queue
[2026-07-01T09:33:39.981+0000] {logging_mixin.py:190} INFO - [2026-07-01T09:33:39.980+0000] {dagbag.py:587} INFO - Filling up the DagBag from /home/airflow/.local/lib/python3.12/site-packages/airflow/example_dags/tutorial_dag.py
[2026-07-01T09:33:39.987+0000] {processor.py:925} INFO - DAG(s) 'tutorial_dag' retrieved from /home/airflow/.local/lib/python3.12/site-packages/airflow/example_dags/tutorial_dag.py
[2026-07-01T09:33:40.002+0000] {logging_mixin.py:190} INFO - [2026-07-01T09:33:40.002+0000] {dag.py:3211} INFO - Sync 1 DAGs
[2026-07-01T09:33:40.013+0000] {logging_mixin.py:190} INFO - [2026-07-01T09:33:40.013+0000] {dag.py:4138} INFO - Setting next_dagrun for tutorial_dag to None, run_after=None
[2026-07-01T09:33:40.026+0000] {processor.py:208} INFO - Processing /home/airflow/.local/lib/python3.12/site-packages/airflow/example_dags/tutorial_dag.py took 0.054 seconds
[2026-07-01T09:34:11.001+0000] {processor.py:186} INFO - Started process (PID=2539) to work on /home/airflow/.local/lib/python3.12/site-packages/airflow/example_dags/tutorial_dag.py
[2026-07-01T09:34:11.002+0000] {processor.py:914} INFO - Processing file /home/airflow/.local/lib/python3.12/site-packages/airflow/example_dags/tutorial_dag.py for tasks to queue
[2026-07-01T09:34:11.005+0000] {logging_mixin.py:190} INFO - [2026-07-01T09:34:11.004+0000] {dagbag.py:587} INFO - Filling up the DagBag from /home/airflow/.local/lib/python3.12/site-packages/airflow/example_dags/tutorial_dag.py
[2026-07-01T09:34:11.011+0000] {processor.py:925} INFO - DAG(s) 'tutorial_dag' retrieved from /home/airflow/.local/lib/python3.12/site-packages/airflow/example_dags/tutorial_dag.py
[2026-07-01T09:34:11.031+0000] {logging_mixin.py:190} INFO - [2026-07-01T09:34:11.031+0000] {dag.py:3211} INFO - Sync 1 DAGs
[2026-07-01T09:34:11.045+0000] {logging_mixin.py:190} INFO - [2026-07-01T09:34:11.045+0000] {dag.py:4138} INFO - Setting next_dagrun for tutorial_dag to None, run_after=None
[2026-07-01T09:34:11.065+0000] {processor.py:208} INFO - Processing /home/airflow/.local/lib/python3.12/site-packages/airflow/example_dags/tutorial_dag.py took 0.069 seconds
[2026-07-01T09:34:41.874+0000] {processor.py:186} INFO - Started process (PID=2601) to work on /home/airflow/.local/lib/python3.12/site-packages/airflow/example_dags/tutorial_dag.py
[2026-07-01T09:34:41.875+0000] {processor.py:914} INFO - Processing file /home/airflow/.local/lib/python3.12/site-packages/airflow/example_dags/tutorial_dag.py for tasks to queue
[2026-07-01T09:34:41.876+0000] {logging_mixin.py:190} INFO - [2026-07-01T09:34:41.876+0000] {dagbag.py:587} INFO - Filling up the DagBag from /home/airflow/.local/lib/python3.12/site-packages/airflow/example_dags/tutorial_dag.py
[2026-07-01T09:34:41.882+0000] {processor.py:925} INFO - DAG(s) 'tutorial_dag' retrieved from /home/airflow/.local/lib/python3.12/site-packages/airflow/example_dags/tutorial_dag.py
[2026-07-01T09:34:41.896+0000] {logging_mixin.py:190} INFO - [2026-07-01T09:34:41.896+0000] {dag.py:3211} INFO - Sync 1 DAGs
[2026-07-01T09:34:41.906+0000] {logging_mixin.py:190} INFO - [2026-07-01T09:34:41.905+0000] {dag.py:4138} INFO - Setting next_dagrun for tutorial_dag to None, run_after=None
[2026-07-01T09:34:41.919+0000] {processor.py:208} INFO - Processing /home/airflow/.local/lib/python3.12/site-packages/airflow/example_dags/tutorial_dag.py took 0.050 seconds
[2026-07-01T09:35:12.661+0000] {processor.py:186} INFO - Started process (PID=2663) to work on /home/airflow/.local/lib/python3.12/site-packages/airflow/example_dags/tutorial_dag.py
[2026-07-01T09:35:12.662+0000] {processor.py:914} INFO - Processing file /home/airflow/.local/lib/python3.12/site-packages/airflow/example_dags/tutorial_dag.py for tasks to queue
[2026-07-01T09:35:12.665+0000] {logging_mixin.py:190} INFO - [2026-07-01T09:35:12.665+0000] {dagbag.py:587} INFO - Filling up the DagBag from /home/airflow/.local/lib/python3.12/site-packages/airflow/example_dags/tutorial_dag.py
[2026-07-01T09:35:12.670+0000] {processor.py:925} INFO - DAG(s) 'tutorial_dag' retrieved from /home/airflow/.local/lib/python3.12/site-packages/airflow/example_dags/tutorial_dag.py
[2026-07-01T09:35:12.685+0000] {logging_mixin.py:190} INFO - [2026-07-01T09:35:12.684+0000] {dag.py:3211} INFO - Sync 1 DAGs
[2026-07-01T09:35:12.694+0000] {logging_mixin.py:190} INFO - [2026-07-01T09:35:12.694+0000] {dag.py:4138} INFO - Setting next_dagrun for tutorial_dag to None, run_after=None
[2026-07-01T09:35:12.706+0000] {processor.py:208} INFO - Processing /home/airflow/.local/lib/python3.12/site-packages/airflow/example_dags/tutorial_dag.py took 0.050 seconds
[2026-07-01T09:35:43.184+0000] {processor.py:186} INFO - Started process (PID=2725) to work on /home/airflow/.local/lib/python3.12/site-packages/airflow/example_dags/tutorial_dag.py
[2026-07-01T09:35:43.185+0000] {processor.py:914} INFO - Processing file /home/airflow/.local/lib/python3.12/site-packages/airflow/example_dags/tutorial_dag.py for tasks to queue
[2026-07-01T09:35:43.187+0000] {logging_mixin.py:190} INFO - [2026-07-01T09:35:43.187+0000] {dagbag.py:587} INFO - Filling up the DagBag from /home/airflow/.local/lib/python3.12/site-packages/airflow/example_dags/tutorial_dag.py
[2026-07-01T09:35:43.194+0000] {processor.py:925} INFO - DAG(s) 'tutorial_dag' retrieved from /home/airflow/.local/lib/python3.12/site-packages/airflow/example_dags/tutorial_dag.py
[2026-07-01T09:35:43.212+0000] {logging_mixin.py:190} INFO - [2026-07-01T09:35:43.211+0000] {dag.py:3211} INFO - Sync 1 DAGs
[2026-07-01T09:35:43.223+0000] {logging_mixin.py:190} INFO - [2026-07-01T09:35:43.223+0000] {dag.py:4138} INFO - Setting next_dagrun for tutorial_dag to None, run_after=None
[2026-07-01T09:35:43.239+0000] {processor.py:208} INFO - Processing /home/airflow/.local/lib/python3.12/site-packages/airflow/example_dags/tutorial_dag.py took 0.060 seconds
[2026-07-01T09:36:13.688+0000] {processor.py:186} INFO - Started process (PID=2787) to work on /home/airflow/.local/lib/python3.12/site-packages/airflow/example_dags/tutorial_dag.py
[2026-07-01T09:36:13.689+0000] {processor.py:914} INFO - Processing file /home/airflow/.local/lib/python3.12/site-packages/airflow/example_dags/tutorial_dag.py for tasks to queue
[2026-07-01T09:36:13.691+0000] {logging_mixin.py:190} INFO - [2026-07-01T09:36:13.691+0000] {dagbag.py:587} INFO - Filling up the DagBag from /home/airflow/.local/lib/python3.12/site-packages/airflow/example_dags/tutorial_dag.py
[2026-07-01T09:36:13.696+0000] {processor.py:925} INFO - DAG(s) 'tutorial_dag' retrieved from /home/airflow/.local/lib/python3.12/site-packages/airflow/example_dags/tutorial_dag.py
[2026-07-01T09:36:13.710+0000] {logging_mixin.py:190} INFO - [2026-07-01T09:36:13.710+0000] {dag.py:3211} INFO - Sync 1 DAGs
[2026-07-01T09:36:13.719+0000] {logging_mixin.py:190} INFO - [2026-07-01T09:36:13.719+0000] {dag.py:4138} INFO - Setting next_dagrun for tutorial_dag to None, run_after=None
[2026-07-01T09:36:13.731+0000] {processor.py:208} INFO - Processing /home/airflow/.local/lib/python3.12/site-packages/airflow/example_dags/tutorial_dag.py took 0.047 seconds
[2026-07-01T09:36:44.654+0000] {processor.py:186} INFO - Started process (PID=2849) to work on /home/airflow/.local/lib/python3.12/site-packages/airflow/example_dags/tutorial_dag.py
[2026-07-01T09:36:44.655+0000] {processor.py:914} INFO - Processing file /home/airflow/.local/lib/python3.12/site-packages/airflow/example_dags/tutorial_dag.py for tasks to queue
[2026-07-01T09:36:44.658+0000] {logging_mixin.py:190} INFO - [2026-07-01T09:36:44.658+0000] {dagbag.py:587} INFO - Filling up the DagBag from /home/airflow/.local/lib/python3.12/site-packages/airflow/example_dags/tutorial_dag.py
[2026-07-01T09:36:44.666+0000] {processor.py:925} INFO - DAG(s) 'tutorial_dag' retrieved from /home/airflow/.local/lib/python3.12/site-packages/airflow/example_dags/tutorial_dag.py
[2026-07-01T09:36:44.690+0000] {logging_mixin.py:190} INFO - [2026-07-01T09:36:44.690+0000] {dag.py:3211} INFO - Sync 1 DAGs
[2026-07-01T09:36:44.708+0000] {logging_mixin.py:190} INFO - [2026-07-01T09:36:44.708+0000] {dag.py:4138} INFO - Setting next_dagrun for tutorial_dag to None, run_after=None
[2026-07-01T09:36:44.726+0000] {processor.py:208} INFO - Processing /home/airflow/.local/lib/python3.12/site-packages/airflow/example_dags/tutorial_dag.py took 0.078 seconds
[2026-07-01T09:37:15.583+0000] {processor.py:186} INFO - Started process (PID=2911) to work on /home/airflow/.local/lib/python3.12/site-packages/airflow/example_dags/tutorial_dag.py
[2026-07-01T09:37:15.585+0000] {processor.py:914} INFO - Processing file /home/airflow/.local/lib/python3.12/site-packages/airflow/example_dags/tutorial_dag.py for tasks to queue
[2026-07-01T09:37:15.587+0000] {logging_mixin.py:190} INFO - [2026-07-01T09:37:15.587+0000] {dagbag.py:587} INFO - Filling up the DagBag from /home/airflow/.local/lib/python3.12/site-packages/airflow/example_dags/tutorial_dag.py
[2026-07-01T09:37:15.594+0000] {processor.py:925} INFO - DAG(s) 'tutorial_dag' retrieved from /home/airflow/.local/lib/python3.12/site-packages/airflow/example_dags/tutorial_dag.py
[2026-07-01T09:37:15.613+0000] {logging_mixin.py:190} INFO - [2026-07-01T09:37:15.613+0000] {dag.py:3211} INFO - Sync 1 DAGs
[2026-07-01T09:37:15.624+0000] {logging_mixin.py:190} INFO - [2026-07-01T09:37:15.624+0000] {dag.py:4138} INFO - Setting next_dagrun for tutorial_dag to None, run_after=None
[2026-07-01T09:37:15.639+0000] {processor.py:208} INFO - Processing /home/airflow/.local/lib/python3.12/site-packages/airflow/example_dags/tutorial_dag.py took 0.063 seconds
[2026-07-01T09:37:46.492+0000] {processor.py:186} INFO - Started process (PID=2973) to work on /home/airflow/.local/lib/python3.12/site-packages/airflow/example_dags/tutorial_dag.py
[2026-07-01T09:37:46.492+0000] {processor.py:914} INFO - Processing file /home/airflow/.local/lib/python3.12/site-packages/airflow/example_dags/tutorial_dag.py for tasks to queue
[2026-07-01T09:37:46.494+0000] {logging_mixin.py:190} INFO - [2026-07-01T09:37:46.494+0000] {dagbag.py:587} INFO - Filling up the DagBag from /home/airflow/.local/lib/python3.12/site-packages/airflow/example_dags/tutorial_dag.py
[2026-07-01T09:37:46.499+0000] {processor.py:925} INFO - DAG(s) 'tutorial_dag' retrieved from /home/airflow/.local/lib/python3.12/site-packages/airflow/example_dags/tutorial_dag.py
[2026-07-01T09:37:46.513+0000] {logging_mixin.py:190} INFO - [2026-07-01T09:37:46.513+0000] {dag.py:3211} INFO - Sync 1 DAGs
[2026-07-01T09:37:46.522+0000] {logging_mixin.py:190} INFO - [2026-07-01T09:37:46.521+0000] {dag.py:4138} INFO - Setting next_dagrun for tutorial_dag to None, run_after=None
[2026-07-01T09:37:46.534+0000] {processor.py:208} INFO - Processing /home/airflow/.local/lib/python3.12/site-packages/airflow/example_dags/tutorial_dag.py took 0.047 seconds
[2026-07-01T09:38:17.478+0000] {processor.py:186} INFO - Started process (PID=3035) to work on /home/airflow/.local/lib/python3.12/site-packages/airflow/example_dags/tutorial_dag.py
[2026-07-01T09:38:17.479+0000] {processor.py:914} INFO - Processing file /home/airflow/.local/lib/python3.12/site-packages/airflow/example_dags/tutorial_dag.py for tasks to queue
[2026-07-01T09:38:17.481+0000] {logging_mixin.py:190} INFO - [2026-07-01T09:38:17.481+0000] {dagbag.py:587} INFO - Filling up the DagBag from /home/airflow/.local/lib/python3.12/site-packages/airflow/example_dags/tutorial_dag.py
[2026-07-01T09:38:17.487+0000] {processor.py:925} INFO - DAG(s) 'tutorial_dag' retrieved from /home/airflow/.local/lib/python3.12/site-packages/airflow/example_dags/tutorial_dag.py
[2026-07-01T09:38:17.501+0000] {logging_mixin.py:190} INFO - [2026-07-01T09:38:17.501+0000] {dag.py:3211} INFO - Sync 1 DAGs
[2026-07-01T09:38:17.510+0000] {logging_mixin.py:190} INFO - [2026-07-01T09:38:17.510+0000] {dag.py:4138} INFO - Setting next_dagrun for tutorial_dag to None, run_after=None
[2026-07-01T09:38:17.523+0000] {processor.py:208} INFO - Processing /home/airflow/.local/lib/python3.12/site-packages/airflow/example_dags/tutorial_dag.py took 0.050 seconds
[2026-07-01T09:38:48.536+0000] {processor.py:186} INFO - Started process (PID=3097) to work on /home/airflow/.local/lib/python3.12/site-packages/airflow/example_dags/tutorial_dag.py
[2026-07-01T09:38:48.537+0000] {processor.py:914} INFO - Processing file /home/airflow/.local/lib/python3.12/site-packages/airflow/example_dags/tutorial_dag.py for tasks to queue
[2026-07-01T09:38:48.539+0000] {logging_mixin.py:190} INFO - [2026-07-01T09:38:48.539+0000] {dagbag.py:587} INFO - Filling up the DagBag from /home/airflow/.local/lib/python3.12/site-packages/airflow/example_dags/tutorial_dag.py
[2026-07-01T09:38:48.545+0000] {processor.py:925} INFO - DAG(s) 'tutorial_dag' retrieved from /home/airflow/.local/lib/python3.12/site-packages/airflow/example_dags/tutorial_dag.py
[2026-07-01T09:38:48.559+0000] {logging_mixin.py:190} INFO - [2026-07-01T09:38:48.558+0000] {dag.py:3211} INFO - Sync 1 DAGs
[2026-07-01T09:38:48.568+0000] {logging_mixin.py:190} INFO - [2026-07-01T09:38:48.568+0000] {dag.py:4138} INFO - Setting next_dagrun for tutorial_dag to None, run_after=None
[2026-07-01T09:38:48.582+0000] {processor.py:208} INFO - Processing /home/airflow/.local/lib/python3.12/site-packages/airflow/example_dags/tutorial_dag.py took 0.050 seconds
[2026-07-01T09:39:19.284+0000] {processor.py:186} INFO - Started process (PID=3159) to work on /home/airflow/.local/lib/python3.12/site-packages/airflow/example_dags/tutorial_dag.py
[2026-07-01T09:39:19.285+0000] {processor.py:914} INFO - Processing file /home/airflow/.local/lib/python3.12/site-packages/airflow/example_dags/tutorial_dag.py for tasks to queue
[2026-07-01T09:39:19.287+0000] {logging_mixin.py:190} INFO - [2026-07-01T09:39:19.287+0000] {dagbag.py:587} INFO - Filling up the DagBag from /home/airflow/.local/lib/python3.12/site-packages/airflow/example_dags/tutorial_dag.py
[2026-07-01T09:39:19.294+0000] {processor.py:925} INFO - DAG(s) 'tutorial_dag' retrieved from /home/airflow/.local/lib/python3.12/site-packages/airflow/example_dags/tutorial_dag.py
[2026-07-01T09:39:19.308+0000] {logging_mixin.py:190} INFO - [2026-07-01T09:39:19.308+0000] {dag.py:3211} INFO - Sync 1 DAGs
[2026-07-01T09:39:19.317+0000] {logging_mixin.py:190} INFO - [2026-07-01T09:39:19.317+0000] {dag.py:4138} INFO - Setting next_dagrun for tutorial_dag to None, run_after=None
[2026-07-01T09:39:19.329+0000] {processor.py:208} INFO - Processing /home/airflow/.local/lib/python3.12/site-packages/airflow/example_dags/tutorial_dag.py took 0.050 seconds
[2026-07-01T09:39:49.770+0000] {processor.py:186} INFO - Started process (PID=3227) to work on /home/airflow/.local/lib/python3.12/site-packages/airflow/example_dags/tutorial_dag.py
[2026-07-01T09:39:49.771+0000] {processor.py:914} INFO - Processing file /home/airflow/.local/lib/python3.12/site-packages/airflow/example_dags/tutorial_dag.py for tasks to queue
[2026-07-01T09:39:49.773+0000] {logging_mixin.py:190} INFO - [2026-07-01T09:39:49.773+0000] {dagbag.py:587} INFO - Filling up the DagBag from /home/airflow/.local/lib/python3.12/site-packages/airflow/example_dags/tutorial_dag.py
[2026-07-01T09:39:49.779+0000] {processor.py:925} INFO - DAG(s) 'tutorial_dag' retrieved from /home/airflow/.local/lib/python3.12/site-packages/airflow/example_dags/tutorial_dag.py
[2026-07-01T09:39:49.793+0000] {logging_mixin.py:190} INFO - [2026-07-01T09:39:49.793+0000] {dag.py:3211} INFO - Sync 1 DAGs
[2026-07-01T09:39:49.802+0000] {logging_mixin.py:190} INFO - [2026-07-01T09:39:49.802+0000] {dag.py:4138} INFO - Setting next_dagrun for tutorial_dag to None, run_after=None
[2026-07-01T09:39:49.815+0000] {processor.py:208} INFO - Processing /home/airflow/.local/lib/python3.12/site-packages/airflow/example_dags/tutorial_dag.py took 0.050 seconds
[2026-07-01T09:40:20.020+0000] {processor.py:186} INFO - Started process (PID=3289) to work on /home/airflow/.local/lib/python3.12/site-packages/airflow/example_dags/tutorial_dag.py
[2026-07-01T09:40:20.021+0000] {processor.py:914} INFO - Processing file /home/airflow/.local/lib/python3.12/site-packages/airflow/example_dags/tutorial_dag.py for tasks to queue
[2026-07-01T09:40:20.023+0000] {logging_mixin.py:190} INFO - [2026-07-01T09:40:20.023+0000] {dagbag.py:587} INFO - Filling up the DagBag from /home/airflow/.local/lib/python3.12/site-packages/airflow/example_dags/tutorial_dag.py
[2026-07-01T09:40:20.029+0000] {processor.py:925} INFO - DAG(s) 'tutorial_dag' retrieved from /home/airflow/.local/lib/python3.12/site-packages/airflow/example_dags/tutorial_dag.py
[2026-07-01T09:40:20.180+0000] {logging_mixin.py:190} INFO - [2026-07-01T09:40:20.180+0000] {dag.py:3211} INFO - Sync 1 DAGs
[2026-07-01T09:40:20.189+0000] {logging_mixin.py:190} INFO - [2026-07-01T09:40:20.189+0000] {dag.py:4138} INFO - Setting next_dagrun for tutorial_dag to None, run_after=None
[2026-07-01T09:40:20.203+0000] {processor.py:208} INFO - Processing /home/airflow/.local/lib/python3.12/site-packages/airflow/example_dags/tutorial_dag.py took 0.188 seconds
[2026-07-01T09:40:50.353+0000] {processor.py:186} INFO - Started process (PID=3351) to work on /home/airflow/.local/lib/python3.12/site-packages/airflow/example_dags/tutorial_dag.py
[2026-07-01T09:40:50.355+0000] {processor.py:914} INFO - Processing file /home/airflow/.local/lib/python3.12/site-packages/airflow/example_dags/tutorial_dag.py for tasks to queue
[2026-07-01T09:40:50.358+0000] {logging_mixin.py:190} INFO - [2026-07-01T09:40:50.357+0000] {dagbag.py:587} INFO - Filling up the DagBag from /home/airflow/.local/lib/python3.12/site-packages/airflow/example_dags/tutorial_dag.py
[2026-07-01T09:40:50.365+0000] {processor.py:925} INFO - DAG(s) 'tutorial_dag' retrieved from /home/airflow/.local/lib/python3.12/site-packages/airflow/example_dags/tutorial_dag.py
[2026-07-01T09:40:50.387+0000] {logging_mixin.py:190} INFO - [2026-07-01T09:40:50.387+0000] {dag.py:3211} INFO - Sync 1 DAGs
[2026-07-01T09:40:50.405+0000] {logging_mixin.py:190} INFO - [2026-07-01T09:40:50.405+0000] {dag.py:4138} INFO - Setting next_dagrun for tutorial_dag to None, run_after=None
[2026-07-01T09:40:50.427+0000] {processor.py:208} INFO - Processing /home/airflow/.local/lib/python3.12/site-packages/airflow/example_dags/tutorial_dag.py took 0.082 seconds
[2026-07-01T09:41:20.855+0000] {processor.py:186} INFO - Started process (PID=3413) to work on /home/airflow/.local/lib/python3.12/site-packages/airflow/example_dags/tutorial_dag.py
[2026-07-01T09:41:20.856+0000] {processor.py:914} INFO - Processing file /home/airflow/.local/lib/python3.12/site-packages/airflow/example_dags/tutorial_dag.py for tasks to queue
[2026-07-01T09:41:20.858+0000] {logging_mixin.py:190} INFO - [2026-07-01T09:41:20.858+0000] {dagbag.py:587} INFO - Filling up the DagBag from /home/airflow/.local/lib/python3.12/site-packages/airflow/example_dags/tutorial_dag.py
[2026-07-01T09:41:20.864+0000] {processor.py:925} INFO - DAG(s) 'tutorial_dag' retrieved from /home/airflow/.local/lib/python3.12/site-packages/airflow/example_dags/tutorial_dag.py
[2026-07-01T09:41:20.879+0000] {logging_mixin.py:190} INFO - [2026-07-01T09:41:20.879+0000] {dag.py:3211} INFO - Sync 1 DAGs
[2026-07-01T09:41:20.890+0000] {logging_mixin.py:190} INFO - [2026-07-01T09:41:20.890+0000] {dag.py:4138} INFO - Setting next_dagrun for tutorial_dag to None, run_after=None
[2026-07-01T09:41:20.904+0000] {processor.py:208} INFO - Processing /home/airflow/.local/lib/python3.12/site-packages/airflow/example_dags/tutorial_dag.py took 0.054 seconds
[2026-07-01T09:41:51.173+0000] {processor.py:186} INFO - Started process (PID=3475) to work on /home/airflow/.local/lib/python3.12/site-packages/airflow/example_dags/tutorial_dag.py
[2026-07-01T09:41:51.175+0000] {processor.py:914} INFO - Processing file /home/airflow/.local/lib/python3.12/site-packages/airflow/example_dags/tutorial_dag.py for tasks to queue
[2026-07-01T09:41:51.177+0000] {logging_mixin.py:190} INFO - [2026-07-01T09:41:51.177+0000] {dagbag.py:587} INFO - Filling up the DagBag from /home/airflow/.local/lib/python3.12/site-packages/airflow/example_dags/tutorial_dag.py
[2026-07-01T09:41:51.183+0000] {processor.py:925} INFO - DAG(s) 'tutorial_dag' retrieved from /home/airflow/.local/lib/python3.12/site-packages/airflow/example_dags/tutorial_dag.py
[2026-07-01T09:41:51.197+0000] {logging_mixin.py:190} INFO - [2026-07-01T09:41:51.197+0000] {dag.py:3211} INFO - Sync 1 DAGs
[2026-07-01T09:41:51.208+0000] {logging_mixin.py:190} INFO - [2026-07-01T09:41:51.207+0000] {dag.py:4138} INFO - Setting next_dagrun for tutorial_dag to None, run_after=None
[2026-07-01T09:41:51.221+0000] {processor.py:208} INFO - Processing /home/airflow/.local/lib/python3.12/site-packages/airflow/example_dags/tutorial_dag.py took 0.053 seconds
[2026-07-01T09:42:22.184+0000] {processor.py:186} INFO - Started process (PID=3537) to work on /home/airflow/.local/lib/python3.12/site-packages/airflow/example_dags/tutorial_dag.py
[2026-07-01T09:42:22.185+0000] {processor.py:914} INFO - Processing file /home/airflow/.local/lib/python3.12/site-packages/airflow/example_dags/tutorial_dag.py for tasks to queue
[2026-07-01T09:42:22.187+0000] {logging_mixin.py:190} INFO - [2026-07-01T09:42:22.187+0000] {dagbag.py:587} INFO - Filling up the DagBag from /home/airflow/.local/lib/python3.12/site-packages/airflow/example_dags/tutorial_dag.py
[2026-07-01T09:42:22.192+0000] {processor.py:925} INFO - DAG(s) 'tutorial_dag' retrieved from /home/airflow/.local/lib/python3.12/site-packages/airflow/example_dags/tutorial_dag.py
[2026-07-01T09:42:22.206+0000] {logging_mixin.py:190} INFO - [2026-07-01T09:42:22.206+0000] {dag.py:3211} INFO - Sync 1 DAGs
[2026-07-01T09:42:22.216+0000] {logging_mixin.py:190} INFO - [2026-07-01T09:42:22.216+0000] {dag.py:4138} INFO - Setting next_dagrun for tutorial_dag to None, run_after=None
[2026-07-01T09:42:22.229+0000] {processor.py:208} INFO - Processing /home/airflow/.local/lib/python3.12/site-packages/airflow/example_dags/tutorial_dag.py took 0.050 seconds
[2026-07-01T09:42:52.587+0000] {processor.py:186} INFO - Started process (PID=3599) to work on /home/airflow/.local/lib/python3.12/site-packages/airflow/example_dags/tutorial_dag.py
[2026-07-01T09:42:52.587+0000] {processor.py:914} INFO - Processing file /home/airflow/.local/lib/python3.12/site-packages/airflow/example_dags/tutorial_dag.py for tasks to queue
[2026-07-01T09:42:52.589+0000] {logging_mixin.py:190} INFO - [2026-07-01T09:42:52.589+0000] {dagbag.py:587} INFO - Filling up the DagBag from /home/airflow/.local/lib/python3.12/site-packages/airflow/example_dags/tutorial_dag.py
[2026-07-01T09:42:52.595+0000] {processor.py:925} INFO - DAG(s) 'tutorial_dag' retrieved from /home/airflow/.local/lib/python3.12/site-packages/airflow/example_dags/tutorial_dag.py
[2026-07-01T09:42:52.609+0000] {logging_mixin.py:190} INFO - [2026-07-01T09:42:52.609+0000] {dag.py:3211} INFO - Sync 1 DAGs
[2026-07-01T09:42:52.622+0000] {logging_mixin.py:190} INFO - [2026-07-01T09:42:52.622+0000] {dag.py:4138} INFO - Setting next_dagrun for tutorial_dag to None, run_after=None
[2026-07-01T09:42:52.635+0000] {processor.py:208} INFO - Processing /home/airflow/.local/lib/python3.12/site-packages/airflow/example_dags/tutorial_dag.py took 0.054 seconds
[2026-07-01T09:43:23.071+0000] {processor.py:186} INFO - Started process (PID=3661) to work on /home/airflow/.local/lib/python3.12/site-packages/airflow/example_dags/tutorial_dag.py
[2026-07-01T09:43:23.072+0000] {processor.py:914} INFO - Processing file /home/airflow/.local/lib/python3.12/site-packages/airflow/example_dags/tutorial_dag.py for tasks to queue
[2026-07-01T09:43:23.074+0000] {logging_mixin.py:190} INFO - [2026-07-01T09:43:23.074+0000] {dagbag.py:587} INFO - Filling up the DagBag from /home/airflow/.local/lib/python3.12/site-packages/airflow/example_dags/tutorial_dag.py
[2026-07-01T09:43:23.080+0000] {processor.py:925} INFO - DAG(s) 'tutorial_dag' retrieved from /home/airflow/.local/lib/python3.12/site-packages/airflow/example_dags/tutorial_dag.py
[2026-07-01T09:43:23.096+0000] {logging_mixin.py:190} INFO - [2026-07-01T09:43:23.096+0000] {dag.py:3211} INFO - Sync 1 DAGs
[2026-07-01T09:43:23.106+0000] {logging_mixin.py:190} INFO - [2026-07-01T09:43:23.105+0000] {dag.py:4138} INFO - Setting next_dagrun for tutorial_dag to None, run_after=None
[2026-07-01T09:43:23.119+0000] {processor.py:208} INFO - Processing /home/airflow/.local/lib/python3.12/site-packages/airflow/example_dags/tutorial_dag.py took 0.053 seconds
[2026-07-01T09:43:53.365+0000] {processor.py:186} INFO - Started process (PID=3723) to work on /home/airflow/.local/lib/python3.12/site-packages/airflow/example_dags/tutorial_dag.py
[2026-07-01T09:43:53.366+0000] {processor.py:914} INFO - Processing file /home/airflow/.local/lib/python3.12/site-packages/airflow/example_dags/tutorial_dag.py for tasks to queue
[2026-07-01T09:43:53.368+0000] {logging_mixin.py:190} INFO - [2026-07-01T09:43:53.368+0000] {dagbag.py:587} INFO - Filling up the DagBag from /home/airflow/.local/lib/python3.12/site-packages/airflow/example_dags/tutorial_dag.py
[2026-07-01T09:43:53.374+0000] {processor.py:925} INFO - DAG(s) 'tutorial_dag' retrieved from /home/airflow/.local/lib/python3.12/site-packages/airflow/example_dags/tutorial_dag.py
[2026-07-01T09:43:53.389+0000] {logging_mixin.py:190} INFO - [2026-07-01T09:43:53.388+0000] {dag.py:3211} INFO - Sync 1 DAGs
[2026-07-01T09:43:53.398+0000] {logging_mixin.py:190} INFO - [2026-07-01T09:43:53.398+0000] {dag.py:4138} INFO - Setting next_dagrun for tutorial_dag to None, run_after=None
[2026-07-01T09:43:53.410+0000] {processor.py:208} INFO - Processing /home/airflow/.local/lib/python3.12/site-packages/airflow/example_dags/tutorial_dag.py took 0.050 seconds
[2026-07-01T09:44:23.783+0000] {processor.py:186} INFO - Started process (PID=3785) to work on /home/airflow/.local/lib/python3.12/site-packages/airflow/example_dags/tutorial_dag.py
[2026-07-01T09:44:23.784+0000] {processor.py:914} INFO - Processing file /home/airflow/.local/lib/python3.12/site-packages/airflow/example_dags/tutorial_dag.py for tasks to queue
[2026-07-01T09:44:23.786+0000] {logging_mixin.py:190} INFO - [2026-07-01T09:44:23.786+0000] {dagbag.py:587} INFO - Filling up the DagBag from /home/airflow/.local/lib/python3.12/site-packages/airflow/example_dags/tutorial_dag.py
[2026-07-01T09:44:23.791+0000] {processor.py:925} INFO - DAG(s) 'tutorial_dag' retrieved from /home/airflow/.local/lib/python3.12/site-packages/airflow/example_dags/tutorial_dag.py
[2026-07-01T09:44:23.806+0000] {logging_mixin.py:190} INFO - [2026-07-01T09:44:23.806+0000] {dag.py:3211} INFO - Sync 1 DAGs
[2026-07-01T09:44:23.815+0000] {logging_mixin.py:190} INFO - [2026-07-01T09:44:23.815+0000] {dag.py:4138} INFO - Setting next_dagrun for tutorial_dag to None, run_after=None
[2026-07-01T09:44:23.828+0000] {processor.py:208} INFO - Processing /home/airflow/.local/lib/python3.12/site-packages/airflow/example_dags/tutorial_dag.py took 0.050 seconds
[2026-07-01T09:44:54.020+0000] {processor.py:186} INFO - Started process (PID=3847) to work on /home/airflow/.local/lib/python3.12/site-packages/airflow/example_dags/tutorial_dag.py
[2026-07-01T09:44:54.022+0000] {processor.py:914} INFO - Processing file /home/airflow/.local/lib/python3.12/site-packages/airflow/example_dags/tutorial_dag.py for tasks to queue
[2026-07-01T09:44:54.024+0000] {logging_mixin.py:190} INFO - [2026-07-01T09:44:54.024+0000] {dagbag.py:587} INFO - Filling up the DagBag from /home/airflow/.local/lib/python3.12/site-packages/airflow/example_dags/tutorial_dag.py
[2026-07-01T09:44:54.029+0000] {processor.py:925} INFO - DAG(s) 'tutorial_dag' retrieved from /home/airflow/.local/lib/python3.12/site-packages/airflow/example_dags/tutorial_dag.py
[2026-07-01T09:44:54.044+0000] {logging_mixin.py:190} INFO - [2026-07-01T09:44:54.043+0000] {dag.py:3211} INFO - Sync 1 DAGs
[2026-07-01T09:44:54.053+0000] {logging_mixin.py:190} INFO - [2026-07-01T09:44:54.053+0000] {dag.py:4138} INFO - Setting next_dagrun for tutorial_dag to None, run_after=None
[2026-07-01T09:44:54.066+0000] {processor.py:208} INFO - Processing /home/airflow/.local/lib/python3.12/site-packages/airflow/example_dags/tutorial_dag.py took 0.050 seconds
[2026-07-01T09:45:24.505+0000] {processor.py:186} INFO - Started process (PID=3909) to work on /home/airflow/.local/lib/python3.12/site-packages/airflow/example_dags/tutorial_dag.py
[2026-07-01T09:45:24.507+0000] {processor.py:914} INFO - Processing file /home/airflow/.local/lib/python3.12/site-packages/airflow/example_dags/tutorial_dag.py for tasks to queue
[2026-07-01T09:45:24.509+0000] {logging_mixin.py:190} INFO - [2026-07-01T09:45:24.509+0000] {dagbag.py:587} INFO - Filling up the DagBag from /home/airflow/.local/lib/python3.12/site-packages/airflow/example_dags/tutorial_dag.py
[2026-07-01T09:45:24.516+0000] {processor.py:925} INFO - DAG(s) 'tutorial_dag' retrieved from /home/airflow/.local/lib/python3.12/site-packages/airflow/example_dags/tutorial_dag.py
[2026-07-01T09:45:24.530+0000] {logging_mixin.py:190} INFO - [2026-07-01T09:45:24.530+0000] {dag.py:3211} INFO - Sync 1 DAGs
[2026-07-01T09:45:24.540+0000] {logging_mixin.py:190} INFO - [2026-07-01T09:45:24.540+0000] {dag.py:4138} INFO - Setting next_dagrun for tutorial_dag to None, run_after=None
[2026-07-01T09:45:24.553+0000] {processor.py:208} INFO - Processing /home/airflow/.local/lib/python3.12/site-packages/airflow/example_dags/tutorial_dag.py took 0.053 seconds
